shadows: baked shadows main: 3 draw(s), 3 page(s), 1631 tris
shadows: baked shadows dense: 0 draw(s), 0 page(s), 0 tris
shadows: baked shadows procedural: 0 draw(s), 0 page(s), 0 tris
pre-lit: summary   0 baked, 0 already fresh, 0 failed (0 object(s) marked)
09:36:42 [editor] === Build started: vehicle-playground ===
09:36:42 [vehicle] Ravager: 256x256 quantized to 8bit (43060 -> 24959 bytes)
09:36:42 [vehicle] Ravager: far model ravager-far.glb 708 tris (wheels in), 2 submit(s) past 48 units (12 for cars nobody drives)
09:36:42 [vehicle] Ravager: part 0 lamps 120 list verts (no strip)
09:36:42 [vehicle] Ravager: part 1 glass 204 list verts (no strip); hidden far
09:36:42 [vehicle] Ravager: part 2 body paint 5892 list verts -> 3390 strip (0.575x); tier 2124 list -> 1632 strip (0.768x)
09:36:42 [vehicle] Ravager: lamp materials -> emissive part 0 (24 rear corners, 96 front)
09:36:42 [vehicle] Ravager: body 2072 tris / 3 part(s), wheel 160 tris, 4 submit(s) per vehicle
09:36:42 [vehicle] Ravager: measured wheelBase 2.732 track 1.435 radius 0.316 rideHeight 0.316 - the definition's Driving tab should match
09:36:42 [vehicle] Pica Turbo: 256x256 quantized to 8bit (36400 -> 23799 bytes)
09:36:42 [vehicle] Pica Turbo: far model pica-far.glb 652 tris (wheels in), 2 submit(s) past 48 units (12 for cars nobody drives)
09:36:42 [vehicle] Pica Turbo: part 0 lamps 36 list verts (no strip)
09:36:42 [vehicle] Pica Turbo: part 1 glass 228 list verts (no strip); hidden far
09:36:42 [vehicle] Pica Turbo: part 2 body paint 5412 list verts -> 3204 strip (0.592x); tier 1956 list -> 1476 strip (0.755x)
09:36:42 [vehicle] Pica Turbo: lamp materials -> emissive part 0 (12 rear corners, 24 front)
09:36:42 [vehicle] Pica Turbo: body 1892 tris / 3 part(s), wheel 150 tris, 4 submit(s) per vehicle
09:36:42 [vehicle] Pica Turbo: measured wheelBase 2.245 track 1.306 radius 0.262 rideHeight 0.262 - the definition's Driving tab should match
09:36:42 [vehicle] Strix V12: 256x256 quantized to 8bit (37869 -> 22199 bytes)
09:36:42 [vehicle] Strix V12: far model strix-far.glb 668 tris (wheels in), 2 submit(s) past 48 units (12 for cars nobody drives)
09:36:42 [vehicle] Strix V12: part 0 lamps 120 list verts (no strip)
09:36:42 [vehicle] Strix V12: part 1 glass 168 list verts (no strip); hidden far
09:36:42 [vehicle] Strix V12: part 2 body paint 6114 list verts -> 3636 strip (0.595x); tier 2004 list -> 1521 strip (0.759x)
09:36:42 [vehicle] Strix V12: lamp materials -> emissive part 0 (96 rear corners, 24 front)
09:36:42 [vehicle] Strix V12: body 2134 tris / 3 part(s), wheel 160 tris, 4 submit(s) per vehicle
09:36:42 [vehicle] Strix V12: measured wheelBase 2.447 track 1.490 radius 0.302 rideHeight 0.302 - the definition's Driving tab should match
09:36:42 [vehicle] tyre marks: 32x64 quantized to 4bit (6538 -> 1155 bytes)
09:36:42 [vehicle] tyre smoke: 64x64 quantized to 8bit (5892 -> 3816 bytes)
09:36:51 [editor] model AO: res/models/urban/Textures/metal.png skipped (shared texture)
09:36:51 [editor] model AO: res/models/urban/Textures/metal.png skipped (shared texture)
09:36:51 [editor] model AO: res/models/urban/Textures/planks.png skipped (shared texture)
09:36:51 [editor] model AO: res/models/urban/Textures/wall.png skipped (shared texture)
09:36:51 [editor] model AO: res/models/urban/Textures/roof.png skipped (shared texture)
09:36:51 [editor] model AO: res/models/urban/Textures/metal.png skipped (shared texture)
09:36:51 [editor] model AO: res/models/urban/Textures/metal.png skipped (shared texture)
09:36:51 [editor] model AO: res/models/urban/Textures/roof.png skipped (shared texture)
09:36:51 [editor] model AO: res/models/urban/Textures/district-facades.png skipped (shared texture)
09:36:51 [editor] model AO: res/models/urban/Textures/district-facades.png skipped (shared texture)
09:36:51 [editor] model AO: res/models/urban/Textures/district-facades.png skipped (shared texture)
09:36:51 [editor] model AO: res/models/urban/Textures/planks.png skipped (shared texture)
09:36:51 [editor] model AO: res/models/urban/Textures/district-facades.png skipped (shared texture)
09:36:51 [editor] model AO: res/models/urban/Textures/district-facades.png skipped (shared texture)
09:36:51 [editor] model AO: res/models/urban/Textures/district-facades.png skipped (shared texture)
09:36:51 [editor] model AO: res/models/urban/Textures/district-facades.png skipped (shared texture)
09:36:51 [editor] model AO: res/models/urban/Textures/district-facades.png skipped (shared texture)
09:36:51 [editor] model AO: res/models/urban/Textures/district-facades.png skipped (shared texture)
09:36:51 [editor] model AO: res/models/urban/Textures/district-facades.png skipped (shared texture)
09:36:51 [editor] model AO: res/models/urban/Textures/district-facades.png skipped (shared texture)
09:36:51 [editor] model AO: res/models/urban/Textures/district-facades.png skipped (shared texture)
09:36:51 [editor] model AO: res/models/urban/Textures/district-facades.png skipped (shared texture)
09:36:51 [editor] model AO: res/models/urban/Textures/district-facades.png skipped (shared texture)
09:36:51 [editor] model AO: res/models/urban/Textures/district-facades.png skipped (shared texture)
09:36:51 [editor] model AO: res/models/urban/Textures/district-facades.png skipped (shared texture)
09:36:51 [editor] model AO: res/models/urban/Textures/district-facades.png skipped (shared texture)
09:36:51 [editor] model AO: res/models/urban/Textures/district-facades.png skipped (shared texture)
09:36:51 [editor] model AO: res/models/urban/Textures/district-facades.png skipped (shared texture)
09:36:51 [editor] model AO: res/models/urban/Textures/district-facades.png skipped (shared texture)
09:36:51 [editor] model AO: res/models/urban/Textures/district-facades.png skipped (shared texture)
09:36:51 [editor] model AO: res/models/urban/Textures/district-facades.png skipped (shared texture)
09:36:51 [editor] model AO: res/models/urban/Textures/district-facades.png skipped (shared texture)
09:36:51 [editor] model AO: res/models/urban/Textures/district-facades.png skipped (shared texture)
09:36:51 [editor] model AO: res/models/urban/Textures/district-facades.png skipped (shared texture)
09:36:51 [editor] model AO: res/models/urban/Textures/district-facades.png skipped (shared texture)
09:36:51 [editor] model AO: res/models/urban/Textures/district-facades.png skipped (shared texture)
09:36:51 [editor] model AO: res/models/urban/Textures/district-facades.png skipped (shared texture)
09:36:51 [editor] model AO: res/models/urban/Textures/district-facades.png skipped (shared texture)
09:36:51 [editor] model AO: res/models/urban/Textures/district-facades.png skipped (shared texture)
09:36:51 [editor] model AO: res/models/urban/Textures/district-facades.png skipped (shared texture)
09:36:51 [editor] model AO: res/models/urban/Textures/district-facades.png skipped (shared texture)
09:36:51 [editor] model AO: res/models/urban/Textures/district-facades.png skipped (shared texture)
09:36:51 [editor] model AO: res/models/urban/Textures/district-facades.png skipped (shared texture)
09:36:51 [editor] model AO: res/models/urban/Textures/district-facades.png skipped (shared texture)
09:36:51 [editor] model AO: res/models/urban/Textures/district-facades.png skipped (shared texture)
09:36:51 [editor] model AO: res/models/urban/Textures/district-facades.png skipped (shared texture)
09:36:51 [editor] model AO: res/models/urban/Textures/district-facades.png skipped (shared texture)
09:36:51 [editor] model AO: res/models/urban/Textures/district-facades.png skipped (shared texture)
09:36:51 [editor] model AO: res/models/urban/Textures/district-facades.png skipped (shared texture)
09:36:51 [editor] model AO: res/models/urban/Textures/district-facades.png skipped (shared texture)
09:36:51 [editor] model AO: res/models/urban/Textures/district-facades.png skipped (shared texture)
09:36:51 [editor] model AO: res/models/urban/Textures/district-facades.png skipped (shared texture)
09:36:51 [editor] model AO: res/models/urban/Textures/district-facades.png skipped (shared texture)
09:36:51 [editor] model AO: res/models/urban/Textures/treeA.png skipped (shared texture)
09:36:51 [editor] model AO: res/models/urban/Textures/tiles.png skipped (shared texture)
09:36:51 [editor] model AO: res/models/urban/Textures/dirt.png skipped (shared texture)
09:36:51 [editor] model AO: res/models/urban/Textures/treeA.png skipped (shared texture)
09:36:51 [editor] model AO: res/models/urban/Textures/tiles.png skipped (shared texture)
09:36:51 [editor] model AO: res/models/urban/Textures/dirt.png skipped (shared texture)
09:36:51 [editor] model AO: res/models/urban/Textures/treeA.png skipped (shared texture)
09:36:51 [editor] model AO: res/models/urban/Textures/tiles.png skipped (shared texture)
09:36:51 [editor] model AO: res/models/urban/Textures/dirt.png skipped (shared texture)
09:36:51 [editor] model AO: res/models/urban/Textures/treeA.png skipped (shared texture)
09:36:51 [editor] model AO: res/models/urban/Textures/tiles.png skipped (shared texture)
09:36:51 [editor] model AO: res/models/urban/Textures/dirt.png skipped (shared texture)
09:36:51 [editor] model AO: res/models/urban/Textures/treeA.png skipped (shared texture)
09:36:51 [editor] model AO: res/models/urban/Textures/tiles.png skipped (shared texture)
09:36:51 [editor] model AO: res/models/urban/Textures/dirt.png skipped (shared texture)
09:36:51 [editor] model AO: res/models/urban/Textures/treeA.png skipped (shared texture)
09:36:51 [editor] model AO: res/models/urban/Textures/tiles.png skipped (shared texture)
09:36:51 [editor] model AO: res/models/urban/Textures/dirt.png skipped (shared texture)
09:36:51 [editor] model AO: res/models/urban/Textures/treeA.png skipped (shared texture)
09:36:51 [editor] model AO: res/models/urban/Textures/tiles.png skipped (shared texture)
09:36:51 [editor] model AO: res/models/urban/Textures/dirt.png skipped (shared texture)
09:36:51 [editor] model AO: res/models/urban/Textures/treeA.png skipped (shared texture)
09:36:51 [editor] model AO: res/models/urban/Textures/tiles.png skipped (shared texture)
09:36:51 [editor] model AO: res/models/urban/Textures/dirt.png skipped (shared texture)
09:36:51 [editor] model AO: res/models/urban/Textures/treeA.png skipped (shared texture)
09:36:51 [editor] model AO: res/models/urban/Textures/tiles.png skipped (shared texture)
09:36:51 [editor] model AO: res/models/urban/Textures/dirt.png skipped (shared texture)
09:36:51 [editor] model AO: res/models/urban/Textures/treeA.png skipped (shared texture)
09:36:51 [editor] model AO: res/models/urban/Textures/tiles.png skipped (shared texture)
09:36:51 [editor] model AO: res/models/urban/Textures/dirt.png skipped (shared texture)
09:36:51 [editor] model AO: res/models/urban/Textures/treeA.png skipped (shared texture)
09:36:51 [editor] model AO: res/models/urban/Textures/tiles.png skipped (shared texture)
09:36:51 [editor] model AO: res/models/urban/Textures/dirt.png skipped (shared texture)
09:36:51 [editor] model AO: res/models/urban/Textures/treeA.png skipped (shared texture)
09:36:51 [editor] model AO: res/models/urban/Textures/tiles.png skipped (shared texture)
09:36:51 [editor] model AO: res/models/urban/Textures/dirt.png skipped (shared texture)
09:36:51 [editor] model AO: res/models/urban/Textures/treeA.png skipped (shared texture)
09:36:51 [editor] model AO: res/models/urban/Textures/tiles.png skipped (shared texture)
09:36:51 [editor] model AO: res/models/urban/Textures/dirt.png skipped (shared texture)
09:36:51 [editor] model AO: res/models/urban/Textures/treeA.png skipped (shared texture)
09:36:51 [editor] model AO: res/models/urban/Textures/tiles.png skipped (shared texture)
09:36:51 [editor] model AO: res/models/urban/Textures/dirt.png skipped (shared texture)
09:36:51 [editor] model AO: res/models/urban/Textures/treeA.png skipped (shared texture)
09:36:51 [editor] model AO: res/models/urban/Textures/tiles.png skipped (shared texture)
09:36:51 [editor] model AO: res/models/urban/Textures/dirt.png skipped (shared texture)
09:36:51 [editor] model AO: res/models/urban/Textures/treeA.png skipped (shared texture)
09:36:51 [editor] model AO: res/models/urban/Textures/tiles.png skipped (shared texture)
09:36:51 [editor] model AO: res/models/urban/Textures/dirt.png skipped (shared texture)
09:36:51 [editor] model AO: res/models/urban/Textures/treeA.png skipped (shared texture)
09:36:51 [editor] model AO: res/models/urban/Textures/tiles.png skipped (shared texture)
09:36:51 [editor] model AO: res/models/urban/Textures/dirt.png skipped (shared texture)
09:36:51 [editor] model AO: res/models/urban/Textures/treeA.png skipped (shared texture)
09:36:51 [editor] model AO: res/models/urban/Textures/tiles.png skipped (shared texture)
09:36:51 [editor] model AO: res/models/urban/Textures/dirt.png skipped (shared texture)
09:36:51 [editor] model AO: res/models/urban/Textures/treeA.png skipped (shared texture)
09:36:51 [editor] model AO: res/models/urban/Textures/tiles.png skipped (shared texture)
09:36:51 [editor] model AO: res/models/urban/Textures/dirt.png skipped (shared texture)
09:36:51 [editor] model AO: res/models/urban/Textures/treeA.png skipped (shared texture)
09:36:51 [editor] model AO: res/models/urban/Textures/tiles.png skipped (shared texture)
09:36:51 [editor] model AO: res/models/urban/Textures/dirt.png skipped (shared texture)
09:36:51 [editor] model AO: res/models/urban/Textures/treeA.png skipped (shared texture)
09:36:51 [editor] model AO: res/models/urban/Textures/tiles.png skipped (shared texture)
09:36:51 [editor] model AO: res/models/urban/Textures/dirt.png skipped (shared texture)
09:36:51 [editor] model AO: res/models/urban/Textures/treeA.png skipped (shared texture)
09:36:51 [editor] model AO: res/models/urban/Textures/tiles.png skipped (shared texture)
09:36:51 [editor] model AO: res/models/urban/Textures/dirt.png skipped (shared texture)
09:36:51 [editor] model AO: res/models/urban/Textures/treeA.png skipped (shared texture)
09:36:51 [editor] model AO: res/models/urban/Textures/tiles.png skipped (shared texture)
09:36:51 [editor] model AO: res/models/urban/Textures/dirt.png skipped (shared texture)
09:36:51 [editor] model AO: res/models/urban/Textures/treeA.png skipped (shared texture)
09:36:51 [editor] model AO: res/models/urban/Textures/tiles.png skipped (shared texture)
09:36:51 [editor] model AO: res/models/urban/Textures/dirt.png skipped (shared texture)
09:36:51 [editor] model AO: res/models/urban/Textures/treeA.png skipped (shared texture)
09:36:51 [editor] model AO: res/models/urban/Textures/tiles.png skipped (shared texture)
09:36:51 [editor] model AO: res/models/urban/Textures/dirt.png skipped (shared texture)
09:36:51 [editor] model AO: res/models/urban/Textures/treeA.png skipped (shared texture)
09:36:51 [editor] model AO: res/models/urban/Textures/tiles.png skipped (shared texture)
09:36:51 [editor] model AO: res/models/urban/Textures/dirt.png skipped (shared texture)
09:36:51 [editor] model AO: res/models/urban/Textures/treeA.png skipped (shared texture)
09:36:51 [editor] model AO: res/models/urban/Textures/tiles.png skipped (shared texture)
09:36:51 [editor] model AO: res/models/urban/Textures/dirt.png skipped (shared texture)
09:36:51 [editor] model AO: res/models/urban/Textures/treeA.png skipped (shared texture)
09:36:51 [editor] model AO: res/models/urban/Textures/tiles.png skipped (shared texture)
09:36:51 [editor] model AO: res/models/urban/Textures/dirt.png skipped (shared texture)
09:36:51 [editor] model AO: res/models/urban/Textures/treeA.png skipped (shared texture)
09:36:51 [editor] model AO: res/models/urban/Textures/tiles.png skipped (shared texture)
09:36:51 [editor] model AO: res/models/urban/Textures/dirt.png skipped (shared texture)
09:36:51 [editor] model AO: res/models/urban/Textures/treeA.png skipped (shared texture)
09:36:51 [editor] model AO: res/models/urban/Textures/tiles.png skipped (shared texture)
09:36:51 [editor] model AO: res/models/urban/Textures/dirt.png skipped (shared texture)
09:36:51 [editor] model AO: res/models/urban/Textures/treeB.png skipped (shared texture)
09:36:51 [editor] model AO: res/models/urban/Textures/tiles.png skipped (shared texture)
09:36:51 [editor] model AO: res/models/urban/Textures/dirt.png skipped (shared texture)
09:36:51 [editor] model AO: res/models/urban/Textures/treeB.png skipped (shared texture)
09:36:51 [editor] model AO: res/models/urban/Textures/tiles.png skipped (shared texture)
09:36:51 [editor] model AO: res/models/urban/Textures/dirt.png skipped (shared texture)
09:36:51 [editor] model AO: res/models/urban/Textures/treeB.png skipped (shared texture)
09:36:51 [editor] model AO: res/models/urban/Textures/tiles.png skipped (shared texture)
09:36:51 [editor] model AO: res/models/urban/Textures/dirt.png skipped (shared texture)
09:36:51 [editor] model AO: res/models/urban/Textures/treeB.png skipped (shared texture)
09:36:51 [editor] model AO: res/models/urban/Textures/tiles.png skipped (shared texture)
09:36:51 [editor] model AO: res/models/urban/Textures/dirt.png skipped (shared texture)
09:36:51 [editor] model AO: res/models/urban/Textures/treeB.png skipped (shared texture)
09:36:51 [editor] model AO: res/models/urban/Textures/tiles.png skipped (shared texture)
09:36:51 [editor] model AO: res/models/urban/Textures/dirt.png skipped (shared texture)
09:36:51 [editor] model AO: res/models/urban/Textures/treeB.png skipped (shared texture)
09:36:51 [editor] model AO: res/models/urban/Textures/tiles.png skipped (shared texture)
09:36:51 [editor] model AO: res/models/urban/Textures/dirt.png skipped (shared texture)
09:36:51 [editor] model AO: res/models/urban/Textures/treeB.png skipped (shared texture)
09:36:51 [editor] model AO: res/models/urban/Textures/tiles.png skipped (shared texture)
09:36:51 [editor] model AO: res/models/urban/Textures/dirt.png skipped (shared texture)
09:36:51 [editor] model AO: res/models/urban/Textures/treeB.png skipped (shared texture)
09:36:51 [editor] model AO: res/models/urban/Textures/tiles.png skipped (shared texture)
09:36:51 [editor] model AO: res/models/urban/Textures/dirt.png skipped (shared texture)
09:36:51 [editor] model AO: res/models/urban/Textures/treeB.png skipped (shared texture)
09:36:51 [editor] model AO: res/models/urban/Textures/tiles.png skipped (shared texture)
09:36:51 [editor] model AO: res/models/urban/Textures/dirt.png skipped (shared texture)
09:36:51 [editor] model AO: res/models/urban/Textures/treeB.png skipped (shared texture)
09:36:51 [editor] model AO: res/models/urban/Textures/tiles.png skipped (shared texture)
09:36:51 [editor] model AO: res/models/urban/Textures/dirt.png skipped (shared texture)
09:36:51 [editor] model AO: res/models/urban/Textures/treeB.png skipped (shared texture)
09:36:51 [editor] model AO: res/models/urban/Textures/tiles.png skipped (shared texture)
09:36:51 [editor] model AO: res/models/urban/Textures/dirt.png skipped (shared texture)
09:36:51 [editor] model AO: res/models/urban/Textures/treeB.png skipped (shared texture)
09:36:51 [editor] model AO: res/models/urban/Textures/tiles.png skipped (shared texture)
09:36:51 [editor] model AO: res/models/urban/Textures/dirt.png skipped (shared texture)
09:36:51 [editor] model AO: res/models/urban/Textures/treeB.png skipped (shared texture)
09:36:51 [editor] model AO: res/models/urban/Textures/tiles.png skipped (shared texture)
09:36:51 [editor] model AO: res/models/urban/Textures/dirt.png skipped (shared texture)
09:36:51 [editor] model AO: res/models/urban/Textures/treeB.png skipped (shared texture)
09:36:51 [editor] model AO: res/models/urban/Textures/tiles.png skipped (shared texture)
09:36:51 [editor] model AO: res/models/urban/Textures/dirt.png skipped (shared texture)
09:36:51 [editor] model AO: res/models/urban/Textures/treeB.png skipped (shared texture)
09:36:51 [editor] model AO: res/models/urban/Textures/tiles.png skipped (shared texture)
09:36:51 [editor] model AO: res/models/urban/Textures/dirt.png skipped (shared texture)
09:36:51 [editor] model AO: res/models/urban/Textures/treeB.png skipped (shared texture)
09:36:51 [editor] model AO: res/models/urban/Textures/tiles.png skipped (shared texture)
09:36:51 [editor] model AO: res/models/urban/Textures/dirt.png skipped (shared texture)
09:36:51 [editor] model AO: res/models/urban/Textures/treeB.png skipped (shared texture)
09:36:51 [editor] model AO: res/models/urban/Textures/tiles.png skipped (shared texture)
09:36:51 [editor] model AO: res/models/urban/Textures/dirt.png skipped (shared texture)
09:36:51 [editor] model AO: res/models/urban/Textures/treeB.png skipped (shared texture)
09:36:51 [editor] model AO: res/models/urban/Textures/tiles.png skipped (shared texture)
09:36:51 [editor] model AO: res/models/urban/Textures/dirt.png skipped (shared texture)
09:36:51 [editor] model AO: res/models/urban/Textures/treeB.png skipped (shared texture)
09:36:51 [editor] model AO: res/models/urban/Textures/tiles.png skipped (shared texture)
09:36:51 [editor] model AO: res/models/urban/Textures/dirt.png skipped (shared texture)
09:36:51 [editor] model AO: res/models/urban/Textures/treeB.png skipped (shared texture)
09:36:51 [editor] model AO: res/models/urban/Textures/tiles.png skipped (shared texture)
09:36:51 [editor] model AO: res/models/urban/Textures/dirt.png skipped (shared texture)
09:36:51 [editor] model AO: res/models/urban/Textures/treeB.png skipped (shared texture)
09:36:51 [editor] model AO: res/models/urban/Textures/tiles.png skipped (shared texture)
09:36:51 [editor] model AO: res/models/urban/Textures/dirt.png skipped (shared texture)
09:36:51 [editor] model AO: res/models/urban/Textures/treeB.png skipped (shared texture)
09:36:51 [editor] model AO: res/models/urban/Textures/tiles.png skipped (shared texture)
09:36:51 [editor] model AO: res/models/urban/Textures/dirt.png skipped (shared texture)
09:36:51 [editor] model AO: res/models/urban/Textures/treeB.png skipped (shared texture)
09:36:51 [editor] model AO: res/models/urban/Textures/tiles.png skipped (shared texture)
09:36:51 [editor] model AO: res/models/urban/Textures/dirt.png skipped (shared texture)
09:36:51 [editor] model AO: res/models/urban/Textures/treeB.png skipped (shared texture)
09:36:51 [editor] model AO: res/models/urban/Textures/tiles.png skipped (shared texture)
09:36:51 [editor] model AO: res/models/urban/Textures/dirt.png skipped (shared texture)
09:36:51 [editor] model AO: res/models/urban/Textures/treeB.png skipped (shared texture)
09:36:51 [editor] model AO: res/models/urban/Textures/tiles.png skipped (shared texture)
09:36:51 [editor] model AO: res/models/urban/Textures/dirt.png skipped (shared texture)
09:36:51 [editor] model AO: res/models/urban/Textures/treeB.png skipped (shared texture)
09:36:51 [editor] model AO: res/models/urban/Textures/tiles.png skipped (shared texture)
09:36:51 [editor] model AO: res/models/urban/Textures/dirt.png skipped (shared texture)
09:36:51 [editor] model AO: res/models/urban/Textures/treeB.png skipped (shared texture)
09:36:51 [editor] model AO: res/models/urban/Textures/tiles.png skipped (shared texture)
09:36:51 [editor] model AO: res/models/urban/Textures/dirt.png skipped (shared texture)
09:36:51 [editor] model AO: res/models/urban/Textures/treeB.png skipped (shared texture)
09:36:51 [editor] model AO: res/models/urban/Textures/tiles.png skipped (shared texture)
09:36:51 [editor] model AO: res/models/urban/Textures/dirt.png skipped (shared texture)
09:36:51 [editor] model AO: res/models/urban/Textures/treeB.png skipped (shared texture)
09:36:51 [editor] model AO: res/models/urban/Textures/tiles.png skipped (shared texture)
09:36:51 [editor] model AO: res/models/urban/Textures/dirt.png skipped (shared texture)
09:36:51 [editor] model AO: res/models/urban/Textures/treeB.png skipped (shared texture)
09:36:51 [editor] model AO: res/models/urban/Textures/tiles.png skipped (shared texture)
09:36:51 [editor] model AO: res/models/urban/Textures/dirt.png skipped (shared texture)
09:36:51 [editor] model AO: res/models/urban/Textures/treeB.png skipped (shared texture)
09:36:51 [editor] model AO: res/models/urban/Textures/tiles.png skipped (shared texture)
09:36:51 [editor] model AO: res/models/urban/Textures/dirt.png skipped (shared texture)
09:36:51 [editor] model AO: res/models/urban/Textures/treeA.png skipped (shared texture)
09:36:51 [editor] model AO: res/models/urban/Textures/tiles.png skipped (shared texture)
09:36:51 [editor] model AO: res/models/urban/Textures/dirt.png skipped (shared texture)
09:36:51 [editor] model AO: res/models/urban/Textures/treeB.png skipped (shared texture)
09:36:51 [editor] model AO: res/models/urban/Textures/tiles.png skipped (shared texture)
09:36:51 [editor] model AO: res/models/urban/Textures/dirt.png skipped (shared texture)
09:36:51 [editor] model AO: res/models/urban/Textures/concrete.png skipped (shared texture)
09:36:51 [editor] model AO: res/models/urban/Textures/wall.png skipped (shared texture)
09:36:51 [editor] model AO: res/models/urban/Textures/concrete.png skipped (shared texture)
09:36:51 [editor] model AO: res/models/urban/Textures/roof.png skipped (shared texture)
09:36:51 [editor] model AO: res/models/urban/Textures/wall_lines.png skipped (shared texture)
09:36:51 [editor] model AO: res/models/urban/Textures/concrete.png skipped (shared texture)
09:36:51 [editor] model AO: res/models/urban/Textures/wall_lines.png skipped (shared texture)
09:36:51 [editor] model AO: res/models/urban/Textures/metal.png skipped (shared texture)
09:36:54 [editor] model AO: multiplied into res/models/urban/Textures/metal_wall.png
09:36:54 [editor] model AO: multiplied into res/models/urban/Textures/signs.png
09:36:54 [editor] model AO: multiplied into res/models/urban/Textures/wall_garage.png
09:36:54 [editor] model AO: multiplied into res/models/urban/Textures/windows.png
09:36:55 [editor] Baked shadows: 3 atlas page(s)
09:36:55 [editor] Ground shadows: 18 chunk map(s)
09:36:55 [editor] Texture bake: 26 quantized, 206 copied, 0 stale removed (res -> .res-baked)
09:36:56 > powershell.exe -NoProfile -ExecutionPolicy Bypass -File "F:\Projects\tyra-editor\tools\toolchain/native-build.ps1" -Project "F:\Projects\tyrax2-lab-20261001\player-light-public-runtime-v1\fixtures\vehicle-all" -Engine "F:\Projects\tyra-editor\vendor\tyra" -Cache "C:\Users\pawel\AppData\Local\tyra-editor\native-build\tyra-engine-5de0959b" -Toolchain "C:\Users\pawel\AppData\Local\tyra-editor\toolchain\ps2dev"
09:36:57 [toolchain] Linux host prerequisites are ready.
09:36:58 [toolchain] ready: /mnt/c/Users/pawel/AppData/Local/tyra-editor/toolchain/ps2dev
09:36:58 [editor] Using WSL filesystem build cache...
09:37:04 [editor] Game toolchain changed - rebuilding game objects...
09:37:06 make: Entering directory '/home/spider/.cache/tyrax/native/engines/402d636fe32cfedbc6d29f7f/tyra/engine'
09:37:07 make: Leaving directory '/home/spider/.cache/tyrax/native/engines/402d636fe32cfedbc6d29f7f/tyra/engine'
09:37:07 [editor] Compiling natively (PS2DEV + OpenVCL)...
09:37:07 make: Entering directory '/home/spider/.cache/tyrax/native/projects/fe7e9c52ba5f9b14f35a85cb'
09:37:07 mips64r5900el-ps2-elf-g++ -g -D_EE -G0 -Wall -O3 -fdebug-prefix-map=/home/spider/.cache/tyrax/native/projects/fe7e9c52ba5f9b14f35a85cb=/mnt/f/Projects/tyrax2-lab-20261001/player-light-public-runtime-v1/fixtures/vehicle-all -fdebug-prefix-map=/home/spider/.cache/tyrax/native/engines/402d636fe32cfedbc6d29f7f/tyra/engine=/mnt/f/Projects/tyra-editor/vendor/tyra/engine -fdebug-prefix-map=/home/spider/.cache/tyrax/native/toolchains/eff2c8918589264d49aa9a0f=/mnt/c/Users/pawel/AppData/Local/tyra-editor/toolchain/ps2dev  -Iinc -I/home/spider/.cache/tyrax/native/engines/402d636fe32cfedbc6d29f7f/tyra/engine/inc -I/home/spider/.cache/tyrax/native/toolchains/eff2c8918589264d49aa9a0f/ps2sdk/ee/include -I/home/spider/.cache/tyrax/native/toolchains/eff2c8918589264d49aa9a0f/ps2sdk/common/include -I/home/spider/.cache/tyrax/native/toolchains/eff2c8918589264d49aa9a0f/ps2sdk/ports/include -MMD -MP -MF obj/gen/credits.gen.d -c -o obj/gen/credits.gen.o src/gen/credits.gen.cpp
09:37:07 mips64r5900el-ps2-elf-g++ -g -D_EE -G0 -Wall -O3 -fdebug-prefix-map=/home/spider/.cache/tyrax/native/projects/fe7e9c52ba5f9b14f35a85cb=/mnt/f/Projects/tyrax2-lab-20261001/player-light-public-runtime-v1/fixtures/vehicle-all -fdebug-prefix-map=/home/spider/.cache/tyrax/native/engines/402d636fe32cfedbc6d29f7f/tyra/engine=/mnt/f/Projects/tyra-editor/vendor/tyra/engine -fdebug-prefix-map=/home/spider/.cache/tyrax/native/toolchains/eff2c8918589264d49aa9a0f=/mnt/c/Users/pawel/AppData/Local/tyra-editor/toolchain/ps2dev  -Iinc -I/home/spider/.cache/tyrax/native/engines/402d636fe32cfedbc6d29f7f/tyra/engine/inc -I/home/spider/.cache/tyrax/native/toolchains/eff2c8918589264d49aa9a0f/ps2sdk/ee/include -I/home/spider/.cache/tyrax/native/toolchains/eff2c8918589264d49aa9a0f/ps2sdk/common/include -I/home/spider/.cache/tyrax/native/toolchains/eff2c8918589264d49aa9a0f/ps2sdk/ports/include -MMD -MP -MF obj/gen/flow_graph.gen.d -c -o obj/gen/flow_graph.gen.o src/gen/flow_graph.gen.cpp
09:37:07 mips64r5900el-ps2-elf-g++ -g -D_EE -G0 -Wall -O3 -fdebug-prefix-map=/home/spider/.cache/tyrax/native/projects/fe7e9c52ba5f9b14f35a85cb=/mnt/f/Projects/tyrax2-lab-20261001/player-light-public-runtime-v1/fixtures/vehicle-all -fdebug-prefix-map=/home/spider/.cache/tyrax/native/engines/402d636fe32cfedbc6d29f7f/tyra/engine=/mnt/f/Projects/tyra-editor/vendor/tyra/engine -fdebug-prefix-map=/home/spider/.cache/tyrax/native/toolchains/eff2c8918589264d49aa9a0f=/mnt/c/Users/pawel/AppData/Local/tyra-editor/toolchain/ps2dev  -Iinc -I/home/spider/.cache/tyrax/native/engines/402d636fe32cfedbc6d29f7f/tyra/engine/inc -I/home/spider/.cache/tyrax/native/toolchains/eff2c8918589264d49aa9a0f/ps2sdk/ee/include -I/home/spider/.cache/tyrax/native/toolchains/eff2c8918589264d49aa9a0f/ps2sdk/common/include -I/home/spider/.cache/tyrax/native/toolchains/eff2c8918589264d49aa9a0f/ps2sdk/ports/include -MMD -MP -MF obj/gen/game_collision.gen.d -c -o obj/gen/game_collision.gen.o src/gen/game_collision.gen.cpp
09:37:07 mips64r5900el-ps2-elf-g++ -g -D_EE -G0 -Wall -O3 -fdebug-prefix-map=/home/spider/.cache/tyrax/native/projects/fe7e9c52ba5f9b14f35a85cb=/mnt/f/Projects/tyrax2-lab-20261001/player-light-public-runtime-v1/fixtures/vehicle-all -fdebug-prefix-map=/home/spider/.cache/tyrax/native/engines/402d636fe32cfedbc6d29f7f/tyra/engine=/mnt/f/Projects/tyra-editor/vendor/tyra/engine -fdebug-prefix-map=/home/spider/.cache/tyrax/native/toolchains/eff2c8918589264d49aa9a0f=/mnt/c/Users/pawel/AppData/Local/tyra-editor/toolchain/ps2dev  -Iinc -I/home/spider/.cache/tyrax/native/engines/402d636fe32cfedbc6d29f7f/tyra/engine/inc -I/home/spider/.cache/tyrax/native/toolchains/eff2c8918589264d49aa9a0f/ps2sdk/ee/include -I/home/spider/.cache/tyrax/native/toolchains/eff2c8918589264d49aa9a0f/ps2sdk/common/include -I/home/spider/.cache/tyrax/native/toolchains/eff2c8918589264d49aa9a0f/ps2sdk/ports/include -MMD -MP -MF obj/gen/game_lighting.gen.d -c -o obj/gen/game_lighting.gen.o src/gen/game_lighting.gen.cpp
09:37:07 mips64r5900el-ps2-elf-g++ -g -D_EE -G0 -Wall -O3 -fdebug-prefix-map=/home/spider/.cache/tyrax/native/projects/fe7e9c52ba5f9b14f35a85cb=/mnt/f/Projects/tyrax2-lab-20261001/player-light-public-runtime-v1/fixtures/vehicle-all -fdebug-prefix-map=/home/spider/.cache/tyrax/native/engines/402d636fe32cfedbc6d29f7f/tyra/engine=/mnt/f/Projects/tyra-editor/vendor/tyra/engine -fdebug-prefix-map=/home/spider/.cache/tyrax/native/toolchains/eff2c8918589264d49aa9a0f=/mnt/c/Users/pawel/AppData/Local/tyra-editor/toolchain/ps2dev  -Iinc -I/home/spider/.cache/tyrax/native/engines/402d636fe32cfedbc6d29f7f/tyra/engine/inc -I/home/spider/.cache/tyrax/native/toolchains/eff2c8918589264d49aa9a0f/ps2sdk/ee/include -I/home/spider/.cache/tyrax/native/toolchains/eff2c8918589264d49aa9a0f/ps2sdk/common/include -I/home/spider/.cache/tyrax/native/toolchains/eff2c8918589264d49aa9a0f/ps2sdk/ports/include -MMD -MP -MF obj/gen/game_physics.gen.d -c -o obj/gen/game_physics.gen.o src/gen/game_physics.gen.cpp
09:37:07 mips64r5900el-ps2-elf-g++ -g -D_EE -G0 -Wall -O3 -fdebug-prefix-map=/home/spider/.cache/tyrax/native/projects/fe7e9c52ba5f9b14f35a85cb=/mnt/f/Projects/tyrax2-lab-20261001/player-light-public-runtime-v1/fixtures/vehicle-all -fdebug-prefix-map=/home/spider/.cache/tyrax/native/engines/402d636fe32cfedbc6d29f7f/tyra/engine=/mnt/f/Projects/tyra-editor/vendor/tyra/engine -fdebug-prefix-map=/home/spider/.cache/tyrax/native/toolchains/eff2c8918589264d49aa9a0f=/mnt/c/Users/pawel/AppData/Local/tyra-editor/toolchain/ps2dev  -Iinc -I/home/spider/.cache/tyrax/native/engines/402d636fe32cfedbc6d29f7f/tyra/engine/inc -I/home/spider/.cache/tyrax/native/toolchains/eff2c8918589264d49aa9a0f/ps2sdk/ee/include -I/home/spider/.cache/tyrax/native/toolchains/eff2c8918589264d49aa9a0f/ps2sdk/common/include -I/home/spider/.cache/tyrax/native/toolchains/eff2c8918589264d49aa9a0f/ps2sdk/ports/include -MMD -MP -MF obj/gen/game_scene.gen.d -c -o obj/gen/game_scene.gen.o src/gen/game_scene.gen.cpp
09:37:07 mips64r5900el-ps2-elf-g++ -g -D_EE -G0 -Wall -O3 -fdebug-prefix-map=/home/spider/.cache/tyrax/native/projects/fe7e9c52ba5f9b14f35a85cb=/mnt/f/Projects/tyrax2-lab-20261001/player-light-public-runtime-v1/fixtures/vehicle-all -fdebug-prefix-map=/home/spider/.cache/tyrax/native/engines/402d636fe32cfedbc6d29f7f/tyra/engine=/mnt/f/Projects/tyra-editor/vendor/tyra/engine -fdebug-prefix-map=/home/spider/.cache/tyrax/native/toolchains/eff2c8918589264d49aa9a0f=/mnt/c/Users/pawel/AppData/Local/tyra-editor/toolchain/ps2dev  -Iinc -I/home/spider/.cache/tyrax/native/engines/402d636fe32cfedbc6d29f7f/tyra/engine/inc -I/home/spider/.cache/tyrax/native/toolchains/eff2c8918589264d49aa9a0f/ps2sdk/ee/include -I/home/spider/.cache/tyrax/native/toolchains/eff2c8918589264d49aa9a0f/ps2sdk/common/include -I/home/spider/.cache/tyrax/native/toolchains/eff2c8918589264d49aa9a0f/ps2sdk/ports/include -MMD -MP -MF obj/gen/game_vehicles.gen.d -c -o obj/gen/game_vehicles.gen.o src/gen/game_vehicles.gen.cpp
09:37:07 mips64r5900el-ps2-elf-g++ -g -D_EE -G0 -Wall -O3 -fdebug-prefix-map=/home/spider/.cache/tyrax/native/projects/fe7e9c52ba5f9b14f35a85cb=/mnt/f/Projects/tyrax2-lab-20261001/player-light-public-runtime-v1/fixtures/vehicle-all -fdebug-prefix-map=/home/spider/.cache/tyrax/native/engines/402d636fe32cfedbc6d29f7f/tyra/engine=/mnt/f/Projects/tyra-editor/vendor/tyra/engine -fdebug-prefix-map=/home/spider/.cache/tyrax/native/toolchains/eff2c8918589264d49aa9a0f=/mnt/c/Users/pawel/AppData/Local/tyra-editor/toolchain/ps2dev  -Iinc -I/home/spider/.cache/tyrax/native/engines/402d636fe32cfedbc6d29f7f/tyra/engine/inc -I/home/spider/.cache/tyrax/native/toolchains/eff2c8918589264d49aa9a0f/ps2sdk/ee/include -I/home/spider/.cache/tyrax/native/toolchains/eff2c8918589264d49aa9a0f/ps2sdk/common/include -I/home/spider/.cache/tyrax/native/toolchains/eff2c8918589264d49aa9a0f/ps2sdk/ports/include -MMD -MP -MF obj/gen/input_map.gen.d -c -o obj/gen/input_map.gen.o src/gen/input_map.gen.cpp
09:37:07 mips64r5900el-ps2-elf-g++ -g -D_EE -G0 -Wall -O3 -fdebug-prefix-map=/home/spider/.cache/tyrax/native/projects/fe7e9c52ba5f9b14f35a85cb=/mnt/f/Projects/tyrax2-lab-20261001/player-light-public-runtime-v1/fixtures/vehicle-all -fdebug-prefix-map=/home/spider/.cache/tyrax/native/engines/402d636fe32cfedbc6d29f7f/tyra/engine=/mnt/f/Projects/tyra-editor/vendor/tyra/engine -fdebug-prefix-map=/home/spider/.cache/tyrax/native/toolchains/eff2c8918589264d49aa9a0f=/mnt/c/Users/pawel/AppData/Local/tyra-editor/toolchain/ps2dev  -Iinc -I/home/spider/.cache/tyrax/native/engines/402d636fe32cfedbc6d29f7f/tyra/engine/inc -I/home/spider/.cache/tyrax/native/toolchains/eff2c8918589264d49aa9a0f/ps2sdk/ee/include -I/home/spider/.cache/tyrax/native/toolchains/eff2c8918589264d49aa9a0f/ps2sdk/common/include -I/home/spider/.cache/tyrax/native/toolchains/eff2c8918589264d49aa9a0f/ps2sdk/ports/include -MMD -MP -MF obj/gen/input_replay.gen.d -c -o obj/gen/input_replay.gen.o src/gen/input_replay.gen.cpp
09:37:07 mips64r5900el-ps2-elf-g++ -g -D_EE -G0 -Wall -O3 -fdebug-prefix-map=/home/spider/.cache/tyrax/native/projects/fe7e9c52ba5f9b14f35a85cb=/mnt/f/Projects/tyrax2-lab-20261001/player-light-public-runtime-v1/fixtures/vehicle-all -fdebug-prefix-map=/home/spider/.cache/tyrax/native/engines/402d636fe32cfedbc6d29f7f/tyra/engine=/mnt/f/Projects/tyra-editor/vendor/tyra/engine -fdebug-prefix-map=/home/spider/.cache/tyrax/native/toolchains/eff2c8918589264d49aa9a0f=/mnt/c/Users/pawel/AppData/Local/tyra-editor/toolchain/ps2dev  -Iinc -I/home/spider/.cache/tyrax/native/engines/402d636fe32cfedbc6d29f7f/tyra/engine/inc -I/home/spider/.cache/tyrax/native/toolchains/eff2c8918589264d49aa9a0f/ps2sdk/ee/include -I/home/spider/.cache/tyrax/native/toolchains/eff2c8918589264d49aa9a0f/ps2sdk/common/include -I/home/spider/.cache/tyrax/native/toolchains/eff2c8918589264d49aa9a0f/ps2sdk/ports/include -MMD -MP -MF obj/gen/live_debug.gen.d -c -o obj/gen/live_debug.gen.o src/gen/live_debug.gen.cpp
09:37:07 mips64r5900el-ps2-elf-g++ -g -D_EE -G0 -Wall -O3 -fdebug-prefix-map=/home/spider/.cache/tyrax/native/projects/fe7e9c52ba5f9b14f35a85cb=/mnt/f/Projects/tyrax2-lab-20261001/player-light-public-runtime-v1/fixtures/vehicle-all -fdebug-prefix-map=/home/spider/.cache/tyrax/native/engines/402d636fe32cfedbc6d29f7f/tyra/engine=/mnt/f/Projects/tyra-editor/vendor/tyra/engine -fdebug-prefix-map=/home/spider/.cache/tyrax/native/toolchains/eff2c8918589264d49aa9a0f=/mnt/c/Users/pawel/AppData/Local/tyra-editor/toolchain/ps2dev  -Iinc -I/home/spider/.cache/tyrax/native/engines/402d636fe32cfedbc6d29f7f/tyra/engine/inc -I/home/spider/.cache/tyrax/native/toolchains/eff2c8918589264d49aa9a0f/ps2sdk/ee/include -I/home/spider/.cache/tyrax/native/toolchains/eff2c8918589264d49aa9a0f/ps2sdk/common/include -I/home/spider/.cache/tyrax/native/toolchains/eff2c8918589264d49aa9a0f/ps2sdk/ports/include -MMD -MP -MF obj/gen/live_link.gen.d -c -o obj/gen/live_link.gen.o src/gen/live_link.gen.cpp
09:37:07 mips64r5900el-ps2-elf-g++ -g -D_EE -G0 -Wall -O3 -fdebug-prefix-map=/home/spider/.cache/tyrax/native/projects/fe7e9c52ba5f9b14f35a85cb=/mnt/f/Projects/tyrax2-lab-20261001/player-light-public-runtime-v1/fixtures/vehicle-all -fdebug-prefix-map=/home/spider/.cache/tyrax/native/engines/402d636fe32cfedbc6d29f7f/tyra/engine=/mnt/f/Projects/tyra-editor/vendor/tyra/engine -fdebug-prefix-map=/home/spider/.cache/tyrax/native/toolchains/eff2c8918589264d49aa9a0f=/mnt/c/Users/pawel/AppData/Local/tyra-editor/toolchain/ps2dev  -Iinc -I/home/spider/.cache/tyrax/native/engines/402d636fe32cfedbc6d29f7f/tyra/engine/inc -I/home/spider/.cache/tyrax/native/toolchains/eff2c8918589264d49aa9a0f/ps2sdk/ee/include -I/home/spider/.cache/tyrax/native/toolchains/eff2c8918589264d49aa9a0f/ps2sdk/common/include -I/home/spider/.cache/tyrax/native/toolchains/eff2c8918589264d49aa9a0f/ps2sdk/ports/include -MMD -MP -MF obj/gen/live_logic.gen.d -c -o obj/gen/live_logic.gen.o src/gen/live_logic.gen.cpp
09:37:07 mips64r5900el-ps2-elf-g++ -g -D_EE -G0 -Wall -O3 -fdebug-prefix-map=/home/spider/.cache/tyrax/native/projects/fe7e9c52ba5f9b14f35a85cb=/mnt/f/Projects/tyrax2-lab-20261001/player-light-public-runtime-v1/fixtures/vehicle-all -fdebug-prefix-map=/home/spider/.cache/tyrax/native/engines/402d636fe32cfedbc6d29f7f/tyra/engine=/mnt/f/Projects/tyra-editor/vendor/tyra/engine -fdebug-prefix-map=/home/spider/.cache/tyrax/native/toolchains/eff2c8918589264d49aa9a0f=/mnt/c/Users/pawel/AppData/Local/tyra-editor/toolchain/ps2dev  -Iinc -I/home/spider/.cache/tyrax/native/engines/402d636fe32cfedbc6d29f7f/tyra/engine/inc -I/home/spider/.cache/tyrax/native/toolchains/eff2c8918589264d49aa9a0f/ps2sdk/ee/include -I/home/spider/.cache/tyrax/native/toolchains/eff2c8918589264d49aa9a0f/ps2sdk/common/include -I/home/spider/.cache/tyrax/native/toolchains/eff2c8918589264d49aa9a0f/ps2sdk/ports/include -MMD -MP -MF obj/gen/live_pad.gen.d -c -o obj/gen/live_pad.gen.o src/gen/live_pad.gen.cpp
09:37:07 mips64r5900el-ps2-elf-g++ -g -D_EE -G0 -Wall -O3 -fdebug-prefix-map=/home/spider/.cache/tyrax/native/projects/fe7e9c52ba5f9b14f35a85cb=/mnt/f/Projects/tyrax2-lab-20261001/player-light-public-runtime-v1/fixtures/vehicle-all -fdebug-prefix-map=/home/spider/.cache/tyrax/native/engines/402d636fe32cfedbc6d29f7f/tyra/engine=/mnt/f/Projects/tyra-editor/vendor/tyra/engine -fdebug-prefix-map=/home/spider/.cache/tyrax/native/toolchains/eff2c8918589264d49aa9a0f=/mnt/c/Users/pawel/AppData/Local/tyra-editor/toolchain/ps2dev  -Iinc -I/home/spider/.cache/tyrax/native/engines/402d636fe32cfedbc6d29f7f/tyra/engine/inc -I/home/spider/.cache/tyrax/native/toolchains/eff2c8918589264d49aa9a0f/ps2sdk/ee/include -I/home/spider/.cache/tyrax/native/toolchains/eff2c8918589264d49aa9a0f/ps2sdk/common/include -I/home/spider/.cache/tyrax/native/toolchains/eff2c8918589264d49aa9a0f/ps2sdk/ports/include -MMD -MP -MF obj/gen/live_tex.gen.d -c -o obj/gen/live_tex.gen.o src/gen/live_tex.gen.cpp
09:37:07 mips64r5900el-ps2-elf-g++ -g -D_EE -G0 -Wall -O3 -fdebug-prefix-map=/home/spider/.cache/tyrax/native/projects/fe7e9c52ba5f9b14f35a85cb=/mnt/f/Projects/tyrax2-lab-20261001/player-light-public-runtime-v1/fixtures/vehicle-all -fdebug-prefix-map=/home/spider/.cache/tyrax/native/engines/402d636fe32cfedbc6d29f7f/tyra/engine=/mnt/f/Projects/tyra-editor/vendor/tyra/engine -fdebug-prefix-map=/home/spider/.cache/tyrax/native/toolchains/eff2c8918589264d49aa9a0f=/mnt/c/Users/pawel/AppData/Local/tyra-editor/toolchain/ps2dev  -Iinc -I/home/spider/.cache/tyrax/native/engines/402d636fe32cfedbc6d29f7f/tyra/engine/inc -I/home/spider/.cache/tyrax/native/toolchains/eff2c8918589264d49aa9a0f/ps2sdk/ee/include -I/home/spider/.cache/tyrax/native/toolchains/eff2c8918589264d49aa9a0f/ps2sdk/common/include -I/home/spider/.cache/tyrax/native/toolchains/eff2c8918589264d49aa9a0f/ps2sdk/ports/include -MMD -MP -MF obj/gen/live_time.gen.d -c -o obj/gen/live_time.gen.o src/gen/live_time.gen.cpp
09:37:07 mips64r5900el-ps2-elf-g++ -g -D_EE -G0 -Wall -O3 -fdebug-prefix-map=/home/spider/.cache/tyrax/native/projects/fe7e9c52ba5f9b14f35a85cb=/mnt/f/Projects/tyrax2-lab-20261001/player-light-public-runtime-v1/fixtures/vehicle-all -fdebug-prefix-map=/home/spider/.cache/tyrax/native/engines/402d636fe32cfedbc6d29f7f/tyra/engine=/mnt/f/Projects/tyra-editor/vendor/tyra/engine -fdebug-prefix-map=/home/spider/.cache/tyrax/native/toolchains/eff2c8918589264d49aa9a0f=/mnt/c/Users/pawel/AppData/Local/tyra-editor/toolchain/ps2dev  -Iinc -I/home/spider/.cache/tyrax/native/engines/402d636fe32cfedbc6d29f7f/tyra/engine/inc -I/home/spider/.cache/tyrax/native/toolchains/eff2c8918589264d49aa9a0f/ps2sdk/ee/include -I/home/spider/.cache/tyrax/native/toolchains/eff2c8918589264d49aa9a0f/ps2sdk/common/include -I/home/spider/.cache/tyrax/native/toolchains/eff2c8918589264d49aa9a0f/ps2sdk/ports/include -MMD -MP -MF obj/gen/navigation.gen.d -c -o obj/gen/navigation.gen.o src/gen/navigation.gen.cpp
09:37:07 mips64r5900el-ps2-elf-g++ -g -D_EE -G0 -Wall -O3 -fdebug-prefix-map=/home/spider/.cache/tyrax/native/projects/fe7e9c52ba5f9b14f35a85cb=/mnt/f/Projects/tyrax2-lab-20261001/player-light-public-runtime-v1/fixtures/vehicle-all -fdebug-prefix-map=/home/spider/.cache/tyrax/native/engines/402d636fe32cfedbc6d29f7f/tyra/engine=/mnt/f/Projects/tyra-editor/vendor/tyra/engine -fdebug-prefix-map=/home/spider/.cache/tyrax/native/toolchains/eff2c8918589264d49aa9a0f=/mnt/c/Users/pawel/AppData/Local/tyra-editor/toolchain/ps2dev  -Iinc -I/home/spider/.cache/tyrax/native/engines/402d636fe32cfedbc6d29f7f/tyra/engine/inc -I/home/spider/.cache/tyrax/native/toolchains/eff2c8918589264d49aa9a0f/ps2sdk/ee/include -I/home/spider/.cache/tyrax/native/toolchains/eff2c8918589264d49aa9a0f/ps2sdk/common/include -I/home/spider/.cache/tyrax/native/toolchains/eff2c8918589264d49aa9a0f/ps2sdk/ports/include -MMD -MP -MF obj/gen/object_scripts.gen.d -c -o obj/gen/object_scripts.gen.o src/gen/object_scripts.gen.cpp
09:37:07 mips64r5900el-ps2-elf-g++ -g -D_EE -G0 -Wall -O3 -fdebug-prefix-map=/home/spider/.cache/tyrax/native/projects/fe7e9c52ba5f9b14f35a85cb=/mnt/f/Projects/tyrax2-lab-20261001/player-light-public-runtime-v1/fixtures/vehicle-all -fdebug-prefix-map=/home/spider/.cache/tyrax/native/engines/402d636fe32cfedbc6d29f7f/tyra/engine=/mnt/f/Projects/tyra-editor/vendor/tyra/engine -fdebug-prefix-map=/home/spider/.cache/tyrax/native/toolchains/eff2c8918589264d49aa9a0f=/mnt/c/Users/pawel/AppData/Local/tyra-editor/toolchain/ps2dev  -Iinc -I/home/spider/.cache/tyrax/native/engines/402d636fe32cfedbc6d29f7f/tyra/engine/inc -I/home/spider/.cache/tyrax/native/toolchains/eff2c8918589264d49aa9a0f/ps2sdk/ee/include -I/home/spider/.cache/tyrax/native/toolchains/eff2c8918589264d49aa9a0f/ps2sdk/common/include -I/home/spider/.cache/tyrax/native/toolchains/eff2c8918589264d49aa9a0f/ps2sdk/ports/include -MMD -MP -MF obj/gen/procedural.gen.d -c -o obj/gen/procedural.gen.o src/gen/procedural.gen.cpp
09:37:07 mips64r5900el-ps2-elf-g++ -g -D_EE -G0 -Wall -O3 -fdebug-prefix-map=/home/spider/.cache/tyrax/native/projects/fe7e9c52ba5f9b14f35a85cb=/mnt/f/Projects/tyrax2-lab-20261001/player-light-public-runtime-v1/fixtures/vehicle-all -fdebug-prefix-map=/home/spider/.cache/tyrax/native/engines/402d636fe32cfedbc6d29f7f/tyra/engine=/mnt/f/Projects/tyra-editor/vendor/tyra/engine -fdebug-prefix-map=/home/spider/.cache/tyrax/native/toolchains/eff2c8918589264d49aa9a0f=/mnt/c/Users/pawel/AppData/Local/tyra-editor/toolchain/ps2dev  -Iinc -I/home/spider/.cache/tyrax/native/engines/402d636fe32cfedbc6d29f7f/tyra/engine/inc -I/home/spider/.cache/tyrax/native/toolchains/eff2c8918589264d49aa9a0f/ps2sdk/ee/include -I/home/spider/.cache/tyrax/native/toolchains/eff2c8918589264d49aa9a0f/ps2sdk/common/include -I/home/spider/.cache/tyrax/native/toolchains/eff2c8918589264d49aa9a0f/ps2sdk/ports/include -MMD -MP -MF obj/gen/scene_objects.gen.d -c -o obj/gen/scene_objects.gen.o src/gen/scene_objects.gen.cpp
09:37:07 mips64r5900el-ps2-elf-g++ -g -D_EE -G0 -Wall -O3 -fdebug-prefix-map=/home/spider/.cache/tyrax/native/projects/fe7e9c52ba5f9b14f35a85cb=/mnt/f/Projects/tyrax2-lab-20261001/player-light-public-runtime-v1/fixtures/vehicle-all -fdebug-prefix-map=/home/spider/.cache/tyrax/native/engines/402d636fe32cfedbc6d29f7f/tyra/engine=/mnt/f/Projects/tyra-editor/vendor/tyra/engine -fdebug-prefix-map=/home/spider/.cache/tyrax/native/toolchains/eff2c8918589264d49aa9a0f=/mnt/c/Users/pawel/AppData/Local/tyra-editor/toolchain/ps2dev  -Iinc -I/home/spider/.cache/tyrax/native/engines/402d636fe32cfedbc6d29f7f/tyra/engine/inc -I/home/spider/.cache/tyrax/native/toolchains/eff2c8918589264d49aa9a0f/ps2sdk/ee/include -I/home/spider/.cache/tyrax/native/toolchains/eff2c8918589264d49aa9a0f/ps2sdk/common/include -I/home/spider/.cache/tyrax/native/toolchains/eff2c8918589264d49aa9a0f/ps2sdk/ports/include -MMD -MP -MF obj/gen/screen_fx.gen.d -c -o obj/gen/screen_fx.gen.o src/gen/screen_fx.gen.cpp
09:37:07 mips64r5900el-ps2-elf-g++ -g -D_EE -G0 -Wall -O3 -fdebug-prefix-map=/home/spider/.cache/tyrax/native/projects/fe7e9c52ba5f9b14f35a85cb=/mnt/f/Projects/tyrax2-lab-20261001/player-light-public-runtime-v1/fixtures/vehicle-all -fdebug-prefix-map=/home/spider/.cache/tyrax/native/engines/402d636fe32cfedbc6d29f7f/tyra/engine=/mnt/f/Projects/tyra-editor/vendor/tyra/engine -fdebug-prefix-map=/home/spider/.cache/tyrax/native/toolchains/eff2c8918589264d49aa9a0f=/mnt/c/Users/pawel/AppData/Local/tyra-editor/toolchain/ps2dev  -Iinc -I/home/spider/.cache/tyrax/native/engines/402d636fe32cfedbc6d29f7f/tyra/engine/inc -I/home/spider/.cache/tyrax/native/toolchains/eff2c8918589264d49aa9a0f/ps2sdk/ee/include -I/home/spider/.cache/tyrax/native/toolchains/eff2c8918589264d49aa9a0f/ps2sdk/common/include -I/home/spider/.cache/tyrax/native/toolchains/eff2c8918589264d49aa9a0f/ps2sdk/ports/include -MMD -MP -MF obj/gen/scroller.gen.d -c -o obj/gen/scroller.gen.o src/gen/scroller.gen.cpp
09:37:07 mips64r5900el-ps2-elf-g++ -g -D_EE -G0 -Wall -O3 -fdebug-prefix-map=/home/spider/.cache/tyrax/native/projects/fe7e9c52ba5f9b14f35a85cb=/mnt/f/Projects/tyrax2-lab-20261001/player-light-public-runtime-v1/fixtures/vehicle-all -fdebug-prefix-map=/home/spider/.cache/tyrax/native/engines/402d636fe32cfedbc6d29f7f/tyra/engine=/mnt/f/Projects/tyra-editor/vendor/tyra/engine -fdebug-prefix-map=/home/spider/.cache/tyrax/native/toolchains/eff2c8918589264d49aa9a0f=/mnt/c/Users/pawel/AppData/Local/tyra-editor/toolchain/ps2dev  -Iinc -I/home/spider/.cache/tyrax/native/engines/402d636fe32cfedbc6d29f7f/tyra/engine/inc -I/home/spider/.cache/tyrax/native/toolchains/eff2c8918589264d49aa9a0f/ps2sdk/ee/include -I/home/spider/.cache/tyrax/native/toolchains/eff2c8918589264d49aa9a0f/ps2sdk/common/include -I/home/spider/.cache/tyrax/native/toolchains/eff2c8918589264d49aa9a0f/ps2sdk/ports/include -MMD -MP -MF obj/gen/sequences.gen.d -c -o obj/gen/sequences.gen.o src/gen/sequences.gen.cpp
09:37:07 mips64r5900el-ps2-elf-g++ -g -D_EE -G0 -Wall -O3 -fdebug-prefix-map=/home/spider/.cache/tyrax/native/projects/fe7e9c52ba5f9b14f35a85cb=/mnt/f/Projects/tyrax2-lab-20261001/player-light-public-runtime-v1/fixtures/vehicle-all -fdebug-prefix-map=/home/spider/.cache/tyrax/native/engines/402d636fe32cfedbc6d29f7f/tyra/engine=/mnt/f/Projects/tyra-editor/vendor/tyra/engine -fdebug-prefix-map=/home/spider/.cache/tyrax/native/toolchains/eff2c8918589264d49aa9a0f=/mnt/c/Users/pawel/AppData/Local/tyra-editor/toolchain/ps2dev  -Iinc -I/home/spider/.cache/tyrax/native/engines/402d636fe32cfedbc6d29f7f/tyra/engine/inc -I/home/spider/.cache/tyrax/native/toolchains/eff2c8918589264d49aa9a0f/ps2sdk/ee/include -I/home/spider/.cache/tyrax/native/toolchains/eff2c8918589264d49aa9a0f/ps2sdk/common/include -I/home/spider/.cache/tyrax/native/toolchains/eff2c8918589264d49aa9a0f/ps2sdk/ports/include -MMD -MP -MF obj/gen/vu_programs.gen.d -c -o obj/gen/vu_programs.gen.o src/gen/vu_programs.gen.cpp
09:37:07 mips64r5900el-ps2-elf-g++ -g -D_EE -G0 -Wall -O3 -fdebug-prefix-map=/home/spider/.cache/tyrax/native/projects/fe7e9c52ba5f9b14f35a85cb=/mnt/f/Projects/tyrax2-lab-20261001/player-light-public-runtime-v1/fixtures/vehicle-all -fdebug-prefix-map=/home/spider/.cache/tyrax/native/engines/402d636fe32cfedbc6d29f7f/tyra/engine=/mnt/f/Projects/tyra-editor/vendor/tyra/engine -fdebug-prefix-map=/home/spider/.cache/tyrax/native/toolchains/eff2c8918589264d49aa9a0f=/mnt/c/Users/pawel/AppData/Local/tyra-editor/toolchain/ps2dev  -Iinc -I/home/spider/.cache/tyrax/native/engines/402d636fe32cfedbc6d29f7f/tyra/engine/inc -I/home/spider/.cache/tyrax/native/toolchains/eff2c8918589264d49aa9a0f/ps2sdk/ee/include -I/home/spider/.cache/tyrax/native/toolchains/eff2c8918589264d49aa9a0f/ps2sdk/common/include -I/home/spider/.cache/tyrax/native/toolchains/eff2c8918589264d49aa9a0f/ps2sdk/ports/include -MMD -MP -MF obj/main.d -c -o obj/main.o src/main.cpp
09:37:07 mips64r5900el-ps2-elf-g++ -g -D_EE -G0 -Wall -O3 -fdebug-prefix-map=/home/spider/.cache/tyrax/native/projects/fe7e9c52ba5f9b14f35a85cb=/mnt/f/Projects/tyrax2-lab-20261001/player-light-public-runtime-v1/fixtures/vehicle-all -fdebug-prefix-map=/home/spider/.cache/tyrax/native/engines/402d636fe32cfedbc6d29f7f/tyra/engine=/mnt/f/Projects/tyra-editor/vendor/tyra/engine -fdebug-prefix-map=/home/spider/.cache/tyrax/native/toolchains/eff2c8918589264d49aa9a0f=/mnt/c/Users/pawel/AppData/Local/tyra-editor/toolchain/ps2dev  -Iinc -I/home/spider/.cache/tyrax/native/engines/402d636fe32cfedbc6d29f7f/tyra/engine/inc -I/home/spider/.cache/tyrax/native/toolchains/eff2c8918589264d49aa9a0f/ps2sdk/ee/include -I/home/spider/.cache/tyrax/native/toolchains/eff2c8918589264d49aa9a0f/ps2sdk/common/include -I/home/spider/.cache/tyrax/native/toolchains/eff2c8918589264d49aa9a0f/ps2sdk/ports/include -MMD -MP -MF obj/save_system.gen.d -c -o obj/save_system.gen.o src/save_system.gen.cpp
09:37:07 mips64r5900el-ps2-elf-g++ -g -D_EE -G0 -Wall -O3 -fdebug-prefix-map=/home/spider/.cache/tyrax/native/projects/fe7e9c52ba5f9b14f35a85cb=/mnt/f/Projects/tyrax2-lab-20261001/player-light-public-runtime-v1/fixtures/vehicle-all -fdebug-prefix-map=/home/spider/.cache/tyrax/native/engines/402d636fe32cfedbc6d29f7f/tyra/engine=/mnt/f/Projects/tyra-editor/vendor/tyra/engine -fdebug-prefix-map=/home/spider/.cache/tyrax/native/toolchains/eff2c8918589264d49aa9a0f=/mnt/c/Users/pawel/AppData/Local/tyra-editor/toolchain/ps2dev  -Iinc -I/home/spider/.cache/tyrax/native/engines/402d636fe32cfedbc6d29f7f/tyra/engine/inc -I/home/spider/.cache/tyrax/native/toolchains/eff2c8918589264d49aa9a0f/ps2sdk/ee/include -I/home/spider/.cache/tyrax/native/toolchains/eff2c8918589264d49aa9a0f/ps2sdk/common/include -I/home/spider/.cache/tyrax/native/toolchains/eff2c8918589264d49aa9a0f/ps2sdk/ports/include -MMD -MP -MF obj/scripts/district_mood.d -c -o obj/scripts/district_mood.o src/scripts/district_mood.cpp
09:37:07 mips64r5900el-ps2-elf-g++ -g -D_EE -G0 -Wall -O3 -fdebug-prefix-map=/home/spider/.cache/tyrax/native/projects/fe7e9c52ba5f9b14f35a85cb=/mnt/f/Projects/tyrax2-lab-20261001/player-light-public-runtime-v1/fixtures/vehicle-all -fdebug-prefix-map=/home/spider/.cache/tyrax/native/engines/402d636fe32cfedbc6d29f7f/tyra/engine=/mnt/f/Projects/tyra-editor/vendor/tyra/engine -fdebug-prefix-map=/home/spider/.cache/tyrax/native/toolchains/eff2c8918589264d49aa9a0f=/mnt/c/Users/pawel/AppData/Local/tyra-editor/toolchain/ps2dev  -Iinc -I/home/spider/.cache/tyrax/native/engines/402d636fe32cfedbc6d29f7f/tyra/engine/inc -I/home/spider/.cache/tyrax/native/toolchains/eff2c8918589264d49aa9a0f/ps2sdk/ee/include -I/home/spider/.cache/tyrax/native/toolchains/eff2c8918589264d49aa9a0f/ps2sdk/common/include -I/home/spider/.cache/tyrax/native/toolchains/eff2c8918589264d49aa9a0f/ps2sdk/ports/include -MMD -MP -MF obj/scripts/example_interaction.d -c -o obj/scripts/example_interaction.o src/scripts/example_interaction.cpp
09:37:07 mips64r5900el-ps2-elf-g++ -g -D_EE -G0 -Wall -O3 -fdebug-prefix-map=/home/spider/.cache/tyrax/native/projects/fe7e9c52ba5f9b14f35a85cb=/mnt/f/Projects/tyrax2-lab-20261001/player-light-public-runtime-v1/fixtures/vehicle-all -fdebug-prefix-map=/home/spider/.cache/tyrax/native/engines/402d636fe32cfedbc6d29f7f/tyra/engine=/mnt/f/Projects/tyra-editor/vendor/tyra/engine -fdebug-prefix-map=/home/spider/.cache/tyrax/native/toolchains/eff2c8918589264d49aa9a0f=/mnt/c/Users/pawel/AppData/Local/tyra-editor/toolchain/ps2dev  -Iinc -I/home/spider/.cache/tyrax/native/engines/402d636fe32cfedbc6d29f7f/tyra/engine/inc -I/home/spider/.cache/tyrax/native/toolchains/eff2c8918589264d49aa9a0f/ps2sdk/ee/include -I/home/spider/.cache/tyrax/native/toolchains/eff2c8918589264d49aa9a0f/ps2sdk/common/include -I/home/spider/.cache/tyrax/native/toolchains/eff2c8918589264d49aa9a0f/ps2sdk/ports/include -MMD -MP -MF obj/terrain_game.d -c -o obj/terrain_game.o src/terrain_game.cpp
09:37:39 mips64r5900el-ps2-elf-g++ -T/home/spider/.cache/tyrax/native/toolchains/eff2c8918589264d49aa9a0f/ps2sdk/ee/startup/linkfile -o bin/vehicle-playground.elf obj/gen/credits.gen.o obj/gen/flow_graph.gen.o obj/gen/game_collision.gen.o obj/gen/game_lighting.gen.o obj/gen/game_physics.gen.o obj/gen/game_scene.gen.o obj/gen/game_vehicles.gen.o obj/gen/input_map.gen.o obj/gen/input_replay.gen.o obj/gen/live_debug.gen.o obj/gen/live_link.gen.o obj/gen/live_logic.gen.o obj/gen/live_pad.gen.o obj/gen/live_tex.gen.o obj/gen/live_time.gen.o obj/gen/navigation.gen.o obj/gen/object_scripts.gen.o obj/gen/procedural.gen.o obj/gen/scene_objects.gen.o obj/gen/screen_fx.gen.o obj/gen/scroller.gen.o obj/gen/sequences.gen.o obj/gen/vu_programs.gen.o obj/main.o obj/save_system.gen.o obj/scripts/district_mood.o obj/scripts/example_interaction.o obj/terrain_game.o -L/home/spider/.cache/tyrax/native/toolchains/eff2c8918589264d49aa9a0f/ps2sdk/ee/lib -L/home/spider/.cache/tyrax/native/toolchains/eff2c8918589264d49aa9a0f/ps2sdk/ports/lib -O3 -Wl,-zmax-page-size=128 -L/home/spider/.cache/tyrax/native/engines/402d636fe32cfedbc6d29f7f/tyra/engine/bin -ltyra -leedebug -lstdc++ -ldma -lpacket2 -lgraph -ldraw -lmath3d -lpng -ldebug -lz -lpad -lkbd -lmouse -laudsrv -lps2snd -lpatches -lcdvd -lmc
09:37:42 cp bin/vehicle-playground.elf bin/vehicle-playground.elf.sym
09:37:42 mips64r5900el-ps2-elf-strip --strip-all bin/vehicle-playground.elf
09:37:42 make: Leaving directory '/home/spider/.cache/tyrax/native/projects/fe7e9c52ba5f9b14f35a85cb'
09:37:42 [editor] adpenc -L res/sfx/engine_high.wav
09:37:42 [editor] adpenc -L res/sfx/engine_idle.wav
09:37:42 [editor] adpenc -L res/sfx/tires_screech.wav
09:37:42 [editor] adpenc res/sfx/gear-shift.wav
09:37:49 [editor] Native build complete: /mnt/f/Projects/tyrax2-lab-20261001/player-light-public-runtime-v1/fixtures/vehicle-all/bin
09:37:49 [editor] === Build OK ===
