[    0.0948] Program Path: /home/spider/tyrax2-debugger-linux-v1/squashfs-root/usr/bin/pcsx2-qt
[    0.0949] AppRoot Directory: /home/spider/tyrax2-debugger-linux-v1/squashfs-root/usr/bin
[    0.0949] Resources Directory: /home/spider/tyrax2-debugger-linux-v1/squashfs-root/usr/bin/resources
[    0.0949] DataRoot Directory: /home/spider/night-ablation-emulator-sky-retint-order0-20261005/profile/PCSX2
[    0.0949] Loading config from /home/spider/night-ablation-emulator-sky-retint-order0-20261005/profile/PCSX2/inis/PCSX2.ini.
[    0.0951] Loading secrets from /home/spider/night-ablation-emulator-sky-retint-order0-20261005/profile/PCSX2/inis/secrets.ini.
[    0.0959] BIOS Directory: /mnt/c/Users/pawel/OneDrive/Documents/PCSX2/bios
[    0.0959] Snapshots Directory: /home/spider/night-ablation-emulator-sky-retint-order0-20261005/profile/PCSX2/snaps
[    0.0959] Savestates Directory: /home/spider/night-ablation-emulator-sky-retint-order0-20261005/profile/PCSX2/sstates
[    0.0959] MemoryCards Directory: /home/spider/night-ablation-emulator-sky-retint-order0-20261005/profile/PCSX2/memcards
[    0.0959] Logs Directory: /home/spider/night-ablation-emulator-sky-retint-order0-20261005/profile/PCSX2/logs
[    0.0959] Cheats Directory: /home/spider/night-ablation-emulator-sky-retint-order0-20261005/profile/PCSX2/cheats
[    0.0959] Patches Directory: /home/spider/night-ablation-emulator-sky-retint-order0-20261005/profile/PCSX2/patches
[    0.0959] Covers Directory: /home/spider/night-ablation-emulator-sky-retint-order0-20261005/profile/PCSX2/covers
[    0.0959] Game Settings Directory: /home/spider/night-ablation-emulator-sky-retint-order0-20261005/profile/PCSX2/gamesettings
[    0.0959] Resources Directory: /home/spider/tyrax2-debugger-linux-v1/squashfs-root/usr/bin/resources
[    0.0959] User Resources Directory: /home/spider/night-ablation-emulator-sky-retint-order0-20261005/profile/PCSX2/resources
[    0.0959] Cache Directory: /home/spider/night-ablation-emulator-sky-retint-order0-20261005/profile/PCSX2/cache
[    0.0959] Textures Directory: /home/spider/night-ablation-emulator-sky-retint-order0-20261005/profile/PCSX2/textures
[    0.0959] Input Profile Directory: /home/spider/night-ablation-emulator-sky-retint-order0-20261005/profile/PCSX2/inputprofiles
[    0.0959] Video Dumping Directory: /home/spider/night-ablation-emulator-sky-retint-order0-20261005/profile/PCSX2/videos
[    0.0959] Debugger Layouts Directory: /home/spider/night-ablation-emulator-sky-retint-order0-20261005/profile/PCSX2/inis/debuggerlayouts
[    0.0959] Debugger Settings Directory: /home/spider/night-ablation-emulator-sky-retint-order0-20261005/profile/PCSX2/inis/debuggersettings
[    0.1104] Loaded translation file for language en-US
[    0.1554] PCSX2 v2.9.93
[    0.1554] Savestate version: 0x9a590000
[    0.1554] 
[    0.1554] 
[    0.1554] Host Machine Init:
[    0.1559]   Operating System = Ubuntu 22.04
[    0.1559]   Available RAM    = 49208 MB (48.06 GB)
[    0.1559]   Physical RAM     = 50191 MB (49.02 GB)
[    0.1559] 
[    0.1559]   Processor        = AMD Ryzen Threadripper 1920X
[    0.1559]   Core Count       = 24 cores
[    0.1559]   Thread Count     = 24 threads
[    0.1559]   Cluster Count    = 1 clusters
[    0.1559] CPU Extensions Detected:
[    0.1559]   AVX AVX2
[    0.1559] 
[    0.1559] Allocating host memory for virtual systems...
[    0.1562]   EE Main Memory                   @ 0x00007FEC8F200000 -> 0x00007FEC98100000 [143mb]
[    0.1562]   IOP Main Memory                  @ 0x00007FEC98100000 -> 0x00007FECA0200000 [129mb]
[    0.1563]   VU0/1 On-Chip Memory             @ 0x00007FECA0200000 -> 0x00007FECA0300000 [1mb]
[    0.1563]   VTLB Virtual Map                 @ 0x00007FECA0300000 -> 0x00007FECA0B00000 [8mb]
[    0.1563]   VTLB Address Map                 @ 0x00007FECA0B00000 -> 0x00007FECA0F00000 [4mb]
[    0.1563]   R5900 Recompiler Cache           @ 0x00007FECA0F00000 -> 0x00007FECA4F00000 [64mb]
[    0.1563]   R3000A Recompiler Cache          @ 0x00007FECA4F00000 -> 0x00007FECA6F00000 [32mb]
[    0.1563]   Micro VU0 Recompiler Cache       @ 0x00007FECA7F00000 -> 0x00007FECABF00000 [64mb]
[    0.1563]   Micro VU1 Recompiler Cache       @ 0x00007FECABF00000 -> 0x00007FECAFF00000 [64mb]
[    0.1563]   VIF0 Unpack Recompiler Cache     @ 0x00007FECA6F00000 -> 0x00007FECA7700000 [8mb]
[    0.1563]   VIF1 Unpack Recompiler Cache     @ 0x00007FECA7700000 -> 0x00007FECA7F00000 [8mb]
[    0.1563]   VIF Unpack Recompiler Cache      @ 0x00007FECAFF00000 -> 0x00007FECB0000000 [1mb]
[    0.1563]   GS Software Renderer             @ 0x00007FECB0000000 -> 0x00007FECB4000000 [64mb]
[    0.1575] Fastmem area: 0x7feb8f200000 - 0x7fec8f1fffff
[    0.1578] Generating SSE-optimized unpacking functions for VIF interpreters...
[    0.1581] Unpack function generation complete.  Generated function statistics:
[    0.1581]   Reserved buffer    : 1048576 bytes @ 0x00007FECAFF00000
[    0.1582]   x86 code generated : 7422 bytes
[    0.1582] 
[    0.1584] SDLInputSource: Using Controller DB from resources.
[    0.1958] SDLInputSource: 765 gamepad mappings are loaded.
[    0.1959] Invalid binding: 'XInput-0/DPadUp'
[    0.1959] Invalid binding: 'XInput-0/DPadRight'
[    0.1959] Invalid binding: 'XInput-0/DPadDown'
[    0.1959] Invalid binding: 'XInput-0/DPadLeft'
[    0.1959] Invalid binding: 'XInput-0/Y'
[    0.1959] Invalid binding: 'XInput-0/B'
[    0.1959] Invalid binding: 'XInput-0/A'
[    0.1959] Invalid binding: 'XInput-0/X'
[    0.1959] Invalid binding: 'XInput-0/Back'
[    0.1959] Invalid binding: 'XInput-0/Start'
[    0.1959] Invalid binding: 'XInput-0/LeftShoulder'
[    0.1959] Invalid binding: 'XInput-0/+LeftTrigger'
[    0.1960] Invalid binding: 'XInput-0/RightShoulder'
[    0.1960] Invalid binding: 'XInput-0/+RightTrigger'
[    0.1960] Invalid binding: 'XInput-0/LeftStick'
[    0.1960] Invalid binding: 'XInput-0/RightStick'
[    0.1960] Invalid binding: 'XInput-0/Guide'
[    0.1960] Invalid binding: 'XInput-0/-LeftY'
[    0.1960] Invalid binding: 'XInput-0/+LeftX'
[    0.1960] Invalid binding: 'XInput-0/+LeftY'
[    0.1960] Invalid binding: 'XInput-0/-LeftX'
[    0.1960] Invalid binding: 'XInput-0/-RightY'
[    0.1960] Invalid binding: 'XInput-0/+RightX'
[    0.1960] Invalid binding: 'XInput-0/+RightY'
[    0.1960] Invalid binding: 'XInput-0/-RightX'
[    0.1968] Settings: Advanced Settings are enabled; only proceed if you know what you're doing! No support will be provided if you have the option enabled.
[    0.3169] Scanning F:\PS2\Games (recursively)
[    0.3205] Loading BIOS...
[    0.3307] BIOS Found: Europe  v02.00(14/06/2004)  Console 20040614-100914
[    0.3840] Mechacon version: 0x00020603
[    0.3853] Opening CDVD...
[    0.4150] Initializing Elf: 4493948 bytes
[    0.4158] Disc changed to .
[    0.4158]   Name: vehicle-playground [?]
[    0.4158]   Serial: vehicle-playground
[    0.4158]   Version: 
[    0.4158]   CRC: 86F7B408
[    0.4159] No game settings found (tried '/home/spider/night-ablation-emulator-sky-retint-order0-20261005/profile/PCSX2/gamesettings/86F7B408.ini')
[    0.4159] Applying settings...
[    0.4161] Invalid binding: 'XInput-0/DPadUp'
[    0.4161] Invalid binding: 'XInput-0/DPadRight'
[    0.4161] Invalid binding: 'XInput-0/DPadDown'
[    0.4161] Invalid binding: 'XInput-0/DPadLeft'
[    0.4162] Invalid binding: 'XInput-0/Y'
[    0.4162] Invalid binding: 'XInput-0/B'
[    0.4162] Invalid binding: 'XInput-0/A'
[    0.4162] Invalid binding: 'XInput-0/X'
[    0.4162] Invalid binding: 'XInput-0/Back'
[    0.4162] Invalid binding: 'XInput-0/Start'
[    0.4162] Invalid binding: 'XInput-0/LeftShoulder'
[    0.4162] Invalid binding: 'XInput-0/+LeftTrigger'
[    0.4162] Invalid binding: 'XInput-0/RightShoulder'
[    0.4162] Invalid binding: 'XInput-0/+RightTrigger'
[    0.4162] Invalid binding: 'XInput-0/LeftStick'
[    0.4162] Invalid binding: 'XInput-0/RightStick'
[    0.4162] Invalid binding: 'XInput-0/Guide'
[    0.4162] Invalid binding: 'XInput-0/-LeftY'
[    0.4162] Invalid binding: 'XInput-0/+LeftX'
[    0.4162] Invalid binding: 'XInput-0/+LeftY'
[    0.4162] Invalid binding: 'XInput-0/-LeftX'
[    0.4162] Invalid binding: 'XInput-0/-RightY'
[    0.4162] Invalid binding: 'XInput-0/+RightX'
[    0.4162] Invalid binding: 'XInput-0/+RightY'
[    0.4162] Invalid binding: 'XInput-0/-RightX'
[    0.4164] GameDB: Has not been initialized yet, initializing...
[    0.4688] GameDB: 12841 games on record (loaded in 52.39ms)
[    0.4736] Reopening memory cards...
[    0.4736] (FileMcd) Creating new 8MB memory card: /home/spider/night-ablation-emulator-sky-retint-order0-20261005/profile/PCSX2/memcards/Mcd001.ps2
[    0.4828] McdSlot 0 [File]: Mcd001.ps2 [8 MB, UNFORMATTED]
[    0.4828] McdSlot 1 [File]: [disabled/empty filename]
[    0.4867] HLE Host: Set 'host:' root path to: /mnt/f/Projects/tyrax2-lab-20261001/sky-retint-physical-v1/game/bin
[    0.4868] EE/iR5900 Recompiler Reset
[    0.5305] iR3000A Recompiler reset.
[    0.5428] mVU Reset
[    0.5438] mVU Reset
[    0.5480] Resetting host memory for virtual systems...
[    0.7911] Time Zone Offset: GMT+01:00
[    0.7911] Time Zone Location: Berlin
[    0.7911] DST: Winter Time
[    0.7911] Time Format: 24-Hour
[    0.7911] Date Format: DD/MM/YYYY
[    0.7911] System Time Basis: Operating System Time
[    0.7912] Resulting System Time: 2026-10-05 22:23:14
[    0.7912] Close virtual disk tray
[    0.7912] Media already loaded (fast boot)
[    0.7912] Opening GS...
[    0.9360] VK: Enabling extension: VK_KHR_get_surface_capabilities2
[    0.9674] Using Vulkan GPU 'llvmpipe (LLVM 15.0.7, 256 bits)' for automatic renderer check.
[    0.9674] Not using Vulkan for software renderer.
[    0.9676] acquireRenderWindow() recreate=true fullscreen=false render_to_main=false surfaceless=false
[    0.9742] (GetRefreshRateFromXRandR) Modeline is invalid: 0/0/0
[    0.9742] Surface refresh rate: 60 Hz
[    0.9743] Loading EGL from libEGL.so...
[    0.9839] GLAD EGL Version: 1.0
[    0.9839] Using EGL platform EGL_EXT_platform_x11.
[    1.0047] eglInitialize() version: 1.5
[    1.0049] GLAD EGL Version: 1.5
[    1.0049] Trying GL version 4.6
[    1.0049] eglCreateContext() failed: 0x3009
[    1.0049] Trying GL version 4.5
[    1.0536] Got GL version 4.5
[    1.0536] EGL_MIN_SWAP_INTERVAL = 1
[    1.0536] EGL_MAX_SWAP_INTERVAL = 1
[    1.0536] Negative swap interval/tear-control is NOT supported
[    1.0567] GL_VENDOR: Mesa
[    1.0567] GL_VERSION: 4.5 (Core Profile) Mesa 23.2.1-1ubuntu3.1~22.04.4
[    1.0567] GL_RENDERER: llvmpipe (LLVM 15.0.7, 256 bits)
[    1.0567] GL_SHADING_LANGUAGE_VERSION: 4.50
[    1.0568] GL_MAX_VERTEX_SHADER_STORAGE_BLOCKS: 16
[    1.0568] GL: Viewport Array:            Supported       => Using: GL_ARB_viewport_array
[    1.0568] GL: Direct State Access:       Supported       => Using: OpenGL 4.5 Core
[    1.0568] GL: Copy Image:                Supported       => Using: OpenGL 4.3 Core
[    1.0568] GL: Clip Control:              Supported       => Using: OpenGL 4.5 Core
[    1.0568] GL: Conservative Depth:        Supported       => Using: OpenGL 4.2 Core
[    1.0568] GL: CAS Sharpening:            Supported       => Using: OpenGL 4.2 Core
[    1.0568] GL: Texture Barriers:          Auto            => Using: Framebuffer Fetch
[    1.0568] GL: RGBA16 HW Blending:        Supported       => Using: RGBA16 UNORM
[    1.0568] GL: Point Expansion:           Supported       => Using: Hardware
[    1.0568] GL: Line Expansion:            Fallback        => Using: Vertex Expansion
[    1.0568] GL: Sprite Expansion:          Supported       => Using: Vertex Expansion
[    1.0568] GL: DXTn Texture Compression:  Supported       => Using: GL_EXT_texture_compression_s3tc
[    1.0568] GL: BC6/7 Texture Compression: Supported       => Using: OpenGL 4.2 Core
[    1.0617] 1 program binary formats supported by driver
[    1.1166] Program binary retrieved, 4105 bytes, format 34655
[    1.1177] Program binary retrieved, 4121 bytes, format 34655
[    1.1189] Program binary retrieved, 4249 bytes, format 34655
[    1.1202] Program binary retrieved, 4013 bytes, format 34655
[    1.1214] Program binary retrieved, 4013 bytes, format 34655
[    1.1225] Program binary retrieved, 4017 bytes, format 34655
[    1.1232] Program binary retrieved, 4017 bytes, format 34655
[    1.1241] Program binary retrieved, 4185 bytes, format 34655
[    1.1250] Program binary retrieved, 4217 bytes, format 34655
[    1.1260] Program binary retrieved, 4137 bytes, format 34655
[    1.1266] Program binary retrieved, 4125 bytes, format 34655
[    1.1277] Program binary retrieved, 4121 bytes, format 34655
[    1.1285] Program binary retrieved, 4253 bytes, format 34655
[    1.1297] Program binary retrieved, 4237 bytes, format 34655
[    1.1305] Program binary retrieved, 4245 bytes, format 34655
[    1.1311] Program binary retrieved, 4261 bytes, format 34655
[    1.1320] Program binary retrieved, 4965 bytes, format 34655
[    1.1328] Program binary retrieved, 4981 bytes, format 34655
[    1.1334] Program binary retrieved, 4261 bytes, format 34655
[    1.1342] Program binary retrieved, 4277 bytes, format 34655
[    1.1352] Program binary retrieved, 5005 bytes, format 34655
[    1.1379] Program binary retrieved, 5021 bytes, format 34655
[    1.1401] Program binary retrieved, 4257 bytes, format 34655
[    1.1424] Program binary retrieved, 4273 bytes, format 34655
[    1.1431] Program binary retrieved, 5001 bytes, format 34655
[    1.1440] Program binary retrieved, 5017 bytes, format 34655
[    1.1448] Program binary retrieved, 4277 bytes, format 34655
[    1.1454] Program binary retrieved, 4293 bytes, format 34655
[    1.1462] Program binary retrieved, 5057 bytes, format 34655
[    1.1470] Program binary retrieved, 5073 bytes, format 34655
[    1.1476] Program binary retrieved, 4153 bytes, format 34655
[    1.1483] Program binary retrieved, 4169 bytes, format 34655
[    1.1489] Program binary retrieved, 4233 bytes, format 34655
[    1.1500] Program binary retrieved, 5781 bytes, format 34655
[    1.1508] Program binary retrieved, 5373 bytes, format 34655
[    1.1519] Program binary retrieved, 6389 bytes, format 34655
[    1.1525] Program binary retrieved, 4917 bytes, format 34655
[    1.1532] Program binary retrieved, 4845 bytes, format 34655
[    1.1540] Program binary retrieved, 4997 bytes, format 34655
[    1.1546] Program binary retrieved, 4101 bytes, format 34655
[    1.1588] Program binary retrieved, 4137 bytes, format 34655
[    1.1637] Program binary retrieved, 4109 bytes, format 34655
[    1.1646] Program binary retrieved, 5389 bytes, format 34655
[    1.1652] Program binary retrieved, 5829 bytes, format 34655
[    1.1659] Program binary retrieved, 5857 bytes, format 34655
[    1.1665] Program binary retrieved, 4289 bytes, format 34655
[    1.1696] Program binary retrieved, 21205 bytes, format 34655
[    1.1704] Program binary retrieved, 4765 bytes, format 34655
[    1.1712] Program binary retrieved, 5685 bytes, format 34655
[    1.1720] Program binary retrieved, 4141 bytes, format 34655
[    1.1725] Program binary retrieved, 4537 bytes, format 34655
[    1.1737] Program binary retrieved, 4889 bytes, format 34655
[    1.1743] Program binary retrieved, 4117 bytes, format 34655
[    1.1748] Program binary retrieved, 4741 bytes, format 34655
[    1.1755] Program binary retrieved, 4965 bytes, format 34655
[    1.1764] Program binary retrieved, 6613 bytes, format 34655
[    1.1773] Program binary retrieved, 4797 bytes, format 34655
[    1.1799] Program binary retrieved, 13085 bytes, format 34655
[    1.1917] Program binary retrieved, 7285 bytes, format 34655
[    1.1991] Program binary retrieved, 5497 bytes, format 34655
[    1.1997] Program binary retrieved, 4141 bytes, format 34655
[    1.2003] Program binary retrieved, 4141 bytes, format 34655
[    1.2009] Program binary retrieved, 4145 bytes, format 34655
[    1.2015] Program binary retrieved, 4145 bytes, format 34655
[    1.2499] Program binary retrieved, 5369 bytes, format 34655
[    1.2613] OpenGL Graphics Driver Info:
[    1.2613] OpenGL Context:
[    1.2613] 4.5 (Core Profile) Mesa 23.2.1-1ubuntu3.1~22.04.4
[    1.2613] Mesa llvmpipe (LLVM 15.0.7, 256 bits)
[    1.2613] GLSL: 4.50
[    1.2642] Processor count: 24 cores, 24 processors, 1 clusters
[    1.2642] Ordered processor list: 12, 23, 22, 21, 20, 19, 18, 17, 16, 15, 14, 13, 0, 11, 10, 9, 8, 7, 6, 5, 4, 3, 2, 1
[    1.2642] Not pinning SW threads, we need 4 processors, but only have 0
[    1.2652] Opening SPU2...
[    1.2654] Creating Null audio stream, sample rate = 48000, expansion = Disabled, buffer = 50, latency = 32, stretching enabled, driver = wasapi, device = 
[    1.2654] Allocated buffer of 2432 frames for buffer of 50 ms [expansion Disabled (block size 2048), stretch disabled, target size 2432].
[    1.2654] Initializing Pad...
[    1.2654] Initializing SIO2...
[    1.2654] Initializing SIO0...
[    1.2655] Opening DEV9...
[    1.2655] DEV9: DEV9init
[    1.2661] DEV9: DEV9init2
[    1.2661] DEV9: DEV9init3
[    1.2691] DEV9: DEV9init ok
[    1.2691] DEV9: DEV9open
[    1.2691] Opening USB...
[    1.2691] Opening FW...
[    1.2694] Frame rate: 59.94, target speed: 1, target frame rate: 59.94, ticks per frame: 16683350
[    1.2730] VM subsystems initialized in 952.99 ms
[    1.2751] MultiPause time: 142ns
[    1.2757] MultiPause time: 142ns
[    1.2758] MultiPause time: 144ns
[    1.2759] MultiPause time: 160ns
[    1.2827] Failed to inhibit screen saver.
[    1.2827] Processor order assignment: EE=12, VU=23, GS=22
[    1.2827]   EE thread is on processor 12 (0x1000)
[    1.2828]   VU thread is on processor 23 (0x800000)
[    1.2828]   GS thread is on processor 22 (0x400000)
[    1.2914] Failed to inhibit screen saver.
[    1.4445] # Initialize memory (rev:3.70, ctm:197Mhz, cpuclk:147Mhz detected)
[    1.4528] R3000 Debugger: Branch to 0x890 (SYSMEM). Clearing modules.
[    1.4543] RegisterLibraryEntries: excepman version 1.01
[    1.4552] RegisterLibraryEntries:  intrman version 1.02
[    1.4553] RegisterLibraryEntries:   ssbusc version 1.01
[    1.4557] RegisterLibraryEntries:  dmacman version 1.02
[    1.4560] RegisterLibraryEntries:  timrman version 1.01
[    1.4563] RegisterLibraryEntries:  sysclib version 1.01
[    1.4563] RegisterLibraryEntries:    stdio version 1.01
[    1.4565] RegisterLibraryEntries:  heaplib version 1.01
[    1.4569] FW: read mem 0x1f80847c: 0x10000001
[    1.4569] FW: write mem 0x1f808414: 0x417f0000
[    1.4569] FW: read mem 0x1f808400: 0xffc00001
[    1.4569] FW: write mem 0x1f80844c: 0xffffffff
[    1.4569] FW: write mem 0x1f808420: 0xffffffff
[    1.4569] FW: write mem 0x1f808428: 0xffffffff
[    1.4569] FW: write mem 0x1f808430: 0xffffffff
[    1.4579] RegisterLibraryEntries:   thbase version 1.01
[    1.4579] RegisterLibraryEntries:  thevent version 1.01
[    1.4580] RegisterLibraryEntries:  thsemap version 1.01
[    1.4580] RegisterLibraryEntries:  thmsgbx version 1.01
[    1.4581] RegisterLibraryEntries:  thfpool version 1.01
[    1.4583] RegisterLibraryEntries:  thvpool version 1.01
[    1.4590] RegisterLibraryEntries:   vblank version 1.01
[    1.4595] RegisterLibraryEntries:    ioman version 1.02
[    1.4603] RegisterLibraryEntries:  modload version 1.01
[    1.4607] RegisterLibraryEntries:   romdrv version 2.01
[    1.4611] RegisterLibraryEntries:    stdio version 1.02
[    1.4615] RegisterLibraryEntries:   sifman version 1.01
[    1.4618] 
[    1.4618] PlayStation 2 ======== Hard reset boot
[    1.4620]  ROMGEN=2004-0614, IOP info (CPUID=1f, CACH_CONFIG=0, 2MB, IOP mode)
[    1.4622]  <20040614-100914,ROMconf,PS20200EC20040614.bin:11696>
[    1.4706] # Total accessable memory size: 32 MB (B:2:8:0) (370:2:7c30)
[    1.4716] # TLB spad=0 kernel=1:12 default=13:30 extended=31:38
[    1.5405] # Initialize Start.
[    1.5410] # Initialize GS ...
[    1.5411] # Initialize INTC ...
[    1.5411] # Initialize TIMER ...
[    1.5412] # Initialize DMAC ...
[    1.5413] # Initialize VU1 ...
[    1.5416] # Initialize VIF1 ...
[    1.5417] # Initialize GIF ...
[    1.5417] # Initialize VU0 ...
[    1.5419] # Initialize VIF0 ...
[    1.5419] # Initialize IPU ...
[    1.5421] # Initialize FPU ...
[    1.5421] # Initialize User Memory ...
[    1.5974] # Initialize Scratch Pad ...
[    1.5975] # Initialize Done.
[    1.5984] 
[    1.5984] EE DECI2 Manager version 0.06 Feb  6 2003 08:38:48
[    1.5984]   CPUID=2e20, BoardID=0, ROMGEN=2004-0614, 32M
[    1.5984] 
[    1.5988] RegisterLibraryEntries:   sifcmd version 1.01
[    1.6288] Initializing Elf: 4493948 bytes
[    1.6316] ELF Loading: host:vehicle-playground.elf, Game CRC = 86F7B408, EntryPoint = 0x00100E78
[    1.6344] RegisterLibraryEntries:  cdvdman version 1.01
[    1.6401] RegisterLibraryEntries:  cdvdfsv version 1.01
[    1.6416] RegisterLibraryEntries:  secrman version 1.03
[    1.6417] RegisterLibraryEntries:   eesync version 1.01
[    1.6419] 
[    1.6419] IOP Realtime Kernel Ver.0.9.1
[    1.6419]     Copyright 1999 (C) Sony Computer Entertainment Inc. 
[    1.6425] Reboot service module.(99/11/10)
[    1.6447] cdvd driver module version 0.1.1 (C)SCEI
[    1.6452] Load File service.(99/11/05)
[    1.6453] Multi Threaded Fileio module.(99/11/15) 
[    1.6453] iop heap service (99/11/03)
[    1.6701] loadelf: fname host:vehicle-playground.elf secname all
[    1.6701] loadelf version 3.30
[    1.6723] Input ELF format filename = host:vehicle-playground.elf
[    1.7163] 1 00100000 003fd1bc ................................................................
[    1.7163] Loaded, host:vehicle-playground.elf
[    1.7164] start address 0x100e78
[    1.7164] gp address 00000000
[    1.7172] # Restart Without Memory Clear.
[    1.7225] # Initialize GS ...
[    1.7226] # Initialize INTC ...
[    1.7226] # Initialize TIMER ...
[    1.7226] # Initialize DMAC ...
[    1.7226] # Initialize VU1 ...
[    1.7228] # Initialize VIF1 ...
[    1.7228] # Initialize GIF ...
[    1.7229] # Initialize VU0 ...
[    1.7229] # Initialize VIF0 ...
[    1.7229] # Initialize IPU ...
[    1.7229] # Initialize FPU ...
[    1.7229] # Initialize Scratch Pad ...
[    1.7229] # Restart Without Memory Clear Done.
[    1.7230] ELF host:vehicle-playground.elf with entry point at 0x00100E78 is executing.
[    1.7230] ELF changed, active CRC 86F7B408 (host:vehicle-playground.elf)
[    1.7233] Applying core settings...
[    1.7236] Updating CPU configuration...
[    1.7236] iR3000A Recompiler reset.
[    1.7273] mVU Reset
[    1.7278] mVU Reset
[    1.7448] iR3000A Recompiler reset.
[    1.7476] mVU Reset
[    1.7477] mVU Reset
[    1.7509] EE/iR5900 Recompiler Reset
[    1.7656] BIOS: Successfully found the instruction pattern. Assuming the thread list is here: 8001a640
[    1.7678] Warning: GetOsdConfigParam2 Reading extended language/version configs, may be incorrect!
[    1.7773] read/write allocate memory 4000
[    1.7774] open name host:/ps2link.run flag 1 data 41378
[    1.7780] open fd = -5
[    1.7806] Get Reboot Request From EE
[    1.7819] R3000 Debugger: Branch to 0x890 (SYSMEM). Clearing modules.
[    1.7838] RegisterLibraryEntries: excepman version 1.01
[    1.7849] RegisterLibraryEntries:  intrman version 1.02
[    1.7850] RegisterLibraryEntries:   ssbusc version 1.01
[    1.7856] RegisterLibraryEntries:  dmacman version 1.02
[    1.7861] RegisterLibraryEntries:  timrman version 1.01
[    1.7865] RegisterLibraryEntries:  sysclib version 1.01
[    1.7866] RegisterLibraryEntries:    stdio version 1.01
[    1.7868] RegisterLibraryEntries:  heaplib version 1.01
[    1.7890] RegisterLibraryEntries:   thbase version 1.01
[    1.7891] RegisterLibraryEntries:  thevent version 1.01
[    1.7891] RegisterLibraryEntries:  thsemap version 1.01
[    1.7891] RegisterLibraryEntries:  thmsgbx version 1.01
[    1.7891] RegisterLibraryEntries:  thfpool version 1.01
[    1.7892] RegisterLibraryEntries:  thvpool version 1.01
[    1.7901] RegisterLibraryEntries:   vblank version 1.01
[    1.7906] RegisterLibraryEntries:    ioman version 1.02
[    1.7916] RegisterLibraryEntries:  modload version 1.01
[    1.7973] RegisterLibraryEntries:   romdrv version 2.01
[    1.7977] RegisterLibraryEntries:    stdio version 1.02
[    1.7981] RegisterLibraryEntries:   sifman version 1.01
[    1.7987] 
[    1.7987] PlayStation 2 ======== Soft reboot
[    1.7994] RegisterLibraryEntries:   sifcmd version 1.01
[    1.8032] RegisterLibraryEntries:  cdvdman version 1.01
[    1.8047] RegisterLibraryEntries:  cdvdfsv version 1.01
[    1.8113] RegisterLibraryEntries:  secrman version 1.03
[    1.8114] RegisterLibraryEntries:   eesync version 1.01
[    1.8116] 
[    1.8116] IOP Realtime Kernel Ver.0.9.1
[    1.8117]     Copyright 1999 (C) Sony Computer Entertainment Inc. 
[    1.8121] Reboot service module.(99/11/10)
[    1.8139] [EE] Skipping timeout loop at 0x002DA7F0 -> 0x002DA810
[    1.8139] cdvd driver module version 0.1.1 (C)SCEI
[    1.8144] Load File service.(99/11/05)
[    1.8144] Multi Threaded Fileio module.(99/11/15) 
[    1.8145] iop heap service (99/11/03)
[    1.8377] RegisterLibraryEntries:   iomanx version 1.01
[    1.8391] fileXio: fileXio: fileXio RPC Server v1.00
[    1.8391] Copyright (c) 2003 adresd
[    1.8394] RegisterLibraryEntries:  sio2man version 2.07
[    1.8395] RegisterLibraryEntries:  sio2man version 1.02
[    1.8401] RegisterLibraryEntries:   padman version 1.02
[    1.8402] Pad Driver for OSD
[    1.8408] FREESD v1.01
[    1.8408] RegisterLibraryEntries:    libsd version 1.04
[    1.8528] debug_level = 1 (ps2snd 0.1
[    1.8536] greetings from version 0.93 !
[    1.8536] RegisterLibraryEntries:   audsrv version 1.04
[    1.8536] audsrv_adpcm_init()
[    1.8548] UpdateVSyncRate: Mode Changed to SDTV 480p.
[    1.8548] Frame rate: 59.94, target speed: 1, target frame rate: 59.94, ticks per frame: 16683350
[    1.8548] Set GS CRTC configuration. SDTV   720x480 @ 59.94 Progressive (FRAME)
[    3.9262] read/write allocate memory 4000
[    3.9264] 
[    3.9267] -----------------------------------------
[    3.9267]         _____        ____   ___
[    3.9268]           |     /   ____| |___|
[    3.9269]           |     |   |     |   |
[    3.9269] -----------------------------------------
[    3.9269] Copyright 2022
[    3.9270] Repository: https://github.com/h4570/tyra
[    3.9270] Licensed under Apache License 2.0
[    3.9276] Version: 2.2.0
[    3.9276] -----------------------------------------
[    3.9277] 
[    4.0934] audsrv_adpcm_init()
[    4.0944] [EE] Skipping timeout loop at 0x00102CB0 -> 0x00102CD0
[    4.1261] Curent pad(0,0) status: EXECCMD
[    4.3255] Pad: DS2 Config Finished - P1/S1 - AL: Off - AB: Usable - VS: Disabled - VL: Disabled - RB: D (0x00000000)
[    4.3607] Curent pad(0,0) status: EXECCMD
[    4.4245] Pad: DS2 Config Finished - P1/S1 - AL: On - AB: Locked - VS: Disabled - VL: Disabled - RB: D (0x00000000)
[    4.6237] Pad: DS2 Config Finished - P1/S1 - AL: On - AB: Locked - VS: Disabled - VL: Disabled - RB: D (0x00000000)
[    4.6577] Curent pad(0,0) status: EXECCMD
[    4.9255] Pad: DS2 Config Finished - P1/S1 - AL: On - AB: Locked - VS: Disabled - VL: Disabled - RB: D+A+P (0x0003FFFF)
[    5.1249] Pad: DS2 Config Finished - P1/S1 - AL: On - AB: Locked - VS: Disabled - VL: Disabled - RB: D+A+P (0x0003FFFF)
[    5.1619] open name host:/night-ablation.cfg flag 1 data 41378
[    5.1633] open fd = 256
[    5.1674] open name host:/night-ablation.log flag 602 data 41378
[    5.1695] open fd = 256
[    5.1759] loadmodule: fname rom0:XMCMAN args 0 arg 
[    5.1870] RegisterLibraryEntries:    mcman version 2.03
[    5.1880] loadmodule: id 32, ret 0
[    5.1881] loadmodule: fname rom0:XMCSERV args 0 arg 
[    5.1884] RegisterLibraryEntries:   mcserv version 1.01
[    5.1886] loadmodule: id 33, ret 0
[    5.1887] [EE] Skipping timeout loop at 0x00104820 -> 0x00104840
[    5.5608] (FileMcd) Warning: checksum sector overwritten. (0)
[    5.5608] OSD [MemoryCardSave0]: Memory Card 'Mcd001.ps2' was saved to storage.
[    6.0280] (FileMcd) Warning: checksum sector overwritten. (0)
[    6.1430] open name host:/save/icon.sys flag 1 data 41378
[    6.1448] open fd = 257
[    6.2153] open name host:/save/list.icn flag 1 data 41378
[    6.2171] open fd = 257
[    6.3847] open name host:/menus/save.png flag 1 data 41378
[    6.3869] open fd = 257
[    6.4295] open name host:/hud/save-cursor.png flag 1 data 41378
[    6.4319] open fd = 257
[    6.4346] open name host:/hud/save-used.png flag 1 data 41378
[    6.4366] open fd = 257
[    6.4401] open name host:/hud/save-saved.png flag 1 data 41378
[    6.4428] open fd = 257
[    6.4527] open name host:/hud/save-loaded.png flag 1 data 41378
[    6.4545] open fd = 257
[    6.4575] open name host:/hud/save-error.png flag 1 data 41378
[    6.4597] open fd = 257
[    6.4627] open name host:/hud/save-busy.png flag 1 data 41378
[    6.4643] open fd = 257
[    6.4951] open name host:/hud/save-spinner.png flag 1 data 41378
[    6.4967] open fd = 257
[    6.5094] open name host:/menus/save.png flag 1 data 41378
[    6.5111] open fd = 257
[    6.5449] open name host:/menus/district-pause.png flag 1 data 41378
[    6.5467] open fd = 257
[    6.5790] open name host:/menus/district-pause-values.png flag 1 data 41378
[    6.5809] open fd = 257
[    6.5852] open name host:/hud/save-cursor.png flag 1 data 41378
[    6.5868] open fd = 257
[    6.5969] open name host:/hud/save-cursor.png flag 1 data 41378
[    6.5990] open fd = 257
[    6.6013] open name host:/hud/save-cursor.png flag 1 data 41378
[    6.6030] open fd = 257
[    6.6052] open name host:/hud/menu-dim.png flag 1 data 41378
[    6.6068] open fd = 257
[    6.6096] open name host:/hud/flare-corona.png flag 1 data 41378
[    6.6116] open fd = 257
[    6.6259] open name host:/hud/flashlight-gobo.png flag 1 data 41378
[    6.6280] open fd = 257
[    6.6427] open name host:/hud/flare-glow.png flag 1 data 41378
[    6.6447] open fd = 257
[    6.6553] open name host:/hud/sun-disc.png flag 1 data 41378
[    6.6574] open fd = 257
[    6.6614] open name host:/hud/moon-disc.png flag 1 data 41378
[    6.6631] open fd = 257
[    6.6940] open name host:/quiet-night.cfg flag 1 data 41378
[    6.6953] open fd = 257
[    6.6974] LOG: NIGHTPLAN schema=1 kind=19 order=0 joint=0 restored=0 phases=3
[    6.6976] LOG: NIGHTCONFIG order=0 valid=1 profile=0 hardwareTrace=0 ringBytes=0 ordinaryClocks=1 fixedDt=0 sampleBytes=6144 chunkBytes=420 phases=3 phaseFrames=1800 taxFirst=800 taxLoops=320 chunkFrames=64 sampleFirst=900 sampleCount=128 video=1 display=1 depth=2 width=448 height=448 refreshMilliHz=60000 requested=1 night=1
[    6.6977] LOG: NIGHTQUALITY rasterWidth=448 rasterHeight=448 scaleX=1 scaleY=1
[    6.6979] open name host:/hud/use-text.png flag 1 data 41378
[    6.6996] open fd = 257
[    6.7027] open name host:/hud/pick-text.png flag 1 data 41378
[    6.7043] open fd = 257
[    6.7072] open name host:/sfx/engine_idle.adpcm flag 1 data 41378
[    6.7089] open fd = 257
[    6.7262] open name host:/sfx/engine_high.adpcm flag 1 data 41378
[    6.7280] open fd = 257
[    6.7446] open name host:/sfx/tires_screech.adpcm flag 1 data 41378
[    6.7463] open fd = 257
[    6.7506] open name host:/sfx/gear-shift.adpcm flag 1 data 41378
[    6.7523] open fd = 257
[    6.7544] LOG: NIGHTPRODPHASE phase=0 enabled=0
[    6.7545] LOG: NIGHTCORONAPHASE phase=0 first=0 selected=0 enabled=0
[    6.7548] LOG: NIGHTPHASE phase=0 first=0 mask=0 appliedMask=0 sampler=1 countReads=262 samplePtr=0052e9f8
[    6.7549] LOG: NIGHTEXTRAPHASE phase=0 first=0 extraMask=0 appliedExtraMask=0
[    6.7550] LOG: NIGHTWILDPHASE phase=0 first=0 variant=0 enabled=0 appliedVariant=0 appliedEnabled=0
[    6.7551] LOG: NIGHTTABLEPHASE phase=0 first=0 selected=1 enabled=1 appliedSelected=1 appliedEnabled=1
[    6.7559] open name host:/launch.scene flag 1 data 41378
[    6.7563] open fd = -5
[    6.7565] open name host:/hud/loading.png flag 1 data 41378
[    6.7580] open fd = 257
[    6.7706] FRAMEARENA allocated=1 bytes=1048576
[    6.8325] open name host:/vehicles/veh-ravager000001-shadow.png flag 1 data 41378
[    6.8344] open fd = 257
[    6.8351] open name host:/vehicles/veh-ravager000001-shadow.png flag 1 data 41378
[    6.8366] open fd = 257
[    6.8613] open name host:/vehicles/veh-pica00000001-shadow.png flag 1 data 41378
[    6.8630] open fd = 257
[    6.8637] open name host:/vehicles/veh-pica00000001-shadow.png flag 1 data 41378
[    6.8651] open fd = 257
[    6.8701] open name host:/vehicles/veh-strix0000001-shadow.png flag 1 data 41378
[    6.8722] open fd = 257
[    6.8729] open name host:/vehicles/veh-strix0000001-shadow.png flag 1 data 41378
[    6.8742] open fd = 257
[    6.8868] open name host:/shadowatlas/scene0-0.png flag 1 data 41378
[    6.8884] open fd = 257
[    6.8891] open name host:/shadowatlas/scene0-0.png flag 1 data 41378
[    6.8905] open fd = 257
[    6.9046] open name host:/shadowatlas/scene0-1.png flag 1 data 41378
[    6.9063] open fd = 257
[    6.9069] open name host:/shadowatlas/scene0-1.png flag 1 data 41378
[    6.9083] open fd = 257
[    6.9232] open name host:/textures/district-ground.png flag 1 data 41378
[    6.9251] open fd = 257
[    6.9258] open name host:/textures/district-ground.png flag 1 data 41378
[    6.9272] open fd = 257
[    6.9484] open name host:/materials/district-asphalt.mtl flag 1 data 41378
[    6.9502] open fd = 257
[    6.9568] open name host:/textures/district-asphalt.png flag 1 data 41378
[    6.9588] open fd = 257
[    6.9595] open name host:/textures/district-asphalt.png flag 1 data 41378
[    6.9610] open fd = 257
[    6.9766] open name host:/materials/district-sign.mtl flag 1 data 41378
[    6.9783] open fd = 257
[    6.9805] open name host:/textures/district-sign.png flag 1 data 41378
[    6.9820] open fd = 257
[    6.9827] open name host:/textures/district-sign.png flag 1 data 41378
[    6.9841] open fd = 257
[    6.9878] open name host:/materials/night-warm.mtl flag 1 data 41378
[    6.9892] open fd = 257
[    6.9917] open name host:/materials/night-cyan.mtl flag 1 data 41378
[    6.9931] open fd = 257
[    6.9948] open name host:/materials/night-pink.mtl flag 1 data 41378
[    6.9963] open fd = 257
[    6.9984] open name host:/models/urban/district-workshop.tmdl flag 1 data 41378
[    7.0004] open fd = 257
[    7.0045] open name host:/models/urban/Textures/district-facades.png flag 1 data 41378
[    7.0069] open fd = 257
[    7.0080] open name host:/models/urban/Textures/district-facades.png flag 1 data 41378
[    7.0114] open fd = 257
[    7.0381] open name host:/models/urban/district-tower.tmdl flag 1 data 41378
[    7.0412] open fd = 257
[    7.0445] open name host:/models/urban/district-loft.tmdl flag 1 data 41378
[    7.0470] open fd = 257
[    7.0506] open name host:/models/urban/detail-light-double.tmdl flag 1 data 41378
[    7.0535] open fd = 257
[    7.0681] open name host:/models/urban/Textures/metal.png flag 1 data 41378
[    7.0723] open fd = 257
[    7.0742] open name host:/models/urban/Textures/metal.png flag 1 data 41378
[    7.0778] open fd = 257
[    7.0907] open name host:/models/urban/detail-light-traffic.tmdl flag 1 data 41378
[    7.0940] open fd = 257
[    7.1082] open name host:/models/urban/Textures/roof.png flag 1 data 41378
[    7.1118] open fd = 257
[    7.1128] open name host:/models/urban/Textures/roof.png flag 1 data 41378
[    7.1159] open fd = 257
[    7.1194] open name host:/models/urban/tree-park-large.tmdl flag 1 data 41378
[    7.1220] open fd = 257
[    7.1311] open name host:/models/urban/Textures/treeA.png flag 1 data 41378
[    7.1342] open fd = 257
[    7.1352] open name host:/models/urban/Textures/treeA.png flag 1 data 41378
[    7.1378] open fd = 257
[    7.1487] open name host:/models/urban/Textures/tiles.png flag 1 data 41378
[    7.1521] open fd = 257
[    7.1536] open name host:/models/urban/Textures/tiles.png flag 1 data 41378
[    7.1565] open fd = 257
[    7.1598] open name host:/models/urban/Textures/dirt.png flag 1 data 41378
[    7.1622] open fd = 257
[    7.1633] open name host:/models/urban/Textures/dirt.png flag 1 data 41378
[    7.1661] open fd = 257
[    7.1703] open name host:/models/urban/tree-park-pine-large.tmdl flag 1 data 41378
[    7.1724] open fd = 257
[    7.1797] open name host:/models/urban/Textures/treeB.png flag 1 data 41378
[    7.1822] open fd = 257
[    7.1832] open name host:/models/urban/Textures/treeB.png flag 1 data 41378
[    7.1856] open fd = 257
[    7.1881] open name host:/models/urban/detail-barrier-type-a.tmdl flag 1 data 41378
[    7.1900] open fd = 257
[    7.2014] open name host:/models/urban/Textures/signs.png flag 1 data 41378
[    7.2038] open fd = 257
[    7.2047] open name host:/models/urban/Textures/signs.png flag 1 data 41378
[    7.2078] open fd = 257
[    7.2108] open name host:/models/urban/detail-dumpster-closed.tmdl flag 1 data 41378
[    7.2130] open fd = 257
[    7.2163] open name host:/models/urban/Textures/metal_wall.png flag 1 data 41378
[    7.2186] open fd = 257
[    7.2194] open name host:/models/urban/Textures/metal_wall.png flag 1 data 41378
[    7.2222] open fd = 257
[    7.2251] open name host:/models/urban/Textures/wall.png flag 1 data 41378
[    7.2280] open fd = 257
[    7.2292] open name host:/models/urban/Textures/wall.png flag 1 data 41378
[    7.2321] open fd = 257
[    7.2350] open name host:/models/urban/detail-bench.tmdl flag 1 data 41378
[    7.2369] open fd = 257
[    7.2516] open name host:/models/urban/Textures/planks.png flag 1 data 41378
[    7.2544] open fd = 257
[    7.2553] open name host:/models/urban/Textures/planks.png flag 1 data 41378
[    7.2581] open fd = 257
[    7.2616] open name host:/models/urban/pallet.tmdl flag 1 data 41378
[    7.2639] open fd = 257
[    7.2721] open name host:/vehicles/veh-ravager000001-body.tmdl flag 1 data 41378
[    7.2738] open fd = 257
[    7.3866] open name host:/vehicles/veh-ravager000001-palette.png flag 1 data 41378
[    7.3882] open fd = 257
[    7.3955] open name host:/vehicles/veh-ravager000001-palette.png flag 1 data 41378
[    7.3972] open fd = 257
[    7.4110] open name host:/vehicles/veh-ravager000001-palette-image-0.png flag 1 data 41378
[    7.4126] open fd = 257
[    7.4133] open name host:/vehicles/veh-ravager000001-palette-image-0.png flag 1 data 41378
[    7.4147] open fd = 257
[    7.4338] open name host:/vehicles/veh-pica00000001-body.tmdl flag 1 data 41378
[    7.4355] open fd = 257
[    7.5419] open name host:/vehicles/veh-pica00000001-palette.png flag 1 data 41378
[    7.5436] open fd = 257
[    7.5443] open name host:/vehicles/veh-pica00000001-palette.png flag 1 data 41378
[    7.5458] open fd = 257
[    7.5477] open name host:/vehicles/veh-pica00000001-palette-image-0.png flag 1 data 41378
[    7.5492] open fd = 257
[    7.5499] open name host:/vehicles/veh-pica00000001-palette-image-0.png flag 1 data 41378
[    7.5514] open fd = 257
[    7.5785] open name host:/vehicles/veh-strix0000001-body.tmdl flag 1 data 41378
[    7.5802] open fd = 257
[    7.6984] open name host:/vehicles/veh-strix0000001-palette.png flag 1 data 41378
[    7.7001] open fd = 257
[    7.7008] open name host:/vehicles/veh-strix0000001-palette.png flag 1 data 41378
[    7.7023] open fd = 257
[    7.7044] open name host:/vehicles/veh-strix0000001-palette-image-0.png flag 1 data 41378
[    7.7059] open fd = 257
[    7.7065] open name host:/vehicles/veh-strix0000001-palette-image-0.png flag 1 data 41378
[    7.7079] open fd = 257
[    7.7364] open name host:/sky/scene0.png flag 1 data 41378
[    7.7383] open fd = 257
[    7.7389] open name host:/sky/scene0.png flag 1 data 41378
[    7.7404] open fd = 257
[    8.0136] open name host:/vehicles/fx-skid.png flag 1 data 41378
[    8.0154] open fd = 257
[    8.0161] open name host:/vehicles/fx-skid.png flag 1 data 41378
[    8.0174] open fd = 257
[    8.0316] open name host:/vehicles/fx-smoke.png flag 1 data 41378
[    8.0333] open fd = 257
[    8.0340] open name host:/vehicles/fx-smoke.png flag 1 data 41378
[    8.0355] open fd = 257
[    8.0394] open name host:/vehicles/veh-ravager000001-wheel.tmdl flag 1 data 41378
[    8.0411] open fd = 257
[    8.0483] open name host:/vehicles/veh-ravager000001-wheelfast.tmdl flag 1 data 41378
[    8.0498] open fd = 257
[    8.0555] open name host:/fonts/atlas-default.png flag 1 data 41378
[    8.0570] open fd = 257
[    8.0706] open name host:/hud/icons.png flag 1 data 41378
[    8.0724] open fd = 257
[    8.0866] open name host:/hud/loading-white.png flag 1 data 41378
[    8.0885] open fd = 257
[    8.0909] open name host:/vehicles/veh-pica00000001-wheel.tmdl flag 1 data 41378
[    8.0925] open fd = 257
[    8.0997] open name host:/vehicles/veh-pica00000001-wheelfast.tmdl flag 1 data 41378
[    8.1011] open fd = 257
[    8.1073] open name host:/vehicles/veh-strix0000001-wheel.tmdl flag 1 data 41378
[    8.1089] open fd = 257
[    8.1227] open name host:/vehicles/veh-strix0000001-wheelfast.tmdl flag 1 data 41378
[    8.1242] open fd = 257
[    8.1355] open name host:/textures/district-road.png flag 1 data 41378
[    8.1370] open fd = 257
[    8.1376] open name host:/textures/district-road.png flag 1 data 41378
[    8.1389] open fd = 257
[    8.2494] open name host:/textures/district-asphalt.png flag 1 data 41378
[    8.2512] open fd = 257
[    8.2518] open name host:/textures/district-asphalt.png flag 1 data 41378
[    8.2532] open fd = 257
[    8.2654] open name host:/textures/district-plaza.png flag 1 data 41378
[    8.2673] open fd = 257
[    8.2680] open name host:/textures/district-plaza.png flag 1 data 41378
[    8.2695] open fd = 257
[    8.3029] open name host:/gshadow/s0_2_1.png flag 1 data 41378
[    8.3048] open fd = 257
[    8.3055] open name host:/gshadow/s0_2_1.png flag 1 data 41378
[    8.3073] open fd = 257
[    8.3195] open name host:/gshadow/s0_1_1.png flag 1 data 41378
[    8.3211] open fd = 257
[    8.3218] open name host:/gshadow/s0_1_1.png flag 1 data 41378
[    8.3231] open fd = 257
[    8.3261] open name host:/gshadow/s0_3_1.png flag 1 data 41378
[    8.3276] open fd = 257
[    8.3282] open name host:/gshadow/s0_3_1.png flag 1 data 41378
[    8.3298] open fd = 257
[    8.3405] open name host:/gshadow/s0_2_2.png flag 1 data 41378
[    8.3423] open fd = 257
[    8.3430] open name host:/gshadow/s0_2_2.png flag 1 data 41378
[    8.3444] open fd = 257
[    8.3475] open name host:/gshadow/s0_1_2.png flag 1 data 41378
[    8.3492] open fd = 257
[    8.3500] open name host:/gshadow/s0_1_2.png flag 1 data 41378
[    8.3517] open fd = 257
[    8.3552] open name host:/gshadow/s0_3_2.png flag 1 data 41378
[    8.3566] open fd = 257
[    8.3573] open name host:/gshadow/s0_3_2.png flag 1 data 41378
[    8.3587] open fd = 257
[    8.3802] open name host:/gshadow/s0_0_1.png flag 1 data 41378
[    8.3820] open fd = 257
[    8.3829] open name host:/gshadow/s0_0_1.png flag 1 data 41378
[    8.3843] open fd = 257
[    8.3873] open name host:/gshadow/s0_4_1.png flag 1 data 41378
[    8.3889] open fd = 257
[    8.3895] open name host:/gshadow/s0_4_1.png flag 1 data 41378
[    8.3910] open fd = 257
[    8.3943] open name host:/gshadow/s0_4_0.png flag 1 data 41378
[    8.3958] open fd = 257
[    8.3964] open name host:/gshadow/s0_4_0.png flag 1 data 41378
[    8.3979] open fd = 257
[    8.4081] open name host:/gshadow/s0_2_3.png flag 1 data 41378
[    8.4097] open fd = 257
[    8.4103] open name host:/gshadow/s0_2_3.png flag 1 data 41378
[    8.4117] open fd = 257
[    8.4149] open name host:/gshadow/s0_0_2.png flag 1 data 41378
[    8.4163] open fd = 257
[    8.4170] open name host:/gshadow/s0_0_2.png flag 1 data 41378
[    8.4184] open fd = 257
[    8.4276] open name host:/gshadow/s0_4_2.png flag 1 data 41378
[    8.4292] open fd = 257
[    8.4301] open name host:/gshadow/s0_4_2.png flag 1 data 41378
[    8.4316] open fd = 257
[    8.4351] open name host:/gshadow/s0_1_3.png flag 1 data 41378
[    8.4367] open fd = 257
[    8.4374] open name host:/gshadow/s0_1_3.png flag 1 data 41378
[    8.4388] open fd = 257
[    8.4494] open name host:/gshadow/s0_3_3.png flag 1 data 41378
[    8.4512] open fd = 257
[    8.4521] open name host:/gshadow/s0_3_3.png flag 1 data 41378
[    8.4535] open fd = 257
[    8.4563] open name host:/gshadow/s0_0_3.png flag 1 data 41378
[    8.4577] open fd = 257
[    8.4585] open name host:/gshadow/s0_0_3.png flag 1 data 41378
[    8.4600] open fd = 257
[    8.4630] open name host:/gshadow/s0_4_3.png flag 1 data 41378
[    8.4645] open fd = 257
[    8.4653] open name host:/gshadow/s0_4_3.png flag 1 data 41378
[    8.4668] open fd = 257
[    9.2127] microVU1: Cached Prog = [000] [PC=2590] [List=01] (Cache=0.000%) [0.0mb]
[    9.2131] microVU1: 3 cycle stall on branch instruction [3368]
[    9.2131] microVU1: 3 cycle stall on branch instruction [3368]
[    9.2131] microVU1: 3 cycle stall on branch instruction [3380]
[    9.2131] microVU1: 3 cycle stall on branch instruction [3380]
[    9.2131] microVU1: 3 cycle stall on branch instruction [33b8]
[    9.2131] microVU1: 3 cycle stall on branch instruction [33b8]
[    9.2131] microVU1: 3 cycle stall on branch instruction [33d8]
[    9.2131] microVU1: 3 cycle stall on branch instruction [33d8]
[    9.2133] microVU1: 3 cycle stall on branch instruction [3368]
[    9.2133] microVU1: 3 cycle stall on branch instruction [3368]
[    9.2133] microVU1: 3 cycle stall on branch instruction [3380]
[    9.2133] microVU1: 3 cycle stall on branch instruction [3380]
[    9.2133] microVU1: 3 cycle stall on branch instruction [33b8]
[    9.2133] microVU1: 3 cycle stall on branch instruction [33b8]
[    9.2133] microVU1: 3 cycle stall on branch instruction [33d8]
[    9.2133] microVU1: 3 cycle stall on branch instruction [33d8]
[    9.2134] microVU1: 3 cycle stall on branch instruction [3368]
[    9.2134] microVU1: 3 cycle stall on branch instruction [3368]
[    9.2134] microVU1: 3 cycle stall on branch instruction [3380]
[    9.2134] microVU1: 3 cycle stall on branch instruction [3380]
[    9.2134] microVU1: 3 cycle stall on branch instruction [33b8]
[    9.2135] microVU1: 3 cycle stall on branch instruction [33b8]
[    9.2135] microVU1: 3 cycle stall on branch instruction [33d8]
[    9.2135] microVU1: 3 cycle stall on branch instruction [33d8]
[    9.2136] microVU1: 3 cycle stall on branch instruction [3368]
[    9.2136] microVU1: 3 cycle stall on branch instruction [3368]
[    9.2136] microVU1: 3 cycle stall on branch instruction [3380]
[    9.2136] microVU1: 3 cycle stall on branch instruction [3380]
[    9.2136] microVU1: 3 cycle stall on branch instruction [33b8]
[    9.2136] microVU1: 3 cycle stall on branch instruction [33b8]
[    9.2136] microVU1: 3 cycle stall on branch instruction [33d8]
[    9.2136] microVU1: 3 cycle stall on branch instruction [33d8]
[    9.2142] microVU1: 3 cycle stall on branch instruction [3368]
[    9.2142] microVU1: 3 cycle stall on branch instruction [3368]
[    9.2142] microVU1: 3 cycle stall on branch instruction [3380]
[    9.2142] microVU1: 3 cycle stall on branch instruction [3380]
[    9.2143] microVU1: 3 cycle stall on branch instruction [33b8]
[    9.2143] microVU1: 3 cycle stall on branch instruction [33b8]
[    9.2143] microVU1: 3 cycle stall on branch instruction [33d8]
[    9.2143] microVU1: 3 cycle stall on branch instruction [33d8]
[    9.2144] microVU1: 3 cycle stall on branch instruction [3368]
[    9.2144] microVU1: 3 cycle stall on branch instruction [3368]
[    9.2144] microVU1: 3 cycle stall on branch instruction [3380]
[    9.2144] microVU1: 3 cycle stall on branch instruction [3380]
[    9.2144] microVU1: 3 cycle stall on branch instruction [33b8]
[    9.2144] microVU1: 3 cycle stall on branch instruction [33b8]
[    9.2144] microVU1: 3 cycle stall on branch instruction [33d8]
[    9.2144] microVU1: 3 cycle stall on branch instruction [33d8]
[    9.2145] microVU1: 3 cycle stall on branch instruction [3368]
[    9.2145] microVU1: 3 cycle stall on branch instruction [3368]
[    9.2145] microVU1: 3 cycle stall on branch instruction [3380]
[    9.2145] microVU1: 3 cycle stall on branch instruction [3380]
[    9.2146] microVU1: 3 cycle stall on branch instruction [33b8]
[    9.2146] microVU1: 3 cycle stall on branch instruction [33b8]
[    9.2146] microVU1: 3 cycle stall on branch instruction [33d8]
[    9.2146] microVU1: 3 cycle stall on branch instruction [33d8]
[    9.2147] microVU1: 3 cycle stall on branch instruction [3368]
[    9.2147] microVU1: 3 cycle stall on branch instruction [3368]
[    9.2147] microVU1: 3 cycle stall on branch instruction [3380]
[    9.2147] microVU1: 3 cycle stall on branch instruction [3380]
[    9.2147] microVU1: 3 cycle stall on branch instruction [33b8]
[    9.2148] microVU1: 3 cycle stall on branch instruction [33b8]
[    9.2148] microVU1: 3 cycle stall on branch instruction [33d8]
[    9.2148] microVU1: 3 cycle stall on branch instruction [33d8]
[    9.2153] microVU1: 3 cycle stall on branch instruction [3368]
[    9.2153] microVU1: 3 cycle stall on branch instruction [3368]
[    9.2153] microVU1: 3 cycle stall on branch instruction [3380]
[    9.2153] microVU1: 3 cycle stall on branch instruction [3380]
[    9.2153] microVU1: 3 cycle stall on branch instruction [33b8]
[    9.2153] microVU1: 3 cycle stall on branch instruction [33b8]
[    9.2153] microVU1: 3 cycle stall on branch instruction [33d8]
[    9.2153] microVU1: 3 cycle stall on branch instruction [33d8]
[    9.2154] microVU1: 3 cycle stall on branch instruction [3368]
[    9.2155] microVU1: 3 cycle stall on branch instruction [3368]
[    9.2155] microVU1: 3 cycle stall on branch instruction [3380]
[    9.2155] microVU1: 3 cycle stall on branch instruction [3380]
[    9.2155] microVU1: 3 cycle stall on branch instruction [33b8]
[    9.2155] microVU1: 3 cycle stall on branch instruction [33b8]
[    9.2155] microVU1: 3 cycle stall on branch instruction [33d8]
[    9.2155] microVU1: 3 cycle stall on branch instruction [33d8]
[    9.2156] microVU1: 3 cycle stall on branch instruction [3368]
[    9.2156] microVU1: 3 cycle stall on branch instruction [3368]
[    9.2156] microVU1: 3 cycle stall on branch instruction [3380]
[    9.2156] microVU1: 3 cycle stall on branch instruction [3380]
[    9.2156] microVU1: 3 cycle stall on branch instruction [33b8]
[    9.2156] microVU1: 3 cycle stall on branch instruction [33b8]
[    9.2156] microVU1: 3 cycle stall on branch instruction [33d8]
[    9.2156] microVU1: 3 cycle stall on branch instruction [33d8]
[    9.2158] microVU1: 3 cycle stall on branch instruction [3368]
[    9.2158] microVU1: 3 cycle stall on branch instruction [3368]
[    9.2158] microVU1: 3 cycle stall on branch instruction [3380]
[    9.2158] microVU1: 3 cycle stall on branch instruction [3380]
[    9.2158] microVU1: 3 cycle stall on branch instruction [33b8]
[    9.2158] microVU1: 3 cycle stall on branch instruction [33b8]
[    9.2158] microVU1: 3 cycle stall on branch instruction [33d8]
[    9.2158] microVU1: 3 cycle stall on branch instruction [33d8]
[    9.2162] microVU1: 3 cycle stall on branch instruction [3368]
[    9.2162] microVU1: 3 cycle stall on branch instruction [3368]
[    9.2162] microVU1: 3 cycle stall on branch instruction [3380]
[    9.2162] microVU1: 3 cycle stall on branch instruction [3380]
[    9.2162] microVU1: 3 cycle stall on branch instruction [33b8]
[    9.2162] microVU1: 3 cycle stall on branch instruction [33b8]
[    9.2162] microVU1: 3 cycle stall on branch instruction [33d8]
[    9.2163] microVU1: 3 cycle stall on branch instruction [33d8]
[    9.2164] microVU1: 3 cycle stall on branch instruction [3368]
[    9.2164] microVU1: 3 cycle stall on branch instruction [3368]
[    9.2164] microVU1: 3 cycle stall on branch instruction [3380]
[    9.2164] microVU1: 3 cycle stall on branch instruction [3380]
[    9.2165] microVU1: 3 cycle stall on branch instruction [33b8]
[    9.2165] microVU1: 3 cycle stall on branch instruction [33b8]
[    9.2165] microVU1: 3 cycle stall on branch instruction [33d8]
[    9.2165] microVU1: 3 cycle stall on branch instruction [33d8]
[    9.2166] microVU1: 3 cycle stall on branch instruction [3368]
[    9.2166] microVU1: 3 cycle stall on branch instruction [3368]
[    9.2166] microVU1: 3 cycle stall on branch instruction [3380]
[    9.2166] microVU1: 3 cycle stall on branch instruction [3380]
[    9.2167] microVU1: 3 cycle stall on branch instruction [33b8]
[    9.2167] microVU1: 3 cycle stall on branch instruction [33b8]
[    9.2167] microVU1: 3 cycle stall on branch instruction [33d8]
[    9.2167] microVU1: 3 cycle stall on branch instruction [33d8]
[    9.2168] microVU1: 3 cycle stall on branch instruction [3368]
[    9.2168] microVU1: 3 cycle stall on branch instruction [3368]
[    9.2168] microVU1: 3 cycle stall on branch instruction [3380]
[    9.2168] microVU1: 3 cycle stall on branch instruction [3380]
[    9.2169] microVU1: 3 cycle stall on branch instruction [33b8]
[    9.2169] microVU1: 3 cycle stall on branch instruction [33b8]
[    9.2169] microVU1: 3 cycle stall on branch instruction [33d8]
[    9.2169] microVU1: 3 cycle stall on branch instruction [33d8]
[    9.2177] microVU1: 3 cycle stall on branch instruction [2c58]
[    9.2191] microVU1: Cached Prog = [001] [PC=1a30] [List=01] (Cache=0.677%) [0.4mb]
[    9.2191] microVU1: 1 cycle stall on branch instruction [1ae8]
[    9.2192] microVU1: 3 cycle stall on branch instruction [1ba0]
[    9.2195] microVU1: 3 cycle stall on branch instruction [2520]
[    9.2196] microVU1: 3 cycle stall on branch instruction [1ba0]
[    9.2199] microVU1: 3 cycle stall on branch instruction [2520]
[    9.2199] microVU1: 3 cycle stall on branch instruction [1ba0]
[    9.2200] microVU1: 3 cycle stall on branch instruction [2520]
[    9.2200] microVU1: 3 cycle stall on branch instruction [1ba0]
[    9.2204] microVU1: 3 cycle stall on branch instruction [2520]
[    9.2204] microVU1: 3 cycle stall on branch instruction [1ba0]
[    9.2207] microVU1: 3 cycle stall on branch instruction [2520]
[    9.2207] microVU1: 3 cycle stall on branch instruction [1ba0]
[    9.2208] microVU1: 3 cycle stall on branch instruction [2520]
[    9.2209] microVU1: 3 cycle stall on branch instruction [1ba0]
[    9.2210] microVU1: 3 cycle stall on branch instruction [2520]
[    9.2211] microVU1: 3 cycle stall on branch instruction [1ba0]
[    9.2211] microVU1: 3 cycle stall on branch instruction [1fc0]
[    9.2212] microVU1: 3 cycle stall on branch instruction [2520]
[    9.2212] microVU1: 3 cycle stall on branch instruction [1ba0]
[    9.2214] microVU1: 3 cycle stall on branch instruction [2520]
[    9.2214] microVU1: 3 cycle stall on branch instruction [1ba0]
[    9.2217] microVU1: 3 cycle stall on branch instruction [2520]
[    9.2218] microVU1: 3 cycle stall on branch instruction [1ba0]
[    9.2219] microVU1: 3 cycle stall on branch instruction [2520]
[    9.2219] microVU1: 3 cycle stall on branch instruction [1ba0]
[    9.2224] microVU1: 3 cycle stall on branch instruction [2520]
[    9.2225] microVU1: 3 cycle stall on branch instruction [1ba0]
[    9.2227] microVU1: 3 cycle stall on branch instruction [2520]
[    9.2227] microVU1: 3 cycle stall on branch instruction [1ba0]
[    9.2232] microVU1: 3 cycle stall on branch instruction [2520]
[    9.2232] microVU1: 3 cycle stall on branch instruction [1ba0]
[    9.2240] microVU1: 3 cycle stall on branch instruction [1fc0]
[    9.2241] microVU1: 3 cycle stall on branch instruction [2520]
[    9.2241] microVU1: 3 cycle stall on branch instruction [1ba0]
[    9.2242] microVU1: 3 cycle stall on branch instruction [1fc0]
[    9.2244] microVU1: 3 cycle stall on branch instruction [1fc0]
[    9.2245] microVU1: 3 cycle stall on branch instruction [2520]
[    9.2245] microVU1: 3 cycle stall on branch instruction [1ba0]
[    9.2246] microVU1: 3 cycle stall on branch instruction [1fc0]
[    9.2247] microVU1: 3 cycle stall on branch instruction [1fc0]
[    9.2249] microVU1: 3 cycle stall on branch instruction [1fc0]
[    9.2250] microVU1: 3 cycle stall on branch instruction [1fc0]
[    9.2252] microVU1: 3 cycle stall on branch instruction [1fc0]
[    9.2253] microVU1: 3 cycle stall on branch instruction [1fc0]
[    9.2255] microVU1: 3 cycle stall on branch instruction [1fc0]
[    9.2256] microVU1: 3 cycle stall on branch instruction [1fc0]
[    9.2257] microVU1: 3 cycle stall on branch instruction [1fc0]
[    9.2258] microVU1: 3 cycle stall on branch instruction [1fc0]
[    9.2259] microVU1: 3 cycle stall on branch instruction [1fc0]
[    9.2260] microVU1: 3 cycle stall on branch instruction [1fc0]
[    9.2261] microVU1: 3 cycle stall on branch instruction [1ba0]
[    9.2262] microVU1: Cached Prog = [002] [PC=2578] [List=01] (Cache=1.397%) [0.9mb]
[    9.2262] microVU1: 1 cycle stall on branch instruction [1ae8]
[    9.2262] microVU1: 3 cycle stall on branch instruction [1ba0]
[    9.2265] microVU1: 3 cycle stall on branch instruction [2520]
[    9.2266] microVU1: 3 cycle stall on branch instruction [1ba0]
[    9.2268] microVU1: 3 cycle stall on branch instruction [2520]
[    9.2268] microVU1: 3 cycle stall on branch instruction [1ba0]
[    9.2270] microVU1: 3 cycle stall on branch instruction [2520]
[    9.2270] microVU1: 3 cycle stall on branch instruction [1ba0]
[    9.2274] microVU1: 3 cycle stall on branch instruction [2520]
[    9.2274] microVU1: 3 cycle stall on branch instruction [1ba0]
[    9.2277] microVU1: 3 cycle stall on branch instruction [2520]
[    9.2277] microVU1: 3 cycle stall on branch instruction [1ba0]
[    9.2279] microVU1: 3 cycle stall on branch instruction [2520]
[    9.2279] microVU1: 3 cycle stall on branch instruction [1ba0]
[    9.2281] microVU1: 3 cycle stall on branch instruction [2520]
[    9.2281] microVU1: 3 cycle stall on branch instruction [1ba0]
[    9.2281] microVU1: 3 cycle stall on branch instruction [1fc0]
[    9.2283] microVU1: 3 cycle stall on branch instruction [2520]
[    9.2283] microVU1: 3 cycle stall on branch instruction [1ba0]
[    9.2284] microVU1: 3 cycle stall on branch instruction [2520]
[    9.2293] microVU1: 3 cycle stall on branch instruction [1ba0]
[    9.2297] microVU1: 3 cycle stall on branch instruction [2520]
[    9.2298] microVU1: 3 cycle stall on branch instruction [1ba0]
[    9.2299] microVU1: 3 cycle stall on branch instruction [2520]
[    9.2299] microVU1: 3 cycle stall on branch instruction [1ba0]
[    9.2304] microVU1: 3 cycle stall on branch instruction [2520]
[    9.2304] microVU1: 3 cycle stall on branch instruction [1ba0]
[    9.2306] microVU1: 3 cycle stall on branch instruction [2520]
[    9.2306] microVU1: 3 cycle stall on branch instruction [1ba0]
[    9.2310] microVU1: 3 cycle stall on branch instruction [2520]
[    9.2310] microVU1: 3 cycle stall on branch instruction [1ba0]
[    9.2315] microVU1: 3 cycle stall on branch instruction [1fc0]
[    9.2316] microVU1: 3 cycle stall on branch instruction [2520]
[    9.2316] microVU1: 3 cycle stall on branch instruction [1ba0]
[    9.2317] microVU1: 3 cycle stall on branch instruction [1fc0]
[    9.2318] microVU1: 3 cycle stall on branch instruction [1fc0]
[    9.2319] microVU1: 3 cycle stall on branch instruction [2520]
[    9.2319] microVU1: 3 cycle stall on branch instruction [1ba0]
[    9.2320] microVU1: 3 cycle stall on branch instruction [1fc0]
[    9.2321] microVU1: 3 cycle stall on branch instruction [1fc0]
[    9.2323] microVU1: 3 cycle stall on branch instruction [1fc0]
[    9.2324] microVU1: 3 cycle stall on branch instruction [1fc0]
[    9.2326] microVU1: 3 cycle stall on branch instruction [1fc0]
[    9.2327] microVU1: 3 cycle stall on branch instruction [1fc0]
[    9.2328] microVU1: 3 cycle stall on branch instruction [1fc0]
[    9.2329] microVU1: 3 cycle stall on branch instruction [1fc0]
[    9.2330] microVU1: 3 cycle stall on branch instruction [1fc0]
[    9.2331] microVU1: 3 cycle stall on branch instruction [1fc0]
[    9.2332] microVU1: 3 cycle stall on branch instruction [1fc0]
[    9.2332] microVU1: 3 cycle stall on branch instruction [1fc0]
[    9.2333] microVU1: 3 cycle stall on branch instruction [1ba0]
[    9.2335] microVU1: Cached Prog = [003] [PC=3550] [List=01] (Cache=2.117%) [1.3mb]
[    9.2338] microVU1: 3 cycle stall on branch instruction [3368]
[    9.2338] microVU1: 3 cycle stall on branch instruction [3368]
[    9.2338] microVU1: 3 cycle stall on branch instruction [3380]
[    9.2338] microVU1: 3 cycle stall on branch instruction [3380]
[    9.2338] microVU1: 3 cycle stall on branch instruction [33b8]
[    9.2338] microVU1: 3 cycle stall on branch instruction [33b8]
[    9.2338] microVU1: 3 cycle stall on branch instruction [33d8]
[    9.2338] microVU1: 3 cycle stall on branch instruction [33d8]
[    9.2339] microVU1: 3 cycle stall on branch instruction [3368]
[    9.2339] microVU1: 3 cycle stall on branch instruction [3368]
[    9.2339] microVU1: 3 cycle stall on branch instruction [3380]
[    9.2339] microVU1: 3 cycle stall on branch instruction [3380]
[    9.2340] microVU1: 3 cycle stall on branch instruction [33b8]
[    9.2340] microVU1: 3 cycle stall on branch instruction [33b8]
[    9.2340] microVU1: 3 cycle stall on branch instruction [33d8]
[    9.2340] microVU1: 3 cycle stall on branch instruction [33d8]
[    9.2341] microVU1: 3 cycle stall on branch instruction [3368]
[    9.2341] microVU1: 3 cycle stall on branch instruction [3368]
[    9.2341] microVU1: 3 cycle stall on branch instruction [3380]
[    9.2341] microVU1: 3 cycle stall on branch instruction [3380]
[    9.2341] microVU1: 3 cycle stall on branch instruction [33b8]
[    9.2341] microVU1: 3 cycle stall on branch instruction [33b8]
[    9.2341] microVU1: 3 cycle stall on branch instruction [33d8]
[    9.2341] microVU1: 3 cycle stall on branch instruction [33d8]
[    9.2342] microVU1: 3 cycle stall on branch instruction [3368]
[    9.2342] microVU1: 3 cycle stall on branch instruction [3368]
[    9.2342] microVU1: 3 cycle stall on branch instruction [3380]
[    9.2342] microVU1: 3 cycle stall on branch instruction [3380]
[    9.2343] microVU1: 3 cycle stall on branch instruction [33b8]
[    9.2343] microVU1: 3 cycle stall on branch instruction [33b8]
[    9.2343] microVU1: 3 cycle stall on branch instruction [33d8]
[    9.2343] microVU1: 3 cycle stall on branch instruction [33d8]
[    9.2346] microVU1: 3 cycle stall on branch instruction [3368]
[    9.2346] microVU1: 3 cycle stall on branch instruction [3368]
[    9.2347] microVU1: 3 cycle stall on branch instruction [3380]
[    9.2347] microVU1: 3 cycle stall on branch instruction [3380]
[    9.2347] microVU1: 3 cycle stall on branch instruction [33b8]
[    9.2347] microVU1: 3 cycle stall on branch instruction [33b8]
[    9.2347] microVU1: 3 cycle stall on branch instruction [33d8]
[    9.2347] microVU1: 3 cycle stall on branch instruction [33d8]
[    9.2348] microVU1: 3 cycle stall on branch instruction [3368]
[    9.2348] microVU1: 3 cycle stall on branch instruction [3368]
[    9.2348] microVU1: 3 cycle stall on branch instruction [3380]
[    9.2348] microVU1: 3 cycle stall on branch instruction [3380]
[    9.2348] microVU1: 3 cycle stall on branch instruction [33b8]
[    9.2348] microVU1: 3 cycle stall on branch instruction [33b8]
[    9.2348] microVU1: 3 cycle stall on branch instruction [33d8]
[    9.2348] microVU1: 3 cycle stall on branch instruction [33d8]
[    9.2349] microVU1: 3 cycle stall on branch instruction [3368]
[    9.2349] microVU1: 3 cycle stall on branch instruction [3368]
[    9.2349] microVU1: 3 cycle stall on branch instruction [3380]
[    9.2349] microVU1: 3 cycle stall on branch instruction [3380]
[    9.2349] microVU1: 3 cycle stall on branch instruction [33b8]
[    9.2349] microVU1: 3 cycle stall on branch instruction [33b8]
[    9.2350] microVU1: 3 cycle stall on branch instruction [33d8]
[    9.2350] microVU1: 3 cycle stall on branch instruction [33d8]
[    9.2350] microVU1: 3 cycle stall on branch instruction [3368]
[    9.2350] microVU1: 3 cycle stall on branch instruction [3368]
[    9.2351] microVU1: 3 cycle stall on branch instruction [3380]
[    9.2351] microVU1: 3 cycle stall on branch instruction [3380]
[    9.2351] microVU1: 3 cycle stall on branch instruction [33b8]
[    9.2351] microVU1: 3 cycle stall on branch instruction [33b8]
[    9.2351] microVU1: 3 cycle stall on branch instruction [33d8]
[    9.2351] microVU1: 3 cycle stall on branch instruction [33d8]
[    9.2354] microVU1: 3 cycle stall on branch instruction [3368]
[    9.2354] microVU1: 3 cycle stall on branch instruction [3368]
[    9.2354] microVU1: 3 cycle stall on branch instruction [3380]
[    9.2354] microVU1: 3 cycle stall on branch instruction [3380]
[    9.2355] microVU1: 3 cycle stall on branch instruction [33b8]
[    9.2355] microVU1: 3 cycle stall on branch instruction [33b8]
[    9.2355] microVU1: 3 cycle stall on branch instruction [33d8]
[    9.2355] microVU1: 3 cycle stall on branch instruction [33d8]
[    9.2356] microVU1: 3 cycle stall on branch instruction [3368]
[    9.2356] microVU1: 3 cycle stall on branch instruction [3368]
[    9.2356] microVU1: 3 cycle stall on branch instruction [3380]
[    9.2356] microVU1: 3 cycle stall on branch instruction [3380]
[    9.2356] microVU1: 3 cycle stall on branch instruction [33b8]
[    9.2356] microVU1: 3 cycle stall on branch instruction [33b8]
[    9.2356] microVU1: 3 cycle stall on branch instruction [33d8]
[    9.2356] microVU1: 3 cycle stall on branch instruction [33d8]
[    9.2357] microVU1: 3 cycle stall on branch instruction [3368]
[    9.2357] microVU1: 3 cycle stall on branch instruction [3368]
[    9.2357] microVU1: 3 cycle stall on branch instruction [3380]
[    9.2357] microVU1: 3 cycle stall on branch instruction [3380]
[    9.2358] microVU1: 3 cycle stall on branch instruction [33b8]
[    9.2358] microVU1: 3 cycle stall on branch instruction [33b8]
[    9.2358] microVU1: 3 cycle stall on branch instruction [33d8]
[    9.2358] microVU1: 3 cycle stall on branch instruction [33d8]
[    9.2359] microVU1: 3 cycle stall on branch instruction [3368]
[    9.2359] microVU1: 3 cycle stall on branch instruction [3368]
[    9.2359] microVU1: 3 cycle stall on branch instruction [3380]
[    9.2359] microVU1: 3 cycle stall on branch instruction [3380]
[    9.2359] microVU1: 3 cycle stall on branch instruction [33b8]
[    9.2359] microVU1: 3 cycle stall on branch instruction [33b8]
[    9.2359] microVU1: 3 cycle stall on branch instruction [33d8]
[    9.2359] microVU1: 3 cycle stall on branch instruction [33d8]
[    9.2362] microVU1: 3 cycle stall on branch instruction [3368]
[    9.2362] microVU1: 3 cycle stall on branch instruction [3368]
[    9.2363] microVU1: 3 cycle stall on branch instruction [3380]
[    9.2363] microVU1: 3 cycle stall on branch instruction [3380]
[    9.2363] microVU1: 3 cycle stall on branch instruction [33b8]
[    9.2363] microVU1: 3 cycle stall on branch instruction [33b8]
[    9.2363] microVU1: 3 cycle stall on branch instruction [33d8]
[    9.2363] microVU1: 3 cycle stall on branch instruction [33d8]
[    9.2364] microVU1: 3 cycle stall on branch instruction [3368]
[    9.2364] microVU1: 3 cycle stall on branch instruction [3368]
[    9.2364] microVU1: 3 cycle stall on branch instruction [3380]
[    9.2364] microVU1: 3 cycle stall on branch instruction [3380]
[    9.2364] microVU1: 3 cycle stall on branch instruction [33b8]
[    9.2364] microVU1: 3 cycle stall on branch instruction [33b8]
[    9.2364] microVU1: 3 cycle stall on branch instruction [33d8]
[    9.2364] microVU1: 3 cycle stall on branch instruction [33d8]
[    9.2365] microVU1: 3 cycle stall on branch instruction [3368]
[    9.2365] microVU1: 3 cycle stall on branch instruction [3368]
[    9.2365] microVU1: 3 cycle stall on branch instruction [3380]
[    9.2365] microVU1: 3 cycle stall on branch instruction [3380]
[    9.2366] microVU1: 3 cycle stall on branch instruction [33b8]
[    9.2366] microVU1: 3 cycle stall on branch instruction [33b8]
[    9.2366] microVU1: 3 cycle stall on branch instruction [33d8]
[    9.2366] microVU1: 3 cycle stall on branch instruction [33d8]
[    9.2367] microVU1: 3 cycle stall on branch instruction [3368]
[    9.2367] microVU1: 3 cycle stall on branch instruction [3368]
[    9.2367] microVU1: 3 cycle stall on branch instruction [3380]
[    9.2367] microVU1: 3 cycle stall on branch instruction [3380]
[    9.2367] microVU1: 3 cycle stall on branch instruction [33b8]
[    9.2367] microVU1: 3 cycle stall on branch instruction [33b8]
[    9.2367] microVU1: 3 cycle stall on branch instruction [33d8]
[    9.2367] microVU1: 3 cycle stall on branch instruction [33d8]
[    9.2373] microVU1: 3 cycle stall on branch instruction [2c58]
[    9.2388] microVU1: Cached Prog = [004] [PC=0000] [List=01] (Cache=2.794%) [1.7mb]
[    9.2400] microVU1: Cached Prog = [005] [PC=0710] [List=01] (Cache=2.887%) [1.8mb]
[    9.2400] microVU1: 2 cycle stall on branch instruction [07c8]
[    9.2404] microVU1: 3 cycle stall on branch instruction [1108]
[    9.2404] microVU1: 3 cycle stall on branch instruction [1130]
[    9.2407] microVU1: 3 cycle stall on branch instruction [1108]
[    9.2408] microVU1: 3 cycle stall on branch instruction [1130]
[    9.2409] microVU1: 3 cycle stall on branch instruction [1108]
[    9.2409] microVU1: 3 cycle stall on branch instruction [1130]
[    9.2412] microVU1: 3 cycle stall on branch instruction [1108]
[    9.2412] microVU1: 3 cycle stall on branch instruction [1130]
[    9.2414] microVU1: 3 cycle stall on branch instruction [1108]
[    9.2415] microVU1: 3 cycle stall on branch instruction [1130]
[    9.2416] microVU1: 3 cycle stall on branch instruction [1108]
[    9.2416] microVU1: 3 cycle stall on branch instruction [1130]
[    9.2418] microVU1: 3 cycle stall on branch instruction [1108]
[    9.2418] microVU1: 3 cycle stall on branch instruction [1130]
[    9.2418] microVU1: 3 cycle stall on branch instruction [09e8]
[    9.2419] microVU1: 3 cycle stall on branch instruction [0a70]
[    9.2419] microVU1: 3 cycle stall on branch instruction [1108]
[    9.2420] microVU1: 3 cycle stall on branch instruction [1130]
[    9.2423] microVU1: 3 cycle stall on branch instruction [1108]
[    9.2423] microVU1: 3 cycle stall on branch instruction [1130]
[    9.2424] microVU1: 3 cycle stall on branch instruction [1108]
[    9.2424] microVU1: 3 cycle stall on branch instruction [1130]
[    9.2428] microVU1: 3 cycle stall on branch instruction [1108]
[    9.2429] microVU1: 3 cycle stall on branch instruction [1130]
[    9.2431] microVU1: 3 cycle stall on branch instruction [1108]
[    9.2431] microVU1: 3 cycle stall on branch instruction [1130]
[    9.2432] microVU1: 3 cycle stall on branch instruction [1108]
[    9.2432] microVU1: 3 cycle stall on branch instruction [1130]
[    9.2439] microVU1: 3 cycle stall on branch instruction [1108]
[    9.2439] microVU1: 3 cycle stall on branch instruction [1130]
[    9.2440] microVU1: 3 cycle stall on branch instruction [09e8]
[    9.2440] microVU1: 3 cycle stall on branch instruction [0a70]
[    9.2445] microVU1: 3 cycle stall on branch instruction [09e8]
[    9.2445] microVU1: 3 cycle stall on branch instruction [0a70]
[    9.2447] microVU1: 3 cycle stall on branch instruction [09e8]
[    9.2447] microVU1: 3 cycle stall on branch instruction [0a70]
[    9.2449] microVU1: 3 cycle stall on branch instruction [1108]
[    9.2449] microVU1: 3 cycle stall on branch instruction [1130]
[    9.2450] microVU1: 3 cycle stall on branch instruction [09e8]
[    9.2451] microVU1: 3 cycle stall on branch instruction [0a70]
[    9.2452] microVU1: 3 cycle stall on branch instruction [09e8]
[    9.2452] microVU1: 3 cycle stall on branch instruction [0a70]
[    9.2454] microVU1: 3 cycle stall on branch instruction [1108]
[    9.2454] microVU1: 3 cycle stall on branch instruction [1130]
[    9.2455] microVU1: 3 cycle stall on branch instruction [09e8]
[    9.2455] microVU1: 3 cycle stall on branch instruction [0a70]
[    9.2457] microVU1: 3 cycle stall on branch instruction [09e8]
[    9.2457] microVU1: 3 cycle stall on branch instruction [0a70]
[    9.2458] microVU1: 3 cycle stall on branch instruction [09e8]
[    9.2459] microVU1: 3 cycle stall on branch instruction [0a70]
[    9.2460] microVU1: 3 cycle stall on branch instruction [09e8]
[    9.2461] microVU1: 3 cycle stall on branch instruction [0a70]
[    9.2463] microVU1: 3 cycle stall on branch instruction [09e8]
[    9.2463] microVU1: 3 cycle stall on branch instruction [0a70]
[    9.2465] microVU1: 3 cycle stall on branch instruction [09e8]
[    9.2465] microVU1: 3 cycle stall on branch instruction [0a70]
[    9.2466] microVU1: 3 cycle stall on branch instruction [09e8]
[    9.2467] microVU1: 3 cycle stall on branch instruction [0a70]
[    9.2468] microVU1: 3 cycle stall on branch instruction [09e8]
[    9.2468] microVU1: 3 cycle stall on branch instruction [0a70]
[    9.2470] microVU1: 3 cycle stall on branch instruction [09e8]
[    9.2470] microVU1: 3 cycle stall on branch instruction [0a70]
[    9.2471] microVU1: 3 cycle stall on branch instruction [09e8]
[    9.2472] microVU1: 3 cycle stall on branch instruction [0a70]
[    9.2473] microVU1: 3 cycle stall on branch instruction [07f0]
[    9.2474] microVU1: Cached Prog = [006] [PC=1188] [List=01] (Cache=3.688%) [2.2mb]
[    9.2475] microVU1: 2 cycle stall on branch instruction [07c8]
[    9.2477] microVU1: 3 cycle stall on branch instruction [1108]
[    9.2477] microVU1: 3 cycle stall on branch instruction [1130]
[    9.2481] microVU1: 3 cycle stall on branch instruction [1108]
[    9.2481] microVU1: 3 cycle stall on branch instruction [1130]
[    9.2482] microVU1: 3 cycle stall on branch instruction [1108]
[    9.2483] microVU1: 3 cycle stall on branch instruction [1130]
[    9.2487] microVU1: 3 cycle stall on branch instruction [1108]
[    9.2487] microVU1: 3 cycle stall on branch instruction [1130]
[    9.2489] microVU1: 3 cycle stall on branch instruction [1108]
[    9.2490] microVU1: 3 cycle stall on branch instruction [1130]
[    9.2491] microVU1: 3 cycle stall on branch instruction [1108]
[    9.2491] microVU1: 3 cycle stall on branch instruction [1130]
[    9.2492] microVU1: 3 cycle stall on branch instruction [1108]
[    9.2493] microVU1: 3 cycle stall on branch instruction [1130]
[    9.2493] microVU1: 3 cycle stall on branch instruction [09e8]
[    9.2493] microVU1: 3 cycle stall on branch instruction [0a70]
[    9.2494] microVU1: 3 cycle stall on branch instruction [1108]
[    9.2494] microVU1: 3 cycle stall on branch instruction [1130]
[    9.2497] microVU1: 3 cycle stall on branch instruction [1108]
[    9.2498] microVU1: 3 cycle stall on branch instruction [1130]
[    9.2499] microVU1: 3 cycle stall on branch instruction [1108]
[    9.2499] microVU1: 3 cycle stall on branch instruction [1130]
[    9.2503] microVU1: 3 cycle stall on branch instruction [1108]
[    9.2503] microVU1: 3 cycle stall on branch instruction [1130]
[    9.2506] microVU1: 3 cycle stall on branch instruction [1108]
[    9.2506] microVU1: 3 cycle stall on branch instruction [1130]
[    9.2507] microVU1: 3 cycle stall on branch instruction [1108]
[    9.2507] microVU1: 3 cycle stall on branch instruction [1130]
[    9.2513] microVU1: 3 cycle stall on branch instruction [1108]
[    9.2513] microVU1: 3 cycle stall on branch instruction [1130]
[    9.2514] microVU1: 3 cycle stall on branch instruction [09e8]
[    9.2514] microVU1: 3 cycle stall on branch instruction [0a70]
[    9.2517] microVU1: 3 cycle stall on branch instruction [09e8]
[    9.2517] microVU1: 3 cycle stall on branch instruction [0a70]
[    9.2519] microVU1: 3 cycle stall on branch instruction [09e8]
[    9.2519] microVU1: 3 cycle stall on branch instruction [0a70]
[    9.2521] microVU1: 3 cycle stall on branch instruction [1108]
[    9.2521] microVU1: 3 cycle stall on branch instruction [1130]
[    9.2522] microVU1: 3 cycle stall on branch instruction [09e8]
[    9.2522] microVU1: 3 cycle stall on branch instruction [0a70]
[    9.2523] microVU1: 3 cycle stall on branch instruction [09e8]
[    9.2524] microVU1: 3 cycle stall on branch instruction [0a70]
[    9.2526] microVU1: 3 cycle stall on branch instruction [1108]
[    9.2526] microVU1: 3 cycle stall on branch instruction [1130]
[    9.2527] microVU1: 3 cycle stall on branch instruction [09e8]
[    9.2527] microVU1: 3 cycle stall on branch instruction [0a70]
[    9.2529] microVU1: 3 cycle stall on branch instruction [09e8]
[    9.2529] microVU1: 3 cycle stall on branch instruction [0a70]
[    9.2530] microVU1: 3 cycle stall on branch instruction [09e8]
[    9.2530] microVU1: 3 cycle stall on branch instruction [0a70]
[    9.2532] microVU1: 3 cycle stall on branch instruction [09e8]
[    9.2532] microVU1: 3 cycle stall on branch instruction [0a70]
[    9.2535] microVU1: 3 cycle stall on branch instruction [09e8]
[    9.2535] microVU1: 3 cycle stall on branch instruction [0a70]
[    9.2536] microVU1: 3 cycle stall on branch instruction [09e8]
[    9.2536] microVU1: 3 cycle stall on branch instruction [0a70]
[    9.2538] microVU1: 3 cycle stall on branch instruction [09e8]
[    9.2538] microVU1: 3 cycle stall on branch instruction [0a70]
[    9.2540] microVU1: 3 cycle stall on branch instruction [09e8]
[    9.2540] microVU1: 3 cycle stall on branch instruction [0a70]
[    9.2541] microVU1: 3 cycle stall on branch instruction [09e8]
[    9.2541] microVU1: 3 cycle stall on branch instruction [0a70]
[    9.2543] microVU1: 3 cycle stall on branch instruction [09e8]
[    9.2543] microVU1: 3 cycle stall on branch instruction [0a70]
[    9.2545] microVU1: 3 cycle stall on branch instruction [07f0]
[    9.3501] microVU1: Cached Prog = [007] [PC=0700] [List=01] (Cache=4.490%) [2.7mb]
[    9.3512] microVU1: Cached Prog = [008] [PC=3560] [List=01] (Cache=4.583%) [2.8mb]
[    9.3518] microVU1: Cached Prog = [009] [PC=3940] [List=01] (Cache=4.635%) [2.8mb]
[    9.6274] microVU1: Cached Prog = [010] [PC=3c50] [List=01] (Cache=4.687%) [2.9mb]
[    9.6277] microVU1: Cached Prog = [011] [PC=3fb0] [List=01] (Cache=4.703%) [2.9mb]
[   21.9899] LOG: NIGHTCAMERA phase=0 offset=750 positionX=00000000 positionY=4028b437 positionZ=c2a19b64 lookX=00000000 lookY=3f9a5e32 lookZ=c2949b64 sceneGeneration=1 mask=0
[   21.9903] LOG: NIGHTCONTEXT phase=0 offset=750 scene=0 night=1 video=1 display=1 depth=2 width=448 height=448 refreshMilliHz=60000 requested=1 dtBits=3c888889 clockBits=00000000 rasterWidth=448 rasterHeight=448 scaleX=1 scaleY=1 ilChoice=0 ilProbing=0 ilBlock=0 ilFrame=58 ilAccepted=0 ilPipelined=1 frameYield=0
[   22.0103] LOG: NIGHTPROD phase=0 offset=750 stage=0 enabled=0 calls=0 units1=0 units2=0 units3=0 units4=0 timedCalls=0 reads=0 ticks=0
[   22.0105] LOG: NIGHTPROD phase=0 offset=750 stage=1 enabled=0 calls=0 units1=0 units2=0 units3=0 units4=0 timedCalls=0 reads=0 ticks=0
[   22.0107] LOG: NIGHTPROD phase=0 offset=750 stage=2 enabled=0 calls=0 units1=0 units2=0 units3=0 units4=0 timedCalls=0 reads=0 ticks=0
[   22.0109] LOG: NIGHTPROD phase=0 offset=750 stage=3 enabled=0 calls=0 units1=0 units2=0 units3=0 units4=0 timedCalls=0 reads=0 ticks=0
[   22.0110] LOG: NIGHTPROD phase=0 offset=750 stage=4 enabled=0 calls=0 units1=0 units2=0 units3=0 units4=0 timedCalls=0 reads=0 ticks=0
[   22.0113] LOG: NIGHTCORONAGATES phase=0 offset=750 selected=0 enabled=0 coldPackets=0 eligible=0 requested=0 fallback=0 sourceVertices=0 requestedVertices=0 fogOn=0 shaderLit=0 invalid=0 acceptedOutputKnown=0
[   22.0117] LOG: NIGHTGATES phase=0 offset=750 first=750 frames=1 mask=0 attempted1=8 executed1=8 skipped1=0 submitted1=8 attempted2=4 executed2=4 skipped2=0 submitted2=5 attempted4=3 executed4=3 skipped4=0 submitted4=5 attempted8=4 executed8=4 skipped8=0 submitted8=1 attempted16=2 executed16=2 skipped16=0 submitted16=1 attempted32=0 executed32=0 skipped32=0 submitted32=0 attempted64=0 executed64=0 skipped64=0 submitted64=0
[   22.0119] LOG: NIGHTEXTRAGATES phase=0 offset=750 first=750 frames=1 extraMask=0 attempted1=1 executed1=1 skipped1=0 submitted1=1 attempted2=1 executed2=1 skipped2=0 submitted2=2 attempted4=2 executed4=2 skipped4=0 submitted4=2
[   22.0120] LOG: NIGHTWILDGATES phase=0 offset=750 first=750 frames=1 variant=0 enabled=0 planeInvocations=0 planeEligible=0 planeApplied=0 planeFallback=0 planeBoundary=0 planeNonfinite=0 planeColdCompared=0 planeColdMismatches=0 planeInputUnits=0 planeOutputUnits=0 planeInvalid=0 coneInvocations=0 coneEligible=0 coneApplied=0 coneFallback=0 coneBoundary=0 coneNonfinite=0 coneColdCompared=0 coneColdMismatches=0 coneInputUnits=0 coneOutputUnits=0 coneInvalid=0
[   22.0121] LOG: NIGHTTABLEGATES phase=0 offset=750 first=750 frames=1 selected=1 enabled=1 invocations=19 eligible=9 applied=9 fallback=10 sourceVertices=753 admittedVertices=618 baselineColorQwords=753 tableColorQwords=18 coldCompared=9 coldMismatches=0 invalid=0
[   29.0533] LOG: NIGHTCAMERA phase=0 offset=1155 positionX=00000000 positionY=4028b437 positionZ=c2a19b64 lookX=00000000 lookY=3f9a5e32 lookZ=c2949b64 sceneGeneration=1 mask=0
[   29.0536] LOG: NIGHTCONTEXT phase=0 offset=1155 scene=0 night=1 video=1 display=1 depth=2 width=448 height=448 refreshMilliHz=60000 requested=1 dtBits=3c888889 clockBits=00000000 rasterWidth=448 rasterHeight=448 scaleX=1 scaleY=1 ilChoice=0 ilProbing=0 ilBlock=0 ilFrame=13 ilAccepted=0 ilPipelined=1 frameYield=0
[   29.0710] LOG: NIGHTPROD phase=0 offset=1155 stage=0 enabled=0 calls=0 units1=0 units2=0 units3=0 units4=0 timedCalls=0 reads=0 ticks=0
[   29.0712] LOG: NIGHTPROD phase=0 offset=1155 stage=1 enabled=0 calls=0 units1=0 units2=0 units3=0 units4=0 timedCalls=0 reads=0 ticks=0
[   29.0713] LOG: NIGHTPROD phase=0 offset=1155 stage=2 enabled=0 calls=0 units1=0 units2=0 units3=0 units4=0 timedCalls=0 reads=0 ticks=0
[   29.0716] LOG: NIGHTPROD phase=0 offset=1155 stage=3 enabled=0 calls=0 units1=0 units2=0 units3=0 units4=0 timedCalls=0 reads=0 ticks=0
[   29.0719] LOG: NIGHTPROD phase=0 offset=1155 stage=4 enabled=0 calls=0 units1=0 units2=0 units3=0 units4=0 timedCalls=0 reads=0 ticks=0
[   29.0721] LOG: NIGHTCORONAGATES phase=0 offset=1155 selected=0 enabled=0 coldPackets=0 eligible=0 requested=0 fallback=0 sourceVertices=0 requestedVertices=0 fogOn=0 shaderLit=0 invalid=0 acceptedOutputKnown=0
[   29.0724] LOG: NIGHTGATES phase=0 offset=1155 first=1155 frames=1 mask=0 attempted1=8 executed1=8 skipped1=0 submitted1=8 attempted2=4 executed2=4 skipped2=0 submitted2=5 attempted4=3 executed4=3 skipped4=0 submitted4=5 attempted8=4 executed8=4 skipped8=0 submitted8=1 attempted16=2 executed16=2 skipped16=0 submitted16=1 attempted32=0 executed32=0 skipped32=0 submitted32=0 attempted64=0 executed64=0 skipped64=0 submitted64=0
[   29.0725] LOG: NIGHTEXTRAGATES phase=0 offset=1155 first=1155 frames=1 extraMask=0 attempted1=1 executed1=1 skipped1=0 submitted1=1 attempted2=1 executed2=1 skipped2=0 submitted2=2 attempted4=2 executed4=2 skipped4=0 submitted4=2
[   29.0726] LOG: NIGHTWILDGATES phase=0 offset=1155 first=1155 frames=1 variant=0 enabled=0 planeInvocations=0 planeEligible=0 planeApplied=0 planeFallback=0 planeBoundary=0 planeNonfinite=0 planeColdCompared=0 planeColdMismatches=0 planeInputUnits=0 planeOutputUnits=0 planeInvalid=0 coneInvocations=0 coneEligible=0 coneApplied=0 coneFallback=0 coneBoundary=0 coneNonfinite=0 coneColdCompared=0 coneColdMismatches=0 coneInputUnits=0 coneOutputUnits=0 coneInvalid=0
[   29.0727] LOG: NIGHTTABLEGATES phase=0 offset=1155 first=1155 frames=1 selected=1 enabled=1 invocations=19 eligible=9 applied=9 fallback=10 sourceVertices=753 admittedVertices=618 baselineColorQwords=753 tableColorQwords=18 coldCompared=9 coldMismatches=0 invalid=0
[   40.5011] LOG: NIGHTPRODPHASE phase=1 enabled=1
[   40.5013] LOG: NIGHTCORONAPHASE phase=1 first=1800 selected=0 enabled=0
[   40.5015] LOG: NIGHTPHASE phase=1 first=1800 mask=0 appliedMask=0 sampler=1 countReads=262 samplePtr=0052e9f8
[   40.5017] LOG: NIGHTEXTRAPHASE phase=1 first=1800 extraMask=0 appliedExtraMask=0
[   40.5018] LOG: NIGHTWILDPHASE phase=1 first=1800 variant=0 enabled=0 appliedVariant=0 appliedEnabled=0
[   40.5020] LOG: NIGHTTABLEPHASE phase=1 first=1800 selected=1 enabled=1 appliedSelected=1 appliedEnabled=1
[   53.7382] LOG: NIGHTCAMERA phase=1 offset=750 positionX=00000000 positionY=4028b437 positionZ=c2a19b64 lookX=00000000 lookY=3f9a5e32 lookZ=c2949b64 sceneGeneration=1 mask=0
[   53.7386] LOG: NIGHTCONTEXT phase=1 offset=750 scene=0 night=1 video=1 display=1 depth=2 width=448 height=448 refreshMilliHz=60000 requested=1 dtBits=3c888889 clockBits=00000000 rasterWidth=448 rasterHeight=448 scaleX=1 scaleY=1 ilChoice=0 ilProbing=0 ilBlock=0 ilFrame=58 ilAccepted=0 ilPipelined=1 frameYield=0
[   53.7559] LOG: NIGHTPROD phase=1 offset=750 stage=0 enabled=1 calls=0 units1=0 units2=0 units3=0 units4=0 timedCalls=0 reads=0 ticks=0
[   53.7561] LOG: NIGHTPROD phase=1 offset=750 stage=1 enabled=1 calls=0 units1=0 units2=0 units3=0 units4=0 timedCalls=0 reads=0 ticks=0
[   53.7564] LOG: NIGHTPROD phase=1 offset=750 stage=2 enabled=1 calls=0 units1=0 units2=0 units3=0 units4=0 timedCalls=0 reads=0 ticks=0
[   53.7566] LOG: NIGHTPROD phase=1 offset=750 stage=3 enabled=1 calls=0 units1=0 units2=0 units3=0 units4=0 timedCalls=0 reads=0 ticks=0
[   53.7568] LOG: NIGHTPROD phase=1 offset=750 stage=4 enabled=1 calls=0 units1=0 units2=0 units3=0 units4=0 timedCalls=0 reads=0 ticks=0
[   53.7570] LOG: NIGHTCORONAGATES phase=1 offset=750 selected=0 enabled=0 coldPackets=0 eligible=0 requested=0 fallback=0 sourceVertices=0 requestedVertices=0 fogOn=0 shaderLit=0 invalid=0 acceptedOutputKnown=0
[   53.7572] LOG: NIGHTGATES phase=1 offset=750 first=750 frames=1 mask=0 attempted1=8 executed1=8 skipped1=0 submitted1=8 attempted2=4 executed2=4 skipped2=0 submitted2=5 attempted4=3 executed4=3 skipped4=0 submitted4=5 attempted8=4 executed8=4 skipped8=0 submitted8=1 attempted16=2 executed16=2 skipped16=0 submitted16=1 attempted32=0 executed32=0 skipped32=0 submitted32=0 attempted64=0 executed64=0 skipped64=0 submitted64=0
[   53.7573] LOG: NIGHTEXTRAGATES phase=1 offset=750 first=750 frames=1 extraMask=0 attempted1=1 executed1=1 skipped1=0 submitted1=1 attempted2=1 executed2=1 skipped2=0 submitted2=2 attempted4=2 executed4=2 skipped4=0 submitted4=2
[   53.7574] LOG: NIGHTWILDGATES phase=1 offset=750 first=750 frames=1 variant=0 enabled=0 planeInvocations=0 planeEligible=0 planeApplied=0 planeFallback=0 planeBoundary=0 planeNonfinite=0 planeColdCompared=0 planeColdMismatches=0 planeInputUnits=0 planeOutputUnits=0 planeInvalid=0 coneInvocations=0 coneEligible=0 coneApplied=0 coneFallback=0 coneBoundary=0 coneNonfinite=0 coneColdCompared=0 coneColdMismatches=0 coneInputUnits=0 coneOutputUnits=0 coneInvalid=0
[   53.7574] LOG: NIGHTTABLEGATES phase=1 offset=750 first=750 frames=1 selected=1 enabled=1 invocations=19 eligible=9 applied=9 fallback=10 sourceVertices=753 admittedVertices=618 baselineColorQwords=753 tableColorQwords=18 coldCompared=9 coldMismatches=0 invalid=0
[   60.9090] LOG: NIGHTCAMERA phase=1 offset=1155 positionX=00000000 positionY=4028b437 positionZ=c2a19b64 lookX=00000000 lookY=3f9a5e32 lookZ=c2949b64 sceneGeneration=1 mask=0
[   60.9093] LOG: NIGHTCONTEXT phase=1 offset=1155 scene=0 night=1 video=1 display=1 depth=2 width=448 height=448 refreshMilliHz=60000 requested=1 dtBits=3c888889 clockBits=00000000 rasterWidth=448 rasterHeight=448 scaleX=1 scaleY=1 ilChoice=0 ilProbing=0 ilBlock=0 ilFrame=13 ilAccepted=0 ilPipelined=1 frameYield=0
[   60.9260] LOG: NIGHTPROD phase=1 offset=1155 stage=0 enabled=1 calls=0 units1=0 units2=0 units3=0 units4=0 timedCalls=0 reads=0 ticks=0
[   60.9262] LOG: NIGHTPROD phase=1 offset=1155 stage=1 enabled=1 calls=0 units1=0 units2=0 units3=0 units4=0 timedCalls=0 reads=0 ticks=0
[   60.9265] LOG: NIGHTPROD phase=1 offset=1155 stage=2 enabled=1 calls=0 units1=0 units2=0 units3=0 units4=0 timedCalls=0 reads=0 ticks=0
[   60.9267] LOG: NIGHTPROD phase=1 offset=1155 stage=3 enabled=1 calls=0 units1=0 units2=0 units3=0 units4=0 timedCalls=0 reads=0 ticks=0
[   60.9270] LOG: NIGHTPROD phase=1 offset=1155 stage=4 enabled=1 calls=0 units1=0 units2=0 units3=0 units4=0 timedCalls=0 reads=0 ticks=0
[   60.9272] LOG: NIGHTCORONAGATES phase=1 offset=1155 selected=0 enabled=0 coldPackets=0 eligible=0 requested=0 fallback=0 sourceVertices=0 requestedVertices=0 fogOn=0 shaderLit=0 invalid=0 acceptedOutputKnown=0
[   60.9273] LOG: NIGHTGATES phase=1 offset=1155 first=1155 frames=1 mask=0 attempted1=8 executed1=8 skipped1=0 submitted1=8 attempted2=4 executed2=4 skipped2=0 submitted2=5 attempted4=3 executed4=3 skipped4=0 submitted4=5 attempted8=4 executed8=4 skipped8=0 submitted8=1 attempted16=2 executed16=2 skipped16=0 submitted16=1 attempted32=0 executed32=0 skipped32=0 submitted32=0 attempted64=0 executed64=0 skipped64=0 submitted64=0
[   60.9274] LOG: NIGHTEXTRAGATES phase=1 offset=1155 first=1155 frames=1 extraMask=0 attempted1=1 executed1=1 skipped1=0 submitted1=1 attempted2=1 executed2=1 skipped2=0 submitted2=2 attempted4=2 executed4=2 skipped4=0 submitted4=2
[   60.9275] LOG: NIGHTWILDGATES phase=1 offset=1155 first=1155 frames=1 variant=0 enabled=0 planeInvocations=0 planeEligible=0 planeApplied=0 planeFallback=0 planeBoundary=0 planeNonfinite=0 planeColdCompared=0 planeColdMismatches=0 planeInputUnits=0 planeOutputUnits=0 planeInvalid=0 coneInvocations=0 coneEligible=0 coneApplied=0 coneFallback=0 coneBoundary=0 coneNonfinite=0 coneColdCompared=0 coneColdMismatches=0 coneInputUnits=0 coneOutputUnits=0 coneInvalid=0
[   60.9276] LOG: NIGHTTABLEGATES phase=1 offset=1155 first=1155 frames=1 selected=1 enabled=1 invocations=19 eligible=9 applied=9 fallback=10 sourceVertices=753 admittedVertices=618 baselineColorQwords=753 tableColorQwords=18 coldCompared=9 coldMismatches=0 invalid=0
[   72.3313] LOG: NIGHTPRODPHASE phase=2 enabled=0
[   72.3316] LOG: NIGHTCORONAPHASE phase=2 first=3600 selected=0 enabled=0
[   72.3318] LOG: NIGHTPHASE phase=2 first=3600 mask=0 appliedMask=0 sampler=1 countReads=262 samplePtr=0052e9f8
[   72.3319] LOG: NIGHTEXTRAPHASE phase=2 first=3600 extraMask=0 appliedExtraMask=0
[   72.3322] LOG: NIGHTWILDPHASE phase=2 first=3600 variant=0 enabled=0 appliedVariant=0 appliedEnabled=0
[   72.3323] LOG: NIGHTTABLEPHASE phase=2 first=3600 selected=1 enabled=1 appliedSelected=1 appliedEnabled=1
[   85.9228] LOG: NIGHTCAMERA phase=2 offset=750 positionX=00000000 positionY=4028b437 positionZ=c2a19b64 lookX=00000000 lookY=3f9a5e32 lookZ=c2949b64 sceneGeneration=1 mask=0
[   85.9231] LOG: NIGHTCONTEXT phase=2 offset=750 scene=0 night=1 video=1 display=1 depth=2 width=448 height=448 refreshMilliHz=60000 requested=1 dtBits=3c888889 clockBits=00000000 rasterWidth=448 rasterHeight=448 scaleX=1 scaleY=1 ilChoice=0 ilProbing=0 ilBlock=0 ilFrame=58 ilAccepted=0 ilPipelined=1 frameYield=0
[   85.9429] LOG: NIGHTPROD phase=2 offset=750 stage=0 enabled=0 calls=0 units1=0 units2=0 units3=0 units4=0 timedCalls=0 reads=0 ticks=0
[   85.9431] LOG: NIGHTPROD phase=2 offset=750 stage=1 enabled=0 calls=0 units1=0 units2=0 units3=0 units4=0 timedCalls=0 reads=0 ticks=0
[   85.9433] LOG: NIGHTPROD phase=2 offset=750 stage=2 enabled=0 calls=0 units1=0 units2=0 units3=0 units4=0 timedCalls=0 reads=0 ticks=0
[   85.9435] LOG: NIGHTPROD phase=2 offset=750 stage=3 enabled=0 calls=0 units1=0 units2=0 units3=0 units4=0 timedCalls=0 reads=0 ticks=0
[   85.9436] LOG: NIGHTPROD phase=2 offset=750 stage=4 enabled=0 calls=0 units1=0 units2=0 units3=0 units4=0 timedCalls=0 reads=0 ticks=0
[   85.9438] LOG: NIGHTCORONAGATES phase=2 offset=750 selected=0 enabled=0 coldPackets=0 eligible=0 requested=0 fallback=0 sourceVertices=0 requestedVertices=0 fogOn=0 shaderLit=0 invalid=0 acceptedOutputKnown=0
[   85.9441] LOG: NIGHTGATES phase=2 offset=750 first=750 frames=1 mask=0 attempted1=8 executed1=8 skipped1=0 submitted1=8 attempted2=4 executed2=4 skipped2=0 submitted2=5 attempted4=3 executed4=3 skipped4=0 submitted4=5 attempted8=4 executed8=4 skipped8=0 submitted8=1 attempted16=2 executed16=2 skipped16=0 submitted16=1 attempted32=0 executed32=0 skipped32=0 submitted32=0 attempted64=0 executed64=0 skipped64=0 submitted64=0
[   85.9442] LOG: NIGHTEXTRAGATES phase=2 offset=750 first=750 frames=1 extraMask=0 attempted1=1 executed1=1 skipped1=0 submitted1=1 attempted2=1 executed2=1 skipped2=0 submitted2=2 attempted4=2 executed4=2 skipped4=0 submitted4=2
[   85.9443] LOG: NIGHTWILDGATES phase=2 offset=750 first=750 frames=1 variant=0 enabled=0 planeInvocations=0 planeEligible=0 planeApplied=0 planeFallback=0 planeBoundary=0 planeNonfinite=0 planeColdCompared=0 planeColdMismatches=0 planeInputUnits=0 planeOutputUnits=0 planeInvalid=0 coneInvocations=0 coneEligible=0 coneApplied=0 coneFallback=0 coneBoundary=0 coneNonfinite=0 coneColdCompared=0 coneColdMismatches=0 coneInputUnits=0 coneOutputUnits=0 coneInvalid=0
[   85.9444] LOG: NIGHTTABLEGATES phase=2 offset=750 first=750 frames=1 selected=1 enabled=1 invocations=19 eligible=9 applied=9 fallback=10 sourceVertices=753 admittedVertices=618 baselineColorQwords=753 tableColorQwords=18 coldCompared=9 coldMismatches=0 invalid=0
[   93.6515] LOG: NIGHTCAMERA phase=2 offset=1155 positionX=00000000 positionY=4028b437 positionZ=c2a19b64 lookX=00000000 lookY=3f9a5e32 lookZ=c2949b64 sceneGeneration=1 mask=0
[   93.6519] LOG: NIGHTCONTEXT phase=2 offset=1155 scene=0 night=1 video=1 display=1 depth=2 width=448 height=448 refreshMilliHz=60000 requested=1 dtBits=3c888889 clockBits=00000000 rasterWidth=448 rasterHeight=448 scaleX=1 scaleY=1 ilChoice=0 ilProbing=0 ilBlock=0 ilFrame=13 ilAccepted=0 ilPipelined=1 frameYield=0
[   93.6691] LOG: NIGHTPROD phase=2 offset=1155 stage=0 enabled=0 calls=0 units1=0 units2=0 units3=0 units4=0 timedCalls=0 reads=0 ticks=0
[   93.6693] LOG: NIGHTPROD phase=2 offset=1155 stage=1 enabled=0 calls=0 units1=0 units2=0 units3=0 units4=0 timedCalls=0 reads=0 ticks=0
[   93.6695] LOG: NIGHTPROD phase=2 offset=1155 stage=2 enabled=0 calls=0 units1=0 units2=0 units3=0 units4=0 timedCalls=0 reads=0 ticks=0
[   93.6698] LOG: NIGHTPROD phase=2 offset=1155 stage=3 enabled=0 calls=0 units1=0 units2=0 units3=0 units4=0 timedCalls=0 reads=0 ticks=0
[   93.6699] LOG: NIGHTPROD phase=2 offset=1155 stage=4 enabled=0 calls=0 units1=0 units2=0 units3=0 units4=0 timedCalls=0 reads=0 ticks=0
[   93.6701] LOG: NIGHTCORONAGATES phase=2 offset=1155 selected=0 enabled=0 coldPackets=0 eligible=0 requested=0 fallback=0 sourceVertices=0 requestedVertices=0 fogOn=0 shaderLit=0 invalid=0 acceptedOutputKnown=0
[   93.6703] LOG: NIGHTGATES phase=2 offset=1155 first=1155 frames=1 mask=0 attempted1=8 executed1=8 skipped1=0 submitted1=8 attempted2=4 executed2=4 skipped2=0 submitted2=5 attempted4=3 executed4=3 skipped4=0 submitted4=5 attempted8=4 executed8=4 skipped8=0 submitted8=1 attempted16=2 executed16=2 skipped16=0 submitted16=1 attempted32=0 executed32=0 skipped32=0 submitted32=0 attempted64=0 executed64=0 skipped64=0 submitted64=0
[   93.6704] LOG: NIGHTEXTRAGATES phase=2 offset=1155 first=1155 frames=1 extraMask=0 attempted1=1 executed1=1 skipped1=0 submitted1=1 attempted2=1 executed2=1 skipped2=0 submitted2=2 attempted4=2 executed4=2 skipped4=0 submitted4=2
[   93.6704] LOG: NIGHTWILDGATES phase=2 offset=1155 first=1155 frames=1 variant=0 enabled=0 planeInvocations=0 planeEligible=0 planeApplied=0 planeFallback=0 planeBoundary=0 planeNonfinite=0 planeColdCompared=0 planeColdMismatches=0 planeInputUnits=0 planeOutputUnits=0 planeInvalid=0 coneInvocations=0 coneEligible=0 coneApplied=0 coneFallback=0 coneBoundary=0 coneNonfinite=0 coneColdCompared=0 coneColdMismatches=0 coneInputUnits=0 coneOutputUnits=0 coneInvalid=0
[   93.6705] LOG: NIGHTTABLEGATES phase=2 offset=1155 first=1155 frames=1 selected=1 enabled=1 invocations=19 eligible=9 applied=9 fallback=10 sourceVertices=753 admittedVertices=618 baselineColorQwords=753 tableColorQwords=18 coldCompared=9 coldMismatches=0 invalid=0
[  118.4014] LOG: NIGHTDONE order=0 valid=1 loops=5400
