[    0.0141] Program Path: /home/spider/tyrax2-debugger-linux-v1/squashfs-root/usr/bin/pcsx2-qt
[    0.0142] AppRoot Directory: /home/spider/tyrax2-debugger-linux-v1/squashfs-root/usr/bin
[    0.0142] Resources Directory: /home/spider/tyrax2-debugger-linux-v1/squashfs-root/usr/bin/resources
[    0.0142] DataRoot Directory: /home/spider/night-ablation-emulator-clip-plane-order1-20261005/profile/PCSX2
[    0.0142] Loading config from /home/spider/night-ablation-emulator-clip-plane-order1-20261005/profile/PCSX2/inis/PCSX2.ini.
[    0.0144] Loading secrets from /home/spider/night-ablation-emulator-clip-plane-order1-20261005/profile/PCSX2/inis/secrets.ini.
[    0.0149] BIOS Directory: /mnt/c/Users/pawel/OneDrive/Documents/PCSX2/bios
[    0.0149] Snapshots Directory: /home/spider/night-ablation-emulator-clip-plane-order1-20261005/profile/PCSX2/snaps
[    0.0149] Savestates Directory: /home/spider/night-ablation-emulator-clip-plane-order1-20261005/profile/PCSX2/sstates
[    0.0149] MemoryCards Directory: /home/spider/night-ablation-emulator-clip-plane-order1-20261005/profile/PCSX2/memcards
[    0.0149] Logs Directory: /home/spider/night-ablation-emulator-clip-plane-order1-20261005/profile/PCSX2/logs
[    0.0149] Cheats Directory: /home/spider/night-ablation-emulator-clip-plane-order1-20261005/profile/PCSX2/cheats
[    0.0149] Patches Directory: /home/spider/night-ablation-emulator-clip-plane-order1-20261005/profile/PCSX2/patches
[    0.0149] Covers Directory: /home/spider/night-ablation-emulator-clip-plane-order1-20261005/profile/PCSX2/covers
[    0.0149] Game Settings Directory: /home/spider/night-ablation-emulator-clip-plane-order1-20261005/profile/PCSX2/gamesettings
[    0.0149] Resources Directory: /home/spider/tyrax2-debugger-linux-v1/squashfs-root/usr/bin/resources
[    0.0149] User Resources Directory: /home/spider/night-ablation-emulator-clip-plane-order1-20261005/profile/PCSX2/resources
[    0.0149] Cache Directory: /home/spider/night-ablation-emulator-clip-plane-order1-20261005/profile/PCSX2/cache
[    0.0149] Textures Directory: /home/spider/night-ablation-emulator-clip-plane-order1-20261005/profile/PCSX2/textures
[    0.0149] Input Profile Directory: /home/spider/night-ablation-emulator-clip-plane-order1-20261005/profile/PCSX2/inputprofiles
[    0.0149] Video Dumping Directory: /home/spider/night-ablation-emulator-clip-plane-order1-20261005/profile/PCSX2/videos
[    0.0149] Debugger Layouts Directory: /home/spider/night-ablation-emulator-clip-plane-order1-20261005/profile/PCSX2/inis/debuggerlayouts
[    0.0149] Debugger Settings Directory: /home/spider/night-ablation-emulator-clip-plane-order1-20261005/profile/PCSX2/inis/debuggersettings
[    0.0254] Loaded translation file for language en-US
[    0.0319] PCSX2 v2.9.93
[    0.0319] Savestate version: 0x9a590000
[    0.0319] 
[    0.0319] 
[    0.0319] Host Machine Init:
[    0.0320]   Operating System = Ubuntu 22.04
[    0.0320]   Available RAM    = 49185 MB (48.03 GB)
[    0.0320]   Physical RAM     = 50191 MB (49.02 GB)
[    0.0320] 
[    0.0320]   Processor        = AMD Ryzen Threadripper 1920X
[    0.0320]   Core Count       = 24 cores
[    0.0320]   Thread Count     = 24 threads
[    0.0320]   Cluster Count    = 1 clusters
[    0.0320] CPU Extensions Detected:
[    0.0320]   AVX AVX2
[    0.0320] 
[    0.0321] Allocating host memory for virtual systems...
[    0.0326]   EE Main Memory                   @ 0x00007F81CF200000 -> 0x00007F81D8100000 [143mb]
[    0.0326]   IOP Main Memory                  @ 0x00007F81D8100000 -> 0x00007F81E0200000 [129mb]
[    0.0326]   VU0/1 On-Chip Memory             @ 0x00007F81E0200000 -> 0x00007F81E0300000 [1mb]
[    0.0326]   VTLB Virtual Map                 @ 0x00007F81E0300000 -> 0x00007F81E0B00000 [8mb]
[    0.0326]   VTLB Address Map                 @ 0x00007F81E0B00000 -> 0x00007F81E0F00000 [4mb]
[    0.0326]   R5900 Recompiler Cache           @ 0x00007F81E0F00000 -> 0x00007F81E4F00000 [64mb]
[    0.0326]   R3000A Recompiler Cache          @ 0x00007F81E4F00000 -> 0x00007F81E6F00000 [32mb]
[    0.0326]   Micro VU0 Recompiler Cache       @ 0x00007F81E7F00000 -> 0x00007F81EBF00000 [64mb]
[    0.0326]   Micro VU1 Recompiler Cache       @ 0x00007F81EBF00000 -> 0x00007F81EFF00000 [64mb]
[    0.0326]   VIF0 Unpack Recompiler Cache     @ 0x00007F81E6F00000 -> 0x00007F81E7700000 [8mb]
[    0.0326]   VIF1 Unpack Recompiler Cache     @ 0x00007F81E7700000 -> 0x00007F81E7F00000 [8mb]
[    0.0326]   VIF Unpack Recompiler Cache      @ 0x00007F81EFF00000 -> 0x00007F81F0000000 [1mb]
[    0.0326]   GS Software Renderer             @ 0x00007F81F0000000 -> 0x00007F81F4000000 [64mb]
[    0.0351] Fastmem area: 0x7f80cf200000 - 0x7f81cf1fffff
[    0.0366] Generating SSE-optimized unpacking functions for VIF interpreters...
[    0.0369] Unpack function generation complete.  Generated function statistics:
[    0.0370]   Reserved buffer    : 1048576 bytes @ 0x00007F81EFF00000
[    0.0370]   x86 code generated : 7422 bytes
[    0.0370] 
[    0.0373] SDLInputSource: Using Controller DB from resources.
[    0.0525] SDLInputSource: 765 gamepad mappings are loaded.
[    0.0526] Invalid binding: 'XInput-0/DPadUp'
[    0.0526] Invalid binding: 'XInput-0/DPadRight'
[    0.0526] Invalid binding: 'XInput-0/DPadDown'
[    0.0526] Invalid binding: 'XInput-0/DPadLeft'
[    0.0526] Invalid binding: 'XInput-0/Y'
[    0.0526] Invalid binding: 'XInput-0/B'
[    0.0526] Invalid binding: 'XInput-0/A'
[    0.0526] Invalid binding: 'XInput-0/X'
[    0.0526] Invalid binding: 'XInput-0/Back'
[    0.0526] Invalid binding: 'XInput-0/Start'
[    0.0526] Invalid binding: 'XInput-0/LeftShoulder'
[    0.0526] Invalid binding: 'XInput-0/+LeftTrigger'
[    0.0526] Invalid binding: 'XInput-0/RightShoulder'
[    0.0526] Invalid binding: 'XInput-0/+RightTrigger'
[    0.0526] Invalid binding: 'XInput-0/LeftStick'
[    0.0526] Invalid binding: 'XInput-0/RightStick'
[    0.0526] Invalid binding: 'XInput-0/Guide'
[    0.0526] Invalid binding: 'XInput-0/-LeftY'
[    0.0526] Invalid binding: 'XInput-0/+LeftX'
[    0.0526] Invalid binding: 'XInput-0/+LeftY'
[    0.0526] Invalid binding: 'XInput-0/-LeftX'
[    0.0526] Invalid binding: 'XInput-0/-RightY'
[    0.0527] Invalid binding: 'XInput-0/+RightX'
[    0.0527] Invalid binding: 'XInput-0/+RightY'
[    0.0527] Invalid binding: 'XInput-0/-RightX'
[    0.0531] Settings: Advanced Settings are enabled; only proceed if you know what you're doing! No support will be provided if you have the option enabled.
[    0.1007] Scanning F:\PS2\Games (recursively)
[    0.1039] Loading BIOS...
[    0.1164] BIOS Found: Europe  v02.00(14/06/2004)  Console 20040614-100914
[    0.1709] Mechacon version: 0x00020603
[    0.1723] Opening CDVD...
[    0.2034] Initializing Elf: 4493148 bytes
[    0.2046] Disc changed to .
[    0.2046]   Name: vehicle-playground [?]
[    0.2046]   Serial: vehicle-playground
[    0.2046]   Version: 
[    0.2046]   CRC: 139343D8
[    0.2047] No game settings found (tried '/home/spider/night-ablation-emulator-clip-plane-order1-20261005/profile/PCSX2/gamesettings/139343D8.ini')
[    0.2047] Applying settings...
[    0.2050] Invalid binding: 'XInput-0/DPadUp'
[    0.2050] Invalid binding: 'XInput-0/DPadRight'
[    0.2050] Invalid binding: 'XInput-0/DPadDown'
[    0.2050] Invalid binding: 'XInput-0/DPadLeft'
[    0.2050] Invalid binding: 'XInput-0/Y'
[    0.2050] Invalid binding: 'XInput-0/B'
[    0.2050] Invalid binding: 'XInput-0/A'
[    0.2050] Invalid binding: 'XInput-0/X'
[    0.2050] Invalid binding: 'XInput-0/Back'
[    0.2050] Invalid binding: 'XInput-0/Start'
[    0.2050] Invalid binding: 'XInput-0/LeftShoulder'
[    0.2050] Invalid binding: 'XInput-0/+LeftTrigger'
[    0.2050] Invalid binding: 'XInput-0/RightShoulder'
[    0.2051] Invalid binding: 'XInput-0/+RightTrigger'
[    0.2051] Invalid binding: 'XInput-0/LeftStick'
[    0.2051] Invalid binding: 'XInput-0/RightStick'
[    0.2051] Invalid binding: 'XInput-0/Guide'
[    0.2051] Invalid binding: 'XInput-0/-LeftY'
[    0.2051] Invalid binding: 'XInput-0/+LeftX'
[    0.2051] Invalid binding: 'XInput-0/+LeftY'
[    0.2051] Invalid binding: 'XInput-0/-LeftX'
[    0.2051] Invalid binding: 'XInput-0/-RightY'
[    0.2051] Invalid binding: 'XInput-0/+RightX'
[    0.2051] Invalid binding: 'XInput-0/+RightY'
[    0.2051] Invalid binding: 'XInput-0/-RightX'
[    0.2053] GameDB: Has not been initialized yet, initializing...
[    0.2515] GameDB: 12841 games on record (loaded in 46.22ms)
[    0.2540] Reopening memory cards...
[    0.2540] (FileMcd) Creating new 8MB memory card: /home/spider/night-ablation-emulator-clip-plane-order1-20261005/profile/PCSX2/memcards/Mcd001.ps2
[    0.2636] McdSlot 0 [File]: Mcd001.ps2 [8 MB, UNFORMATTED]
[    0.2636] McdSlot 1 [File]: [disabled/empty filename]
[    0.2692] HLE Host: Set 'host:' root path to: /mnt/f/Projects/tyrax2-lab-20261001/clip-plane-specialize-physical-v2/game/bin
[    0.2697] EE/iR5900 Recompiler Reset
[    0.3159] iR3000A Recompiler reset.
[    0.3281] mVU Reset
[    0.3288] mVU Reset
[    0.3341] Resetting host memory for virtual systems...
[    0.5831] Time Zone Offset: GMT+01:00
[    0.5831] Time Zone Location: Berlin
[    0.5831] DST: Winter Time
[    0.5831] Time Format: 24-Hour
[    0.5831] Date Format: DD/MM/YYYY
[    0.5831] System Time Basis: Operating System Time
[    0.5832] Resulting System Time: 2026-10-05 21:03:01
[    0.5832] Close virtual disk tray
[    0.5832] Media already loaded (fast boot)
[    0.5832] Opening GS...
[    0.6223] VK: Enabling extension: VK_KHR_get_surface_capabilities2
[    0.6338] Using Vulkan GPU 'llvmpipe (LLVM 15.0.7, 256 bits)' for automatic renderer check.
[    0.6338] Not using Vulkan for software renderer.
[    0.6339] acquireRenderWindow() recreate=true fullscreen=false render_to_main=false surfaceless=false
[    0.6392] (GetRefreshRateFromXRandR) Modeline is invalid: 0/0/0
[    0.6393] Surface refresh rate: 60 Hz
[    0.6394] Loading EGL from libEGL.so...
[    0.6408] GLAD EGL Version: 1.0
[    0.6408] Using EGL platform EGL_EXT_platform_x11.
[    0.6512] eglInitialize() version: 1.5
[    0.6513] GLAD EGL Version: 1.5
[    0.6513] Trying GL version 4.6
[    0.6514] eglCreateContext() failed: 0x3009
[    0.6514] Trying GL version 4.5
[    0.6623] Got GL version 4.5
[    0.6624] EGL_MIN_SWAP_INTERVAL = 1
[    0.6624] EGL_MAX_SWAP_INTERVAL = 1
[    0.6624] Negative swap interval/tear-control is NOT supported
[    0.6650] GL_VENDOR: Mesa
[    0.6650] GL_VERSION: 4.5 (Core Profile) Mesa 23.2.1-1ubuntu3.1~22.04.4
[    0.6650] GL_RENDERER: llvmpipe (LLVM 15.0.7, 256 bits)
[    0.6650] GL_SHADING_LANGUAGE_VERSION: 4.50
[    0.6651] GL_MAX_VERTEX_SHADER_STORAGE_BLOCKS: 16
[    0.6651] GL: Viewport Array:            Supported       => Using: GL_ARB_viewport_array
[    0.6651] GL: Direct State Access:       Supported       => Using: OpenGL 4.5 Core
[    0.6651] GL: Copy Image:                Supported       => Using: OpenGL 4.3 Core
[    0.6651] GL: Clip Control:              Supported       => Using: OpenGL 4.5 Core
[    0.6651] GL: Conservative Depth:        Supported       => Using: OpenGL 4.2 Core
[    0.6651] GL: CAS Sharpening:            Supported       => Using: OpenGL 4.2 Core
[    0.6651] GL: Texture Barriers:          Auto            => Using: Framebuffer Fetch
[    0.6651] GL: RGBA16 HW Blending:        Supported       => Using: RGBA16 UNORM
[    0.6651] GL: Point Expansion:           Supported       => Using: Hardware
[    0.6651] GL: Line Expansion:            Fallback        => Using: Vertex Expansion
[    0.6651] GL: Sprite Expansion:          Supported       => Using: Vertex Expansion
[    0.6651] GL: DXTn Texture Compression:  Supported       => Using: GL_EXT_texture_compression_s3tc
[    0.6651] GL: BC6/7 Texture Compression: Supported       => Using: OpenGL 4.2 Core
[    0.6674] 1 program binary formats supported by driver
[    0.7018] Program binary retrieved, 4105 bytes, format 34655
[    0.7022] Program binary retrieved, 4121 bytes, format 34655
[    0.7026] Program binary retrieved, 4249 bytes, format 34655
[    0.7031] Program binary retrieved, 4013 bytes, format 34655
[    0.7035] Program binary retrieved, 4013 bytes, format 34655
[    0.7040] Program binary retrieved, 4017 bytes, format 34655
[    0.7043] Program binary retrieved, 4017 bytes, format 34655
[    0.7047] Program binary retrieved, 4185 bytes, format 34655
[    0.7051] Program binary retrieved, 4217 bytes, format 34655
[    0.7054] Program binary retrieved, 4137 bytes, format 34655
[    0.7058] Program binary retrieved, 4125 bytes, format 34655
[    0.7062] Program binary retrieved, 4121 bytes, format 34655
[    0.7069] Program binary retrieved, 4253 bytes, format 34655
[    0.7075] Program binary retrieved, 4237 bytes, format 34655
[    0.7081] Program binary retrieved, 4245 bytes, format 34655
[    0.7085] Program binary retrieved, 4261 bytes, format 34655
[    0.7090] Program binary retrieved, 4965 bytes, format 34655
[    0.7095] Program binary retrieved, 4981 bytes, format 34655
[    0.7099] Program binary retrieved, 4261 bytes, format 34655
[    0.7103] Program binary retrieved, 4277 bytes, format 34655
[    0.7110] Program binary retrieved, 5005 bytes, format 34655
[    0.7115] Program binary retrieved, 5021 bytes, format 34655
[    0.7118] Program binary retrieved, 4257 bytes, format 34655
[    0.7123] Program binary retrieved, 4273 bytes, format 34655
[    0.7128] Program binary retrieved, 5001 bytes, format 34655
[    0.7134] Program binary retrieved, 5017 bytes, format 34655
[    0.7138] Program binary retrieved, 4277 bytes, format 34655
[    0.7142] Program binary retrieved, 4293 bytes, format 34655
[    0.7148] Program binary retrieved, 5057 bytes, format 34655
[    0.7153] Program binary retrieved, 5073 bytes, format 34655
[    0.7157] Program binary retrieved, 4153 bytes, format 34655
[    0.7160] Program binary retrieved, 4169 bytes, format 34655
[    0.7164] Program binary retrieved, 4233 bytes, format 34655
[    0.7169] Program binary retrieved, 5781 bytes, format 34655
[    0.7175] Program binary retrieved, 5373 bytes, format 34655
[    0.7181] Program binary retrieved, 6389 bytes, format 34655
[    0.7185] Program binary retrieved, 4917 bytes, format 34655
[    0.7189] Program binary retrieved, 4845 bytes, format 34655
[    0.7194] Program binary retrieved, 4997 bytes, format 34655
[    0.7198] Program binary retrieved, 4101 bytes, format 34655
[    0.7230] Program binary retrieved, 4137 bytes, format 34655
[    0.7265] Program binary retrieved, 4109 bytes, format 34655
[    0.7269] Program binary retrieved, 5389 bytes, format 34655
[    0.7273] Program binary retrieved, 5829 bytes, format 34655
[    0.7278] Program binary retrieved, 5857 bytes, format 34655
[    0.7283] Program binary retrieved, 4289 bytes, format 34655
[    0.7310] Program binary retrieved, 21205 bytes, format 34655
[    0.7314] Program binary retrieved, 4765 bytes, format 34655
[    0.7319] Program binary retrieved, 5685 bytes, format 34655
[    0.7321] Program binary retrieved, 4141 bytes, format 34655
[    0.7324] Program binary retrieved, 4537 bytes, format 34655
[    0.7328] Program binary retrieved, 4889 bytes, format 34655
[    0.7331] Program binary retrieved, 4117 bytes, format 34655
[    0.7335] Program binary retrieved, 4741 bytes, format 34655
[    0.7339] Program binary retrieved, 4965 bytes, format 34655
[    0.7344] Program binary retrieved, 6613 bytes, format 34655
[    0.7348] Program binary retrieved, 4797 bytes, format 34655
[    0.7364] Program binary retrieved, 13085 bytes, format 34655
[    0.7429] Program binary retrieved, 7285 bytes, format 34655
[    0.7489] Program binary retrieved, 5497 bytes, format 34655
[    0.7492] Program binary retrieved, 4141 bytes, format 34655
[    0.7496] Program binary retrieved, 4141 bytes, format 34655
[    0.7500] Program binary retrieved, 4145 bytes, format 34655
[    0.7503] Program binary retrieved, 4145 bytes, format 34655
[    0.7985] Program binary retrieved, 5369 bytes, format 34655
[    0.8000] OpenGL Graphics Driver Info:
[    0.8000] OpenGL Context:
[    0.8000] 4.5 (Core Profile) Mesa 23.2.1-1ubuntu3.1~22.04.4
[    0.8000] Mesa llvmpipe (LLVM 15.0.7, 256 bits)
[    0.8000] GLSL: 4.50
[    0.8029] Processor count: 24 cores, 24 processors, 1 clusters
[    0.8029] Ordered processor list: 12, 23, 22, 21, 20, 19, 18, 17, 16, 15, 14, 13, 0, 11, 10, 9, 8, 7, 6, 5, 4, 3, 2, 1
[    0.8029] Not pinning SW threads, we need 4 processors, but only have 0
[    0.8040] Opening SPU2...
[    0.8092] Creating Null audio stream, sample rate = 48000, expansion = Disabled, buffer = 50, latency = 32, stretching enabled, driver = wasapi, device = 
[    0.8093] Allocated buffer of 2432 frames for buffer of 50 ms [expansion Disabled (block size 2048), stretch disabled, target size 2432].
[    0.8093] Initializing Pad...
[    0.8093] Initializing SIO2...
[    0.8093] Initializing SIO0...
[    0.8093] Opening DEV9...
[    0.8093] DEV9: DEV9init
[    0.8101] DEV9: DEV9init2
[    0.8101] DEV9: DEV9init3
[    0.8133] MultiPause time: 359ns
[    0.8134] MultiPause time: 144ns
[    0.8134] MultiPause time: 142ns
[    0.8140] MultiPause time: 142ns
[    0.8142] DEV9: DEV9init ok
[    0.8142] DEV9: DEV9open
[    0.8142] Opening USB...
[    0.8142] Opening FW...
[    0.8145] Frame rate: 59.94, target speed: 1, target frame rate: 59.94, ticks per frame: 16683350
[    0.8179] VM subsystems initialized in 714.30 ms
[    0.8282] Failed to inhibit screen saver.
[    0.8283] Processor order assignment: EE=12, VU=23, GS=22
[    0.8283]   EE thread is on processor 12 (0x1000)
[    0.8284]   VU thread is on processor 23 (0x800000)
[    0.8284]   GS thread is on processor 22 (0x400000)
[    0.8380] Failed to inhibit screen saver.
[    0.8630] # Initialize memory (rev:3.70, ctm:197Mhz, cpuclk:147Mhz detected)
[    0.8716] R3000 Debugger: Branch to 0x890 (SYSMEM). Clearing modules.
[    0.8732] RegisterLibraryEntries: excepman version 1.01
[    0.8741] RegisterLibraryEntries:  intrman version 1.02
[    0.8742] RegisterLibraryEntries:   ssbusc version 1.01
[    0.8747] RegisterLibraryEntries:  dmacman version 1.02
[    0.8752] RegisterLibraryEntries:  timrman version 1.01
[    0.8755] RegisterLibraryEntries:  sysclib version 1.01
[    0.8755] RegisterLibraryEntries:    stdio version 1.01
[    0.8756] RegisterLibraryEntries:  heaplib version 1.01
[    0.8761] FW: read mem 0x1f80847c: 0x10000001
[    0.8761] FW: write mem 0x1f808414: 0x417f0000
[    0.8761] FW: read mem 0x1f808400: 0xffc00001
[    0.8761] FW: write mem 0x1f80844c: 0xffffffff
[    0.8761] FW: write mem 0x1f808420: 0xffffffff
[    0.8761] FW: write mem 0x1f808428: 0xffffffff
[    0.8761] FW: write mem 0x1f808430: 0xffffffff
[    0.8771] RegisterLibraryEntries:   thbase version 1.01
[    0.8772] RegisterLibraryEntries:  thevent version 1.01
[    0.8772] RegisterLibraryEntries:  thsemap version 1.01
[    0.8772] RegisterLibraryEntries:  thmsgbx version 1.01
[    0.8773] RegisterLibraryEntries:  thfpool version 1.01
[    0.8773] RegisterLibraryEntries:  thvpool version 1.01
[    0.8780] RegisterLibraryEntries:   vblank version 1.01
[    0.8786] RegisterLibraryEntries:    ioman version 1.02
[    0.8794] RegisterLibraryEntries:  modload version 1.01
[    0.8799] RegisterLibraryEntries:   romdrv version 2.01
[    0.8801] RegisterLibraryEntries:    stdio version 1.02
[    0.8805] RegisterLibraryEntries:   sifman version 1.01
[    0.8808] 
[    0.8808] PlayStation 2 ======== Hard reset boot
[    0.8810]  ROMGEN=2004-0614, IOP info (CPUID=1f, CACH_CONFIG=0, 2MB, IOP mode)
[    0.8812]  <20040614-100914,ROMconf,PS20200EC20040614.bin:11696>
[    0.8904] # Total accessable memory size: 32 MB (B:2:8:0) (370:2:7c30)
[    0.8914] # TLB spad=0 kernel=1:12 default=13:30 extended=31:38
[    0.9561] # Initialize Start.
[    0.9568] # Initialize GS ...
[    0.9568] # Initialize INTC ...
[    0.9568] # Initialize TIMER ...
[    0.9568] # Initialize DMAC ...
[    0.9569] # Initialize VU1 ...
[    0.9572] # Initialize VIF1 ...
[    0.9573] # Initialize GIF ...
[    0.9573] # Initialize VU0 ...
[    0.9575] # Initialize VIF0 ...
[    0.9575] # Initialize IPU ...
[    0.9580] # Initialize FPU ...
[    0.9581] # Initialize User Memory ...
[    1.0197] # Initialize Scratch Pad ...
[    1.0197] # Initialize Done.
[    1.0206] 
[    1.0206] EE DECI2 Manager version 0.06 Feb  6 2003 08:38:48
[    1.0206]   CPUID=2e20, BoardID=0, ROMGEN=2004-0614, 32M
[    1.0206] 
[    1.0208] RegisterLibraryEntries:   sifcmd version 1.01
[    1.0520] Initializing Elf: 4493148 bytes
[    1.0544] ELF Loading: host:vehicle-playground.elf, Game CRC = 139343D8, EntryPoint = 0x00100E78
[    1.0574] RegisterLibraryEntries:  cdvdman version 1.01
[    1.0633] RegisterLibraryEntries:  cdvdfsv version 1.01
[    1.0648] RegisterLibraryEntries:  secrman version 1.03
[    1.0649] RegisterLibraryEntries:   eesync version 1.01
[    1.0650] 
[    1.0650] IOP Realtime Kernel Ver.0.9.1
[    1.0650]     Copyright 1999 (C) Sony Computer Entertainment Inc. 
[    1.0657] Reboot service module.(99/11/10)
[    1.0680] cdvd driver module version 0.1.1 (C)SCEI
[    1.0686] Load File service.(99/11/05)
[    1.0687] Multi Threaded Fileio module.(99/11/15) 
[    1.0688] iop heap service (99/11/03)
[    1.0831] loadelf: fname host:vehicle-playground.elf secname all
[    1.0832] loadelf version 3.30
[    1.0856] Input ELF format filename = host:vehicle-playground.elf
[    1.1328] 1 00100000 003fcebc ................................................................
[    1.1328] Loaded, host:vehicle-playground.elf
[    1.1329] start address 0x100e78
[    1.1329] gp address 00000000
[    1.1339] # Restart Without Memory Clear.
[    1.1395] # Initialize GS ...
[    1.1395] # Initialize INTC ...
[    1.1395] # Initialize TIMER ...
[    1.1395] # Initialize DMAC ...
[    1.1395] # Initialize VU1 ...
[    1.1398] # Initialize VIF1 ...
[    1.1398] # Initialize GIF ...
[    1.1398] # Initialize VU0 ...
[    1.1398] # Initialize VIF0 ...
[    1.1398] # Initialize IPU ...
[    1.1399] # Initialize FPU ...
[    1.1399] # Initialize Scratch Pad ...
[    1.1399] # Restart Without Memory Clear Done.
[    1.1400] ELF host:vehicle-playground.elf with entry point at 0x00100E78 is executing.
[    1.1400] ELF changed, active CRC 139343D8 (host:vehicle-playground.elf)
[    1.1402] Applying core settings...
[    1.1406] Updating CPU configuration...
[    1.1407] iR3000A Recompiler reset.
[    1.1447] mVU Reset
[    1.1452] mVU Reset
[    1.1628] iR3000A Recompiler reset.
[    1.1659] mVU Reset
[    1.1660] mVU Reset
[    1.1694] EE/iR5900 Recompiler Reset
[    1.1853] BIOS: Successfully found the instruction pattern. Assuming the thread list is here: 8001a640
[    1.1876] Warning: GetOsdConfigParam2 Reading extended language/version configs, may be incorrect!
[    1.1974] read/write allocate memory 4000
[    1.1975] open name host:/ps2link.run flag 1 data 41378
[    1.1982] open fd = -5
[    1.2008] Get Reboot Request From EE
[    1.2022] R3000 Debugger: Branch to 0x890 (SYSMEM). Clearing modules.
[    1.2043] RegisterLibraryEntries: excepman version 1.01
[    1.2053] RegisterLibraryEntries:  intrman version 1.02
[    1.2055] RegisterLibraryEntries:   ssbusc version 1.01
[    1.2060] RegisterLibraryEntries:  dmacman version 1.02
[    1.2065] RegisterLibraryEntries:  timrman version 1.01
[    1.2071] RegisterLibraryEntries:  sysclib version 1.01
[    1.2071] RegisterLibraryEntries:    stdio version 1.01
[    1.2073] RegisterLibraryEntries:  heaplib version 1.01
[    1.2094] RegisterLibraryEntries:   thbase version 1.01
[    1.2096] RegisterLibraryEntries:  thevent version 1.01
[    1.2096] RegisterLibraryEntries:  thsemap version 1.01
[    1.2096] RegisterLibraryEntries:  thmsgbx version 1.01
[    1.2097] RegisterLibraryEntries:  thfpool version 1.01
[    1.2097] RegisterLibraryEntries:  thvpool version 1.01
[    1.2106] RegisterLibraryEntries:   vblank version 1.01
[    1.2111] RegisterLibraryEntries:    ioman version 1.02
[    1.2121] RegisterLibraryEntries:  modload version 1.01
[    1.2171] RegisterLibraryEntries:   romdrv version 2.01
[    1.2175] RegisterLibraryEntries:    stdio version 1.02
[    1.2179] RegisterLibraryEntries:   sifman version 1.01
[    1.2185] 
[    1.2185] PlayStation 2 ======== Soft reboot
[    1.2192] RegisterLibraryEntries:   sifcmd version 1.01
[    1.2231] RegisterLibraryEntries:  cdvdman version 1.01
[    1.2248] RegisterLibraryEntries:  cdvdfsv version 1.01
[    1.2320] RegisterLibraryEntries:  secrman version 1.03
[    1.2321] RegisterLibraryEntries:   eesync version 1.01
[    1.2324] 
[    1.2324] IOP Realtime Kernel Ver.0.9.1
[    1.2324]     Copyright 1999 (C) Sony Computer Entertainment Inc. 
[    1.2329] Reboot service module.(99/11/10)
[    1.2349] [EE] Skipping timeout loop at 0x002DA4D0 -> 0x002DA4F0
[    1.2350] cdvd driver module version 0.1.1 (C)SCEI
[    1.2353] Load File service.(99/11/05)
[    1.2353] Multi Threaded Fileio module.(99/11/15) 
[    1.2353] iop heap service (99/11/03)
[    1.2667] RegisterLibraryEntries:   iomanx version 1.01
[    1.2682] fileXio: fileXio: fileXio RPC Server v1.00
[    1.2682] Copyright (c) 2003 adresd
[    1.2684] RegisterLibraryEntries:  sio2man version 2.07
[    1.2685] RegisterLibraryEntries:  sio2man version 1.02
[    1.2692] RegisterLibraryEntries:   padman version 1.02
[    1.2693] Pad Driver for OSD
[    1.2699] FREESD v1.01
[    1.2699] RegisterLibraryEntries:    libsd version 1.04
[    1.2703] debug_level = 1 (ps2snd 0.1
[    1.2826] greetings from version 0.93 !
[    1.2826] RegisterLibraryEntries:   audsrv version 1.04
[    1.2827] audsrv_adpcm_init()
[    1.2840] UpdateVSyncRate: Mode Changed to SDTV 480p.
[    1.2840] Frame rate: 59.94, target speed: 1, target frame rate: 59.94, ticks per frame: 16683350
[    1.2840] Set GS CRTC configuration. SDTV   720x480 @ 59.94 Progressive (FRAME)
[    3.3546] read/write allocate memory 4000
[    3.3549] 
[    3.3552] -----------------------------------------
[    3.3553]         _____        ____   ___
[    3.3553]           |     /   ____| |___|
[    3.3554]           |     |   |     |   |
[    3.3555] -----------------------------------------
[    3.3555] Copyright 2022
[    3.3556] Repository: https://github.com/h4570/tyra
[    3.3556] Licensed under Apache License 2.0
[    3.3560] Version: 2.2.0
[    3.3560] -----------------------------------------
[    3.3561] 
[    3.5213] audsrv_adpcm_init()
[    3.5224] [EE] Skipping timeout loop at 0x00102CB0 -> 0x00102CD0
[    3.5541] Curent pad(0,0) status: EXECCMD
[    3.7527] Pad: DS2 Config Finished - P1/S1 - AL: Off - AB: Usable - VS: Disabled - VL: Disabled - RB: D (0x00000000)
[    3.7883] Curent pad(0,0) status: EXECCMD
[    3.8526] Pad: DS2 Config Finished - P1/S1 - AL: On - AB: Locked - VS: Disabled - VL: Disabled - RB: D (0x00000000)
[    4.0535] Pad: DS2 Config Finished - P1/S1 - AL: On - AB: Locked - VS: Disabled - VL: Disabled - RB: D (0x00000000)
[    4.0873] Curent pad(0,0) status: EXECCMD
[    4.3530] Pad: DS2 Config Finished - P1/S1 - AL: On - AB: Locked - VS: Disabled - VL: Disabled - RB: D+A+P (0x0003FFFF)
[    4.5530] Pad: DS2 Config Finished - P1/S1 - AL: On - AB: Locked - VS: Disabled - VL: Disabled - RB: D+A+P (0x0003FFFF)
[    4.5895] open name host:/night-ablation.cfg flag 1 data 41378
[    4.5911] open fd = 256
[    4.5950] open name host:/night-ablation.log flag 602 data 41378
[    4.5969] open fd = 256
[    4.6032] loadmodule: fname rom0:XMCMAN args 0 arg 
[    4.6129] RegisterLibraryEntries:    mcman version 2.03
[    4.6137] loadmodule: id 32, ret 0
[    4.6138] loadmodule: fname rom0:XMCSERV args 0 arg 
[    4.6141] RegisterLibraryEntries:   mcserv version 1.01
[    4.6143] loadmodule: id 33, ret 0
[    4.6144] [EE] Skipping timeout loop at 0x00104820 -> 0x00104840
[    4.9890] (FileMcd) Warning: checksum sector overwritten. (0)
[    4.9891] OSD [MemoryCardSave0]: Memory Card 'Mcd001.ps2' was saved to storage.
[    5.4562] (FileMcd) Warning: checksum sector overwritten. (0)
[    5.5714] open name host:/save/icon.sys flag 1 data 41378
[    5.5739] open fd = 257
[    5.6432] open name host:/save/list.icn flag 1 data 41378
[    5.6454] open fd = 257
[    5.8122] open name host:/menus/save.png flag 1 data 41378
[    5.8140] open fd = 257
[    5.8575] open name host:/hud/save-cursor.png flag 1 data 41378
[    5.8596] open fd = 257
[    5.8618] open name host:/hud/save-used.png flag 1 data 41378
[    5.8634] open fd = 257
[    5.8667] open name host:/hud/save-saved.png flag 1 data 41378
[    5.8685] open fd = 257
[    5.8780] open name host:/hud/save-loaded.png flag 1 data 41378
[    5.8795] open fd = 257
[    5.8821] open name host:/hud/save-error.png flag 1 data 41378
[    5.8836] open fd = 257
[    5.8865] open name host:/hud/save-busy.png flag 1 data 41378
[    5.8884] open fd = 257
[    5.9225] open name host:/hud/save-spinner.png flag 1 data 41378
[    5.9243] open fd = 257
[    5.9387] open name host:/menus/save.png flag 1 data 41378
[    5.9405] open fd = 257
[    5.9735] open name host:/menus/district-pause.png flag 1 data 41378
[    5.9753] open fd = 257
[    6.0062] open name host:/menus/district-pause-values.png flag 1 data 41378
[    6.0081] open fd = 257
[    6.0119] open name host:/hud/save-cursor.png flag 1 data 41378
[    6.0137] open fd = 257
[    6.0224] open name host:/hud/save-cursor.png flag 1 data 41378
[    6.0240] open fd = 257
[    6.0262] open name host:/hud/save-cursor.png flag 1 data 41378
[    6.0277] open fd = 257
[    6.0295] open name host:/hud/menu-dim.png flag 1 data 41378
[    6.0310] open fd = 257
[    6.0333] open name host:/hud/flare-corona.png flag 1 data 41378
[    6.0347] open fd = 257
[    6.0473] open name host:/hud/flashlight-gobo.png flag 1 data 41378
[    6.0491] open fd = 257
[    6.0616] open name host:/hud/flare-glow.png flag 1 data 41378
[    6.0634] open fd = 257
[    6.0669] open name host:/hud/sun-disc.png flag 1 data 41378
[    6.0751] open fd = 257
[    6.0786] open name host:/hud/moon-disc.png flag 1 data 41378
[    6.0802] open fd = 257
[    6.1080] open name host:/quiet-night.cfg flag 1 data 41378
[    6.1091] open fd = 257
[    6.1111] LOG: NIGHTPLAN schema=1 kind=17 order=1 joint=0 restored=0 phases=3
[    6.1112] LOG: NIGHTCONFIG order=1 valid=1 profile=0 hardwareTrace=0 ringBytes=0 ordinaryClocks=1 fixedDt=0 sampleBytes=6144 chunkBytes=420 phases=3 phaseFrames=1800 taxFirst=800 taxLoops=320 chunkFrames=64 sampleFirst=900 sampleCount=128 video=1 display=1 depth=2 width=448 height=448 refreshMilliHz=60000 requested=1 night=1
[    6.1113] LOG: NIGHTQUALITY rasterWidth=448 rasterHeight=448 scaleX=1 scaleY=1
[    6.1116] open name host:/hud/use-text.png flag 1 data 41378
[    6.1132] open fd = 257
[    6.1162] open name host:/hud/pick-text.png flag 1 data 41378
[    6.1176] open fd = 257
[    6.1204] open name host:/sfx/engine_idle.adpcm flag 1 data 41378
[    6.1217] open fd = 257
[    6.1381] open name host:/sfx/engine_high.adpcm flag 1 data 41378
[    6.1399] open fd = 257
[    6.1573] open name host:/sfx/tires_screech.adpcm flag 1 data 41378
[    6.1589] open fd = 257
[    6.1632] open name host:/sfx/gear-shift.adpcm flag 1 data 41378
[    6.1652] open fd = 257
[    6.1680] LOG: NIGHTPRODPHASE phase=0 enabled=1
[    6.1682] LOG: NIGHTCORONAPHASE phase=0 first=0 selected=0 enabled=0
[    6.1684] LOG: NIGHTPHASE phase=0 first=0 mask=0 appliedMask=0 sampler=1 countReads=262 samplePtr=0052e688
[    6.1685] LOG: NIGHTEXTRAPHASE phase=0 first=0 extraMask=0 appliedExtraMask=0
[    6.1686] LOG: NIGHTWILDPHASE phase=0 first=0 variant=0 enabled=0 appliedVariant=0 appliedEnabled=0
[    6.1687] LOG: NIGHTTABLEPHASE phase=0 first=0 selected=1 enabled=1 appliedSelected=1 appliedEnabled=1
[    6.1695] open name host:/launch.scene flag 1 data 41378
[    6.1700] open fd = -5
[    6.1703] open name host:/hud/loading.png flag 1 data 41378
[    6.1719] open fd = 257
[    6.1850] FRAMEARENA allocated=1 bytes=1048576
[    6.2439] open name host:/vehicles/veh-ravager000001-shadow.png flag 1 data 41378
[    6.2458] open fd = 257
[    6.2466] open name host:/vehicles/veh-ravager000001-shadow.png flag 1 data 41378
[    6.2480] open fd = 257
[    6.2733] open name host:/vehicles/veh-pica00000001-shadow.png flag 1 data 41378
[    6.2751] open fd = 257
[    6.2759] open name host:/vehicles/veh-pica00000001-shadow.png flag 1 data 41378
[    6.2773] open fd = 257
[    6.2820] open name host:/vehicles/veh-strix0000001-shadow.png flag 1 data 41378
[    6.2837] open fd = 257
[    6.2843] open name host:/vehicles/veh-strix0000001-shadow.png flag 1 data 41378
[    6.2858] open fd = 257
[    6.2988] open name host:/shadowatlas/scene0-0.png flag 1 data 41378
[    6.3005] open fd = 257
[    6.3011] open name host:/shadowatlas/scene0-0.png flag 1 data 41378
[    6.3024] open fd = 257
[    6.3169] open name host:/shadowatlas/scene0-1.png flag 1 data 41378
[    6.3188] open fd = 257
[    6.3195] open name host:/shadowatlas/scene0-1.png flag 1 data 41378
[    6.3209] open fd = 257
[    6.3349] open name host:/textures/district-ground.png flag 1 data 41378
[    6.3364] open fd = 257
[    6.3371] open name host:/textures/district-ground.png flag 1 data 41378
[    6.3385] open fd = 257
[    6.3603] open name host:/materials/district-asphalt.mtl flag 1 data 41378
[    6.3620] open fd = 257
[    6.3685] open name host:/textures/district-asphalt.png flag 1 data 41378
[    6.3702] open fd = 257
[    6.3707] open name host:/textures/district-asphalt.png flag 1 data 41378
[    6.3720] open fd = 257
[    6.3873] open name host:/materials/district-sign.mtl flag 1 data 41378
[    6.3889] open fd = 257
[    6.3907] open name host:/textures/district-sign.png flag 1 data 41378
[    6.3922] open fd = 257
[    6.3927] open name host:/textures/district-sign.png flag 1 data 41378
[    6.3942] open fd = 257
[    6.3981] open name host:/materials/night-warm.mtl flag 1 data 41378
[    6.3996] open fd = 257
[    6.4019] open name host:/materials/night-cyan.mtl flag 1 data 41378
[    6.4035] open fd = 257
[    6.4056] open name host:/materials/night-pink.mtl flag 1 data 41378
[    6.4072] open fd = 257
[    6.4095] open name host:/models/urban/district-workshop.tmdl flag 1 data 41378
[    6.4124] open fd = 257
[    6.4164] open name host:/models/urban/Textures/district-facades.png flag 1 data 41378
[    6.4187] open fd = 257
[    6.4197] open name host:/models/urban/Textures/district-facades.png flag 1 data 41378
[    6.4220] open fd = 257
[    6.4457] open name host:/models/urban/district-tower.tmdl flag 1 data 41378
[    6.4478] open fd = 257
[    6.4502] open name host:/models/urban/district-loft.tmdl flag 1 data 41378
[    6.4521] open fd = 257
[    6.4544] open name host:/models/urban/detail-light-double.tmdl flag 1 data 41378
[    6.4563] open fd = 257
[    6.4661] open name host:/models/urban/Textures/metal.png flag 1 data 41378
[    6.4685] open fd = 257
[    6.4694] open name host:/models/urban/Textures/metal.png flag 1 data 41378
[    6.4717] open fd = 257
[    6.4819] open name host:/models/urban/detail-light-traffic.tmdl flag 1 data 41378
[    6.4840] open fd = 257
[    6.4946] open name host:/models/urban/Textures/roof.png flag 1 data 41378
[    6.4972] open fd = 257
[    6.4981] open name host:/models/urban/Textures/roof.png flag 1 data 41378
[    6.5004] open fd = 257
[    6.5035] open name host:/models/urban/tree-park-large.tmdl flag 1 data 41378
[    6.5056] open fd = 257
[    6.5131] open name host:/models/urban/Textures/treeA.png flag 1 data 41378
[    6.5156] open fd = 257
[    6.5166] open name host:/models/urban/Textures/treeA.png flag 1 data 41378
[    6.5190] open fd = 257
[    6.5296] open name host:/models/urban/Textures/tiles.png flag 1 data 41378
[    6.5322] open fd = 257
[    6.5330] open name host:/models/urban/Textures/tiles.png flag 1 data 41378
[    6.5354] open fd = 257
[    6.5384] open name host:/models/urban/Textures/dirt.png flag 1 data 41378
[    6.5407] open fd = 257
[    6.5416] open name host:/models/urban/Textures/dirt.png flag 1 data 41378
[    6.5439] open fd = 257
[    6.5469] open name host:/models/urban/tree-park-pine-large.tmdl flag 1 data 41378
[    6.5489] open fd = 257
[    6.5565] open name host:/models/urban/Textures/treeB.png flag 1 data 41378
[    6.5594] open fd = 257
[    6.5603] open name host:/models/urban/Textures/treeB.png flag 1 data 41378
[    6.5626] open fd = 257
[    6.5653] open name host:/models/urban/detail-barrier-type-a.tmdl flag 1 data 41378
[    6.5676] open fd = 257
[    6.5789] open name host:/models/urban/Textures/signs.png flag 1 data 41378
[    6.5813] open fd = 257
[    6.5822] open name host:/models/urban/Textures/signs.png flag 1 data 41378
[    6.5845] open fd = 257
[    6.5870] open name host:/models/urban/detail-dumpster-closed.tmdl flag 1 data 41378
[    6.5890] open fd = 257
[    6.5924] open name host:/models/urban/Textures/metal_wall.png flag 1 data 41378
[    6.5949] open fd = 257
[    6.5958] open name host:/models/urban/Textures/metal_wall.png flag 1 data 41378
[    6.5981] open fd = 257
[    6.6011] open name host:/models/urban/Textures/wall.png flag 1 data 41378
[    6.6034] open fd = 257
[    6.6042] open name host:/models/urban/Textures/wall.png flag 1 data 41378
[    6.6065] open fd = 257
[    6.6097] open name host:/models/urban/detail-bench.tmdl flag 1 data 41378
[    6.6118] open fd = 257
[    6.6271] open name host:/models/urban/Textures/planks.png flag 1 data 41378
[    6.6298] open fd = 257
[    6.6307] open name host:/models/urban/Textures/planks.png flag 1 data 41378
[    6.6329] open fd = 257
[    6.6362] open name host:/models/urban/pallet.tmdl flag 1 data 41378
[    6.6380] open fd = 257
[    6.6466] open name host:/vehicles/veh-ravager000001-body.tmdl flag 1 data 41378
[    6.6481] open fd = 257
[    6.7650] open name host:/vehicles/veh-ravager000001-palette.png flag 1 data 41378
[    6.7669] open fd = 257
[    6.7742] open name host:/vehicles/veh-ravager000001-palette.png flag 1 data 41378
[    6.7760] open fd = 257
[    6.7896] open name host:/vehicles/veh-ravager000001-palette-image-0.png flag 1 data 41378
[    6.7914] open fd = 257
[    6.7920] open name host:/vehicles/veh-ravager000001-palette-image-0.png flag 1 data 41378
[    6.7942] open fd = 257
[    6.8132] open name host:/vehicles/veh-pica00000001-body.tmdl flag 1 data 41378
[    6.8150] open fd = 257
[    6.9171] open name host:/vehicles/veh-pica00000001-palette.png flag 1 data 41378
[    6.9187] open fd = 257
[    6.9193] open name host:/vehicles/veh-pica00000001-palette.png flag 1 data 41378
[    6.9207] open fd = 257
[    6.9227] open name host:/vehicles/veh-pica00000001-palette-image-0.png flag 1 data 41378
[    6.9241] open fd = 257
[    6.9249] open name host:/vehicles/veh-pica00000001-palette-image-0.png flag 1 data 41378
[    6.9264] open fd = 257
[    6.9496] open name host:/vehicles/veh-strix0000001-body.tmdl flag 1 data 41378
[    6.9513] open fd = 257
[    7.0639] open name host:/vehicles/veh-strix0000001-palette.png flag 1 data 41378
[    7.0656] open fd = 257
[    7.0663] open name host:/vehicles/veh-strix0000001-palette.png flag 1 data 41378
[    7.0678] open fd = 257
[    7.0697] open name host:/vehicles/veh-strix0000001-palette-image-0.png flag 1 data 41378
[    7.0711] open fd = 257
[    7.0717] open name host:/vehicles/veh-strix0000001-palette-image-0.png flag 1 data 41378
[    7.0731] open fd = 257
[    7.0996] open name host:/sky/scene0.png flag 1 data 41378
[    7.1012] open fd = 257
[    7.1019] open name host:/sky/scene0.png flag 1 data 41378
[    7.1033] open fd = 257
[    7.3763] open name host:/vehicles/fx-skid.png flag 1 data 41378
[    7.3781] open fd = 257
[    7.3788] open name host:/vehicles/fx-skid.png flag 1 data 41378
[    7.3802] open fd = 257
[    7.3941] open name host:/vehicles/fx-smoke.png flag 1 data 41378
[    7.3959] open fd = 257
[    7.3965] open name host:/vehicles/fx-smoke.png flag 1 data 41378
[    7.3980] open fd = 257
[    7.4027] open name host:/vehicles/veh-ravager000001-wheel.tmdl flag 1 data 41378
[    7.4047] open fd = 257
[    7.4120] open name host:/vehicles/veh-ravager000001-wheelfast.tmdl flag 1 data 41378
[    7.4139] open fd = 257
[    7.4204] open name host:/fonts/atlas-default.png flag 1 data 41378
[    7.4219] open fd = 257
[    7.4348] open name host:/hud/icons.png flag 1 data 41378
[    7.4366] open fd = 257
[    7.4501] open name host:/hud/loading-white.png flag 1 data 41378
[    7.4517] open fd = 257
[    7.4536] open name host:/vehicles/veh-pica00000001-wheel.tmdl flag 1 data 41378
[    7.4552] open fd = 257
[    7.4627] open name host:/vehicles/veh-pica00000001-wheelfast.tmdl flag 1 data 41378
[    7.4642] open fd = 257
[    7.4703] open name host:/vehicles/veh-strix0000001-wheel.tmdl flag 1 data 41378
[    7.4716] open fd = 257
[    7.4858] open name host:/vehicles/veh-strix0000001-wheelfast.tmdl flag 1 data 41378
[    7.4873] open fd = 257
[    7.4983] open name host:/textures/district-road.png flag 1 data 41378
[    7.4999] open fd = 257
[    7.5006] open name host:/textures/district-road.png flag 1 data 41378
[    7.5020] open fd = 257
[    7.6106] open name host:/textures/district-asphalt.png flag 1 data 41378
[    7.6123] open fd = 257
[    7.6130] open name host:/textures/district-asphalt.png flag 1 data 41378
[    7.6144] open fd = 257
[    7.6266] open name host:/textures/district-plaza.png flag 1 data 41378
[    7.6283] open fd = 257
[    7.6290] open name host:/textures/district-plaza.png flag 1 data 41378
[    7.6304] open fd = 257
[    7.6645] open name host:/gshadow/s0_2_1.png flag 1 data 41378
[    7.6664] open fd = 257
[    7.6671] open name host:/gshadow/s0_2_1.png flag 1 data 41378
[    7.6686] open fd = 257
[    7.6805] open name host:/gshadow/s0_1_1.png flag 1 data 41378
[    7.6823] open fd = 257
[    7.6830] open name host:/gshadow/s0_1_1.png flag 1 data 41378
[    7.6843] open fd = 257
[    7.6875] open name host:/gshadow/s0_3_1.png flag 1 data 41378
[    7.6892] open fd = 257
[    7.6898] open name host:/gshadow/s0_3_1.png flag 1 data 41378
[    7.6912] open fd = 257
[    7.7007] open name host:/gshadow/s0_2_2.png flag 1 data 41378
[    7.7025] open fd = 257
[    7.7033] open name host:/gshadow/s0_2_2.png flag 1 data 41378
[    7.7052] open fd = 257
[    7.7087] open name host:/gshadow/s0_1_2.png flag 1 data 41378
[    7.7103] open fd = 257
[    7.7110] open name host:/gshadow/s0_1_2.png flag 1 data 41378
[    7.7123] open fd = 257
[    7.7156] open name host:/gshadow/s0_3_2.png flag 1 data 41378
[    7.7169] open fd = 257
[    7.7175] open name host:/gshadow/s0_3_2.png flag 1 data 41378
[    7.7189] open fd = 257
[    7.7403] open name host:/gshadow/s0_0_1.png flag 1 data 41378
[    7.7422] open fd = 257
[    7.7430] open name host:/gshadow/s0_0_1.png flag 1 data 41378
[    7.7445] open fd = 257
[    7.7474] open name host:/gshadow/s0_4_1.png flag 1 data 41378
[    7.7488] open fd = 257
[    7.7494] open name host:/gshadow/s0_4_1.png flag 1 data 41378
[    7.7507] open fd = 257
[    7.7537] open name host:/gshadow/s0_4_0.png flag 1 data 41378
[    7.7551] open fd = 257
[    7.7556] open name host:/gshadow/s0_4_0.png flag 1 data 41378
[    7.7571] open fd = 257
[    7.7680] open name host:/gshadow/s0_2_3.png flag 1 data 41378
[    7.7698] open fd = 257
[    7.7705] open name host:/gshadow/s0_2_3.png flag 1 data 41378
[    7.7719] open fd = 257
[    7.7750] open name host:/gshadow/s0_0_2.png flag 1 data 41378
[    7.7764] open fd = 257
[    7.7770] open name host:/gshadow/s0_0_2.png flag 1 data 41378
[    7.7783] open fd = 257
[    7.7873] open name host:/gshadow/s0_4_2.png flag 1 data 41378
[    7.7890] open fd = 257
[    7.7896] open name host:/gshadow/s0_4_2.png flag 1 data 41378
[    7.7910] open fd = 257
[    7.7941] open name host:/gshadow/s0_1_3.png flag 1 data 41378
[    7.7957] open fd = 257
[    7.7963] open name host:/gshadow/s0_1_3.png flag 1 data 41378
[    7.7976] open fd = 257
[    7.8088] open name host:/gshadow/s0_3_3.png flag 1 data 41378
[    7.8106] open fd = 257
[    7.8112] open name host:/gshadow/s0_3_3.png flag 1 data 41378
[    7.8126] open fd = 257
[    7.8154] open name host:/gshadow/s0_0_3.png flag 1 data 41378
[    7.8171] open fd = 257
[    7.8177] open name host:/gshadow/s0_0_3.png flag 1 data 41378
[    7.8191] open fd = 257
[    7.8218] open name host:/gshadow/s0_4_3.png flag 1 data 41378
[    7.8235] open fd = 257
[    7.8240] open name host:/gshadow/s0_4_3.png flag 1 data 41378
[    7.8255] open fd = 257
[    8.5751] microVU1: Cached Prog = [000] [PC=2590] [List=01] (Cache=0.000%) [0.0mb]
[    8.5754] microVU1: 3 cycle stall on branch instruction [3368]
[    8.5754] microVU1: 3 cycle stall on branch instruction [3368]
[    8.5754] microVU1: 3 cycle stall on branch instruction [3380]
[    8.5754] microVU1: 3 cycle stall on branch instruction [3380]
[    8.5754] microVU1: 3 cycle stall on branch instruction [33b8]
[    8.5754] microVU1: 3 cycle stall on branch instruction [33b8]
[    8.5754] microVU1: 3 cycle stall on branch instruction [33d8]
[    8.5754] microVU1: 3 cycle stall on branch instruction [33d8]
[    8.5756] microVU1: 3 cycle stall on branch instruction [3368]
[    8.5756] microVU1: 3 cycle stall on branch instruction [3368]
[    8.5756] microVU1: 3 cycle stall on branch instruction [3380]
[    8.5756] microVU1: 3 cycle stall on branch instruction [3380]
[    8.5756] microVU1: 3 cycle stall on branch instruction [33b8]
[    8.5756] microVU1: 3 cycle stall on branch instruction [33b8]
[    8.5757] microVU1: 3 cycle stall on branch instruction [33d8]
[    8.5757] microVU1: 3 cycle stall on branch instruction [33d8]
[    8.5758] microVU1: 3 cycle stall on branch instruction [3368]
[    8.5758] microVU1: 3 cycle stall on branch instruction [3368]
[    8.5758] microVU1: 3 cycle stall on branch instruction [3380]
[    8.5758] microVU1: 3 cycle stall on branch instruction [3380]
[    8.5758] microVU1: 3 cycle stall on branch instruction [33b8]
[    8.5758] microVU1: 3 cycle stall on branch instruction [33b8]
[    8.5758] microVU1: 3 cycle stall on branch instruction [33d8]
[    8.5758] microVU1: 3 cycle stall on branch instruction [33d8]
[    8.5762] microVU1: 3 cycle stall on branch instruction [3368]
[    8.5762] microVU1: 3 cycle stall on branch instruction [3368]
[    8.5762] microVU1: 3 cycle stall on branch instruction [3380]
[    8.5763] microVU1: 3 cycle stall on branch instruction [3380]
[    8.5764] microVU1: 3 cycle stall on branch instruction [33b8]
[    8.5764] microVU1: 3 cycle stall on branch instruction [33b8]
[    8.5764] microVU1: 3 cycle stall on branch instruction [33d8]
[    8.5764] microVU1: 3 cycle stall on branch instruction [33d8]
[    8.5769] microVU1: 3 cycle stall on branch instruction [3368]
[    8.5769] microVU1: 3 cycle stall on branch instruction [3368]
[    8.5769] microVU1: 3 cycle stall on branch instruction [3380]
[    8.5769] microVU1: 3 cycle stall on branch instruction [3380]
[    8.5769] microVU1: 3 cycle stall on branch instruction [33b8]
[    8.5769] microVU1: 3 cycle stall on branch instruction [33b8]
[    8.5769] microVU1: 3 cycle stall on branch instruction [33d8]
[    8.5769] microVU1: 3 cycle stall on branch instruction [33d8]
[    8.5771] microVU1: 3 cycle stall on branch instruction [3368]
[    8.5772] microVU1: 3 cycle stall on branch instruction [3368]
[    8.5772] microVU1: 3 cycle stall on branch instruction [3380]
[    8.5772] microVU1: 3 cycle stall on branch instruction [3380]
[    8.5772] microVU1: 3 cycle stall on branch instruction [33b8]
[    8.5772] microVU1: 3 cycle stall on branch instruction [33b8]
[    8.5772] microVU1: 3 cycle stall on branch instruction [33d8]
[    8.5772] microVU1: 3 cycle stall on branch instruction [33d8]
[    8.5773] microVU1: 3 cycle stall on branch instruction [3368]
[    8.5773] microVU1: 3 cycle stall on branch instruction [3368]
[    8.5773] microVU1: 3 cycle stall on branch instruction [3380]
[    8.5773] microVU1: 3 cycle stall on branch instruction [3380]
[    8.5774] microVU1: 3 cycle stall on branch instruction [33b8]
[    8.5774] microVU1: 3 cycle stall on branch instruction [33b8]
[    8.5774] microVU1: 3 cycle stall on branch instruction [33d8]
[    8.5774] microVU1: 3 cycle stall on branch instruction [33d8]
[    8.5775] microVU1: 3 cycle stall on branch instruction [3368]
[    8.5775] microVU1: 3 cycle stall on branch instruction [3368]
[    8.5775] microVU1: 3 cycle stall on branch instruction [3380]
[    8.5775] microVU1: 3 cycle stall on branch instruction [3380]
[    8.5775] microVU1: 3 cycle stall on branch instruction [33b8]
[    8.5775] microVU1: 3 cycle stall on branch instruction [33b8]
[    8.5775] microVU1: 3 cycle stall on branch instruction [33d8]
[    8.5775] microVU1: 3 cycle stall on branch instruction [33d8]
[    8.5779] microVU1: 3 cycle stall on branch instruction [3368]
[    8.5779] microVU1: 3 cycle stall on branch instruction [3368]
[    8.5779] microVU1: 3 cycle stall on branch instruction [3380]
[    8.5779] microVU1: 3 cycle stall on branch instruction [3380]
[    8.5779] microVU1: 3 cycle stall on branch instruction [33b8]
[    8.5779] microVU1: 3 cycle stall on branch instruction [33b8]
[    8.5779] microVU1: 3 cycle stall on branch instruction [33d8]
[    8.5779] microVU1: 3 cycle stall on branch instruction [33d8]
[    8.5780] microVU1: 3 cycle stall on branch instruction [3368]
[    8.5780] microVU1: 3 cycle stall on branch instruction [3368]
[    8.5781] microVU1: 3 cycle stall on branch instruction [3380]
[    8.5781] microVU1: 3 cycle stall on branch instruction [3380]
[    8.5781] microVU1: 3 cycle stall on branch instruction [33b8]
[    8.5781] microVU1: 3 cycle stall on branch instruction [33b8]
[    8.5781] microVU1: 3 cycle stall on branch instruction [33d8]
[    8.5781] microVU1: 3 cycle stall on branch instruction [33d8]
[    8.5782] microVU1: 3 cycle stall on branch instruction [3368]
[    8.5782] microVU1: 3 cycle stall on branch instruction [3368]
[    8.5782] microVU1: 3 cycle stall on branch instruction [3380]
[    8.5782] microVU1: 3 cycle stall on branch instruction [3380]
[    8.5783] microVU1: 3 cycle stall on branch instruction [33b8]
[    8.5783] microVU1: 3 cycle stall on branch instruction [33b8]
[    8.5783] microVU1: 3 cycle stall on branch instruction [33d8]
[    8.5783] microVU1: 3 cycle stall on branch instruction [33d8]
[    8.5784] microVU1: 3 cycle stall on branch instruction [3368]
[    8.5784] microVU1: 3 cycle stall on branch instruction [3368]
[    8.5784] microVU1: 3 cycle stall on branch instruction [3380]
[    8.5784] microVU1: 3 cycle stall on branch instruction [3380]
[    8.5784] microVU1: 3 cycle stall on branch instruction [33b8]
[    8.5784] microVU1: 3 cycle stall on branch instruction [33b8]
[    8.5784] microVU1: 3 cycle stall on branch instruction [33d8]
[    8.5784] microVU1: 3 cycle stall on branch instruction [33d8]
[    8.5788] microVU1: 3 cycle stall on branch instruction [3368]
[    8.5788] microVU1: 3 cycle stall on branch instruction [3368]
[    8.5788] microVU1: 3 cycle stall on branch instruction [3380]
[    8.5788] microVU1: 3 cycle stall on branch instruction [3380]
[    8.5789] microVU1: 3 cycle stall on branch instruction [33b8]
[    8.5789] microVU1: 3 cycle stall on branch instruction [33b8]
[    8.5789] microVU1: 3 cycle stall on branch instruction [33d8]
[    8.5789] microVU1: 3 cycle stall on branch instruction [33d8]
[    8.5790] microVU1: 3 cycle stall on branch instruction [3368]
[    8.5790] microVU1: 3 cycle stall on branch instruction [3368]
[    8.5790] microVU1: 3 cycle stall on branch instruction [3380]
[    8.5790] microVU1: 3 cycle stall on branch instruction [3380]
[    8.5790] microVU1: 3 cycle stall on branch instruction [33b8]
[    8.5790] microVU1: 3 cycle stall on branch instruction [33b8]
[    8.5790] microVU1: 3 cycle stall on branch instruction [33d8]
[    8.5790] microVU1: 3 cycle stall on branch instruction [33d8]
[    8.5791] microVU1: 3 cycle stall on branch instruction [3368]
[    8.5791] microVU1: 3 cycle stall on branch instruction [3368]
[    8.5792] microVU1: 3 cycle stall on branch instruction [3380]
[    8.5792] microVU1: 3 cycle stall on branch instruction [3380]
[    8.5792] microVU1: 3 cycle stall on branch instruction [33b8]
[    8.5792] microVU1: 3 cycle stall on branch instruction [33b8]
[    8.5792] microVU1: 3 cycle stall on branch instruction [33d8]
[    8.5792] microVU1: 3 cycle stall on branch instruction [33d8]
[    8.5793] microVU1: 3 cycle stall on branch instruction [3368]
[    8.5793] microVU1: 3 cycle stall on branch instruction [3368]
[    8.5793] microVU1: 3 cycle stall on branch instruction [3380]
[    8.5793] microVU1: 3 cycle stall on branch instruction [3380]
[    8.5793] microVU1: 3 cycle stall on branch instruction [33b8]
[    8.5793] microVU1: 3 cycle stall on branch instruction [33b8]
[    8.5793] microVU1: 3 cycle stall on branch instruction [33d8]
[    8.5793] microVU1: 3 cycle stall on branch instruction [33d8]
[    8.5799] microVU1: 3 cycle stall on branch instruction [2c58]
[    8.5814] microVU1: Cached Prog = [001] [PC=1a30] [List=01] (Cache=0.677%) [0.4mb]
[    8.5814] microVU1: 1 cycle stall on branch instruction [1ae8]
[    8.5814] microVU1: 3 cycle stall on branch instruction [1ba0]
[    8.5818] microVU1: 3 cycle stall on branch instruction [2520]
[    8.5818] microVU1: 3 cycle stall on branch instruction [1ba0]
[    8.5821] microVU1: 3 cycle stall on branch instruction [2520]
[    8.5821] microVU1: 3 cycle stall on branch instruction [1ba0]
[    8.5823] microVU1: 3 cycle stall on branch instruction [2520]
[    8.5823] microVU1: 3 cycle stall on branch instruction [1ba0]
[    8.5827] microVU1: 3 cycle stall on branch instruction [2520]
[    8.5827] microVU1: 3 cycle stall on branch instruction [1ba0]
[    8.5829] microVU1: 3 cycle stall on branch instruction [2520]
[    8.5830] microVU1: 3 cycle stall on branch instruction [1ba0]
[    8.5831] microVU1: 3 cycle stall on branch instruction [2520]
[    8.5831] microVU1: 3 cycle stall on branch instruction [1ba0]
[    8.5834] microVU1: 3 cycle stall on branch instruction [2520]
[    8.5835] microVU1: 3 cycle stall on branch instruction [1ba0]
[    8.5835] microVU1: 3 cycle stall on branch instruction [1fc0]
[    8.5836] microVU1: 3 cycle stall on branch instruction [2520]
[    8.5836] microVU1: 3 cycle stall on branch instruction [1ba0]
[    8.5837] microVU1: 3 cycle stall on branch instruction [2520]
[    8.5838] microVU1: 3 cycle stall on branch instruction [1ba0]
[    8.5842] microVU1: 3 cycle stall on branch instruction [2520]
[    8.5842] microVU1: 3 cycle stall on branch instruction [1ba0]
[    8.5843] microVU1: 3 cycle stall on branch instruction [2520]
[    8.5843] microVU1: 3 cycle stall on branch instruction [1ba0]
[    8.5847] microVU1: 3 cycle stall on branch instruction [2520]
[    8.5847] microVU1: 3 cycle stall on branch instruction [1ba0]
[    8.5849] microVU1: 3 cycle stall on branch instruction [2520]
[    8.5849] microVU1: 3 cycle stall on branch instruction [1ba0]
[    8.5853] microVU1: 3 cycle stall on branch instruction [2520]
[    8.5853] microVU1: 3 cycle stall on branch instruction [1ba0]
[    8.5858] microVU1: 3 cycle stall on branch instruction [1fc0]
[    8.5859] microVU1: 3 cycle stall on branch instruction [2520]
[    8.5859] microVU1: 3 cycle stall on branch instruction [1ba0]
[    8.5860] microVU1: 3 cycle stall on branch instruction [1fc0]
[    8.5862] microVU1: 3 cycle stall on branch instruction [1fc0]
[    8.5863] microVU1: 3 cycle stall on branch instruction [2520]
[    8.5863] microVU1: 3 cycle stall on branch instruction [1ba0]
[    8.5864] microVU1: 3 cycle stall on branch instruction [1fc0]
[    8.5865] microVU1: 3 cycle stall on branch instruction [1fc0]
[    8.5867] microVU1: 3 cycle stall on branch instruction [1fc0]
[    8.5868] microVU1: 3 cycle stall on branch instruction [1fc0]
[    8.5869] microVU1: 3 cycle stall on branch instruction [1fc0]
[    8.5870] microVU1: 3 cycle stall on branch instruction [1fc0]
[    8.5872] microVU1: 3 cycle stall on branch instruction [1fc0]
[    8.5872] microVU1: 3 cycle stall on branch instruction [1fc0]
[    8.5873] microVU1: 3 cycle stall on branch instruction [1fc0]
[    8.5874] microVU1: 3 cycle stall on branch instruction [1fc0]
[    8.5875] microVU1: 3 cycle stall on branch instruction [1fc0]
[    8.5876] microVU1: 3 cycle stall on branch instruction [1fc0]
[    8.5877] microVU1: 3 cycle stall on branch instruction [1ba0]
[    8.5878] microVU1: Cached Prog = [002] [PC=2578] [List=01] (Cache=1.397%) [0.9mb]
[    8.5878] microVU1: 1 cycle stall on branch instruction [1ae8]
[    8.5878] microVU1: 3 cycle stall on branch instruction [1ba0]
[    8.5881] microVU1: 3 cycle stall on branch instruction [2520]
[    8.5881] microVU1: 3 cycle stall on branch instruction [1ba0]
[    8.5885] microVU1: 3 cycle stall on branch instruction [2520]
[    8.5885] microVU1: 3 cycle stall on branch instruction [1ba0]
[    8.5886] microVU1: 3 cycle stall on branch instruction [2520]
[    8.5886] microVU1: 3 cycle stall on branch instruction [1ba0]
[    8.5889] microVU1: 3 cycle stall on branch instruction [2520]
[    8.5890] microVU1: 3 cycle stall on branch instruction [1ba0]
[    8.5892] microVU1: 3 cycle stall on branch instruction [2520]
[    8.5892] microVU1: 3 cycle stall on branch instruction [1ba0]
[    8.5894] microVU1: 3 cycle stall on branch instruction [2520]
[    8.5894] microVU1: 3 cycle stall on branch instruction [1ba0]
[    8.5896] microVU1: 3 cycle stall on branch instruction [2520]
[    8.5896] microVU1: 3 cycle stall on branch instruction [1ba0]
[    8.5896] microVU1: 3 cycle stall on branch instruction [1fc0]
[    8.5897] microVU1: 3 cycle stall on branch instruction [2520]
[    8.5898] microVU1: 3 cycle stall on branch instruction [1ba0]
[    8.5899] microVU1: 3 cycle stall on branch instruction [2520]
[    8.5905] microVU1: 3 cycle stall on branch instruction [1ba0]
[    8.5908] microVU1: 3 cycle stall on branch instruction [2520]
[    8.5908] microVU1: 3 cycle stall on branch instruction [1ba0]
[    8.5910] microVU1: 3 cycle stall on branch instruction [2520]
[    8.5910] microVU1: 3 cycle stall on branch instruction [1ba0]
[    8.5915] microVU1: 3 cycle stall on branch instruction [2520]
[    8.5915] microVU1: 3 cycle stall on branch instruction [1ba0]
[    8.5916] microVU1: 3 cycle stall on branch instruction [2520]
[    8.5917] microVU1: 3 cycle stall on branch instruction [1ba0]
[    8.5920] microVU1: 3 cycle stall on branch instruction [2520]
[    8.5920] microVU1: 3 cycle stall on branch instruction [1ba0]
[    8.5926] microVU1: 3 cycle stall on branch instruction [1fc0]
[    8.5926] microVU1: 3 cycle stall on branch instruction [2520]
[    8.5926] microVU1: 3 cycle stall on branch instruction [1ba0]
[    8.5927] microVU1: 3 cycle stall on branch instruction [1fc0]
[    8.5929] microVU1: 3 cycle stall on branch instruction [1fc0]
[    8.5929] microVU1: 3 cycle stall on branch instruction [2520]
[    8.5930] microVU1: 3 cycle stall on branch instruction [1ba0]
[    8.5930] microVU1: 3 cycle stall on branch instruction [1fc0]
[    8.5932] microVU1: 3 cycle stall on branch instruction [1fc0]
[    8.5934] microVU1: 3 cycle stall on branch instruction [1fc0]
[    8.5935] microVU1: 3 cycle stall on branch instruction [1fc0]
[    8.5938] microVU1: 3 cycle stall on branch instruction [1fc0]
[    8.5939] microVU1: 3 cycle stall on branch instruction [1fc0]
[    8.5940] microVU1: 3 cycle stall on branch instruction [1fc0]
[    8.5941] microVU1: 3 cycle stall on branch instruction [1fc0]
[    8.5942] microVU1: 3 cycle stall on branch instruction [1fc0]
[    8.5943] microVU1: 3 cycle stall on branch instruction [1fc0]
[    8.5944] microVU1: 3 cycle stall on branch instruction [1fc0]
[    8.5945] microVU1: 3 cycle stall on branch instruction [1fc0]
[    8.5946] microVU1: 3 cycle stall on branch instruction [1ba0]
[    8.5948] microVU1: Cached Prog = [003] [PC=3550] [List=01] (Cache=2.117%) [1.3mb]
[    8.5950] microVU1: 3 cycle stall on branch instruction [3368]
[    8.5950] microVU1: 3 cycle stall on branch instruction [3368]
[    8.5950] microVU1: 3 cycle stall on branch instruction [3380]
[    8.5950] microVU1: 3 cycle stall on branch instruction [3380]
[    8.5950] microVU1: 3 cycle stall on branch instruction [33b8]
[    8.5950] microVU1: 3 cycle stall on branch instruction [33b8]
[    8.5950] microVU1: 3 cycle stall on branch instruction [33d8]
[    8.5950] microVU1: 3 cycle stall on branch instruction [33d8]
[    8.5951] microVU1: 3 cycle stall on branch instruction [3368]
[    8.5951] microVU1: 3 cycle stall on branch instruction [3368]
[    8.5951] microVU1: 3 cycle stall on branch instruction [3380]
[    8.5951] microVU1: 3 cycle stall on branch instruction [3380]
[    8.5952] microVU1: 3 cycle stall on branch instruction [33b8]
[    8.5952] microVU1: 3 cycle stall on branch instruction [33b8]
[    8.5952] microVU1: 3 cycle stall on branch instruction [33d8]
[    8.5952] microVU1: 3 cycle stall on branch instruction [33d8]
[    8.5953] microVU1: 3 cycle stall on branch instruction [3368]
[    8.5953] microVU1: 3 cycle stall on branch instruction [3368]
[    8.5953] microVU1: 3 cycle stall on branch instruction [3380]
[    8.5953] microVU1: 3 cycle stall on branch instruction [3380]
[    8.5953] microVU1: 3 cycle stall on branch instruction [33b8]
[    8.5953] microVU1: 3 cycle stall on branch instruction [33b8]
[    8.5953] microVU1: 3 cycle stall on branch instruction [33d8]
[    8.5953] microVU1: 3 cycle stall on branch instruction [33d8]
[    8.5954] microVU1: 3 cycle stall on branch instruction [3368]
[    8.5954] microVU1: 3 cycle stall on branch instruction [3368]
[    8.5954] microVU1: 3 cycle stall on branch instruction [3380]
[    8.5954] microVU1: 3 cycle stall on branch instruction [3380]
[    8.5954] microVU1: 3 cycle stall on branch instruction [33b8]
[    8.5954] microVU1: 3 cycle stall on branch instruction [33b8]
[    8.5955] microVU1: 3 cycle stall on branch instruction [33d8]
[    8.5955] microVU1: 3 cycle stall on branch instruction [33d8]
[    8.5958] microVU1: 3 cycle stall on branch instruction [3368]
[    8.5959] microVU1: 3 cycle stall on branch instruction [3368]
[    8.5959] microVU1: 3 cycle stall on branch instruction [3380]
[    8.5959] microVU1: 3 cycle stall on branch instruction [3380]
[    8.5959] microVU1: 3 cycle stall on branch instruction [33b8]
[    8.5959] microVU1: 3 cycle stall on branch instruction [33b8]
[    8.5959] microVU1: 3 cycle stall on branch instruction [33d8]
[    8.5959] microVU1: 3 cycle stall on branch instruction [33d8]
[    8.5960] microVU1: 3 cycle stall on branch instruction [3368]
[    8.5960] microVU1: 3 cycle stall on branch instruction [3368]
[    8.5960] microVU1: 3 cycle stall on branch instruction [3380]
[    8.5960] microVU1: 3 cycle stall on branch instruction [3380]
[    8.5960] microVU1: 3 cycle stall on branch instruction [33b8]
[    8.5960] microVU1: 3 cycle stall on branch instruction [33b8]
[    8.5960] microVU1: 3 cycle stall on branch instruction [33d8]
[    8.5960] microVU1: 3 cycle stall on branch instruction [33d8]
[    8.5961] microVU1: 3 cycle stall on branch instruction [3368]
[    8.5961] microVU1: 3 cycle stall on branch instruction [3368]
[    8.5961] microVU1: 3 cycle stall on branch instruction [3380]
[    8.5961] microVU1: 3 cycle stall on branch instruction [3380]
[    8.5961] microVU1: 3 cycle stall on branch instruction [33b8]
[    8.5962] microVU1: 3 cycle stall on branch instruction [33b8]
[    8.5962] microVU1: 3 cycle stall on branch instruction [33d8]
[    8.5962] microVU1: 3 cycle stall on branch instruction [33d8]
[    8.5963] microVU1: 3 cycle stall on branch instruction [3368]
[    8.5963] microVU1: 3 cycle stall on branch instruction [3368]
[    8.5963] microVU1: 3 cycle stall on branch instruction [3380]
[    8.5963] microVU1: 3 cycle stall on branch instruction [3380]
[    8.5963] microVU1: 3 cycle stall on branch instruction [33b8]
[    8.5963] microVU1: 3 cycle stall on branch instruction [33b8]
[    8.5963] microVU1: 3 cycle stall on branch instruction [33d8]
[    8.5963] microVU1: 3 cycle stall on branch instruction [33d8]
[    8.5966] microVU1: 3 cycle stall on branch instruction [3368]
[    8.5967] microVU1: 3 cycle stall on branch instruction [3368]
[    8.5967] microVU1: 3 cycle stall on branch instruction [3380]
[    8.5967] microVU1: 3 cycle stall on branch instruction [3380]
[    8.5967] microVU1: 3 cycle stall on branch instruction [33b8]
[    8.5967] microVU1: 3 cycle stall on branch instruction [33b8]
[    8.5967] microVU1: 3 cycle stall on branch instruction [33d8]
[    8.5967] microVU1: 3 cycle stall on branch instruction [33d8]
[    8.5968] microVU1: 3 cycle stall on branch instruction [3368]
[    8.5968] microVU1: 3 cycle stall on branch instruction [3368]
[    8.5968] microVU1: 3 cycle stall on branch instruction [3380]
[    8.5968] microVU1: 3 cycle stall on branch instruction [3380]
[    8.5969] microVU1: 3 cycle stall on branch instruction [33b8]
[    8.5969] microVU1: 3 cycle stall on branch instruction [33b8]
[    8.5969] microVU1: 3 cycle stall on branch instruction [33d8]
[    8.5969] microVU1: 3 cycle stall on branch instruction [33d8]
[    8.5970] microVU1: 3 cycle stall on branch instruction [3368]
[    8.5970] microVU1: 3 cycle stall on branch instruction [3368]
[    8.5970] microVU1: 3 cycle stall on branch instruction [3380]
[    8.5970] microVU1: 3 cycle stall on branch instruction [3380]
[    8.5970] microVU1: 3 cycle stall on branch instruction [33b8]
[    8.5970] microVU1: 3 cycle stall on branch instruction [33b8]
[    8.5970] microVU1: 3 cycle stall on branch instruction [33d8]
[    8.5970] microVU1: 3 cycle stall on branch instruction [33d8]
[    8.5971] microVU1: 3 cycle stall on branch instruction [3368]
[    8.5971] microVU1: 3 cycle stall on branch instruction [3368]
[    8.5971] microVU1: 3 cycle stall on branch instruction [3380]
[    8.5971] microVU1: 3 cycle stall on branch instruction [3380]
[    8.5971] microVU1: 3 cycle stall on branch instruction [33b8]
[    8.5971] microVU1: 3 cycle stall on branch instruction [33b8]
[    8.5971] microVU1: 3 cycle stall on branch instruction [33d8]
[    8.5971] microVU1: 3 cycle stall on branch instruction [33d8]
[    8.5975] microVU1: 3 cycle stall on branch instruction [3368]
[    8.5975] microVU1: 3 cycle stall on branch instruction [3368]
[    8.5975] microVU1: 3 cycle stall on branch instruction [3380]
[    8.5975] microVU1: 3 cycle stall on branch instruction [3380]
[    8.5975] microVU1: 3 cycle stall on branch instruction [33b8]
[    8.5976] microVU1: 3 cycle stall on branch instruction [33b8]
[    8.5976] microVU1: 3 cycle stall on branch instruction [33d8]
[    8.5976] microVU1: 3 cycle stall on branch instruction [33d8]
[    8.5976] microVU1: 3 cycle stall on branch instruction [3368]
[    8.5977] microVU1: 3 cycle stall on branch instruction [3368]
[    8.5977] microVU1: 3 cycle stall on branch instruction [3380]
[    8.5977] microVU1: 3 cycle stall on branch instruction [3380]
[    8.5977] microVU1: 3 cycle stall on branch instruction [33b8]
[    8.5977] microVU1: 3 cycle stall on branch instruction [33b8]
[    8.5977] microVU1: 3 cycle stall on branch instruction [33d8]
[    8.5977] microVU1: 3 cycle stall on branch instruction [33d8]
[    8.5978] microVU1: 3 cycle stall on branch instruction [3368]
[    8.5978] microVU1: 3 cycle stall on branch instruction [3368]
[    8.5979] microVU1: 3 cycle stall on branch instruction [3380]
[    8.5979] microVU1: 3 cycle stall on branch instruction [3380]
[    8.5979] microVU1: 3 cycle stall on branch instruction [33b8]
[    8.5979] microVU1: 3 cycle stall on branch instruction [33b8]
[    8.5979] microVU1: 3 cycle stall on branch instruction [33d8]
[    8.5979] microVU1: 3 cycle stall on branch instruction [33d8]
[    8.5980] microVU1: 3 cycle stall on branch instruction [3368]
[    8.5980] microVU1: 3 cycle stall on branch instruction [3368]
[    8.5980] microVU1: 3 cycle stall on branch instruction [3380]
[    8.5980] microVU1: 3 cycle stall on branch instruction [3380]
[    8.5980] microVU1: 3 cycle stall on branch instruction [33b8]
[    8.5980] microVU1: 3 cycle stall on branch instruction [33b8]
[    8.5980] microVU1: 3 cycle stall on branch instruction [33d8]
[    8.5980] microVU1: 3 cycle stall on branch instruction [33d8]
[    8.5986] microVU1: 3 cycle stall on branch instruction [2c58]
[    8.6004] microVU1: Cached Prog = [004] [PC=0000] [List=01] (Cache=2.794%) [1.7mb]
[    8.6015] microVU1: Cached Prog = [005] [PC=0710] [List=01] (Cache=2.887%) [1.8mb]
[    8.6016] microVU1: 2 cycle stall on branch instruction [07c8]
[    8.6018] microVU1: 3 cycle stall on branch instruction [1108]
[    8.6018] microVU1: 3 cycle stall on branch instruction [1130]
[    8.6021] microVU1: 3 cycle stall on branch instruction [1108]
[    8.6021] microVU1: 3 cycle stall on branch instruction [1130]
[    8.6022] microVU1: 3 cycle stall on branch instruction [1108]
[    8.6022] microVU1: 3 cycle stall on branch instruction [1130]
[    8.6026] microVU1: 3 cycle stall on branch instruction [1108]
[    8.6026] microVU1: 3 cycle stall on branch instruction [1130]
[    8.6029] microVU1: 3 cycle stall on branch instruction [1108]
[    8.6030] microVU1: 3 cycle stall on branch instruction [1130]
[    8.6031] microVU1: 3 cycle stall on branch instruction [1108]
[    8.6031] microVU1: 3 cycle stall on branch instruction [1130]
[    8.6033] microVU1: 3 cycle stall on branch instruction [1108]
[    8.6033] microVU1: 3 cycle stall on branch instruction [1130]
[    8.6033] microVU1: 3 cycle stall on branch instruction [09e8]
[    8.6033] microVU1: 3 cycle stall on branch instruction [0a70]
[    8.6034] microVU1: 3 cycle stall on branch instruction [1108]
[    8.6034] microVU1: 3 cycle stall on branch instruction [1130]
[    8.6037] microVU1: 3 cycle stall on branch instruction [1108]
[    8.6037] microVU1: 3 cycle stall on branch instruction [1130]
[    8.6039] microVU1: 3 cycle stall on branch instruction [1108]
[    8.6039] microVU1: 3 cycle stall on branch instruction [1130]
[    8.6043] microVU1: 3 cycle stall on branch instruction [1108]
[    8.6043] microVU1: 3 cycle stall on branch instruction [1130]
[    8.6045] microVU1: 3 cycle stall on branch instruction [1108]
[    8.6046] microVU1: 3 cycle stall on branch instruction [1130]
[    8.6047] microVU1: 3 cycle stall on branch instruction [1108]
[    8.6047] microVU1: 3 cycle stall on branch instruction [1130]
[    8.6053] microVU1: 3 cycle stall on branch instruction [1108]
[    8.6053] microVU1: 3 cycle stall on branch instruction [1130]
[    8.6054] microVU1: 3 cycle stall on branch instruction [09e8]
[    8.6054] microVU1: 3 cycle stall on branch instruction [0a70]
[    8.6057] microVU1: 3 cycle stall on branch instruction [09e8]
[    8.6057] microVU1: 3 cycle stall on branch instruction [0a70]
[    8.6059] microVU1: 3 cycle stall on branch instruction [09e8]
[    8.6059] microVU1: 3 cycle stall on branch instruction [0a70]
[    8.6061] microVU1: 3 cycle stall on branch instruction [1108]
[    8.6061] microVU1: 3 cycle stall on branch instruction [1130]
[    8.6062] microVU1: 3 cycle stall on branch instruction [09e8]
[    8.6062] microVU1: 3 cycle stall on branch instruction [0a70]
[    8.6065] microVU1: 3 cycle stall on branch instruction [09e8]
[    8.6065] microVU1: 3 cycle stall on branch instruction [0a70]
[    8.6067] microVU1: 3 cycle stall on branch instruction [1108]
[    8.6067] microVU1: 3 cycle stall on branch instruction [1130]
[    8.6068] microVU1: 3 cycle stall on branch instruction [09e8]
[    8.6068] microVU1: 3 cycle stall on branch instruction [0a70]
[    8.6070] microVU1: 3 cycle stall on branch instruction [09e8]
[    8.6070] microVU1: 3 cycle stall on branch instruction [0a70]
[    8.6072] microVU1: 3 cycle stall on branch instruction [09e8]
[    8.6072] microVU1: 3 cycle stall on branch instruction [0a70]
[    8.6074] microVU1: 3 cycle stall on branch instruction [09e8]
[    8.6074] microVU1: 3 cycle stall on branch instruction [0a70]
[    8.6076] microVU1: 3 cycle stall on branch instruction [09e8]
[    8.6076] microVU1: 3 cycle stall on branch instruction [0a70]
[    8.6078] microVU1: 3 cycle stall on branch instruction [09e8]
[    8.6078] microVU1: 3 cycle stall on branch instruction [0a70]
[    8.6079] microVU1: 3 cycle stall on branch instruction [09e8]
[    8.6080] microVU1: 3 cycle stall on branch instruction [0a70]
[    8.6081] microVU1: 3 cycle stall on branch instruction [09e8]
[    8.6081] microVU1: 3 cycle stall on branch instruction [0a70]
[    8.6083] microVU1: 3 cycle stall on branch instruction [09e8]
[    8.6083] microVU1: 3 cycle stall on branch instruction [0a70]
[    8.6085] microVU1: 3 cycle stall on branch instruction [09e8]
[    8.6085] microVU1: 3 cycle stall on branch instruction [0a70]
[    8.6086] microVU1: 3 cycle stall on branch instruction [07f0]
[    8.6087] microVU1: Cached Prog = [006] [PC=1188] [List=01] (Cache=3.688%) [2.2mb]
[    8.6087] microVU1: 2 cycle stall on branch instruction [07c8]
[    8.6090] microVU1: 3 cycle stall on branch instruction [1108]
[    8.6090] microVU1: 3 cycle stall on branch instruction [1130]
[    8.6092] microVU1: 3 cycle stall on branch instruction [1108]
[    8.6093] microVU1: 3 cycle stall on branch instruction [1130]
[    8.6094] microVU1: 3 cycle stall on branch instruction [1108]
[    8.6094] microVU1: 3 cycle stall on branch instruction [1130]
[    8.6097] microVU1: 3 cycle stall on branch instruction [1108]
[    8.6097] microVU1: 3 cycle stall on branch instruction [1130]
[    8.6100] microVU1: 3 cycle stall on branch instruction [1108]
[    8.6100] microVU1: 3 cycle stall on branch instruction [1130]
[    8.6101] microVU1: 3 cycle stall on branch instruction [1108]
[    8.6101] microVU1: 3 cycle stall on branch instruction [1130]
[    8.6103] microVU1: 3 cycle stall on branch instruction [1108]
[    8.6104] microVU1: 3 cycle stall on branch instruction [1130]
[    8.6104] microVU1: 3 cycle stall on branch instruction [09e8]
[    8.6104] microVU1: 3 cycle stall on branch instruction [0a70]
[    8.6105] microVU1: 3 cycle stall on branch instruction [1108]
[    8.6105] microVU1: 3 cycle stall on branch instruction [1130]
[    8.6108] microVU1: 3 cycle stall on branch instruction [1108]
[    8.6108] microVU1: 3 cycle stall on branch instruction [1130]
[    8.6109] microVU1: 3 cycle stall on branch instruction [1108]
[    8.6109] microVU1: 3 cycle stall on branch instruction [1130]
[    8.6114] microVU1: 3 cycle stall on branch instruction [1108]
[    8.6114] microVU1: 3 cycle stall on branch instruction [1130]
[    8.6116] microVU1: 3 cycle stall on branch instruction [1108]
[    8.6116] microVU1: 3 cycle stall on branch instruction [1130]
[    8.6117] microVU1: 3 cycle stall on branch instruction [1108]
[    8.6117] microVU1: 3 cycle stall on branch instruction [1130]
[    8.6123] microVU1: 3 cycle stall on branch instruction [1108]
[    8.6123] microVU1: 3 cycle stall on branch instruction [1130]
[    8.6124] microVU1: 3 cycle stall on branch instruction [09e8]
[    8.6124] microVU1: 3 cycle stall on branch instruction [0a70]
[    8.6127] microVU1: 3 cycle stall on branch instruction [09e8]
[    8.6127] microVU1: 3 cycle stall on branch instruction [0a70]
[    8.6129] microVU1: 3 cycle stall on branch instruction [09e8]
[    8.6129] microVU1: 3 cycle stall on branch instruction [0a70]
[    8.6131] microVU1: 3 cycle stall on branch instruction [1108]
[    8.6131] microVU1: 3 cycle stall on branch instruction [1130]
[    8.6132] microVU1: 3 cycle stall on branch instruction [09e8]
[    8.6132] microVU1: 3 cycle stall on branch instruction [0a70]
[    8.6134] microVU1: 3 cycle stall on branch instruction [09e8]
[    8.6134] microVU1: 3 cycle stall on branch instruction [0a70]
[    8.6136] microVU1: 3 cycle stall on branch instruction [1108]
[    8.6136] microVU1: 3 cycle stall on branch instruction [1130]
[    8.6137] microVU1: 3 cycle stall on branch instruction [09e8]
[    8.6137] microVU1: 3 cycle stall on branch instruction [0a70]
[    8.6139] microVU1: 3 cycle stall on branch instruction [09e8]
[    8.6140] microVU1: 3 cycle stall on branch instruction [0a70]
[    8.6141] microVU1: 3 cycle stall on branch instruction [09e8]
[    8.6141] microVU1: 3 cycle stall on branch instruction [0a70]
[    8.6143] microVU1: 3 cycle stall on branch instruction [09e8]
[    8.6143] microVU1: 3 cycle stall on branch instruction [0a70]
[    8.6145] microVU1: 3 cycle stall on branch instruction [09e8]
[    8.6145] microVU1: 3 cycle stall on branch instruction [0a70]
[    8.6147] microVU1: 3 cycle stall on branch instruction [09e8]
[    8.6147] microVU1: 3 cycle stall on branch instruction [0a70]
[    8.6148] microVU1: 3 cycle stall on branch instruction [09e8]
[    8.6149] microVU1: 3 cycle stall on branch instruction [0a70]
[    8.6150] microVU1: 3 cycle stall on branch instruction [09e8]
[    8.6151] microVU1: 3 cycle stall on branch instruction [0a70]
[    8.6152] microVU1: 3 cycle stall on branch instruction [09e8]
[    8.6152] microVU1: 3 cycle stall on branch instruction [0a70]
[    8.6154] microVU1: 3 cycle stall on branch instruction [09e8]
[    8.6154] microVU1: 3 cycle stall on branch instruction [0a70]
[    8.6155] microVU1: 3 cycle stall on branch instruction [07f0]
[    8.7122] microVU1: Cached Prog = [007] [PC=0700] [List=01] (Cache=4.490%) [2.7mb]
[    8.7133] microVU1: Cached Prog = [008] [PC=3560] [List=01] (Cache=4.583%) [2.8mb]
[    8.7139] microVU1: Cached Prog = [009] [PC=3940] [List=01] (Cache=4.635%) [2.8mb]
[    8.9869] microVU1: Cached Prog = [010] [PC=3c50] [List=01] (Cache=4.687%) [2.9mb]
[    8.9872] microVU1: Cached Prog = [011] [PC=3fb0] [List=01] (Cache=4.703%) [2.9mb]
[   21.4413] LOG: NIGHTCAMERA phase=0 offset=750 positionX=00000000 positionY=4028b437 positionZ=c2a19b64 lookX=00000000 lookY=3f9a5e32 lookZ=c2949b64 sceneGeneration=1 mask=0
[   21.4420] LOG: NIGHTCONTEXT phase=0 offset=750 scene=0 night=1 video=1 display=1 depth=2 width=448 height=448 refreshMilliHz=60000 requested=1 dtBits=3c888889 clockBits=00000000 rasterWidth=448 rasterHeight=448 scaleX=1 scaleY=1 ilChoice=0 ilProbing=0 ilBlock=0 ilFrame=58 ilAccepted=0 ilPipelined=1 frameYield=0
[   21.4629] LOG: NIGHTPROD phase=0 offset=750 stage=0 enabled=1 calls=74 units1=74 units2=74 units3=0 units4=0 timedCalls=0 reads=0 ticks=0
[   21.4632] LOG: NIGHTPROD phase=0 offset=750 stage=1 enabled=1 calls=0 units1=0 units2=0 units3=0 units4=0 timedCalls=0 reads=0 ticks=0
[   21.4634] LOG: NIGHTPROD phase=0 offset=750 stage=2 enabled=1 calls=0 units1=0 units2=0 units3=0 units4=0 timedCalls=0 reads=0 ticks=0
[   21.4637] LOG: NIGHTPROD phase=0 offset=750 stage=3 enabled=1 calls=0 units1=0 units2=0 units3=0 units4=0 timedCalls=0 reads=0 ticks=0
[   21.4638] LOG: NIGHTPROD phase=0 offset=750 stage=4 enabled=1 calls=0 units1=0 units2=0 units3=0 units4=0 timedCalls=0 reads=0 ticks=0
[   21.4640] LOG: NIGHTCORONAGATES phase=0 offset=750 selected=0 enabled=0 coldPackets=0 eligible=0 requested=0 fallback=0 sourceVertices=0 requestedVertices=0 fogOn=0 shaderLit=0 invalid=0 acceptedOutputKnown=0
[   21.4645] LOG: NIGHTGATES phase=0 offset=750 first=750 frames=1 mask=0 attempted1=8 executed1=8 skipped1=0 submitted1=8 attempted2=4 executed2=4 skipped2=0 submitted2=5 attempted4=3 executed4=3 skipped4=0 submitted4=5 attempted8=4 executed8=4 skipped8=0 submitted8=1 attempted16=2 executed16=2 skipped16=0 submitted16=1 attempted32=0 executed32=0 skipped32=0 submitted32=0 attempted64=0 executed64=0 skipped64=0 submitted64=0
[   21.4647] LOG: NIGHTEXTRAGATES phase=0 offset=750 first=750 frames=1 extraMask=0 attempted1=1 executed1=1 skipped1=0 submitted1=1 attempted2=1 executed2=1 skipped2=0 submitted2=2 attempted4=2 executed4=2 skipped4=0 submitted4=2
[   21.4648] LOG: NIGHTWILDGATES phase=0 offset=750 first=750 frames=1 variant=0 enabled=0 planeInvocations=0 planeEligible=0 planeApplied=0 planeFallback=0 planeBoundary=0 planeNonfinite=0 planeColdCompared=0 planeColdMismatches=0 planeInputUnits=0 planeOutputUnits=0 planeInvalid=0 coneInvocations=0 coneEligible=0 coneApplied=0 coneFallback=0 coneBoundary=0 coneNonfinite=0 coneColdCompared=0 coneColdMismatches=0 coneInputUnits=0 coneOutputUnits=0 coneInvalid=0
[   21.4649] LOG: NIGHTTABLEGATES phase=0 offset=750 first=750 frames=1 selected=1 enabled=1 invocations=19 eligible=9 applied=9 fallback=10 sourceVertices=753 admittedVertices=618 baselineColorQwords=753 tableColorQwords=18 coldCompared=9 coldMismatches=0 invalid=0
[   28.4810] LOG: NIGHTCAMERA phase=0 offset=1155 positionX=00000000 positionY=4028b437 positionZ=c2a19b64 lookX=00000000 lookY=3f9a5e32 lookZ=c2949b64 sceneGeneration=1 mask=0
[   28.4813] LOG: NIGHTCONTEXT phase=0 offset=1155 scene=0 night=1 video=1 display=1 depth=2 width=448 height=448 refreshMilliHz=60000 requested=1 dtBits=3c888889 clockBits=00000000 rasterWidth=448 rasterHeight=448 scaleX=1 scaleY=1 ilChoice=0 ilProbing=0 ilBlock=0 ilFrame=13 ilAccepted=0 ilPipelined=1 frameYield=0
[   28.4992] LOG: NIGHTPROD phase=0 offset=1155 stage=0 enabled=1 calls=74 units1=74 units2=74 units3=0 units4=0 timedCalls=0 reads=0 ticks=0
[   28.4995] LOG: NIGHTPROD phase=0 offset=1155 stage=1 enabled=1 calls=0 units1=0 units2=0 units3=0 units4=0 timedCalls=0 reads=0 ticks=0
[   28.4996] LOG: NIGHTPROD phase=0 offset=1155 stage=2 enabled=1 calls=0 units1=0 units2=0 units3=0 units4=0 timedCalls=0 reads=0 ticks=0
[   28.4999] LOG: NIGHTPROD phase=0 offset=1155 stage=3 enabled=1 calls=0 units1=0 units2=0 units3=0 units4=0 timedCalls=0 reads=0 ticks=0
[   28.5001] LOG: NIGHTPROD phase=0 offset=1155 stage=4 enabled=1 calls=0 units1=0 units2=0 units3=0 units4=0 timedCalls=0 reads=0 ticks=0
[   28.5003] LOG: NIGHTCORONAGATES phase=0 offset=1155 selected=0 enabled=0 coldPackets=0 eligible=0 requested=0 fallback=0 sourceVertices=0 requestedVertices=0 fogOn=0 shaderLit=0 invalid=0 acceptedOutputKnown=0
[   28.5006] LOG: NIGHTGATES phase=0 offset=1155 first=1155 frames=1 mask=0 attempted1=8 executed1=8 skipped1=0 submitted1=8 attempted2=4 executed2=4 skipped2=0 submitted2=5 attempted4=3 executed4=3 skipped4=0 submitted4=5 attempted8=4 executed8=4 skipped8=0 submitted8=1 attempted16=2 executed16=2 skipped16=0 submitted16=1 attempted32=0 executed32=0 skipped32=0 submitted32=0 attempted64=0 executed64=0 skipped64=0 submitted64=0
[   28.5006] LOG: NIGHTEXTRAGATES phase=0 offset=1155 first=1155 frames=1 extraMask=0 attempted1=1 executed1=1 skipped1=0 submitted1=1 attempted2=1 executed2=1 skipped2=0 submitted2=2 attempted4=2 executed4=2 skipped4=0 submitted4=2
[   28.5007] LOG: NIGHTWILDGATES phase=0 offset=1155 first=1155 frames=1 variant=0 enabled=0 planeInvocations=0 planeEligible=0 planeApplied=0 planeFallback=0 planeBoundary=0 planeNonfinite=0 planeColdCompared=0 planeColdMismatches=0 planeInputUnits=0 planeOutputUnits=0 planeInvalid=0 coneInvocations=0 coneEligible=0 coneApplied=0 coneFallback=0 coneBoundary=0 coneNonfinite=0 coneColdCompared=0 coneColdMismatches=0 coneInputUnits=0 coneOutputUnits=0 coneInvalid=0
[   28.5008] LOG: NIGHTTABLEGATES phase=0 offset=1155 first=1155 frames=1 selected=1 enabled=1 invocations=19 eligible=9 applied=9 fallback=10 sourceVertices=753 admittedVertices=618 baselineColorQwords=753 tableColorQwords=18 coldCompared=9 coldMismatches=0 invalid=0
[   39.7175] LOG: NIGHTPRODPHASE phase=1 enabled=0
[   39.7177] LOG: NIGHTCORONAPHASE phase=1 first=1800 selected=0 enabled=0
[   39.7179] LOG: NIGHTPHASE phase=1 first=1800 mask=0 appliedMask=0 sampler=1 countReads=262 samplePtr=0052e688
[   39.7181] LOG: NIGHTEXTRAPHASE phase=1 first=1800 extraMask=0 appliedExtraMask=0
[   39.7183] LOG: NIGHTWILDPHASE phase=1 first=1800 variant=0 enabled=0 appliedVariant=0 appliedEnabled=0
[   39.7185] LOG: NIGHTTABLEPHASE phase=1 first=1800 selected=1 enabled=1 appliedSelected=1 appliedEnabled=1
[   52.6697] LOG: NIGHTCAMERA phase=1 offset=750 positionX=00000000 positionY=4028b437 positionZ=c2a19b64 lookX=00000000 lookY=3f9a5e32 lookZ=c2949b64 sceneGeneration=1 mask=0
[   52.6700] LOG: NIGHTCONTEXT phase=1 offset=750 scene=0 night=1 video=1 display=1 depth=2 width=448 height=448 refreshMilliHz=60000 requested=1 dtBits=3c888889 clockBits=00000000 rasterWidth=448 rasterHeight=448 scaleX=1 scaleY=1 ilChoice=0 ilProbing=0 ilBlock=0 ilFrame=58 ilAccepted=0 ilPipelined=1 frameYield=0
[   52.6864] LOG: NIGHTPROD phase=1 offset=750 stage=0 enabled=0 calls=74 units1=0 units2=0 units3=0 units4=0 timedCalls=0 reads=0 ticks=0
[   52.6867] LOG: NIGHTPROD phase=1 offset=750 stage=1 enabled=0 calls=0 units1=0 units2=0 units3=0 units4=0 timedCalls=0 reads=0 ticks=0
[   52.6868] LOG: NIGHTPROD phase=1 offset=750 stage=2 enabled=0 calls=0 units1=0 units2=0 units3=0 units4=0 timedCalls=0 reads=0 ticks=0
[   52.6871] LOG: NIGHTPROD phase=1 offset=750 stage=3 enabled=0 calls=0 units1=0 units2=0 units3=0 units4=0 timedCalls=0 reads=0 ticks=0
[   52.6872] LOG: NIGHTPROD phase=1 offset=750 stage=4 enabled=0 calls=0 units1=0 units2=0 units3=0 units4=0 timedCalls=0 reads=0 ticks=0
[   52.6874] LOG: NIGHTCORONAGATES phase=1 offset=750 selected=0 enabled=0 coldPackets=0 eligible=0 requested=0 fallback=0 sourceVertices=0 requestedVertices=0 fogOn=0 shaderLit=0 invalid=0 acceptedOutputKnown=0
[   52.6876] LOG: NIGHTGATES phase=1 offset=750 first=750 frames=1 mask=0 attempted1=8 executed1=8 skipped1=0 submitted1=8 attempted2=4 executed2=4 skipped2=0 submitted2=5 attempted4=3 executed4=3 skipped4=0 submitted4=5 attempted8=4 executed8=4 skipped8=0 submitted8=1 attempted16=2 executed16=2 skipped16=0 submitted16=1 attempted32=0 executed32=0 skipped32=0 submitted32=0 attempted64=0 executed64=0 skipped64=0 submitted64=0
[   52.6877] LOG: NIGHTEXTRAGATES phase=1 offset=750 first=750 frames=1 extraMask=0 attempted1=1 executed1=1 skipped1=0 submitted1=1 attempted2=1 executed2=1 skipped2=0 submitted2=2 attempted4=2 executed4=2 skipped4=0 submitted4=2
[   52.6878] LOG: NIGHTWILDGATES phase=1 offset=750 first=750 frames=1 variant=0 enabled=0 planeInvocations=0 planeEligible=0 planeApplied=0 planeFallback=0 planeBoundary=0 planeNonfinite=0 planeColdCompared=0 planeColdMismatches=0 planeInputUnits=0 planeOutputUnits=0 planeInvalid=0 coneInvocations=0 coneEligible=0 coneApplied=0 coneFallback=0 coneBoundary=0 coneNonfinite=0 coneColdCompared=0 coneColdMismatches=0 coneInputUnits=0 coneOutputUnits=0 coneInvalid=0
[   52.6878] LOG: NIGHTTABLEGATES phase=1 offset=750 first=750 frames=1 selected=1 enabled=1 invocations=19 eligible=9 applied=9 fallback=10 sourceVertices=753 admittedVertices=618 baselineColorQwords=753 tableColorQwords=18 coldCompared=9 coldMismatches=0 invalid=0
[   59.7127] LOG: NIGHTCAMERA phase=1 offset=1155 positionX=00000000 positionY=4028b437 positionZ=c2a19b64 lookX=00000000 lookY=3f9a5e32 lookZ=c2949b64 sceneGeneration=1 mask=0
[   59.7131] LOG: NIGHTCONTEXT phase=1 offset=1155 scene=0 night=1 video=1 display=1 depth=2 width=448 height=448 refreshMilliHz=60000 requested=1 dtBits=3c888889 clockBits=00000000 rasterWidth=448 rasterHeight=448 scaleX=1 scaleY=1 ilChoice=0 ilProbing=0 ilBlock=0 ilFrame=13 ilAccepted=0 ilPipelined=1 frameYield=0
[   59.7291] LOG: NIGHTPROD phase=1 offset=1155 stage=0 enabled=0 calls=74 units1=0 units2=0 units3=0 units4=0 timedCalls=0 reads=0 ticks=0
[   59.7294] LOG: NIGHTPROD phase=1 offset=1155 stage=1 enabled=0 calls=0 units1=0 units2=0 units3=0 units4=0 timedCalls=0 reads=0 ticks=0
[   59.7295] LOG: NIGHTPROD phase=1 offset=1155 stage=2 enabled=0 calls=0 units1=0 units2=0 units3=0 units4=0 timedCalls=0 reads=0 ticks=0
[   59.7298] LOG: NIGHTPROD phase=1 offset=1155 stage=3 enabled=0 calls=0 units1=0 units2=0 units3=0 units4=0 timedCalls=0 reads=0 ticks=0
[   59.7301] LOG: NIGHTPROD phase=1 offset=1155 stage=4 enabled=0 calls=0 units1=0 units2=0 units3=0 units4=0 timedCalls=0 reads=0 ticks=0
[   59.7303] LOG: NIGHTCORONAGATES phase=1 offset=1155 selected=0 enabled=0 coldPackets=0 eligible=0 requested=0 fallback=0 sourceVertices=0 requestedVertices=0 fogOn=0 shaderLit=0 invalid=0 acceptedOutputKnown=0
[   59.7304] LOG: NIGHTGATES phase=1 offset=1155 first=1155 frames=1 mask=0 attempted1=8 executed1=8 skipped1=0 submitted1=8 attempted2=4 executed2=4 skipped2=0 submitted2=5 attempted4=3 executed4=3 skipped4=0 submitted4=5 attempted8=4 executed8=4 skipped8=0 submitted8=1 attempted16=2 executed16=2 skipped16=0 submitted16=1 attempted32=0 executed32=0 skipped32=0 submitted32=0 attempted64=0 executed64=0 skipped64=0 submitted64=0
[   59.7305] LOG: NIGHTEXTRAGATES phase=1 offset=1155 first=1155 frames=1 extraMask=0 attempted1=1 executed1=1 skipped1=0 submitted1=1 attempted2=1 executed2=1 skipped2=0 submitted2=2 attempted4=2 executed4=2 skipped4=0 submitted4=2
[   59.7305] LOG: NIGHTWILDGATES phase=1 offset=1155 first=1155 frames=1 variant=0 enabled=0 planeInvocations=0 planeEligible=0 planeApplied=0 planeFallback=0 planeBoundary=0 planeNonfinite=0 planeColdCompared=0 planeColdMismatches=0 planeInputUnits=0 planeOutputUnits=0 planeInvalid=0 coneInvocations=0 coneEligible=0 coneApplied=0 coneFallback=0 coneBoundary=0 coneNonfinite=0 coneColdCompared=0 coneColdMismatches=0 coneInputUnits=0 coneOutputUnits=0 coneInvalid=0
[   59.7306] LOG: NIGHTTABLEGATES phase=1 offset=1155 first=1155 frames=1 selected=1 enabled=1 invocations=19 eligible=9 applied=9 fallback=10 sourceVertices=753 admittedVertices=618 baselineColorQwords=753 tableColorQwords=18 coldCompared=9 coldMismatches=0 invalid=0
[   71.1144] LOG: NIGHTPRODPHASE phase=2 enabled=1
[   71.1146] LOG: NIGHTCORONAPHASE phase=2 first=3600 selected=0 enabled=0
[   71.1148] LOG: NIGHTPHASE phase=2 first=3600 mask=0 appliedMask=0 sampler=1 countReads=262 samplePtr=0052e688
[   71.1149] LOG: NIGHTEXTRAPHASE phase=2 first=3600 extraMask=0 appliedExtraMask=0
[   71.1151] LOG: NIGHTWILDPHASE phase=2 first=3600 variant=0 enabled=0 appliedVariant=0 appliedEnabled=0
[   71.1152] LOG: NIGHTTABLEPHASE phase=2 first=3600 selected=1 enabled=1 appliedSelected=1 appliedEnabled=1
[   84.3667] LOG: NIGHTCAMERA phase=2 offset=750 positionX=00000000 positionY=4028b437 positionZ=c2a19b64 lookX=00000000 lookY=3f9a5e32 lookZ=c2949b64 sceneGeneration=1 mask=0
[   84.3670] LOG: NIGHTCONTEXT phase=2 offset=750 scene=0 night=1 video=1 display=1 depth=2 width=448 height=448 refreshMilliHz=60000 requested=1 dtBits=3c888889 clockBits=00000000 rasterWidth=448 rasterHeight=448 scaleX=1 scaleY=1 ilChoice=0 ilProbing=0 ilBlock=0 ilFrame=58 ilAccepted=0 ilPipelined=1 frameYield=0
[   84.3831] LOG: NIGHTPROD phase=2 offset=750 stage=0 enabled=1 calls=74 units1=74 units2=74 units3=0 units4=0 timedCalls=0 reads=0 ticks=0
[   84.3834] LOG: NIGHTPROD phase=2 offset=750 stage=1 enabled=1 calls=0 units1=0 units2=0 units3=0 units4=0 timedCalls=0 reads=0 ticks=0
[   84.3836] LOG: NIGHTPROD phase=2 offset=750 stage=2 enabled=1 calls=0 units1=0 units2=0 units3=0 units4=0 timedCalls=0 reads=0 ticks=0
[   84.3838] LOG: NIGHTPROD phase=2 offset=750 stage=3 enabled=1 calls=0 units1=0 units2=0 units3=0 units4=0 timedCalls=0 reads=0 ticks=0
[   84.3840] LOG: NIGHTPROD phase=2 offset=750 stage=4 enabled=1 calls=0 units1=0 units2=0 units3=0 units4=0 timedCalls=0 reads=0 ticks=0
[   84.3841] LOG: NIGHTCORONAGATES phase=2 offset=750 selected=0 enabled=0 coldPackets=0 eligible=0 requested=0 fallback=0 sourceVertices=0 requestedVertices=0 fogOn=0 shaderLit=0 invalid=0 acceptedOutputKnown=0
[   84.3844] LOG: NIGHTGATES phase=2 offset=750 first=750 frames=1 mask=0 attempted1=8 executed1=8 skipped1=0 submitted1=8 attempted2=4 executed2=4 skipped2=0 submitted2=5 attempted4=3 executed4=3 skipped4=0 submitted4=5 attempted8=4 executed8=4 skipped8=0 submitted8=1 attempted16=2 executed16=2 skipped16=0 submitted16=1 attempted32=0 executed32=0 skipped32=0 submitted32=0 attempted64=0 executed64=0 skipped64=0 submitted64=0
[   84.3845] LOG: NIGHTEXTRAGATES phase=2 offset=750 first=750 frames=1 extraMask=0 attempted1=1 executed1=1 skipped1=0 submitted1=1 attempted2=1 executed2=1 skipped2=0 submitted2=2 attempted4=2 executed4=2 skipped4=0 submitted4=2
[   84.3846] LOG: NIGHTWILDGATES phase=2 offset=750 first=750 frames=1 variant=0 enabled=0 planeInvocations=0 planeEligible=0 planeApplied=0 planeFallback=0 planeBoundary=0 planeNonfinite=0 planeColdCompared=0 planeColdMismatches=0 planeInputUnits=0 planeOutputUnits=0 planeInvalid=0 coneInvocations=0 coneEligible=0 coneApplied=0 coneFallback=0 coneBoundary=0 coneNonfinite=0 coneColdCompared=0 coneColdMismatches=0 coneInputUnits=0 coneOutputUnits=0 coneInvalid=0
[   84.3847] LOG: NIGHTTABLEGATES phase=2 offset=750 first=750 frames=1 selected=1 enabled=1 invocations=19 eligible=9 applied=9 fallback=10 sourceVertices=753 admittedVertices=618 baselineColorQwords=753 tableColorQwords=18 coldCompared=9 coldMismatches=0 invalid=0
[   91.5345] LOG: NIGHTCAMERA phase=2 offset=1155 positionX=00000000 positionY=4028b437 positionZ=c2a19b64 lookX=00000000 lookY=3f9a5e32 lookZ=c2949b64 sceneGeneration=1 mask=0
[   91.5349] LOG: NIGHTCONTEXT phase=2 offset=1155 scene=0 night=1 video=1 display=1 depth=2 width=448 height=448 refreshMilliHz=60000 requested=1 dtBits=3c888889 clockBits=00000000 rasterWidth=448 rasterHeight=448 scaleX=1 scaleY=1 ilChoice=0 ilProbing=0 ilBlock=0 ilFrame=13 ilAccepted=0 ilPipelined=1 frameYield=0
[   91.5523] LOG: NIGHTPROD phase=2 offset=1155 stage=0 enabled=1 calls=74 units1=74 units2=74 units3=0 units4=0 timedCalls=0 reads=0 ticks=0
[   91.5527] LOG: NIGHTPROD phase=2 offset=1155 stage=1 enabled=1 calls=0 units1=0 units2=0 units3=0 units4=0 timedCalls=0 reads=0 ticks=0
[   91.5529] LOG: NIGHTPROD phase=2 offset=1155 stage=2 enabled=1 calls=0 units1=0 units2=0 units3=0 units4=0 timedCalls=0 reads=0 ticks=0
[   91.5532] LOG: NIGHTPROD phase=2 offset=1155 stage=3 enabled=1 calls=0 units1=0 units2=0 units3=0 units4=0 timedCalls=0 reads=0 ticks=0
[   91.5534] LOG: NIGHTPROD phase=2 offset=1155 stage=4 enabled=1 calls=0 units1=0 units2=0 units3=0 units4=0 timedCalls=0 reads=0 ticks=0
[   91.5536] LOG: NIGHTCORONAGATES phase=2 offset=1155 selected=0 enabled=0 coldPackets=0 eligible=0 requested=0 fallback=0 sourceVertices=0 requestedVertices=0 fogOn=0 shaderLit=0 invalid=0 acceptedOutputKnown=0
[   91.5538] LOG: NIGHTGATES phase=2 offset=1155 first=1155 frames=1 mask=0 attempted1=8 executed1=8 skipped1=0 submitted1=8 attempted2=4 executed2=4 skipped2=0 submitted2=5 attempted4=3 executed4=3 skipped4=0 submitted4=5 attempted8=4 executed8=4 skipped8=0 submitted8=1 attempted16=2 executed16=2 skipped16=0 submitted16=1 attempted32=0 executed32=0 skipped32=0 submitted32=0 attempted64=0 executed64=0 skipped64=0 submitted64=0
[   91.5539] LOG: NIGHTEXTRAGATES phase=2 offset=1155 first=1155 frames=1 extraMask=0 attempted1=1 executed1=1 skipped1=0 submitted1=1 attempted2=1 executed2=1 skipped2=0 submitted2=2 attempted4=2 executed4=2 skipped4=0 submitted4=2
[   91.5540] LOG: NIGHTWILDGATES phase=2 offset=1155 first=1155 frames=1 variant=0 enabled=0 planeInvocations=0 planeEligible=0 planeApplied=0 planeFallback=0 planeBoundary=0 planeNonfinite=0 planeColdCompared=0 planeColdMismatches=0 planeInputUnits=0 planeOutputUnits=0 planeInvalid=0 coneInvocations=0 coneEligible=0 coneApplied=0 coneFallback=0 coneBoundary=0 coneNonfinite=0 coneColdCompared=0 coneColdMismatches=0 coneInputUnits=0 coneOutputUnits=0 coneInvalid=0
[   91.5541] LOG: NIGHTTABLEGATES phase=2 offset=1155 first=1155 frames=1 selected=1 enabled=1 invocations=19 eligible=9 applied=9 fallback=10 sourceVertices=753 admittedVertices=618 baselineColorQwords=753 tableColorQwords=18 coldCompared=9 coldMismatches=0 invalid=0
[  103.9208] LOG: NIGHTDONE order=1 valid=1 loops=5400
