[    0.0877] Program Path: /home/spider/tyrax2-debugger-linux-v1/squashfs-root/usr/bin/pcsx2-qt
[    0.0877] AppRoot Directory: /home/spider/tyrax2-debugger-linux-v1/squashfs-root/usr/bin
[    0.0877] Resources Directory: /home/spider/tyrax2-debugger-linux-v1/squashfs-root/usr/bin/resources
[    0.0877] DataRoot Directory: /home/spider/night-ablation-emulator-matrix-key-order0-20261005/profile/PCSX2
[    0.0877] Loading config from /home/spider/night-ablation-emulator-matrix-key-order0-20261005/profile/PCSX2/inis/PCSX2.ini.
[    0.0880] Loading secrets from /home/spider/night-ablation-emulator-matrix-key-order0-20261005/profile/PCSX2/inis/secrets.ini.
[    0.0884] BIOS Directory: /mnt/c/Users/pawel/OneDrive/Documents/PCSX2/bios
[    0.0884] Snapshots Directory: /home/spider/night-ablation-emulator-matrix-key-order0-20261005/profile/PCSX2/snaps
[    0.0884] Savestates Directory: /home/spider/night-ablation-emulator-matrix-key-order0-20261005/profile/PCSX2/sstates
[    0.0884] MemoryCards Directory: /home/spider/night-ablation-emulator-matrix-key-order0-20261005/profile/PCSX2/memcards
[    0.0884] Logs Directory: /home/spider/night-ablation-emulator-matrix-key-order0-20261005/profile/PCSX2/logs
[    0.0884] Cheats Directory: /home/spider/night-ablation-emulator-matrix-key-order0-20261005/profile/PCSX2/cheats
[    0.0884] Patches Directory: /home/spider/night-ablation-emulator-matrix-key-order0-20261005/profile/PCSX2/patches
[    0.0884] Covers Directory: /home/spider/night-ablation-emulator-matrix-key-order0-20261005/profile/PCSX2/covers
[    0.0884] Game Settings Directory: /home/spider/night-ablation-emulator-matrix-key-order0-20261005/profile/PCSX2/gamesettings
[    0.0884] Resources Directory: /home/spider/tyrax2-debugger-linux-v1/squashfs-root/usr/bin/resources
[    0.0884] User Resources Directory: /home/spider/night-ablation-emulator-matrix-key-order0-20261005/profile/PCSX2/resources
[    0.0884] Cache Directory: /home/spider/night-ablation-emulator-matrix-key-order0-20261005/profile/PCSX2/cache
[    0.0884] Textures Directory: /home/spider/night-ablation-emulator-matrix-key-order0-20261005/profile/PCSX2/textures
[    0.0884] Input Profile Directory: /home/spider/night-ablation-emulator-matrix-key-order0-20261005/profile/PCSX2/inputprofiles
[    0.0884] Video Dumping Directory: /home/spider/night-ablation-emulator-matrix-key-order0-20261005/profile/PCSX2/videos
[    0.0884] Debugger Layouts Directory: /home/spider/night-ablation-emulator-matrix-key-order0-20261005/profile/PCSX2/inis/debuggerlayouts
[    0.0884] Debugger Settings Directory: /home/spider/night-ablation-emulator-matrix-key-order0-20261005/profile/PCSX2/inis/debuggersettings
[    0.1035] Loaded translation file for language en-US
[    0.1577] PCSX2 v2.9.93
[    0.1577] Savestate version: 0x9a590000
[    0.1577] 
[    0.1577] 
[    0.1577] Host Machine Init:
[    0.1591]   Operating System = Ubuntu 22.04
[    0.1592]   Available RAM    = 49209 MB (48.06 GB)
[    0.1592]   Physical RAM     = 50191 MB (49.02 GB)
[    0.1592] 
[    0.1592]   Processor        = AMD Ryzen Threadripper 1920X
[    0.1592]   Core Count       = 24 cores
[    0.1592]   Thread Count     = 24 threads
[    0.1592]   Cluster Count    = 1 clusters
[    0.1592] CPU Extensions Detected:
[    0.1592]   AVX AVX2
[    0.1592] 
[    0.1592] Allocating host memory for virtual systems...
[    0.1595]   EE Main Memory                   @ 0x00007FBBAB200000 -> 0x00007FBBB4100000 [143mb]
[    0.1595]   IOP Main Memory                  @ 0x00007FBBB4100000 -> 0x00007FBBBC200000 [129mb]
[    0.1595]   VU0/1 On-Chip Memory             @ 0x00007FBBBC200000 -> 0x00007FBBBC300000 [1mb]
[    0.1595]   VTLB Virtual Map                 @ 0x00007FBBBC300000 -> 0x00007FBBBCB00000 [8mb]
[    0.1595]   VTLB Address Map                 @ 0x00007FBBBCB00000 -> 0x00007FBBBCF00000 [4mb]
[    0.1595]   R5900 Recompiler Cache           @ 0x00007FBBBCF00000 -> 0x00007FBBC0F00000 [64mb]
[    0.1595]   R3000A Recompiler Cache          @ 0x00007FBBC0F00000 -> 0x00007FBBC2F00000 [32mb]
[    0.1595]   Micro VU0 Recompiler Cache       @ 0x00007FBBC3F00000 -> 0x00007FBBC7F00000 [64mb]
[    0.1595]   Micro VU1 Recompiler Cache       @ 0x00007FBBC7F00000 -> 0x00007FBBCBF00000 [64mb]
[    0.1595]   VIF0 Unpack Recompiler Cache     @ 0x00007FBBC2F00000 -> 0x00007FBBC3700000 [8mb]
[    0.1595]   VIF1 Unpack Recompiler Cache     @ 0x00007FBBC3700000 -> 0x00007FBBC3F00000 [8mb]
[    0.1595]   VIF Unpack Recompiler Cache      @ 0x00007FBBCBF00000 -> 0x00007FBBCC000000 [1mb]
[    0.1595]   GS Software Renderer             @ 0x00007FBBCC000000 -> 0x00007FBBD0000000 [64mb]
[    0.1608] Fastmem area: 0x7fbaab200000 - 0x7fbbab1fffff
[    0.1612] Generating SSE-optimized unpacking functions for VIF interpreters...
[    0.1615] Unpack function generation complete.  Generated function statistics:
[    0.1615]   Reserved buffer    : 1048576 bytes @ 0x00007FBBCBF00000
[    0.1616]   x86 code generated : 7422 bytes
[    0.1616] 
[    0.1619] SDLInputSource: Using Controller DB from resources.
[    0.2129] SDLInputSource: 765 gamepad mappings are loaded.
[    0.2130] Invalid binding: 'XInput-0/DPadUp'
[    0.2130] Invalid binding: 'XInput-0/DPadRight'
[    0.2130] Invalid binding: 'XInput-0/DPadDown'
[    0.2130] Invalid binding: 'XInput-0/DPadLeft'
[    0.2130] Invalid binding: 'XInput-0/Y'
[    0.2130] Invalid binding: 'XInput-0/B'
[    0.2130] Invalid binding: 'XInput-0/A'
[    0.2130] Invalid binding: 'XInput-0/X'
[    0.2130] Invalid binding: 'XInput-0/Back'
[    0.2130] Invalid binding: 'XInput-0/Start'
[    0.2130] Invalid binding: 'XInput-0/LeftShoulder'
[    0.2130] Invalid binding: 'XInput-0/+LeftTrigger'
[    0.2130] Invalid binding: 'XInput-0/RightShoulder'
[    0.2130] Invalid binding: 'XInput-0/+RightTrigger'
[    0.2131] Invalid binding: 'XInput-0/LeftStick'
[    0.2131] Invalid binding: 'XInput-0/RightStick'
[    0.2131] Invalid binding: 'XInput-0/Guide'
[    0.2131] Invalid binding: 'XInput-0/-LeftY'
[    0.2131] Invalid binding: 'XInput-0/+LeftX'
[    0.2131] Invalid binding: 'XInput-0/+LeftY'
[    0.2131] Invalid binding: 'XInput-0/-LeftX'
[    0.2131] Invalid binding: 'XInput-0/-RightY'
[    0.2131] Invalid binding: 'XInput-0/+RightX'
[    0.2131] Invalid binding: 'XInput-0/+RightY'
[    0.2131] Invalid binding: 'XInput-0/-RightX'
[    0.2136] Settings: Advanced Settings are enabled; only proceed if you know what you're doing! No support will be provided if you have the option enabled.
[    0.3427] Scanning F:\PS2\Games (recursively)
[    0.3458] Loading BIOS...
[    0.3557] BIOS Found: Europe  v02.00(14/06/2004)  Console 20040614-100914
[    0.4103] Mechacon version: 0x00020603
[    0.4117] Opening CDVD...
[    0.4399] Initializing Elf: 4491644 bytes
[    0.4406] Disc changed to .
[    0.4407]   Name: vehicle-playground [?]
[    0.4407]   Serial: vehicle-playground
[    0.4407]   Version: 
[    0.4407]   CRC: 435C9D07
[    0.4407] No game settings found (tried '/home/spider/night-ablation-emulator-matrix-key-order0-20261005/profile/PCSX2/gamesettings/435C9D07.ini')
[    0.4407] Applying settings...
[    0.4410] Invalid binding: 'XInput-0/DPadUp'
[    0.4410] Invalid binding: 'XInput-0/DPadRight'
[    0.4410] Invalid binding: 'XInput-0/DPadDown'
[    0.4410] Invalid binding: 'XInput-0/DPadLeft'
[    0.4410] Invalid binding: 'XInput-0/Y'
[    0.4410] Invalid binding: 'XInput-0/B'
[    0.4411] Invalid binding: 'XInput-0/A'
[    0.4411] Invalid binding: 'XInput-0/X'
[    0.4411] Invalid binding: 'XInput-0/Back'
[    0.4411] Invalid binding: 'XInput-0/Start'
[    0.4411] Invalid binding: 'XInput-0/LeftShoulder'
[    0.4411] Invalid binding: 'XInput-0/+LeftTrigger'
[    0.4411] Invalid binding: 'XInput-0/RightShoulder'
[    0.4411] Invalid binding: 'XInput-0/+RightTrigger'
[    0.4411] Invalid binding: 'XInput-0/LeftStick'
[    0.4411] Invalid binding: 'XInput-0/RightStick'
[    0.4411] Invalid binding: 'XInput-0/Guide'
[    0.4411] Invalid binding: 'XInput-0/-LeftY'
[    0.4411] Invalid binding: 'XInput-0/+LeftX'
[    0.4411] Invalid binding: 'XInput-0/+LeftY'
[    0.4412] Invalid binding: 'XInput-0/-LeftX'
[    0.4412] Invalid binding: 'XInput-0/-RightY'
[    0.4412] Invalid binding: 'XInput-0/+RightX'
[    0.4412] Invalid binding: 'XInput-0/+RightY'
[    0.4412] Invalid binding: 'XInput-0/-RightX'
[    0.4413] GameDB: Has not been initialized yet, initializing...
[    0.4952] GameDB: 12841 games on record (loaded in 53.83ms)
[    0.5009] Reopening memory cards...
[    0.5009] (FileMcd) Creating new 8MB memory card: /home/spider/night-ablation-emulator-matrix-key-order0-20261005/profile/PCSX2/memcards/Mcd001.ps2
[    0.5137] McdSlot 0 [File]: Mcd001.ps2 [8 MB, UNFORMATTED]
[    0.5137] McdSlot 1 [File]: [disabled/empty filename]
[    0.5175] HLE Host: Set 'host:' root path to: /mnt/f/Projects/tyrax2-lab-20261001/matrix-key-quad-physical-v1/game/bin
[    0.5176] EE/iR5900 Recompiler Reset
[    0.5612] iR3000A Recompiler reset.
[    0.5721] mVU Reset
[    0.5730] mVU Reset
[    0.5771] Resetting host memory for virtual systems...
[    0.8286] Time Zone Offset: GMT+01:00
[    0.8286] Time Zone Location: Berlin
[    0.8286] DST: Winter Time
[    0.8286] Time Format: 24-Hour
[    0.8286] Date Format: DD/MM/YYYY
[    0.8286] System Time Basis: Operating System Time
[    0.8286] Resulting System Time: 2026-10-05 20:50:18
[    0.8287] Close virtual disk tray
[    0.8287] Media already loaded (fast boot)
[    0.8287] Opening GS...
[    0.9433] VK: Enabling extension: VK_KHR_get_surface_capabilities2
[    0.9732] Using Vulkan GPU 'llvmpipe (LLVM 15.0.7, 256 bits)' for automatic renderer check.
[    0.9732] Not using Vulkan for software renderer.
[    0.9733] acquireRenderWindow() recreate=true fullscreen=false render_to_main=false surfaceless=false
[    0.9855] (GetRefreshRateFromXRandR) Modeline is invalid: 0/0/0
[    0.9855] Surface refresh rate: 60 Hz
[    0.9856] Loading EGL from libEGL.so...
[    0.9980] GLAD EGL Version: 1.0
[    0.9980] Using EGL platform EGL_EXT_platform_x11.
[    1.0109] eglInitialize() version: 1.5
[    1.0110] GLAD EGL Version: 1.5
[    1.0110] Trying GL version 4.6
[    1.0110] eglCreateContext() failed: 0x3009
[    1.0111] Trying GL version 4.5
[    1.0490] Got GL version 4.5
[    1.0490] EGL_MIN_SWAP_INTERVAL = 1
[    1.0490] EGL_MAX_SWAP_INTERVAL = 1
[    1.0490] Negative swap interval/tear-control is NOT supported
[    1.0520] GL_VENDOR: Mesa
[    1.0520] GL_VERSION: 4.5 (Core Profile) Mesa 23.2.1-1ubuntu3.1~22.04.4
[    1.0520] GL_RENDERER: llvmpipe (LLVM 15.0.7, 256 bits)
[    1.0520] GL_SHADING_LANGUAGE_VERSION: 4.50
[    1.0522] GL_MAX_VERTEX_SHADER_STORAGE_BLOCKS: 16
[    1.0522] GL: Viewport Array:            Supported       => Using: GL_ARB_viewport_array
[    1.0522] GL: Direct State Access:       Supported       => Using: OpenGL 4.5 Core
[    1.0524] GL: Copy Image:                Supported       => Using: OpenGL 4.3 Core
[    1.0524] GL: Clip Control:              Supported       => Using: OpenGL 4.5 Core
[    1.0524] GL: Conservative Depth:        Supported       => Using: OpenGL 4.2 Core
[    1.0525] GL: CAS Sharpening:            Supported       => Using: OpenGL 4.2 Core
[    1.0525] GL: Texture Barriers:          Auto            => Using: Framebuffer Fetch
[    1.0525] GL: RGBA16 HW Blending:        Supported       => Using: RGBA16 UNORM
[    1.0525] GL: Point Expansion:           Supported       => Using: Hardware
[    1.0525] GL: Line Expansion:            Fallback        => Using: Vertex Expansion
[    1.0525] GL: Sprite Expansion:          Supported       => Using: Vertex Expansion
[    1.0525] GL: DXTn Texture Compression:  Supported       => Using: GL_EXT_texture_compression_s3tc
[    1.0525] GL: BC6/7 Texture Compression: Supported       => Using: OpenGL 4.2 Core
[    1.0566] 1 program binary formats supported by driver
[    1.1070] Program binary retrieved, 4105 bytes, format 34655
[    1.1086] Program binary retrieved, 4121 bytes, format 34655
[    1.1101] Program binary retrieved, 4249 bytes, format 34655
[    1.1115] Program binary retrieved, 4013 bytes, format 34655
[    1.1129] Program binary retrieved, 4013 bytes, format 34655
[    1.1145] Program binary retrieved, 4017 bytes, format 34655
[    1.1154] Program binary retrieved, 4017 bytes, format 34655
[    1.1168] Program binary retrieved, 4185 bytes, format 34655
[    1.1180] Program binary retrieved, 4217 bytes, format 34655
[    1.1192] Program binary retrieved, 4137 bytes, format 34655
[    1.1202] Program binary retrieved, 4125 bytes, format 34655
[    1.1216] Program binary retrieved, 4121 bytes, format 34655
[    1.1230] Program binary retrieved, 4253 bytes, format 34655
[    1.1243] Program binary retrieved, 4237 bytes, format 34655
[    1.1253] Program binary retrieved, 4245 bytes, format 34655
[    1.1262] Program binary retrieved, 4261 bytes, format 34655
[    1.1274] Program binary retrieved, 4965 bytes, format 34655
[    1.1288] Program binary retrieved, 4981 bytes, format 34655
[    1.1301] Program binary retrieved, 4261 bytes, format 34655
[    1.1313] Program binary retrieved, 4277 bytes, format 34655
[    1.1327] Program binary retrieved, 5005 bytes, format 34655
[    1.1337] Program binary retrieved, 5021 bytes, format 34655
[    1.1346] Program binary retrieved, 4257 bytes, format 34655
[    1.1353] Program binary retrieved, 4273 bytes, format 34655
[    1.1365] Program binary retrieved, 5001 bytes, format 34655
[    1.1377] Program binary retrieved, 5017 bytes, format 34655
[    1.1388] Program binary retrieved, 4277 bytes, format 34655
[    1.1400] Program binary retrieved, 4293 bytes, format 34655
[    1.1411] Program binary retrieved, 5057 bytes, format 34655
[    1.1422] Program binary retrieved, 5073 bytes, format 34655
[    1.1431] Program binary retrieved, 4153 bytes, format 34655
[    1.1441] Program binary retrieved, 4169 bytes, format 34655
[    1.1449] Program binary retrieved, 4233 bytes, format 34655
[    1.1457] Program binary retrieved, 5781 bytes, format 34655
[    1.1467] Program binary retrieved, 5373 bytes, format 34655
[    1.1477] Program binary retrieved, 6389 bytes, format 34655
[    1.1484] Program binary retrieved, 4917 bytes, format 34655
[    1.1493] Program binary retrieved, 4845 bytes, format 34655
[    1.1503] Program binary retrieved, 4997 bytes, format 34655
[    1.1520] Program binary retrieved, 4101 bytes, format 34655
[    1.1565] Program binary retrieved, 4137 bytes, format 34655
[    1.1620] Program binary retrieved, 4109 bytes, format 34655
[    1.1630] Program binary retrieved, 5389 bytes, format 34655
[    1.1642] Program binary retrieved, 5829 bytes, format 34655
[    1.1649] Program binary retrieved, 5857 bytes, format 34655
[    1.1657] Program binary retrieved, 4289 bytes, format 34655
[    1.1692] Program binary retrieved, 21205 bytes, format 34655
[    1.1703] Program binary retrieved, 4765 bytes, format 34655
[    1.1714] Program binary retrieved, 5685 bytes, format 34655
[    1.1726] Program binary retrieved, 4141 bytes, format 34655
[    1.1732] Program binary retrieved, 4537 bytes, format 34655
[    1.1751] Program binary retrieved, 4889 bytes, format 34655
[    1.1760] Program binary retrieved, 4117 bytes, format 34655
[    1.1770] Program binary retrieved, 4741 bytes, format 34655
[    1.1777] Program binary retrieved, 4965 bytes, format 34655
[    1.1798] Program binary retrieved, 6613 bytes, format 34655
[    1.1811] Program binary retrieved, 4797 bytes, format 34655
[    1.1846] Program binary retrieved, 13085 bytes, format 34655
[    1.1946] Program binary retrieved, 7285 bytes, format 34655
[    1.2024] Program binary retrieved, 5497 bytes, format 34655
[    1.2034] Program binary retrieved, 4141 bytes, format 34655
[    1.2041] Program binary retrieved, 4141 bytes, format 34655
[    1.2050] Program binary retrieved, 4145 bytes, format 34655
[    1.2058] Program binary retrieved, 4145 bytes, format 34655
[    1.2542] Program binary retrieved, 5369 bytes, format 34655
[    1.2654] OpenGL Graphics Driver Info:
[    1.2654] OpenGL Context:
[    1.2654] 4.5 (Core Profile) Mesa 23.2.1-1ubuntu3.1~22.04.4
[    1.2654] Mesa llvmpipe (LLVM 15.0.7, 256 bits)
[    1.2654] GLSL: 4.50
[    1.2685] Processor count: 24 cores, 24 processors, 1 clusters
[    1.2685] Ordered processor list: 12, 23, 22, 21, 20, 19, 18, 17, 16, 15, 14, 13, 0, 11, 10, 9, 8, 7, 6, 5, 4, 3, 2, 1
[    1.2685] Not pinning SW threads, we need 4 processors, but only have 0
[    1.2691] Opening SPU2...
[    1.2693] Creating Null audio stream, sample rate = 48000, expansion = Disabled, buffer = 50, latency = 32, stretching enabled, driver = wasapi, device = 
[    1.2694] Allocated buffer of 2432 frames for buffer of 50 ms [expansion Disabled (block size 2048), stretch disabled, target size 2432].
[    1.2694] Initializing Pad...
[    1.2694] Initializing SIO2...
[    1.2694] Initializing SIO0...
[    1.2694] Opening DEV9...
[    1.2694] DEV9: DEV9init
[    1.2696] DEV9: DEV9init2
[    1.2696] DEV9: DEV9init3
[    1.2723] DEV9: DEV9init ok
[    1.2723] DEV9: DEV9open
[    1.2724] Opening USB...
[    1.2724] Opening FW...
[    1.2726] Frame rate: 59.94, target speed: 1, target frame rate: 59.94, ticks per frame: 16683350
[    1.2759] VM subsystems initialized in 930.54 ms
[    1.2788] MultiPause time: 142ns
[    1.2790] MultiPause time: 203ns
[    1.2791] MultiPause time: 194ns
[    1.2792] MultiPause time: 143ns
[    1.2856] Failed to inhibit screen saver.
[    1.2856] Processor order assignment: EE=12, VU=23, GS=22
[    1.2856]   EE thread is on processor 12 (0x1000)
[    1.2856]   VU thread is on processor 23 (0x800000)
[    1.2857]   GS thread is on processor 22 (0x400000)
[    1.2942] Failed to inhibit screen saver.
[    1.4038] # Initialize memory (rev:3.70, ctm:197Mhz, cpuclk:147Mhz detected)
[    1.4120] R3000 Debugger: Branch to 0x890 (SYSMEM). Clearing modules.
[    1.4135] RegisterLibraryEntries: excepman version 1.01
[    1.4143] RegisterLibraryEntries:  intrman version 1.02
[    1.4145] RegisterLibraryEntries:   ssbusc version 1.01
[    1.4148] RegisterLibraryEntries:  dmacman version 1.02
[    1.4152] RegisterLibraryEntries:  timrman version 1.01
[    1.4155] RegisterLibraryEntries:  sysclib version 1.01
[    1.4155] RegisterLibraryEntries:    stdio version 1.01
[    1.4156] RegisterLibraryEntries:  heaplib version 1.01
[    1.4160] FW: read mem 0x1f80847c: 0x10000001
[    1.4160] FW: write mem 0x1f808414: 0x417f0000
[    1.4160] FW: read mem 0x1f808400: 0xffc00001
[    1.4160] FW: write mem 0x1f80844c: 0xffffffff
[    1.4160] FW: write mem 0x1f808420: 0xffffffff
[    1.4160] FW: write mem 0x1f808428: 0xffffffff
[    1.4160] FW: write mem 0x1f808430: 0xffffffff
[    1.4170] RegisterLibraryEntries:   thbase version 1.01
[    1.4171] RegisterLibraryEntries:  thevent version 1.01
[    1.4171] RegisterLibraryEntries:  thsemap version 1.01
[    1.4171] RegisterLibraryEntries:  thmsgbx version 1.01
[    1.4172] RegisterLibraryEntries:  thfpool version 1.01
[    1.4172] RegisterLibraryEntries:  thvpool version 1.01
[    1.4181] RegisterLibraryEntries:   vblank version 1.01
[    1.4186] RegisterLibraryEntries:    ioman version 1.02
[    1.4192] RegisterLibraryEntries:  modload version 1.01
[    1.4196] RegisterLibraryEntries:   romdrv version 2.01
[    1.4198] RegisterLibraryEntries:    stdio version 1.02
[    1.4202] RegisterLibraryEntries:   sifman version 1.01
[    1.4205] 
[    1.4206] PlayStation 2 ======== Hard reset boot
[    1.4208]  ROMGEN=2004-0614, IOP info (CPUID=1f, CACH_CONFIG=0, 2MB, IOP mode)
[    1.4210]  <20040614-100914,ROMconf,PS20200EC20040614.bin:11696>
[    1.4309] # Total accessable memory size: 32 MB (B:2:8:0) (370:2:7c30)
[    1.4320] # TLB spad=0 kernel=1:12 default=13:30 extended=31:38
[    1.4983] # Initialize Start.
[    1.4991] # Initialize GS ...
[    1.4991] # Initialize INTC ...
[    1.4991] # Initialize TIMER ...
[    1.4992] # Initialize DMAC ...
[    1.4993] # Initialize VU1 ...
[    1.4997] # Initialize VIF1 ...
[    1.4998] # Initialize GIF ...
[    1.4999] # Initialize VU0 ...
[    1.5001] # Initialize VIF0 ...
[    1.5001] # Initialize IPU ...
[    1.5003] # Initialize FPU ...
[    1.5003] # Initialize User Memory ...
[    1.5599] # Initialize Scratch Pad ...
[    1.5600] # Initialize Done.
[    1.5612] 
[    1.5612] EE DECI2 Manager version 0.06 Feb  6 2003 08:38:48
[    1.5612]   CPUID=2e20, BoardID=0, ROMGEN=2004-0614, 32M
[    1.5613] 
[    1.5616] RegisterLibraryEntries:   sifcmd version 1.01
[    1.5914] Initializing Elf: 4491644 bytes
[    1.5936] ELF Loading: host:vehicle-playground.elf, Game CRC = 435C9D07, EntryPoint = 0x00100E78
[    1.5963] RegisterLibraryEntries:  cdvdman version 1.01
[    1.6027] RegisterLibraryEntries:  cdvdfsv version 1.01
[    1.6041] RegisterLibraryEntries:  secrman version 1.03
[    1.6043] RegisterLibraryEntries:   eesync version 1.01
[    1.6044] 
[    1.6044] IOP Realtime Kernel Ver.0.9.1
[    1.6044]     Copyright 1999 (C) Sony Computer Entertainment Inc. 
[    1.6049] Reboot service module.(99/11/10)
[    1.6071] cdvd driver module version 0.1.1 (C)SCEI
[    1.6076] Load File service.(99/11/05)
[    1.6076] Multi Threaded Fileio module.(99/11/15) 
[    1.6077] iop heap service (99/11/03)
[    1.6238] loadelf: fname host:vehicle-playground.elf secname all
[    1.6239] loadelf version 3.30
[    1.6260] Input ELF format filename = host:vehicle-playground.elf
[    1.6691] 1 00100000 003fc8bc ................................................................
[    1.6691] Loaded, host:vehicle-playground.elf
[    1.6692] start address 0x100e78
[    1.6692] gp address 00000000
[    1.6700] # Restart Without Memory Clear.
[    1.6758] # Initialize GS ...
[    1.6758] # Initialize INTC ...
[    1.6759] # Initialize TIMER ...
[    1.6759] # Initialize DMAC ...
[    1.6759] # Initialize VU1 ...
[    1.6760] # Initialize VIF1 ...
[    1.6760] # Initialize GIF ...
[    1.6761] # Initialize VU0 ...
[    1.6761] # Initialize VIF0 ...
[    1.6761] # Initialize IPU ...
[    1.6761] # Initialize FPU ...
[    1.6761] # Initialize Scratch Pad ...
[    1.6761] # Restart Without Memory Clear Done.
[    1.6762] ELF host:vehicle-playground.elf with entry point at 0x00100E78 is executing.
[    1.6762] ELF changed, active CRC 435C9D07 (host:vehicle-playground.elf)
[    1.6765] Applying core settings...
[    1.6768] Updating CPU configuration...
[    1.6768] iR3000A Recompiler reset.
[    1.6804] mVU Reset
[    1.6811] mVU Reset
[    1.6971] iR3000A Recompiler reset.
[    1.7001] mVU Reset
[    1.7001] mVU Reset
[    1.7035] EE/iR5900 Recompiler Reset
[    1.7180] BIOS: Successfully found the instruction pattern. Assuming the thread list is here: 8001a640
[    1.7202] Warning: GetOsdConfigParam2 Reading extended language/version configs, may be incorrect!
[    1.7298] read/write allocate memory 4000
[    1.7300] open name host:/ps2link.run flag 1 data 41378
[    1.7305] open fd = -5
[    1.7335] Get Reboot Request From EE
[    1.7347] R3000 Debugger: Branch to 0x890 (SYSMEM). Clearing modules.
[    1.7364] RegisterLibraryEntries: excepman version 1.01
[    1.7375] RegisterLibraryEntries:  intrman version 1.02
[    1.7377] RegisterLibraryEntries:   ssbusc version 1.01
[    1.7382] RegisterLibraryEntries:  dmacman version 1.02
[    1.7387] RegisterLibraryEntries:  timrman version 1.01
[    1.7392] RegisterLibraryEntries:  sysclib version 1.01
[    1.7392] RegisterLibraryEntries:    stdio version 1.01
[    1.7394] RegisterLibraryEntries:  heaplib version 1.01
[    1.7415] RegisterLibraryEntries:   thbase version 1.01
[    1.7416] RegisterLibraryEntries:  thevent version 1.01
[    1.7416] RegisterLibraryEntries:  thsemap version 1.01
[    1.7416] RegisterLibraryEntries:  thmsgbx version 1.01
[    1.7417] RegisterLibraryEntries:  thfpool version 1.01
[    1.7417] RegisterLibraryEntries:  thvpool version 1.01
[    1.7426] RegisterLibraryEntries:   vblank version 1.01
[    1.7430] RegisterLibraryEntries:    ioman version 1.02
[    1.7440] RegisterLibraryEntries:  modload version 1.01
[    1.7499] RegisterLibraryEntries:   romdrv version 2.01
[    1.7502] RegisterLibraryEntries:    stdio version 1.02
[    1.7507] RegisterLibraryEntries:   sifman version 1.01
[    1.7512] 
[    1.7513] PlayStation 2 ======== Soft reboot
[    1.7520] RegisterLibraryEntries:   sifcmd version 1.01
[    1.7558] RegisterLibraryEntries:  cdvdman version 1.01
[    1.7575] RegisterLibraryEntries:  cdvdfsv version 1.01
[    1.7648] RegisterLibraryEntries:  secrman version 1.03
[    1.7650] RegisterLibraryEntries:   eesync version 1.01
[    1.7651] 
[    1.7651] IOP Realtime Kernel Ver.0.9.1
[    1.7651]     Copyright 1999 (C) Sony Computer Entertainment Inc. 
[    1.7656] Reboot service module.(99/11/10)
[    1.7673] [EE] Skipping timeout loop at 0x002D9E80 -> 0x002D9EA0
[    1.7674] cdvd driver module version 0.1.1 (C)SCEI
[    1.7678] Load File service.(99/11/05)
[    1.7678] Multi Threaded Fileio module.(99/11/15) 
[    1.7679] iop heap service (99/11/03)
[    1.7911] RegisterLibraryEntries:   iomanx version 1.01
[    1.7925] fileXio: fileXio: fileXio RPC Server v1.00
[    1.7925] Copyright (c) 2003 adresd
[    1.7927] RegisterLibraryEntries:  sio2man version 2.07
[    1.7928] RegisterLibraryEntries:  sio2man version 1.02
[    1.7934] RegisterLibraryEntries:   padman version 1.02
[    1.7935] Pad Driver for OSD
[    1.7939] FREESD v1.01
[    1.7939] RegisterLibraryEntries:    libsd version 1.04
[    1.8062] debug_level = 1 (ps2snd 0.1
[    1.8069] greetings from version 0.93 !
[    1.8070] RegisterLibraryEntries:   audsrv version 1.04
[    1.8070] audsrv_adpcm_init()
[    1.8081] UpdateVSyncRate: Mode Changed to SDTV 480p.
[    1.8081] Frame rate: 59.94, target speed: 1, target frame rate: 59.94, ticks per frame: 16683350
[    1.8081] Set GS CRTC configuration. SDTV   720x480 @ 59.94 Progressive (FRAME)
[    3.8793] read/write allocate memory 4000
[    3.8797] 
[    3.8801] -----------------------------------------
[    3.8801]         _____        ____   ___
[    3.8802]           |     /   ____| |___|
[    3.8803]           |     |   |     |   |
[    3.8803] -----------------------------------------
[    3.8803] Copyright 2022
[    3.8804] Repository: https://github.com/h4570/tyra
[    3.8804] Licensed under Apache License 2.0
[    3.8810] Version: 2.2.0
[    3.8811] -----------------------------------------
[    3.8811] 
[    4.0451] audsrv_adpcm_init()
[    4.0466] [EE] Skipping timeout loop at 0x00102CB0 -> 0x00102CD0
[    4.0792] Curent pad(0,0) status: EXECCMD
[    4.2772] Pad: DS2 Config Finished - P1/S1 - AL: Off - AB: Usable - VS: Disabled - VL: Disabled - RB: D (0x00000000)
[    4.3121] Curent pad(0,0) status: EXECCMD
[    4.3771] Pad: DS2 Config Finished - P1/S1 - AL: On - AB: Locked - VS: Disabled - VL: Disabled - RB: D (0x00000000)
[    4.5775] Pad: DS2 Config Finished - P1/S1 - AL: On - AB: Locked - VS: Disabled - VL: Disabled - RB: D (0x00000000)
[    4.6112] Curent pad(0,0) status: EXECCMD
[    4.8775] Pad: DS2 Config Finished - P1/S1 - AL: On - AB: Locked - VS: Disabled - VL: Disabled - RB: D+A+P (0x0003FFFF)
[    5.0831] Pad: DS2 Config Finished - P1/S1 - AL: On - AB: Locked - VS: Disabled - VL: Disabled - RB: D+A+P (0x0003FFFF)
[    5.1142] open name host:/night-ablation.cfg flag 1 data 41378
[    5.1155] open fd = 256
[    5.1188] open name host:/night-ablation.log flag 602 data 41378
[    5.1204] open fd = 256
[    5.1267] loadmodule: fname rom0:XMCMAN args 0 arg 
[    5.1376] RegisterLibraryEntries:    mcman version 2.03
[    5.1384] loadmodule: id 32, ret 0
[    5.1385] loadmodule: fname rom0:XMCSERV args 0 arg 
[    5.1388] RegisterLibraryEntries:   mcserv version 1.01
[    5.1389] loadmodule: id 33, ret 0
[    5.1390] [EE] Skipping timeout loop at 0x00104820 -> 0x00104840
[    5.5132] (FileMcd) Warning: checksum sector overwritten. (0)
[    5.5132] OSD [MemoryCardSave0]: Memory Card 'Mcd001.ps2' was saved to storage.
[    5.9812] (FileMcd) Warning: checksum sector overwritten. (0)
[    6.0957] open name host:/save/icon.sys flag 1 data 41378
[    6.0979] open fd = 257
[    6.1677] open name host:/save/list.icn flag 1 data 41378
[    6.1695] open fd = 257
[    6.3363] open name host:/menus/save.png flag 1 data 41378
[    6.3381] open fd = 257
[    6.3827] open name host:/hud/save-cursor.png flag 1 data 41378
[    6.3845] open fd = 257
[    6.3866] open name host:/hud/save-used.png flag 1 data 41378
[    6.3881] open fd = 257
[    6.3910] open name host:/hud/save-saved.png flag 1 data 41378
[    6.3924] open fd = 257
[    6.4021] open name host:/hud/save-loaded.png flag 1 data 41378
[    6.4037] open fd = 257
[    6.4063] open name host:/hud/save-error.png flag 1 data 41378
[    6.4079] open fd = 257
[    6.4105] open name host:/hud/save-busy.png flag 1 data 41378
[    6.4119] open fd = 257
[    6.4467] open name host:/hud/save-spinner.png flag 1 data 41378
[    6.4485] open fd = 257
[    6.4635] open name host:/menus/save.png flag 1 data 41378
[    6.4651] open fd = 257
[    6.4982] open name host:/menus/district-pause.png flag 1 data 41378
[    6.5003] open fd = 257
[    6.5311] open name host:/menus/district-pause-values.png flag 1 data 41378
[    6.5331] open fd = 257
[    6.5367] open name host:/hud/save-cursor.png flag 1 data 41378
[    6.5385] open fd = 257
[    6.5481] open name host:/hud/save-cursor.png flag 1 data 41378
[    6.5496] open fd = 257
[    6.5518] open name host:/hud/save-cursor.png flag 1 data 41378
[    6.5531] open fd = 257
[    6.5548] open name host:/hud/menu-dim.png flag 1 data 41378
[    6.5561] open fd = 257
[    6.5583] open name host:/hud/flare-corona.png flag 1 data 41378
[    6.5600] open fd = 257
[    6.5749] open name host:/hud/flashlight-gobo.png flag 1 data 41378
[    6.5766] open fd = 257
[    6.5910] open name host:/hud/flare-glow.png flag 1 data 41378
[    6.5926] open fd = 257
[    6.6031] open name host:/hud/sun-disc.png flag 1 data 41378
[    6.6048] open fd = 257
[    6.6081] open name host:/hud/moon-disc.png flag 1 data 41378
[    6.6101] open fd = 257
[    6.6385] open name host:/quiet-night.cfg flag 1 data 41378
[    6.6397] open fd = 257
[    6.6417] LOG: NIGHTPLAN schema=1 kind=16 order=0 joint=0 restored=0 phases=3
[    6.6418] LOG: NIGHTCONFIG order=0 valid=1 profile=0 hardwareTrace=0 ringBytes=0 ordinaryClocks=1 fixedDt=0 sampleBytes=6144 chunkBytes=420 phases=3 phaseFrames=1800 taxFirst=800 taxLoops=320 chunkFrames=64 sampleFirst=900 sampleCount=128 video=1 display=1 depth=2 width=448 height=448 refreshMilliHz=60000 requested=1 night=1
[    6.6419] LOG: NIGHTQUALITY rasterWidth=448 rasterHeight=448 scaleX=1 scaleY=1
[    6.6421] open name host:/hud/use-text.png flag 1 data 41378
[    6.6436] open fd = 257
[    6.6463] open name host:/hud/pick-text.png flag 1 data 41378
[    6.6482] open fd = 257
[    6.6509] open name host:/sfx/engine_idle.adpcm flag 1 data 41378
[    6.6525] open fd = 257
[    6.6684] open name host:/sfx/engine_high.adpcm flag 1 data 41378
[    6.6701] open fd = 257
[    6.6861] open name host:/sfx/tires_screech.adpcm flag 1 data 41378
[    6.6878] open fd = 257
[    6.6917] open name host:/sfx/gear-shift.adpcm flag 1 data 41378
[    6.6931] open fd = 257
[    6.6953] LOG: NIGHTPRODPHASE phase=0 enabled=0
[    6.6954] LOG: NIGHTCORONAPHASE phase=0 first=0 selected=0 enabled=0
[    6.6957] LOG: NIGHTPHASE phase=0 first=0 mask=0 appliedMask=0 sampler=1 countReads=262 samplePtr=0052e0c8
[    6.6957] LOG: NIGHTEXTRAPHASE phase=0 first=0 extraMask=0 appliedExtraMask=0
[    6.6958] LOG: NIGHTWILDPHASE phase=0 first=0 variant=0 enabled=0 appliedVariant=0 appliedEnabled=0
[    6.6959] LOG: NIGHTTABLEPHASE phase=0 first=0 selected=1 enabled=1 appliedSelected=1 appliedEnabled=1
[    6.6967] open name host:/launch.scene flag 1 data 41378
[    6.6971] open fd = -5
[    6.6974] open name host:/hud/loading.png flag 1 data 41378
[    6.6990] open fd = 257
[    6.7113] FRAMEARENA allocated=1 bytes=1048576
[    6.7680] open name host:/vehicles/veh-ravager000001-shadow.png flag 1 data 41378
[    6.7705] open fd = 257
[    6.7713] open name host:/vehicles/veh-ravager000001-shadow.png flag 1 data 41378
[    6.7727] open fd = 257
[    6.7980] open name host:/vehicles/veh-pica00000001-shadow.png flag 1 data 41378
[    6.7999] open fd = 257
[    6.8006] open name host:/vehicles/veh-pica00000001-shadow.png flag 1 data 41378
[    6.8022] open fd = 257
[    6.8072] open name host:/vehicles/veh-strix0000001-shadow.png flag 1 data 41378
[    6.8093] open fd = 257
[    6.8102] open name host:/vehicles/veh-strix0000001-shadow.png flag 1 data 41378
[    6.8117] open fd = 257
[    6.8243] open name host:/shadowatlas/scene0-0.png flag 1 data 41378
[    6.8259] open fd = 257
[    6.8267] open name host:/shadowatlas/scene0-0.png flag 1 data 41378
[    6.8281] open fd = 257
[    6.8428] open name host:/shadowatlas/scene0-1.png flag 1 data 41378
[    6.8446] open fd = 257
[    6.8452] open name host:/shadowatlas/scene0-1.png flag 1 data 41378
[    6.8466] open fd = 257
[    6.8606] open name host:/textures/district-ground.png flag 1 data 41378
[    6.8624] open fd = 257
[    6.8630] open name host:/textures/district-ground.png flag 1 data 41378
[    6.8645] open fd = 257
[    6.8858] open name host:/materials/district-asphalt.mtl flag 1 data 41378
[    6.8876] open fd = 257
[    6.8952] open name host:/textures/district-asphalt.png flag 1 data 41378
[    6.8974] open fd = 257
[    6.8986] open name host:/textures/district-asphalt.png flag 1 data 41378
[    6.9002] open fd = 257
[    6.9163] open name host:/materials/district-sign.mtl flag 1 data 41378
[    6.9181] open fd = 257
[    6.9202] open name host:/textures/district-sign.png flag 1 data 41378
[    6.9218] open fd = 257
[    6.9223] open name host:/textures/district-sign.png flag 1 data 41378
[    6.9236] open fd = 257
[    6.9269] open name host:/materials/night-warm.mtl flag 1 data 41378
[    6.9284] open fd = 257
[    6.9311] open name host:/materials/night-cyan.mtl flag 1 data 41378
[    6.9326] open fd = 257
[    6.9344] open name host:/materials/night-pink.mtl flag 1 data 41378
[    6.9358] open fd = 257
[    6.9377] open name host:/models/urban/district-workshop.tmdl flag 1 data 41378
[    6.9396] open fd = 257
[    6.9435] open name host:/models/urban/Textures/district-facades.png flag 1 data 41378
[    6.9458] open fd = 257
[    6.9466] open name host:/models/urban/Textures/district-facades.png flag 1 data 41378
[    6.9491] open fd = 257
[    6.9749] open name host:/models/urban/district-tower.tmdl flag 1 data 41378
[    6.9770] open fd = 257
[    6.9795] open name host:/models/urban/district-loft.tmdl flag 1 data 41378
[    6.9817] open fd = 257
[    6.9841] open name host:/models/urban/detail-light-double.tmdl flag 1 data 41378
[    6.9859] open fd = 257
[    6.9947] open name host:/models/urban/Textures/metal.png flag 1 data 41378
[    6.9972] open fd = 257
[    6.9981] open name host:/models/urban/Textures/metal.png flag 1 data 41378
[    7.0006] open fd = 257
[    7.0117] open name host:/models/urban/detail-light-traffic.tmdl flag 1 data 41378
[    7.0139] open fd = 257
[    7.0244] open name host:/models/urban/Textures/roof.png flag 1 data 41378
[    7.0269] open fd = 257
[    7.0280] open name host:/models/urban/Textures/roof.png flag 1 data 41378
[    7.0306] open fd = 257
[    7.0342] open name host:/models/urban/tree-park-large.tmdl flag 1 data 41378
[    7.0364] open fd = 257
[    7.0442] open name host:/models/urban/Textures/treeA.png flag 1 data 41378
[    7.0468] open fd = 257
[    7.0477] open name host:/models/urban/Textures/treeA.png flag 1 data 41378
[    7.0499] open fd = 257
[    7.0620] open name host:/models/urban/Textures/tiles.png flag 1 data 41378
[    7.0647] open fd = 257
[    7.0658] open name host:/models/urban/Textures/tiles.png flag 1 data 41378
[    7.0688] open fd = 257
[    7.0718] open name host:/models/urban/Textures/dirt.png flag 1 data 41378
[    7.0741] open fd = 257
[    7.0749] open name host:/models/urban/Textures/dirt.png flag 1 data 41378
[    7.0772] open fd = 257
[    7.0805] open name host:/models/urban/tree-park-pine-large.tmdl flag 1 data 41378
[    7.0831] open fd = 257
[    7.0907] open name host:/models/urban/Textures/treeB.png flag 1 data 41378
[    7.0933] open fd = 257
[    7.0941] open name host:/models/urban/Textures/treeB.png flag 1 data 41378
[    7.0964] open fd = 257
[    7.0994] open name host:/models/urban/detail-barrier-type-a.tmdl flag 1 data 41378
[    7.1021] open fd = 257
[    7.1147] open name host:/models/urban/Textures/signs.png flag 1 data 41378
[    7.1174] open fd = 257
[    7.1183] open name host:/models/urban/Textures/signs.png flag 1 data 41378
[    7.1207] open fd = 257
[    7.1232] open name host:/models/urban/detail-dumpster-closed.tmdl flag 1 data 41378
[    7.1252] open fd = 257
[    7.1284] open name host:/models/urban/Textures/metal_wall.png flag 1 data 41378
[    7.1309] open fd = 257
[    7.1320] open name host:/models/urban/Textures/metal_wall.png flag 1 data 41378
[    7.1345] open fd = 257
[    7.1376] open name host:/models/urban/Textures/wall.png flag 1 data 41378
[    7.1400] open fd = 257
[    7.1409] open name host:/models/urban/Textures/wall.png flag 1 data 41378
[    7.1431] open fd = 257
[    7.1458] open name host:/models/urban/detail-bench.tmdl flag 1 data 41378
[    7.1478] open fd = 257
[    7.1628] open name host:/models/urban/Textures/planks.png flag 1 data 41378
[    7.1654] open fd = 257
[    7.1664] open name host:/models/urban/Textures/planks.png flag 1 data 41378
[    7.1688] open fd = 257
[    7.1718] open name host:/models/urban/pallet.tmdl flag 1 data 41378
[    7.1737] open fd = 257
[    7.1816] open name host:/vehicles/veh-ravager000001-body.tmdl flag 1 data 41378
[    7.1830] open fd = 257
[    7.3236] open name host:/vehicles/veh-ravager000001-palette.png flag 1 data 41378
[    7.3255] open fd = 257
[    7.3334] open name host:/vehicles/veh-ravager000001-palette.png flag 1 data 41378
[    7.3351] open fd = 257
[    7.3486] open name host:/vehicles/veh-ravager000001-palette-image-0.png flag 1 data 41378
[    7.3516] open fd = 257
[    7.3524] open name host:/vehicles/veh-ravager000001-palette-image-0.png flag 1 data 41378
[    7.3546] open fd = 257
[    7.3763] open name host:/vehicles/veh-pica00000001-body.tmdl flag 1 data 41378
[    7.3781] open fd = 257
[    7.4868] open name host:/vehicles/veh-pica00000001-palette.png flag 1 data 41378
[    7.4884] open fd = 257
[    7.4890] open name host:/vehicles/veh-pica00000001-palette.png flag 1 data 41378
[    7.4903] open fd = 257
[    7.4922] open name host:/vehicles/veh-pica00000001-palette-image-0.png flag 1 data 41378
[    7.4936] open fd = 257
[    7.4943] open name host:/vehicles/veh-pica00000001-palette-image-0.png flag 1 data 41378
[    7.4957] open fd = 257
[    7.5221] open name host:/vehicles/veh-strix0000001-body.tmdl flag 1 data 41378
[    7.5239] open fd = 257
[    7.6419] open name host:/vehicles/veh-strix0000001-palette.png flag 1 data 41378
[    7.6435] open fd = 257
[    7.6440] open name host:/vehicles/veh-strix0000001-palette.png flag 1 data 41378
[    7.6454] open fd = 257
[    7.6473] open name host:/vehicles/veh-strix0000001-palette-image-0.png flag 1 data 41378
[    7.6487] open fd = 257
[    7.6493] open name host:/vehicles/veh-strix0000001-palette-image-0.png flag 1 data 41378
[    7.6507] open fd = 257
[    7.6785] open name host:/sky/scene0.png flag 1 data 41378
[    7.6803] open fd = 257
[    7.6810] open name host:/sky/scene0.png flag 1 data 41378
[    7.6829] open fd = 257
[    7.9671] open name host:/vehicles/fx-skid.png flag 1 data 41378
[    7.9690] open fd = 257
[    7.9697] open name host:/vehicles/fx-skid.png flag 1 data 41378
[    7.9711] open fd = 257
[    7.9852] open name host:/vehicles/fx-smoke.png flag 1 data 41378
[    7.9871] open fd = 257
[    7.9879] open name host:/vehicles/fx-smoke.png flag 1 data 41378
[    7.9893] open fd = 257
[    7.9937] open name host:/vehicles/veh-ravager000001-wheel.tmdl flag 1 data 41378
[    7.9953] open fd = 257
[    8.0035] open name host:/vehicles/veh-ravager000001-wheelfast.tmdl flag 1 data 41378
[    8.0052] open fd = 257
[    8.0118] open name host:/fonts/atlas-default.png flag 1 data 41378
[    8.0132] open fd = 257
[    8.0275] open name host:/hud/icons.png flag 1 data 41378
[    8.0294] open fd = 257
[    8.0447] open name host:/hud/loading-white.png flag 1 data 41378
[    8.0466] open fd = 257
[    8.0492] open name host:/vehicles/veh-pica00000001-wheel.tmdl flag 1 data 41378
[    8.0508] open fd = 257
[    8.0583] open name host:/vehicles/veh-pica00000001-wheelfast.tmdl flag 1 data 41378
[    8.0601] open fd = 257
[    8.0667] open name host:/vehicles/veh-strix0000001-wheel.tmdl flag 1 data 41378
[    8.0685] open fd = 257
[    8.0824] open name host:/vehicles/veh-strix0000001-wheelfast.tmdl flag 1 data 41378
[    8.0840] open fd = 257
[    8.0950] open name host:/textures/district-road.png flag 1 data 41378
[    8.0968] open fd = 257
[    8.0978] open name host:/textures/district-road.png flag 1 data 41378
[    8.1001] open fd = 257
[    8.2020] open name host:/textures/district-asphalt.png flag 1 data 41378
[    8.2040] open fd = 257
[    8.2047] open name host:/textures/district-asphalt.png flag 1 data 41378
[    8.2061] open fd = 257
[    8.2184] open name host:/textures/district-plaza.png flag 1 data 41378
[    8.2200] open fd = 257
[    8.2206] open name host:/textures/district-plaza.png flag 1 data 41378
[    8.2219] open fd = 257
[    8.2556] open name host:/gshadow/s0_2_1.png flag 1 data 41378
[    8.2577] open fd = 257
[    8.2584] open name host:/gshadow/s0_2_1.png flag 1 data 41378
[    8.2598] open fd = 257
[    8.2726] open name host:/gshadow/s0_1_1.png flag 1 data 41378
[    8.2743] open fd = 257
[    8.2750] open name host:/gshadow/s0_1_1.png flag 1 data 41378
[    8.2764] open fd = 257
[    8.2795] open name host:/gshadow/s0_3_1.png flag 1 data 41378
[    8.2813] open fd = 257
[    8.2820] open name host:/gshadow/s0_3_1.png flag 1 data 41378
[    8.2835] open fd = 257
[    8.2936] open name host:/gshadow/s0_2_2.png flag 1 data 41378
[    8.2956] open fd = 257
[    8.2963] open name host:/gshadow/s0_2_2.png flag 1 data 41378
[    8.2978] open fd = 257
[    8.3012] open name host:/gshadow/s0_1_2.png flag 1 data 41378
[    8.3027] open fd = 257
[    8.3034] open name host:/gshadow/s0_1_2.png flag 1 data 41378
[    8.3049] open fd = 257
[    8.3080] open name host:/gshadow/s0_3_2.png flag 1 data 41378
[    8.3094] open fd = 257
[    8.3100] open name host:/gshadow/s0_3_2.png flag 1 data 41378
[    8.3113] open fd = 257
[    8.3320] open name host:/gshadow/s0_0_1.png flag 1 data 41378
[    8.3338] open fd = 257
[    8.3346] open name host:/gshadow/s0_0_1.png flag 1 data 41378
[    8.3359] open fd = 257
[    8.3390] open name host:/gshadow/s0_4_1.png flag 1 data 41378
[    8.3405] open fd = 257
[    8.3411] open name host:/gshadow/s0_4_1.png flag 1 data 41378
[    8.3424] open fd = 257
[    8.3453] open name host:/gshadow/s0_4_0.png flag 1 data 41378
[    8.3472] open fd = 257
[    8.3481] open name host:/gshadow/s0_4_0.png flag 1 data 41378
[    8.3494] open fd = 257
[    8.3602] open name host:/gshadow/s0_2_3.png flag 1 data 41378
[    8.3617] open fd = 257
[    8.3623] open name host:/gshadow/s0_2_3.png flag 1 data 41378
[    8.3639] open fd = 257
[    8.3669] open name host:/gshadow/s0_0_2.png flag 1 data 41378
[    8.3685] open fd = 257
[    8.3690] open name host:/gshadow/s0_0_2.png flag 1 data 41378
[    8.3704] open fd = 257
[    8.3802] open name host:/gshadow/s0_4_2.png flag 1 data 41378
[    8.3818] open fd = 257
[    8.3825] open name host:/gshadow/s0_4_2.png flag 1 data 41378
[    8.3838] open fd = 257
[    8.3868] open name host:/gshadow/s0_1_3.png flag 1 data 41378
[    8.3883] open fd = 257
[    8.3889] open name host:/gshadow/s0_1_3.png flag 1 data 41378
[    8.3903] open fd = 257
[    8.4012] open name host:/gshadow/s0_3_3.png flag 1 data 41378
[    8.4030] open fd = 257
[    8.4037] open name host:/gshadow/s0_3_3.png flag 1 data 41378
[    8.4052] open fd = 257
[    8.4080] open name host:/gshadow/s0_0_3.png flag 1 data 41378
[    8.4095] open fd = 257
[    8.4102] open name host:/gshadow/s0_0_3.png flag 1 data 41378
[    8.4116] open fd = 257
[    8.4143] open name host:/gshadow/s0_4_3.png flag 1 data 41378
[    8.4158] open fd = 257
[    8.4163] open name host:/gshadow/s0_4_3.png flag 1 data 41378
[    8.4176] open fd = 257
[    9.1718] microVU1: Cached Prog = [000] [PC=2590] [List=01] (Cache=0.000%) [0.0mb]
[    9.1721] microVU1: 3 cycle stall on branch instruction [3368]
[    9.1721] microVU1: 3 cycle stall on branch instruction [3368]
[    9.1722] microVU1: 3 cycle stall on branch instruction [3380]
[    9.1722] microVU1: 3 cycle stall on branch instruction [3380]
[    9.1722] microVU1: 3 cycle stall on branch instruction [33b8]
[    9.1722] microVU1: 3 cycle stall on branch instruction [33b8]
[    9.1722] microVU1: 3 cycle stall on branch instruction [33d8]
[    9.1722] microVU1: 3 cycle stall on branch instruction [33d8]
[    9.1723] microVU1: 3 cycle stall on branch instruction [3368]
[    9.1723] microVU1: 3 cycle stall on branch instruction [3368]
[    9.1723] microVU1: 3 cycle stall on branch instruction [3380]
[    9.1723] microVU1: 3 cycle stall on branch instruction [3380]
[    9.1723] microVU1: 3 cycle stall on branch instruction [33b8]
[    9.1724] microVU1: 3 cycle stall on branch instruction [33b8]
[    9.1724] microVU1: 3 cycle stall on branch instruction [33d8]
[    9.1724] microVU1: 3 cycle stall on branch instruction [33d8]
[    9.1725] microVU1: 3 cycle stall on branch instruction [3368]
[    9.1725] microVU1: 3 cycle stall on branch instruction [3368]
[    9.1725] microVU1: 3 cycle stall on branch instruction [3380]
[    9.1725] microVU1: 3 cycle stall on branch instruction [3380]
[    9.1725] microVU1: 3 cycle stall on branch instruction [33b8]
[    9.1725] microVU1: 3 cycle stall on branch instruction [33b8]
[    9.1725] microVU1: 3 cycle stall on branch instruction [33d8]
[    9.1725] microVU1: 3 cycle stall on branch instruction [33d8]
[    9.1726] microVU1: 3 cycle stall on branch instruction [3368]
[    9.1726] microVU1: 3 cycle stall on branch instruction [3368]
[    9.1726] microVU1: 3 cycle stall on branch instruction [3380]
[    9.1726] microVU1: 3 cycle stall on branch instruction [3380]
[    9.1727] microVU1: 3 cycle stall on branch instruction [33b8]
[    9.1727] microVU1: 3 cycle stall on branch instruction [33b8]
[    9.1727] microVU1: 3 cycle stall on branch instruction [33d8]
[    9.1727] microVU1: 3 cycle stall on branch instruction [33d8]
[    9.1732] microVU1: 3 cycle stall on branch instruction [3368]
[    9.1733] microVU1: 3 cycle stall on branch instruction [3368]
[    9.1733] microVU1: 3 cycle stall on branch instruction [3380]
[    9.1733] microVU1: 3 cycle stall on branch instruction [3380]
[    9.1733] microVU1: 3 cycle stall on branch instruction [33b8]
[    9.1733] microVU1: 3 cycle stall on branch instruction [33b8]
[    9.1733] microVU1: 3 cycle stall on branch instruction [33d8]
[    9.1733] microVU1: 3 cycle stall on branch instruction [33d8]
[    9.1734] microVU1: 3 cycle stall on branch instruction [3368]
[    9.1734] microVU1: 3 cycle stall on branch instruction [3368]
[    9.1734] microVU1: 3 cycle stall on branch instruction [3380]
[    9.1734] microVU1: 3 cycle stall on branch instruction [3380]
[    9.1734] microVU1: 3 cycle stall on branch instruction [33b8]
[    9.1734] microVU1: 3 cycle stall on branch instruction [33b8]
[    9.1734] microVU1: 3 cycle stall on branch instruction [33d8]
[    9.1734] microVU1: 3 cycle stall on branch instruction [33d8]
[    9.1735] microVU1: 3 cycle stall on branch instruction [3368]
[    9.1735] microVU1: 3 cycle stall on branch instruction [3368]
[    9.1735] microVU1: 3 cycle stall on branch instruction [3380]
[    9.1736] microVU1: 3 cycle stall on branch instruction [3380]
[    9.1736] microVU1: 3 cycle stall on branch instruction [33b8]
[    9.1736] microVU1: 3 cycle stall on branch instruction [33b8]
[    9.1736] microVU1: 3 cycle stall on branch instruction [33d8]
[    9.1736] microVU1: 3 cycle stall on branch instruction [33d8]
[    9.1737] microVU1: 3 cycle stall on branch instruction [3368]
[    9.1737] microVU1: 3 cycle stall on branch instruction [3368]
[    9.1737] microVU1: 3 cycle stall on branch instruction [3380]
[    9.1737] microVU1: 3 cycle stall on branch instruction [3380]
[    9.1737] microVU1: 3 cycle stall on branch instruction [33b8]
[    9.1737] microVU1: 3 cycle stall on branch instruction [33b8]
[    9.1737] microVU1: 3 cycle stall on branch instruction [33d8]
[    9.1737] microVU1: 3 cycle stall on branch instruction [33d8]
[    9.1741] microVU1: 3 cycle stall on branch instruction [3368]
[    9.1741] microVU1: 3 cycle stall on branch instruction [3368]
[    9.1741] microVU1: 3 cycle stall on branch instruction [3380]
[    9.1741] microVU1: 3 cycle stall on branch instruction [3380]
[    9.1742] microVU1: 3 cycle stall on branch instruction [33b8]
[    9.1742] microVU1: 3 cycle stall on branch instruction [33b8]
[    9.1742] microVU1: 3 cycle stall on branch instruction [33d8]
[    9.1742] microVU1: 3 cycle stall on branch instruction [33d8]
[    9.1743] microVU1: 3 cycle stall on branch instruction [3368]
[    9.1743] microVU1: 3 cycle stall on branch instruction [3368]
[    9.1743] microVU1: 3 cycle stall on branch instruction [3380]
[    9.1743] microVU1: 3 cycle stall on branch instruction [3380]
[    9.1743] microVU1: 3 cycle stall on branch instruction [33b8]
[    9.1743] microVU1: 3 cycle stall on branch instruction [33b8]
[    9.1743] microVU1: 3 cycle stall on branch instruction [33d8]
[    9.1743] microVU1: 3 cycle stall on branch instruction [33d8]
[    9.1744] microVU1: 3 cycle stall on branch instruction [3368]
[    9.1744] microVU1: 3 cycle stall on branch instruction [3368]
[    9.1744] microVU1: 3 cycle stall on branch instruction [3380]
[    9.1745] microVU1: 3 cycle stall on branch instruction [3380]
[    9.1745] microVU1: 3 cycle stall on branch instruction [33b8]
[    9.1745] microVU1: 3 cycle stall on branch instruction [33b8]
[    9.1745] microVU1: 3 cycle stall on branch instruction [33d8]
[    9.1745] microVU1: 3 cycle stall on branch instruction [33d8]
[    9.1746] microVU1: 3 cycle stall on branch instruction [3368]
[    9.1746] microVU1: 3 cycle stall on branch instruction [3368]
[    9.1746] microVU1: 3 cycle stall on branch instruction [3380]
[    9.1746] microVU1: 3 cycle stall on branch instruction [3380]
[    9.1746] microVU1: 3 cycle stall on branch instruction [33b8]
[    9.1746] microVU1: 3 cycle stall on branch instruction [33b8]
[    9.1746] microVU1: 3 cycle stall on branch instruction [33d8]
[    9.1746] microVU1: 3 cycle stall on branch instruction [33d8]
[    9.1751] microVU1: 3 cycle stall on branch instruction [3368]
[    9.1751] microVU1: 3 cycle stall on branch instruction [3368]
[    9.1751] microVU1: 3 cycle stall on branch instruction [3380]
[    9.1751] microVU1: 3 cycle stall on branch instruction [3380]
[    9.1751] microVU1: 3 cycle stall on branch instruction [33b8]
[    9.1751] microVU1: 3 cycle stall on branch instruction [33b8]
[    9.1751] microVU1: 3 cycle stall on branch instruction [33d8]
[    9.1751] microVU1: 3 cycle stall on branch instruction [33d8]
[    9.1752] microVU1: 3 cycle stall on branch instruction [3368]
[    9.1752] microVU1: 3 cycle stall on branch instruction [3368]
[    9.1752] microVU1: 3 cycle stall on branch instruction [3380]
[    9.1752] microVU1: 3 cycle stall on branch instruction [3380]
[    9.1752] microVU1: 3 cycle stall on branch instruction [33b8]
[    9.1752] microVU1: 3 cycle stall on branch instruction [33b8]
[    9.1753] microVU1: 3 cycle stall on branch instruction [33d8]
[    9.1753] microVU1: 3 cycle stall on branch instruction [33d8]
[    9.1754] microVU1: 3 cycle stall on branch instruction [3368]
[    9.1754] microVU1: 3 cycle stall on branch instruction [3368]
[    9.1754] microVU1: 3 cycle stall on branch instruction [3380]
[    9.1754] microVU1: 3 cycle stall on branch instruction [3380]
[    9.1754] microVU1: 3 cycle stall on branch instruction [33b8]
[    9.1754] microVU1: 3 cycle stall on branch instruction [33b8]
[    9.1754] microVU1: 3 cycle stall on branch instruction [33d8]
[    9.1754] microVU1: 3 cycle stall on branch instruction [33d8]
[    9.1755] microVU1: 3 cycle stall on branch instruction [3368]
[    9.1755] microVU1: 3 cycle stall on branch instruction [3368]
[    9.1755] microVU1: 3 cycle stall on branch instruction [3380]
[    9.1755] microVU1: 3 cycle stall on branch instruction [3380]
[    9.1755] microVU1: 3 cycle stall on branch instruction [33b8]
[    9.1755] microVU1: 3 cycle stall on branch instruction [33b8]
[    9.1755] microVU1: 3 cycle stall on branch instruction [33d8]
[    9.1756] microVU1: 3 cycle stall on branch instruction [33d8]
[    9.1762] microVU1: 3 cycle stall on branch instruction [2c58]
[    9.1774] microVU1: Cached Prog = [001] [PC=1a30] [List=01] (Cache=0.677%) [0.4mb]
[    9.1774] microVU1: 1 cycle stall on branch instruction [1ae8]
[    9.1775] microVU1: 3 cycle stall on branch instruction [1ba0]
[    9.1779] microVU1: 3 cycle stall on branch instruction [2520]
[    9.1779] microVU1: 3 cycle stall on branch instruction [1ba0]
[    9.1783] microVU1: 3 cycle stall on branch instruction [2520]
[    9.1784] microVU1: 3 cycle stall on branch instruction [1ba0]
[    9.1785] microVU1: 3 cycle stall on branch instruction [2520]
[    9.1785] microVU1: 3 cycle stall on branch instruction [1ba0]
[    9.1789] microVU1: 3 cycle stall on branch instruction [2520]
[    9.1789] microVU1: 3 cycle stall on branch instruction [1ba0]
[    9.1792] microVU1: 3 cycle stall on branch instruction [2520]
[    9.1792] microVU1: 3 cycle stall on branch instruction [1ba0]
[    9.1793] microVU1: 3 cycle stall on branch instruction [2520]
[    9.1793] microVU1: 3 cycle stall on branch instruction [1ba0]
[    9.1795] microVU1: 3 cycle stall on branch instruction [2520]
[    9.1796] microVU1: 3 cycle stall on branch instruction [1ba0]
[    9.1796] microVU1: 3 cycle stall on branch instruction [1fc0]
[    9.1797] microVU1: 3 cycle stall on branch instruction [2520]
[    9.1798] microVU1: 3 cycle stall on branch instruction [1ba0]
[    9.1799] microVU1: 3 cycle stall on branch instruction [2520]
[    9.1799] microVU1: 3 cycle stall on branch instruction [1ba0]
[    9.1804] microVU1: 3 cycle stall on branch instruction [2520]
[    9.1804] microVU1: 3 cycle stall on branch instruction [1ba0]
[    9.1805] microVU1: 3 cycle stall on branch instruction [2520]
[    9.1805] microVU1: 3 cycle stall on branch instruction [1ba0]
[    9.1811] microVU1: 3 cycle stall on branch instruction [2520]
[    9.1811] microVU1: 3 cycle stall on branch instruction [1ba0]
[    9.1813] microVU1: 3 cycle stall on branch instruction [2520]
[    9.1813] microVU1: 3 cycle stall on branch instruction [1ba0]
[    9.1817] microVU1: 3 cycle stall on branch instruction [2520]
[    9.1817] microVU1: 3 cycle stall on branch instruction [1ba0]
[    9.1822] microVU1: 3 cycle stall on branch instruction [1fc0]
[    9.1823] microVU1: 3 cycle stall on branch instruction [2520]
[    9.1823] microVU1: 3 cycle stall on branch instruction [1ba0]
[    9.1824] microVU1: 3 cycle stall on branch instruction [1fc0]
[    9.1826] microVU1: 3 cycle stall on branch instruction [1fc0]
[    9.1826] microVU1: 3 cycle stall on branch instruction [2520]
[    9.1826] microVU1: 3 cycle stall on branch instruction [1ba0]
[    9.1827] microVU1: 3 cycle stall on branch instruction [1fc0]
[    9.1829] microVU1: 3 cycle stall on branch instruction [1fc0]
[    9.1830] microVU1: 3 cycle stall on branch instruction [1fc0]
[    9.1831] microVU1: 3 cycle stall on branch instruction [1fc0]
[    9.1833] microVU1: 3 cycle stall on branch instruction [1fc0]
[    9.1833] microVU1: 3 cycle stall on branch instruction [1fc0]
[    9.1835] microVU1: 3 cycle stall on branch instruction [1fc0]
[    9.1836] microVU1: 3 cycle stall on branch instruction [1fc0]
[    9.1836] microVU1: 3 cycle stall on branch instruction [1fc0]
[    9.1838] microVU1: 3 cycle stall on branch instruction [1fc0]
[    9.1839] microVU1: 3 cycle stall on branch instruction [1fc0]
[    9.1839] microVU1: 3 cycle stall on branch instruction [1fc0]
[    9.1840] microVU1: 3 cycle stall on branch instruction [1ba0]
[    9.1841] microVU1: Cached Prog = [002] [PC=2578] [List=01] (Cache=1.397%) [0.9mb]
[    9.1841] microVU1: 1 cycle stall on branch instruction [1ae8]
[    9.1841] microVU1: 3 cycle stall on branch instruction [1ba0]
[    9.1845] microVU1: 3 cycle stall on branch instruction [2520]
[    9.1845] microVU1: 3 cycle stall on branch instruction [1ba0]
[    9.1848] microVU1: 3 cycle stall on branch instruction [2520]
[    9.1848] microVU1: 3 cycle stall on branch instruction [1ba0]
[    9.1849] microVU1: 3 cycle stall on branch instruction [2520]
[    9.1849] microVU1: 3 cycle stall on branch instruction [1ba0]
[    9.1852] microVU1: 3 cycle stall on branch instruction [2520]
[    9.1852] microVU1: 3 cycle stall on branch instruction [1ba0]
[    9.1855] microVU1: 3 cycle stall on branch instruction [2520]
[    9.1856] microVU1: 3 cycle stall on branch instruction [1ba0]
[    9.1857] microVU1: 3 cycle stall on branch instruction [2520]
[    9.1857] microVU1: 3 cycle stall on branch instruction [1ba0]
[    9.1858] microVU1: 3 cycle stall on branch instruction [2520]
[    9.1859] microVU1: 3 cycle stall on branch instruction [1ba0]
[    9.1859] microVU1: 3 cycle stall on branch instruction [1fc0]
[    9.1860] microVU1: 3 cycle stall on branch instruction [2520]
[    9.1860] microVU1: 3 cycle stall on branch instruction [1ba0]
[    9.1862] microVU1: 3 cycle stall on branch instruction [2520]
[    9.1867] microVU1: 3 cycle stall on branch instruction [1ba0]
[    9.1871] microVU1: 3 cycle stall on branch instruction [2520]
[    9.1871] microVU1: 3 cycle stall on branch instruction [1ba0]
[    9.1872] microVU1: 3 cycle stall on branch instruction [2520]
[    9.1872] microVU1: 3 cycle stall on branch instruction [1ba0]
[    9.1877] microVU1: 3 cycle stall on branch instruction [2520]
[    9.1877] microVU1: 3 cycle stall on branch instruction [1ba0]
[    9.1879] microVU1: 3 cycle stall on branch instruction [2520]
[    9.1879] microVU1: 3 cycle stall on branch instruction [1ba0]
[    9.1882] microVU1: 3 cycle stall on branch instruction [2520]
[    9.1882] microVU1: 3 cycle stall on branch instruction [1ba0]
[    9.1888] microVU1: 3 cycle stall on branch instruction [1fc0]
[    9.1889] microVU1: 3 cycle stall on branch instruction [2520]
[    9.1889] microVU1: 3 cycle stall on branch instruction [1ba0]
[    9.1890] microVU1: 3 cycle stall on branch instruction [1fc0]
[    9.1891] microVU1: 3 cycle stall on branch instruction [1fc0]
[    9.1892] microVU1: 3 cycle stall on branch instruction [2520]
[    9.1892] microVU1: 3 cycle stall on branch instruction [1ba0]
[    9.1893] microVU1: 3 cycle stall on branch instruction [1fc0]
[    9.1894] microVU1: 3 cycle stall on branch instruction [1fc0]
[    9.1896] microVU1: 3 cycle stall on branch instruction [1fc0]
[    9.1897] microVU1: 3 cycle stall on branch instruction [1fc0]
[    9.1898] microVU1: 3 cycle stall on branch instruction [1fc0]
[    9.1900] microVU1: 3 cycle stall on branch instruction [1fc0]
[    9.1901] microVU1: 3 cycle stall on branch instruction [1fc0]
[    9.1902] microVU1: 3 cycle stall on branch instruction [1fc0]
[    9.1903] microVU1: 3 cycle stall on branch instruction [1fc0]
[    9.1904] microVU1: 3 cycle stall on branch instruction [1fc0]
[    9.1905] microVU1: 3 cycle stall on branch instruction [1fc0]
[    9.1906] microVU1: 3 cycle stall on branch instruction [1fc0]
[    9.1907] microVU1: 3 cycle stall on branch instruction [1ba0]
[    9.1908] microVU1: Cached Prog = [003] [PC=3550] [List=01] (Cache=2.117%) [1.3mb]
[    9.1911] microVU1: 3 cycle stall on branch instruction [3368]
[    9.1911] microVU1: 3 cycle stall on branch instruction [3368]
[    9.1911] microVU1: 3 cycle stall on branch instruction [3380]
[    9.1911] microVU1: 3 cycle stall on branch instruction [3380]
[    9.1911] microVU1: 3 cycle stall on branch instruction [33b8]
[    9.1911] microVU1: 3 cycle stall on branch instruction [33b8]
[    9.1911] microVU1: 3 cycle stall on branch instruction [33d8]
[    9.1911] microVU1: 3 cycle stall on branch instruction [33d8]
[    9.1912] microVU1: 3 cycle stall on branch instruction [3368]
[    9.1912] microVU1: 3 cycle stall on branch instruction [3368]
[    9.1912] microVU1: 3 cycle stall on branch instruction [3380]
[    9.1912] microVU1: 3 cycle stall on branch instruction [3380]
[    9.1912] microVU1: 3 cycle stall on branch instruction [33b8]
[    9.1913] microVU1: 3 cycle stall on branch instruction [33b8]
[    9.1913] microVU1: 3 cycle stall on branch instruction [33d8]
[    9.1913] microVU1: 3 cycle stall on branch instruction [33d8]
[    9.1914] microVU1: 3 cycle stall on branch instruction [3368]
[    9.1914] microVU1: 3 cycle stall on branch instruction [3368]
[    9.1914] microVU1: 3 cycle stall on branch instruction [3380]
[    9.1914] microVU1: 3 cycle stall on branch instruction [3380]
[    9.1914] microVU1: 3 cycle stall on branch instruction [33b8]
[    9.1914] microVU1: 3 cycle stall on branch instruction [33b8]
[    9.1914] microVU1: 3 cycle stall on branch instruction [33d8]
[    9.1914] microVU1: 3 cycle stall on branch instruction [33d8]
[    9.1915] microVU1: 3 cycle stall on branch instruction [3368]
[    9.1915] microVU1: 3 cycle stall on branch instruction [3368]
[    9.1915] microVU1: 3 cycle stall on branch instruction [3380]
[    9.1915] microVU1: 3 cycle stall on branch instruction [3380]
[    9.1915] microVU1: 3 cycle stall on branch instruction [33b8]
[    9.1915] microVU1: 3 cycle stall on branch instruction [33b8]
[    9.1915] microVU1: 3 cycle stall on branch instruction [33d8]
[    9.1916] microVU1: 3 cycle stall on branch instruction [33d8]
[    9.1920] microVU1: 3 cycle stall on branch instruction [3368]
[    9.1920] microVU1: 3 cycle stall on branch instruction [3368]
[    9.1920] microVU1: 3 cycle stall on branch instruction [3380]
[    9.1920] microVU1: 3 cycle stall on branch instruction [3380]
[    9.1920] microVU1: 3 cycle stall on branch instruction [33b8]
[    9.1920] microVU1: 3 cycle stall on branch instruction [33b8]
[    9.1920] microVU1: 3 cycle stall on branch instruction [33d8]
[    9.1920] microVU1: 3 cycle stall on branch instruction [33d8]
[    9.1921] microVU1: 3 cycle stall on branch instruction [3368]
[    9.1921] microVU1: 3 cycle stall on branch instruction [3368]
[    9.1921] microVU1: 3 cycle stall on branch instruction [3380]
[    9.1921] microVU1: 3 cycle stall on branch instruction [3380]
[    9.1921] microVU1: 3 cycle stall on branch instruction [33b8]
[    9.1921] microVU1: 3 cycle stall on branch instruction [33b8]
[    9.1922] microVU1: 3 cycle stall on branch instruction [33d8]
[    9.1922] microVU1: 3 cycle stall on branch instruction [33d8]
[    9.1922] microVU1: 3 cycle stall on branch instruction [3368]
[    9.1922] microVU1: 3 cycle stall on branch instruction [3368]
[    9.1923] microVU1: 3 cycle stall on branch instruction [3380]
[    9.1923] microVU1: 3 cycle stall on branch instruction [3380]
[    9.1923] microVU1: 3 cycle stall on branch instruction [33b8]
[    9.1923] microVU1: 3 cycle stall on branch instruction [33b8]
[    9.1923] microVU1: 3 cycle stall on branch instruction [33d8]
[    9.1923] microVU1: 3 cycle stall on branch instruction [33d8]
[    9.1924] microVU1: 3 cycle stall on branch instruction [3368]
[    9.1924] microVU1: 3 cycle stall on branch instruction [3368]
[    9.1924] microVU1: 3 cycle stall on branch instruction [3380]
[    9.1924] microVU1: 3 cycle stall on branch instruction [3380]
[    9.1924] microVU1: 3 cycle stall on branch instruction [33b8]
[    9.1924] microVU1: 3 cycle stall on branch instruction [33b8]
[    9.1924] microVU1: 3 cycle stall on branch instruction [33d8]
[    9.1924] microVU1: 3 cycle stall on branch instruction [33d8]
[    9.1928] microVU1: 3 cycle stall on branch instruction [3368]
[    9.1928] microVU1: 3 cycle stall on branch instruction [3368]
[    9.1928] microVU1: 3 cycle stall on branch instruction [3380]
[    9.1928] microVU1: 3 cycle stall on branch instruction [3380]
[    9.1928] microVU1: 3 cycle stall on branch instruction [33b8]
[    9.1928] microVU1: 3 cycle stall on branch instruction [33b8]
[    9.1928] microVU1: 3 cycle stall on branch instruction [33d8]
[    9.1928] microVU1: 3 cycle stall on branch instruction [33d8]
[    9.1930] microVU1: 3 cycle stall on branch instruction [3368]
[    9.1930] microVU1: 3 cycle stall on branch instruction [3368]
[    9.1930] microVU1: 3 cycle stall on branch instruction [3380]
[    9.1930] microVU1: 3 cycle stall on branch instruction [3380]
[    9.1930] microVU1: 3 cycle stall on branch instruction [33b8]
[    9.1930] microVU1: 3 cycle stall on branch instruction [33b8]
[    9.1930] microVU1: 3 cycle stall on branch instruction [33d8]
[    9.1930] microVU1: 3 cycle stall on branch instruction [33d8]
[    9.1931] microVU1: 3 cycle stall on branch instruction [3368]
[    9.1931] microVU1: 3 cycle stall on branch instruction [3368]
[    9.1931] microVU1: 3 cycle stall on branch instruction [3380]
[    9.1931] microVU1: 3 cycle stall on branch instruction [3380]
[    9.1931] microVU1: 3 cycle stall on branch instruction [33b8]
[    9.1931] microVU1: 3 cycle stall on branch instruction [33b8]
[    9.1932] microVU1: 3 cycle stall on branch instruction [33d8]
[    9.1932] microVU1: 3 cycle stall on branch instruction [33d8]
[    9.1932] microVU1: 3 cycle stall on branch instruction [3368]
[    9.1933] microVU1: 3 cycle stall on branch instruction [3368]
[    9.1933] microVU1: 3 cycle stall on branch instruction [3380]
[    9.1933] microVU1: 3 cycle stall on branch instruction [3380]
[    9.1933] microVU1: 3 cycle stall on branch instruction [33b8]
[    9.1933] microVU1: 3 cycle stall on branch instruction [33b8]
[    9.1933] microVU1: 3 cycle stall on branch instruction [33d8]
[    9.1933] microVU1: 3 cycle stall on branch instruction [33d8]
[    9.1936] microVU1: 3 cycle stall on branch instruction [3368]
[    9.1936] microVU1: 3 cycle stall on branch instruction [3368]
[    9.1936] microVU1: 3 cycle stall on branch instruction [3380]
[    9.1936] microVU1: 3 cycle stall on branch instruction [3380]
[    9.1937] microVU1: 3 cycle stall on branch instruction [33b8]
[    9.1937] microVU1: 3 cycle stall on branch instruction [33b8]
[    9.1937] microVU1: 3 cycle stall on branch instruction [33d8]
[    9.1937] microVU1: 3 cycle stall on branch instruction [33d8]
[    9.1938] microVU1: 3 cycle stall on branch instruction [3368]
[    9.1938] microVU1: 3 cycle stall on branch instruction [3368]
[    9.1938] microVU1: 3 cycle stall on branch instruction [3380]
[    9.1938] microVU1: 3 cycle stall on branch instruction [3380]
[    9.1938] microVU1: 3 cycle stall on branch instruction [33b8]
[    9.1938] microVU1: 3 cycle stall on branch instruction [33b8]
[    9.1938] microVU1: 3 cycle stall on branch instruction [33d8]
[    9.1938] microVU1: 3 cycle stall on branch instruction [33d8]
[    9.1939] microVU1: 3 cycle stall on branch instruction [3368]
[    9.1939] microVU1: 3 cycle stall on branch instruction [3368]
[    9.1939] microVU1: 3 cycle stall on branch instruction [3380]
[    9.1939] microVU1: 3 cycle stall on branch instruction [3380]
[    9.1940] microVU1: 3 cycle stall on branch instruction [33b8]
[    9.1940] microVU1: 3 cycle stall on branch instruction [33b8]
[    9.1940] microVU1: 3 cycle stall on branch instruction [33d8]
[    9.1940] microVU1: 3 cycle stall on branch instruction [33d8]
[    9.1941] microVU1: 3 cycle stall on branch instruction [3368]
[    9.1941] microVU1: 3 cycle stall on branch instruction [3368]
[    9.1941] microVU1: 3 cycle stall on branch instruction [3380]
[    9.1941] microVU1: 3 cycle stall on branch instruction [3380]
[    9.1941] microVU1: 3 cycle stall on branch instruction [33b8]
[    9.1941] microVU1: 3 cycle stall on branch instruction [33b8]
[    9.1941] microVU1: 3 cycle stall on branch instruction [33d8]
[    9.1941] microVU1: 3 cycle stall on branch instruction [33d8]
[    9.1947] microVU1: 3 cycle stall on branch instruction [2c58]
[    9.1962] microVU1: Cached Prog = [004] [PC=0000] [List=01] (Cache=2.794%) [1.7mb]
[    9.1974] microVU1: Cached Prog = [005] [PC=0710] [List=01] (Cache=2.887%) [1.8mb]
[    9.1974] microVU1: 2 cycle stall on branch instruction [07c8]
[    9.1977] microVU1: 3 cycle stall on branch instruction [1108]
[    9.1977] microVU1: 3 cycle stall on branch instruction [1130]
[    9.1980] microVU1: 3 cycle stall on branch instruction [1108]
[    9.1980] microVU1: 3 cycle stall on branch instruction [1130]
[    9.1981] microVU1: 3 cycle stall on branch instruction [1108]
[    9.1981] microVU1: 3 cycle stall on branch instruction [1130]
[    9.1985] microVU1: 3 cycle stall on branch instruction [1108]
[    9.1985] microVU1: 3 cycle stall on branch instruction [1130]
[    9.1987] microVU1: 3 cycle stall on branch instruction [1108]
[    9.1988] microVU1: 3 cycle stall on branch instruction [1130]
[    9.1989] microVU1: 3 cycle stall on branch instruction [1108]
[    9.1989] microVU1: 3 cycle stall on branch instruction [1130]
[    9.1991] microVU1: 3 cycle stall on branch instruction [1108]
[    9.1991] microVU1: 3 cycle stall on branch instruction [1130]
[    9.1991] microVU1: 3 cycle stall on branch instruction [09e8]
[    9.1991] microVU1: 3 cycle stall on branch instruction [0a70]
[    9.1992] microVU1: 3 cycle stall on branch instruction [1108]
[    9.1992] microVU1: 3 cycle stall on branch instruction [1130]
[    9.1995] microVU1: 3 cycle stall on branch instruction [1108]
[    9.1995] microVU1: 3 cycle stall on branch instruction [1130]
[    9.1996] microVU1: 3 cycle stall on branch instruction [1108]
[    9.1997] microVU1: 3 cycle stall on branch instruction [1130]
[    9.2001] microVU1: 3 cycle stall on branch instruction [1108]
[    9.2001] microVU1: 3 cycle stall on branch instruction [1130]
[    9.2003] microVU1: 3 cycle stall on branch instruction [1108]
[    9.2003] microVU1: 3 cycle stall on branch instruction [1130]
[    9.2004] microVU1: 3 cycle stall on branch instruction [1108]
[    9.2005] microVU1: 3 cycle stall on branch instruction [1130]
[    9.2011] microVU1: 3 cycle stall on branch instruction [1108]
[    9.2011] microVU1: 3 cycle stall on branch instruction [1130]
[    9.2012] microVU1: 3 cycle stall on branch instruction [09e8]
[    9.2012] microVU1: 3 cycle stall on branch instruction [0a70]
[    9.2015] microVU1: 3 cycle stall on branch instruction [09e8]
[    9.2015] microVU1: 3 cycle stall on branch instruction [0a70]
[    9.2017] microVU1: 3 cycle stall on branch instruction [09e8]
[    9.2017] microVU1: 3 cycle stall on branch instruction [0a70]
[    9.2018] microVU1: 3 cycle stall on branch instruction [1108]
[    9.2019] microVU1: 3 cycle stall on branch instruction [1130]
[    9.2020] microVU1: 3 cycle stall on branch instruction [09e8]
[    9.2020] microVU1: 3 cycle stall on branch instruction [0a70]
[    9.2022] microVU1: 3 cycle stall on branch instruction [09e8]
[    9.2022] microVU1: 3 cycle stall on branch instruction [0a70]
[    9.2024] microVU1: 3 cycle stall on branch instruction [1108]
[    9.2024] microVU1: 3 cycle stall on branch instruction [1130]
[    9.2025] microVU1: 3 cycle stall on branch instruction [09e8]
[    9.2025] microVU1: 3 cycle stall on branch instruction [0a70]
[    9.2027] microVU1: 3 cycle stall on branch instruction [09e8]
[    9.2027] microVU1: 3 cycle stall on branch instruction [0a70]
[    9.2028] microVU1: 3 cycle stall on branch instruction [09e8]
[    9.2028] microVU1: 3 cycle stall on branch instruction [0a70]
[    9.2030] microVU1: 3 cycle stall on branch instruction [09e8]
[    9.2031] microVU1: 3 cycle stall on branch instruction [0a70]
[    9.2033] microVU1: 3 cycle stall on branch instruction [09e8]
[    9.2033] microVU1: 3 cycle stall on branch instruction [0a70]
[    9.2034] microVU1: 3 cycle stall on branch instruction [09e8]
[    9.2034] microVU1: 3 cycle stall on branch instruction [0a70]
[    9.2036] microVU1: 3 cycle stall on branch instruction [09e8]
[    9.2036] microVU1: 3 cycle stall on branch instruction [0a70]
[    9.2037] microVU1: 3 cycle stall on branch instruction [09e8]
[    9.2038] microVU1: 3 cycle stall on branch instruction [0a70]
[    9.2039] microVU1: 3 cycle stall on branch instruction [09e8]
[    9.2039] microVU1: 3 cycle stall on branch instruction [0a70]
[    9.2041] microVU1: 3 cycle stall on branch instruction [09e8]
[    9.2041] microVU1: 3 cycle stall on branch instruction [0a70]
[    9.2043] microVU1: 3 cycle stall on branch instruction [07f0]
[    9.2044] microVU1: Cached Prog = [006] [PC=1188] [List=01] (Cache=3.688%) [2.2mb]
[    9.2044] microVU1: 2 cycle stall on branch instruction [07c8]
[    9.2046] microVU1: 3 cycle stall on branch instruction [1108]
[    9.2047] microVU1: 3 cycle stall on branch instruction [1130]
[    9.2049] microVU1: 3 cycle stall on branch instruction [1108]
[    9.2049] microVU1: 3 cycle stall on branch instruction [1130]
[    9.2050] microVU1: 3 cycle stall on branch instruction [1108]
[    9.2051] microVU1: 3 cycle stall on branch instruction [1130]
[    9.2054] microVU1: 3 cycle stall on branch instruction [1108]
[    9.2054] microVU1: 3 cycle stall on branch instruction [1130]
[    9.2056] microVU1: 3 cycle stall on branch instruction [1108]
[    9.2056] microVU1: 3 cycle stall on branch instruction [1130]
[    9.2057] microVU1: 3 cycle stall on branch instruction [1108]
[    9.2057] microVU1: 3 cycle stall on branch instruction [1130]
[    9.2059] microVU1: 3 cycle stall on branch instruction [1108]
[    9.2059] microVU1: 3 cycle stall on branch instruction [1130]
[    9.2059] microVU1: 3 cycle stall on branch instruction [09e8]
[    9.2060] microVU1: 3 cycle stall on branch instruction [0a70]
[    9.2061] microVU1: 3 cycle stall on branch instruction [1108]
[    9.2061] microVU1: 3 cycle stall on branch instruction [1130]
[    9.2064] microVU1: 3 cycle stall on branch instruction [1108]
[    9.2064] microVU1: 3 cycle stall on branch instruction [1130]
[    9.2065] microVU1: 3 cycle stall on branch instruction [1108]
[    9.2065] microVU1: 3 cycle stall on branch instruction [1130]
[    9.2069] microVU1: 3 cycle stall on branch instruction [1108]
[    9.2070] microVU1: 3 cycle stall on branch instruction [1130]
[    9.2074] microVU1: 3 cycle stall on branch instruction [1108]
[    9.2075] microVU1: 3 cycle stall on branch instruction [1130]
[    9.2078] microVU1: 3 cycle stall on branch instruction [1108]
[    9.2078] microVU1: 3 cycle stall on branch instruction [1130]
[    9.2090] microVU1: 3 cycle stall on branch instruction [1108]
[    9.2091] microVU1: 3 cycle stall on branch instruction [1130]
[    9.2092] microVU1: 3 cycle stall on branch instruction [09e8]
[    9.2093] microVU1: 3 cycle stall on branch instruction [0a70]
[    9.2097] microVU1: 3 cycle stall on branch instruction [09e8]
[    9.2097] microVU1: 3 cycle stall on branch instruction [0a70]
[    9.2099] microVU1: 3 cycle stall on branch instruction [09e8]
[    9.2099] microVU1: 3 cycle stall on branch instruction [0a70]
[    9.2102] microVU1: 3 cycle stall on branch instruction [1108]
[    9.2102] microVU1: 3 cycle stall on branch instruction [1130]
[    9.2103] microVU1: 3 cycle stall on branch instruction [09e8]
[    9.2103] microVU1: 3 cycle stall on branch instruction [0a70]
[    9.2105] microVU1: 3 cycle stall on branch instruction [09e8]
[    9.2105] microVU1: 3 cycle stall on branch instruction [0a70]
[    9.2107] microVU1: 3 cycle stall on branch instruction [1108]
[    9.2107] microVU1: 3 cycle stall on branch instruction [1130]
[    9.2108] microVU1: 3 cycle stall on branch instruction [09e8]
[    9.2108] microVU1: 3 cycle stall on branch instruction [0a70]
[    9.2110] microVU1: 3 cycle stall on branch instruction [09e8]
[    9.2110] microVU1: 3 cycle stall on branch instruction [0a70]
[    9.2112] microVU1: 3 cycle stall on branch instruction [09e8]
[    9.2112] microVU1: 3 cycle stall on branch instruction [0a70]
[    9.2114] microVU1: 3 cycle stall on branch instruction [09e8]
[    9.2114] microVU1: 3 cycle stall on branch instruction [0a70]
[    9.2116] microVU1: 3 cycle stall on branch instruction [09e8]
[    9.2116] microVU1: 3 cycle stall on branch instruction [0a70]
[    9.2118] microVU1: 3 cycle stall on branch instruction [09e8]
[    9.2118] microVU1: 3 cycle stall on branch instruction [0a70]
[    9.2120] microVU1: 3 cycle stall on branch instruction [09e8]
[    9.2120] microVU1: 3 cycle stall on branch instruction [0a70]
[    9.2122] microVU1: 3 cycle stall on branch instruction [09e8]
[    9.2122] microVU1: 3 cycle stall on branch instruction [0a70]
[    9.2123] microVU1: 3 cycle stall on branch instruction [09e8]
[    9.2123] microVU1: 3 cycle stall on branch instruction [0a70]
[    9.2125] microVU1: 3 cycle stall on branch instruction [09e8]
[    9.2125] microVU1: 3 cycle stall on branch instruction [0a70]
[    9.2126] microVU1: 3 cycle stall on branch instruction [07f0]
[    9.3033] microVU1: Cached Prog = [007] [PC=0700] [List=01] (Cache=4.490%) [2.7mb]
[    9.3045] microVU1: Cached Prog = [008] [PC=3560] [List=01] (Cache=4.583%) [2.8mb]
[    9.3050] microVU1: Cached Prog = [009] [PC=3940] [List=01] (Cache=4.635%) [2.8mb]
[    9.5842] microVU1: Cached Prog = [010] [PC=3c50] [List=01] (Cache=4.687%) [2.9mb]
[    9.5845] microVU1: Cached Prog = [011] [PC=3fb0] [List=01] (Cache=4.703%) [2.9mb]
[   22.1929] LOG: NIGHTCAMERA phase=0 offset=750 positionX=00000000 positionY=4028b437 positionZ=c2a19b64 lookX=00000000 lookY=3f9a5e32 lookZ=c2949b64 sceneGeneration=1 mask=0
[   22.1934] LOG: NIGHTCONTEXT phase=0 offset=750 scene=0 night=1 video=1 display=1 depth=2 width=448 height=448 refreshMilliHz=60000 requested=1 dtBits=3c888889 clockBits=00000000 rasterWidth=448 rasterHeight=448 scaleX=1 scaleY=1 ilChoice=0 ilProbing=0 ilBlock=0 ilFrame=58 ilAccepted=0 ilPipelined=1 frameYield=0
[   22.2135] LOG: NIGHTPROD phase=0 offset=750 stage=0 enabled=0 calls=220 units1=0 units2=0 units3=0 units4=0 timedCalls=0 reads=0 ticks=0
[   22.2137] LOG: NIGHTPROD phase=0 offset=750 stage=1 enabled=0 calls=0 units1=0 units2=0 units3=0 units4=0 timedCalls=0 reads=0 ticks=0
[   22.2139] LOG: NIGHTPROD phase=0 offset=750 stage=2 enabled=0 calls=0 units1=0 units2=0 units3=0 units4=0 timedCalls=0 reads=0 ticks=0
[   22.2141] LOG: NIGHTPROD phase=0 offset=750 stage=3 enabled=0 calls=0 units1=0 units2=0 units3=0 units4=0 timedCalls=0 reads=0 ticks=0
[   22.2143] LOG: NIGHTPROD phase=0 offset=750 stage=4 enabled=0 calls=0 units1=0 units2=0 units3=0 units4=0 timedCalls=0 reads=0 ticks=0
[   22.2145] LOG: NIGHTCORONAGATES phase=0 offset=750 selected=0 enabled=0 coldPackets=0 eligible=0 requested=0 fallback=0 sourceVertices=0 requestedVertices=0 fogOn=0 shaderLit=0 invalid=0 acceptedOutputKnown=0
[   22.2150] LOG: NIGHTGATES phase=0 offset=750 first=750 frames=1 mask=0 attempted1=8 executed1=8 skipped1=0 submitted1=8 attempted2=4 executed2=4 skipped2=0 submitted2=5 attempted4=3 executed4=3 skipped4=0 submitted4=5 attempted8=4 executed8=4 skipped8=0 submitted8=1 attempted16=2 executed16=2 skipped16=0 submitted16=1 attempted32=0 executed32=0 skipped32=0 submitted32=0 attempted64=0 executed64=0 skipped64=0 submitted64=0
[   22.2151] LOG: NIGHTEXTRAGATES phase=0 offset=750 first=750 frames=1 extraMask=0 attempted1=1 executed1=1 skipped1=0 submitted1=1 attempted2=1 executed2=1 skipped2=0 submitted2=2 attempted4=2 executed4=2 skipped4=0 submitted4=2
[   22.2152] LOG: NIGHTWILDGATES phase=0 offset=750 first=750 frames=1 variant=0 enabled=0 planeInvocations=0 planeEligible=0 planeApplied=0 planeFallback=0 planeBoundary=0 planeNonfinite=0 planeColdCompared=0 planeColdMismatches=0 planeInputUnits=0 planeOutputUnits=0 planeInvalid=0 coneInvocations=0 coneEligible=0 coneApplied=0 coneFallback=0 coneBoundary=0 coneNonfinite=0 coneColdCompared=0 coneColdMismatches=0 coneInputUnits=0 coneOutputUnits=0 coneInvalid=0
[   22.2153] LOG: NIGHTTABLEGATES phase=0 offset=750 first=750 frames=1 selected=1 enabled=1 invocations=19 eligible=9 applied=9 fallback=10 sourceVertices=753 admittedVertices=618 baselineColorQwords=753 tableColorQwords=18 coldCompared=9 coldMismatches=0 invalid=0
[   29.4927] LOG: NIGHTCAMERA phase=0 offset=1155 positionX=00000000 positionY=4028b437 positionZ=c2a19b64 lookX=00000000 lookY=3f9a5e32 lookZ=c2949b64 sceneGeneration=1 mask=0
[   29.4930] LOG: NIGHTCONTEXT phase=0 offset=1155 scene=0 night=1 video=1 display=1 depth=2 width=448 height=448 refreshMilliHz=60000 requested=1 dtBits=3c888889 clockBits=00000000 rasterWidth=448 rasterHeight=448 scaleX=1 scaleY=1 ilChoice=0 ilProbing=0 ilBlock=0 ilFrame=13 ilAccepted=0 ilPipelined=1 frameYield=0
[   29.5097] LOG: NIGHTPROD phase=0 offset=1155 stage=0 enabled=0 calls=220 units1=0 units2=0 units3=0 units4=0 timedCalls=0 reads=0 ticks=0
[   29.5099] LOG: NIGHTPROD phase=0 offset=1155 stage=1 enabled=0 calls=0 units1=0 units2=0 units3=0 units4=0 timedCalls=0 reads=0 ticks=0
[   29.5101] LOG: NIGHTPROD phase=0 offset=1155 stage=2 enabled=0 calls=0 units1=0 units2=0 units3=0 units4=0 timedCalls=0 reads=0 ticks=0
[   29.5103] LOG: NIGHTPROD phase=0 offset=1155 stage=3 enabled=0 calls=0 units1=0 units2=0 units3=0 units4=0 timedCalls=0 reads=0 ticks=0
[   29.5105] LOG: NIGHTPROD phase=0 offset=1155 stage=4 enabled=0 calls=0 units1=0 units2=0 units3=0 units4=0 timedCalls=0 reads=0 ticks=0
[   29.5107] LOG: NIGHTCORONAGATES phase=0 offset=1155 selected=0 enabled=0 coldPackets=0 eligible=0 requested=0 fallback=0 sourceVertices=0 requestedVertices=0 fogOn=0 shaderLit=0 invalid=0 acceptedOutputKnown=0
[   29.5109] LOG: NIGHTGATES phase=0 offset=1155 first=1155 frames=1 mask=0 attempted1=8 executed1=8 skipped1=0 submitted1=8 attempted2=4 executed2=4 skipped2=0 submitted2=5 attempted4=3 executed4=3 skipped4=0 submitted4=5 attempted8=4 executed8=4 skipped8=0 submitted8=1 attempted16=2 executed16=2 skipped16=0 submitted16=1 attempted32=0 executed32=0 skipped32=0 submitted32=0 attempted64=0 executed64=0 skipped64=0 submitted64=0
[   29.5110] LOG: NIGHTEXTRAGATES phase=0 offset=1155 first=1155 frames=1 extraMask=0 attempted1=1 executed1=1 skipped1=0 submitted1=1 attempted2=1 executed2=1 skipped2=0 submitted2=2 attempted4=2 executed4=2 skipped4=0 submitted4=2
[   29.5111] LOG: NIGHTWILDGATES phase=0 offset=1155 first=1155 frames=1 variant=0 enabled=0 planeInvocations=0 planeEligible=0 planeApplied=0 planeFallback=0 planeBoundary=0 planeNonfinite=0 planeColdCompared=0 planeColdMismatches=0 planeInputUnits=0 planeOutputUnits=0 planeInvalid=0 coneInvocations=0 coneEligible=0 coneApplied=0 coneFallback=0 coneBoundary=0 coneNonfinite=0 coneColdCompared=0 coneColdMismatches=0 coneInputUnits=0 coneOutputUnits=0 coneInvalid=0
[   29.5112] LOG: NIGHTTABLEGATES phase=0 offset=1155 first=1155 frames=1 selected=1 enabled=1 invocations=19 eligible=9 applied=9 fallback=10 sourceVertices=753 admittedVertices=618 baselineColorQwords=753 tableColorQwords=18 coldCompared=9 coldMismatches=0 invalid=0
[   41.1113] LOG: NIGHTPRODPHASE phase=1 enabled=1
[   41.1115] LOG: NIGHTCORONAPHASE phase=1 first=1800 selected=0 enabled=0
[   41.1117] LOG: NIGHTPHASE phase=1 first=1800 mask=0 appliedMask=0 sampler=1 countReads=262 samplePtr=0052e0c8
[   41.1118] LOG: NIGHTEXTRAPHASE phase=1 first=1800 extraMask=0 appliedExtraMask=0
[   41.1120] LOG: NIGHTWILDPHASE phase=1 first=1800 variant=0 enabled=0 appliedVariant=0 appliedEnabled=0
[   41.1122] LOG: NIGHTTABLEPHASE phase=1 first=1800 selected=1 enabled=1 appliedSelected=1 appliedEnabled=1
[   41.1139] LOG: NIGHTKEYORACLE cases=4104 mismatches=0 alignment=64
[   54.5671] LOG: NIGHTCAMERA phase=1 offset=750 positionX=00000000 positionY=4028b437 positionZ=c2a19b64 lookX=00000000 lookY=3f9a5e32 lookZ=c2949b64 sceneGeneration=1 mask=0
[   54.5675] LOG: NIGHTCONTEXT phase=1 offset=750 scene=0 night=1 video=1 display=1 depth=2 width=448 height=448 refreshMilliHz=60000 requested=1 dtBits=3c888889 clockBits=00000000 rasterWidth=448 rasterHeight=448 scaleX=1 scaleY=1 ilChoice=0 ilProbing=0 ilBlock=0 ilFrame=58 ilAccepted=0 ilPipelined=1 frameYield=0
[   54.5850] LOG: NIGHTPROD phase=1 offset=750 stage=0 enabled=1 calls=220 units1=220 units2=220 units3=0 units4=0 timedCalls=0 reads=0 ticks=0
[   54.5853] LOG: NIGHTPROD phase=1 offset=750 stage=1 enabled=1 calls=0 units1=0 units2=0 units3=0 units4=0 timedCalls=0 reads=0 ticks=0
[   54.5855] LOG: NIGHTPROD phase=1 offset=750 stage=2 enabled=1 calls=0 units1=0 units2=0 units3=0 units4=0 timedCalls=0 reads=0 ticks=0
[   54.5857] LOG: NIGHTPROD phase=1 offset=750 stage=3 enabled=1 calls=0 units1=0 units2=0 units3=0 units4=0 timedCalls=0 reads=0 ticks=0
[   54.5858] LOG: NIGHTPROD phase=1 offset=750 stage=4 enabled=1 calls=0 units1=0 units2=0 units3=0 units4=0 timedCalls=0 reads=0 ticks=0
[   54.5860] LOG: NIGHTCORONAGATES phase=1 offset=750 selected=0 enabled=0 coldPackets=0 eligible=0 requested=0 fallback=0 sourceVertices=0 requestedVertices=0 fogOn=0 shaderLit=0 invalid=0 acceptedOutputKnown=0
[   54.5861] LOG: NIGHTGATES phase=1 offset=750 first=750 frames=1 mask=0 attempted1=8 executed1=8 skipped1=0 submitted1=8 attempted2=4 executed2=4 skipped2=0 submitted2=5 attempted4=3 executed4=3 skipped4=0 submitted4=5 attempted8=4 executed8=4 skipped8=0 submitted8=1 attempted16=2 executed16=2 skipped16=0 submitted16=1 attempted32=0 executed32=0 skipped32=0 submitted32=0 attempted64=0 executed64=0 skipped64=0 submitted64=0
[   54.5863] LOG: NIGHTEXTRAGATES phase=1 offset=750 first=750 frames=1 extraMask=0 attempted1=1 executed1=1 skipped1=0 submitted1=1 attempted2=1 executed2=1 skipped2=0 submitted2=2 attempted4=2 executed4=2 skipped4=0 submitted4=2
[   54.5863] LOG: NIGHTWILDGATES phase=1 offset=750 first=750 frames=1 variant=0 enabled=0 planeInvocations=0 planeEligible=0 planeApplied=0 planeFallback=0 planeBoundary=0 planeNonfinite=0 planeColdCompared=0 planeColdMismatches=0 planeInputUnits=0 planeOutputUnits=0 planeInvalid=0 coneInvocations=0 coneEligible=0 coneApplied=0 coneFallback=0 coneBoundary=0 coneNonfinite=0 coneColdCompared=0 coneColdMismatches=0 coneInputUnits=0 coneOutputUnits=0 coneInvalid=0
[   54.5864] LOG: NIGHTTABLEGATES phase=1 offset=750 first=750 frames=1 selected=1 enabled=1 invocations=19 eligible=9 applied=9 fallback=10 sourceVertices=753 admittedVertices=618 baselineColorQwords=753 tableColorQwords=18 coldCompared=9 coldMismatches=0 invalid=0
[   62.0080] LOG: NIGHTCAMERA phase=1 offset=1155 positionX=00000000 positionY=4028b437 positionZ=c2a19b64 lookX=00000000 lookY=3f9a5e32 lookZ=c2949b64 sceneGeneration=1 mask=0
[   62.0084] LOG: NIGHTCONTEXT phase=1 offset=1155 scene=0 night=1 video=1 display=1 depth=2 width=448 height=448 refreshMilliHz=60000 requested=1 dtBits=3c888889 clockBits=00000000 rasterWidth=448 rasterHeight=448 scaleX=1 scaleY=1 ilChoice=0 ilProbing=0 ilBlock=0 ilFrame=13 ilAccepted=0 ilPipelined=1 frameYield=0
[   62.0250] LOG: NIGHTPROD phase=1 offset=1155 stage=0 enabled=1 calls=220 units1=220 units2=220 units3=0 units4=0 timedCalls=0 reads=0 ticks=0
[   62.0252] LOG: NIGHTPROD phase=1 offset=1155 stage=1 enabled=1 calls=0 units1=0 units2=0 units3=0 units4=0 timedCalls=0 reads=0 ticks=0
[   62.0254] LOG: NIGHTPROD phase=1 offset=1155 stage=2 enabled=1 calls=0 units1=0 units2=0 units3=0 units4=0 timedCalls=0 reads=0 ticks=0
[   62.0256] LOG: NIGHTPROD phase=1 offset=1155 stage=3 enabled=1 calls=0 units1=0 units2=0 units3=0 units4=0 timedCalls=0 reads=0 ticks=0
[   62.0259] LOG: NIGHTPROD phase=1 offset=1155 stage=4 enabled=1 calls=0 units1=0 units2=0 units3=0 units4=0 timedCalls=0 reads=0 ticks=0
[   62.0261] LOG: NIGHTCORONAGATES phase=1 offset=1155 selected=0 enabled=0 coldPackets=0 eligible=0 requested=0 fallback=0 sourceVertices=0 requestedVertices=0 fogOn=0 shaderLit=0 invalid=0 acceptedOutputKnown=0
[   62.0262] LOG: NIGHTGATES phase=1 offset=1155 first=1155 frames=1 mask=0 attempted1=8 executed1=8 skipped1=0 submitted1=8 attempted2=4 executed2=4 skipped2=0 submitted2=5 attempted4=3 executed4=3 skipped4=0 submitted4=5 attempted8=4 executed8=4 skipped8=0 submitted8=1 attempted16=2 executed16=2 skipped16=0 submitted16=1 attempted32=0 executed32=0 skipped32=0 submitted32=0 attempted64=0 executed64=0 skipped64=0 submitted64=0
[   62.0262] LOG: NIGHTEXTRAGATES phase=1 offset=1155 first=1155 frames=1 extraMask=0 attempted1=1 executed1=1 skipped1=0 submitted1=1 attempted2=1 executed2=1 skipped2=0 submitted2=2 attempted4=2 executed4=2 skipped4=0 submitted4=2
[   62.0263] LOG: NIGHTWILDGATES phase=1 offset=1155 first=1155 frames=1 variant=0 enabled=0 planeInvocations=0 planeEligible=0 planeApplied=0 planeFallback=0 planeBoundary=0 planeNonfinite=0 planeColdCompared=0 planeColdMismatches=0 planeInputUnits=0 planeOutputUnits=0 planeInvalid=0 coneInvocations=0 coneEligible=0 coneApplied=0 coneFallback=0 coneBoundary=0 coneNonfinite=0 coneColdCompared=0 coneColdMismatches=0 coneInputUnits=0 coneOutputUnits=0 coneInvalid=0
[   62.0264] LOG: NIGHTTABLEGATES phase=1 offset=1155 first=1155 frames=1 selected=1 enabled=1 invocations=19 eligible=9 applied=9 fallback=10 sourceVertices=753 admittedVertices=618 baselineColorQwords=753 tableColorQwords=18 coldCompared=9 coldMismatches=0 invalid=0
[   73.4632] LOG: NIGHTPRODPHASE phase=2 enabled=0
[   73.4633] LOG: NIGHTCORONAPHASE phase=2 first=3600 selected=0 enabled=0
[   73.4635] LOG: NIGHTPHASE phase=2 first=3600 mask=0 appliedMask=0 sampler=1 countReads=262 samplePtr=0052e0c8
[   73.4637] LOG: NIGHTEXTRAPHASE phase=2 first=3600 extraMask=0 appliedExtraMask=0
[   73.4639] LOG: NIGHTWILDPHASE phase=2 first=3600 variant=0 enabled=0 appliedVariant=0 appliedEnabled=0
[   73.4641] LOG: NIGHTTABLEPHASE phase=2 first=3600 selected=1 enabled=1 appliedSelected=1 appliedEnabled=1
[   86.8486] LOG: NIGHTCAMERA phase=2 offset=750 positionX=00000000 positionY=4028b437 positionZ=c2a19b64 lookX=00000000 lookY=3f9a5e32 lookZ=c2949b64 sceneGeneration=1 mask=0
[   86.8490] LOG: NIGHTCONTEXT phase=2 offset=750 scene=0 night=1 video=1 display=1 depth=2 width=448 height=448 refreshMilliHz=60000 requested=1 dtBits=3c888889 clockBits=00000000 rasterWidth=448 rasterHeight=448 scaleX=1 scaleY=1 ilChoice=0 ilProbing=0 ilBlock=0 ilFrame=58 ilAccepted=0 ilPipelined=1 frameYield=0
[   86.8657] LOG: NIGHTPROD phase=2 offset=750 stage=0 enabled=0 calls=220 units1=0 units2=0 units3=0 units4=0 timedCalls=0 reads=0 ticks=0
[   86.8659] LOG: NIGHTPROD phase=2 offset=750 stage=1 enabled=0 calls=0 units1=0 units2=0 units3=0 units4=0 timedCalls=0 reads=0 ticks=0
[   86.8660] LOG: NIGHTPROD phase=2 offset=750 stage=2 enabled=0 calls=0 units1=0 units2=0 units3=0 units4=0 timedCalls=0 reads=0 ticks=0
[   86.8663] LOG: NIGHTPROD phase=2 offset=750 stage=3 enabled=0 calls=0 units1=0 units2=0 units3=0 units4=0 timedCalls=0 reads=0 ticks=0
[   86.8664] LOG: NIGHTPROD phase=2 offset=750 stage=4 enabled=0 calls=0 units1=0 units2=0 units3=0 units4=0 timedCalls=0 reads=0 ticks=0
[   86.8665] LOG: NIGHTCORONAGATES phase=2 offset=750 selected=0 enabled=0 coldPackets=0 eligible=0 requested=0 fallback=0 sourceVertices=0 requestedVertices=0 fogOn=0 shaderLit=0 invalid=0 acceptedOutputKnown=0
[   86.8668] LOG: NIGHTGATES phase=2 offset=750 first=750 frames=1 mask=0 attempted1=8 executed1=8 skipped1=0 submitted1=8 attempted2=4 executed2=4 skipped2=0 submitted2=5 attempted4=3 executed4=3 skipped4=0 submitted4=5 attempted8=4 executed8=4 skipped8=0 submitted8=1 attempted16=2 executed16=2 skipped16=0 submitted16=1 attempted32=0 executed32=0 skipped32=0 submitted32=0 attempted64=0 executed64=0 skipped64=0 submitted64=0
[   86.8669] LOG: NIGHTEXTRAGATES phase=2 offset=750 first=750 frames=1 extraMask=0 attempted1=1 executed1=1 skipped1=0 submitted1=1 attempted2=1 executed2=1 skipped2=0 submitted2=2 attempted4=2 executed4=2 skipped4=0 submitted4=2
[   86.8670] LOG: NIGHTWILDGATES phase=2 offset=750 first=750 frames=1 variant=0 enabled=0 planeInvocations=0 planeEligible=0 planeApplied=0 planeFallback=0 planeBoundary=0 planeNonfinite=0 planeColdCompared=0 planeColdMismatches=0 planeInputUnits=0 planeOutputUnits=0 planeInvalid=0 coneInvocations=0 coneEligible=0 coneApplied=0 coneFallback=0 coneBoundary=0 coneNonfinite=0 coneColdCompared=0 coneColdMismatches=0 coneInputUnits=0 coneOutputUnits=0 coneInvalid=0
[   86.8670] LOG: NIGHTTABLEGATES phase=2 offset=750 first=750 frames=1 selected=1 enabled=1 invocations=19 eligible=9 applied=9 fallback=10 sourceVertices=753 admittedVertices=618 baselineColorQwords=753 tableColorQwords=18 coldCompared=9 coldMismatches=0 invalid=0
[   94.2929] LOG: NIGHTCAMERA phase=2 offset=1155 positionX=00000000 positionY=4028b437 positionZ=c2a19b64 lookX=00000000 lookY=3f9a5e32 lookZ=c2949b64 sceneGeneration=1 mask=0
[   94.2934] LOG: NIGHTCONTEXT phase=2 offset=1155 scene=0 night=1 video=1 display=1 depth=2 width=448 height=448 refreshMilliHz=60000 requested=1 dtBits=3c888889 clockBits=00000000 rasterWidth=448 rasterHeight=448 scaleX=1 scaleY=1 ilChoice=0 ilProbing=0 ilBlock=0 ilFrame=13 ilAccepted=0 ilPipelined=1 frameYield=0
[   94.3129] LOG: NIGHTPROD phase=2 offset=1155 stage=0 enabled=0 calls=220 units1=0 units2=0 units3=0 units4=0 timedCalls=0 reads=0 ticks=0
[   94.3131] LOG: NIGHTPROD phase=2 offset=1155 stage=1 enabled=0 calls=0 units1=0 units2=0 units3=0 units4=0 timedCalls=0 reads=0 ticks=0
[   94.3133] LOG: NIGHTPROD phase=2 offset=1155 stage=2 enabled=0 calls=0 units1=0 units2=0 units3=0 units4=0 timedCalls=0 reads=0 ticks=0
[   94.3136] LOG: NIGHTPROD phase=2 offset=1155 stage=3 enabled=0 calls=0 units1=0 units2=0 units3=0 units4=0 timedCalls=0 reads=0 ticks=0
[   94.3138] LOG: NIGHTPROD phase=2 offset=1155 stage=4 enabled=0 calls=0 units1=0 units2=0 units3=0 units4=0 timedCalls=0 reads=0 ticks=0
[   94.3139] LOG: NIGHTCORONAGATES phase=2 offset=1155 selected=0 enabled=0 coldPackets=0 eligible=0 requested=0 fallback=0 sourceVertices=0 requestedVertices=0 fogOn=0 shaderLit=0 invalid=0 acceptedOutputKnown=0
[   94.3141] LOG: NIGHTGATES phase=2 offset=1155 first=1155 frames=1 mask=0 attempted1=8 executed1=8 skipped1=0 submitted1=8 attempted2=4 executed2=4 skipped2=0 submitted2=5 attempted4=3 executed4=3 skipped4=0 submitted4=5 attempted8=4 executed8=4 skipped8=0 submitted8=1 attempted16=2 executed16=2 skipped16=0 submitted16=1 attempted32=0 executed32=0 skipped32=0 submitted32=0 attempted64=0 executed64=0 skipped64=0 submitted64=0
[   94.3141] LOG: NIGHTEXTRAGATES phase=2 offset=1155 first=1155 frames=1 extraMask=0 attempted1=1 executed1=1 skipped1=0 submitted1=1 attempted2=1 executed2=1 skipped2=0 submitted2=2 attempted4=2 executed4=2 skipped4=0 submitted4=2
[   94.3142] LOG: NIGHTWILDGATES phase=2 offset=1155 first=1155 frames=1 variant=0 enabled=0 planeInvocations=0 planeEligible=0 planeApplied=0 planeFallback=0 planeBoundary=0 planeNonfinite=0 planeColdCompared=0 planeColdMismatches=0 planeInputUnits=0 planeOutputUnits=0 planeInvalid=0 coneInvocations=0 coneEligible=0 coneApplied=0 coneFallback=0 coneBoundary=0 coneNonfinite=0 coneColdCompared=0 coneColdMismatches=0 coneInputUnits=0 coneOutputUnits=0 coneInvalid=0
[   94.3143] LOG: NIGHTTABLEGATES phase=2 offset=1155 first=1155 frames=1 selected=1 enabled=1 invocations=19 eligible=9 applied=9 fallback=10 sourceVertices=753 admittedVertices=618 baselineColorQwords=753 tableColorQwords=18 coldCompared=9 coldMismatches=0 invalid=0
[  106.3965] LOG: NIGHTDONE order=0 valid=1 loops=5400
