[    0.0151] Program Path: /home/spider/tyrax2-debugger-linux-v1/squashfs-root/usr/bin/pcsx2-qt
[    0.0151] AppRoot Directory: /home/spider/tyrax2-debugger-linux-v1/squashfs-root/usr/bin
[    0.0151] Resources Directory: /home/spider/tyrax2-debugger-linux-v1/squashfs-root/usr/bin/resources
[    0.0151] DataRoot Directory: /home/spider/pool2-static-a96-arm1-repeat3-20261005/profile/PCSX2
[    0.0151] Loading config from /home/spider/pool2-static-a96-arm1-repeat3-20261005/profile/PCSX2/inis/PCSX2.ini.
[    0.0154] Loading secrets from /home/spider/pool2-static-a96-arm1-repeat3-20261005/profile/PCSX2/inis/secrets.ini.
[    0.0158] BIOS Directory: /mnt/c/Users/pawel/OneDrive/Documents/PCSX2/bios
[    0.0158] Snapshots Directory: /home/spider/pool2-static-a96-arm1-repeat3-20261005/profile/PCSX2/snaps
[    0.0158] Savestates Directory: /home/spider/pool2-static-a96-arm1-repeat3-20261005/profile/PCSX2/sstates
[    0.0158] MemoryCards Directory: /home/spider/pool2-static-a96-arm1-repeat3-20261005/profile/PCSX2/memcards
[    0.0158] Logs Directory: /home/spider/pool2-static-a96-arm1-repeat3-20261005/profile/PCSX2/logs
[    0.0158] Cheats Directory: /home/spider/pool2-static-a96-arm1-repeat3-20261005/profile/PCSX2/cheats
[    0.0158] Patches Directory: /home/spider/pool2-static-a96-arm1-repeat3-20261005/profile/PCSX2/patches
[    0.0158] Covers Directory: /home/spider/pool2-static-a96-arm1-repeat3-20261005/profile/PCSX2/covers
[    0.0158] Game Settings Directory: /home/spider/pool2-static-a96-arm1-repeat3-20261005/profile/PCSX2/gamesettings
[    0.0158] Resources Directory: /home/spider/tyrax2-debugger-linux-v1/squashfs-root/usr/bin/resources
[    0.0158] User Resources Directory: /home/spider/pool2-static-a96-arm1-repeat3-20261005/profile/PCSX2/resources
[    0.0158] Cache Directory: /home/spider/pool2-static-a96-arm1-repeat3-20261005/profile/PCSX2/cache
[    0.0158] Textures Directory: /home/spider/pool2-static-a96-arm1-repeat3-20261005/profile/PCSX2/textures
[    0.0158] Input Profile Directory: /home/spider/pool2-static-a96-arm1-repeat3-20261005/profile/PCSX2/inputprofiles
[    0.0158] Video Dumping Directory: /home/spider/pool2-static-a96-arm1-repeat3-20261005/profile/PCSX2/videos
[    0.0158] Debugger Layouts Directory: /home/spider/pool2-static-a96-arm1-repeat3-20261005/profile/PCSX2/inis/debuggerlayouts
[    0.0158] Debugger Settings Directory: /home/spider/pool2-static-a96-arm1-repeat3-20261005/profile/PCSX2/inis/debuggersettings
[    0.0293] Loaded translation file for language en-US
[    0.0358] PCSX2 v2.9.93
[    0.0358] Savestate version: 0x9a590000
[    0.0358] 
[    0.0358] 
[    0.0358] Host Machine Init:
[    0.0359]   Operating System = Ubuntu 22.04
[    0.0359]   Available RAM    = 49093 MB (47.94 GB)
[    0.0359]   Physical RAM     = 50191 MB (49.02 GB)
[    0.0359] 
[    0.0359]   Processor        = AMD Ryzen Threadripper 1920X
[    0.0359]   Core Count       = 24 cores
[    0.0359]   Thread Count     = 24 threads
[    0.0359]   Cluster Count    = 1 clusters
[    0.0359] CPU Extensions Detected:
[    0.0359]   AVX AVX2
[    0.0359] 
[    0.0360] Allocating host memory for virtual systems...
[    0.0363]   EE Main Memory                   @ 0x00007F2807200000 -> 0x00007F2810100000 [143mb]
[    0.0363]   IOP Main Memory                  @ 0x00007F2810100000 -> 0x00007F2818200000 [129mb]
[    0.0363]   VU0/1 On-Chip Memory             @ 0x00007F2818200000 -> 0x00007F2818300000 [1mb]
[    0.0363]   VTLB Virtual Map                 @ 0x00007F2818300000 -> 0x00007F2818B00000 [8mb]
[    0.0363]   VTLB Address Map                 @ 0x00007F2818B00000 -> 0x00007F2818F00000 [4mb]
[    0.0364]   R5900 Recompiler Cache           @ 0x00007F2818F00000 -> 0x00007F281CF00000 [64mb]
[    0.0364]   R3000A Recompiler Cache          @ 0x00007F281CF00000 -> 0x00007F281EF00000 [32mb]
[    0.0364]   Micro VU0 Recompiler Cache       @ 0x00007F281FF00000 -> 0x00007F2823F00000 [64mb]
[    0.0364]   Micro VU1 Recompiler Cache       @ 0x00007F2823F00000 -> 0x00007F2827F00000 [64mb]
[    0.0364]   VIF0 Unpack Recompiler Cache     @ 0x00007F281EF00000 -> 0x00007F281F700000 [8mb]
[    0.0364]   VIF1 Unpack Recompiler Cache     @ 0x00007F281F700000 -> 0x00007F281FF00000 [8mb]
[    0.0364]   VIF Unpack Recompiler Cache      @ 0x00007F2827F00000 -> 0x00007F2828000000 [1mb]
[    0.0364]   GS Software Renderer             @ 0x00007F2828000000 -> 0x00007F282C000000 [64mb]
[    0.0380] Fastmem area: 0x7f2707200000 - 0x7f28071fffff
[    0.0384] Generating SSE-optimized unpacking functions for VIF interpreters...
[    0.0387] Unpack function generation complete.  Generated function statistics:
[    0.0387]   Reserved buffer    : 1048576 bytes @ 0x00007F2827F00000
[    0.0387]   x86 code generated : 7422 bytes
[    0.0387] 
[    0.0390] SDLInputSource: Using Controller DB from resources.
[    0.0613] SDLInputSource: 765 gamepad mappings are loaded.
[    0.0614] Invalid binding: 'XInput-0/DPadUp'
[    0.0614] Invalid binding: 'XInput-0/DPadRight'
[    0.0614] Invalid binding: 'XInput-0/DPadDown'
[    0.0614] Invalid binding: 'XInput-0/DPadLeft'
[    0.0614] Invalid binding: 'XInput-0/Y'
[    0.0614] Invalid binding: 'XInput-0/B'
[    0.0614] Invalid binding: 'XInput-0/A'
[    0.0614] Invalid binding: 'XInput-0/X'
[    0.0614] Invalid binding: 'XInput-0/Back'
[    0.0614] Invalid binding: 'XInput-0/Start'
[    0.0614] Invalid binding: 'XInput-0/LeftShoulder'
[    0.0614] Invalid binding: 'XInput-0/+LeftTrigger'
[    0.0614] Invalid binding: 'XInput-0/RightShoulder'
[    0.0614] Invalid binding: 'XInput-0/+RightTrigger'
[    0.0614] Invalid binding: 'XInput-0/LeftStick'
[    0.0614] Invalid binding: 'XInput-0/RightStick'
[    0.0614] Invalid binding: 'XInput-0/Guide'
[    0.0614] Invalid binding: 'XInput-0/-LeftY'
[    0.0614] Invalid binding: 'XInput-0/+LeftX'
[    0.0614] Invalid binding: 'XInput-0/+LeftY'
[    0.0614] Invalid binding: 'XInput-0/-LeftX'
[    0.0615] Invalid binding: 'XInput-0/-RightY'
[    0.0615] Invalid binding: 'XInput-0/+RightX'
[    0.0615] Invalid binding: 'XInput-0/+RightY'
[    0.0615] Invalid binding: 'XInput-0/-RightX'
[    0.0624] Settings: Advanced Settings are enabled; only proceed if you know what you're doing! No support will be provided if you have the option enabled.
[    0.1081] Scanning F:\PS2\Games (recursively)
[    0.2176] Loading BIOS...
[    0.2263] BIOS Found: Europe  v02.00(14/06/2004)  Console 20040614-100914
[    0.2784] Mechacon version: 0x00020603
[    0.2796] Opening CDVD...
[    0.3087] Initializing Elf: 4455708 bytes
[    0.3094] Disc changed to .
[    0.3094]   Name: vehicle-playground [?]
[    0.3094]   Serial: vehicle-playground
[    0.3094]   Version: 
[    0.3094]   CRC: 255D8279
[    0.3095] No game settings found (tried '/home/spider/pool2-static-a96-arm1-repeat3-20261005/profile/PCSX2/gamesettings/255D8279.ini')
[    0.3095] Applying settings...
[    0.3097] Invalid binding: 'XInput-0/DPadUp'
[    0.3097] Invalid binding: 'XInput-0/DPadRight'
[    0.3097] Invalid binding: 'XInput-0/DPadDown'
[    0.3097] Invalid binding: 'XInput-0/DPadLeft'
[    0.3097] Invalid binding: 'XInput-0/Y'
[    0.3097] Invalid binding: 'XInput-0/B'
[    0.3097] Invalid binding: 'XInput-0/A'
[    0.3097] Invalid binding: 'XInput-0/X'
[    0.3097] Invalid binding: 'XInput-0/Back'
[    0.3097] Invalid binding: 'XInput-0/Start'
[    0.3098] Invalid binding: 'XInput-0/LeftShoulder'
[    0.3098] Invalid binding: 'XInput-0/+LeftTrigger'
[    0.3098] Invalid binding: 'XInput-0/RightShoulder'
[    0.3098] Invalid binding: 'XInput-0/+RightTrigger'
[    0.3098] Invalid binding: 'XInput-0/LeftStick'
[    0.3098] Invalid binding: 'XInput-0/RightStick'
[    0.3098] Invalid binding: 'XInput-0/Guide'
[    0.3098] Invalid binding: 'XInput-0/-LeftY'
[    0.3098] Invalid binding: 'XInput-0/+LeftX'
[    0.3098] Invalid binding: 'XInput-0/+LeftY'
[    0.3098] Invalid binding: 'XInput-0/-LeftX'
[    0.3098] Invalid binding: 'XInput-0/-RightY'
[    0.3098] Invalid binding: 'XInput-0/+RightX'
[    0.3098] Invalid binding: 'XInput-0/+RightY'
[    0.3098] Invalid binding: 'XInput-0/-RightX'
[    0.3100] GameDB: Has not been initialized yet, initializing...
[    0.3538] GameDB: 12841 games on record (loaded in 43.83ms)
[    0.3566] Reopening memory cards...
[    0.3566] (FileMcd) Creating new 8MB memory card: /home/spider/pool2-static-a96-arm1-repeat3-20261005/profile/PCSX2/memcards/Mcd001.ps2
[    0.3661] McdSlot 0 [File]: Mcd001.ps2 [8 MB, UNFORMATTED]
[    0.3661] McdSlot 1 [File]: [disabled/empty filename]
[    0.3699] HLE Host: Set 'host:' root path to: /mnt/f/Projects/tyrax2-lab-20261001/wild-pool2-static-probe-physical-v1/game/bin
[    0.3699] EE/iR5900 Recompiler Reset
[    0.4109] iR3000A Recompiler reset.
[    0.4267] Resetting host memory for virtual systems...
[    0.6971] Time Zone Offset: GMT+01:00
[    0.6972] Time Zone Location: Berlin
[    0.6972] DST: Winter Time
[    0.6972] Time Format: 24-Hour
[    0.6972] Date Format: DD/MM/YYYY
[    0.6972] System Time Basis: Operating System Time
[    0.6972] Resulting System Time: 2026-10-05 11:05:54
[    0.6972] Close virtual disk tray
[    0.6972] Media already loaded (fast boot)
[    0.6972] Opening GS...
[    0.7351] VK: Enabling extension: VK_KHR_get_surface_capabilities2
[    0.7454] Using Vulkan GPU 'llvmpipe (LLVM 15.0.7, 256 bits)' for automatic renderer check.
[    0.7454] Not using Vulkan for software renderer.
[    0.7455] acquireRenderWindow() recreate=true fullscreen=false render_to_main=true surfaceless=false
[    0.7480] (GetRefreshRateFromXRandR) Modeline is invalid: 0/0/0
[    0.7481] Surface refresh rate: 60 Hz
[    0.7485] Loading EGL from libEGL.so...
[    0.7496] GLAD EGL Version: 1.0
[    0.7496] Using EGL platform EGL_EXT_platform_x11.
[    0.7577] eglInitialize() version: 1.5
[    0.7578] GLAD EGL Version: 1.5
[    0.7578] Trying GL version 4.6
[    0.7578] eglCreateContext() failed: 0x3009
[    0.7579] Trying GL version 4.5
[    0.7693] Got GL version 4.5
[    0.7693] EGL_MIN_SWAP_INTERVAL = 1
[    0.7693] EGL_MAX_SWAP_INTERVAL = 1
[    0.7693] Negative swap interval/tear-control is NOT supported
[    0.7719] GL_VENDOR: Mesa
[    0.7719] GL_VERSION: 4.5 (Core Profile) Mesa 23.2.1-1ubuntu3.1~22.04.4
[    0.7719] GL_RENDERER: llvmpipe (LLVM 15.0.7, 256 bits)
[    0.7719] GL_SHADING_LANGUAGE_VERSION: 4.50
[    0.7720] GL_MAX_VERTEX_SHADER_STORAGE_BLOCKS: 16
[    0.7720] GL: Viewport Array:            Supported       => Using: GL_ARB_viewport_array
[    0.7720] GL: Direct State Access:       Supported       => Using: OpenGL 4.5 Core
[    0.7720] GL: Copy Image:                Supported       => Using: OpenGL 4.3 Core
[    0.7720] GL: Clip Control:              Supported       => Using: OpenGL 4.5 Core
[    0.7720] GL: Conservative Depth:        Supported       => Using: OpenGL 4.2 Core
[    0.7720] GL: CAS Sharpening:            Supported       => Using: OpenGL 4.2 Core
[    0.7720] GL: Texture Barriers:          Auto            => Using: Framebuffer Fetch
[    0.7720] GL: RGBA16 HW Blending:        Supported       => Using: RGBA16 UNORM
[    0.7720] GL: Point Expansion:           Supported       => Using: Hardware
[    0.7720] GL: Line Expansion:            Fallback        => Using: Vertex Expansion
[    0.7720] GL: Sprite Expansion:          Supported       => Using: Vertex Expansion
[    0.7720] GL: DXTn Texture Compression:  Supported       => Using: GL_EXT_texture_compression_s3tc
[    0.7720] GL: BC6/7 Texture Compression: Supported       => Using: OpenGL 4.2 Core
[    0.7786] 1 program binary formats supported by driver
[    0.8153] Program binary retrieved, 4105 bytes, format 34655
[    0.8158] Program binary retrieved, 4121 bytes, format 34655
[    0.8162] Program binary retrieved, 4249 bytes, format 34655
[    0.8165] Program binary retrieved, 4013 bytes, format 34655
[    0.8169] Program binary retrieved, 4013 bytes, format 34655
[    0.8173] Program binary retrieved, 4017 bytes, format 34655
[    0.8177] Program binary retrieved, 4017 bytes, format 34655
[    0.8180] Program binary retrieved, 4185 bytes, format 34655
[    0.8184] Program binary retrieved, 4217 bytes, format 34655
[    0.8188] Program binary retrieved, 4137 bytes, format 34655
[    0.8192] Program binary retrieved, 4125 bytes, format 34655
[    0.8195] Program binary retrieved, 4121 bytes, format 34655
[    0.8201] Program binary retrieved, 4253 bytes, format 34655
[    0.8207] Program binary retrieved, 4237 bytes, format 34655
[    0.8210] Program binary retrieved, 4245 bytes, format 34655
[    0.8214] Program binary retrieved, 4261 bytes, format 34655
[    0.8220] Program binary retrieved, 4965 bytes, format 34655
[    0.8225] Program binary retrieved, 4981 bytes, format 34655
[    0.8229] Program binary retrieved, 4261 bytes, format 34655
[    0.8233] Program binary retrieved, 4277 bytes, format 34655
[    0.8238] Program binary retrieved, 5005 bytes, format 34655
[    0.8244] Program binary retrieved, 5021 bytes, format 34655
[    0.8247] Program binary retrieved, 4257 bytes, format 34655
[    0.8251] Program binary retrieved, 4273 bytes, format 34655
[    0.8256] Program binary retrieved, 5001 bytes, format 34655
[    0.8262] Program binary retrieved, 5017 bytes, format 34655
[    0.8267] Program binary retrieved, 4277 bytes, format 34655
[    0.8271] Program binary retrieved, 4293 bytes, format 34655
[    0.8276] Program binary retrieved, 5057 bytes, format 34655
[    0.8281] Program binary retrieved, 5073 bytes, format 34655
[    0.8284] Program binary retrieved, 4153 bytes, format 34655
[    0.8288] Program binary retrieved, 4169 bytes, format 34655
[    0.8292] Program binary retrieved, 4233 bytes, format 34655
[    0.8297] Program binary retrieved, 5781 bytes, format 34655
[    0.8301] Program binary retrieved, 5373 bytes, format 34655
[    0.8308] Program binary retrieved, 6389 bytes, format 34655
[    0.8312] Program binary retrieved, 4917 bytes, format 34655
[    0.8317] Program binary retrieved, 4845 bytes, format 34655
[    0.8321] Program binary retrieved, 4997 bytes, format 34655
[    0.8325] Program binary retrieved, 4101 bytes, format 34655
[    0.8356] Program binary retrieved, 4137 bytes, format 34655
[    0.8388] Program binary retrieved, 4109 bytes, format 34655
[    0.8392] Program binary retrieved, 5389 bytes, format 34655
[    0.8396] Program binary retrieved, 5829 bytes, format 34655
[    0.8400] Program binary retrieved, 5857 bytes, format 34655
[    0.8404] Program binary retrieved, 4289 bytes, format 34655
[    0.8427] Program binary retrieved, 21205 bytes, format 34655
[    0.8432] Program binary retrieved, 4765 bytes, format 34655
[    0.8436] Program binary retrieved, 5685 bytes, format 34655
[    0.8439] Program binary retrieved, 4141 bytes, format 34655
[    0.8442] Program binary retrieved, 4537 bytes, format 34655
[    0.8446] Program binary retrieved, 4889 bytes, format 34655
[    0.8449] Program binary retrieved, 4117 bytes, format 34655
[    0.8453] Program binary retrieved, 4741 bytes, format 34655
[    0.8456] Program binary retrieved, 4965 bytes, format 34655
[    0.8462] Program binary retrieved, 6613 bytes, format 34655
[    0.8466] Program binary retrieved, 4797 bytes, format 34655
[    0.8481] Program binary retrieved, 13085 bytes, format 34655
[    0.8546] Program binary retrieved, 7285 bytes, format 34655
[    0.8603] Program binary retrieved, 5497 bytes, format 34655
[    0.8606] Program binary retrieved, 4141 bytes, format 34655
[    0.8609] Program binary retrieved, 4141 bytes, format 34655
[    0.8613] Program binary retrieved, 4145 bytes, format 34655
[    0.8617] Program binary retrieved, 4145 bytes, format 34655
[    0.9137] Program binary retrieved, 5369 bytes, format 34655
[    0.9153] OpenGL Graphics Driver Info:
[    0.9154] OpenGL Context:
[    0.9154] 4.5 (Core Profile) Mesa 23.2.1-1ubuntu3.1~22.04.4
[    0.9154] Mesa llvmpipe (LLVM 15.0.7, 256 bits)
[    0.9154] GLSL: 4.50
[    0.9184] Processor count: 24 cores, 24 processors, 1 clusters
[    0.9185] Ordered processor list: 12, 23, 22, 21, 20, 19, 18, 17, 16, 15, 14, 13, 0, 11, 10, 9, 8, 7, 6, 5, 4, 3, 2, 1
[    0.9185] Not pinning SW threads, we need 4 processors, but only have 0
[    0.9196] Opening SPU2...
[    0.9198] Creating Null audio stream, sample rate = 48000, expansion = Disabled, buffer = 50, latency = 32, stretching enabled, driver = wasapi, device = 
[    0.9198] Allocated buffer of 2432 frames for buffer of 50 ms [expansion Disabled (block size 2048), stretch disabled, target size 2432].
[    0.9198] Initializing Pad...
[    0.9198] Initializing SIO2...
[    0.9198] Initializing SIO0...
[    0.9198] Opening DEV9...
[    0.9198] DEV9: DEV9init
[    0.9207] DEV9: DEV9init2
[    0.9207] DEV9: DEV9init3
[    0.9245] DEV9: DEV9init ok
[    0.9245] DEV9: DEV9open
[    0.9245] Opening USB...
[    0.9246] Opening FW...
[    0.9249] Frame rate: 59.94, target speed: 1, target frame rate: 59.94, ticks per frame: 16683350
[    0.9287] MultiPause time: 142ns
[    0.9288] MultiPause time: 248ns
[    0.9289] MultiPause time: 142ns
[    0.9291] VM subsystems initialized in 715.97 ms
[    0.9316] MultiPause time: 142ns
[    0.9395] Failed to inhibit screen saver.
[    0.9395] Processor order assignment: EE=12, VU=23, GS=23
[    0.9395]   EE thread is on processor 12 (0x1000)
[    0.9398]   GS thread is on processor 23 (0x800000)
[    0.9491] Failed to inhibit screen saver.
[    0.9763] # Initialize memory (rev:3.70, ctm:197Mhz, cpuclk:147Mhz detected)
[    0.9843] R3000 Debugger: Branch to 0x890 (SYSMEM). Clearing modules.
[    0.9858] RegisterLibraryEntries: excepman version 1.01
[    0.9867] RegisterLibraryEntries:  intrman version 1.02
[    0.9869] RegisterLibraryEntries:   ssbusc version 1.01
[    0.9874] RegisterLibraryEntries:  dmacman version 1.02
[    0.9878] RegisterLibraryEntries:  timrman version 1.01
[    0.9881] RegisterLibraryEntries:  sysclib version 1.01
[    0.9881] RegisterLibraryEntries:    stdio version 1.01
[    0.9883] RegisterLibraryEntries:  heaplib version 1.01
[    0.9886] FW: read mem 0x1f80847c: 0x10000001
[    0.9887] FW: write mem 0x1f808414: 0x417f0000
[    0.9887] FW: read mem 0x1f808400: 0xffc00001
[    0.9887] FW: write mem 0x1f80844c: 0xffffffff
[    0.9887] FW: write mem 0x1f808420: 0xffffffff
[    0.9887] FW: write mem 0x1f808428: 0xffffffff
[    0.9887] FW: write mem 0x1f808430: 0xffffffff
[    0.9896] RegisterLibraryEntries:   thbase version 1.01
[    0.9897] RegisterLibraryEntries:  thevent version 1.01
[    0.9897] RegisterLibraryEntries:  thsemap version 1.01
[    0.9897] RegisterLibraryEntries:  thmsgbx version 1.01
[    0.9898] RegisterLibraryEntries:  thfpool version 1.01
[    0.9898] RegisterLibraryEntries:  thvpool version 1.01
[    0.9906] RegisterLibraryEntries:   vblank version 1.01
[    0.9910] RegisterLibraryEntries:    ioman version 1.02
[    0.9917] RegisterLibraryEntries:  modload version 1.01
[    0.9921] RegisterLibraryEntries:   romdrv version 2.01
[    0.9924] RegisterLibraryEntries:    stdio version 1.02
[    0.9929] RegisterLibraryEntries:   sifman version 1.01
[    0.9932] 
[    0.9932] PlayStation 2 ======== Hard reset boot
[    0.9934]  ROMGEN=2004-0614, IOP info (CPUID=1f, CACH_CONFIG=0, 2MB, IOP mode)
[    0.9936]  <20040614-100914,ROMconf,PS20200EC20040614.bin:11696>
[    1.0028] # Total accessable memory size: 32 MB (B:2:8:0) (370:2:7c30)
[    1.0038] # TLB spad=0 kernel=1:12 default=13:30 extended=31:38
[    1.0668] # Initialize Start.
[    1.0673] # Initialize GS ...
[    1.0674] # Initialize INTC ...
[    1.0674] # Initialize TIMER ...
[    1.0674] # Initialize DMAC ...
[    1.0675] # Initialize VU1 ...
[    1.0677] # Initialize VIF1 ...
[    1.0678] # Initialize GIF ...
[    1.0678] # Initialize VU0 ...
[    1.0680] # Initialize VIF0 ...
[    1.0680] # Initialize IPU ...
[    1.0681] # Initialize FPU ...
[    1.0682] # Initialize User Memory ...
[    1.1249] # Initialize Scratch Pad ...
[    1.1250] # Initialize Done.
[    1.1259] 
[    1.1260] EE DECI2 Manager version 0.06 Feb  6 2003 08:38:48
[    1.1260]   CPUID=2e20, BoardID=0, ROMGEN=2004-0614, 32M
[    1.1260] 
[    1.1262] RegisterLibraryEntries:   sifcmd version 1.01
[    1.1561] Initializing Elf: 4455708 bytes
[    1.1588] ELF Loading: host:vehicle-playground.elf, Game CRC = 255D8279, EntryPoint = 0x00100E78
[    1.1614] RegisterLibraryEntries:  cdvdman version 1.01
[    1.1660] Imported 823 symbols.
[    1.1695] RegisterLibraryEntries:  cdvdfsv version 1.01
[    1.1711] RegisterLibraryEntries:  secrman version 1.03
[    1.1712] RegisterLibraryEntries:   eesync version 1.01
[    1.1713] 
[    1.1713] IOP Realtime Kernel Ver.0.9.1
[    1.1713]     Copyright 1999 (C) Sony Computer Entertainment Inc. 
[    1.1718] Reboot service module.(99/11/10)
[    1.1742] cdvd driver module version 0.1.1 (C)SCEI
[    1.1747] Load File service.(99/11/05)
[    1.1747] Multi Threaded Fileio module.(99/11/15) 
[    1.1748] iop heap service (99/11/03)
[    1.1763] PINE: New client with FD 14 connected.
[    1.1768] PINE: Client disconnected.
[    1.1951] loadelf: fname host:vehicle-playground.elf secname all
[    1.1951] loadelf version 3.30
[    1.1971] Input ELF format filename = host:vehicle-playground.elf
[    1.2434] 1 00100000 003f3d3c ................................................................
[    1.2436] Loaded, host:vehicle-playground.elf
[    1.2436] start address 0x100e78
[    1.2436] gp address 00000000
[    1.2444] (VMManager) Pausing...
[    1.2446] (VMManager) Resuming...
[    1.2559] Failed to inhibit screen saver.
[    1.2560] EE/iR5900 Recompiler Reset
[    1.2720] # Restart Without Memory Clear.
[    1.2773] PINE: New client with FD 14 connected.
[    1.2776] PINE: Client disconnected.
[    1.2838] # Initialize GS ...
[    1.2839] # Initialize INTC ...
[    1.2839] # Initialize TIMER ...
[    1.2839] # Initialize DMAC ...
[    1.2840] # Initialize VU1 ...
[    1.2841] # Initialize VIF1 ...
[    1.2842] # Initialize GIF ...
[    1.2842] # Initialize VU0 ...
[    1.2844] # Initialize VIF0 ...
[    1.2844] # Initialize IPU ...
[    1.2845] # Initialize FPU ...
[    1.2846] # Initialize Scratch Pad ...
[    1.2846] # Restart Without Memory Clear Done.
[    1.2848] ELF host:vehicle-playground.elf with entry point at 0x00100E78 is executing.
[    1.2849] ELF changed, active CRC 255D8279 (host:vehicle-playground.elf)
[    1.2852] Applying core settings...
[    1.2853] Debugger Settings Manager: Failed to read Saved Addresses array from settings file: '/home/spider/pool2-static-a96-arm1-repeat3-20261005/profile/PCSX2/inis/debuggersettings/vehicle-playground_255D8279.json'
[    1.2853] Debugger Settings Manager: Failed to read Saved Addresses array from settings file: '/home/spider/pool2-static-a96-arm1-repeat3-20261005/profile/PCSX2/inis/debuggersettings/vehicle-playground_255D8279.json'
[    1.2857] Updating CPU configuration...
[    1.2857] iR3000A Recompiler reset.
[    1.3063] iR3000A Recompiler reset.
[    1.3126] EE/iR5900 Recompiler Reset
[    1.3268] (VMManager) Pausing...
[    1.3270] EE/iR5900 Recompiler Reset
[    1.3431] EE/iR5900 Recompiler Reset
[    1.3578] iR3000A Recompiler reset.
[    1.3609] EE/iR5900 Recompiler Reset
[    1.3750] iR3000A Recompiler reset.
[    1.3783] PINE: New client with FD 14 connected.
[    1.3787] PINE: Client disconnected.
[    1.3788] EE/iR5900 Recompiler Reset
[    1.3949] iR3000A Recompiler reset.
[    1.3983] EE/iR5900 Recompiler Reset
[    1.4127] iR3000A Recompiler reset.
[    1.4167] EE/iR5900 Recompiler Reset
[    1.5096] PINE: New client with FD 14 connected.
[    1.5099] OSD [SaveStateSlot140]: Saving state to slot 140...
[    1.5392]   Saving SPU2
[    1.5397]   Saving GS
[    1.6415] OSD [SaveStateSlot140]: Saved state to slot 140.
[    1.6415] Zipping save state to '/home/spider/pool2-static-a96-arm1-repeat3-20261005/profile/PCSX2/sstates/vehicle-playground (255D8279).140.p2s' took 95.54 ms
[    2.7766] PINE: Client disconnected.
[    3.2581] PINE: New client with FD 14 connected.
[    3.2638] (VMManager) Resuming...
[    3.2751] Failed to inhibit screen saver.
[    3.2768] BIOS: Successfully found the instruction pattern. Assuming the thread list is here: 8001a640
[    3.2799] Warning: GetOsdConfigParam2 Reading extended language/version configs, may be incorrect!
[    3.2901] read/write allocate memory 4000
[    3.2901] open name host:/ps2link.run flag 1 data 41378
[    3.2909] open fd = -5
[    3.2935] Get Reboot Request From EE
[    3.2947] R3000 Debugger: Branch to 0x890 (SYSMEM). Clearing modules.
[    3.2966] RegisterLibraryEntries: excepman version 1.01
[    3.2978] RegisterLibraryEntries:  intrman version 1.02
[    3.2979] RegisterLibraryEntries:   ssbusc version 1.01
[    3.2985] RegisterLibraryEntries:  dmacman version 1.02
[    3.2990] RegisterLibraryEntries:  timrman version 1.01
[    3.2994] RegisterLibraryEntries:  sysclib version 1.01
[    3.2995] RegisterLibraryEntries:    stdio version 1.01
[    3.2997] RegisterLibraryEntries:  heaplib version 1.01
[    3.3017] RegisterLibraryEntries:   thbase version 1.01
[    3.3018] RegisterLibraryEntries:  thevent version 1.01
[    3.3018] RegisterLibraryEntries:  thsemap version 1.01
[    3.3018] RegisterLibraryEntries:  thmsgbx version 1.01
[    3.3019] RegisterLibraryEntries:  thfpool version 1.01
[    3.3019] RegisterLibraryEntries:  thvpool version 1.01
[    3.3029] RegisterLibraryEntries:   vblank version 1.01
[    3.3033] RegisterLibraryEntries:    ioman version 1.02
[    3.3043] RegisterLibraryEntries:  modload version 1.01
[    3.3134] RegisterLibraryEntries:   romdrv version 2.01
[    3.3138] RegisterLibraryEntries:    stdio version 1.02
[    3.3143] RegisterLibraryEntries:   sifman version 1.01
[    3.3148] 
[    3.3148] PlayStation 2 ======== Soft reboot
[    3.3155] RegisterLibraryEntries:   sifcmd version 1.01
[    3.3189] RegisterLibraryEntries:  cdvdman version 1.01
[    3.3203] RegisterLibraryEntries:  cdvdfsv version 1.01
[    3.3281] RegisterLibraryEntries:  secrman version 1.03
[    3.3282] RegisterLibraryEntries:   eesync version 1.01
[    3.3284] 
[    3.3284] IOP Realtime Kernel Ver.0.9.1
[    3.3284]     Copyright 1999 (C) Sony Computer Entertainment Inc. 
[    3.3288] Reboot service module.(99/11/10)
[    3.3306] [EE] Skipping timeout loop at 0x002D2FB0 -> 0x002D2FD0
[    3.3306] cdvd driver module version 0.1.1 (C)SCEI
[    3.3310] Load File service.(99/11/05)
[    3.3310] Multi Threaded Fileio module.(99/11/15) 
[    3.3310] iop heap service (99/11/03)
[    3.3524] RegisterLibraryEntries:   iomanx version 1.01
[    3.3538] fileXio: fileXio: fileXio RPC Server v1.00
[    3.3539] Copyright (c) 2003 adresd
[    3.3541] RegisterLibraryEntries:  sio2man version 2.07
[    3.3542] RegisterLibraryEntries:  sio2man version 1.02
[    3.3548] RegisterLibraryEntries:   padman version 1.02
[    3.3550] Pad Driver for OSD
[    3.3554] FREESD v1.01
[    3.3554] RegisterLibraryEntries:    libsd version 1.04
[    3.3558] debug_level = 1 (ps2snd 0.1
[    3.3641] PINE: Client disconnected.
[    3.3683] greetings from version 0.93 !
[    3.3684] RegisterLibraryEntries:   audsrv version 1.04
[    3.3684] audsrv_adpcm_init()
[    3.3696] UpdateVSyncRate: Mode Changed to SDTV 480p.
[    3.3697] Frame rate: 59.94, target speed: 1, target frame rate: 59.94, ticks per frame: 16683350
[    3.3697] Set GS CRTC configuration. SDTV   720x480 @ 59.94 Progressive (FRAME)
[    5.4409] read/write allocate memory 4000
[    5.4411] 
[    5.4415] -----------------------------------------
[    5.4415]         _____        ____   ___
[    5.4416]           |     /   ____| |___|
[    5.4416]           |     |   |     |   |
[    5.4417] -----------------------------------------
[    5.4417] Copyright 2022
[    5.4418] Repository: https://github.com/h4570/tyra
[    5.4418] Licensed under Apache License 2.0
[    5.4422] Version: 2.2.0
[    5.4423] -----------------------------------------
[    5.4424] 
[    5.6075] audsrv_adpcm_init()
[    5.6085] [EE] Skipping timeout loop at 0x00102CB0 -> 0x00102CD0
[    5.6406] Curent pad(0,0) status: EXECCMD
[    5.8383] Pad: DS2 Config Finished - P1/S1 - AL: Off - AB: Usable - VS: Disabled - VL: Disabled - RB: D (0x00000000)
[    5.8735] Curent pad(0,0) status: EXECCMD
[    5.9390] Pad: DS2 Config Finished - P1/S1 - AL: On - AB: Locked - VS: Disabled - VL: Disabled - RB: D (0x00000000)
[    6.1390] Pad: DS2 Config Finished - P1/S1 - AL: On - AB: Locked - VS: Disabled - VL: Disabled - RB: D (0x00000000)
[    6.1734] Curent pad(0,0) status: EXECCMD
[    6.4394] Pad: DS2 Config Finished - P1/S1 - AL: On - AB: Locked - VS: Disabled - VL: Disabled - RB: D+A+P (0x0003FFFF)
[    6.6394] Pad: DS2 Config Finished - P1/S1 - AL: On - AB: Locked - VS: Disabled - VL: Disabled - RB: D+A+P (0x0003FFFF)
[    6.6751] open name host:/pool2-probe.cfg flag 1 data 41378
[    6.6765] open fd = 256
[    6.6815] open name host:/hud/flare-corona.png flag 1 data 41378
[    6.6835] open fd = 256
[    6.7089] LOG: POOL2PROBE_CONFIG arm=1 vertices=96 members=1 repeats=3 package=75 alpha=128
[    6.7100] FRAMEARENA allocated=1 bytes=1048576
[    6.7210] microVU1: Cached Prog = [000] [PC=18e0] [List=01] (Cache=0.000%) [0.0mb]
[    6.7219] microVU1: 3 cycle stall on branch instruction [1f78]
[    6.7230] microVU1: Cached Prog = [001] [PC=2480] [List=01] (Cache=0.246%) [0.1mb]
[    6.7239] microVU1: 3 cycle stall on branch instruction [1f78]
[    6.7360] LOG: POOL2PROBE_FRAME frame=1 cold=1 arm=1 eligible=2 applied=2 compared=2 mismatches=0
[    6.7510] LOG: POOL2PROBE_FRAME frame=2 cold=0 arm=1 eligible=2 applied=2 compared=2 mismatches=0
[    6.7637] LOG: POOL2PROBE_FRAME frame=3 cold=0 arm=1 eligible=2 applied=2 compared=2 mismatches=0
[    6.7639] LOG: POOL2PROBE_READY arm=1 vertices=96 repeats=3 completed=3 warmBypass=0
[    6.7639] (VMManager) Pausing...
[    6.7877] PINE: New client with FD 14 connected.
[    6.7881] PINE: Client disconnected.
[    6.9056] PINE: New client with FD 14 connected.
[    6.9060] OSD [SaveStateSlot169]: Saving state to slot 169...
[    6.9368]   Saving SPU2
[    6.9373]   Saving GS
[    7.0381] OSD [SaveStateSlot169]: Saved state to slot 169.
[    7.0381] Zipping save state to '/home/spider/pool2-static-a96-arm1-repeat3-20261005/profile/PCSX2/sstates/vehicle-playground (255D8279).169.p2s' took 95.16 ms
[    8.1952] PINE: Client disconnected.
