[    0.0142] Program Path: /home/spider/tyrax2-debugger-linux-v1/squashfs-root/usr/bin/pcsx2-qt
[    0.0143] AppRoot Directory: /home/spider/tyrax2-debugger-linux-v1/squashfs-root/usr/bin
[    0.0143] Resources Directory: /home/spider/tyrax2-debugger-linux-v1/squashfs-root/usr/bin/resources
[    0.0143] DataRoot Directory: /home/spider/pool2-static-b192-arm0-repeat3-20261005/profile/PCSX2
[    0.0143] Loading config from /home/spider/pool2-static-b192-arm0-repeat3-20261005/profile/PCSX2/inis/PCSX2.ini.
[    0.0145] Loading secrets from /home/spider/pool2-static-b192-arm0-repeat3-20261005/profile/PCSX2/inis/secrets.ini.
[    0.0149] BIOS Directory: /mnt/c/Users/pawel/OneDrive/Documents/PCSX2/bios
[    0.0149] Snapshots Directory: /home/spider/pool2-static-b192-arm0-repeat3-20261005/profile/PCSX2/snaps
[    0.0149] Savestates Directory: /home/spider/pool2-static-b192-arm0-repeat3-20261005/profile/PCSX2/sstates
[    0.0149] MemoryCards Directory: /home/spider/pool2-static-b192-arm0-repeat3-20261005/profile/PCSX2/memcards
[    0.0149] Logs Directory: /home/spider/pool2-static-b192-arm0-repeat3-20261005/profile/PCSX2/logs
[    0.0149] Cheats Directory: /home/spider/pool2-static-b192-arm0-repeat3-20261005/profile/PCSX2/cheats
[    0.0149] Patches Directory: /home/spider/pool2-static-b192-arm0-repeat3-20261005/profile/PCSX2/patches
[    0.0149] Covers Directory: /home/spider/pool2-static-b192-arm0-repeat3-20261005/profile/PCSX2/covers
[    0.0149] Game Settings Directory: /home/spider/pool2-static-b192-arm0-repeat3-20261005/profile/PCSX2/gamesettings
[    0.0149] Resources Directory: /home/spider/tyrax2-debugger-linux-v1/squashfs-root/usr/bin/resources
[    0.0149] User Resources Directory: /home/spider/pool2-static-b192-arm0-repeat3-20261005/profile/PCSX2/resources
[    0.0149] Cache Directory: /home/spider/pool2-static-b192-arm0-repeat3-20261005/profile/PCSX2/cache
[    0.0149] Textures Directory: /home/spider/pool2-static-b192-arm0-repeat3-20261005/profile/PCSX2/textures
[    0.0149] Input Profile Directory: /home/spider/pool2-static-b192-arm0-repeat3-20261005/profile/PCSX2/inputprofiles
[    0.0149] Video Dumping Directory: /home/spider/pool2-static-b192-arm0-repeat3-20261005/profile/PCSX2/videos
[    0.0149] Debugger Layouts Directory: /home/spider/pool2-static-b192-arm0-repeat3-20261005/profile/PCSX2/inis/debuggerlayouts
[    0.0149] Debugger Settings Directory: /home/spider/pool2-static-b192-arm0-repeat3-20261005/profile/PCSX2/inis/debuggersettings
[    0.0300] Loaded translation file for language en-US
[    0.0368] PCSX2 v2.9.93
[    0.0368] Savestate version: 0x9a590000
[    0.0368] 
[    0.0368] 
[    0.0368] Host Machine Init:
[    0.0369]   Operating System = Ubuntu 22.04
[    0.0369]   Available RAM    = 49091 MB (47.94 GB)
[    0.0369]   Physical RAM     = 50191 MB (49.02 GB)
[    0.0369] 
[    0.0369]   Processor        = AMD Ryzen Threadripper 1920X
[    0.0369]   Core Count       = 24 cores
[    0.0369]   Thread Count     = 24 threads
[    0.0369]   Cluster Count    = 1 clusters
[    0.0369] CPU Extensions Detected:
[    0.0369]   AVX AVX2
[    0.0369] 
[    0.0369] Allocating host memory for virtual systems...
[    0.0372]   EE Main Memory                   @ 0x00007F3E9F200000 -> 0x00007F3EA8100000 [143mb]
[    0.0372]   IOP Main Memory                  @ 0x00007F3EA8100000 -> 0x00007F3EB0200000 [129mb]
[    0.0372]   VU0/1 On-Chip Memory             @ 0x00007F3EB0200000 -> 0x00007F3EB0300000 [1mb]
[    0.0372]   VTLB Virtual Map                 @ 0x00007F3EB0300000 -> 0x00007F3EB0B00000 [8mb]
[    0.0372]   VTLB Address Map                 @ 0x00007F3EB0B00000 -> 0x00007F3EB0F00000 [4mb]
[    0.0372]   R5900 Recompiler Cache           @ 0x00007F3EB0F00000 -> 0x00007F3EB4F00000 [64mb]
[    0.0372]   R3000A Recompiler Cache          @ 0x00007F3EB4F00000 -> 0x00007F3EB6F00000 [32mb]
[    0.0372]   Micro VU0 Recompiler Cache       @ 0x00007F3EB7F00000 -> 0x00007F3EBBF00000 [64mb]
[    0.0372]   Micro VU1 Recompiler Cache       @ 0x00007F3EBBF00000 -> 0x00007F3EBFF00000 [64mb]
[    0.0372]   VIF0 Unpack Recompiler Cache     @ 0x00007F3EB6F00000 -> 0x00007F3EB7700000 [8mb]
[    0.0373]   VIF1 Unpack Recompiler Cache     @ 0x00007F3EB7700000 -> 0x00007F3EB7F00000 [8mb]
[    0.0373]   VIF Unpack Recompiler Cache      @ 0x00007F3EBFF00000 -> 0x00007F3EC0000000 [1mb]
[    0.0373]   GS Software Renderer             @ 0x00007F3EC0000000 -> 0x00007F3EC4000000 [64mb]
[    0.0388] Fastmem area: 0x7f3d9f200000 - 0x7f3e9f1fffff
[    0.0412] Generating SSE-optimized unpacking functions for VIF interpreters...
[    0.0417] Unpack function generation complete.  Generated function statistics:
[    0.0418]   Reserved buffer    : 1048576 bytes @ 0x00007F3EBFF00000
[    0.0418]   x86 code generated : 7422 bytes
[    0.0418] 
[    0.0422] SDLInputSource: Using Controller DB from resources.
[    0.0605] SDLInputSource: 765 gamepad mappings are loaded.
[    0.0606] Invalid binding: 'XInput-0/DPadUp'
[    0.0606] Invalid binding: 'XInput-0/DPadRight'
[    0.0606] Invalid binding: 'XInput-0/DPadDown'
[    0.0606] Invalid binding: 'XInput-0/DPadLeft'
[    0.0606] Invalid binding: 'XInput-0/Y'
[    0.0606] Invalid binding: 'XInput-0/B'
[    0.0606] Invalid binding: 'XInput-0/A'
[    0.0607] Invalid binding: 'XInput-0/X'
[    0.0607] Invalid binding: 'XInput-0/Back'
[    0.0607] Invalid binding: 'XInput-0/Start'
[    0.0607] Invalid binding: 'XInput-0/LeftShoulder'
[    0.0607] Invalid binding: 'XInput-0/+LeftTrigger'
[    0.0607] Invalid binding: 'XInput-0/RightShoulder'
[    0.0607] Invalid binding: 'XInput-0/+RightTrigger'
[    0.0607] Invalid binding: 'XInput-0/LeftStick'
[    0.0608] Invalid binding: 'XInput-0/RightStick'
[    0.0608] Invalid binding: 'XInput-0/Guide'
[    0.0608] Invalid binding: 'XInput-0/-LeftY'
[    0.0608] Invalid binding: 'XInput-0/+LeftX'
[    0.0608] Invalid binding: 'XInput-0/+LeftY'
[    0.0608] Invalid binding: 'XInput-0/-LeftX'
[    0.0608] Invalid binding: 'XInput-0/-RightY'
[    0.0608] Invalid binding: 'XInput-0/+RightX'
[    0.0608] Invalid binding: 'XInput-0/+RightY'
[    0.0608] Invalid binding: 'XInput-0/-RightX'
[    0.0615] Settings: Advanced Settings are enabled; only proceed if you know what you're doing! No support will be provided if you have the option enabled.
[    0.1070] Scanning F:\PS2\Games (recursively)
[    0.2058] Loading BIOS...
[    0.2183] BIOS Found: Europe  v02.00(14/06/2004)  Console 20040614-100914
[    0.2757] Mechacon version: 0x00020603
[    0.2771] Opening CDVD...
[    0.3084] Initializing Elf: 4455708 bytes
[    0.3092] Disc changed to .
[    0.3092]   Name: vehicle-playground [?]
[    0.3092]   Serial: vehicle-playground
[    0.3092]   Version: 
[    0.3092]   CRC: 255D8279
[    0.3093] No game settings found (tried '/home/spider/pool2-static-b192-arm0-repeat3-20261005/profile/PCSX2/gamesettings/255D8279.ini')
[    0.3093] Applying settings...
[    0.3096] Invalid binding: 'XInput-0/DPadUp'
[    0.3096] Invalid binding: 'XInput-0/DPadRight'
[    0.3096] Invalid binding: 'XInput-0/DPadDown'
[    0.3096] Invalid binding: 'XInput-0/DPadLeft'
[    0.3096] Invalid binding: 'XInput-0/Y'
[    0.3096] Invalid binding: 'XInput-0/B'
[    0.3096] Invalid binding: 'XInput-0/A'
[    0.3096] Invalid binding: 'XInput-0/X'
[    0.3096] Invalid binding: 'XInput-0/Back'
[    0.3096] Invalid binding: 'XInput-0/Start'
[    0.3096] Invalid binding: 'XInput-0/LeftShoulder'
[    0.3096] Invalid binding: 'XInput-0/+LeftTrigger'
[    0.3096] Invalid binding: 'XInput-0/RightShoulder'
[    0.3096] Invalid binding: 'XInput-0/+RightTrigger'
[    0.3096] Invalid binding: 'XInput-0/LeftStick'
[    0.3096] Invalid binding: 'XInput-0/RightStick'
[    0.3096] Invalid binding: 'XInput-0/Guide'
[    0.3096] Invalid binding: 'XInput-0/-LeftY'
[    0.3096] Invalid binding: 'XInput-0/+LeftX'
[    0.3097] Invalid binding: 'XInput-0/+LeftY'
[    0.3097] Invalid binding: 'XInput-0/-LeftX'
[    0.3097] Invalid binding: 'XInput-0/-RightY'
[    0.3097] Invalid binding: 'XInput-0/+RightX'
[    0.3097] Invalid binding: 'XInput-0/+RightY'
[    0.3097] Invalid binding: 'XInput-0/-RightX'
[    0.3099] GameDB: Has not been initialized yet, initializing...
[    0.3531] GameDB: 12841 games on record (loaded in 43.22ms)
[    0.3556] Reopening memory cards...
[    0.3556] (FileMcd) Creating new 8MB memory card: /home/spider/pool2-static-b192-arm0-repeat3-20261005/profile/PCSX2/memcards/Mcd001.ps2
[    0.3647] McdSlot 0 [File]: Mcd001.ps2 [8 MB, UNFORMATTED]
[    0.3647] McdSlot 1 [File]: [disabled/empty filename]
[    0.3688] HLE Host: Set 'host:' root path to: /mnt/f/Projects/tyrax2-lab-20261001/wild-pool2-static-probe-physical-v1/game/bin
[    0.3689] EE/iR5900 Recompiler Reset
[    0.4087] iR3000A Recompiler reset.
[    0.4258] Resetting host memory for virtual systems...
[    0.6710] Time Zone Offset: GMT+01:00
[    0.6711] Time Zone Location: Berlin
[    0.6711] DST: Winter Time
[    0.6711] Time Format: 24-Hour
[    0.6711] Date Format: DD/MM/YYYY
[    0.6711] System Time Basis: Operating System Time
[    0.6711] Resulting System Time: 2026-10-05 11:06:11
[    0.6711] Close virtual disk tray
[    0.6711] Media already loaded (fast boot)
[    0.6712] Opening GS...
[    0.7093] VK: Enabling extension: VK_KHR_get_surface_capabilities2
[    0.7196] Using Vulkan GPU 'llvmpipe (LLVM 15.0.7, 256 bits)' for automatic renderer check.
[    0.7197] Not using Vulkan for software renderer.
[    0.7198] acquireRenderWindow() recreate=true fullscreen=false render_to_main=true surfaceless=false
[    0.7222] (GetRefreshRateFromXRandR) Modeline is invalid: 0/0/0
[    0.7223] Surface refresh rate: 60 Hz
[    0.7226] Loading EGL from libEGL.so...
[    0.7237] GLAD EGL Version: 1.0
[    0.7237] Using EGL platform EGL_EXT_platform_x11.
[    0.7318] eglInitialize() version: 1.5
[    0.7319] GLAD EGL Version: 1.5
[    0.7319] Trying GL version 4.6
[    0.7320] eglCreateContext() failed: 0x3009
[    0.7320] Trying GL version 4.5
[    0.7440] Got GL version 4.5
[    0.7440] EGL_MIN_SWAP_INTERVAL = 1
[    0.7440] EGL_MAX_SWAP_INTERVAL = 1
[    0.7440] Negative swap interval/tear-control is NOT supported
[    0.7466] GL_VENDOR: Mesa
[    0.7466] GL_VERSION: 4.5 (Core Profile) Mesa 23.2.1-1ubuntu3.1~22.04.4
[    0.7466] GL_RENDERER: llvmpipe (LLVM 15.0.7, 256 bits)
[    0.7466] GL_SHADING_LANGUAGE_VERSION: 4.50
[    0.7467] GL_MAX_VERTEX_SHADER_STORAGE_BLOCKS: 16
[    0.7483] GL: Viewport Array:            Supported       => Using: GL_ARB_viewport_array
[    0.7483] GL: Direct State Access:       Supported       => Using: OpenGL 4.5 Core
[    0.7483] GL: Copy Image:                Supported       => Using: OpenGL 4.3 Core
[    0.7483] GL: Clip Control:              Supported       => Using: OpenGL 4.5 Core
[    0.7483] GL: Conservative Depth:        Supported       => Using: OpenGL 4.2 Core
[    0.7483] GL: CAS Sharpening:            Supported       => Using: OpenGL 4.2 Core
[    0.7483] GL: Texture Barriers:          Auto            => Using: Framebuffer Fetch
[    0.7483] GL: RGBA16 HW Blending:        Supported       => Using: RGBA16 UNORM
[    0.7483] GL: Point Expansion:           Supported       => Using: Hardware
[    0.7483] GL: Line Expansion:            Fallback        => Using: Vertex Expansion
[    0.7483] GL: Sprite Expansion:          Supported       => Using: Vertex Expansion
[    0.7483] GL: DXTn Texture Compression:  Supported       => Using: GL_EXT_texture_compression_s3tc
[    0.7483] GL: BC6/7 Texture Compression: Supported       => Using: OpenGL 4.2 Core
[    0.7559] 1 program binary formats supported by driver
[    0.7954] Program binary retrieved, 4105 bytes, format 34655
[    0.7959] Program binary retrieved, 4121 bytes, format 34655
[    0.7964] Program binary retrieved, 4249 bytes, format 34655
[    0.7969] Program binary retrieved, 4013 bytes, format 34655
[    0.7972] Program binary retrieved, 4013 bytes, format 34655
[    0.7976] Program binary retrieved, 4017 bytes, format 34655
[    0.7980] Program binary retrieved, 4017 bytes, format 34655
[    0.7985] Program binary retrieved, 4185 bytes, format 34655
[    0.7989] Program binary retrieved, 4217 bytes, format 34655
[    0.7994] Program binary retrieved, 4137 bytes, format 34655
[    0.7999] Program binary retrieved, 4125 bytes, format 34655
[    0.8004] Program binary retrieved, 4121 bytes, format 34655
[    0.8010] Program binary retrieved, 4253 bytes, format 34655
[    0.8017] Program binary retrieved, 4237 bytes, format 34655
[    0.8021] Program binary retrieved, 4245 bytes, format 34655
[    0.8025] Program binary retrieved, 4261 bytes, format 34655
[    0.8031] Program binary retrieved, 4965 bytes, format 34655
[    0.8036] Program binary retrieved, 4981 bytes, format 34655
[    0.8041] Program binary retrieved, 4261 bytes, format 34655
[    0.8046] Program binary retrieved, 4277 bytes, format 34655
[    0.8051] Program binary retrieved, 5005 bytes, format 34655
[    0.8057] Program binary retrieved, 5021 bytes, format 34655
[    0.8061] Program binary retrieved, 4257 bytes, format 34655
[    0.8065] Program binary retrieved, 4273 bytes, format 34655
[    0.8071] Program binary retrieved, 5001 bytes, format 34655
[    0.8076] Program binary retrieved, 5017 bytes, format 34655
[    0.8080] Program binary retrieved, 4277 bytes, format 34655
[    0.8084] Program binary retrieved, 4293 bytes, format 34655
[    0.8090] Program binary retrieved, 5057 bytes, format 34655
[    0.8096] Program binary retrieved, 5073 bytes, format 34655
[    0.8100] Program binary retrieved, 4153 bytes, format 34655
[    0.8104] Program binary retrieved, 4169 bytes, format 34655
[    0.8109] Program binary retrieved, 4233 bytes, format 34655
[    0.8115] Program binary retrieved, 5781 bytes, format 34655
[    0.8120] Program binary retrieved, 5373 bytes, format 34655
[    0.8126] Program binary retrieved, 6389 bytes, format 34655
[    0.8130] Program binary retrieved, 4917 bytes, format 34655
[    0.8135] Program binary retrieved, 4845 bytes, format 34655
[    0.8139] Program binary retrieved, 4997 bytes, format 34655
[    0.8144] Program binary retrieved, 4101 bytes, format 34655
[    0.8175] Program binary retrieved, 4137 bytes, format 34655
[    0.8210] Program binary retrieved, 4109 bytes, format 34655
[    0.8215] Program binary retrieved, 5389 bytes, format 34655
[    0.8219] Program binary retrieved, 5829 bytes, format 34655
[    0.8223] Program binary retrieved, 5857 bytes, format 34655
[    0.8227] Program binary retrieved, 4289 bytes, format 34655
[    0.8254] Program binary retrieved, 21205 bytes, format 34655
[    0.8258] Program binary retrieved, 4765 bytes, format 34655
[    0.8263] Program binary retrieved, 5685 bytes, format 34655
[    0.8267] Program binary retrieved, 4141 bytes, format 34655
[    0.8270] Program binary retrieved, 4537 bytes, format 34655
[    0.8274] Program binary retrieved, 4889 bytes, format 34655
[    0.8277] Program binary retrieved, 4117 bytes, format 34655
[    0.8281] Program binary retrieved, 4741 bytes, format 34655
[    0.8285] Program binary retrieved, 4965 bytes, format 34655
[    0.8291] Program binary retrieved, 6613 bytes, format 34655
[    0.8295] Program binary retrieved, 4797 bytes, format 34655
[    0.8311] Program binary retrieved, 13085 bytes, format 34655
[    0.8373] Program binary retrieved, 7285 bytes, format 34655
[    0.8430] Program binary retrieved, 5497 bytes, format 34655
[    0.8434] Program binary retrieved, 4141 bytes, format 34655
[    0.8437] Program binary retrieved, 4141 bytes, format 34655
[    0.8441] Program binary retrieved, 4145 bytes, format 34655
[    0.8446] Program binary retrieved, 4145 bytes, format 34655
[    0.8928] Program binary retrieved, 5369 bytes, format 34655
[    0.8944] OpenGL Graphics Driver Info:
[    0.8944] OpenGL Context:
[    0.8944] 4.5 (Core Profile) Mesa 23.2.1-1ubuntu3.1~22.04.4
[    0.8944] Mesa llvmpipe (LLVM 15.0.7, 256 bits)
[    0.8944] GLSL: 4.50
[    0.8973] Processor count: 24 cores, 24 processors, 1 clusters
[    0.8973] Ordered processor list: 12, 23, 22, 21, 20, 19, 18, 17, 16, 15, 14, 13, 0, 11, 10, 9, 8, 7, 6, 5, 4, 3, 2, 1
[    0.8973] Not pinning SW threads, we need 4 processors, but only have 0
[    0.8983] Opening SPU2...
[    0.8994] Creating Null audio stream, sample rate = 48000, expansion = Disabled, buffer = 50, latency = 32, stretching enabled, driver = wasapi, device = 
[    0.8995] Allocated buffer of 2432 frames for buffer of 50 ms [expansion Disabled (block size 2048), stretch disabled, target size 2432].
[    0.8995] Initializing Pad...
[    0.8995] Initializing SIO2...
[    0.8995] Initializing SIO0...
[    0.8995] Opening DEV9...
[    0.8995] DEV9: DEV9init
[    0.9003] DEV9: DEV9init2
[    0.9003] DEV9: DEV9init3
[    0.9054] DEV9: DEV9init ok
[    0.9055] DEV9: DEV9open
[    0.9055] Opening USB...
[    0.9055] Opening FW...
[    0.9058] Frame rate: 59.94, target speed: 1, target frame rate: 59.94, ticks per frame: 16683350
[    0.9074] MultiPause time: 142ns
[    0.9075] MultiPause time: 142ns
[    0.9076] MultiPause time: 144ns
[    0.9084] MultiPause time: 229ns
[    0.9097] VM subsystems initialized in 707.91 ms
[    0.9199] Failed to inhibit screen saver.
[    0.9200] Processor order assignment: EE=12, VU=23, GS=23
[    0.9201]   EE thread is on processor 12 (0x1000)
[    0.9202]   GS thread is on processor 23 (0x800000)
[    0.9296] Failed to inhibit screen saver.
[    0.9568] # Initialize memory (rev:3.70, ctm:197Mhz, cpuclk:147Mhz detected)
[    0.9650] R3000 Debugger: Branch to 0x890 (SYSMEM). Clearing modules.
[    0.9666] RegisterLibraryEntries: excepman version 1.01
[    0.9675] RegisterLibraryEntries:  intrman version 1.02
[    0.9676] RegisterLibraryEntries:   ssbusc version 1.01
[    0.9680] RegisterLibraryEntries:  dmacman version 1.02
[    0.9683] RegisterLibraryEntries:  timrman version 1.01
[    0.9686] RegisterLibraryEntries:  sysclib version 1.01
[    0.9687] RegisterLibraryEntries:    stdio version 1.01
[    0.9688] RegisterLibraryEntries:  heaplib version 1.01
[    0.9692] FW: read mem 0x1f80847c: 0x10000001
[    0.9692] FW: write mem 0x1f808414: 0x417f0000
[    0.9692] FW: read mem 0x1f808400: 0xffc00001
[    0.9693] FW: write mem 0x1f80844c: 0xffffffff
[    0.9693] FW: write mem 0x1f808420: 0xffffffff
[    0.9693] FW: write mem 0x1f808428: 0xffffffff
[    0.9693] FW: write mem 0x1f808430: 0xffffffff
[    0.9703] RegisterLibraryEntries:   thbase version 1.01
[    0.9704] RegisterLibraryEntries:  thevent version 1.01
[    0.9704] RegisterLibraryEntries:  thsemap version 1.01
[    0.9705] RegisterLibraryEntries:  thmsgbx version 1.01
[    0.9705] RegisterLibraryEntries:  thfpool version 1.01
[    0.9705] RegisterLibraryEntries:  thvpool version 1.01
[    0.9713] RegisterLibraryEntries:   vblank version 1.01
[    0.9718] RegisterLibraryEntries:    ioman version 1.02
[    0.9724] RegisterLibraryEntries:  modload version 1.01
[    0.9727] RegisterLibraryEntries:   romdrv version 2.01
[    0.9729] RegisterLibraryEntries:    stdio version 1.02
[    0.9733] RegisterLibraryEntries:   sifman version 1.01
[    0.9736] 
[    0.9736] PlayStation 2 ======== Hard reset boot
[    0.9738]  ROMGEN=2004-0614, IOP info (CPUID=1f, CACH_CONFIG=0, 2MB, IOP mode)
[    0.9739]  <20040614-100914,ROMconf,PS20200EC20040614.bin:11696>
[    0.9836] # Total accessable memory size: 32 MB (B:2:8:0) (370:2:7c30)
[    0.9848] # TLB spad=0 kernel=1:12 default=13:30 extended=31:38
[    1.0457] # Initialize Start.
[    1.0463] # Initialize GS ...
[    1.0463] # Initialize INTC ...
[    1.0463] # Initialize TIMER ...
[    1.0463] # Initialize DMAC ...
[    1.0464] # Initialize VU1 ...
[    1.0466] # Initialize VIF1 ...
[    1.0467] # Initialize GIF ...
[    1.0467] # Initialize VU0 ...
[    1.0468] # Initialize VIF0 ...
[    1.0469] # Initialize IPU ...
[    1.0470] # Initialize FPU ...
[    1.0471] # Initialize User Memory ...
[    1.1053] # Initialize Scratch Pad ...
[    1.1054] # Initialize Done.
[    1.1063] 
[    1.1063] EE DECI2 Manager version 0.06 Feb  6 2003 08:38:48
[    1.1063]   CPUID=2e20, BoardID=0, ROMGEN=2004-0614, 32M
[    1.1063] 
[    1.1066] RegisterLibraryEntries:   sifcmd version 1.01
[    1.1364] Initializing Elf: 4455708 bytes
[    1.1388] ELF Loading: host:vehicle-playground.elf, Game CRC = 255D8279, EntryPoint = 0x00100E78
[    1.1417] RegisterLibraryEntries:  cdvdman version 1.01
[    1.1450] Imported 823 symbols.
[    1.1484] RegisterLibraryEntries:  cdvdfsv version 1.01
[    1.1516] RegisterLibraryEntries:  secrman version 1.03
[    1.1518] RegisterLibraryEntries:   eesync version 1.01
[    1.1519] 
[    1.1519] IOP Realtime Kernel Ver.0.9.1
[    1.1519]     Copyright 1999 (C) Sony Computer Entertainment Inc. 
[    1.1525] Reboot service module.(99/11/10)
[    1.1550] cdvd driver module version 0.1.1 (C)SCEI
[    1.1555] Load File service.(99/11/05)
[    1.1556] Multi Threaded Fileio module.(99/11/15) 
[    1.1556] iop heap service (99/11/03)
[    1.1752] loadelf: fname host:vehicle-playground.elf secname all
[    1.1753] loadelf version 3.30
[    1.1774] Input ELF format filename = host:vehicle-playground.elf
[    1.2211] 1 00100000 003f3d3c ................................................................
[    1.2212] Loaded, host:vehicle-playground.elf
[    1.2213] start address 0x100e78
[    1.2213] gp address 00000000
[    1.2221] (VMManager) Pausing...
[    1.2222] (VMManager) Resuming...
[    1.2316] PINE: New client with FD 14 connected.
[    1.2320] PINE: Client disconnected.
[    1.2333] Failed to inhibit screen saver.
[    1.2334] EE/iR5900 Recompiler Reset
[    1.2489] # Restart Without Memory Clear.
[    1.2629] # Initialize GS ...
[    1.2629] # Initialize INTC ...
[    1.2629] # Initialize TIMER ...
[    1.2630] # Initialize DMAC ...
[    1.2631] # Initialize VU1 ...
[    1.2632] # Initialize VIF1 ...
[    1.2633] # Initialize GIF ...
[    1.2633] # Initialize VU0 ...
[    1.2634] # Initialize VIF0 ...
[    1.2634] # Initialize IPU ...
[    1.2636] # Initialize FPU ...
[    1.2636] # Initialize Scratch Pad ...
[    1.2636] # Restart Without Memory Clear Done.
[    1.2639] ELF host:vehicle-playground.elf with entry point at 0x00100E78 is executing.
[    1.2639] ELF changed, active CRC 255D8279 (host:vehicle-playground.elf)
[    1.2642] Applying core settings...
[    1.2649] Updating CPU configuration...
[    1.2649] iR3000A Recompiler reset.
[    1.2696] Debugger Settings Manager: Failed to read Saved Addresses array from settings file: '/home/spider/pool2-static-b192-arm0-repeat3-20261005/profile/PCSX2/inis/debuggersettings/vehicle-playground_255D8279.json'
[    1.2698] Debugger Settings Manager: Failed to read Saved Addresses array from settings file: '/home/spider/pool2-static-b192-arm0-repeat3-20261005/profile/PCSX2/inis/debuggersettings/vehicle-playground_255D8279.json'
[    1.2873] iR3000A Recompiler reset.
[    1.2942] EE/iR5900 Recompiler Reset
[    1.3076] (VMManager) Pausing...
[    1.3079] EE/iR5900 Recompiler Reset
[    1.3244] EE/iR5900 Recompiler Reset
[    1.3327] PINE: New client with FD 14 connected.
[    1.3332] PINE: Client disconnected.
[    1.3387] iR3000A Recompiler reset.
[    1.3434] EE/iR5900 Recompiler Reset
[    1.3595] iR3000A Recompiler reset.
[    1.3637] EE/iR5900 Recompiler Reset
[    1.3810] iR3000A Recompiler reset.
[    1.3853] EE/iR5900 Recompiler Reset
[    1.4028] iR3000A Recompiler reset.
[    1.4068] EE/iR5900 Recompiler Reset
[    1.4660] PINE: New client with FD 14 connected.
[    1.4663] OSD [SaveStateSlot140]: Saving state to slot 140...
[    1.4945]   Saving SPU2
[    1.4951]   Saving GS
[    1.5936] OSD [SaveStateSlot140]: Saved state to slot 140.
[    1.5937] Zipping save state to '/home/spider/pool2-static-b192-arm0-repeat3-20261005/profile/PCSX2/sstates/vehicle-playground (255D8279).140.p2s' took 91.79 ms
[    2.7465] PINE: Client disconnected.
[    3.2435] PINE: New client with FD 14 connected.
[    3.2483] (VMManager) Resuming...
[    3.2602] Failed to inhibit screen saver.
[    3.2618] BIOS: Successfully found the instruction pattern. Assuming the thread list is here: 8001a640
[    3.2648] Warning: GetOsdConfigParam2 Reading extended language/version configs, may be incorrect!
[    3.2759] read/write allocate memory 4000
[    3.2760] open name host:/ps2link.run flag 1 data 41378
[    3.2768] open fd = -5
[    3.2797] Get Reboot Request From EE
[    3.2811] R3000 Debugger: Branch to 0x890 (SYSMEM). Clearing modules.
[    3.2830] RegisterLibraryEntries: excepman version 1.01
[    3.2841] RegisterLibraryEntries:  intrman version 1.02
[    3.2843] RegisterLibraryEntries:   ssbusc version 1.01
[    3.2848] RegisterLibraryEntries:  dmacman version 1.02
[    3.2853] RegisterLibraryEntries:  timrman version 1.01
[    3.2859] RegisterLibraryEntries:  sysclib version 1.01
[    3.2859] RegisterLibraryEntries:    stdio version 1.01
[    3.2861] RegisterLibraryEntries:  heaplib version 1.01
[    3.2887] RegisterLibraryEntries:   thbase version 1.01
[    3.2889] RegisterLibraryEntries:  thevent version 1.01
[    3.2889] RegisterLibraryEntries:  thsemap version 1.01
[    3.2889] RegisterLibraryEntries:  thmsgbx version 1.01
[    3.2890] RegisterLibraryEntries:  thfpool version 1.01
[    3.2890] RegisterLibraryEntries:  thvpool version 1.01
[    3.2904] RegisterLibraryEntries:   vblank version 1.01
[    3.2910] RegisterLibraryEntries:    ioman version 1.02
[    3.2921] RegisterLibraryEntries:  modload version 1.01
[    3.2994] RegisterLibraryEntries:   romdrv version 2.01
[    3.2998] RegisterLibraryEntries:    stdio version 1.02
[    3.3004] RegisterLibraryEntries:   sifman version 1.01
[    3.3009] 
[    3.3009] PlayStation 2 ======== Soft reboot
[    3.3016] RegisterLibraryEntries:   sifcmd version 1.01
[    3.3055] RegisterLibraryEntries:  cdvdman version 1.01
[    3.3070] RegisterLibraryEntries:  cdvdfsv version 1.01
[    3.3143] RegisterLibraryEntries:  secrman version 1.03
[    3.3145] RegisterLibraryEntries:   eesync version 1.01
[    3.3146] 
[    3.3146] IOP Realtime Kernel Ver.0.9.1
[    3.3147]     Copyright 1999 (C) Sony Computer Entertainment Inc. 
[    3.3152] Reboot service module.(99/11/10)
[    3.3171] [EE] Skipping timeout loop at 0x002D2FB0 -> 0x002D2FD0
[    3.3171] cdvd driver module version 0.1.1 (C)SCEI
[    3.3174] Load File service.(99/11/05)
[    3.3175] Multi Threaded Fileio module.(99/11/15) 
[    3.3176] iop heap service (99/11/03)
[    3.3372] RegisterLibraryEntries:   iomanx version 1.01
[    3.3384] fileXio: fileXio: fileXio RPC Server v1.00
[    3.3384] Copyright (c) 2003 adresd
[    3.3386] RegisterLibraryEntries:  sio2man version 2.07
[    3.3387] RegisterLibraryEntries:  sio2man version 1.02
[    3.3395] RegisterLibraryEntries:   padman version 1.02
[    3.3396] Pad Driver for OSD
[    3.3402] FREESD v1.01
[    3.3402] RegisterLibraryEntries:    libsd version 1.04
[    3.3407] debug_level = 1 (ps2snd 0.1
[    3.3491] PINE: Client disconnected.
[    3.3531] greetings from version 0.93 !
[    3.3532] RegisterLibraryEntries:   audsrv version 1.04
[    3.3533] audsrv_adpcm_init()
[    3.3545] UpdateVSyncRate: Mode Changed to SDTV 480p.
[    3.3545] Frame rate: 59.94, target speed: 1, target frame rate: 59.94, ticks per frame: 16683350
[    3.3545] Set GS CRTC configuration. SDTV   720x480 @ 59.94 Progressive (FRAME)
[    5.4248] read/write allocate memory 4000
[    5.4250] 
[    5.4253] -----------------------------------------
[    5.4253]         _____        ____   ___
[    5.4254]           |     /   ____| |___|
[    5.4254]           |     |   |     |   |
[    5.4255] -----------------------------------------
[    5.4255] Copyright 2022
[    5.4256] Repository: https://github.com/h4570/tyra
[    5.4257] Licensed under Apache License 2.0
[    5.4262] Version: 2.2.0
[    5.4262] -----------------------------------------
[    5.4263] 
[    5.5912] audsrv_adpcm_init()
[    5.5923] [EE] Skipping timeout loop at 0x00102CB0 -> 0x00102CD0
[    5.6249] Curent pad(0,0) status: EXECCMD
[    5.8229] Pad: DS2 Config Finished - P1/S1 - AL: Off - AB: Usable - VS: Disabled - VL: Disabled - RB: D (0x00000000)
[    5.8571] Curent pad(0,0) status: EXECCMD
[    5.9230] Pad: DS2 Config Finished - P1/S1 - AL: On - AB: Locked - VS: Disabled - VL: Disabled - RB: D (0x00000000)
[    6.1231] Pad: DS2 Config Finished - P1/S1 - AL: On - AB: Locked - VS: Disabled - VL: Disabled - RB: D (0x00000000)
[    6.1567] Curent pad(0,0) status: EXECCMD
[    6.4231] Pad: DS2 Config Finished - P1/S1 - AL: On - AB: Locked - VS: Disabled - VL: Disabled - RB: D+A+P (0x0003FFFF)
[    6.6238] Pad: DS2 Config Finished - P1/S1 - AL: On - AB: Locked - VS: Disabled - VL: Disabled - RB: D+A+P (0x0003FFFF)
[    6.6601] open name host:/pool2-probe.cfg flag 1 data 41378
[    6.6616] open fd = 256
[    6.6668] open name host:/hud/flare-corona.png flag 1 data 41378
[    6.6686] open fd = 256
[    6.6891] LOG: POOL2PROBE_CONFIG arm=0 vertices=192 members=2 repeats=3 package=75 alpha=128
[    6.6904] FRAMEARENA allocated=1 bytes=1048576
[    6.7015] microVU1: Cached Prog = [000] [PC=18e0] [List=01] (Cache=0.000%) [0.0mb]
[    6.7024] microVU1: 3 cycle stall on branch instruction [1f78]
[    6.7032] microVU1: Cached Prog = [001] [PC=2480] [List=01] (Cache=0.246%) [0.1mb]
[    6.7040] microVU1: 3 cycle stall on branch instruction [1f78]
[    6.7161] LOG: POOL2PROBE_FRAME frame=1 cold=1 arm=0 eligible=3 applied=0 compared=3 mismatches=0
[    6.7310] LOG: POOL2PROBE_FRAME frame=2 cold=0 arm=0 eligible=3 applied=0 compared=3 mismatches=0
[    6.7432] LOG: POOL2PROBE_FRAME frame=3 cold=0 arm=0 eligible=3 applied=0 compared=3 mismatches=0
[    6.7433] LOG: POOL2PROBE_READY arm=0 vertices=192 repeats=3 completed=3 warmBypass=0
[    6.7434] (VMManager) Pausing...
[    6.7774] PINE: New client with FD 14 connected.
[    6.7778] PINE: Client disconnected.
[    6.9004] PINE: New client with FD 14 connected.
[    6.9009] OSD [SaveStateSlot170]: Saving state to slot 170...
[    6.9294]   Saving SPU2
[    6.9304]   Saving GS
[    7.0310] OSD [SaveStateSlot170]: Saved state to slot 170.
[    7.0311] Zipping save state to '/home/spider/pool2-static-b192-arm0-repeat3-20261005/profile/PCSX2/sstates/vehicle-playground (255D8279).170.p2s' took 94.86 ms
[    8.1978] PINE: Client disconnected.
