[    0.0148] Program Path: /home/spider/tyrax2-debugger-linux-v1/squashfs-root/usr/bin/pcsx2-qt
[    0.0149] AppRoot Directory: /home/spider/tyrax2-debugger-linux-v1/squashfs-root/usr/bin
[    0.0149] Resources Directory: /home/spider/tyrax2-debugger-linux-v1/squashfs-root/usr/bin/resources
[    0.0149] DataRoot Directory: /home/spider/pool-lattice-probe-b192-arm1-repeat2-20261005-v1/profile/PCSX2
[    0.0149] Loading config from /home/spider/pool-lattice-probe-b192-arm1-repeat2-20261005-v1/profile/PCSX2/inis/PCSX2.ini.
[    0.0151] Loading secrets from /home/spider/pool-lattice-probe-b192-arm1-repeat2-20261005-v1/profile/PCSX2/inis/secrets.ini.
[    0.0155] BIOS Directory: /mnt/c/Users/pawel/OneDrive/Documents/PCSX2/bios
[    0.0155] Snapshots Directory: /home/spider/pool-lattice-probe-b192-arm1-repeat2-20261005-v1/profile/PCSX2/snaps
[    0.0156] Savestates Directory: /home/spider/pool-lattice-probe-b192-arm1-repeat2-20261005-v1/profile/PCSX2/sstates
[    0.0156] MemoryCards Directory: /home/spider/pool-lattice-probe-b192-arm1-repeat2-20261005-v1/profile/PCSX2/memcards
[    0.0156] Logs Directory: /home/spider/pool-lattice-probe-b192-arm1-repeat2-20261005-v1/profile/PCSX2/logs
[    0.0156] Cheats Directory: /home/spider/pool-lattice-probe-b192-arm1-repeat2-20261005-v1/profile/PCSX2/cheats
[    0.0156] Patches Directory: /home/spider/pool-lattice-probe-b192-arm1-repeat2-20261005-v1/profile/PCSX2/patches
[    0.0156] Covers Directory: /home/spider/pool-lattice-probe-b192-arm1-repeat2-20261005-v1/profile/PCSX2/covers
[    0.0156] Game Settings Directory: /home/spider/pool-lattice-probe-b192-arm1-repeat2-20261005-v1/profile/PCSX2/gamesettings
[    0.0156] Resources Directory: /home/spider/tyrax2-debugger-linux-v1/squashfs-root/usr/bin/resources
[    0.0156] User Resources Directory: /home/spider/pool-lattice-probe-b192-arm1-repeat2-20261005-v1/profile/PCSX2/resources
[    0.0156] Cache Directory: /home/spider/pool-lattice-probe-b192-arm1-repeat2-20261005-v1/profile/PCSX2/cache
[    0.0156] Textures Directory: /home/spider/pool-lattice-probe-b192-arm1-repeat2-20261005-v1/profile/PCSX2/textures
[    0.0156] Input Profile Directory: /home/spider/pool-lattice-probe-b192-arm1-repeat2-20261005-v1/profile/PCSX2/inputprofiles
[    0.0156] Video Dumping Directory: /home/spider/pool-lattice-probe-b192-arm1-repeat2-20261005-v1/profile/PCSX2/videos
[    0.0156] Debugger Layouts Directory: /home/spider/pool-lattice-probe-b192-arm1-repeat2-20261005-v1/profile/PCSX2/inis/debuggerlayouts
[    0.0156] Debugger Settings Directory: /home/spider/pool-lattice-probe-b192-arm1-repeat2-20261005-v1/profile/PCSX2/inis/debuggersettings
[    0.0305] Loaded translation file for language en-US
[    0.0367] PCSX2 v2.9.93
[    0.0367] Savestate version: 0x9a590000
[    0.0367] 
[    0.0367] 
[    0.0367] Host Machine Init:
[    0.0369]   Operating System = Ubuntu 22.04
[    0.0369]   Available RAM    = 49098 MB (47.95 GB)
[    0.0369]   Physical RAM     = 50191 MB (49.02 GB)
[    0.0369] 
[    0.0369]   Processor        = AMD Ryzen Threadripper 1920X
[    0.0369]   Core Count       = 24 cores
[    0.0369]   Thread Count     = 24 threads
[    0.0369]   Cluster Count    = 1 clusters
[    0.0369] CPU Extensions Detected:
[    0.0369]   AVX AVX2
[    0.0369] 
[    0.0369] Allocating host memory for virtual systems...
[    0.0373]   EE Main Memory                   @ 0x00007F1DE7200000 -> 0x00007F1DF0100000 [143mb]
[    0.0373]   IOP Main Memory                  @ 0x00007F1DF0100000 -> 0x00007F1DF8200000 [129mb]
[    0.0373]   VU0/1 On-Chip Memory             @ 0x00007F1DF8200000 -> 0x00007F1DF8300000 [1mb]
[    0.0374]   VTLB Virtual Map                 @ 0x00007F1DF8300000 -> 0x00007F1DF8B00000 [8mb]
[    0.0374]   VTLB Address Map                 @ 0x00007F1DF8B00000 -> 0x00007F1DF8F00000 [4mb]
[    0.0374]   R5900 Recompiler Cache           @ 0x00007F1DF8F00000 -> 0x00007F1DFCF00000 [64mb]
[    0.0374]   R3000A Recompiler Cache          @ 0x00007F1DFCF00000 -> 0x00007F1DFEF00000 [32mb]
[    0.0374]   Micro VU0 Recompiler Cache       @ 0x00007F1DFFF00000 -> 0x00007F1E03F00000 [64mb]
[    0.0374]   Micro VU1 Recompiler Cache       @ 0x00007F1E03F00000 -> 0x00007F1E07F00000 [64mb]
[    0.0374]   VIF0 Unpack Recompiler Cache     @ 0x00007F1DFEF00000 -> 0x00007F1DFF700000 [8mb]
[    0.0374]   VIF1 Unpack Recompiler Cache     @ 0x00007F1DFF700000 -> 0x00007F1DFFF00000 [8mb]
[    0.0374]   VIF Unpack Recompiler Cache      @ 0x00007F1E07F00000 -> 0x00007F1E08000000 [1mb]
[    0.0374]   GS Software Renderer             @ 0x00007F1E08000000 -> 0x00007F1E0C000000 [64mb]
[    0.0411] Fastmem area: 0x7f1ce7200000 - 0x7f1de71fffff
[    0.0418] Generating SSE-optimized unpacking functions for VIF interpreters...
[    0.0422] Unpack function generation complete.  Generated function statistics:
[    0.0423]   Reserved buffer    : 1048576 bytes @ 0x00007F1E07F00000
[    0.0423]   x86 code generated : 7422 bytes
[    0.0423] 
[    0.0427] SDLInputSource: Using Controller DB from resources.
[    0.0602] SDLInputSource: 765 gamepad mappings are loaded.
[    0.0603] Invalid binding: 'XInput-0/DPadUp'
[    0.0603] Invalid binding: 'XInput-0/DPadRight'
[    0.0603] Invalid binding: 'XInput-0/DPadDown'
[    0.0603] Invalid binding: 'XInput-0/DPadLeft'
[    0.0603] Invalid binding: 'XInput-0/Y'
[    0.0603] Invalid binding: 'XInput-0/B'
[    0.0603] Invalid binding: 'XInput-0/A'
[    0.0603] Invalid binding: 'XInput-0/X'
[    0.0603] Invalid binding: 'XInput-0/Back'
[    0.0603] Invalid binding: 'XInput-0/Start'
[    0.0603] Invalid binding: 'XInput-0/LeftShoulder'
[    0.0603] Invalid binding: 'XInput-0/+LeftTrigger'
[    0.0603] Invalid binding: 'XInput-0/RightShoulder'
[    0.0603] Invalid binding: 'XInput-0/+RightTrigger'
[    0.0603] Invalid binding: 'XInput-0/LeftStick'
[    0.0603] Invalid binding: 'XInput-0/RightStick'
[    0.0603] Invalid binding: 'XInput-0/Guide'
[    0.0603] Invalid binding: 'XInput-0/-LeftY'
[    0.0603] Invalid binding: 'XInput-0/+LeftX'
[    0.0604] Invalid binding: 'XInput-0/+LeftY'
[    0.0604] Invalid binding: 'XInput-0/-LeftX'
[    0.0604] Invalid binding: 'XInput-0/-RightY'
[    0.0604] Invalid binding: 'XInput-0/+RightX'
[    0.0604] Invalid binding: 'XInput-0/+RightY'
[    0.0604] Invalid binding: 'XInput-0/-RightX'
[    0.0609] Settings: Advanced Settings are enabled; only proceed if you know what you're doing! No support will be provided if you have the option enabled.
[    0.1096] Scanning F:\PS2\Games (recursively)
[    0.2210] Loading BIOS...
[    0.2349] BIOS Found: Europe  v02.00(14/06/2004)  Console 20040614-100914
[    0.3010] Mechacon version: 0x00020603
[    0.3037] Opening CDVD...
[    0.3402] Initializing Elf: 4470780 bytes
[    0.3411] Disc changed to .
[    0.3411]   Name: vehicle-playground [?]
[    0.3411]   Serial: vehicle-playground
[    0.3411]   Version: 
[    0.3412]   CRC: 57773078
[    0.3412] No game settings found (tried '/home/spider/pool-lattice-probe-b192-arm1-repeat2-20261005-v1/profile/PCSX2/gamesettings/57773078.ini')
[    0.3412] Applying settings...
[    0.3414] Invalid binding: 'XInput-0/DPadUp'
[    0.3414] Invalid binding: 'XInput-0/DPadRight'
[    0.3414] Invalid binding: 'XInput-0/DPadDown'
[    0.3414] Invalid binding: 'XInput-0/DPadLeft'
[    0.3414] Invalid binding: 'XInput-0/Y'
[    0.3415] Invalid binding: 'XInput-0/B'
[    0.3415] Invalid binding: 'XInput-0/A'
[    0.3415] Invalid binding: 'XInput-0/X'
[    0.3415] Invalid binding: 'XInput-0/Back'
[    0.3415] Invalid binding: 'XInput-0/Start'
[    0.3415] Invalid binding: 'XInput-0/LeftShoulder'
[    0.3415] Invalid binding: 'XInput-0/+LeftTrigger'
[    0.3415] Invalid binding: 'XInput-0/RightShoulder'
[    0.3415] Invalid binding: 'XInput-0/+RightTrigger'
[    0.3415] Invalid binding: 'XInput-0/LeftStick'
[    0.3415] Invalid binding: 'XInput-0/RightStick'
[    0.3415] Invalid binding: 'XInput-0/Guide'
[    0.3415] Invalid binding: 'XInput-0/-LeftY'
[    0.3415] Invalid binding: 'XInput-0/+LeftX'
[    0.3415] Invalid binding: 'XInput-0/+LeftY'
[    0.3415] Invalid binding: 'XInput-0/-LeftX'
[    0.3415] Invalid binding: 'XInput-0/-RightY'
[    0.3415] Invalid binding: 'XInput-0/+RightX'
[    0.3415] Invalid binding: 'XInput-0/+RightY'
[    0.3415] Invalid binding: 'XInput-0/-RightX'
[    0.3418] GameDB: Has not been initialized yet, initializing...
[    0.3898] GameDB: 12841 games on record (loaded in 47.99ms)
[    0.3923] Reopening memory cards...
[    0.3923] (FileMcd) Creating new 8MB memory card: /home/spider/pool-lattice-probe-b192-arm1-repeat2-20261005-v1/profile/PCSX2/memcards/Mcd001.ps2
[    0.4020] McdSlot 0 [File]: Mcd001.ps2 [8 MB, UNFORMATTED]
[    0.4020] McdSlot 1 [File]: [disabled/empty filename]
[    0.4074] HLE Host: Set 'host:' root path to: /mnt/f/Projects/tyrax2-lab-20261001/wild-pool-lattice-probe-physical-v1/game/bin
[    0.4075] EE/iR5900 Recompiler Reset
[    0.4516] iR3000A Recompiler reset.
[    0.4683] Resetting host memory for virtual systems...
[    0.7226] Time Zone Offset: GMT+01:00
[    0.7227] Time Zone Location: Berlin
[    0.7227] DST: Winter Time
[    0.7227] Time Format: 24-Hour
[    0.7227] Date Format: DD/MM/YYYY
[    0.7227] System Time Basis: Operating System Time
[    0.7227] Resulting System Time: 2026-10-05 13:42:12
[    0.7227] Close virtual disk tray
[    0.7227] Media already loaded (fast boot)
[    0.7227] Opening GS...
[    0.7649] VK: Enabling extension: VK_KHR_get_surface_capabilities2
[    0.7760] Using Vulkan GPU 'llvmpipe (LLVM 15.0.7, 256 bits)' for automatic renderer check.
[    0.7760] Not using Vulkan for software renderer.
[    0.7761] acquireRenderWindow() recreate=true fullscreen=false render_to_main=true surfaceless=false
[    0.7792] (GetRefreshRateFromXRandR) Modeline is invalid: 0/0/0
[    0.7792] Surface refresh rate: 60 Hz
[    0.7798] Loading EGL from libEGL.so...
[    0.7813] GLAD EGL Version: 1.0
[    0.7813] Using EGL platform EGL_EXT_platform_x11.
[    0.7898] eglInitialize() version: 1.5
[    0.7899] GLAD EGL Version: 1.5
[    0.7899] Trying GL version 4.6
[    0.7900] eglCreateContext() failed: 0x3009
[    0.7900] Trying GL version 4.5
[    0.8023] Got GL version 4.5
[    0.8023] EGL_MIN_SWAP_INTERVAL = 1
[    0.8023] EGL_MAX_SWAP_INTERVAL = 1
[    0.8023] Negative swap interval/tear-control is NOT supported
[    0.8051] GL_VENDOR: Mesa
[    0.8051] GL_VERSION: 4.5 (Core Profile) Mesa 23.2.1-1ubuntu3.1~22.04.4
[    0.8051] GL_RENDERER: llvmpipe (LLVM 15.0.7, 256 bits)
[    0.8051] GL_SHADING_LANGUAGE_VERSION: 4.50
[    0.8052] GL_MAX_VERTEX_SHADER_STORAGE_BLOCKS: 16
[    0.8052] GL: Viewport Array:            Supported       => Using: GL_ARB_viewport_array
[    0.8052] GL: Direct State Access:       Supported       => Using: OpenGL 4.5 Core
[    0.8052] GL: Copy Image:                Supported       => Using: OpenGL 4.3 Core
[    0.8052] GL: Clip Control:              Supported       => Using: OpenGL 4.5 Core
[    0.8052] GL: Conservative Depth:        Supported       => Using: OpenGL 4.2 Core
[    0.8052] GL: CAS Sharpening:            Supported       => Using: OpenGL 4.2 Core
[    0.8052] GL: Texture Barriers:          Auto            => Using: Framebuffer Fetch
[    0.8052] GL: RGBA16 HW Blending:        Supported       => Using: RGBA16 UNORM
[    0.8052] GL: Point Expansion:           Supported       => Using: Hardware
[    0.8052] GL: Line Expansion:            Fallback        => Using: Vertex Expansion
[    0.8052] GL: Sprite Expansion:          Supported       => Using: Vertex Expansion
[    0.8052] GL: DXTn Texture Compression:  Supported       => Using: GL_EXT_texture_compression_s3tc
[    0.8052] GL: BC6/7 Texture Compression: Supported       => Using: OpenGL 4.2 Core
[    0.8156] 1 program binary formats supported by driver
[    0.8523] Program binary retrieved, 4105 bytes, format 34655
[    0.8527] Program binary retrieved, 4121 bytes, format 34655
[    0.8531] Program binary retrieved, 4249 bytes, format 34655
[    0.8535] Program binary retrieved, 4013 bytes, format 34655
[    0.8539] Program binary retrieved, 4013 bytes, format 34655
[    0.8543] Program binary retrieved, 4017 bytes, format 34655
[    0.8546] Program binary retrieved, 4017 bytes, format 34655
[    0.8550] Program binary retrieved, 4185 bytes, format 34655
[    0.8554] Program binary retrieved, 4217 bytes, format 34655
[    0.8558] Program binary retrieved, 4137 bytes, format 34655
[    0.8561] Program binary retrieved, 4125 bytes, format 34655
[    0.8565] Program binary retrieved, 4121 bytes, format 34655
[    0.8570] Program binary retrieved, 4253 bytes, format 34655
[    0.8576] Program binary retrieved, 4237 bytes, format 34655
[    0.8580] Program binary retrieved, 4245 bytes, format 34655
[    0.8585] Program binary retrieved, 4261 bytes, format 34655
[    0.8589] Program binary retrieved, 4965 bytes, format 34655
[    0.8597] Program binary retrieved, 4981 bytes, format 34655
[    0.8603] Program binary retrieved, 4261 bytes, format 34655
[    0.8606] Program binary retrieved, 4277 bytes, format 34655
[    0.8612] Program binary retrieved, 5005 bytes, format 34655
[    0.8617] Program binary retrieved, 5021 bytes, format 34655
[    0.8621] Program binary retrieved, 4257 bytes, format 34655
[    0.8625] Program binary retrieved, 4273 bytes, format 34655
[    0.8630] Program binary retrieved, 5001 bytes, format 34655
[    0.8636] Program binary retrieved, 5017 bytes, format 34655
[    0.8639] Program binary retrieved, 4277 bytes, format 34655
[    0.8644] Program binary retrieved, 4293 bytes, format 34655
[    0.8649] Program binary retrieved, 5057 bytes, format 34655
[    0.8654] Program binary retrieved, 5073 bytes, format 34655
[    0.8658] Program binary retrieved, 4153 bytes, format 34655
[    0.8661] Program binary retrieved, 4169 bytes, format 34655
[    0.8666] Program binary retrieved, 4233 bytes, format 34655
[    0.8671] Program binary retrieved, 5781 bytes, format 34655
[    0.8676] Program binary retrieved, 5373 bytes, format 34655
[    0.8682] Program binary retrieved, 6389 bytes, format 34655
[    0.8686] Program binary retrieved, 4917 bytes, format 34655
[    0.8691] Program binary retrieved, 4845 bytes, format 34655
[    0.8696] Program binary retrieved, 4997 bytes, format 34655
[    0.8700] Program binary retrieved, 4101 bytes, format 34655
[    0.8732] Program binary retrieved, 4137 bytes, format 34655
[    0.8787] Program binary retrieved, 4109 bytes, format 34655
[    0.8791] Program binary retrieved, 5389 bytes, format 34655
[    0.8796] Program binary retrieved, 5829 bytes, format 34655
[    0.8800] Program binary retrieved, 5857 bytes, format 34655
[    0.8804] Program binary retrieved, 4289 bytes, format 34655
[    0.8832] Program binary retrieved, 21205 bytes, format 34655
[    0.8837] Program binary retrieved, 4765 bytes, format 34655
[    0.8842] Program binary retrieved, 5685 bytes, format 34655
[    0.8845] Program binary retrieved, 4141 bytes, format 34655
[    0.8848] Program binary retrieved, 4537 bytes, format 34655
[    0.8852] Program binary retrieved, 4889 bytes, format 34655
[    0.8855] Program binary retrieved, 4117 bytes, format 34655
[    0.8859] Program binary retrieved, 4741 bytes, format 34655
[    0.8863] Program binary retrieved, 4965 bytes, format 34655
[    0.8870] Program binary retrieved, 6613 bytes, format 34655
[    0.8874] Program binary retrieved, 4797 bytes, format 34655
[    0.8891] Program binary retrieved, 13085 bytes, format 34655
[    0.8959] Program binary retrieved, 7285 bytes, format 34655
[    0.9018] Program binary retrieved, 5497 bytes, format 34655
[    0.9021] Program binary retrieved, 4141 bytes, format 34655
[    0.9025] Program binary retrieved, 4141 bytes, format 34655
[    0.9029] Program binary retrieved, 4145 bytes, format 34655
[    0.9034] Program binary retrieved, 4145 bytes, format 34655
[    0.9493] Program binary retrieved, 5369 bytes, format 34655
[    0.9509] OpenGL Graphics Driver Info:
[    0.9509] OpenGL Context:
[    0.9509] 4.5 (Core Profile) Mesa 23.2.1-1ubuntu3.1~22.04.4
[    0.9509] Mesa llvmpipe (LLVM 15.0.7, 256 bits)
[    0.9509] GLSL: 4.50
[    0.9538] Processor count: 24 cores, 24 processors, 1 clusters
[    0.9539] Ordered processor list: 12, 23, 22, 21, 20, 19, 18, 17, 16, 15, 14, 13, 0, 11, 10, 9, 8, 7, 6, 5, 4, 3, 2, 1
[    0.9539] Not pinning SW threads, we need 4 processors, but only have 0
[    0.9543] Opening SPU2...
[    0.9545] Creating Null audio stream, sample rate = 48000, expansion = Disabled, buffer = 50, latency = 32, stretching enabled, driver = wasapi, device = 
[    0.9545] Allocated buffer of 2432 frames for buffer of 50 ms [expansion Disabled (block size 2048), stretch disabled, target size 2432].
[    0.9545] Initializing Pad...
[    0.9546] Initializing SIO2...
[    0.9546] Initializing SIO0...
[    0.9546] Opening DEV9...
[    0.9546] DEV9: DEV9init
[    0.9555] DEV9: DEV9init2
[    0.9555] DEV9: DEV9init3
[    0.9590] DEV9: DEV9init ok
[    0.9590] DEV9: DEV9open
[    0.9590] Opening USB...
[    0.9590] Opening FW...
[    0.9593] Frame rate: 59.94, target speed: 1, target frame rate: 59.94, ticks per frame: 16683350
[    0.9627] VM subsystems initialized in 746.64 ms
[    0.9641] MultiPause time: 142ns
[    0.9653] MultiPause time: 190ns
[    0.9654] MultiPause time: 142ns
[    0.9654] MultiPause time: 142ns
[    0.9734] Failed to inhibit screen saver.
[    0.9734] Processor order assignment: EE=12, VU=23, GS=23
[    0.9734]   EE thread is on processor 12 (0x1000)
[    0.9735]   GS thread is on processor 23 (0x800000)
[    0.9838] Failed to inhibit screen saver.
[    1.0097] # Initialize memory (rev:3.70, ctm:197Mhz, cpuclk:147Mhz detected)
[    1.0183] R3000 Debugger: Branch to 0x890 (SYSMEM). Clearing modules.
[    1.0198] RegisterLibraryEntries: excepman version 1.01
[    1.0210] RegisterLibraryEntries:  intrman version 1.02
[    1.0211] RegisterLibraryEntries:   ssbusc version 1.01
[    1.0214] RegisterLibraryEntries:  dmacman version 1.02
[    1.0218] RegisterLibraryEntries:  timrman version 1.01
[    1.0220] RegisterLibraryEntries:  sysclib version 1.01
[    1.0221] RegisterLibraryEntries:    stdio version 1.01
[    1.0222] RegisterLibraryEntries:  heaplib version 1.01
[    1.0226] FW: read mem 0x1f80847c: 0x10000001
[    1.0226] FW: write mem 0x1f808414: 0x417f0000
[    1.0226] FW: read mem 0x1f808400: 0xffc00001
[    1.0226] FW: write mem 0x1f80844c: 0xffffffff
[    1.0226] FW: write mem 0x1f808420: 0xffffffff
[    1.0226] FW: write mem 0x1f808428: 0xffffffff
[    1.0226] FW: write mem 0x1f808430: 0xffffffff
[    1.0237] RegisterLibraryEntries:   thbase version 1.01
[    1.0238] RegisterLibraryEntries:  thevent version 1.01
[    1.0238] RegisterLibraryEntries:  thsemap version 1.01
[    1.0238] RegisterLibraryEntries:  thmsgbx version 1.01
[    1.0239] RegisterLibraryEntries:  thfpool version 1.01
[    1.0239] RegisterLibraryEntries:  thvpool version 1.01
[    1.0246] RegisterLibraryEntries:   vblank version 1.01
[    1.0252] RegisterLibraryEntries:    ioman version 1.02
[    1.0260] RegisterLibraryEntries:  modload version 1.01
[    1.0263] RegisterLibraryEntries:   romdrv version 2.01
[    1.0265] RegisterLibraryEntries:    stdio version 1.02
[    1.0269] RegisterLibraryEntries:   sifman version 1.01
[    1.0272] 
[    1.0272] PlayStation 2 ======== Hard reset boot
[    1.0274]  ROMGEN=2004-0614, IOP info (CPUID=1f, CACH_CONFIG=0, 2MB, IOP mode)
[    1.0275]  <20040614-100914,ROMconf,PS20200EC20040614.bin:11696>
[    1.0367] # Total accessable memory size: 32 MB (B:2:8:0) (370:2:7c30)
[    1.0377] # TLB spad=0 kernel=1:12 default=13:30 extended=31:38
[    1.0979] # Initialize Start.
[    1.0984] # Initialize GS ...
[    1.0984] # Initialize INTC ...
[    1.0984] # Initialize TIMER ...
[    1.0985] # Initialize DMAC ...
[    1.0986] # Initialize VU1 ...
[    1.0988] # Initialize VIF1 ...
[    1.0989] # Initialize GIF ...
[    1.0990] # Initialize VU0 ...
[    1.0991] # Initialize VIF0 ...
[    1.0991] # Initialize IPU ...
[    1.0993] # Initialize FPU ...
[    1.0993] # Initialize User Memory ...
[    1.1591] # Initialize Scratch Pad ...
[    1.1591] # Initialize Done.
[    1.1600] 
[    1.1600] EE DECI2 Manager version 0.06 Feb  6 2003 08:38:48
[    1.1601]   CPUID=2e20, BoardID=0, ROMGEN=2004-0614, 32M
[    1.1601] 
[    1.1603] RegisterLibraryEntries:   sifcmd version 1.01
[    1.1970] Initializing Elf: 4470780 bytes
[    1.1990] ELF Loading: host:vehicle-playground.elf, Game CRC = 57773078, EntryPoint = 0x00100E78
[    1.2021] RegisterLibraryEntries:  cdvdman version 1.01
[    1.2049] Imported 823 symbols.
[    1.2107] RegisterLibraryEntries:  cdvdfsv version 1.01
[    1.2122] RegisterLibraryEntries:  secrman version 1.03
[    1.2123] RegisterLibraryEntries:   eesync version 1.01
[    1.2125] 
[    1.2125] IOP Realtime Kernel Ver.0.9.1
[    1.2125]     Copyright 1999 (C) Sony Computer Entertainment Inc. 
[    1.2131] Reboot service module.(99/11/10)
[    1.2160] cdvd driver module version 0.1.1 (C)SCEI
[    1.2166] Load File service.(99/11/05)
[    1.2167] Multi Threaded Fileio module.(99/11/15) 
[    1.2167] iop heap service (99/11/03)
[    1.2331] loadelf: fname host:vehicle-playground.elf secname all
[    1.2332] loadelf version 3.30
[    1.2353] Input ELF format filename = host:vehicle-playground.elf
[    1.2818] PINE: New client with FD 14 connected.
[    1.2821] PINE: Client disconnected.
[    1.2861] 1 00100000 003f77bc ................................................................
[    1.2862] Loaded, host:vehicle-playground.elf
[    1.2862] start address 0x100e78
[    1.2862] gp address 00000000
[    1.2871] (VMManager) Pausing...
[    1.2872] (VMManager) Resuming...
[    1.2998] Failed to inhibit screen saver.
[    1.3000] EE/iR5900 Recompiler Reset
[    1.3166] # Restart Without Memory Clear.
[    1.3284] # Initialize GS ...
[    1.3284] # Initialize INTC ...
[    1.3284] # Initialize TIMER ...
[    1.3285] # Initialize DMAC ...
[    1.3286] # Initialize VU1 ...
[    1.3287] # Initialize VIF1 ...
[    1.3288] # Initialize GIF ...
[    1.3288] # Initialize VU0 ...
[    1.3290] # Initialize VIF0 ...
[    1.3290] # Initialize IPU ...
[    1.3292] # Initialize FPU ...
[    1.3292] # Initialize Scratch Pad ...
[    1.3292] # Restart Without Memory Clear Done.
[    1.3295] ELF host:vehicle-playground.elf with entry point at 0x00100E78 is executing.
[    1.3295] ELF changed, active CRC 57773078 (host:vehicle-playground.elf)
[    1.3300] Applying core settings...
[    1.3300] Debugger Settings Manager: Failed to read Saved Addresses array from settings file: '/home/spider/pool-lattice-probe-b192-arm1-repeat2-20261005-v1/profile/PCSX2/inis/debuggersettings/vehicle-playground_57773078.json'
[    1.3301] Debugger Settings Manager: Failed to read Saved Addresses array from settings file: '/home/spider/pool-lattice-probe-b192-arm1-repeat2-20261005-v1/profile/PCSX2/inis/debuggersettings/vehicle-playground_57773078.json'
[    1.3306] Updating CPU configuration...
[    1.3306] iR3000A Recompiler reset.
[    1.3528] iR3000A Recompiler reset.
[    1.3611] EE/iR5900 Recompiler Reset
[    1.3778] (VMManager) Pausing...
[    1.3781] EE/iR5900 Recompiler Reset
[    1.3827] PINE: New client with FD 14 connected.
[    1.3833] PINE: Client disconnected.
[    1.3983] EE/iR5900 Recompiler Reset
[    1.4150] iR3000A Recompiler reset.
[    1.4186] EE/iR5900 Recompiler Reset
[    1.4351] iR3000A Recompiler reset.
[    1.4383] EE/iR5900 Recompiler Reset
[    1.4550] iR3000A Recompiler reset.
[    1.4584] EE/iR5900 Recompiler Reset
[    1.4775] iR3000A Recompiler reset.
[    1.4834] EE/iR5900 Recompiler Reset
[    1.5260] PINE: New client with FD 14 connected.
[    1.5264] OSD [SaveStateSlot140]: Saving state to slot 140...
[    1.5551]   Saving SPU2
[    1.5556]   Saving GS
[    1.6564] OSD [SaveStateSlot140]: Saved state to slot 140.
[    1.6564] Zipping save state to '/home/spider/pool-lattice-probe-b192-arm1-repeat2-20261005-v1/profile/PCSX2/sstates/vehicle-playground (57773078).140.p2s' took 94.62 ms
[    2.8170] PINE: Client disconnected.
[    3.3593] PINE: New client with FD 14 connected.
[    3.3642] (VMManager) Resuming...
[    3.3767] Failed to inhibit screen saver.
[    3.3786] BIOS: Successfully found the instruction pattern. Assuming the thread list is here: 8001a640
[    3.3822] Warning: GetOsdConfigParam2 Reading extended language/version configs, may be incorrect!
[    3.3930] read/write allocate memory 4000
[    3.3930] open name host:/ps2link.run flag 1 data 41378
[    3.3936] open fd = -5
[    3.3963] Get Reboot Request From EE
[    3.3981] R3000 Debugger: Branch to 0x890 (SYSMEM). Clearing modules.
[    3.4007] RegisterLibraryEntries: excepman version 1.01
[    3.4018] RegisterLibraryEntries:  intrman version 1.02
[    3.4020] RegisterLibraryEntries:   ssbusc version 1.01
[    3.4025] RegisterLibraryEntries:  dmacman version 1.02
[    3.4030] RegisterLibraryEntries:  timrman version 1.01
[    3.4036] RegisterLibraryEntries:  sysclib version 1.01
[    3.4036] RegisterLibraryEntries:    stdio version 1.01
[    3.4038] RegisterLibraryEntries:  heaplib version 1.01
[    3.4059] RegisterLibraryEntries:   thbase version 1.01
[    3.4060] RegisterLibraryEntries:  thevent version 1.01
[    3.4060] RegisterLibraryEntries:  thsemap version 1.01
[    3.4060] RegisterLibraryEntries:  thmsgbx version 1.01
[    3.4061] RegisterLibraryEntries:  thfpool version 1.01
[    3.4061] RegisterLibraryEntries:  thvpool version 1.01
[    3.4070] RegisterLibraryEntries:   vblank version 1.01
[    3.4076] RegisterLibraryEntries:    ioman version 1.02
[    3.4086] RegisterLibraryEntries:  modload version 1.01
[    3.4168] RegisterLibraryEntries:   romdrv version 2.01
[    3.4171] RegisterLibraryEntries:    stdio version 1.02
[    3.4176] RegisterLibraryEntries:   sifman version 1.01
[    3.4180] 
[    3.4181] PlayStation 2 ======== Soft reboot
[    3.4187] RegisterLibraryEntries:   sifcmd version 1.01
[    3.4223] RegisterLibraryEntries:  cdvdman version 1.01
[    3.4240] RegisterLibraryEntries:  cdvdfsv version 1.01
[    3.4322] RegisterLibraryEntries:  secrman version 1.03
[    3.4325] RegisterLibraryEntries:   eesync version 1.01
[    3.4326] 
[    3.4326] IOP Realtime Kernel Ver.0.9.1
[    3.4326]     Copyright 1999 (C) Sony Computer Entertainment Inc. 
[    3.4331] Reboot service module.(99/11/10)
[    3.4351] [EE] Skipping timeout loop at 0x002D52D0 -> 0x002D52F0
[    3.4351] cdvd driver module version 0.1.1 (C)SCEI
[    3.4354] Load File service.(99/11/05)
[    3.4354] Multi Threaded Fileio module.(99/11/15) 
[    3.4355] iop heap service (99/11/03)
[    3.4536] RegisterLibraryEntries:   iomanx version 1.01
[    3.4549] fileXio: fileXio: fileXio RPC Server v1.00
[    3.4549] Copyright (c) 2003 adresd
[    3.4551] RegisterLibraryEntries:  sio2man version 2.07
[    3.4552] RegisterLibraryEntries:  sio2man version 1.02
[    3.4558] RegisterLibraryEntries:   padman version 1.02
[    3.4560] Pad Driver for OSD
[    3.4564] FREESD v1.01
[    3.4564] RegisterLibraryEntries:    libsd version 1.04
[    3.4644] PINE: Client disconnected.
[    3.4686] debug_level = 1 (ps2snd 0.1
[    3.4694] greetings from version 0.93 !
[    3.4695] RegisterLibraryEntries:   audsrv version 1.04
[    3.4695] audsrv_adpcm_init()
[    3.4709] UpdateVSyncRate: Mode Changed to SDTV 480p.
[    3.4709] Frame rate: 59.94, target speed: 1, target frame rate: 59.94, ticks per frame: 16683350
[    3.4709] Set GS CRTC configuration. SDTV   720x480 @ 59.94 Progressive (FRAME)
[    5.5418] read/write allocate memory 4000
[    5.5420] 
[    5.5424] -----------------------------------------
[    5.5425]         _____        ____   ___
[    5.5425]           |     /   ____| |___|
[    5.5426]           |     |   |     |   |
[    5.5426] -----------------------------------------
[    5.5427] Copyright 2022
[    5.5428] Repository: https://github.com/h4570/tyra
[    5.5429] Licensed under Apache License 2.0
[    5.5433] Version: 2.2.0
[    5.5434] -----------------------------------------
[    5.5434] 
[    5.7082] audsrv_adpcm_init()
[    5.7094] [EE] Skipping timeout loop at 0x00102CB0 -> 0x00102CD0
[    5.7416] Curent pad(0,0) status: EXECCMD
[    5.9393] Pad: DS2 Config Finished - P1/S1 - AL: Off - AB: Usable - VS: Disabled - VL: Disabled - RB: D (0x00000000)
[    5.9741] Curent pad(0,0) status: EXECCMD
[    6.0388] Pad: DS2 Config Finished - P1/S1 - AL: On - AB: Locked - VS: Disabled - VL: Disabled - RB: D (0x00000000)
[    6.2393] Pad: DS2 Config Finished - P1/S1 - AL: On - AB: Locked - VS: Disabled - VL: Disabled - RB: D (0x00000000)
[    6.2728] Curent pad(0,0) status: EXECCMD
[    6.5404] Pad: DS2 Config Finished - P1/S1 - AL: On - AB: Locked - VS: Disabled - VL: Disabled - RB: D+A+P (0x0003FFFF)
[    6.7401] Pad: DS2 Config Finished - P1/S1 - AL: On - AB: Locked - VS: Disabled - VL: Disabled - RB: D+A+P (0x0003FFFF)
[    6.7757] open name host:/pool2-probe.cfg flag 1 data 41378
[    6.7770] open fd = 256
[    6.7826] open name host:/hud/flare-corona.png flag 1 data 41378
[    6.7842] open fd = 256
[    6.8068] LOG: POOL2PROBE_CONFIG arm=1 vertices=192 members=2 repeats=2 package=75 alpha=128
[    6.8070] LOG: POOL2EEPROBE_CONFIG kind=8 clip=0 lazy=1 table=1 lattice=1 oracle=0
[    6.8080] FRAMEARENA allocated=1 bytes=1048576
[    6.8206] microVU1: Cached Prog = [000] [PC=18e0] [List=01] (Cache=0.000%) [0.0mb]
[    6.8215] microVU1: 3 cycle stall on branch instruction [2008]
[    6.8227] microVU1: Branch Optimization
[    6.8227] microVU1: Cached Prog = [001] [PC=2750] [List=01] (Cache=0.280%) [0.2mb]
[    6.8236] microVU1: 3 cycle stall on branch instruction [2008]
[    6.8248] microVU1: Branch Optimization
[    6.8367] LOG: POOL2EEPROBE_SOURCE clip=0 ready=0 total=192 generation=1 coldOracle=0
[    6.8368] LOG: POOL2PROBE_FRAME frame=1 cold=1 arm=1 eligible=0 applied=0 compared=0 mismatches=0
[    6.8516] LOG: POOL2EEPROBE_SOURCE clip=0 ready=0 total=192 generation=2 coldOracle=0
[    6.8518] LOG: POOL2PROBE_FRAME frame=2 cold=0 arm=1 eligible=0 applied=0 compared=0 mismatches=0
[    6.8519] LOG: POOL2PROBE_READY arm=1 vertices=192 repeats=2 completed=2 warmBypass=0
[    6.8520] (VMManager) Pausing...
[    6.8939] PINE: New client with FD 14 connected.
[    6.8943] PINE: Client disconnected.
[    7.0219] PINE: New client with FD 14 connected.
[    7.0224] OSD [SaveStateSlot193]: Saving state to slot 193...
[    7.0539]   Saving SPU2
[    7.0544]   Saving GS
[    7.1631] OSD [SaveStateSlot193]: Saved state to slot 193.
[    7.1631] Zipping save state to '/home/spider/pool-lattice-probe-b192-arm1-repeat2-20261005-v1/profile/PCSX2/sstates/vehicle-playground (57773078).193.p2s' took 102.73 ms
[    8.3079] PINE: Client disconnected.
