[    0.0891] Program Path: /home/spider/tyrax2-debugger-linux-v1/squashfs-root/usr/bin/pcsx2-qt
[    0.0891] AppRoot Directory: /home/spider/tyrax2-debugger-linux-v1/squashfs-root/usr/bin
[    0.0891] Resources Directory: /home/spider/tyrax2-debugger-linux-v1/squashfs-root/usr/bin/resources
[    0.0891] DataRoot Directory: /home/spider/pool2-ee-probe-a96-arm0-repeat1-20261005-v1/profile/PCSX2
[    0.0891] Loading config from /home/spider/pool2-ee-probe-a96-arm0-repeat1-20261005-v1/profile/PCSX2/inis/PCSX2.ini.
[    0.0894] Loading secrets from /home/spider/pool2-ee-probe-a96-arm0-repeat1-20261005-v1/profile/PCSX2/inis/secrets.ini.
[    0.0898] BIOS Directory: /mnt/c/Users/pawel/OneDrive/Documents/PCSX2/bios
[    0.0898] Snapshots Directory: /home/spider/pool2-ee-probe-a96-arm0-repeat1-20261005-v1/profile/PCSX2/snaps
[    0.0898] Savestates Directory: /home/spider/pool2-ee-probe-a96-arm0-repeat1-20261005-v1/profile/PCSX2/sstates
[    0.0898] MemoryCards Directory: /home/spider/pool2-ee-probe-a96-arm0-repeat1-20261005-v1/profile/PCSX2/memcards
[    0.0898] Logs Directory: /home/spider/pool2-ee-probe-a96-arm0-repeat1-20261005-v1/profile/PCSX2/logs
[    0.0898] Cheats Directory: /home/spider/pool2-ee-probe-a96-arm0-repeat1-20261005-v1/profile/PCSX2/cheats
[    0.0898] Patches Directory: /home/spider/pool2-ee-probe-a96-arm0-repeat1-20261005-v1/profile/PCSX2/patches
[    0.0898] Covers Directory: /home/spider/pool2-ee-probe-a96-arm0-repeat1-20261005-v1/profile/PCSX2/covers
[    0.0898] Game Settings Directory: /home/spider/pool2-ee-probe-a96-arm0-repeat1-20261005-v1/profile/PCSX2/gamesettings
[    0.0898] Resources Directory: /home/spider/tyrax2-debugger-linux-v1/squashfs-root/usr/bin/resources
[    0.0898] User Resources Directory: /home/spider/pool2-ee-probe-a96-arm0-repeat1-20261005-v1/profile/PCSX2/resources
[    0.0899] Cache Directory: /home/spider/pool2-ee-probe-a96-arm0-repeat1-20261005-v1/profile/PCSX2/cache
[    0.0899] Textures Directory: /home/spider/pool2-ee-probe-a96-arm0-repeat1-20261005-v1/profile/PCSX2/textures
[    0.0899] Input Profile Directory: /home/spider/pool2-ee-probe-a96-arm0-repeat1-20261005-v1/profile/PCSX2/inputprofiles
[    0.0899] Video Dumping Directory: /home/spider/pool2-ee-probe-a96-arm0-repeat1-20261005-v1/profile/PCSX2/videos
[    0.0899] Debugger Layouts Directory: /home/spider/pool2-ee-probe-a96-arm0-repeat1-20261005-v1/profile/PCSX2/inis/debuggerlayouts
[    0.0899] Debugger Settings Directory: /home/spider/pool2-ee-probe-a96-arm0-repeat1-20261005-v1/profile/PCSX2/inis/debuggersettings
[    0.1045] Loaded translation file for language en-US
[    0.1488] PCSX2 v2.9.93
[    0.1489] Savestate version: 0x9a590000
[    0.1489] 
[    0.1489] 
[    0.1489] Host Machine Init:
[    0.1493]   Operating System = Ubuntu 22.04
[    0.1493]   Available RAM    = 49116 MB (47.97 GB)
[    0.1493]   Physical RAM     = 50191 MB (49.02 GB)
[    0.1493] 
[    0.1493]   Processor        = AMD Ryzen Threadripper 1920X
[    0.1493]   Core Count       = 24 cores
[    0.1493]   Thread Count     = 24 threads
[    0.1493]   Cluster Count    = 1 clusters
[    0.1493] CPU Extensions Detected:
[    0.1493]   AVX AVX2
[    0.1493] 
[    0.1493] Allocating host memory for virtual systems...
[    0.1496]   EE Main Memory                   @ 0x00007EFC4F200000 -> 0x00007EFC58100000 [143mb]
[    0.1496]   IOP Main Memory                  @ 0x00007EFC58100000 -> 0x00007EFC60200000 [129mb]
[    0.1496]   VU0/1 On-Chip Memory             @ 0x00007EFC60200000 -> 0x00007EFC60300000 [1mb]
[    0.1496]   VTLB Virtual Map                 @ 0x00007EFC60300000 -> 0x00007EFC60B00000 [8mb]
[    0.1496]   VTLB Address Map                 @ 0x00007EFC60B00000 -> 0x00007EFC60F00000 [4mb]
[    0.1496]   R5900 Recompiler Cache           @ 0x00007EFC60F00000 -> 0x00007EFC64F00000 [64mb]
[    0.1496]   R3000A Recompiler Cache          @ 0x00007EFC64F00000 -> 0x00007EFC66F00000 [32mb]
[    0.1496]   Micro VU0 Recompiler Cache       @ 0x00007EFC67F00000 -> 0x00007EFC6BF00000 [64mb]
[    0.1496]   Micro VU1 Recompiler Cache       @ 0x00007EFC6BF00000 -> 0x00007EFC6FF00000 [64mb]
[    0.1496]   VIF0 Unpack Recompiler Cache     @ 0x00007EFC66F00000 -> 0x00007EFC67700000 [8mb]
[    0.1496]   VIF1 Unpack Recompiler Cache     @ 0x00007EFC67700000 -> 0x00007EFC67F00000 [8mb]
[    0.1496]   VIF Unpack Recompiler Cache      @ 0x00007EFC6FF00000 -> 0x00007EFC70000000 [1mb]
[    0.1496]   GS Software Renderer             @ 0x00007EFC70000000 -> 0x00007EFC74000000 [64mb]
[    0.1506] Fastmem area: 0x7efb4f200000 - 0x7efc4f1fffff
[    0.1510] Generating SSE-optimized unpacking functions for VIF interpreters...
[    0.1512] Unpack function generation complete.  Generated function statistics:
[    0.1512]   Reserved buffer    : 1048576 bytes @ 0x00007EFC6FF00000
[    0.1512]   x86 code generated : 7422 bytes
[    0.1512] 
[    0.1515] SDLInputSource: Using Controller DB from resources.
[    0.1855] SDLInputSource: 765 gamepad mappings are loaded.
[    0.1857] Invalid binding: 'XInput-0/DPadUp'
[    0.1857] Invalid binding: 'XInput-0/DPadRight'
[    0.1857] Invalid binding: 'XInput-0/DPadDown'
[    0.1857] Invalid binding: 'XInput-0/DPadLeft'
[    0.1857] Invalid binding: 'XInput-0/Y'
[    0.1857] Invalid binding: 'XInput-0/B'
[    0.1857] Invalid binding: 'XInput-0/A'
[    0.1857] Invalid binding: 'XInput-0/X'
[    0.1857] Invalid binding: 'XInput-0/Back'
[    0.1857] Invalid binding: 'XInput-0/Start'
[    0.1857] Invalid binding: 'XInput-0/LeftShoulder'
[    0.1857] Invalid binding: 'XInput-0/+LeftTrigger'
[    0.1857] Invalid binding: 'XInput-0/RightShoulder'
[    0.1857] Invalid binding: 'XInput-0/+RightTrigger'
[    0.1858] Invalid binding: 'XInput-0/LeftStick'
[    0.1858] Invalid binding: 'XInput-0/RightStick'
[    0.1858] Invalid binding: 'XInput-0/Guide'
[    0.1858] Invalid binding: 'XInput-0/-LeftY'
[    0.1858] Invalid binding: 'XInput-0/+LeftX'
[    0.1858] Invalid binding: 'XInput-0/+LeftY'
[    0.1858] Invalid binding: 'XInput-0/-LeftX'
[    0.1858] Invalid binding: 'XInput-0/-RightY'
[    0.1858] Invalid binding: 'XInput-0/+RightX'
[    0.1858] Invalid binding: 'XInput-0/+RightY'
[    0.1858] Invalid binding: 'XInput-0/-RightX'
[    0.1863] Settings: Advanced Settings are enabled; only proceed if you know what you're doing! No support will be provided if you have the option enabled.
[    0.3106] Scanning F:\PS2\Games (recursively)
[    0.4271] Loading BIOS...
[    0.4385] BIOS Found: Europe  v02.00(14/06/2004)  Console 20040614-100914
[    0.4938] Mechacon version: 0x00020603
[    0.4953] Opening CDVD...
[    0.5247] Initializing Elf: 4464732 bytes
[    0.5254] Disc changed to .
[    0.5255]   Name: vehicle-playground [?]
[    0.5255]   Serial: vehicle-playground
[    0.5255]   Version: 
[    0.5255]   CRC: 1C2826FE
[    0.5255] No game settings found (tried '/home/spider/pool2-ee-probe-a96-arm0-repeat1-20261005-v1/profile/PCSX2/gamesettings/1C2826FE.ini')
[    0.5255] Applying settings...
[    0.5258] Invalid binding: 'XInput-0/DPadUp'
[    0.5258] Invalid binding: 'XInput-0/DPadRight'
[    0.5259] Invalid binding: 'XInput-0/DPadDown'
[    0.5259] Invalid binding: 'XInput-0/DPadLeft'
[    0.5259] Invalid binding: 'XInput-0/Y'
[    0.5259] Invalid binding: 'XInput-0/B'
[    0.5259] Invalid binding: 'XInput-0/A'
[    0.5259] Invalid binding: 'XInput-0/X'
[    0.5259] Invalid binding: 'XInput-0/Back'
[    0.5259] Invalid binding: 'XInput-0/Start'
[    0.5259] Invalid binding: 'XInput-0/LeftShoulder'
[    0.5259] Invalid binding: 'XInput-0/+LeftTrigger'
[    0.5259] Invalid binding: 'XInput-0/RightShoulder'
[    0.5259] Invalid binding: 'XInput-0/+RightTrigger'
[    0.5259] Invalid binding: 'XInput-0/LeftStick'
[    0.5259] Invalid binding: 'XInput-0/RightStick'
[    0.5259] Invalid binding: 'XInput-0/Guide'
[    0.5259] Invalid binding: 'XInput-0/-LeftY'
[    0.5259] Invalid binding: 'XInput-0/+LeftX'
[    0.5259] Invalid binding: 'XInput-0/+LeftY'
[    0.5259] Invalid binding: 'XInput-0/-LeftX'
[    0.5259] Invalid binding: 'XInput-0/-RightY'
[    0.5259] Invalid binding: 'XInput-0/+RightX'
[    0.5259] Invalid binding: 'XInput-0/+RightY'
[    0.5259] Invalid binding: 'XInput-0/-RightX'
[    0.5261] GameDB: Has not been initialized yet, initializing...
[    0.5810] GameDB: 12841 games on record (loaded in 54.91ms)
[    0.5860] Reopening memory cards...
[    0.5861] (FileMcd) Creating new 8MB memory card: /home/spider/pool2-ee-probe-a96-arm0-repeat1-20261005-v1/profile/PCSX2/memcards/Mcd001.ps2
[    0.5989] McdSlot 0 [File]: Mcd001.ps2 [8 MB, UNFORMATTED]
[    0.5990] McdSlot 1 [File]: [disabled/empty filename]
[    0.6029] HLE Host: Set 'host:' root path to: /mnt/f/Projects/tyrax2-lab-20261001/wild-pool2-ee-probe-physical-v1/game/bin
[    0.6030] EE/iR5900 Recompiler Reset
[    0.6511] iR3000A Recompiler reset.
[    0.6684] Resetting host memory for virtual systems...
[    0.9279] Time Zone Offset: GMT+01:00
[    0.9279] Time Zone Location: Berlin
[    0.9279] DST: Winter Time
[    0.9279] Time Format: 24-Hour
[    0.9279] Date Format: DD/MM/YYYY
[    0.9279] System Time Basis: Operating System Time
[    0.9279] Resulting System Time: 2026-10-05 12:51:51
[    0.9279] Close virtual disk tray
[    0.9279] Media already loaded (fast boot)
[    0.9279] Opening GS...
[    1.0715] VK: Enabling extension: VK_KHR_get_surface_capabilities2
[    1.1058] Using Vulkan GPU 'llvmpipe (LLVM 15.0.7, 256 bits)' for automatic renderer check.
[    1.1058] Not using Vulkan for software renderer.
[    1.1060] acquireRenderWindow() recreate=true fullscreen=false render_to_main=true surfaceless=false
[    1.1095] (GetRefreshRateFromXRandR) Modeline is invalid: 0/0/0
[    1.1096] Surface refresh rate: 60 Hz
[    1.1101] Loading EGL from libEGL.so...
[    1.1214] GLAD EGL Version: 1.0
[    1.1214] Using EGL platform EGL_EXT_platform_x11.
[    1.1389] eglInitialize() version: 1.5
[    1.1390] GLAD EGL Version: 1.5
[    1.1390] Trying GL version 4.6
[    1.1391] eglCreateContext() failed: 0x3009
[    1.1391] Trying GL version 4.5
[    1.1911] Got GL version 4.5
[    1.1911] EGL_MIN_SWAP_INTERVAL = 1
[    1.1911] EGL_MAX_SWAP_INTERVAL = 1
[    1.1911] Negative swap interval/tear-control is NOT supported
[    1.1936] GL_VENDOR: Mesa
[    1.1937] GL_VERSION: 4.5 (Core Profile) Mesa 23.2.1-1ubuntu3.1~22.04.4
[    1.1937] GL_RENDERER: llvmpipe (LLVM 15.0.7, 256 bits)
[    1.1937] GL_SHADING_LANGUAGE_VERSION: 4.50
[    1.1937] GL_MAX_VERTEX_SHADER_STORAGE_BLOCKS: 16
[    1.1937] GL: Viewport Array:            Supported       => Using: GL_ARB_viewport_array
[    1.1937] GL: Direct State Access:       Supported       => Using: OpenGL 4.5 Core
[    1.1937] GL: Copy Image:                Supported       => Using: OpenGL 4.3 Core
[    1.1937] GL: Clip Control:              Supported       => Using: OpenGL 4.5 Core
[    1.1937] GL: Conservative Depth:        Supported       => Using: OpenGL 4.2 Core
[    1.1937] GL: CAS Sharpening:            Supported       => Using: OpenGL 4.2 Core
[    1.1937] GL: Texture Barriers:          Auto            => Using: Framebuffer Fetch
[    1.1938] GL: RGBA16 HW Blending:        Supported       => Using: RGBA16 UNORM
[    1.1938] GL: Point Expansion:           Supported       => Using: Hardware
[    1.1938] GL: Line Expansion:            Fallback        => Using: Vertex Expansion
[    1.1938] GL: Sprite Expansion:          Supported       => Using: Vertex Expansion
[    1.1938] GL: DXTn Texture Compression:  Supported       => Using: GL_EXT_texture_compression_s3tc
[    1.1938] GL: BC6/7 Texture Compression: Supported       => Using: OpenGL 4.2 Core
[    1.2182] 1 program binary formats supported by driver
[    1.2688] Program binary retrieved, 4105 bytes, format 34655
[    1.2698] Program binary retrieved, 4121 bytes, format 34655
[    1.2709] Program binary retrieved, 4249 bytes, format 34655
[    1.2720] Program binary retrieved, 4013 bytes, format 34655
[    1.2731] Program binary retrieved, 4013 bytes, format 34655
[    1.2742] Program binary retrieved, 4017 bytes, format 34655
[    1.2750] Program binary retrieved, 4017 bytes, format 34655
[    1.2760] Program binary retrieved, 4185 bytes, format 34655
[    1.2769] Program binary retrieved, 4217 bytes, format 34655
[    1.2778] Program binary retrieved, 4137 bytes, format 34655
[    1.2783] Program binary retrieved, 4125 bytes, format 34655
[    1.2793] Program binary retrieved, 4121 bytes, format 34655
[    1.2800] Program binary retrieved, 4253 bytes, format 34655
[    1.2809] Program binary retrieved, 4237 bytes, format 34655
[    1.2814] Program binary retrieved, 4245 bytes, format 34655
[    1.2819] Program binary retrieved, 4261 bytes, format 34655
[    1.2826] Program binary retrieved, 4965 bytes, format 34655
[    1.2833] Program binary retrieved, 4981 bytes, format 34655
[    1.2839] Program binary retrieved, 4261 bytes, format 34655
[    1.2844] Program binary retrieved, 4277 bytes, format 34655
[    1.2854] Program binary retrieved, 5005 bytes, format 34655
[    1.2863] Program binary retrieved, 5021 bytes, format 34655
[    1.2870] Program binary retrieved, 4257 bytes, format 34655
[    1.2876] Program binary retrieved, 4273 bytes, format 34655
[    1.2883] Program binary retrieved, 5001 bytes, format 34655
[    1.2891] Program binary retrieved, 5017 bytes, format 34655
[    1.2899] Program binary retrieved, 4277 bytes, format 34655
[    1.2905] Program binary retrieved, 4293 bytes, format 34655
[    1.2912] Program binary retrieved, 5057 bytes, format 34655
[    1.2920] Program binary retrieved, 5073 bytes, format 34655
[    1.2926] Program binary retrieved, 4153 bytes, format 34655
[    1.2931] Program binary retrieved, 4169 bytes, format 34655
[    1.2937] Program binary retrieved, 4233 bytes, format 34655
[    1.2944] Program binary retrieved, 5781 bytes, format 34655
[    1.2952] Program binary retrieved, 5373 bytes, format 34655
[    1.2960] Program binary retrieved, 6389 bytes, format 34655
[    1.2967] Program binary retrieved, 4917 bytes, format 34655
[    1.2973] Program binary retrieved, 4845 bytes, format 34655
[    1.2979] Program binary retrieved, 4997 bytes, format 34655
[    1.2984] Program binary retrieved, 4101 bytes, format 34655
[    1.3027] Program binary retrieved, 4137 bytes, format 34655
[    1.3074] Program binary retrieved, 4109 bytes, format 34655
[    1.3081] Program binary retrieved, 5389 bytes, format 34655
[    1.3086] Program binary retrieved, 5829 bytes, format 34655
[    1.3093] Program binary retrieved, 5857 bytes, format 34655
[    1.3101] Program binary retrieved, 4289 bytes, format 34655
[    1.3129] Program binary retrieved, 21205 bytes, format 34655
[    1.3137] Program binary retrieved, 4765 bytes, format 34655
[    1.3143] Program binary retrieved, 5685 bytes, format 34655
[    1.3152] Program binary retrieved, 4141 bytes, format 34655
[    1.3157] Program binary retrieved, 4537 bytes, format 34655
[    1.3169] Program binary retrieved, 4889 bytes, format 34655
[    1.3174] Program binary retrieved, 4117 bytes, format 34655
[    1.3179] Program binary retrieved, 4741 bytes, format 34655
[    1.3185] Program binary retrieved, 4965 bytes, format 34655
[    1.3193] Program binary retrieved, 6613 bytes, format 34655
[    1.3201] Program binary retrieved, 4797 bytes, format 34655
[    1.3226] Program binary retrieved, 13085 bytes, format 34655
[    1.3321] Program binary retrieved, 7285 bytes, format 34655
[    1.3384] Program binary retrieved, 5497 bytes, format 34655
[    1.3392] Program binary retrieved, 4141 bytes, format 34655
[    1.3400] Program binary retrieved, 4141 bytes, format 34655
[    1.3407] Program binary retrieved, 4145 bytes, format 34655
[    1.3413] Program binary retrieved, 4145 bytes, format 34655
[    1.4066] Program binary retrieved, 5369 bytes, format 34655
[    1.4179] OpenGL Graphics Driver Info:
[    1.4179] OpenGL Context:
[    1.4179] 4.5 (Core Profile) Mesa 23.2.1-1ubuntu3.1~22.04.4
[    1.4179] Mesa llvmpipe (LLVM 15.0.7, 256 bits)
[    1.4179] GLSL: 4.50
[    1.4206] Processor count: 24 cores, 24 processors, 1 clusters
[    1.4207] Ordered processor list: 12, 23, 22, 21, 20, 19, 18, 17, 16, 15, 14, 13, 0, 11, 10, 9, 8, 7, 6, 5, 4, 3, 2, 1
[    1.4207] Not pinning SW threads, we need 4 processors, but only have 0
[    1.4220] Opening SPU2...
[    1.4222] Creating Null audio stream, sample rate = 48000, expansion = Disabled, buffer = 50, latency = 32, stretching enabled, driver = wasapi, device = 
[    1.4222] Allocated buffer of 2432 frames for buffer of 50 ms [expansion Disabled (block size 2048), stretch disabled, target size 2432].
[    1.4222] Initializing Pad...
[    1.4222] Initializing SIO2...
[    1.4222] Initializing SIO0...
[    1.4222] Opening DEV9...
[    1.4222] DEV9: DEV9init
[    1.4224] DEV9: DEV9init2
[    1.4224] DEV9: DEV9init3
[    1.4273] DEV9: DEV9init ok
[    1.4273] DEV9: DEV9open
[    1.4273] Opening USB...
[    1.4273] Opening FW...
[    1.4277] Frame rate: 59.94, target speed: 1, target frame rate: 59.94, ticks per frame: 16683350
[    1.4310] VM subsystems initialized in 1007.72 ms
[    1.4320] MultiPause time: 142ns
[    1.4338] MultiPause time: 202ns
[    1.4338] MultiPause time: 142ns
[    1.4339] MultiPause time: 144ns
[    1.4410] Failed to inhibit screen saver.
[    1.4410] Processor order assignment: EE=12, VU=23, GS=23
[    1.4410]   EE thread is on processor 12 (0x1000)
[    1.4411]   GS thread is on processor 23 (0x800000)
[    1.4515] Failed to inhibit screen saver.
[    1.6054] # Initialize memory (rev:3.70, ctm:197Mhz, cpuclk:147Mhz detected)
[    1.6136] R3000 Debugger: Branch to 0x890 (SYSMEM). Clearing modules.
[    1.6151] RegisterLibraryEntries: excepman version 1.01
[    1.6161] RegisterLibraryEntries:  intrman version 1.02
[    1.6162] RegisterLibraryEntries:   ssbusc version 1.01
[    1.6165] RegisterLibraryEntries:  dmacman version 1.02
[    1.6169] RegisterLibraryEntries:  timrman version 1.01
[    1.6171] RegisterLibraryEntries:  sysclib version 1.01
[    1.6172] RegisterLibraryEntries:    stdio version 1.01
[    1.6173] RegisterLibraryEntries:  heaplib version 1.01
[    1.6178] FW: read mem 0x1f80847c: 0x10000001
[    1.6178] FW: write mem 0x1f808414: 0x417f0000
[    1.6178] FW: read mem 0x1f808400: 0xffc00001
[    1.6178] FW: write mem 0x1f80844c: 0xffffffff
[    1.6178] FW: write mem 0x1f808420: 0xffffffff
[    1.6178] FW: write mem 0x1f808428: 0xffffffff
[    1.6178] FW: write mem 0x1f808430: 0xffffffff
[    1.6188] RegisterLibraryEntries:   thbase version 1.01
[    1.6188] RegisterLibraryEntries:  thevent version 1.01
[    1.6188] RegisterLibraryEntries:  thsemap version 1.01
[    1.6189] RegisterLibraryEntries:  thmsgbx version 1.01
[    1.6189] RegisterLibraryEntries:  thfpool version 1.01
[    1.6190] RegisterLibraryEntries:  thvpool version 1.01
[    1.6197] RegisterLibraryEntries:   vblank version 1.01
[    1.6202] RegisterLibraryEntries:    ioman version 1.02
[    1.6209] RegisterLibraryEntries:  modload version 1.01
[    1.6212] RegisterLibraryEntries:   romdrv version 2.01
[    1.6214] RegisterLibraryEntries:    stdio version 1.02
[    1.6217] RegisterLibraryEntries:   sifman version 1.01
[    1.6220] 
[    1.6220] PlayStation 2 ======== Hard reset boot
[    1.6222]  ROMGEN=2004-0614, IOP info (CPUID=1f, CACH_CONFIG=0, 2MB, IOP mode)
[    1.6224]  <20040614-100914,ROMconf,PS20200EC20040614.bin:11696>
[    1.6318] # Total accessable memory size: 32 MB (B:2:8:0) (370:2:7c30)
[    1.6327] # TLB spad=0 kernel=1:12 default=13:30 extended=31:38
[    1.6962] # Initialize Start.
[    1.6968] # Initialize GS ...
[    1.6968] # Initialize INTC ...
[    1.6968] # Initialize TIMER ...
[    1.6969] # Initialize DMAC ...
[    1.6970] # Initialize VU1 ...
[    1.6971] # Initialize VIF1 ...
[    1.6972] # Initialize GIF ...
[    1.6973] # Initialize VU0 ...
[    1.6974] # Initialize VIF0 ...
[    1.6975] # Initialize IPU ...
[    1.6976] # Initialize FPU ...
[    1.6976] # Initialize User Memory ...
[    1.7571] # Initialize Scratch Pad ...
[    1.7571] # Initialize Done.
[    1.7579] 
[    1.7580] EE DECI2 Manager version 0.06 Feb  6 2003 08:38:48
[    1.7580]   CPUID=2e20, BoardID=0, ROMGEN=2004-0614, 32M
[    1.7580] 
[    1.7582] RegisterLibraryEntries:   sifcmd version 1.01
[    1.7896] Initializing Elf: 4464732 bytes
[    1.7929] ELF Loading: host:vehicle-playground.elf, Game CRC = 1C2826FE, EntryPoint = 0x00100E78
[    1.7962] RegisterLibraryEntries:  cdvdman version 1.01
[    1.8004] Imported 823 symbols.
[    1.8034] RegisterLibraryEntries:  cdvdfsv version 1.01
[    1.8059] RegisterLibraryEntries:  secrman version 1.03
[    1.8061] RegisterLibraryEntries:   eesync version 1.01
[    1.8063] 
[    1.8063] IOP Realtime Kernel Ver.0.9.1
[    1.8064]     Copyright 1999 (C) Sony Computer Entertainment Inc. 
[    1.8069] Reboot service module.(99/11/10)
[    1.8094] cdvd driver module version 0.1.1 (C)SCEI
[    1.8100] Load File service.(99/11/05)
[    1.8100] Multi Threaded Fileio module.(99/11/15) 
[    1.8101] iop heap service (99/11/03)
[    1.8306] loadelf: fname host:vehicle-playground.elf secname all
[    1.8307] loadelf version 3.30
[    1.8326] Input ELF format filename = host:vehicle-playground.elf
[    1.8415] PINE: New client with FD 14 connected.
[    1.8421] PINE: Client disconnected.
[    1.8768] 1 00100000 003f603c ................................................................
[    1.8769] Loaded, host:vehicle-playground.elf
[    1.8769] start address 0x100e78
[    1.8770] gp address 00000000
[    1.8777] (VMManager) Pausing...
[    1.8778] (VMManager) Resuming...
[    1.8893] Failed to inhibit screen saver.
[    1.8894] EE/iR5900 Recompiler Reset
[    1.9067] # Restart Without Memory Clear.
[    1.9192] # Initialize GS ...
[    1.9192] # Initialize INTC ...
[    1.9192] # Initialize TIMER ...
[    1.9193] # Initialize DMAC ...
[    1.9194] # Initialize VU1 ...
[    1.9195] # Initialize VIF1 ...
[    1.9196] # Initialize GIF ...
[    1.9196] # Initialize VU0 ...
[    1.9198] # Initialize VIF0 ...
[    1.9198] # Initialize IPU ...
[    1.9200] # Initialize FPU ...
[    1.9200] # Initialize Scratch Pad ...
[    1.9200] # Restart Without Memory Clear Done.
[    1.9202] ELF host:vehicle-playground.elf with entry point at 0x00100E78 is executing.
[    1.9203] ELF changed, active CRC 1C2826FE (host:vehicle-playground.elf)
[    1.9206] Applying core settings...
[    1.9207] Debugger Settings Manager: Failed to read Saved Addresses array from settings file: '/home/spider/pool2-ee-probe-a96-arm0-repeat1-20261005-v1/profile/PCSX2/inis/debuggersettings/vehicle-playground_1C2826FE.json'
[    1.9207] Debugger Settings Manager: Failed to read Saved Addresses array from settings file: '/home/spider/pool2-ee-probe-a96-arm0-repeat1-20261005-v1/profile/PCSX2/inis/debuggersettings/vehicle-playground_1C2826FE.json'
[    1.9211] Updating CPU configuration...
[    1.9211] iR3000A Recompiler reset.
[    1.9423] iR3000A Recompiler reset.
[    1.9425] PINE: New client with FD 14 connected.
[    1.9429] PINE: Client disconnected.
[    1.9492] EE/iR5900 Recompiler Reset
[    1.9679] (VMManager) Pausing...
[    1.9682] EE/iR5900 Recompiler Reset
[    1.9831] EE/iR5900 Recompiler Reset
[    1.9991] iR3000A Recompiler reset.
[    2.0023] EE/iR5900 Recompiler Reset
[    2.0187] iR3000A Recompiler reset.
[    2.0224] EE/iR5900 Recompiler Reset
[    2.0408] iR3000A Recompiler reset.
[    2.0435] PINE: New client with FD 14 connected.
[    2.0438] PINE: Client disconnected.
[    2.0454] EE/iR5900 Recompiler Reset
[    2.0640] iR3000A Recompiler reset.
[    2.0688] EE/iR5900 Recompiler Reset
[    2.1777] PINE: New client with FD 14 connected.
[    2.1782] OSD [SaveStateSlot140]: Saving state to slot 140...
[    2.2148]   Saving SPU2
[    2.2153]   Saving GS
[    2.3282] OSD [SaveStateSlot140]: Saved state to slot 140.
[    2.3283] Zipping save state to '/home/spider/pool2-ee-probe-a96-arm0-repeat1-20261005-v1/profile/PCSX2/sstates/vehicle-playground (1C2826FE).140.p2s' took 105.44 ms
[    3.4806] PINE: Client disconnected.
[    4.0370] PINE: New client with FD 14 connected.
[    4.0425] (VMManager) Resuming...
[    4.0553] Failed to inhibit screen saver.
[    4.0569] BIOS: Successfully found the instruction pattern. Assuming the thread list is here: 8001a640
[    4.0597] Warning: GetOsdConfigParam2 Reading extended language/version configs, may be incorrect!
[    4.0702] read/write allocate memory 4000
[    4.0703] open name host:/ps2link.run flag 1 data 41378
[    4.0708] open fd = -5
[    4.0736] Get Reboot Request From EE
[    4.0748] R3000 Debugger: Branch to 0x890 (SYSMEM). Clearing modules.
[    4.0770] RegisterLibraryEntries: excepman version 1.01
[    4.0781] RegisterLibraryEntries:  intrman version 1.02
[    4.0782] RegisterLibraryEntries:   ssbusc version 1.01
[    4.0788] RegisterLibraryEntries:  dmacman version 1.02
[    4.0793] RegisterLibraryEntries:  timrman version 1.01
[    4.0798] RegisterLibraryEntries:  sysclib version 1.01
[    4.0799] RegisterLibraryEntries:    stdio version 1.01
[    4.0800] RegisterLibraryEntries:  heaplib version 1.01
[    4.0822] RegisterLibraryEntries:   thbase version 1.01
[    4.0822] RegisterLibraryEntries:  thevent version 1.01
[    4.0823] RegisterLibraryEntries:  thsemap version 1.01
[    4.0823] RegisterLibraryEntries:  thmsgbx version 1.01
[    4.0823] RegisterLibraryEntries:  thfpool version 1.01
[    4.0824] RegisterLibraryEntries:  thvpool version 1.01
[    4.0833] RegisterLibraryEntries:   vblank version 1.01
[    4.0837] RegisterLibraryEntries:    ioman version 1.02
[    4.0847] RegisterLibraryEntries:  modload version 1.01
[    4.0919] RegisterLibraryEntries:   romdrv version 2.01
[    4.0922] RegisterLibraryEntries:    stdio version 1.02
[    4.0927] RegisterLibraryEntries:   sifman version 1.01
[    4.0931] 
[    4.0931] PlayStation 2 ======== Soft reboot
[    4.0938] RegisterLibraryEntries:   sifcmd version 1.01
[    4.0974] RegisterLibraryEntries:  cdvdman version 1.01
[    4.0989] RegisterLibraryEntries:  cdvdfsv version 1.01
[    4.1071] RegisterLibraryEntries:  secrman version 1.03
[    4.1073] RegisterLibraryEntries:   eesync version 1.01
[    4.1075] 
[    4.1075] IOP Realtime Kernel Ver.0.9.1
[    4.1075]     Copyright 1999 (C) Sony Computer Entertainment Inc. 
[    4.1079] Reboot service module.(99/11/10)
[    4.1099] [EE] Skipping timeout loop at 0x002D4180 -> 0x002D41A0
[    4.1099] cdvd driver module version 0.1.1 (C)SCEI
[    4.1103] Load File service.(99/11/05)
[    4.1103] Multi Threaded Fileio module.(99/11/15) 
[    4.1104] iop heap service (99/11/03)
[    4.1311] RegisterLibraryEntries:   iomanx version 1.01
[    4.1324] fileXio: fileXio: fileXio RPC Server v1.00
[    4.1324] Copyright (c) 2003 adresd
[    4.1326] RegisterLibraryEntries:  sio2man version 2.07
[    4.1327] RegisterLibraryEntries:  sio2man version 1.02
[    4.1333] RegisterLibraryEntries:   padman version 1.02
[    4.1335] Pad Driver for OSD
[    4.1338] FREESD v1.01
[    4.1339] RegisterLibraryEntries:    libsd version 1.04
[    4.1343] debug_level = 1 (ps2snd 0.1
[    4.1428] PINE: Client disconnected.
[    4.1476] greetings from version 0.93 !
[    4.1477] RegisterLibraryEntries:   audsrv version 1.04
[    4.1477] audsrv_adpcm_init()
[    4.1489] UpdateVSyncRate: Mode Changed to SDTV 480p.
[    4.1490] Frame rate: 59.94, target speed: 1, target frame rate: 59.94, ticks per frame: 16683350
[    4.1490] Set GS CRTC configuration. SDTV   720x480 @ 59.94 Progressive (FRAME)
[    6.2194] read/write allocate memory 4000
[    6.2196] 
[    6.2200] -----------------------------------------
[    6.2200]         _____        ____   ___
[    6.2201]           |     /   ____| |___|
[    6.2201]           |     |   |     |   |
[    6.2201] -----------------------------------------
[    6.2202] Copyright 2022
[    6.2202] Repository: https://github.com/h4570/tyra
[    6.2203] Licensed under Apache License 2.0
[    6.2208] Version: 2.2.0
[    6.2208] -----------------------------------------
[    6.2208] 
[    6.3871] audsrv_adpcm_init()
[    6.3885] [EE] Skipping timeout loop at 0x00102CB0 -> 0x00102CD0
[    6.4204] Curent pad(0,0) status: EXECCMD
[    6.6170] Pad: DS2 Config Finished - P1/S1 - AL: Off - AB: Usable - VS: Disabled - VL: Disabled - RB: D (0x00000000)
[    6.6524] Curent pad(0,0) status: EXECCMD
[    6.7176] Pad: DS2 Config Finished - P1/S1 - AL: On - AB: Locked - VS: Disabled - VL: Disabled - RB: D (0x00000000)
[    6.9170] Pad: DS2 Config Finished - P1/S1 - AL: On - AB: Locked - VS: Disabled - VL: Disabled - RB: D (0x00000000)
[    6.9515] Curent pad(0,0) status: EXECCMD
[    7.2179] Pad: DS2 Config Finished - P1/S1 - AL: On - AB: Locked - VS: Disabled - VL: Disabled - RB: D+A+P (0x0003FFFF)
[    7.4184] Pad: DS2 Config Finished - P1/S1 - AL: On - AB: Locked - VS: Disabled - VL: Disabled - RB: D+A+P (0x0003FFFF)
[    7.4544] open name host:/pool2-probe.cfg flag 1 data 41378
[    7.4559] open fd = 256
[    7.4622] open name host:/hud/flare-corona.png flag 1 data 41378
[    7.4640] open fd = 256
[    7.4860] LOG: POOL2PROBE_CONFIG arm=0 vertices=96 members=1 repeats=1 package=75 alpha=128
[    7.4863] LOG: POOL2EEPROBE_CONFIG kind=7 clip=0 lazy=0 oracle=0
[    7.4875] FRAMEARENA allocated=1 bytes=1048576
[    7.4996] microVU1: Cached Prog = [000] [PC=18e0] [List=01] (Cache=0.000%) [0.0mb]
[    7.5006] microVU1: 3 cycle stall on branch instruction [1f78]
[    7.5016] microVU1: Cached Prog = [001] [PC=2480] [List=01] (Cache=0.246%) [0.1mb]
[    7.5026] microVU1: 3 cycle stall on branch instruction [1f78]
[    7.5152] LOG: POOL2EEPROBE_SOURCE clip=0 ready=0 total=96 generation=1 coldOracle=0
[    7.5154] LOG: POOL2PROBE_FRAME frame=1 cold=1 arm=0 eligible=0 applied=0 compared=0 mismatches=0
[    7.5155] LOG: POOL2PROBE_READY arm=0 vertices=96 repeats=1 completed=1 warmBypass=0
[    7.5157] (VMManager) Pausing...
[    7.5702] PINE: New client with FD 14 connected.
[    7.5704] PINE: Client disconnected.
[    7.6907] PINE: New client with FD 14 connected.
[    7.6910] OSD [SaveStateSlot172]: Saving state to slot 172...
[    7.7380]   Saving SPU2
[    7.7385]   Saving GS
[    7.8431] OSD [SaveStateSlot172]: Saved state to slot 172.
[    7.8431] Zipping save state to '/home/spider/pool2-ee-probe-a96-arm0-repeat1-20261005-v1/profile/PCSX2/sstates/vehicle-playground (1C2826FE).172.p2s' took 98.59 ms
[    8.9727] PINE: Client disconnected.
