[    0.0148] Program Path: /home/spider/tyrax2-debugger-linux-v1/squashfs-root/usr/bin/pcsx2-qt
[    0.0148] AppRoot Directory: /home/spider/tyrax2-debugger-linux-v1/squashfs-root/usr/bin
[    0.0148] Resources Directory: /home/spider/tyrax2-debugger-linux-v1/squashfs-root/usr/bin/resources
[    0.0148] DataRoot Directory: /home/spider/pool2-ee-probe-a96-arm1-repeat3-20261005-v1/profile/PCSX2
[    0.0148] Loading config from /home/spider/pool2-ee-probe-a96-arm1-repeat3-20261005-v1/profile/PCSX2/inis/PCSX2.ini.
[    0.0150] Loading secrets from /home/spider/pool2-ee-probe-a96-arm1-repeat3-20261005-v1/profile/PCSX2/inis/secrets.ini.
[    0.0154] BIOS Directory: /mnt/c/Users/pawel/OneDrive/Documents/PCSX2/bios
[    0.0154] Snapshots Directory: /home/spider/pool2-ee-probe-a96-arm1-repeat3-20261005-v1/profile/PCSX2/snaps
[    0.0155] Savestates Directory: /home/spider/pool2-ee-probe-a96-arm1-repeat3-20261005-v1/profile/PCSX2/sstates
[    0.0155] MemoryCards Directory: /home/spider/pool2-ee-probe-a96-arm1-repeat3-20261005-v1/profile/PCSX2/memcards
[    0.0155] Logs Directory: /home/spider/pool2-ee-probe-a96-arm1-repeat3-20261005-v1/profile/PCSX2/logs
[    0.0155] Cheats Directory: /home/spider/pool2-ee-probe-a96-arm1-repeat3-20261005-v1/profile/PCSX2/cheats
[    0.0155] Patches Directory: /home/spider/pool2-ee-probe-a96-arm1-repeat3-20261005-v1/profile/PCSX2/patches
[    0.0155] Covers Directory: /home/spider/pool2-ee-probe-a96-arm1-repeat3-20261005-v1/profile/PCSX2/covers
[    0.0155] Game Settings Directory: /home/spider/pool2-ee-probe-a96-arm1-repeat3-20261005-v1/profile/PCSX2/gamesettings
[    0.0155] Resources Directory: /home/spider/tyrax2-debugger-linux-v1/squashfs-root/usr/bin/resources
[    0.0155] User Resources Directory: /home/spider/pool2-ee-probe-a96-arm1-repeat3-20261005-v1/profile/PCSX2/resources
[    0.0155] Cache Directory: /home/spider/pool2-ee-probe-a96-arm1-repeat3-20261005-v1/profile/PCSX2/cache
[    0.0155] Textures Directory: /home/spider/pool2-ee-probe-a96-arm1-repeat3-20261005-v1/profile/PCSX2/textures
[    0.0155] Input Profile Directory: /home/spider/pool2-ee-probe-a96-arm1-repeat3-20261005-v1/profile/PCSX2/inputprofiles
[    0.0155] Video Dumping Directory: /home/spider/pool2-ee-probe-a96-arm1-repeat3-20261005-v1/profile/PCSX2/videos
[    0.0155] Debugger Layouts Directory: /home/spider/pool2-ee-probe-a96-arm1-repeat3-20261005-v1/profile/PCSX2/inis/debuggerlayouts
[    0.0155] Debugger Settings Directory: /home/spider/pool2-ee-probe-a96-arm1-repeat3-20261005-v1/profile/PCSX2/inis/debuggersettings
[    0.0315] Loaded translation file for language en-US
[    0.0392] PCSX2 v2.9.93
[    0.0393] Savestate version: 0x9a590000
[    0.0393] 
[    0.0393] 
[    0.0393] Host Machine Init:
[    0.0394]   Operating System = Ubuntu 22.04
[    0.0394]   Available RAM    = 49093 MB (47.94 GB)
[    0.0394]   Physical RAM     = 50191 MB (49.02 GB)
[    0.0394] 
[    0.0394]   Processor        = AMD Ryzen Threadripper 1920X
[    0.0394]   Core Count       = 24 cores
[    0.0394]   Thread Count     = 24 threads
[    0.0394]   Cluster Count    = 1 clusters
[    0.0394] CPU Extensions Detected:
[    0.0394]   AVX AVX2
[    0.0394] 
[    0.0395] Allocating host memory for virtual systems...
[    0.0399]   EE Main Memory                   @ 0x00007FCE17200000 -> 0x00007FCE20100000 [143mb]
[    0.0399]   IOP Main Memory                  @ 0x00007FCE20100000 -> 0x00007FCE28200000 [129mb]
[    0.0399]   VU0/1 On-Chip Memory             @ 0x00007FCE28200000 -> 0x00007FCE28300000 [1mb]
[    0.0399]   VTLB Virtual Map                 @ 0x00007FCE28300000 -> 0x00007FCE28B00000 [8mb]
[    0.0399]   VTLB Address Map                 @ 0x00007FCE28B00000 -> 0x00007FCE28F00000 [4mb]
[    0.0399]   R5900 Recompiler Cache           @ 0x00007FCE28F00000 -> 0x00007FCE2CF00000 [64mb]
[    0.0399]   R3000A Recompiler Cache          @ 0x00007FCE2CF00000 -> 0x00007FCE2EF00000 [32mb]
[    0.0399]   Micro VU0 Recompiler Cache       @ 0x00007FCE2FF00000 -> 0x00007FCE33F00000 [64mb]
[    0.0399]   Micro VU1 Recompiler Cache       @ 0x00007FCE33F00000 -> 0x00007FCE37F00000 [64mb]
[    0.0400]   VIF0 Unpack Recompiler Cache     @ 0x00007FCE2EF00000 -> 0x00007FCE2F700000 [8mb]
[    0.0400]   VIF1 Unpack Recompiler Cache     @ 0x00007FCE2F700000 -> 0x00007FCE2FF00000 [8mb]
[    0.0400]   VIF Unpack Recompiler Cache      @ 0x00007FCE37F00000 -> 0x00007FCE38000000 [1mb]
[    0.0400]   GS Software Renderer             @ 0x00007FCE38000000 -> 0x00007FCE3C000000 [64mb]
[    0.0418] Fastmem area: 0x7fcd17200000 - 0x7fce171fffff
[    0.0439] Generating SSE-optimized unpacking functions for VIF interpreters...
[    0.0443] Unpack function generation complete.  Generated function statistics:
[    0.0443]   Reserved buffer    : 1048576 bytes @ 0x00007FCE37F00000
[    0.0443]   x86 code generated : 7422 bytes
[    0.0443] 
[    0.0447] SDLInputSource: Using Controller DB from resources.
[    0.0632] SDLInputSource: 765 gamepad mappings are loaded.
[    0.0634] Invalid binding: 'XInput-0/DPadUp'
[    0.0634] Invalid binding: 'XInput-0/DPadRight'
[    0.0634] Invalid binding: 'XInput-0/DPadDown'
[    0.0634] Invalid binding: 'XInput-0/DPadLeft'
[    0.0634] Invalid binding: 'XInput-0/Y'
[    0.0634] Invalid binding: 'XInput-0/B'
[    0.0634] Invalid binding: 'XInput-0/A'
[    0.0634] Invalid binding: 'XInput-0/X'
[    0.0634] Invalid binding: 'XInput-0/Back'
[    0.0634] Invalid binding: 'XInput-0/Start'
[    0.0634] Invalid binding: 'XInput-0/LeftShoulder'
[    0.0634] Invalid binding: 'XInput-0/+LeftTrigger'
[    0.0634] Invalid binding: 'XInput-0/RightShoulder'
[    0.0634] Invalid binding: 'XInput-0/+RightTrigger'
[    0.0634] Invalid binding: 'XInput-0/LeftStick'
[    0.0634] Invalid binding: 'XInput-0/RightStick'
[    0.0634] Invalid binding: 'XInput-0/Guide'
[    0.0634] Invalid binding: 'XInput-0/-LeftY'
[    0.0634] Invalid binding: 'XInput-0/+LeftX'
[    0.0634] Invalid binding: 'XInput-0/+LeftY'
[    0.0634] Invalid binding: 'XInput-0/-LeftX'
[    0.0634] Invalid binding: 'XInput-0/-RightY'
[    0.0635] Invalid binding: 'XInput-0/+RightX'
[    0.0635] Invalid binding: 'XInput-0/+RightY'
[    0.0635] Invalid binding: 'XInput-0/-RightX'
[    0.0642] Settings: Advanced Settings are enabled; only proceed if you know what you're doing! No support will be provided if you have the option enabled.
[    0.1150] Scanning F:\PS2\Games (recursively)
[    0.2218] Loading BIOS...
[    0.2336] BIOS Found: Europe  v02.00(14/06/2004)  Console 20040614-100914
[    0.2935] Mechacon version: 0x00020603
[    0.3020] Opening CDVD...
[    0.3347] Initializing Elf: 4464732 bytes
[    0.3352] Disc changed to .
[    0.3352]   Name: vehicle-playground [?]
[    0.3352]   Serial: vehicle-playground
[    0.3352]   Version: 
[    0.3352]   CRC: 1C2826FE
[    0.3353] No game settings found (tried '/home/spider/pool2-ee-probe-a96-arm1-repeat3-20261005-v1/profile/PCSX2/gamesettings/1C2826FE.ini')
[    0.3354] Applying settings...
[    0.3356] Invalid binding: 'XInput-0/DPadUp'
[    0.3356] Invalid binding: 'XInput-0/DPadRight'
[    0.3356] Invalid binding: 'XInput-0/DPadDown'
[    0.3356] Invalid binding: 'XInput-0/DPadLeft'
[    0.3356] Invalid binding: 'XInput-0/Y'
[    0.3356] Invalid binding: 'XInput-0/B'
[    0.3356] Invalid binding: 'XInput-0/A'
[    0.3356] Invalid binding: 'XInput-0/X'
[    0.3356] Invalid binding: 'XInput-0/Back'
[    0.3356] Invalid binding: 'XInput-0/Start'
[    0.3356] Invalid binding: 'XInput-0/LeftShoulder'
[    0.3357] Invalid binding: 'XInput-0/+LeftTrigger'
[    0.3357] Invalid binding: 'XInput-0/RightShoulder'
[    0.3357] Invalid binding: 'XInput-0/+RightTrigger'
[    0.3357] Invalid binding: 'XInput-0/LeftStick'
[    0.3357] Invalid binding: 'XInput-0/RightStick'
[    0.3358] Invalid binding: 'XInput-0/Guide'
[    0.3358] Invalid binding: 'XInput-0/-LeftY'
[    0.3358] Invalid binding: 'XInput-0/+LeftX'
[    0.3358] Invalid binding: 'XInput-0/+LeftY'
[    0.3358] Invalid binding: 'XInput-0/-LeftX'
[    0.3359] Invalid binding: 'XInput-0/-RightY'
[    0.3359] Invalid binding: 'XInput-0/+RightX'
[    0.3359] Invalid binding: 'XInput-0/+RightY'
[    0.3359] Invalid binding: 'XInput-0/-RightX'
[    0.3362] GameDB: Has not been initialized yet, initializing...
[    0.3828] GameDB: 12841 games on record (loaded in 46.57ms)
[    0.3854] Reopening memory cards...
[    0.3854] (FileMcd) Creating new 8MB memory card: /home/spider/pool2-ee-probe-a96-arm1-repeat3-20261005-v1/profile/PCSX2/memcards/Mcd001.ps2
[    0.3948] McdSlot 0 [File]: Mcd001.ps2 [8 MB, UNFORMATTED]
[    0.3948] McdSlot 1 [File]: [disabled/empty filename]
[    0.3990] HLE Host: Set 'host:' root path to: /mnt/f/Projects/tyrax2-lab-20261001/wild-pool2-ee-probe-physical-v1/game/bin
[    0.3990] EE/iR5900 Recompiler Reset
[    0.4286] iR3000A Recompiler reset.
[    0.4452] Resetting host memory for virtual systems...
[    0.6804] Time Zone Offset: GMT+01:00
[    0.6805] Time Zone Location: Berlin
[    0.6805] DST: Winter Time
[    0.6805] Time Format: 24-Hour
[    0.6805] Date Format: DD/MM/YYYY
[    0.6805] System Time Basis: Operating System Time
[    0.6805] Resulting System Time: 2026-10-05 12:53:59
[    0.6805] Close virtual disk tray
[    0.6805] Media already loaded (fast boot)
[    0.6805] Opening GS...
[    0.7218] VK: Enabling extension: VK_KHR_get_surface_capabilities2
[    0.7339] Using Vulkan GPU 'llvmpipe (LLVM 15.0.7, 256 bits)' for automatic renderer check.
[    0.7339] Not using Vulkan for software renderer.
[    0.7342] acquireRenderWindow() recreate=true fullscreen=false render_to_main=true surfaceless=false
[    0.7371] (GetRefreshRateFromXRandR) Modeline is invalid: 0/0/0
[    0.7372] Surface refresh rate: 60 Hz
[    0.7378] Loading EGL from libEGL.so...
[    0.7393] GLAD EGL Version: 1.0
[    0.7393] Using EGL platform EGL_EXT_platform_x11.
[    0.7482] eglInitialize() version: 1.5
[    0.7483] GLAD EGL Version: 1.5
[    0.7483] Trying GL version 4.6
[    0.7483] eglCreateContext() failed: 0x3009
[    0.7483] Trying GL version 4.5
[    0.7591] Got GL version 4.5
[    0.7591] EGL_MIN_SWAP_INTERVAL = 1
[    0.7591] EGL_MAX_SWAP_INTERVAL = 1
[    0.7591] Negative swap interval/tear-control is NOT supported
[    0.7618] GL_VENDOR: Mesa
[    0.7618] GL_VERSION: 4.5 (Core Profile) Mesa 23.2.1-1ubuntu3.1~22.04.4
[    0.7618] GL_RENDERER: llvmpipe (LLVM 15.0.7, 256 bits)
[    0.7618] GL_SHADING_LANGUAGE_VERSION: 4.50
[    0.7619] GL_MAX_VERTEX_SHADER_STORAGE_BLOCKS: 16
[    0.7619] GL: Viewport Array:            Supported       => Using: GL_ARB_viewport_array
[    0.7619] GL: Direct State Access:       Supported       => Using: OpenGL 4.5 Core
[    0.7619] GL: Copy Image:                Supported       => Using: OpenGL 4.3 Core
[    0.7619] GL: Clip Control:              Supported       => Using: OpenGL 4.5 Core
[    0.7619] GL: Conservative Depth:        Supported       => Using: OpenGL 4.2 Core
[    0.7619] GL: CAS Sharpening:            Supported       => Using: OpenGL 4.2 Core
[    0.7619] GL: Texture Barriers:          Auto            => Using: Framebuffer Fetch
[    0.7619] GL: RGBA16 HW Blending:        Supported       => Using: RGBA16 UNORM
[    0.7619] GL: Point Expansion:           Supported       => Using: Hardware
[    0.7619] GL: Line Expansion:            Fallback        => Using: Vertex Expansion
[    0.7619] GL: Sprite Expansion:          Supported       => Using: Vertex Expansion
[    0.7619] GL: DXTn Texture Compression:  Supported       => Using: GL_EXT_texture_compression_s3tc
[    0.7619] GL: BC6/7 Texture Compression: Supported       => Using: OpenGL 4.2 Core
[    0.7697] 1 program binary formats supported by driver
[    0.8055] Program binary retrieved, 4105 bytes, format 34655
[    0.8062] Program binary retrieved, 4121 bytes, format 34655
[    0.8069] Program binary retrieved, 4249 bytes, format 34655
[    0.8074] Program binary retrieved, 4013 bytes, format 34655
[    0.8079] Program binary retrieved, 4013 bytes, format 34655
[    0.8084] Program binary retrieved, 4017 bytes, format 34655
[    0.8088] Program binary retrieved, 4017 bytes, format 34655
[    0.8093] Program binary retrieved, 4185 bytes, format 34655
[    0.8098] Program binary retrieved, 4217 bytes, format 34655
[    0.8102] Program binary retrieved, 4137 bytes, format 34655
[    0.8107] Program binary retrieved, 4125 bytes, format 34655
[    0.8111] Program binary retrieved, 4121 bytes, format 34655
[    0.8118] Program binary retrieved, 4253 bytes, format 34655
[    0.8126] Program binary retrieved, 4237 bytes, format 34655
[    0.8131] Program binary retrieved, 4245 bytes, format 34655
[    0.8136] Program binary retrieved, 4261 bytes, format 34655
[    0.8142] Program binary retrieved, 4965 bytes, format 34655
[    0.8149] Program binary retrieved, 4981 bytes, format 34655
[    0.8154] Program binary retrieved, 4261 bytes, format 34655
[    0.8158] Program binary retrieved, 4277 bytes, format 34655
[    0.8165] Program binary retrieved, 5005 bytes, format 34655
[    0.8170] Program binary retrieved, 5021 bytes, format 34655
[    0.8177] Program binary retrieved, 4257 bytes, format 34655
[    0.8181] Program binary retrieved, 4273 bytes, format 34655
[    0.8187] Program binary retrieved, 5001 bytes, format 34655
[    0.8192] Program binary retrieved, 5017 bytes, format 34655
[    0.8196] Program binary retrieved, 4277 bytes, format 34655
[    0.8200] Program binary retrieved, 4293 bytes, format 34655
[    0.8205] Program binary retrieved, 5057 bytes, format 34655
[    0.8211] Program binary retrieved, 5073 bytes, format 34655
[    0.8216] Program binary retrieved, 4153 bytes, format 34655
[    0.8221] Program binary retrieved, 4169 bytes, format 34655
[    0.8225] Program binary retrieved, 4233 bytes, format 34655
[    0.8230] Program binary retrieved, 5781 bytes, format 34655
[    0.8235] Program binary retrieved, 5373 bytes, format 34655
[    0.8242] Program binary retrieved, 6389 bytes, format 34655
[    0.8247] Program binary retrieved, 4917 bytes, format 34655
[    0.8251] Program binary retrieved, 4845 bytes, format 34655
[    0.8256] Program binary retrieved, 4997 bytes, format 34655
[    0.8259] Program binary retrieved, 4101 bytes, format 34655
[    0.8290] Program binary retrieved, 4137 bytes, format 34655
[    0.8326] Program binary retrieved, 4109 bytes, format 34655
[    0.8330] Program binary retrieved, 5389 bytes, format 34655
[    0.8335] Program binary retrieved, 5829 bytes, format 34655
[    0.8339] Program binary retrieved, 5857 bytes, format 34655
[    0.8343] Program binary retrieved, 4289 bytes, format 34655
[    0.8370] Program binary retrieved, 21205 bytes, format 34655
[    0.8381] Program binary retrieved, 4765 bytes, format 34655
[    0.8392] Program binary retrieved, 5685 bytes, format 34655
[    0.8399] Program binary retrieved, 4141 bytes, format 34655
[    0.8409] Program binary retrieved, 4537 bytes, format 34655
[    0.8431] Program binary retrieved, 4889 bytes, format 34655
[    0.8452] Program binary retrieved, 4117 bytes, format 34655
[    0.8457] Program binary retrieved, 4741 bytes, format 34655
[    0.8461] Program binary retrieved, 4965 bytes, format 34655
[    0.8467] Program binary retrieved, 6613 bytes, format 34655
[    0.8471] Program binary retrieved, 4797 bytes, format 34655
[    0.8487] Program binary retrieved, 13085 bytes, format 34655
[    0.8553] Program binary retrieved, 7285 bytes, format 34655
[    0.8610] Program binary retrieved, 5497 bytes, format 34655
[    0.8613] Program binary retrieved, 4141 bytes, format 34655
[    0.8617] Program binary retrieved, 4141 bytes, format 34655
[    0.8621] Program binary retrieved, 4145 bytes, format 34655
[    0.8625] Program binary retrieved, 4145 bytes, format 34655
[    0.9201] Program binary retrieved, 5369 bytes, format 34655
[    0.9216] OpenGL Graphics Driver Info:
[    0.9216] OpenGL Context:
[    0.9216] 4.5 (Core Profile) Mesa 23.2.1-1ubuntu3.1~22.04.4
[    0.9216] Mesa llvmpipe (LLVM 15.0.7, 256 bits)
[    0.9216] GLSL: 4.50
[    0.9248] Processor count: 24 cores, 24 processors, 1 clusters
[    0.9249] Ordered processor list: 12, 23, 22, 21, 20, 19, 18, 17, 16, 15, 14, 13, 0, 11, 10, 9, 8, 7, 6, 5, 4, 3, 2, 1
[    0.9249] Not pinning SW threads, we need 4 processors, but only have 0
[    0.9254] Opening SPU2...
[    0.9265] Creating Null audio stream, sample rate = 48000, expansion = Disabled, buffer = 50, latency = 32, stretching enabled, driver = wasapi, device = 
[    0.9265] Allocated buffer of 2432 frames for buffer of 50 ms [expansion Disabled (block size 2048), stretch disabled, target size 2432].
[    0.9265] Initializing Pad...
[    0.9265] Initializing SIO2...
[    0.9266] Initializing SIO0...
[    0.9266] Opening DEV9...
[    0.9266] DEV9: DEV9init
[    0.9271] DEV9: DEV9init2
[    0.9271] DEV9: DEV9init3
[    0.9318] DEV9: DEV9init ok
[    0.9318] DEV9: DEV9open
[    0.9318] Opening USB...
[    0.9319] Opening FW...
[    0.9321] Frame rate: 59.94, target speed: 1, target frame rate: 59.94, ticks per frame: 16683350
[    0.9352] MultiPause time: 142ns
[    0.9352] MultiPause time: 142ns
[    0.9353] MultiPause time: 142ns
[    0.9353] MultiPause time: 142ns
[    0.9355] VM subsystems initialized in 717.72 ms
[    0.9460] Failed to inhibit screen saver.
[    0.9461] Processor order assignment: EE=12, VU=23, GS=23
[    0.9461]   EE thread is on processor 12 (0x1000)
[    0.9463]   GS thread is on processor 23 (0x800000)
[    0.9571] Failed to inhibit screen saver.
[    0.9823] # Initialize memory (rev:3.70, ctm:197Mhz, cpuclk:147Mhz detected)
[    0.9909] R3000 Debugger: Branch to 0x890 (SYSMEM). Clearing modules.
[    0.9924] RegisterLibraryEntries: excepman version 1.01
[    0.9934] RegisterLibraryEntries:  intrman version 1.02
[    0.9935] RegisterLibraryEntries:   ssbusc version 1.01
[    0.9938] RegisterLibraryEntries:  dmacman version 1.02
[    0.9943] RegisterLibraryEntries:  timrman version 1.01
[    0.9946] RegisterLibraryEntries:  sysclib version 1.01
[    0.9946] RegisterLibraryEntries:    stdio version 1.01
[    0.9948] RegisterLibraryEntries:  heaplib version 1.01
[    0.9952] FW: read mem 0x1f80847c: 0x10000001
[    0.9952] FW: write mem 0x1f808414: 0x417f0000
[    0.9952] FW: read mem 0x1f808400: 0xffc00001
[    0.9952] FW: write mem 0x1f80844c: 0xffffffff
[    0.9952] FW: write mem 0x1f808420: 0xffffffff
[    0.9952] FW: write mem 0x1f808428: 0xffffffff
[    0.9952] FW: write mem 0x1f808430: 0xffffffff
[    0.9962] RegisterLibraryEntries:   thbase version 1.01
[    0.9963] RegisterLibraryEntries:  thevent version 1.01
[    0.9963] RegisterLibraryEntries:  thsemap version 1.01
[    0.9963] RegisterLibraryEntries:  thmsgbx version 1.01
[    0.9965] RegisterLibraryEntries:  thfpool version 1.01
[    0.9965] RegisterLibraryEntries:  thvpool version 1.01
[    0.9972] RegisterLibraryEntries:   vblank version 1.01
[    0.9979] RegisterLibraryEntries:    ioman version 1.02
[    0.9986] RegisterLibraryEntries:  modload version 1.01
[    0.9989] RegisterLibraryEntries:   romdrv version 2.01
[    0.9991] RegisterLibraryEntries:    stdio version 1.02
[    0.9995] RegisterLibraryEntries:   sifman version 1.01
[    0.9998] 
[    0.9998] PlayStation 2 ======== Hard reset boot
[    1.0000]  ROMGEN=2004-0614, IOP info (CPUID=1f, CACH_CONFIG=0, 2MB, IOP mode)
[    1.0001]  <20040614-100914,ROMconf,PS20200EC20040614.bin:11696>
[    1.0101] # Total accessable memory size: 32 MB (B:2:8:0) (370:2:7c30)
[    1.0111] # TLB spad=0 kernel=1:12 default=13:30 extended=31:38
[    1.0731] # Initialize Start.
[    1.0738] # Initialize GS ...
[    1.0738] # Initialize INTC ...
[    1.0738] # Initialize TIMER ...
[    1.0739] # Initialize DMAC ...
[    1.0740] # Initialize VU1 ...
[    1.0742] # Initialize VIF1 ...
[    1.0743] # Initialize GIF ...
[    1.0744] # Initialize VU0 ...
[    1.0745] # Initialize VIF0 ...
[    1.0745] # Initialize IPU ...
[    1.0747] # Initialize FPU ...
[    1.0747] # Initialize User Memory ...
[    1.1350] # Initialize Scratch Pad ...
[    1.1352] # Initialize Done.
[    1.1360] 
[    1.1360] EE DECI2 Manager version 0.06 Feb  6 2003 08:38:48
[    1.1360]   CPUID=2e20, BoardID=0, ROMGEN=2004-0614, 32M
[    1.1360] 
[    1.1362] RegisterLibraryEntries:   sifcmd version 1.01
[    1.1674] Initializing Elf: 4464732 bytes
[    1.1699] ELF Loading: host:vehicle-playground.elf, Game CRC = 1C2826FE, EntryPoint = 0x00100E78
[    1.1708] PINE: New client with FD 14 connected.
[    1.1712] PINE: Client disconnected.
[    1.1727] RegisterLibraryEntries:  cdvdman version 1.01
[    1.1769] Imported 823 symbols.
[    1.1800] RegisterLibraryEntries:  cdvdfsv version 1.01
[    1.1815] RegisterLibraryEntries:  secrman version 1.03
[    1.1816] RegisterLibraryEntries:   eesync version 1.01
[    1.1817] 
[    1.1817] IOP Realtime Kernel Ver.0.9.1
[    1.1817]     Copyright 1999 (C) Sony Computer Entertainment Inc. 
[    1.1823] Reboot service module.(99/11/10)
[    1.1846] cdvd driver module version 0.1.1 (C)SCEI
[    1.1852] Load File service.(99/11/05)
[    1.1853] Multi Threaded Fileio module.(99/11/15) 
[    1.1853] iop heap service (99/11/03)
[    1.2014] loadelf: fname host:vehicle-playground.elf secname all
[    1.2014] loadelf version 3.30
[    1.2038] Input ELF format filename = host:vehicle-playground.elf
[    1.2490] 1 00100000 003f603c ................................................................
[    1.2490] Loaded, host:vehicle-playground.elf
[    1.2491] start address 0x100e78
[    1.2491] gp address 00000000
[    1.2499] (VMManager) Pausing...
[    1.2501] (VMManager) Resuming...
[    1.2615] Failed to inhibit screen saver.
[    1.2615] EE/iR5900 Recompiler Reset
[    1.2717] PINE: New client with FD 14 connected.
[    1.2721] PINE: Client disconnected.
[    1.2808] # Restart Without Memory Clear.
[    1.2911] # Initialize GS ...
[    1.2912] # Initialize INTC ...
[    1.2912] # Initialize TIMER ...
[    1.2912] # Initialize DMAC ...
[    1.2913] # Initialize VU1 ...
[    1.2914] # Initialize VIF1 ...
[    1.2915] # Initialize GIF ...
[    1.2915] # Initialize VU0 ...
[    1.2917] # Initialize VIF0 ...
[    1.2917] # Initialize IPU ...
[    1.2919] # Initialize FPU ...
[    1.2919] # Initialize Scratch Pad ...
[    1.2919] # Restart Without Memory Clear Done.
[    1.2921] ELF host:vehicle-playground.elf with entry point at 0x00100E78 is executing.
[    1.2922] ELF changed, active CRC 1C2826FE (host:vehicle-playground.elf)
[    1.2925] Applying core settings...
[    1.2925] Debugger Settings Manager: Failed to read Saved Addresses array from settings file: '/home/spider/pool2-ee-probe-a96-arm1-repeat3-20261005-v1/profile/PCSX2/inis/debuggersettings/vehicle-playground_1C2826FE.json'
[    1.2926] Debugger Settings Manager: Failed to read Saved Addresses array from settings file: '/home/spider/pool2-ee-probe-a96-arm1-repeat3-20261005-v1/profile/PCSX2/inis/debuggersettings/vehicle-playground_1C2826FE.json'
[    1.2932] Updating CPU configuration...
[    1.2932] iR3000A Recompiler reset.
[    1.3168] iR3000A Recompiler reset.
[    1.3245] EE/iR5900 Recompiler Reset
[    1.3433] (VMManager) Pausing...
[    1.3437] EE/iR5900 Recompiler Reset
[    1.3603] EE/iR5900 Recompiler Reset
[    1.3728] PINE: New client with FD 14 connected.
[    1.3734] PINE: Client disconnected.
[    1.3779] iR3000A Recompiler reset.
[    1.3813] EE/iR5900 Recompiler Reset
[    1.3982] iR3000A Recompiler reset.
[    1.4013] EE/iR5900 Recompiler Reset
[    1.4167] iR3000A Recompiler reset.
[    1.4200] EE/iR5900 Recompiler Reset
[    1.4350] iR3000A Recompiler reset.
[    1.4389] EE/iR5900 Recompiler Reset
[    1.5068] PINE: New client with FD 14 connected.
[    1.5072] OSD [SaveStateSlot140]: Saving state to slot 140...
[    1.5358]   Saving SPU2
[    1.5363]   Saving GS
[    1.6350] OSD [SaveStateSlot140]: Saved state to slot 140.
[    1.6351] Zipping save state to '/home/spider/pool2-ee-probe-a96-arm1-repeat3-20261005-v1/profile/PCSX2/sstates/vehicle-playground (1C2826FE).140.p2s' took 93.18 ms
[    2.7872] PINE: Client disconnected.
[    3.3053] PINE: New client with FD 14 connected.
[    3.3102] (VMManager) Resuming...
[    3.3232] Failed to inhibit screen saver.
[    3.3249] BIOS: Successfully found the instruction pattern. Assuming the thread list is here: 8001a640
[    3.3284] Warning: GetOsdConfigParam2 Reading extended language/version configs, may be incorrect!
[    3.3397] read/write allocate memory 4000
[    3.3398] open name host:/ps2link.run flag 1 data 41378
[    3.3404] open fd = -5
[    3.3433] Get Reboot Request From EE
[    3.3447] R3000 Debugger: Branch to 0x890 (SYSMEM). Clearing modules.
[    3.3467] RegisterLibraryEntries: excepman version 1.01
[    3.3479] RegisterLibraryEntries:  intrman version 1.02
[    3.3481] RegisterLibraryEntries:   ssbusc version 1.01
[    3.3487] RegisterLibraryEntries:  dmacman version 1.02
[    3.3492] RegisterLibraryEntries:  timrman version 1.01
[    3.3497] RegisterLibraryEntries:  sysclib version 1.01
[    3.3498] RegisterLibraryEntries:    stdio version 1.01
[    3.3499] RegisterLibraryEntries:  heaplib version 1.01
[    3.3521] RegisterLibraryEntries:   thbase version 1.01
[    3.3521] RegisterLibraryEntries:  thevent version 1.01
[    3.3522] RegisterLibraryEntries:  thsemap version 1.01
[    3.3522] RegisterLibraryEntries:  thmsgbx version 1.01
[    3.3522] RegisterLibraryEntries:  thfpool version 1.01
[    3.3523] RegisterLibraryEntries:  thvpool version 1.01
[    3.3533] RegisterLibraryEntries:   vblank version 1.01
[    3.3538] RegisterLibraryEntries:    ioman version 1.02
[    3.3548] RegisterLibraryEntries:  modload version 1.01
[    3.3634] RegisterLibraryEntries:   romdrv version 2.01
[    3.3639] RegisterLibraryEntries:    stdio version 1.02
[    3.3644] RegisterLibraryEntries:   sifman version 1.01
[    3.3651] 
[    3.3651] PlayStation 2 ======== Soft reboot
[    3.3660] RegisterLibraryEntries:   sifcmd version 1.01
[    3.3697] RegisterLibraryEntries:  cdvdman version 1.01
[    3.3712] RegisterLibraryEntries:  cdvdfsv version 1.01
[    3.3795] RegisterLibraryEntries:  secrman version 1.03
[    3.3796] RegisterLibraryEntries:   eesync version 1.01
[    3.3798] 
[    3.3799] IOP Realtime Kernel Ver.0.9.1
[    3.3799]     Copyright 1999 (C) Sony Computer Entertainment Inc. 
[    3.3803] Reboot service module.(99/11/10)
[    3.3821] [EE] Skipping timeout loop at 0x002D4180 -> 0x002D41A0
[    3.3822] cdvd driver module version 0.1.1 (C)SCEI
[    3.3825] Load File service.(99/11/05)
[    3.3825] Multi Threaded Fileio module.(99/11/15) 
[    3.3826] iop heap service (99/11/03)
[    3.3995] RegisterLibraryEntries:   iomanx version 1.01
[    3.4007] fileXio: fileXio: fileXio RPC Server v1.00
[    3.4007] Copyright (c) 2003 adresd
[    3.4009] RegisterLibraryEntries:  sio2man version 2.07
[    3.4010] RegisterLibraryEntries:  sio2man version 1.02
[    3.4017] RegisterLibraryEntries:   padman version 1.02
[    3.4018] Pad Driver for OSD
[    3.4022] FREESD v1.01
[    3.4022] RegisterLibraryEntries:    libsd version 1.04
[    3.4027] debug_level = 1 (ps2snd 0.1
[    3.4108] PINE: Client disconnected.
[    3.4150] greetings from version 0.93 !
[    3.4150] RegisterLibraryEntries:   audsrv version 1.04
[    3.4151] audsrv_adpcm_init()
[    3.4163] UpdateVSyncRate: Mode Changed to SDTV 480p.
[    3.4163] Frame rate: 59.94, target speed: 1, target frame rate: 59.94, ticks per frame: 16683350
[    3.4163] Set GS CRTC configuration. SDTV   720x480 @ 59.94 Progressive (FRAME)
[    5.4874] read/write allocate memory 4000
[    5.4876] 
[    5.4879] -----------------------------------------
[    5.4880]         _____        ____   ___
[    5.4880]           |     /   ____| |___|
[    5.4881]           |     |   |     |   |
[    5.4882] -----------------------------------------
[    5.4882] Copyright 2022
[    5.4883] Repository: https://github.com/h4570/tyra
[    5.4883] Licensed under Apache License 2.0
[    5.4887] Version: 2.2.0
[    5.4887] -----------------------------------------
[    5.4888] 
[    5.6536] audsrv_adpcm_init()
[    5.6547] [EE] Skipping timeout loop at 0x00102CB0 -> 0x00102CD0
[    5.6881] Curent pad(0,0) status: EXECCMD
[    5.8854] Pad: DS2 Config Finished - P1/S1 - AL: Off - AB: Usable - VS: Disabled - VL: Disabled - RB: D (0x00000000)
[    5.9203] Curent pad(0,0) status: EXECCMD
[    5.9851] Pad: DS2 Config Finished - P1/S1 - AL: On - AB: Locked - VS: Disabled - VL: Disabled - RB: D (0x00000000)
[    6.1858] Pad: DS2 Config Finished - P1/S1 - AL: On - AB: Locked - VS: Disabled - VL: Disabled - RB: D (0x00000000)
[    6.2193] Curent pad(0,0) status: EXECCMD
[    6.4858] Pad: DS2 Config Finished - P1/S1 - AL: On - AB: Locked - VS: Disabled - VL: Disabled - RB: D+A+P (0x0003FFFF)
[    6.6901] Pad: DS2 Config Finished - P1/S1 - AL: On - AB: Locked - VS: Disabled - VL: Disabled - RB: D+A+P (0x0003FFFF)
[    6.7219] open name host:/pool2-probe.cfg flag 1 data 41378
[    6.7233] open fd = 256
[    6.7291] open name host:/hud/flare-corona.png flag 1 data 41378
[    6.7307] open fd = 256
[    6.7531] LOG: POOL2PROBE_CONFIG arm=1 vertices=96 members=1 repeats=3 package=75 alpha=128
[    6.7533] LOG: POOL2EEPROBE_CONFIG kind=7 clip=0 lazy=1 oracle=0
[    6.7550] FRAMEARENA allocated=1 bytes=1048576
[    6.7695] microVU1: Cached Prog = [000] [PC=18e0] [List=01] (Cache=0.000%) [0.0mb]
[    6.7705] microVU1: 3 cycle stall on branch instruction [1f78]
[    6.7714] microVU1: Cached Prog = [001] [PC=2480] [List=01] (Cache=0.246%) [0.1mb]
[    6.7722] microVU1: 3 cycle stall on branch instruction [1f78]
[    6.7853] LOG: POOL2EEPROBE_SOURCE clip=0 ready=0 total=96 generation=1 coldOracle=0
[    6.7854] LOG: POOL2PROBE_FRAME frame=1 cold=1 arm=1 eligible=0 applied=0 compared=0 mismatches=0
[    6.7995] LOG: POOL2EEPROBE_SOURCE clip=0 ready=0 total=96 generation=2 coldOracle=0
[    6.7996] LOG: POOL2PROBE_FRAME frame=2 cold=0 arm=1 eligible=0 applied=0 compared=0 mismatches=0
[    6.8124] LOG: POOL2EEPROBE_SOURCE clip=0 ready=0 total=96 generation=3 coldOracle=0
[    6.8125] LOG: POOL2PROBE_FRAME frame=3 cold=0 arm=1 eligible=0 applied=0 compared=0 mismatches=0
[    6.8126] LOG: POOL2PROBE_READY arm=1 vertices=96 repeats=3 completed=3 warmBypass=0
[    6.8127] (VMManager) Pausing...
[    6.8381] PINE: New client with FD 14 connected.
[    6.8384] PINE: Client disconnected.
[    6.9593] PINE: New client with FD 14 connected.
[    6.9596] OSD [SaveStateSlot177]: Saving state to slot 177...
[    6.9876]   Saving SPU2
[    6.9880]   Saving GS
[    7.0892] OSD [SaveStateSlot177]: Saved state to slot 177.
[    7.0892] Zipping save state to '/home/spider/pool2-ee-probe-a96-arm1-repeat3-20261005-v1/profile/PCSX2/sstates/vehicle-playground (1C2826FE).177.p2s' took 95.50 ms
[    8.2347] PINE: Client disconnected.
