[ 22.9] LOG: NIGHTPLAN schema=1 kind=9 order=1 joint=0 restored=0 phases=3
[ 22.9] LOG: NIGHTCONFIG order=1 valid=1 profile=0 hardwareTrace=0 ringBytes=0 ordinaryClocks=1 fixedDt=0 sampleBytes=6144 chunkBytes=420 phases=3 phaseFrames=1800 taxFirst=800 taxLoops=320 chunkFrames=64 sampleFirst=900 sampleCount=128 video=0 display=0 depth=0 width=640 height=448 refreshMilliHz=60000 requested=1 night=1
[ 22.9] LOG: NIGHTQUALITY rasterWidth=640 rasterHeight=448 scaleX=1 scaleY=1
[ 22.9] LOG: NIGHTCORONAPHASE phase=0 first=0 selected=1 enabled=1
[ 22.9] LOG: NIGHTPHASE phase=0 first=0 mask=0 appliedMask=0 sampler=1 countReads=262 samplePtr=5d1b6460
[ 22.9] LOG: NIGHTEXTRAPHASE phase=0 first=0 extraMask=0 appliedExtraMask=0
[ 22.9] LOG: NIGHTWILDPHASE phase=0 first=0 variant=0 enabled=0 appliedVariant=0 appliedEnabled=0
[ 22.9] LOG: NIGHTTABLEPHASE phase=0 first=0 selected=1 enabled=1 appliedSelected=1 appliedEnabled=1
[ 22.9] LOG: NIGHTCONTEXT phase=0 offset=750 scene=0 night=1 video=0 display=0 depth=0 width=640 height=448 refreshMilliHz=60000 requested=1 dtBits=3c888889 clockBits=00000000 rasterWidth=640 rasterHeight=448 scaleX=1 scaleY=1 ilChoice=0 ilProbing=0 ilBlock=0 ilFrame=0 ilAccepted=0 ilPipelined=1 frameYield=1
[ 22.9] LOG: NIGHTCAMERA phase=0 offset=750 positionX=00000000 positionY=00000000 positionZ=00000000 lookX=00000000 lookY=00000000 lookZ=3f800000 sceneGeneration=0 mask=0
[ 22.9] LOG: NIGHTCORONAGATES phase=0 offset=750 selected=1 enabled=1 coldPackets=2 eligible=1 requested=1 fallback=1 sourceVertices=81 requestedVertices=6 fogOn=2 shaderLit=1 invalid=0 acceptedOutputKnown=0
[ 22.9] LOG: NIGHTGATES phase=0 offset=750 first=750 frames=1 mask=0 attempted1=1 executed1=1 skipped1=0 submitted1=1 attempted2=1 executed2=1 skipped2=0 submitted2=1 attempted4=1 executed4=1 skipped4=0 submitted4=1 attempted8=1 executed8=1 skipped8=0 submitted8=0 attempted16=1 executed16=1 skipped16=0 submitted16=1 attempted32=0 executed32=0 skipped32=0 submitted32=0 attempted64=0 executed64=0 skipped64=0 submitted64=0
[ 22.9] LOG: NIGHTEXTRAGATES phase=0 offset=750 first=750 frames=1 extraMask=0 attempted1=1 executed1=1 skipped1=0 submitted1=1 attempted2=1 executed2=1 skipped2=0 submitted2=1 attempted4=1 executed4=1 skipped4=0 submitted4=1
[ 22.9] LOG: NIGHTWILDGATES phase=0 offset=750 first=750 frames=1 variant=0 enabled=0 planeInvocations=0 planeEligible=0 planeApplied=0 planeFallback=0 planeBoundary=0 planeNonfinite=0 planeColdCompared=0 planeColdMismatches=0 planeInputUnits=0 planeOutputUnits=0 planeInvalid=0 coneInvocations=0 coneEligible=0 coneApplied=0 coneFallback=0 coneBoundary=0 coneNonfinite=0 coneColdCompared=0 coneColdMismatches=0 coneInputUnits=0 coneOutputUnits=0 coneInvalid=0
[ 22.9] LOG: NIGHTTABLEGATES phase=0 offset=750 first=750 frames=1 selected=1 enabled=1 invocations=2 eligible=1 applied=1 fallback=1 sourceVertices=151 admittedVertices=75 baselineColorQwords=151 tableColorQwords=2 coldCompared=2 coldMismatches=0 invalid=0
[ 22.9] LOG: NIGHTCONTEXT phase=0 offset=1155 scene=0 night=1 video=0 display=0 depth=0 width=640 height=448 refreshMilliHz=60000 requested=1 dtBits=3c888889 clockBits=00000000 rasterWidth=640 rasterHeight=448 scaleX=1 scaleY=1 ilChoice=0 ilProbing=0 ilBlock=0 ilFrame=0 ilAccepted=0 ilPipelined=1 frameYield=1
[ 22.9] LOG: NIGHTCAMERA phase=0 offset=1155 positionX=00000000 positionY=00000000 positionZ=00000000 lookX=00000000 lookY=00000000 lookZ=3f800000 sceneGeneration=0 mask=0
[ 22.9] LOG: NIGHTCORONAGATES phase=0 offset=1155 selected=1 enabled=1 coldPackets=2 eligible=1 requested=1 fallback=1 sourceVertices=81 requestedVertices=6 fogOn=2 shaderLit=1 invalid=0 acceptedOutputKnown=0
[ 22.9] LOG: NIGHTGATES phase=0 offset=1155 first=1155 frames=1 mask=0 attempted1=1 executed1=1 skipped1=0 submitted1=1 attempted2=1 executed2=1 skipped2=0 submitted2=1 attempted4=1 executed4=1 skipped4=0 submitted4=1 attempted8=1 executed8=1 skipped8=0 submitted8=0 attempted16=1 executed16=1 skipped16=0 submitted16=1 attempted32=0 executed32=0 skipped32=0 submitted32=0 attempted64=0 executed64=0 skipped64=0 submitted64=0
[ 22.9] LOG: NIGHTEXTRAGATES phase=0 offset=1155 first=1155 frames=1 extraMask=0 attempted1=1 executed1=1 skipped1=0 submitted1=1 attempted2=1 executed2=1 skipped2=0 submitted2=1 attempted4=1 executed4=1 skipped4=0 submitted4=1
[ 22.9] LOG: NIGHTWILDGATES phase=0 offset=1155 first=1155 frames=1 variant=0 enabled=0 planeInvocations=0 planeEligible=0 planeApplied=0 planeFallback=0 planeBoundary=0 planeNonfinite=0 planeColdCompared=0 planeColdMismatches=0 planeInputUnits=0 planeOutputUnits=0 planeInvalid=0 coneInvocations=0 coneEligible=0 coneApplied=0 coneFallback=0 coneBoundary=0 coneNonfinite=0 coneColdCompared=0 coneColdMismatches=0 coneInputUnits=0 coneOutputUnits=0 coneInvalid=0
[ 22.9] LOG: NIGHTTABLEGATES phase=0 offset=1155 first=1155 frames=1 selected=1 enabled=1 invocations=2 eligible=1 applied=1 fallback=1 sourceVertices=151 admittedVertices=75 baselineColorQwords=151 tableColorQwords=2 coldCompared=2 coldMismatches=0 invalid=0
[ 22.9] LOG: NIGHTCORONAPHASE phase=1 first=1800 selected=1 enabled=0
[ 22.9] LOG: NIGHTPHASE phase=1 first=1800 mask=0 appliedMask=0 sampler=1 countReads=262 samplePtr=5d1b6460
[ 22.9] LOG: NIGHTEXTRAPHASE phase=1 first=1800 extraMask=0 appliedExtraMask=0
[ 22.9] LOG: NIGHTWILDPHASE phase=1 first=1800 variant=0 enabled=0 appliedVariant=0 appliedEnabled=0
[ 22.9] LOG: NIGHTTABLEPHASE phase=1 first=1800 selected=1 enabled=1 appliedSelected=1 appliedEnabled=1
[ 22.9] LOG: NIGHTCONTEXT phase=1 offset=750 scene=0 night=1 video=0 display=0 depth=0 width=640 height=448 refreshMilliHz=60000 requested=1 dtBits=3c888889 clockBits=00000000 rasterWidth=640 rasterHeight=448 scaleX=1 scaleY=1 ilChoice=0 ilProbing=0 ilBlock=0 ilFrame=0 ilAccepted=0 ilPipelined=1 frameYield=1
[ 22.9] LOG: NIGHTCAMERA phase=1 offset=750 positionX=00000000 positionY=00000000 positionZ=00000000 lookX=00000000 lookY=00000000 lookZ=3f800000 sceneGeneration=0 mask=0
[ 22.9] LOG: NIGHTCORONAGATES phase=1 offset=750 selected=1 enabled=0 coldPackets=2 eligible=1 requested=0 fallback=1 sourceVertices=81 requestedVertices=0 fogOn=2 shaderLit=1 invalid=0 acceptedOutputKnown=0
[ 22.9] LOG: NIGHTGATES phase=1 offset=750 first=750 frames=1 mask=0 attempted1=1 executed1=1 skipped1=0 submitted1=1 attempted2=1 executed2=1 skipped2=0 submitted2=1 attempted4=1 executed4=1 skipped4=0 submitted4=1 attempted8=1 executed8=1 skipped8=0 submitted8=0 attempted16=1 executed16=1 skipped16=0 submitted16=1 attempted32=0 executed32=0 skipped32=0 submitted32=0 attempted64=0 executed64=0 skipped64=0 submitted64=0
[ 22.9] LOG: NIGHTEXTRAGATES phase=1 offset=750 first=750 frames=1 extraMask=0 attempted1=1 executed1=1 skipped1=0 submitted1=1 attempted2=1 executed2=1 skipped2=0 submitted2=1 attempted4=1 executed4=1 skipped4=0 submitted4=1
[ 22.9] LOG: NIGHTWILDGATES phase=1 offset=750 first=750 frames=1 variant=0 enabled=0 planeInvocations=0 planeEligible=0 planeApplied=0 planeFallback=0 planeBoundary=0 planeNonfinite=0 planeColdCompared=0 planeColdMismatches=0 planeInputUnits=0 planeOutputUnits=0 planeInvalid=0 coneInvocations=0 coneEligible=0 coneApplied=0 coneFallback=0 coneBoundary=0 coneNonfinite=0 coneColdCompared=0 coneColdMismatches=0 coneInputUnits=0 coneOutputUnits=0 coneInvalid=0
[ 22.9] LOG: NIGHTTABLEGATES phase=1 offset=750 first=750 frames=1 selected=1 enabled=1 invocations=2 eligible=1 applied=1 fallback=1 sourceVertices=151 admittedVertices=75 baselineColorQwords=151 tableColorQwords=2 coldCompared=2 coldMismatches=0 invalid=0
[ 22.9] LOG: NIGHTCONTEXT phase=1 offset=1155 scene=0 night=1 video=0 display=0 depth=0 width=640 height=448 refreshMilliHz=60000 requested=1 dtBits=3c888889 clockBits=00000000 rasterWidth=640 rasterHeight=448 scaleX=1 scaleY=1 ilChoice=0 ilProbing=0 ilBlock=0 ilFrame=0 ilAccepted=0 ilPipelined=1 frameYield=1
[ 22.9] LOG: NIGHTCAMERA phase=1 offset=1155 positionX=00000000 positionY=00000000 positionZ=00000000 lookX=00000000 lookY=00000000 lookZ=3f800000 sceneGeneration=0 mask=0
[ 22.9] LOG: NIGHTCORONAGATES phase=1 offset=1155 selected=1 enabled=0 coldPackets=2 eligible=1 requested=0 fallback=1 sourceVertices=81 requestedVertices=0 fogOn=2 shaderLit=1 invalid=0 acceptedOutputKnown=0
[ 22.9] LOG: NIGHTGATES phase=1 offset=1155 first=1155 frames=1 mask=0 attempted1=1 executed1=1 skipped1=0 submitted1=1 attempted2=1 executed2=1 skipped2=0 submitted2=1 attempted4=1 executed4=1 skipped4=0 submitted4=1 attempted8=1 executed8=1 skipped8=0 submitted8=0 attempted16=1 executed16=1 skipped16=0 submitted16=1 attempted32=0 executed32=0 skipped32=0 submitted32=0 attempted64=0 executed64=0 skipped64=0 submitted64=0
[ 22.9] LOG: NIGHTEXTRAGATES phase=1 offset=1155 first=1155 frames=1 extraMask=0 attempted1=1 executed1=1 skipped1=0 submitted1=1 attempted2=1 executed2=1 skipped2=0 submitted2=1 attempted4=1 executed4=1 skipped4=0 submitted4=1
[ 22.9] LOG: NIGHTWILDGATES phase=1 offset=1155 first=1155 frames=1 variant=0 enabled=0 planeInvocations=0 planeEligible=0 planeApplied=0 planeFallback=0 planeBoundary=0 planeNonfinite=0 planeColdCompared=0 planeColdMismatches=0 planeInputUnits=0 planeOutputUnits=0 planeInvalid=0 coneInvocations=0 coneEligible=0 coneApplied=0 coneFallback=0 coneBoundary=0 coneNonfinite=0 coneColdCompared=0 coneColdMismatches=0 coneInputUnits=0 coneOutputUnits=0 coneInvalid=0
[ 22.9] LOG: NIGHTTABLEGATES phase=1 offset=1155 first=1155 frames=1 selected=1 enabled=1 invocations=2 eligible=1 applied=1 fallback=1 sourceVertices=151 admittedVertices=75 baselineColorQwords=151 tableColorQwords=2 coldCompared=2 coldMismatches=0 invalid=0
[ 22.9] LOG: NIGHTCORONAPHASE phase=2 first=3600 selected=1 enabled=1
[ 22.9] LOG: NIGHTPHASE phase=2 first=3600 mask=0 appliedMask=0 sampler=1 countReads=262 samplePtr=5d1b6460
[ 22.9] LOG: NIGHTEXTRAPHASE phase=2 first=3600 extraMask=0 appliedExtraMask=0
[ 22.9] LOG: NIGHTWILDPHASE phase=2 first=3600 variant=0 enabled=0 appliedVariant=0 appliedEnabled=0
[ 22.9] LOG: NIGHTTABLEPHASE phase=2 first=3600 selected=1 enabled=1 appliedSelected=1 appliedEnabled=1
[ 22.9] LOG: NIGHTCONTEXT phase=2 offset=750 scene=0 night=1 video=0 display=0 depth=0 width=640 height=448 refreshMilliHz=60000 requested=1 dtBits=3c888889 clockBits=00000000 rasterWidth=640 rasterHeight=448 scaleX=1 scaleY=1 ilChoice=0 ilProbing=0 ilBlock=0 ilFrame=0 ilAccepted=0 ilPipelined=1 frameYield=1
[ 22.9] LOG: NIGHTCAMERA phase=2 offset=750 positionX=00000000 positionY=00000000 positionZ=00000000 lookX=00000000 lookY=00000000 lookZ=3f800000 sceneGeneration=0 mask=0
[ 22.9] LOG: NIGHTCORONAGATES phase=2 offset=750 selected=1 enabled=1 coldPackets=2 eligible=1 requested=1 fallback=1 sourceVertices=81 requestedVertices=6 fogOn=2 shaderLit=1 invalid=0 acceptedOutputKnown=0
[ 22.9] LOG: NIGHTGATES phase=2 offset=750 first=750 frames=1 mask=0 attempted1=1 executed1=1 skipped1=0 submitted1=1 attempted2=1 executed2=1 skipped2=0 submitted2=1 attempted4=1 executed4=1 skipped4=0 submitted4=1 attempted8=1 executed8=1 skipped8=0 submitted8=0 attempted16=1 executed16=1 skipped16=0 submitted16=1 attempted32=0 executed32=0 skipped32=0 submitted32=0 attempted64=0 executed64=0 skipped64=0 submitted64=0
[ 22.9] LOG: NIGHTEXTRAGATES phase=2 offset=750 first=750 frames=1 extraMask=0 attempted1=1 executed1=1 skipped1=0 submitted1=1 attempted2=1 executed2=1 skipped2=0 submitted2=1 attempted4=1 executed4=1 skipped4=0 submitted4=1
[ 22.9] LOG: NIGHTWILDGATES phase=2 offset=750 first=750 frames=1 variant=0 enabled=0 planeInvocations=0 planeEligible=0 planeApplied=0 planeFallback=0 planeBoundary=0 planeNonfinite=0 planeColdCompared=0 planeColdMismatches=0 planeInputUnits=0 planeOutputUnits=0 planeInvalid=0 coneInvocations=0 coneEligible=0 coneApplied=0 coneFallback=0 coneBoundary=0 coneNonfinite=0 coneColdCompared=0 coneColdMismatches=0 coneInputUnits=0 coneOutputUnits=0 coneInvalid=0
[ 22.9] LOG: NIGHTTABLEGATES phase=2 offset=750 first=750 frames=1 selected=1 enabled=1 invocations=2 eligible=1 applied=1 fallback=1 sourceVertices=151 admittedVertices=75 baselineColorQwords=151 tableColorQwords=2 coldCompared=2 coldMismatches=0 invalid=0
[ 22.9] LOG: NIGHTCONTEXT phase=2 offset=1155 scene=0 night=1 video=0 display=0 depth=0 width=640 height=448 refreshMilliHz=60000 requested=1 dtBits=3c888889 clockBits=00000000 rasterWidth=640 rasterHeight=448 scaleX=1 scaleY=1 ilChoice=0 ilProbing=0 ilBlock=0 ilFrame=0 ilAccepted=0 ilPipelined=1 frameYield=1
[ 22.9] LOG: NIGHTCAMERA phase=2 offset=1155 positionX=00000000 positionY=00000000 positionZ=00000000 lookX=00000000 lookY=00000000 lookZ=3f800000 sceneGeneration=0 mask=0
[ 22.9] LOG: NIGHTCORONAGATES phase=2 offset=1155 selected=1 enabled=1 coldPackets=2 eligible=1 requested=1 fallback=1 sourceVertices=81 requestedVertices=6 fogOn=2 shaderLit=1 invalid=0 acceptedOutputKnown=0
[ 22.9] LOG: NIGHTGATES phase=2 offset=1155 first=1155 frames=1 mask=0 attempted1=1 executed1=1 skipped1=0 submitted1=1 attempted2=1 executed2=1 skipped2=0 submitted2=1 attempted4=1 executed4=1 skipped4=0 submitted4=1 attempted8=1 executed8=1 skipped8=0 submitted8=0 attempted16=1 executed16=1 skipped16=0 submitted16=1 attempted32=0 executed32=0 skipped32=0 submitted32=0 attempted64=0 executed64=0 skipped64=0 submitted64=0
[ 22.9] LOG: NIGHTEXTRAGATES phase=2 offset=1155 first=1155 frames=1 extraMask=0 attempted1=1 executed1=1 skipped1=0 submitted1=1 attempted2=1 executed2=1 skipped2=0 submitted2=1 attempted4=1 executed4=1 skipped4=0 submitted4=1
[ 22.9] LOG: NIGHTWILDGATES phase=2 offset=1155 first=1155 frames=1 variant=0 enabled=0 planeInvocations=0 planeEligible=0 planeApplied=0 planeFallback=0 planeBoundary=0 planeNonfinite=0 planeColdCompared=0 planeColdMismatches=0 planeInputUnits=0 planeOutputUnits=0 planeInvalid=0 coneInvocations=0 coneEligible=0 coneApplied=0 coneFallback=0 coneBoundary=0 coneNonfinite=0 coneColdCompared=0 coneColdMismatches=0 coneInputUnits=0 coneOutputUnits=0 coneInvalid=0
[ 22.9] LOG: NIGHTTABLEGATES phase=2 offset=1155 first=1155 frames=1 selected=1 enabled=1 invocations=2 eligible=1 applied=1 fallback=1 sourceVertices=151 admittedVertices=75 baselineColorQwords=151 tableColorQwords=2 coldCompared=2 coldMismatches=0 invalid=0
[ 22.9] LOG: NIGHTDONE order=1 valid=1 loops=5400
