[    0.0145] Program Path: /home/spider/tyrax2-debugger-linux-v1/squashfs-root/usr/bin/pcsx2-qt
[    0.0145] AppRoot Directory: /home/spider/tyrax2-debugger-linux-v1/squashfs-root/usr/bin
[    0.0145] Resources Directory: /home/spider/tyrax2-debugger-linux-v1/squashfs-root/usr/bin/resources
[    0.0145] DataRoot Directory: /home/spider/pool-lattice-fog-probe-b192-arm1-repeat2-20261005-v1/profile/PCSX2
[    0.0145] Loading config from /home/spider/pool-lattice-fog-probe-b192-arm1-repeat2-20261005-v1/profile/PCSX2/inis/PCSX2.ini.
[    0.0147] Loading secrets from /home/spider/pool-lattice-fog-probe-b192-arm1-repeat2-20261005-v1/profile/PCSX2/inis/secrets.ini.
[    0.0151] BIOS Directory: /mnt/c/Users/pawel/OneDrive/Documents/PCSX2/bios
[    0.0151] Snapshots Directory: /home/spider/pool-lattice-fog-probe-b192-arm1-repeat2-20261005-v1/profile/PCSX2/snaps
[    0.0151] Savestates Directory: /home/spider/pool-lattice-fog-probe-b192-arm1-repeat2-20261005-v1/profile/PCSX2/sstates
[    0.0151] MemoryCards Directory: /home/spider/pool-lattice-fog-probe-b192-arm1-repeat2-20261005-v1/profile/PCSX2/memcards
[    0.0152] Logs Directory: /home/spider/pool-lattice-fog-probe-b192-arm1-repeat2-20261005-v1/profile/PCSX2/logs
[    0.0152] Cheats Directory: /home/spider/pool-lattice-fog-probe-b192-arm1-repeat2-20261005-v1/profile/PCSX2/cheats
[    0.0152] Patches Directory: /home/spider/pool-lattice-fog-probe-b192-arm1-repeat2-20261005-v1/profile/PCSX2/patches
[    0.0152] Covers Directory: /home/spider/pool-lattice-fog-probe-b192-arm1-repeat2-20261005-v1/profile/PCSX2/covers
[    0.0152] Game Settings Directory: /home/spider/pool-lattice-fog-probe-b192-arm1-repeat2-20261005-v1/profile/PCSX2/gamesettings
[    0.0152] Resources Directory: /home/spider/tyrax2-debugger-linux-v1/squashfs-root/usr/bin/resources
[    0.0152] User Resources Directory: /home/spider/pool-lattice-fog-probe-b192-arm1-repeat2-20261005-v1/profile/PCSX2/resources
[    0.0152] Cache Directory: /home/spider/pool-lattice-fog-probe-b192-arm1-repeat2-20261005-v1/profile/PCSX2/cache
[    0.0152] Textures Directory: /home/spider/pool-lattice-fog-probe-b192-arm1-repeat2-20261005-v1/profile/PCSX2/textures
[    0.0152] Input Profile Directory: /home/spider/pool-lattice-fog-probe-b192-arm1-repeat2-20261005-v1/profile/PCSX2/inputprofiles
[    0.0152] Video Dumping Directory: /home/spider/pool-lattice-fog-probe-b192-arm1-repeat2-20261005-v1/profile/PCSX2/videos
[    0.0152] Debugger Layouts Directory: /home/spider/pool-lattice-fog-probe-b192-arm1-repeat2-20261005-v1/profile/PCSX2/inis/debuggerlayouts
[    0.0152] Debugger Settings Directory: /home/spider/pool-lattice-fog-probe-b192-arm1-repeat2-20261005-v1/profile/PCSX2/inis/debuggersettings
[    0.0311] Loaded translation file for language en-US
[    0.0386] PCSX2 v2.9.93
[    0.0386] Savestate version: 0x9a590000
[    0.0386] 
[    0.0386] 
[    0.0386] Host Machine Init:
[    0.0387]   Operating System = Ubuntu 22.04
[    0.0387]   Available RAM    = 49072 MB (47.92 GB)
[    0.0387]   Physical RAM     = 50191 MB (49.02 GB)
[    0.0387] 
[    0.0387]   Processor        = AMD Ryzen Threadripper 1920X
[    0.0387]   Core Count       = 24 cores
[    0.0387]   Thread Count     = 24 threads
[    0.0388]   Cluster Count    = 1 clusters
[    0.0388] CPU Extensions Detected:
[    0.0388]   AVX AVX2
[    0.0388] 
[    0.0388] Allocating host memory for virtual systems...
[    0.0390]   EE Main Memory                   @ 0x00007FC40F200000 -> 0x00007FC418100000 [143mb]
[    0.0390]   IOP Main Memory                  @ 0x00007FC418100000 -> 0x00007FC420200000 [129mb]
[    0.0390]   VU0/1 On-Chip Memory             @ 0x00007FC420200000 -> 0x00007FC420300000 [1mb]
[    0.0390]   VTLB Virtual Map                 @ 0x00007FC420300000 -> 0x00007FC420B00000 [8mb]
[    0.0390]   VTLB Address Map                 @ 0x00007FC420B00000 -> 0x00007FC420F00000 [4mb]
[    0.0391]   R5900 Recompiler Cache           @ 0x00007FC420F00000 -> 0x00007FC424F00000 [64mb]
[    0.0391]   R3000A Recompiler Cache          @ 0x00007FC424F00000 -> 0x00007FC426F00000 [32mb]
[    0.0391]   Micro VU0 Recompiler Cache       @ 0x00007FC427F00000 -> 0x00007FC42BF00000 [64mb]
[    0.0391]   Micro VU1 Recompiler Cache       @ 0x00007FC42BF00000 -> 0x00007FC42FF00000 [64mb]
[    0.0391]   VIF0 Unpack Recompiler Cache     @ 0x00007FC426F00000 -> 0x00007FC427700000 [8mb]
[    0.0391]   VIF1 Unpack Recompiler Cache     @ 0x00007FC427700000 -> 0x00007FC427F00000 [8mb]
[    0.0391]   VIF Unpack Recompiler Cache      @ 0x00007FC42FF00000 -> 0x00007FC430000000 [1mb]
[    0.0391]   GS Software Renderer             @ 0x00007FC430000000 -> 0x00007FC434000000 [64mb]
[    0.0423] Fastmem area: 0x7fc30f200000 - 0x7fc40f1fffff
[    0.0427] Generating SSE-optimized unpacking functions for VIF interpreters...
[    0.0429] Unpack function generation complete.  Generated function statistics:
[    0.0429]   Reserved buffer    : 1048576 bytes @ 0x00007FC42FF00000
[    0.0430]   x86 code generated : 7422 bytes
[    0.0430] 
[    0.0432] SDLInputSource: Using Controller DB from resources.
[    0.0599] SDLInputSource: 765 gamepad mappings are loaded.
[    0.0600] Invalid binding: 'XInput-0/DPadUp'
[    0.0600] Invalid binding: 'XInput-0/DPadRight'
[    0.0600] Invalid binding: 'XInput-0/DPadDown'
[    0.0600] Invalid binding: 'XInput-0/DPadLeft'
[    0.0600] Invalid binding: 'XInput-0/Y'
[    0.0600] Invalid binding: 'XInput-0/B'
[    0.0600] Invalid binding: 'XInput-0/A'
[    0.0600] Invalid binding: 'XInput-0/X'
[    0.0600] Invalid binding: 'XInput-0/Back'
[    0.0600] Invalid binding: 'XInput-0/Start'
[    0.0600] Invalid binding: 'XInput-0/LeftShoulder'
[    0.0600] Invalid binding: 'XInput-0/+LeftTrigger'
[    0.0600] Invalid binding: 'XInput-0/RightShoulder'
[    0.0601] Invalid binding: 'XInput-0/+RightTrigger'
[    0.0601] Invalid binding: 'XInput-0/LeftStick'
[    0.0601] Invalid binding: 'XInput-0/RightStick'
[    0.0601] Invalid binding: 'XInput-0/Guide'
[    0.0601] Invalid binding: 'XInput-0/-LeftY'
[    0.0601] Invalid binding: 'XInput-0/+LeftX'
[    0.0601] Invalid binding: 'XInput-0/+LeftY'
[    0.0601] Invalid binding: 'XInput-0/-LeftX'
[    0.0601] Invalid binding: 'XInput-0/-RightY'
[    0.0601] Invalid binding: 'XInput-0/+RightX'
[    0.0601] Invalid binding: 'XInput-0/+RightY'
[    0.0601] Invalid binding: 'XInput-0/-RightX'
[    0.0606] Settings: Advanced Settings are enabled; only proceed if you know what you're doing! No support will be provided if you have the option enabled.
[    0.1077] Scanning F:\PS2\Games (recursively)
[    0.2152] Loading BIOS...
[    0.2274] BIOS Found: Europe  v02.00(14/06/2004)  Console 20040614-100914
[    0.2860] Mechacon version: 0x00020603
[    0.2874] Opening CDVD...
[    0.3185] Initializing Elf: 4470908 bytes
[    0.3193] Disc changed to .
[    0.3193]   Name: vehicle-playground [?]
[    0.3193]   Serial: vehicle-playground
[    0.3193]   Version: 
[    0.3193]   CRC: 8967CAC6
[    0.3193] No game settings found (tried '/home/spider/pool-lattice-fog-probe-b192-arm1-repeat2-20261005-v1/profile/PCSX2/gamesettings/8967CAC6.ini')
[    0.3193] Applying settings...
[    0.3196] Invalid binding: 'XInput-0/DPadUp'
[    0.3196] Invalid binding: 'XInput-0/DPadRight'
[    0.3196] Invalid binding: 'XInput-0/DPadDown'
[    0.3196] Invalid binding: 'XInput-0/DPadLeft'
[    0.3196] Invalid binding: 'XInput-0/Y'
[    0.3196] Invalid binding: 'XInput-0/B'
[    0.3196] Invalid binding: 'XInput-0/A'
[    0.3196] Invalid binding: 'XInput-0/X'
[    0.3196] Invalid binding: 'XInput-0/Back'
[    0.3196] Invalid binding: 'XInput-0/Start'
[    0.3196] Invalid binding: 'XInput-0/LeftShoulder'
[    0.3197] Invalid binding: 'XInput-0/+LeftTrigger'
[    0.3197] Invalid binding: 'XInput-0/RightShoulder'
[    0.3197] Invalid binding: 'XInput-0/+RightTrigger'
[    0.3197] Invalid binding: 'XInput-0/LeftStick'
[    0.3197] Invalid binding: 'XInput-0/RightStick'
[    0.3197] Invalid binding: 'XInput-0/Guide'
[    0.3197] Invalid binding: 'XInput-0/-LeftY'
[    0.3197] Invalid binding: 'XInput-0/+LeftX'
[    0.3197] Invalid binding: 'XInput-0/+LeftY'
[    0.3197] Invalid binding: 'XInput-0/-LeftX'
[    0.3197] Invalid binding: 'XInput-0/-RightY'
[    0.3197] Invalid binding: 'XInput-0/+RightX'
[    0.3197] Invalid binding: 'XInput-0/+RightY'
[    0.3197] Invalid binding: 'XInput-0/-RightX'
[    0.3199] GameDB: Has not been initialized yet, initializing...
[    0.3645] GameDB: 12841 games on record (loaded in 44.58ms)
[    0.3669] Reopening memory cards...
[    0.3670] (FileMcd) Creating new 8MB memory card: /home/spider/pool-lattice-fog-probe-b192-arm1-repeat2-20261005-v1/profile/PCSX2/memcards/Mcd001.ps2
[    0.3760] McdSlot 0 [File]: Mcd001.ps2 [8 MB, UNFORMATTED]
[    0.3761] McdSlot 1 [File]: [disabled/empty filename]
[    0.3803] HLE Host: Set 'host:' root path to: /mnt/f/Projects/tyrax2-lab-20261001/wild-pool-lattice-fog-probe-physical-v1/game/bin
[    0.3807] EE/iR5900 Recompiler Reset
[    0.4252] iR3000A Recompiler reset.
[    0.4409] Resetting host memory for virtual systems...
[    0.6744] Time Zone Offset: GMT+01:00
[    0.6744] Time Zone Location: Berlin
[    0.6744] DST: Winter Time
[    0.6744] Time Format: 24-Hour
[    0.6744] Date Format: DD/MM/YYYY
[    0.6744] System Time Basis: Operating System Time
[    0.6745] Resulting System Time: 2026-10-05 13:57:49
[    0.6745] Close virtual disk tray
[    0.6745] Media already loaded (fast boot)
[    0.6745] Opening GS...
[    0.7157] VK: Enabling extension: VK_KHR_get_surface_capabilities2
[    0.7269] Using Vulkan GPU 'llvmpipe (LLVM 15.0.7, 256 bits)' for automatic renderer check.
[    0.7269] Not using Vulkan for software renderer.
[    0.7271] acquireRenderWindow() recreate=true fullscreen=false render_to_main=true surfaceless=false
[    0.7300] (GetRefreshRateFromXRandR) Modeline is invalid: 0/0/0
[    0.7300] Surface refresh rate: 60 Hz
[    0.7304] Loading EGL from libEGL.so...
[    0.7315] GLAD EGL Version: 1.0
[    0.7316] Using EGL platform EGL_EXT_platform_x11.
[    0.7398] eglInitialize() version: 1.5
[    0.7399] GLAD EGL Version: 1.5
[    0.7399] Trying GL version 4.6
[    0.7399] eglCreateContext() failed: 0x3009
[    0.7399] Trying GL version 4.5
[    0.7504] Got GL version 4.5
[    0.7504] EGL_MIN_SWAP_INTERVAL = 1
[    0.7504] EGL_MAX_SWAP_INTERVAL = 1
[    0.7504] Negative swap interval/tear-control is NOT supported
[    0.7532] GL_VENDOR: Mesa
[    0.7532] GL_VERSION: 4.5 (Core Profile) Mesa 23.2.1-1ubuntu3.1~22.04.4
[    0.7532] GL_RENDERER: llvmpipe (LLVM 15.0.7, 256 bits)
[    0.7532] GL_SHADING_LANGUAGE_VERSION: 4.50
[    0.7533] GL_MAX_VERTEX_SHADER_STORAGE_BLOCKS: 16
[    0.7533] GL: Viewport Array:            Supported       => Using: GL_ARB_viewport_array
[    0.7533] GL: Direct State Access:       Supported       => Using: OpenGL 4.5 Core
[    0.7533] GL: Copy Image:                Supported       => Using: OpenGL 4.3 Core
[    0.7533] GL: Clip Control:              Supported       => Using: OpenGL 4.5 Core
[    0.7533] GL: Conservative Depth:        Supported       => Using: OpenGL 4.2 Core
[    0.7533] GL: CAS Sharpening:            Supported       => Using: OpenGL 4.2 Core
[    0.7533] GL: Texture Barriers:          Auto            => Using: Framebuffer Fetch
[    0.7533] GL: RGBA16 HW Blending:        Supported       => Using: RGBA16 UNORM
[    0.7533] GL: Point Expansion:           Supported       => Using: Hardware
[    0.7533] GL: Line Expansion:            Fallback        => Using: Vertex Expansion
[    0.7533] GL: Sprite Expansion:          Supported       => Using: Vertex Expansion
[    0.7533] GL: DXTn Texture Compression:  Supported       => Using: GL_EXT_texture_compression_s3tc
[    0.7533] GL: BC6/7 Texture Compression: Supported       => Using: OpenGL 4.2 Core
[    0.7579] 1 program binary formats supported by driver
[    0.7929] Program binary retrieved, 4105 bytes, format 34655
[    0.7933] Program binary retrieved, 4121 bytes, format 34655
[    0.7937] Program binary retrieved, 4249 bytes, format 34655
[    0.7941] Program binary retrieved, 4013 bytes, format 34655
[    0.7944] Program binary retrieved, 4013 bytes, format 34655
[    0.7948] Program binary retrieved, 4017 bytes, format 34655
[    0.7951] Program binary retrieved, 4017 bytes, format 34655
[    0.7956] Program binary retrieved, 4185 bytes, format 34655
[    0.7960] Program binary retrieved, 4217 bytes, format 34655
[    0.7964] Program binary retrieved, 4137 bytes, format 34655
[    0.7968] Program binary retrieved, 4125 bytes, format 34655
[    0.7971] Program binary retrieved, 4121 bytes, format 34655
[    0.7977] Program binary retrieved, 4253 bytes, format 34655
[    0.7983] Program binary retrieved, 4237 bytes, format 34655
[    0.7987] Program binary retrieved, 4245 bytes, format 34655
[    0.7991] Program binary retrieved, 4261 bytes, format 34655
[    0.7995] Program binary retrieved, 4965 bytes, format 34655
[    0.8000] Program binary retrieved, 4981 bytes, format 34655
[    0.8004] Program binary retrieved, 4261 bytes, format 34655
[    0.8007] Program binary retrieved, 4277 bytes, format 34655
[    0.8012] Program binary retrieved, 5005 bytes, format 34655
[    0.8017] Program binary retrieved, 5021 bytes, format 34655
[    0.8021] Program binary retrieved, 4257 bytes, format 34655
[    0.8025] Program binary retrieved, 4273 bytes, format 34655
[    0.8030] Program binary retrieved, 5001 bytes, format 34655
[    0.8036] Program binary retrieved, 5017 bytes, format 34655
[    0.8039] Program binary retrieved, 4277 bytes, format 34655
[    0.8043] Program binary retrieved, 4293 bytes, format 34655
[    0.8048] Program binary retrieved, 5057 bytes, format 34655
[    0.8053] Program binary retrieved, 5073 bytes, format 34655
[    0.8057] Program binary retrieved, 4153 bytes, format 34655
[    0.8060] Program binary retrieved, 4169 bytes, format 34655
[    0.8065] Program binary retrieved, 4233 bytes, format 34655
[    0.8070] Program binary retrieved, 5781 bytes, format 34655
[    0.8075] Program binary retrieved, 5373 bytes, format 34655
[    0.8081] Program binary retrieved, 6389 bytes, format 34655
[    0.8085] Program binary retrieved, 4917 bytes, format 34655
[    0.8089] Program binary retrieved, 4845 bytes, format 34655
[    0.8093] Program binary retrieved, 4997 bytes, format 34655
[    0.8097] Program binary retrieved, 4101 bytes, format 34655
[    0.8128] Program binary retrieved, 4137 bytes, format 34655
[    0.8159] Program binary retrieved, 4109 bytes, format 34655
[    0.8163] Program binary retrieved, 5389 bytes, format 34655
[    0.8167] Program binary retrieved, 5829 bytes, format 34655
[    0.8172] Program binary retrieved, 5857 bytes, format 34655
[    0.8176] Program binary retrieved, 4289 bytes, format 34655
[    0.8200] Program binary retrieved, 21205 bytes, format 34655
[    0.8205] Program binary retrieved, 4765 bytes, format 34655
[    0.8210] Program binary retrieved, 5685 bytes, format 34655
[    0.8213] Program binary retrieved, 4141 bytes, format 34655
[    0.8216] Program binary retrieved, 4537 bytes, format 34655
[    0.8220] Program binary retrieved, 4889 bytes, format 34655
[    0.8224] Program binary retrieved, 4117 bytes, format 34655
[    0.8228] Program binary retrieved, 4741 bytes, format 34655
[    0.8231] Program binary retrieved, 4965 bytes, format 34655
[    0.8237] Program binary retrieved, 6613 bytes, format 34655
[    0.8241] Program binary retrieved, 4797 bytes, format 34655
[    0.8256] Program binary retrieved, 13085 bytes, format 34655
[    0.8318] Program binary retrieved, 7285 bytes, format 34655
[    0.8377] Program binary retrieved, 5497 bytes, format 34655
[    0.8381] Program binary retrieved, 4141 bytes, format 34655
[    0.8384] Program binary retrieved, 4141 bytes, format 34655
[    0.8388] Program binary retrieved, 4145 bytes, format 34655
[    0.8392] Program binary retrieved, 4145 bytes, format 34655
[    0.8865] Program binary retrieved, 5369 bytes, format 34655
[    0.8879] OpenGL Graphics Driver Info:
[    0.8879] OpenGL Context:
[    0.8879] 4.5 (Core Profile) Mesa 23.2.1-1ubuntu3.1~22.04.4
[    0.8879] Mesa llvmpipe (LLVM 15.0.7, 256 bits)
[    0.8879] GLSL: 4.50
[    0.8907] Processor count: 24 cores, 24 processors, 1 clusters
[    0.8907] Ordered processor list: 12, 23, 22, 21, 20, 19, 18, 17, 16, 15, 14, 13, 0, 11, 10, 9, 8, 7, 6, 5, 4, 3, 2, 1
[    0.8908] Not pinning SW threads, we need 4 processors, but only have 0
[    0.8919] Opening SPU2...
[    0.8921] Creating Null audio stream, sample rate = 48000, expansion = Disabled, buffer = 50, latency = 32, stretching enabled, driver = wasapi, device = 
[    0.8922] Allocated buffer of 2432 frames for buffer of 50 ms [expansion Disabled (block size 2048), stretch disabled, target size 2432].
[    0.8922] Initializing Pad...
[    0.8922] Initializing SIO2...
[    0.8922] Initializing SIO0...
[    0.8922] Opening DEV9...
[    0.8922] DEV9: DEV9init
[    0.8925] DEV9: DEV9init2
[    0.8925] DEV9: DEV9init3
[    0.8966] DEV9: DEV9init ok
[    0.8966] DEV9: DEV9open
[    0.8966] Opening USB...
[    0.8966] Opening FW...
[    0.8970] Frame rate: 59.94, target speed: 1, target frame rate: 59.94, ticks per frame: 16683350
[    0.9010] MultiPause time: 253ns
[    0.9011] MultiPause time: 142ns
[    0.9012] VM subsystems initialized in 690.41 ms
[    0.9018] MultiPause time: 142ns
[    0.9044] MultiPause time: 142ns
[    0.9113] Failed to inhibit screen saver.
[    0.9113] Processor order assignment: EE=12, VU=23, GS=23
[    0.9113]   EE thread is on processor 12 (0x1000)
[    0.9114]   GS thread is on processor 23 (0x800000)
[    0.9214] Failed to inhibit screen saver.
[    0.9474] # Initialize memory (rev:3.70, ctm:197Mhz, cpuclk:147Mhz detected)
[    0.9560] R3000 Debugger: Branch to 0x890 (SYSMEM). Clearing modules.
[    0.9576] RegisterLibraryEntries: excepman version 1.01
[    0.9586] RegisterLibraryEntries:  intrman version 1.02
[    0.9587] RegisterLibraryEntries:   ssbusc version 1.01
[    0.9590] RegisterLibraryEntries:  dmacman version 1.02
[    0.9595] RegisterLibraryEntries:  timrman version 1.01
[    0.9597] RegisterLibraryEntries:  sysclib version 1.01
[    0.9598] RegisterLibraryEntries:    stdio version 1.01
[    0.9599] RegisterLibraryEntries:  heaplib version 1.01
[    0.9604] FW: read mem 0x1f80847c: 0x10000001
[    0.9604] FW: write mem 0x1f808414: 0x417f0000
[    0.9604] FW: read mem 0x1f808400: 0xffc00001
[    0.9604] FW: write mem 0x1f80844c: 0xffffffff
[    0.9604] FW: write mem 0x1f808420: 0xffffffff
[    0.9604] FW: write mem 0x1f808428: 0xffffffff
[    0.9604] FW: write mem 0x1f808430: 0xffffffff
[    0.9614] RegisterLibraryEntries:   thbase version 1.01
[    0.9615] RegisterLibraryEntries:  thevent version 1.01
[    0.9615] RegisterLibraryEntries:  thsemap version 1.01
[    0.9615] RegisterLibraryEntries:  thmsgbx version 1.01
[    0.9616] RegisterLibraryEntries:  thfpool version 1.01
[    0.9616] RegisterLibraryEntries:  thvpool version 1.01
[    0.9623] RegisterLibraryEntries:   vblank version 1.01
[    0.9628] RegisterLibraryEntries:    ioman version 1.02
[    0.9635] RegisterLibraryEntries:  modload version 1.01
[    0.9638] RegisterLibraryEntries:   romdrv version 2.01
[    0.9641] RegisterLibraryEntries:    stdio version 1.02
[    0.9644] RegisterLibraryEntries:   sifman version 1.01
[    0.9646] 
[    0.9647] PlayStation 2 ======== Hard reset boot
[    0.9649]  ROMGEN=2004-0614, IOP info (CPUID=1f, CACH_CONFIG=0, 2MB, IOP mode)
[    0.9650]  <20040614-100914,ROMconf,PS20200EC20040614.bin:11696>
[    0.9737] # Total accessable memory size: 32 MB (B:2:8:0) (370:2:7c30)
[    0.9747] # TLB spad=0 kernel=1:12 default=13:30 extended=31:38
[    1.0342] # Initialize Start.
[    1.0347] # Initialize GS ...
[    1.0347] # Initialize INTC ...
[    1.0347] # Initialize TIMER ...
[    1.0347] # Initialize DMAC ...
[    1.0349] # Initialize VU1 ...
[    1.0351] # Initialize VIF1 ...
[    1.0352] # Initialize GIF ...
[    1.0352] # Initialize VU0 ...
[    1.0353] # Initialize VIF0 ...
[    1.0354] # Initialize IPU ...
[    1.0355] # Initialize FPU ...
[    1.0355] # Initialize User Memory ...
[    1.0927] # Initialize Scratch Pad ...
[    1.0928] # Initialize Done.
[    1.0936] 
[    1.0936] EE DECI2 Manager version 0.06 Feb  6 2003 08:38:48
[    1.0936]   CPUID=2e20, BoardID=0, ROMGEN=2004-0614, 32M
[    1.0937] 
[    1.0939] RegisterLibraryEntries:   sifcmd version 1.01
[    1.1243] Initializing Elf: 4470908 bytes
[    1.1268] ELF Loading: host:vehicle-playground.elf, Game CRC = 8967CAC6, EntryPoint = 0x00100E78
[    1.1298] RegisterLibraryEntries:  cdvdman version 1.01
[    1.1339] Imported 823 symbols.
[    1.1371] RegisterLibraryEntries:  cdvdfsv version 1.01
[    1.1386] RegisterLibraryEntries:  secrman version 1.03
[    1.1387] RegisterLibraryEntries:   eesync version 1.01
[    1.1388] 
[    1.1388] IOP Realtime Kernel Ver.0.9.1
[    1.1388]     Copyright 1999 (C) Sony Computer Entertainment Inc. 
[    1.1394] Reboot service module.(99/11/10)
[    1.1418] cdvd driver module version 0.1.1 (C)SCEI
[    1.1424] Load File service.(99/11/05)
[    1.1425] Multi Threaded Fileio module.(99/11/15) 
[    1.1425] iop heap service (99/11/03)
[    1.1454] PINE: New client with FD 14 connected.
[    1.1460] PINE: Client disconnected.
[    1.1658] loadelf: fname host:vehicle-playground.elf secname all
[    1.1659] loadelf version 3.30
[    1.1680] Input ELF format filename = host:vehicle-playground.elf
[    1.2149] 1 00100000 003f783c ................................................................
[    1.2149] Loaded, host:vehicle-playground.elf
[    1.2150] start address 0x100e78
[    1.2150] gp address 00000000
[    1.2156] (VMManager) Pausing...
[    1.2158] (VMManager) Resuming...
[    1.2275] Failed to inhibit screen saver.
[    1.2276] EE/iR5900 Recompiler Reset
[    1.2453] # Restart Without Memory Clear.
[    1.2466] PINE: New client with FD 14 connected.
[    1.2469] PINE: Client disconnected.
[    1.2558] # Initialize GS ...
[    1.2559] # Initialize INTC ...
[    1.2559] # Initialize TIMER ...
[    1.2559] # Initialize DMAC ...
[    1.2560] # Initialize VU1 ...
[    1.2561] # Initialize VIF1 ...
[    1.2562] # Initialize GIF ...
[    1.2562] # Initialize VU0 ...
[    1.2564] # Initialize VIF0 ...
[    1.2564] # Initialize IPU ...
[    1.2566] # Initialize FPU ...
[    1.2566] # Initialize Scratch Pad ...
[    1.2566] # Restart Without Memory Clear Done.
[    1.2568] ELF host:vehicle-playground.elf with entry point at 0x00100E78 is executing.
[    1.2569] ELF changed, active CRC 8967CAC6 (host:vehicle-playground.elf)
[    1.2572] Applying core settings...
[    1.2573] Debugger Settings Manager: Failed to read Saved Addresses array from settings file: '/home/spider/pool-lattice-fog-probe-b192-arm1-repeat2-20261005-v1/profile/PCSX2/inis/debuggersettings/vehicle-playground_8967CAC6.json'
[    1.2574] Debugger Settings Manager: Failed to read Saved Addresses array from settings file: '/home/spider/pool-lattice-fog-probe-b192-arm1-repeat2-20261005-v1/profile/PCSX2/inis/debuggersettings/vehicle-playground_8967CAC6.json'
[    1.2576] Updating CPU configuration...
[    1.2577] iR3000A Recompiler reset.
[    1.2800] iR3000A Recompiler reset.
[    1.2872] EE/iR5900 Recompiler Reset
[    1.3012] (VMManager) Pausing...
[    1.3015] EE/iR5900 Recompiler Reset
[    1.3172] EE/iR5900 Recompiler Reset
[    1.3315] iR3000A Recompiler reset.
[    1.3352] EE/iR5900 Recompiler Reset
[    1.3476] PINE: New client with FD 14 connected.
[    1.3480] PINE: Client disconnected.
[    1.3504] iR3000A Recompiler reset.
[    1.3552] EE/iR5900 Recompiler Reset
[    1.3727] iR3000A Recompiler reset.
[    1.3768] EE/iR5900 Recompiler Reset
[    1.3944] iR3000A Recompiler reset.
[    1.3982] EE/iR5900 Recompiler Reset
[    1.4818] PINE: New client with FD 14 connected.
[    1.4821] OSD [SaveStateSlot140]: Saving state to slot 140...
[    1.5130]   Saving SPU2
[    1.5137]   Saving GS
[    1.6113] OSD [SaveStateSlot140]: Saved state to slot 140.
[    1.6113] Zipping save state to '/home/spider/pool-lattice-fog-probe-b192-arm1-repeat2-20261005-v1/profile/PCSX2/sstates/vehicle-playground (8967CAC6).140.p2s' took 91.39 ms
[    2.7722] PINE: Client disconnected.
[    3.2567] PINE: New client with FD 14 connected.
[    3.2616] (VMManager) Resuming...
[    3.2730] Failed to inhibit screen saver.
[    3.2745] BIOS: Successfully found the instruction pattern. Assuming the thread list is here: 8001a640
[    3.2785] Warning: GetOsdConfigParam2 Reading extended language/version configs, may be incorrect!
[    3.2895] read/write allocate memory 4000
[    3.2896] open name host:/ps2link.run flag 1 data 41378
[    3.2903] open fd = -5
[    3.2935] Get Reboot Request From EE
[    3.2948] R3000 Debugger: Branch to 0x890 (SYSMEM). Clearing modules.
[    3.2968] RegisterLibraryEntries: excepman version 1.01
[    3.2980] RegisterLibraryEntries:  intrman version 1.02
[    3.2981] RegisterLibraryEntries:   ssbusc version 1.01
[    3.2986] RegisterLibraryEntries:  dmacman version 1.02
[    3.2991] RegisterLibraryEntries:  timrman version 1.01
[    3.2996] RegisterLibraryEntries:  sysclib version 1.01
[    3.2997] RegisterLibraryEntries:    stdio version 1.01
[    3.2999] RegisterLibraryEntries:  heaplib version 1.01
[    3.3020] RegisterLibraryEntries:   thbase version 1.01
[    3.3021] RegisterLibraryEntries:  thevent version 1.01
[    3.3021] RegisterLibraryEntries:  thsemap version 1.01
[    3.3022] RegisterLibraryEntries:  thmsgbx version 1.01
[    3.3022] RegisterLibraryEntries:  thfpool version 1.01
[    3.3022] RegisterLibraryEntries:  thvpool version 1.01
[    3.3031] RegisterLibraryEntries:   vblank version 1.01
[    3.3036] RegisterLibraryEntries:    ioman version 1.02
[    3.3045] RegisterLibraryEntries:  modload version 1.01
[    3.3129] RegisterLibraryEntries:   romdrv version 2.01
[    3.3133] RegisterLibraryEntries:    stdio version 1.02
[    3.3137] RegisterLibraryEntries:   sifman version 1.01
[    3.3142] 
[    3.3142] PlayStation 2 ======== Soft reboot
[    3.3148] RegisterLibraryEntries:   sifcmd version 1.01
[    3.3185] RegisterLibraryEntries:  cdvdman version 1.01
[    3.3202] RegisterLibraryEntries:  cdvdfsv version 1.01
[    3.3275] RegisterLibraryEntries:  secrman version 1.03
[    3.3278] RegisterLibraryEntries:   eesync version 1.01
[    3.3279] 
[    3.3279] IOP Realtime Kernel Ver.0.9.1
[    3.3279]     Copyright 1999 (C) Sony Computer Entertainment Inc. 
[    3.3285] Reboot service module.(99/11/10)
[    3.3302] [EE] Skipping timeout loop at 0x002D5340 -> 0x002D5360
[    3.3302] cdvd driver module version 0.1.1 (C)SCEI
[    3.3305] Load File service.(99/11/05)
[    3.3306] Multi Threaded Fileio module.(99/11/15) 
[    3.3306] iop heap service (99/11/03)
[    3.3501] RegisterLibraryEntries:   iomanx version 1.01
[    3.3513] fileXio: fileXio: fileXio RPC Server v1.00
[    3.3513] Copyright (c) 2003 adresd
[    3.3516] RegisterLibraryEntries:  sio2man version 2.07
[    3.3517] RegisterLibraryEntries:  sio2man version 1.02
[    3.3524] RegisterLibraryEntries:   padman version 1.02
[    3.3526] Pad Driver for OSD
[    3.3531] FREESD v1.01
[    3.3531] RegisterLibraryEntries:    libsd version 1.04
[    3.3623] PINE: Client disconnected.
[    3.3663] debug_level = 1 (ps2snd 0.1
[    3.3670] greetings from version 0.93 !
[    3.3671] RegisterLibraryEntries:   audsrv version 1.04
[    3.3671] audsrv_adpcm_init()
[    3.3683] UpdateVSyncRate: Mode Changed to SDTV 480p.
[    3.3683] Frame rate: 59.94, target speed: 1, target frame rate: 59.94, ticks per frame: 16683350
[    3.3683] Set GS CRTC configuration. SDTV   720x480 @ 59.94 Progressive (FRAME)
[    5.4558] read/write allocate memory 4000
[    5.4560] 
[    5.4563] -----------------------------------------
[    5.4564]         _____        ____   ___
[    5.4565]           |     /   ____| |___|
[    5.4565]           |     |   |     |   |
[    5.4566] -----------------------------------------
[    5.4566] Copyright 2022
[    5.4567] Repository: https://github.com/h4570/tyra
[    5.4567] Licensed under Apache License 2.0
[    5.4571] Version: 2.2.0
[    5.4571] -----------------------------------------
[    5.4572] 
[    5.6211] audsrv_adpcm_init()
[    5.6224] [EE] Skipping timeout loop at 0x00102CB0 -> 0x00102CD0
[    5.6553] Curent pad(0,0) status: EXECCMD
[    5.8536] Pad: DS2 Config Finished - P1/S1 - AL: Off - AB: Usable - VS: Disabled - VL: Disabled - RB: D (0x00000000)
[    5.8881] Curent pad(0,0) status: EXECCMD
[    5.9535] Pad: DS2 Config Finished - P1/S1 - AL: On - AB: Locked - VS: Disabled - VL: Disabled - RB: D (0x00000000)
[    6.1537] Pad: DS2 Config Finished - P1/S1 - AL: On - AB: Locked - VS: Disabled - VL: Disabled - RB: D (0x00000000)
[    6.1875] Curent pad(0,0) status: EXECCMD
[    6.4539] Pad: DS2 Config Finished - P1/S1 - AL: On - AB: Locked - VS: Disabled - VL: Disabled - RB: D+A+P (0x0003FFFF)
[    6.6535] Pad: DS2 Config Finished - P1/S1 - AL: On - AB: Locked - VS: Disabled - VL: Disabled - RB: D+A+P (0x0003FFFF)
[    6.6895] open name host:/pool2-probe.cfg flag 1 data 41378
[    6.6911] open fd = 256
[    6.6967] open name host:/hud/flare-corona.png flag 1 data 41378
[    6.6986] open fd = 256
[    6.7199] LOG: POOL2PROBE_CONFIG arm=1 vertices=192 members=2 repeats=2 package=75 alpha=128
[    6.7200] LOG: POOL2EEPROBE_CONFIG kind=8 clip=0 lazy=1 table=1 lattice=1 fog=1 fogStart=19 fogEnd=23 oracle=0
[    6.7210] FRAMEARENA allocated=1 bytes=1048576
[    6.7326] microVU1: Cached Prog = [000] [PC=18e0] [List=01] (Cache=0.000%) [0.0mb]
[    6.7335] microVU1: 3 cycle stall on branch instruction [2008]
[    6.7350] microVU1: Branch Optimization
[    6.7350] microVU1: Cached Prog = [001] [PC=2788] [List=01] (Cache=0.339%) [0.2mb]
[    6.7359] microVU1: 3 cycle stall on branch instruction [2008]
[    6.7373] microVU1: Branch Optimization
[    6.7475] LOG: POOL2EEPROBE_SOURCE clip=0 ready=0 total=192 generation=1 coldOracle=0
[    6.7476] LOG: POOL2PROBE_FRAME frame=1 cold=1 arm=1 eligible=0 applied=0 compared=0 mismatches=0
[    6.7617] LOG: POOL2EEPROBE_SOURCE clip=0 ready=0 total=192 generation=2 coldOracle=0
[    6.7617] LOG: POOL2PROBE_FRAME frame=2 cold=0 arm=1 eligible=0 applied=0 compared=0 mismatches=0
[    6.7618] LOG: POOL2PROBE_READY arm=1 vertices=192 repeats=2 completed=2 warmBypass=0
[    6.7619] (VMManager) Pausing...
[    6.7907] PINE: New client with FD 14 connected.
[    6.7909] PINE: Client disconnected.
[    6.9114] PINE: New client with FD 14 connected.
[    6.9118] OSD [SaveStateSlot205]: Saving state to slot 205...
[    6.9428]   Saving SPU2
[    6.9435]   Saving GS
[    7.0563] OSD [SaveStateSlot205]: Saved state to slot 205.
[    7.0564] Zipping save state to '/home/spider/pool-lattice-fog-probe-b192-arm1-repeat2-20261005-v1/profile/PCSX2/sstates/vehicle-playground (8967CAC6).205.p2s' took 108.02 ms
[    8.2101] PINE: Client disconnected.
