[    0.0148] Program Path: /home/spider/tyrax2-debugger-linux-v1/squashfs-root/usr/bin/pcsx2-qt
[    0.0148] AppRoot Directory: /home/spider/tyrax2-debugger-linux-v1/squashfs-root/usr/bin
[    0.0148] Resources Directory: /home/spider/tyrax2-debugger-linux-v1/squashfs-root/usr/bin/resources
[    0.0149] DataRoot Directory: /home/spider/pool-lattice-probe-b192-arm1-repeat1-20261005-v1/profile/PCSX2
[    0.0149] Loading config from /home/spider/pool-lattice-probe-b192-arm1-repeat1-20261005-v1/profile/PCSX2/inis/PCSX2.ini.
[    0.0151] Loading secrets from /home/spider/pool-lattice-probe-b192-arm1-repeat1-20261005-v1/profile/PCSX2/inis/secrets.ini.
[    0.0156] BIOS Directory: /mnt/c/Users/pawel/OneDrive/Documents/PCSX2/bios
[    0.0156] Snapshots Directory: /home/spider/pool-lattice-probe-b192-arm1-repeat1-20261005-v1/profile/PCSX2/snaps
[    0.0156] Savestates Directory: /home/spider/pool-lattice-probe-b192-arm1-repeat1-20261005-v1/profile/PCSX2/sstates
[    0.0156] MemoryCards Directory: /home/spider/pool-lattice-probe-b192-arm1-repeat1-20261005-v1/profile/PCSX2/memcards
[    0.0156] Logs Directory: /home/spider/pool-lattice-probe-b192-arm1-repeat1-20261005-v1/profile/PCSX2/logs
[    0.0156] Cheats Directory: /home/spider/pool-lattice-probe-b192-arm1-repeat1-20261005-v1/profile/PCSX2/cheats
[    0.0156] Patches Directory: /home/spider/pool-lattice-probe-b192-arm1-repeat1-20261005-v1/profile/PCSX2/patches
[    0.0156] Covers Directory: /home/spider/pool-lattice-probe-b192-arm1-repeat1-20261005-v1/profile/PCSX2/covers
[    0.0156] Game Settings Directory: /home/spider/pool-lattice-probe-b192-arm1-repeat1-20261005-v1/profile/PCSX2/gamesettings
[    0.0156] Resources Directory: /home/spider/tyrax2-debugger-linux-v1/squashfs-root/usr/bin/resources
[    0.0156] User Resources Directory: /home/spider/pool-lattice-probe-b192-arm1-repeat1-20261005-v1/profile/PCSX2/resources
[    0.0156] Cache Directory: /home/spider/pool-lattice-probe-b192-arm1-repeat1-20261005-v1/profile/PCSX2/cache
[    0.0156] Textures Directory: /home/spider/pool-lattice-probe-b192-arm1-repeat1-20261005-v1/profile/PCSX2/textures
[    0.0156] Input Profile Directory: /home/spider/pool-lattice-probe-b192-arm1-repeat1-20261005-v1/profile/PCSX2/inputprofiles
[    0.0156] Video Dumping Directory: /home/spider/pool-lattice-probe-b192-arm1-repeat1-20261005-v1/profile/PCSX2/videos
[    0.0156] Debugger Layouts Directory: /home/spider/pool-lattice-probe-b192-arm1-repeat1-20261005-v1/profile/PCSX2/inis/debuggerlayouts
[    0.0156] Debugger Settings Directory: /home/spider/pool-lattice-probe-b192-arm1-repeat1-20261005-v1/profile/PCSX2/inis/debuggersettings
[    0.0313] Loaded translation file for language en-US
[    0.0382] PCSX2 v2.9.93
[    0.0382] Savestate version: 0x9a590000
[    0.0382] 
[    0.0382] 
[    0.0382] Host Machine Init:
[    0.0384]   Operating System = Ubuntu 22.04
[    0.0384]   Available RAM    = 49079 MB (47.93 GB)
[    0.0384]   Physical RAM     = 50191 MB (49.02 GB)
[    0.0384] 
[    0.0384]   Processor        = AMD Ryzen Threadripper 1920X
[    0.0384]   Core Count       = 24 cores
[    0.0384]   Thread Count     = 24 threads
[    0.0384]   Cluster Count    = 1 clusters
[    0.0385] CPU Extensions Detected:
[    0.0385]   AVX AVX2
[    0.0385] 
[    0.0385] Allocating host memory for virtual systems...
[    0.0388]   EE Main Memory                   @ 0x00007FE787200000 -> 0x00007FE790100000 [143mb]
[    0.0389]   IOP Main Memory                  @ 0x00007FE790100000 -> 0x00007FE798200000 [129mb]
[    0.0389]   VU0/1 On-Chip Memory             @ 0x00007FE798200000 -> 0x00007FE798300000 [1mb]
[    0.0389]   VTLB Virtual Map                 @ 0x00007FE798300000 -> 0x00007FE798B00000 [8mb]
[    0.0389]   VTLB Address Map                 @ 0x00007FE798B00000 -> 0x00007FE798F00000 [4mb]
[    0.0389]   R5900 Recompiler Cache           @ 0x00007FE798F00000 -> 0x00007FE79CF00000 [64mb]
[    0.0389]   R3000A Recompiler Cache          @ 0x00007FE79CF00000 -> 0x00007FE79EF00000 [32mb]
[    0.0389]   Micro VU0 Recompiler Cache       @ 0x00007FE79FF00000 -> 0x00007FE7A3F00000 [64mb]
[    0.0389]   Micro VU1 Recompiler Cache       @ 0x00007FE7A3F00000 -> 0x00007FE7A7F00000 [64mb]
[    0.0389]   VIF0 Unpack Recompiler Cache     @ 0x00007FE79EF00000 -> 0x00007FE79F700000 [8mb]
[    0.0389]   VIF1 Unpack Recompiler Cache     @ 0x00007FE79F700000 -> 0x00007FE79FF00000 [8mb]
[    0.0389]   VIF Unpack Recompiler Cache      @ 0x00007FE7A7F00000 -> 0x00007FE7A8000000 [1mb]
[    0.0389]   GS Software Renderer             @ 0x00007FE7A8000000 -> 0x00007FE7AC000000 [64mb]
[    0.0405] Fastmem area: 0x7fe687200000 - 0x7fe7871fffff
[    0.0427] Generating SSE-optimized unpacking functions for VIF interpreters...
[    0.0431] Unpack function generation complete.  Generated function statistics:
[    0.0431]   Reserved buffer    : 1048576 bytes @ 0x00007FE7A7F00000
[    0.0431]   x86 code generated : 7422 bytes
[    0.0431] 
[    0.0434] SDLInputSource: Using Controller DB from resources.
[    0.0655] SDLInputSource: 765 gamepad mappings are loaded.
[    0.0656] Invalid binding: 'XInput-0/DPadUp'
[    0.0657] Invalid binding: 'XInput-0/DPadRight'
[    0.0657] Invalid binding: 'XInput-0/DPadDown'
[    0.0657] Invalid binding: 'XInput-0/DPadLeft'
[    0.0657] Invalid binding: 'XInput-0/Y'
[    0.0657] Invalid binding: 'XInput-0/B'
[    0.0657] Invalid binding: 'XInput-0/A'
[    0.0657] Invalid binding: 'XInput-0/X'
[    0.0657] Invalid binding: 'XInput-0/Back'
[    0.0657] Invalid binding: 'XInput-0/Start'
[    0.0657] Invalid binding: 'XInput-0/LeftShoulder'
[    0.0657] Invalid binding: 'XInput-0/+LeftTrigger'
[    0.0657] Invalid binding: 'XInput-0/RightShoulder'
[    0.0657] Invalid binding: 'XInput-0/+RightTrigger'
[    0.0657] Invalid binding: 'XInput-0/LeftStick'
[    0.0657] Invalid binding: 'XInput-0/RightStick'
[    0.0658] Invalid binding: 'XInput-0/Guide'
[    0.0658] Invalid binding: 'XInput-0/-LeftY'
[    0.0658] Invalid binding: 'XInput-0/+LeftX'
[    0.0658] Invalid binding: 'XInput-0/+LeftY'
[    0.0658] Invalid binding: 'XInput-0/-LeftX'
[    0.0658] Invalid binding: 'XInput-0/-RightY'
[    0.0658] Invalid binding: 'XInput-0/+RightX'
[    0.0658] Invalid binding: 'XInput-0/+RightY'
[    0.0658] Invalid binding: 'XInput-0/-RightX'
[    0.0664] Settings: Advanced Settings are enabled; only proceed if you know what you're doing! No support will be provided if you have the option enabled.
[    0.1269] Scanning F:\PS2\Games (recursively)
[    0.2515] Loading BIOS...
[    0.2654] BIOS Found: Europe  v02.00(14/06/2004)  Console 20040614-100914
[    0.3309] Mechacon version: 0x00020603
[    0.3327] Opening CDVD...
[    0.3654] Initializing Elf: 4470780 bytes
[    0.3664] Disc changed to .
[    0.3664]   Name: vehicle-playground [?]
[    0.3664]   Serial: vehicle-playground
[    0.3664]   Version: 
[    0.3664]   CRC: 57773078
[    0.3665] No game settings found (tried '/home/spider/pool-lattice-probe-b192-arm1-repeat1-20261005-v1/profile/PCSX2/gamesettings/57773078.ini')
[    0.3665] Applying settings...
[    0.3667] Invalid binding: 'XInput-0/DPadUp'
[    0.3667] Invalid binding: 'XInput-0/DPadRight'
[    0.3667] Invalid binding: 'XInput-0/DPadDown'
[    0.3667] Invalid binding: 'XInput-0/DPadLeft'
[    0.3667] Invalid binding: 'XInput-0/Y'
[    0.3667] Invalid binding: 'XInput-0/B'
[    0.3668] Invalid binding: 'XInput-0/A'
[    0.3668] Invalid binding: 'XInput-0/X'
[    0.3668] Invalid binding: 'XInput-0/Back'
[    0.3668] Invalid binding: 'XInput-0/Start'
[    0.3668] Invalid binding: 'XInput-0/LeftShoulder'
[    0.3668] Invalid binding: 'XInput-0/+LeftTrigger'
[    0.3668] Invalid binding: 'XInput-0/RightShoulder'
[    0.3668] Invalid binding: 'XInput-0/+RightTrigger'
[    0.3668] Invalid binding: 'XInput-0/LeftStick'
[    0.3668] Invalid binding: 'XInput-0/RightStick'
[    0.3668] Invalid binding: 'XInput-0/Guide'
[    0.3668] Invalid binding: 'XInput-0/-LeftY'
[    0.3668] Invalid binding: 'XInput-0/+LeftX'
[    0.3668] Invalid binding: 'XInput-0/+LeftY'
[    0.3668] Invalid binding: 'XInput-0/-LeftX'
[    0.3668] Invalid binding: 'XInput-0/-RightY'
[    0.3668] Invalid binding: 'XInput-0/+RightX'
[    0.3668] Invalid binding: 'XInput-0/+RightY'
[    0.3668] Invalid binding: 'XInput-0/-RightX'
[    0.3670] GameDB: Has not been initialized yet, initializing...
[    0.4103] GameDB: 12841 games on record (loaded in 43.34ms)
[    0.4131] Reopening memory cards...
[    0.4131] (FileMcd) Creating new 8MB memory card: /home/spider/pool-lattice-probe-b192-arm1-repeat1-20261005-v1/profile/PCSX2/memcards/Mcd001.ps2
[    0.4225] McdSlot 0 [File]: Mcd001.ps2 [8 MB, UNFORMATTED]
[    0.4226] McdSlot 1 [File]: [disabled/empty filename]
[    0.4268] HLE Host: Set 'host:' root path to: /mnt/f/Projects/tyrax2-lab-20261001/wild-pool-lattice-probe-physical-v1/game/bin
[    0.4268] EE/iR5900 Recompiler Reset
[    0.4685] iR3000A Recompiler reset.
[    0.4850] Resetting host memory for virtual systems...
[    0.7202] Time Zone Offset: GMT+01:00
[    0.7202] Time Zone Location: Berlin
[    0.7202] DST: Winter Time
[    0.7202] Time Format: 24-Hour
[    0.7202] Date Format: DD/MM/YYYY
[    0.7202] System Time Basis: Operating System Time
[    0.7203] Resulting System Time: 2026-10-05 13:41:35
[    0.7203] Close virtual disk tray
[    0.7203] Media already loaded (fast boot)
[    0.7203] Opening GS...
[    0.7596] VK: Enabling extension: VK_KHR_get_surface_capabilities2
[    0.7708] Using Vulkan GPU 'llvmpipe (LLVM 15.0.7, 256 bits)' for automatic renderer check.
[    0.7709] Not using Vulkan for software renderer.
[    0.7710] acquireRenderWindow() recreate=true fullscreen=false render_to_main=true surfaceless=false
[    0.7733] (GetRefreshRateFromXRandR) Modeline is invalid: 0/0/0
[    0.7734] Surface refresh rate: 60 Hz
[    0.7737] Loading EGL from libEGL.so...
[    0.7749] GLAD EGL Version: 1.0
[    0.7749] Using EGL platform EGL_EXT_platform_x11.
[    0.7831] eglInitialize() version: 1.5
[    0.7832] GLAD EGL Version: 1.5
[    0.7832] Trying GL version 4.6
[    0.7832] eglCreateContext() failed: 0x3009
[    0.7832] Trying GL version 4.5
[    0.7954] Got GL version 4.5
[    0.7954] EGL_MIN_SWAP_INTERVAL = 1
[    0.7954] EGL_MAX_SWAP_INTERVAL = 1
[    0.7954] Negative swap interval/tear-control is NOT supported
[    0.7982] GL_VENDOR: Mesa
[    0.7983] GL_VERSION: 4.5 (Core Profile) Mesa 23.2.1-1ubuntu3.1~22.04.4
[    0.7983] GL_RENDERER: llvmpipe (LLVM 15.0.7, 256 bits)
[    0.7983] GL_SHADING_LANGUAGE_VERSION: 4.50
[    0.7983] GL_MAX_VERTEX_SHADER_STORAGE_BLOCKS: 16
[    0.7983] GL: Viewport Array:            Supported       => Using: GL_ARB_viewport_array
[    0.7983] GL: Direct State Access:       Supported       => Using: OpenGL 4.5 Core
[    0.7983] GL: Copy Image:                Supported       => Using: OpenGL 4.3 Core
[    0.7983] GL: Clip Control:              Supported       => Using: OpenGL 4.5 Core
[    0.7984] GL: Conservative Depth:        Supported       => Using: OpenGL 4.2 Core
[    0.7984] GL: CAS Sharpening:            Supported       => Using: OpenGL 4.2 Core
[    0.7984] GL: Texture Barriers:          Auto            => Using: Framebuffer Fetch
[    0.7984] GL: RGBA16 HW Blending:        Supported       => Using: RGBA16 UNORM
[    0.7984] GL: Point Expansion:           Supported       => Using: Hardware
[    0.7984] GL: Line Expansion:            Fallback        => Using: Vertex Expansion
[    0.7984] GL: Sprite Expansion:          Supported       => Using: Vertex Expansion
[    0.7984] GL: DXTn Texture Compression:  Supported       => Using: GL_EXT_texture_compression_s3tc
[    0.7984] GL: BC6/7 Texture Compression: Supported       => Using: OpenGL 4.2 Core
[    0.8060] 1 program binary formats supported by driver
[    0.8409] Program binary retrieved, 4105 bytes, format 34655
[    0.8413] Program binary retrieved, 4121 bytes, format 34655
[    0.8417] Program binary retrieved, 4249 bytes, format 34655
[    0.8421] Program binary retrieved, 4013 bytes, format 34655
[    0.8425] Program binary retrieved, 4013 bytes, format 34655
[    0.8428] Program binary retrieved, 4017 bytes, format 34655
[    0.8432] Program binary retrieved, 4017 bytes, format 34655
[    0.8436] Program binary retrieved, 4185 bytes, format 34655
[    0.8440] Program binary retrieved, 4217 bytes, format 34655
[    0.8444] Program binary retrieved, 4137 bytes, format 34655
[    0.8448] Program binary retrieved, 4125 bytes, format 34655
[    0.8452] Program binary retrieved, 4121 bytes, format 34655
[    0.8458] Program binary retrieved, 4253 bytes, format 34655
[    0.8464] Program binary retrieved, 4237 bytes, format 34655
[    0.8469] Program binary retrieved, 4245 bytes, format 34655
[    0.8473] Program binary retrieved, 4261 bytes, format 34655
[    0.8479] Program binary retrieved, 4965 bytes, format 34655
[    0.8483] Program binary retrieved, 4981 bytes, format 34655
[    0.8488] Program binary retrieved, 4261 bytes, format 34655
[    0.8492] Program binary retrieved, 4277 bytes, format 34655
[    0.8497] Program binary retrieved, 5005 bytes, format 34655
[    0.8502] Program binary retrieved, 5021 bytes, format 34655
[    0.8505] Program binary retrieved, 4257 bytes, format 34655
[    0.8509] Program binary retrieved, 4273 bytes, format 34655
[    0.8514] Program binary retrieved, 5001 bytes, format 34655
[    0.8519] Program binary retrieved, 5017 bytes, format 34655
[    0.8522] Program binary retrieved, 4277 bytes, format 34655
[    0.8526] Program binary retrieved, 4293 bytes, format 34655
[    0.8531] Program binary retrieved, 5057 bytes, format 34655
[    0.8536] Program binary retrieved, 5073 bytes, format 34655
[    0.8540] Program binary retrieved, 4153 bytes, format 34655
[    0.8544] Program binary retrieved, 4169 bytes, format 34655
[    0.8548] Program binary retrieved, 4233 bytes, format 34655
[    0.8554] Program binary retrieved, 5781 bytes, format 34655
[    0.8559] Program binary retrieved, 5373 bytes, format 34655
[    0.8566] Program binary retrieved, 6389 bytes, format 34655
[    0.8570] Program binary retrieved, 4917 bytes, format 34655
[    0.8575] Program binary retrieved, 4845 bytes, format 34655
[    0.8580] Program binary retrieved, 4997 bytes, format 34655
[    0.8584] Program binary retrieved, 4101 bytes, format 34655
[    0.8615] Program binary retrieved, 4137 bytes, format 34655
[    0.8648] Program binary retrieved, 4109 bytes, format 34655
[    0.8653] Program binary retrieved, 5389 bytes, format 34655
[    0.8657] Program binary retrieved, 5829 bytes, format 34655
[    0.8661] Program binary retrieved, 5857 bytes, format 34655
[    0.8666] Program binary retrieved, 4289 bytes, format 34655
[    0.8690] Program binary retrieved, 21205 bytes, format 34655
[    0.8695] Program binary retrieved, 4765 bytes, format 34655
[    0.8699] Program binary retrieved, 5685 bytes, format 34655
[    0.8702] Program binary retrieved, 4141 bytes, format 34655
[    0.8705] Program binary retrieved, 4537 bytes, format 34655
[    0.8709] Program binary retrieved, 4889 bytes, format 34655
[    0.8712] Program binary retrieved, 4117 bytes, format 34655
[    0.8716] Program binary retrieved, 4741 bytes, format 34655
[    0.8720] Program binary retrieved, 4965 bytes, format 34655
[    0.8727] Program binary retrieved, 6613 bytes, format 34655
[    0.8731] Program binary retrieved, 4797 bytes, format 34655
[    0.8747] Program binary retrieved, 13085 bytes, format 34655
[    0.8812] Program binary retrieved, 7285 bytes, format 34655
[    0.8872] Program binary retrieved, 5497 bytes, format 34655
[    0.8876] Program binary retrieved, 4141 bytes, format 34655
[    0.8879] Program binary retrieved, 4141 bytes, format 34655
[    0.8883] Program binary retrieved, 4145 bytes, format 34655
[    0.8887] Program binary retrieved, 4145 bytes, format 34655
[    0.9408] Program binary retrieved, 5369 bytes, format 34655
[    0.9423] OpenGL Graphics Driver Info:
[    0.9423] OpenGL Context:
[    0.9423] 4.5 (Core Profile) Mesa 23.2.1-1ubuntu3.1~22.04.4
[    0.9423] Mesa llvmpipe (LLVM 15.0.7, 256 bits)
[    0.9423] GLSL: 4.50
[    0.9453] Processor count: 24 cores, 24 processors, 1 clusters
[    0.9453] Ordered processor list: 12, 23, 22, 21, 20, 19, 18, 17, 16, 15, 14, 13, 0, 11, 10, 9, 8, 7, 6, 5, 4, 3, 2, 1
[    0.9453] Not pinning SW threads, we need 4 processors, but only have 0
[    0.9458] Opening SPU2...
[    0.9460] Creating Null audio stream, sample rate = 48000, expansion = Disabled, buffer = 50, latency = 32, stretching enabled, driver = wasapi, device = 
[    0.9460] Allocated buffer of 2432 frames for buffer of 50 ms [expansion Disabled (block size 2048), stretch disabled, target size 2432].
[    0.9460] Initializing Pad...
[    0.9460] Initializing SIO2...
[    0.9460] Initializing SIO0...
[    0.9460] Opening DEV9...
[    0.9460] DEV9: DEV9init
[    0.9463] DEV9: DEV9init2
[    0.9463] DEV9: DEV9init3
[    0.9499] DEV9: DEV9init ok
[    0.9500] DEV9: DEV9open
[    0.9500] Opening USB...
[    0.9500] Opening FW...
[    0.9503] Frame rate: 59.94, target speed: 1, target frame rate: 59.94, ticks per frame: 16683350
[    0.9537] VM subsystems initialized in 706.73 ms
[    0.9572] MultiPause time: 167ns
[    0.9573] MultiPause time: 142ns
[    0.9574] MultiPause time: 142ns
[    0.9575] MultiPause time: 142ns
[    0.9652] Failed to inhibit screen saver.
[    0.9652] Processor order assignment: EE=12, VU=23, GS=23
[    0.9652]   EE thread is on processor 12 (0x1000)
[    0.9654]   GS thread is on processor 23 (0x800000)
[    0.9759] Failed to inhibit screen saver.
[    1.0022] # Initialize memory (rev:3.70, ctm:197Mhz, cpuclk:147Mhz detected)
[    1.0108] R3000 Debugger: Branch to 0x890 (SYSMEM). Clearing modules.
[    1.0124] RegisterLibraryEntries: excepman version 1.01
[    1.0135] RegisterLibraryEntries:  intrman version 1.02
[    1.0136] RegisterLibraryEntries:   ssbusc version 1.01
[    1.0139] RegisterLibraryEntries:  dmacman version 1.02
[    1.0144] RegisterLibraryEntries:  timrman version 1.01
[    1.0147] RegisterLibraryEntries:  sysclib version 1.01
[    1.0147] RegisterLibraryEntries:    stdio version 1.01
[    1.0149] RegisterLibraryEntries:  heaplib version 1.01
[    1.0153] FW: read mem 0x1f80847c: 0x10000001
[    1.0153] FW: write mem 0x1f808414: 0x417f0000
[    1.0153] FW: read mem 0x1f808400: 0xffc00001
[    1.0153] FW: write mem 0x1f80844c: 0xffffffff
[    1.0153] FW: write mem 0x1f808420: 0xffffffff
[    1.0153] FW: write mem 0x1f808428: 0xffffffff
[    1.0153] FW: write mem 0x1f808430: 0xffffffff
[    1.0163] RegisterLibraryEntries:   thbase version 1.01
[    1.0164] RegisterLibraryEntries:  thevent version 1.01
[    1.0164] RegisterLibraryEntries:  thsemap version 1.01
[    1.0164] RegisterLibraryEntries:  thmsgbx version 1.01
[    1.0165] RegisterLibraryEntries:  thfpool version 1.01
[    1.0165] RegisterLibraryEntries:  thvpool version 1.01
[    1.0173] RegisterLibraryEntries:   vblank version 1.01
[    1.0177] RegisterLibraryEntries:    ioman version 1.02
[    1.0184] RegisterLibraryEntries:  modload version 1.01
[    1.0188] RegisterLibraryEntries:   romdrv version 2.01
[    1.0191] RegisterLibraryEntries:    stdio version 1.02
[    1.0194] RegisterLibraryEntries:   sifman version 1.01
[    1.0197] 
[    1.0197] PlayStation 2 ======== Hard reset boot
[    1.0199]  ROMGEN=2004-0614, IOP info (CPUID=1f, CACH_CONFIG=0, 2MB, IOP mode)
[    1.0200]  <20040614-100914,ROMconf,PS20200EC20040614.bin:11696>
[    1.0304] # Total accessable memory size: 32 MB (B:2:8:0) (370:2:7c30)
[    1.0313] # TLB spad=0 kernel=1:12 default=13:30 extended=31:38
[    1.0941] # Initialize Start.
[    1.0946] # Initialize GS ...
[    1.0946] # Initialize INTC ...
[    1.0946] # Initialize TIMER ...
[    1.0947] # Initialize DMAC ...
[    1.0948] # Initialize VU1 ...
[    1.0951] # Initialize VIF1 ...
[    1.0952] # Initialize GIF ...
[    1.0952] # Initialize VU0 ...
[    1.0954] # Initialize VIF0 ...
[    1.0954] # Initialize IPU ...
[    1.0956] # Initialize FPU ...
[    1.0956] # Initialize User Memory ...
[    1.1580] # Initialize Scratch Pad ...
[    1.1581] # Initialize Done.
[    1.1590] 
[    1.1590] EE DECI2 Manager version 0.06 Feb  6 2003 08:38:48
[    1.1590]   CPUID=2e20, BoardID=0, ROMGEN=2004-0614, 32M
[    1.1590] 
[    1.1593] RegisterLibraryEntries:   sifcmd version 1.01
[    1.1898] Initializing Elf: 4470780 bytes
[    1.1930] ELF Loading: host:vehicle-playground.elf, Game CRC = 57773078, EntryPoint = 0x00100E78
[    1.1961] RegisterLibraryEntries:  cdvdman version 1.01
[    1.1998] Imported 823 symbols.
[    1.2038] RegisterLibraryEntries:  cdvdfsv version 1.01
[    1.2055] RegisterLibraryEntries:  secrman version 1.03
[    1.2057] RegisterLibraryEntries:   eesync version 1.01
[    1.2059] 
[    1.2059] IOP Realtime Kernel Ver.0.9.1
[    1.2059]     Copyright 1999 (C) Sony Computer Entertainment Inc. 
[    1.2066] Reboot service module.(99/11/10)
[    1.2095] cdvd driver module version 0.1.1 (C)SCEI
[    1.2100] Load File service.(99/11/05)
[    1.2101] Multi Threaded Fileio module.(99/11/15) 
[    1.2101] iop heap service (99/11/03)
[    1.2254] loadelf: fname host:vehicle-playground.elf secname all
[    1.2255] loadelf version 3.30
[    1.2275] Input ELF format filename = host:vehicle-playground.elf
[    1.2646] PINE: New client with FD 14 connected.
[    1.2649] PINE: Client disconnected.
[    1.2769] 1 00100000 003f77bc ................................................................
[    1.2769] Loaded, host:vehicle-playground.elf
[    1.2770] start address 0x100e78
[    1.2770] gp address 00000000
[    1.2778] (VMManager) Pausing...
[    1.2780] (VMManager) Resuming...
[    1.2898] Failed to inhibit screen saver.
[    1.2899] EE/iR5900 Recompiler Reset
[    1.3078] # Restart Without Memory Clear.
[    1.3182] # Initialize GS ...
[    1.3182] # Initialize INTC ...
[    1.3183] # Initialize TIMER ...
[    1.3183] # Initialize DMAC ...
[    1.3184] # Initialize VU1 ...
[    1.3186] # Initialize VIF1 ...
[    1.3187] # Initialize GIF ...
[    1.3187] # Initialize VU0 ...
[    1.3189] # Initialize VIF0 ...
[    1.3189] # Initialize IPU ...
[    1.3190] # Initialize FPU ...
[    1.3190] # Initialize Scratch Pad ...
[    1.3191] # Restart Without Memory Clear Done.
[    1.3193] ELF host:vehicle-playground.elf with entry point at 0x00100E78 is executing.
[    1.3194] ELF changed, active CRC 57773078 (host:vehicle-playground.elf)
[    1.3197] Applying core settings...
[    1.3198] Debugger Settings Manager: Failed to read Saved Addresses array from settings file: '/home/spider/pool-lattice-probe-b192-arm1-repeat1-20261005-v1/profile/PCSX2/inis/debuggersettings/vehicle-playground_57773078.json'
[    1.3198] Debugger Settings Manager: Failed to read Saved Addresses array from settings file: '/home/spider/pool-lattice-probe-b192-arm1-repeat1-20261005-v1/profile/PCSX2/inis/debuggersettings/vehicle-playground_57773078.json'
[    1.3201] Updating CPU configuration...
[    1.3202] iR3000A Recompiler reset.
[    1.3431] iR3000A Recompiler reset.
[    1.3509] EE/iR5900 Recompiler Reset
[    1.3660] PINE: New client with FD 14 connected.
[    1.3666] (VMManager) Pausing...
[    1.3668] PINE: Client disconnected.
[    1.3669] EE/iR5900 Recompiler Reset
[    1.3826] EE/iR5900 Recompiler Reset
[    1.3993] iR3000A Recompiler reset.
[    1.4028] EE/iR5900 Recompiler Reset
[    1.4197] iR3000A Recompiler reset.
[    1.4230] EE/iR5900 Recompiler Reset
[    1.4411] iR3000A Recompiler reset.
[    1.4462] EE/iR5900 Recompiler Reset
[    1.4635] iR3000A Recompiler reset.
[    1.4677] PINE: New client with FD 14 connected.
[    1.4681] PINE: Client disconnected.
[    1.4685] EE/iR5900 Recompiler Reset
[    1.5979] PINE: New client with FD 14 connected.
[    1.5983] OSD [SaveStateSlot140]: Saving state to slot 140...
[    1.6290]   Saving SPU2
[    1.6297]   Saving GS
[    1.7579] OSD [SaveStateSlot140]: Saved state to slot 140.
[    1.7579] Zipping save state to '/home/spider/pool-lattice-probe-b192-arm1-repeat1-20261005-v1/profile/PCSX2/sstates/vehicle-playground (57773078).140.p2s' took 121.53 ms
[    2.8782] PINE: Client disconnected.
[    3.3961] PINE: New client with FD 14 connected.
[    3.4011] (VMManager) Resuming...
[    3.4144] Failed to inhibit screen saver.
[    3.4162] BIOS: Successfully found the instruction pattern. Assuming the thread list is here: 8001a640
[    3.4193] Warning: GetOsdConfigParam2 Reading extended language/version configs, may be incorrect!
[    3.4298] read/write allocate memory 4000
[    3.4299] open name host:/ps2link.run flag 1 data 41378
[    3.4304] open fd = -5
[    3.4332] Get Reboot Request From EE
[    3.4346] R3000 Debugger: Branch to 0x890 (SYSMEM). Clearing modules.
[    3.4366] RegisterLibraryEntries: excepman version 1.01
[    3.4376] RegisterLibraryEntries:  intrman version 1.02
[    3.4378] RegisterLibraryEntries:   ssbusc version 1.01
[    3.4383] RegisterLibraryEntries:  dmacman version 1.02
[    3.4388] RegisterLibraryEntries:  timrman version 1.01
[    3.4393] RegisterLibraryEntries:  sysclib version 1.01
[    3.4394] RegisterLibraryEntries:    stdio version 1.01
[    3.4396] RegisterLibraryEntries:  heaplib version 1.01
[    3.4417] RegisterLibraryEntries:   thbase version 1.01
[    3.4417] RegisterLibraryEntries:  thevent version 1.01
[    3.4417] RegisterLibraryEntries:  thsemap version 1.01
[    3.4418] RegisterLibraryEntries:  thmsgbx version 1.01
[    3.4418] RegisterLibraryEntries:  thfpool version 1.01
[    3.4418] RegisterLibraryEntries:  thvpool version 1.01
[    3.4427] RegisterLibraryEntries:   vblank version 1.01
[    3.4432] RegisterLibraryEntries:    ioman version 1.02
[    3.4442] RegisterLibraryEntries:  modload version 1.01
[    3.4520] RegisterLibraryEntries:   romdrv version 2.01
[    3.4524] RegisterLibraryEntries:    stdio version 1.02
[    3.4529] RegisterLibraryEntries:   sifman version 1.01
[    3.4533] 
[    3.4533] PlayStation 2 ======== Soft reboot
[    3.4540] RegisterLibraryEntries:   sifcmd version 1.01
[    3.4579] RegisterLibraryEntries:  cdvdman version 1.01
[    3.4596] RegisterLibraryEntries:  cdvdfsv version 1.01
[    3.4680] RegisterLibraryEntries:  secrman version 1.03
[    3.4681] RegisterLibraryEntries:   eesync version 1.01
[    3.4683] 
[    3.4683] IOP Realtime Kernel Ver.0.9.1
[    3.4683]     Copyright 1999 (C) Sony Computer Entertainment Inc. 
[    3.4689] Reboot service module.(99/11/10)
[    3.4708] [EE] Skipping timeout loop at 0x002D52D0 -> 0x002D52F0
[    3.4708] cdvd driver module version 0.1.1 (C)SCEI
[    3.4711] Load File service.(99/11/05)
[    3.4712] Multi Threaded Fileio module.(99/11/15) 
[    3.4712] iop heap service (99/11/03)
[    3.4903] RegisterLibraryEntries:   iomanx version 1.01
[    3.4915] fileXio: fileXio: fileXio RPC Server v1.00
[    3.4916] Copyright (c) 2003 adresd
[    3.4918] RegisterLibraryEntries:  sio2man version 2.07
[    3.4919] RegisterLibraryEntries:  sio2man version 1.02
[    3.4926] RegisterLibraryEntries:   padman version 1.02
[    3.4927] Pad Driver for OSD
[    3.4931] FREESD v1.01
[    3.4932] RegisterLibraryEntries:    libsd version 1.04
[    3.5016] PINE: Client disconnected.
[    3.5054] debug_level = 1 (ps2snd 0.1
[    3.5061] greetings from version 0.93 !
[    3.5061] RegisterLibraryEntries:   audsrv version 1.04
[    3.5062] audsrv_adpcm_init()
[    3.5077] UpdateVSyncRate: Mode Changed to SDTV 480p.
[    3.5077] Frame rate: 59.94, target speed: 1, target frame rate: 59.94, ticks per frame: 16683350
[    3.5077] Set GS CRTC configuration. SDTV   720x480 @ 59.94 Progressive (FRAME)
[    5.5966] read/write allocate memory 4000
[    5.5968] 
[    5.5972] -----------------------------------------
[    5.5973]         _____        ____   ___
[    5.5973]           |     /   ____| |___|
[    5.5974]           |     |   |     |   |
[    5.5974] -----------------------------------------
[    5.5975] Copyright 2022
[    5.5975] Repository: https://github.com/h4570/tyra
[    5.5976] Licensed under Apache License 2.0
[    5.5980] Version: 2.2.0
[    5.5980] -----------------------------------------
[    5.5981] 
[    5.7612] audsrv_adpcm_init()
[    5.7622] [EE] Skipping timeout loop at 0x00102CB0 -> 0x00102CD0
[    5.7947] Curent pad(0,0) status: EXECCMD
[    5.9923] Pad: DS2 Config Finished - P1/S1 - AL: Off - AB: Usable - VS: Disabled - VL: Disabled - RB: D (0x00000000)
[    6.0274] Curent pad(0,0) status: EXECCMD
[    6.0935] Pad: DS2 Config Finished - P1/S1 - AL: On - AB: Locked - VS: Disabled - VL: Disabled - RB: D (0x00000000)
[    6.2928] Pad: DS2 Config Finished - P1/S1 - AL: On - AB: Locked - VS: Disabled - VL: Disabled - RB: D (0x00000000)
[    6.3272] Curent pad(0,0) status: EXECCMD
[    6.5931] Pad: DS2 Config Finished - P1/S1 - AL: On - AB: Locked - VS: Disabled - VL: Disabled - RB: D+A+P (0x0003FFFF)
[    6.7936] Pad: DS2 Config Finished - P1/S1 - AL: On - AB: Locked - VS: Disabled - VL: Disabled - RB: D+A+P (0x0003FFFF)
[    6.8295] open name host:/pool2-probe.cfg flag 1 data 41378
[    6.8312] open fd = 256
[    6.8368] open name host:/hud/flare-corona.png flag 1 data 41378
[    6.8390] open fd = 256
[    6.8610] LOG: POOL2PROBE_CONFIG arm=1 vertices=192 members=2 repeats=1 package=75 alpha=128
[    6.8612] LOG: POOL2EEPROBE_CONFIG kind=8 clip=0 lazy=1 table=1 lattice=1 oracle=0
[    6.8622] FRAMEARENA allocated=1 bytes=1048576
[    6.8738] microVU1: Cached Prog = [000] [PC=18e0] [List=01] (Cache=0.000%) [0.0mb]
[    6.8748] microVU1: 3 cycle stall on branch instruction [2008]
[    6.8760] microVU1: Branch Optimization
[    6.8760] microVU1: Cached Prog = [001] [PC=2750] [List=01] (Cache=0.280%) [0.2mb]
[    6.8769] microVU1: 3 cycle stall on branch instruction [2008]
[    6.8780] microVU1: Branch Optimization
[    6.8900] LOG: POOL2EEPROBE_SOURCE clip=0 ready=0 total=192 generation=1 coldOracle=0
[    6.8901] LOG: POOL2PROBE_FRAME frame=1 cold=1 arm=1 eligible=0 applied=0 compared=0 mismatches=0
[    6.8902] LOG: POOL2PROBE_READY arm=1 vertices=192 repeats=1 completed=1 warmBypass=0
[    6.8902] (VMManager) Pausing...
[    6.9264] PINE: New client with FD 14 connected.
[    6.9269] PINE: Client disconnected.
[    7.0537] PINE: New client with FD 14 connected.
[    7.0541] OSD [SaveStateSlot191]: Saving state to slot 191...
[    7.0857]   Saving SPU2
[    7.0866]   Saving GS
[    7.2134] OSD [SaveStateSlot191]: Saved state to slot 191.
[    7.2134] Zipping save state to '/home/spider/pool-lattice-probe-b192-arm1-repeat1-20261005-v1/profile/PCSX2/sstates/vehicle-playground (57773078).191.p2s' took 121.20 ms
[    8.3402] PINE: Client disconnected.
