[    0.0153] Program Path: /home/spider/tyrax2-debugger-linux-v1/squashfs-root/usr/bin/pcsx2-qt
[    0.0153] AppRoot Directory: /home/spider/tyrax2-debugger-linux-v1/squashfs-root/usr/bin
[    0.0153] Resources Directory: /home/spider/tyrax2-debugger-linux-v1/squashfs-root/usr/bin/resources
[    0.0154] DataRoot Directory: /home/spider/pool2-ee-probe-a96-arm0-repeat3-20261005-v1/profile/PCSX2
[    0.0154] Loading config from /home/spider/pool2-ee-probe-a96-arm0-repeat3-20261005-v1/profile/PCSX2/inis/PCSX2.ini.
[    0.0156] Loading secrets from /home/spider/pool2-ee-probe-a96-arm0-repeat3-20261005-v1/profile/PCSX2/inis/secrets.ini.
[    0.0160] BIOS Directory: /mnt/c/Users/pawel/OneDrive/Documents/PCSX2/bios
[    0.0160] Snapshots Directory: /home/spider/pool2-ee-probe-a96-arm0-repeat3-20261005-v1/profile/PCSX2/snaps
[    0.0160] Savestates Directory: /home/spider/pool2-ee-probe-a96-arm0-repeat3-20261005-v1/profile/PCSX2/sstates
[    0.0160] MemoryCards Directory: /home/spider/pool2-ee-probe-a96-arm0-repeat3-20261005-v1/profile/PCSX2/memcards
[    0.0160] Logs Directory: /home/spider/pool2-ee-probe-a96-arm0-repeat3-20261005-v1/profile/PCSX2/logs
[    0.0160] Cheats Directory: /home/spider/pool2-ee-probe-a96-arm0-repeat3-20261005-v1/profile/PCSX2/cheats
[    0.0160] Patches Directory: /home/spider/pool2-ee-probe-a96-arm0-repeat3-20261005-v1/profile/PCSX2/patches
[    0.0160] Covers Directory: /home/spider/pool2-ee-probe-a96-arm0-repeat3-20261005-v1/profile/PCSX2/covers
[    0.0160] Game Settings Directory: /home/spider/pool2-ee-probe-a96-arm0-repeat3-20261005-v1/profile/PCSX2/gamesettings
[    0.0160] Resources Directory: /home/spider/tyrax2-debugger-linux-v1/squashfs-root/usr/bin/resources
[    0.0161] User Resources Directory: /home/spider/pool2-ee-probe-a96-arm0-repeat3-20261005-v1/profile/PCSX2/resources
[    0.0161] Cache Directory: /home/spider/pool2-ee-probe-a96-arm0-repeat3-20261005-v1/profile/PCSX2/cache
[    0.0161] Textures Directory: /home/spider/pool2-ee-probe-a96-arm0-repeat3-20261005-v1/profile/PCSX2/textures
[    0.0161] Input Profile Directory: /home/spider/pool2-ee-probe-a96-arm0-repeat3-20261005-v1/profile/PCSX2/inputprofiles
[    0.0161] Video Dumping Directory: /home/spider/pool2-ee-probe-a96-arm0-repeat3-20261005-v1/profile/PCSX2/videos
[    0.0161] Debugger Layouts Directory: /home/spider/pool2-ee-probe-a96-arm0-repeat3-20261005-v1/profile/PCSX2/inis/debuggerlayouts
[    0.0161] Debugger Settings Directory: /home/spider/pool2-ee-probe-a96-arm0-repeat3-20261005-v1/profile/PCSX2/inis/debuggersettings
[    0.0317] Loaded translation file for language en-US
[    0.0383] PCSX2 v2.9.93
[    0.0383] Savestate version: 0x9a590000
[    0.0384] 
[    0.0384] 
[    0.0384] Host Machine Init:
[    0.0385]   Operating System = Ubuntu 22.04
[    0.0385]   Available RAM    = 49076 MB (47.93 GB)
[    0.0385]   Physical RAM     = 50191 MB (49.02 GB)
[    0.0385] 
[    0.0385]   Processor        = AMD Ryzen Threadripper 1920X
[    0.0385]   Core Count       = 24 cores
[    0.0385]   Thread Count     = 24 threads
[    0.0385]   Cluster Count    = 1 clusters
[    0.0385] CPU Extensions Detected:
[    0.0385]   AVX AVX2
[    0.0385] 
[    0.0385] Allocating host memory for virtual systems...
[    0.0389]   EE Main Memory                   @ 0x00007F721B200000 -> 0x00007F7224100000 [143mb]
[    0.0389]   IOP Main Memory                  @ 0x00007F7224100000 -> 0x00007F722C200000 [129mb]
[    0.0389]   VU0/1 On-Chip Memory             @ 0x00007F722C200000 -> 0x00007F722C300000 [1mb]
[    0.0389]   VTLB Virtual Map                 @ 0x00007F722C300000 -> 0x00007F722CB00000 [8mb]
[    0.0389]   VTLB Address Map                 @ 0x00007F722CB00000 -> 0x00007F722CF00000 [4mb]
[    0.0389]   R5900 Recompiler Cache           @ 0x00007F722CF00000 -> 0x00007F7230F00000 [64mb]
[    0.0389]   R3000A Recompiler Cache          @ 0x00007F7230F00000 -> 0x00007F7232F00000 [32mb]
[    0.0389]   Micro VU0 Recompiler Cache       @ 0x00007F7233F00000 -> 0x00007F7237F00000 [64mb]
[    0.0389]   Micro VU1 Recompiler Cache       @ 0x00007F7237F00000 -> 0x00007F723BF00000 [64mb]
[    0.0389]   VIF0 Unpack Recompiler Cache     @ 0x00007F7232F00000 -> 0x00007F7233700000 [8mb]
[    0.0389]   VIF1 Unpack Recompiler Cache     @ 0x00007F7233700000 -> 0x00007F7233F00000 [8mb]
[    0.0389]   VIF Unpack Recompiler Cache      @ 0x00007F723BF00000 -> 0x00007F723C000000 [1mb]
[    0.0389]   GS Software Renderer             @ 0x00007F723C000000 -> 0x00007F7240000000 [64mb]
[    0.0404] Fastmem area: 0x7f711b200000 - 0x7f721b1fffff
[    0.0418] Generating SSE-optimized unpacking functions for VIF interpreters...
[    0.0421] Unpack function generation complete.  Generated function statistics:
[    0.0421]   Reserved buffer    : 1048576 bytes @ 0x00007F723BF00000
[    0.0421]   x86 code generated : 7422 bytes
[    0.0421] 
[    0.0425] SDLInputSource: Using Controller DB from resources.
[    0.0611] SDLInputSource: 765 gamepad mappings are loaded.
[    0.0612] Invalid binding: 'XInput-0/DPadUp'
[    0.0612] Invalid binding: 'XInput-0/DPadRight'
[    0.0612] Invalid binding: 'XInput-0/DPadDown'
[    0.0612] Invalid binding: 'XInput-0/DPadLeft'
[    0.0612] Invalid binding: 'XInput-0/Y'
[    0.0612] Invalid binding: 'XInput-0/B'
[    0.0612] Invalid binding: 'XInput-0/A'
[    0.0612] Invalid binding: 'XInput-0/X'
[    0.0612] Invalid binding: 'XInput-0/Back'
[    0.0612] Invalid binding: 'XInput-0/Start'
[    0.0613] Invalid binding: 'XInput-0/LeftShoulder'
[    0.0613] Invalid binding: 'XInput-0/+LeftTrigger'
[    0.0613] Invalid binding: 'XInput-0/RightShoulder'
[    0.0613] Invalid binding: 'XInput-0/+RightTrigger'
[    0.0613] Invalid binding: 'XInput-0/LeftStick'
[    0.0613] Invalid binding: 'XInput-0/RightStick'
[    0.0613] Invalid binding: 'XInput-0/Guide'
[    0.0613] Invalid binding: 'XInput-0/-LeftY'
[    0.0613] Invalid binding: 'XInput-0/+LeftX'
[    0.0613] Invalid binding: 'XInput-0/+LeftY'
[    0.0613] Invalid binding: 'XInput-0/-LeftX'
[    0.0613] Invalid binding: 'XInput-0/-RightY'
[    0.0613] Invalid binding: 'XInput-0/+RightX'
[    0.0613] Invalid binding: 'XInput-0/+RightY'
[    0.0613] Invalid binding: 'XInput-0/-RightX'
[    0.0618] Settings: Advanced Settings are enabled; only proceed if you know what you're doing! No support will be provided if you have the option enabled.
[    0.1102] Scanning F:\PS2\Games (recursively)
[    0.2142] Loading BIOS...
[    0.2267] BIOS Found: Europe  v02.00(14/06/2004)  Console 20040614-100914
[    0.2832] Mechacon version: 0x00020603
[    0.2846] Opening CDVD...
[    0.3161] Initializing Elf: 4464732 bytes
[    0.3169] Disc changed to .
[    0.3169]   Name: vehicle-playground [?]
[    0.3170]   Serial: vehicle-playground
[    0.3170]   Version: 
[    0.3170]   CRC: 1C2826FE
[    0.3170] No game settings found (tried '/home/spider/pool2-ee-probe-a96-arm0-repeat3-20261005-v1/profile/PCSX2/gamesettings/1C2826FE.ini')
[    0.3170] Applying settings...
[    0.3175] Invalid binding: 'XInput-0/DPadUp'
[    0.3175] Invalid binding: 'XInput-0/DPadRight'
[    0.3175] Invalid binding: 'XInput-0/DPadDown'
[    0.3175] Invalid binding: 'XInput-0/DPadLeft'
[    0.3175] Invalid binding: 'XInput-0/Y'
[    0.3175] Invalid binding: 'XInput-0/B'
[    0.3175] Invalid binding: 'XInput-0/A'
[    0.3175] Invalid binding: 'XInput-0/X'
[    0.3176] Invalid binding: 'XInput-0/Back'
[    0.3176] Invalid binding: 'XInput-0/Start'
[    0.3176] Invalid binding: 'XInput-0/LeftShoulder'
[    0.3176] Invalid binding: 'XInput-0/+LeftTrigger'
[    0.3176] Invalid binding: 'XInput-0/RightShoulder'
[    0.3176] Invalid binding: 'XInput-0/+RightTrigger'
[    0.3176] Invalid binding: 'XInput-0/LeftStick'
[    0.3176] Invalid binding: 'XInput-0/RightStick'
[    0.3176] Invalid binding: 'XInput-0/Guide'
[    0.3176] Invalid binding: 'XInput-0/-LeftY'
[    0.3176] Invalid binding: 'XInput-0/+LeftX'
[    0.3176] Invalid binding: 'XInput-0/+LeftY'
[    0.3176] Invalid binding: 'XInput-0/-LeftX'
[    0.3176] Invalid binding: 'XInput-0/-RightY'
[    0.3176] Invalid binding: 'XInput-0/+RightX'
[    0.3177] Invalid binding: 'XInput-0/+RightY'
[    0.3177] Invalid binding: 'XInput-0/-RightX'
[    0.3178] GameDB: Has not been initialized yet, initializing...
[    0.3600] GameDB: 12841 games on record (loaded in 42.22ms)
[    0.3625] Reopening memory cards...
[    0.3626] (FileMcd) Creating new 8MB memory card: /home/spider/pool2-ee-probe-a96-arm0-repeat3-20261005-v1/profile/PCSX2/memcards/Mcd001.ps2
[    0.3724] McdSlot 0 [File]: Mcd001.ps2 [8 MB, UNFORMATTED]
[    0.3724] McdSlot 1 [File]: [disabled/empty filename]
[    0.3774] HLE Host: Set 'host:' root path to: /mnt/f/Projects/tyrax2-lab-20261001/wild-pool2-ee-probe-physical-v1/game/bin
[    0.3774] EE/iR5900 Recompiler Reset
[    0.4167] iR3000A Recompiler reset.
[    0.4330] Resetting host memory for virtual systems...
[    0.6677] Time Zone Offset: GMT+01:00
[    0.6677] Time Zone Location: Berlin
[    0.6677] DST: Winter Time
[    0.6677] Time Format: 24-Hour
[    0.6677] Date Format: DD/MM/YYYY
[    0.6677] System Time Basis: Operating System Time
[    0.6677] Resulting System Time: 2026-10-05 12:53:42
[    0.6677] Close virtual disk tray
[    0.6677] Media already loaded (fast boot)
[    0.6677] Opening GS...
[    0.7054] VK: Enabling extension: VK_KHR_get_surface_capabilities2
[    0.7157] Using Vulkan GPU 'llvmpipe (LLVM 15.0.7, 256 bits)' for automatic renderer check.
[    0.7157] Not using Vulkan for software renderer.
[    0.7158] acquireRenderWindow() recreate=true fullscreen=false render_to_main=true surfaceless=false
[    0.7184] (GetRefreshRateFromXRandR) Modeline is invalid: 0/0/0
[    0.7184] Surface refresh rate: 60 Hz
[    0.7190] Loading EGL from libEGL.so...
[    0.7203] GLAD EGL Version: 1.0
[    0.7203] Using EGL platform EGL_EXT_platform_x11.
[    0.7284] eglInitialize() version: 1.5
[    0.7285] GLAD EGL Version: 1.5
[    0.7285] Trying GL version 4.6
[    0.7285] eglCreateContext() failed: 0x3009
[    0.7285] Trying GL version 4.5
[    0.7394] Got GL version 4.5
[    0.7394] EGL_MIN_SWAP_INTERVAL = 1
[    0.7394] EGL_MAX_SWAP_INTERVAL = 1
[    0.7394] Negative swap interval/tear-control is NOT supported
[    0.7418] GL_VENDOR: Mesa
[    0.7418] GL_VERSION: 4.5 (Core Profile) Mesa 23.2.1-1ubuntu3.1~22.04.4
[    0.7418] GL_RENDERER: llvmpipe (LLVM 15.0.7, 256 bits)
[    0.7418] GL_SHADING_LANGUAGE_VERSION: 4.50
[    0.7419] GL_MAX_VERTEX_SHADER_STORAGE_BLOCKS: 16
[    0.7419] GL: Viewport Array:            Supported       => Using: GL_ARB_viewport_array
[    0.7419] GL: Direct State Access:       Supported       => Using: OpenGL 4.5 Core
[    0.7419] GL: Copy Image:                Supported       => Using: OpenGL 4.3 Core
[    0.7419] GL: Clip Control:              Supported       => Using: OpenGL 4.5 Core
[    0.7419] GL: Conservative Depth:        Supported       => Using: OpenGL 4.2 Core
[    0.7419] GL: CAS Sharpening:            Supported       => Using: OpenGL 4.2 Core
[    0.7419] GL: Texture Barriers:          Auto            => Using: Framebuffer Fetch
[    0.7419] GL: RGBA16 HW Blending:        Supported       => Using: RGBA16 UNORM
[    0.7419] GL: Point Expansion:           Supported       => Using: Hardware
[    0.7419] GL: Line Expansion:            Fallback        => Using: Vertex Expansion
[    0.7419] GL: Sprite Expansion:          Supported       => Using: Vertex Expansion
[    0.7419] GL: DXTn Texture Compression:  Supported       => Using: GL_EXT_texture_compression_s3tc
[    0.7419] GL: BC6/7 Texture Compression: Supported       => Using: OpenGL 4.2 Core
[    0.7515] 1 program binary formats supported by driver
[    0.7833] Program binary retrieved, 4105 bytes, format 34655
[    0.7838] Program binary retrieved, 4121 bytes, format 34655
[    0.7843] Program binary retrieved, 4249 bytes, format 34655
[    0.7846] Program binary retrieved, 4013 bytes, format 34655
[    0.7850] Program binary retrieved, 4013 bytes, format 34655
[    0.7854] Program binary retrieved, 4017 bytes, format 34655
[    0.7857] Program binary retrieved, 4017 bytes, format 34655
[    0.7861] Program binary retrieved, 4185 bytes, format 34655
[    0.7865] Program binary retrieved, 4217 bytes, format 34655
[    0.7869] Program binary retrieved, 4137 bytes, format 34655
[    0.7873] Program binary retrieved, 4125 bytes, format 34655
[    0.7877] Program binary retrieved, 4121 bytes, format 34655
[    0.7883] Program binary retrieved, 4253 bytes, format 34655
[    0.7888] Program binary retrieved, 4237 bytes, format 34655
[    0.7892] Program binary retrieved, 4245 bytes, format 34655
[    0.7896] Program binary retrieved, 4261 bytes, format 34655
[    0.7900] Program binary retrieved, 4965 bytes, format 34655
[    0.7905] Program binary retrieved, 4981 bytes, format 34655
[    0.7909] Program binary retrieved, 4261 bytes, format 34655
[    0.7913] Program binary retrieved, 4277 bytes, format 34655
[    0.7917] Program binary retrieved, 5005 bytes, format 34655
[    0.7923] Program binary retrieved, 5021 bytes, format 34655
[    0.7927] Program binary retrieved, 4257 bytes, format 34655
[    0.7931] Program binary retrieved, 4273 bytes, format 34655
[    0.7936] Program binary retrieved, 5001 bytes, format 34655
[    0.7942] Program binary retrieved, 5017 bytes, format 34655
[    0.7946] Program binary retrieved, 4277 bytes, format 34655
[    0.7951] Program binary retrieved, 4293 bytes, format 34655
[    0.7955] Program binary retrieved, 5057 bytes, format 34655
[    0.7961] Program binary retrieved, 5073 bytes, format 34655
[    0.7964] Program binary retrieved, 4153 bytes, format 34655
[    0.7968] Program binary retrieved, 4169 bytes, format 34655
[    0.7972] Program binary retrieved, 4233 bytes, format 34655
[    0.7977] Program binary retrieved, 5781 bytes, format 34655
[    0.7982] Program binary retrieved, 5373 bytes, format 34655
[    0.7988] Program binary retrieved, 6389 bytes, format 34655
[    0.7992] Program binary retrieved, 4917 bytes, format 34655
[    0.7996] Program binary retrieved, 4845 bytes, format 34655
[    0.8001] Program binary retrieved, 4997 bytes, format 34655
[    0.8004] Program binary retrieved, 4101 bytes, format 34655
[    0.8034] Program binary retrieved, 4137 bytes, format 34655
[    0.8066] Program binary retrieved, 4109 bytes, format 34655
[    0.8070] Program binary retrieved, 5389 bytes, format 34655
[    0.8074] Program binary retrieved, 5829 bytes, format 34655
[    0.8078] Program binary retrieved, 5857 bytes, format 34655
[    0.8082] Program binary retrieved, 4289 bytes, format 34655
[    0.8106] Program binary retrieved, 21205 bytes, format 34655
[    0.8109] Program binary retrieved, 4765 bytes, format 34655
[    0.8114] Program binary retrieved, 5685 bytes, format 34655
[    0.8116] Program binary retrieved, 4141 bytes, format 34655
[    0.8120] Program binary retrieved, 4537 bytes, format 34655
[    0.8123] Program binary retrieved, 4889 bytes, format 34655
[    0.8126] Program binary retrieved, 4117 bytes, format 34655
[    0.8131] Program binary retrieved, 4741 bytes, format 34655
[    0.8135] Program binary retrieved, 4965 bytes, format 34655
[    0.8142] Program binary retrieved, 6613 bytes, format 34655
[    0.8145] Program binary retrieved, 4797 bytes, format 34655
[    0.8162] Program binary retrieved, 13085 bytes, format 34655
[    0.8224] Program binary retrieved, 7285 bytes, format 34655
[    0.8278] Program binary retrieved, 5497 bytes, format 34655
[    0.8282] Program binary retrieved, 4141 bytes, format 34655
[    0.8285] Program binary retrieved, 4141 bytes, format 34655
[    0.8289] Program binary retrieved, 4145 bytes, format 34655
[    0.8293] Program binary retrieved, 4145 bytes, format 34655
[    0.8738] Program binary retrieved, 5369 bytes, format 34655
[    0.8754] OpenGL Graphics Driver Info:
[    0.8754] OpenGL Context:
[    0.8754] 4.5 (Core Profile) Mesa 23.2.1-1ubuntu3.1~22.04.4
[    0.8754] Mesa llvmpipe (LLVM 15.0.7, 256 bits)
[    0.8754] GLSL: 4.50
[    0.8784] Processor count: 24 cores, 24 processors, 1 clusters
[    0.8786] Ordered processor list: 12, 23, 22, 21, 20, 19, 18, 17, 16, 15, 14, 13, 0, 11, 10, 9, 8, 7, 6, 5, 4, 3, 2, 1
[    0.8786] Not pinning SW threads, we need 4 processors, but only have 0
[    0.8789] Opening SPU2...
[    0.8792] Creating Null audio stream, sample rate = 48000, expansion = Disabled, buffer = 50, latency = 32, stretching enabled, driver = wasapi, device = 
[    0.8793] Allocated buffer of 2432 frames for buffer of 50 ms [expansion Disabled (block size 2048), stretch disabled, target size 2432].
[    0.8793] Initializing Pad...
[    0.8793] Initializing SIO2...
[    0.8793] Initializing SIO0...
[    0.8793] Opening DEV9...
[    0.8793] DEV9: DEV9init
[    0.8797] DEV9: DEV9init2
[    0.8797] DEV9: DEV9init3
[    0.8840] DEV9: DEV9init ok
[    0.8841] DEV9: DEV9open
[    0.8841] Opening USB...
[    0.8841] Opening FW...
[    0.8846] Frame rate: 59.94, target speed: 1, target frame rate: 59.94, ticks per frame: 16683350
[    0.8886] VM subsystems initialized in 678.78 ms
[    0.8888] MultiPause time: 142ns
[    0.8888] MultiPause time: 196ns
[    0.8889] MultiPause time: 157ns
[    0.8890] MultiPause time: 142ns
[    0.8987] Failed to inhibit screen saver.
[    0.8988] Processor order assignment: EE=12, VU=23, GS=23
[    0.8988]   EE thread is on processor 12 (0x1000)
[    0.8989]   GS thread is on processor 23 (0x800000)
[    0.9083] Failed to inhibit screen saver.
[    0.9368] # Initialize memory (rev:3.70, ctm:197Mhz, cpuclk:147Mhz detected)
[    0.9454] R3000 Debugger: Branch to 0x890 (SYSMEM). Clearing modules.
[    0.9470] RegisterLibraryEntries: excepman version 1.01
[    0.9480] RegisterLibraryEntries:  intrman version 1.02
[    0.9481] RegisterLibraryEntries:   ssbusc version 1.01
[    0.9484] RegisterLibraryEntries:  dmacman version 1.02
[    0.9488] RegisterLibraryEntries:  timrman version 1.01
[    0.9491] RegisterLibraryEntries:  sysclib version 1.01
[    0.9491] RegisterLibraryEntries:    stdio version 1.01
[    0.9492] RegisterLibraryEntries:  heaplib version 1.01
[    0.9497] FW: read mem 0x1f80847c: 0x10000001
[    0.9497] FW: write mem 0x1f808414: 0x417f0000
[    0.9497] FW: read mem 0x1f808400: 0xffc00001
[    0.9497] FW: write mem 0x1f80844c: 0xffffffff
[    0.9497] FW: write mem 0x1f808420: 0xffffffff
[    0.9497] FW: write mem 0x1f808428: 0xffffffff
[    0.9497] FW: write mem 0x1f808430: 0xffffffff
[    0.9507] RegisterLibraryEntries:   thbase version 1.01
[    0.9507] RegisterLibraryEntries:  thevent version 1.01
[    0.9507] RegisterLibraryEntries:  thsemap version 1.01
[    0.9508] RegisterLibraryEntries:  thmsgbx version 1.01
[    0.9509] RegisterLibraryEntries:  thfpool version 1.01
[    0.9509] RegisterLibraryEntries:  thvpool version 1.01
[    0.9519] RegisterLibraryEntries:   vblank version 1.01
[    0.9525] RegisterLibraryEntries:    ioman version 1.02
[    0.9533] RegisterLibraryEntries:  modload version 1.01
[    0.9536] RegisterLibraryEntries:   romdrv version 2.01
[    0.9538] RegisterLibraryEntries:    stdio version 1.02
[    0.9543] RegisterLibraryEntries:   sifman version 1.01
[    0.9545] 
[    0.9546] PlayStation 2 ======== Hard reset boot
[    0.9547]  ROMGEN=2004-0614, IOP info (CPUID=1f, CACH_CONFIG=0, 2MB, IOP mode)
[    0.9549]  <20040614-100914,ROMconf,PS20200EC20040614.bin:11696>
[    0.9643] # Total accessable memory size: 32 MB (B:2:8:0) (370:2:7c30)
[    0.9653] # TLB spad=0 kernel=1:12 default=13:30 extended=31:38
[    1.0293] # Initialize Start.
[    1.0298] # Initialize GS ...
[    1.0299] # Initialize INTC ...
[    1.0299] # Initialize TIMER ...
[    1.0299] # Initialize DMAC ...
[    1.0300] # Initialize VU1 ...
[    1.0303] # Initialize VIF1 ...
[    1.0304] # Initialize GIF ...
[    1.0304] # Initialize VU0 ...
[    1.0306] # Initialize VIF0 ...
[    1.0306] # Initialize IPU ...
[    1.0308] # Initialize FPU ...
[    1.0308] # Initialize User Memory ...
[    1.0924] # Initialize Scratch Pad ...
[    1.0924] # Initialize Done.
[    1.0933] 
[    1.0934] EE DECI2 Manager version 0.06 Feb  6 2003 08:38:48
[    1.0934]   CPUID=2e20, BoardID=0, ROMGEN=2004-0614, 32M
[    1.0934] 
[    1.0937] RegisterLibraryEntries:   sifcmd version 1.01
[    1.1252] Initializing Elf: 4464732 bytes
[    1.1290] ELF Loading: host:vehicle-playground.elf, Game CRC = 1C2826FE, EntryPoint = 0x00100E78
[    1.1318] RegisterLibraryEntries:  cdvdman version 1.01
[    1.1357] Imported 823 symbols.
[    1.1392] RegisterLibraryEntries:  cdvdfsv version 1.01
[    1.1407] RegisterLibraryEntries:  secrman version 1.03
[    1.1408] RegisterLibraryEntries:   eesync version 1.01
[    1.1409] 
[    1.1409] IOP Realtime Kernel Ver.0.9.1
[    1.1409]     Copyright 1999 (C) Sony Computer Entertainment Inc. 
[    1.1415] Reboot service module.(99/11/10)
[    1.1439] cdvd driver module version 0.1.1 (C)SCEI
[    1.1444] Load File service.(99/11/05)
[    1.1444] Multi Threaded Fileio module.(99/11/15) 
[    1.1445] iop heap service (99/11/03)
[    1.1532] PINE: New client with FD 14 connected.
[    1.1538] PINE: Client disconnected.
[    1.1714] loadelf: fname host:vehicle-playground.elf secname all
[    1.1716] loadelf version 3.30
[    1.1738] Input ELF format filename = host:vehicle-playground.elf
[    1.2201] 1 00100000 003f603c ................................................................
[    1.2201] Loaded, host:vehicle-playground.elf
[    1.2202] start address 0x100e78
[    1.2202] gp address 00000000
[    1.2211] (VMManager) Pausing...
[    1.2213] (VMManager) Resuming...
[    1.2336] Failed to inhibit screen saver.
[    1.2338] EE/iR5900 Recompiler Reset
[    1.2501] # Restart Without Memory Clear.
[    1.2542] PINE: New client with FD 14 connected.
[    1.2546] PINE: Client disconnected.
[    1.2631] # Initialize GS ...
[    1.2632] # Initialize INTC ...
[    1.2632] # Initialize TIMER ...
[    1.2633] # Initialize DMAC ...
[    1.2634] # Initialize VU1 ...
[    1.2635] # Initialize VIF1 ...
[    1.2636] # Initialize GIF ...
[    1.2637] # Initialize VU0 ...
[    1.2638] # Initialize VIF0 ...
[    1.2639] # Initialize IPU ...
[    1.2640] # Initialize FPU ...
[    1.2640] # Initialize Scratch Pad ...
[    1.2640] # Restart Without Memory Clear Done.
[    1.2643] ELF host:vehicle-playground.elf with entry point at 0x00100E78 is executing.
[    1.2643] ELF changed, active CRC 1C2826FE (host:vehicle-playground.elf)
[    1.2648] Applying core settings...
[    1.2654] Updating CPU configuration...
[    1.2654] iR3000A Recompiler reset.
[    1.2794] Debugger Settings Manager: Failed to read Saved Addresses array from settings file: '/home/spider/pool2-ee-probe-a96-arm0-repeat3-20261005-v1/profile/PCSX2/inis/debuggersettings/vehicle-playground_1C2826FE.json'
[    1.2795] Debugger Settings Manager: Failed to read Saved Addresses array from settings file: '/home/spider/pool2-ee-probe-a96-arm0-repeat3-20261005-v1/profile/PCSX2/inis/debuggersettings/vehicle-playground_1C2826FE.json'
[    1.2891] iR3000A Recompiler reset.
[    1.2956] EE/iR5900 Recompiler Reset
[    1.3106] (VMManager) Pausing...
[    1.3108] EE/iR5900 Recompiler Reset
[    1.3274] EE/iR5900 Recompiler Reset
[    1.3413] iR3000A Recompiler reset.
[    1.3450] EE/iR5900 Recompiler Reset
[    1.3556] PINE: New client with FD 14 connected.
[    1.3561] PINE: Client disconnected.
[    1.3605] iR3000A Recompiler reset.
[    1.3644] EE/iR5900 Recompiler Reset
[    1.3790] iR3000A Recompiler reset.
[    1.3823] EE/iR5900 Recompiler Reset
[    1.3984] iR3000A Recompiler reset.
[    1.4019] EE/iR5900 Recompiler Reset
[    1.4867] PINE: New client with FD 14 connected.
[    1.4870] OSD [SaveStateSlot140]: Saving state to slot 140...
[    1.5162]   Saving SPU2
[    1.5167]   Saving GS
[    1.6164] OSD [SaveStateSlot140]: Saved state to slot 140.
[    1.6164] Zipping save state to '/home/spider/pool2-ee-probe-a96-arm0-repeat3-20261005-v1/profile/PCSX2/sstates/vehicle-playground (1C2826FE).140.p2s' took 93.29 ms
[    2.7602] PINE: Client disconnected.
[    3.2301] PINE: New client with FD 14 connected.
[    3.2352] (VMManager) Resuming...
[    3.2472] Failed to inhibit screen saver.
[    3.2490] BIOS: Successfully found the instruction pattern. Assuming the thread list is here: 8001a640
[    3.2520] Warning: GetOsdConfigParam2 Reading extended language/version configs, may be incorrect!
[    3.2809] read/write allocate memory 4000
[    3.2810] open name host:/ps2link.run flag 1 data 41378
[    3.2815] open fd = -5
[    3.2844] Get Reboot Request From EE
[    3.2857] R3000 Debugger: Branch to 0x890 (SYSMEM). Clearing modules.
[    3.2878] RegisterLibraryEntries: excepman version 1.01
[    3.2889] RegisterLibraryEntries:  intrman version 1.02
[    3.2890] RegisterLibraryEntries:   ssbusc version 1.01
[    3.2895] RegisterLibraryEntries:  dmacman version 1.02
[    3.2900] RegisterLibraryEntries:  timrman version 1.01
[    3.2905] RegisterLibraryEntries:  sysclib version 1.01
[    3.2905] RegisterLibraryEntries:    stdio version 1.01
[    3.2907] RegisterLibraryEntries:  heaplib version 1.01
[    3.2928] RegisterLibraryEntries:   thbase version 1.01
[    3.2928] RegisterLibraryEntries:  thevent version 1.01
[    3.2929] RegisterLibraryEntries:  thsemap version 1.01
[    3.2929] RegisterLibraryEntries:  thmsgbx version 1.01
[    3.2929] RegisterLibraryEntries:  thfpool version 1.01
[    3.2930] RegisterLibraryEntries:  thvpool version 1.01
[    3.2939] RegisterLibraryEntries:   vblank version 1.01
[    3.2943] RegisterLibraryEntries:    ioman version 1.02
[    3.2953] RegisterLibraryEntries:  modload version 1.01
[    3.3037] RegisterLibraryEntries:   romdrv version 2.01
[    3.3041] RegisterLibraryEntries:    stdio version 1.02
[    3.3045] RegisterLibraryEntries:   sifman version 1.01
[    3.3050] 
[    3.3051] PlayStation 2 ======== Soft reboot
[    3.3057] RegisterLibraryEntries:   sifcmd version 1.01
[    3.3093] RegisterLibraryEntries:  cdvdman version 1.01
[    3.3108] RegisterLibraryEntries:  cdvdfsv version 1.01
[    3.3184] RegisterLibraryEntries:  secrman version 1.03
[    3.3186] RegisterLibraryEntries:   eesync version 1.01
[    3.3188] 
[    3.3188] IOP Realtime Kernel Ver.0.9.1
[    3.3188]     Copyright 1999 (C) Sony Computer Entertainment Inc. 
[    3.3193] Reboot service module.(99/11/10)
[    3.3210] [EE] Skipping timeout loop at 0x002D4180 -> 0x002D41A0
[    3.3211] cdvd driver module version 0.1.1 (C)SCEI
[    3.3214] Load File service.(99/11/05)
[    3.3215] Multi Threaded Fileio module.(99/11/15) 
[    3.3215] iop heap service (99/11/03)
[    3.3357] PINE: Client disconnected.
[    3.3409] RegisterLibraryEntries:   iomanx version 1.01
[    3.3422] fileXio: fileXio: fileXio RPC Server v1.00
[    3.3422] Copyright (c) 2003 adresd
[    3.3424] RegisterLibraryEntries:  sio2man version 2.07
[    3.3425] RegisterLibraryEntries:  sio2man version 1.02
[    3.3433] RegisterLibraryEntries:   padman version 1.02
[    3.3434] Pad Driver for OSD
[    3.3439] FREESD v1.01
[    3.3439] RegisterLibraryEntries:    libsd version 1.04
[    3.3444] debug_level = 1 (ps2snd 0.1
[    3.3563] greetings from version 0.93 !
[    3.3563] RegisterLibraryEntries:   audsrv version 1.04
[    3.3564] audsrv_adpcm_init()
[    3.3576] UpdateVSyncRate: Mode Changed to SDTV 480p.
[    3.3576] Frame rate: 59.94, target speed: 1, target frame rate: 59.94, ticks per frame: 16683350
[    3.3577] Set GS CRTC configuration. SDTV   720x480 @ 59.94 Progressive (FRAME)
[    5.4283] read/write allocate memory 4000
[    5.4285] 
[    5.4288] -----------------------------------------
[    5.4288]         _____        ____   ___
[    5.4289]           |     /   ____| |___|
[    5.4289]           |     |   |     |   |
[    5.4290] -----------------------------------------
[    5.4290] Copyright 2022
[    5.4291] Repository: https://github.com/h4570/tyra
[    5.4291] Licensed under Apache License 2.0
[    5.4295] Version: 2.2.0
[    5.4296] -----------------------------------------
[    5.4296] 
[    5.5950] audsrv_adpcm_init()
[    5.5961] [EE] Skipping timeout loop at 0x00102CB0 -> 0x00102CD0
[    5.6288] Curent pad(0,0) status: EXECCMD
[    5.8261] Pad: DS2 Config Finished - P1/S1 - AL: Off - AB: Usable - VS: Disabled - VL: Disabled - RB: D (0x00000000)
[    5.8616] Curent pad(0,0) status: EXECCMD
[    5.9272] Pad: DS2 Config Finished - P1/S1 - AL: On - AB: Locked - VS: Disabled - VL: Disabled - RB: D (0x00000000)
[    6.1267] Pad: DS2 Config Finished - P1/S1 - AL: On - AB: Locked - VS: Disabled - VL: Disabled - RB: D (0x00000000)
[    6.1600] Curent pad(0,0) status: EXECCMD
[    6.4270] Pad: DS2 Config Finished - P1/S1 - AL: On - AB: Locked - VS: Disabled - VL: Disabled - RB: D+A+P (0x0003FFFF)
[    6.6273] Pad: DS2 Config Finished - P1/S1 - AL: On - AB: Locked - VS: Disabled - VL: Disabled - RB: D+A+P (0x0003FFFF)
[    6.6641] open name host:/pool2-probe.cfg flag 1 data 41378
[    6.6655] open fd = 256
[    6.6705] open name host:/hud/flare-corona.png flag 1 data 41378
[    6.6724] open fd = 256
[    6.6921] LOG: POOL2PROBE_CONFIG arm=0 vertices=96 members=1 repeats=3 package=75 alpha=128
[    6.6923] LOG: POOL2EEPROBE_CONFIG kind=7 clip=0 lazy=0 oracle=0
[    6.6933] FRAMEARENA allocated=1 bytes=1048576
[    6.7051] microVU1: Cached Prog = [000] [PC=18e0] [List=01] (Cache=0.000%) [0.0mb]
[    6.7060] microVU1: 3 cycle stall on branch instruction [1f78]
[    6.7070] microVU1: Cached Prog = [001] [PC=2480] [List=01] (Cache=0.246%) [0.1mb]
[    6.7078] microVU1: 3 cycle stall on branch instruction [1f78]
[    6.7197] LOG: POOL2EEPROBE_SOURCE clip=0 ready=0 total=96 generation=1 coldOracle=0
[    6.7198] LOG: POOL2PROBE_FRAME frame=1 cold=1 arm=0 eligible=0 applied=0 compared=0 mismatches=0
[    6.7352] LOG: POOL2EEPROBE_SOURCE clip=0 ready=0 total=96 generation=2 coldOracle=0
[    6.7353] LOG: POOL2PROBE_FRAME frame=2 cold=0 arm=0 eligible=0 applied=0 compared=0 mismatches=0
[    6.7483] LOG: POOL2EEPROBE_SOURCE clip=0 ready=0 total=96 generation=3 coldOracle=0
[    6.7484] LOG: POOL2PROBE_FRAME frame=3 cold=0 arm=0 eligible=0 applied=0 compared=0 mismatches=0
[    6.7485] LOG: POOL2PROBE_READY arm=0 vertices=96 repeats=3 completed=3 warmBypass=0
[    6.7485] (VMManager) Pausing...
[    6.7639] PINE: New client with FD 14 connected.
[    6.7642] PINE: Client disconnected.
[    6.8818] PINE: New client with FD 14 connected.
[    6.8822] OSD [SaveStateSlot176]: Saving state to slot 176...
[    6.9111]   Saving SPU2
[    6.9117]   Saving GS
[    7.0213] OSD [SaveStateSlot176]: Saved state to slot 176.
[    7.0213] Zipping save state to '/home/spider/pool2-ee-probe-a96-arm0-repeat3-20261005-v1/profile/PCSX2/sstates/vehicle-playground (1C2826FE).176.p2s' took 103.65 ms
[    8.1644] PINE: Client disconnected.
