[    0.0152] Program Path: /home/spider/tyrax2-debugger-linux-v1/squashfs-root/usr/bin/pcsx2-qt
[    0.0152] AppRoot Directory: /home/spider/tyrax2-debugger-linux-v1/squashfs-root/usr/bin
[    0.0152] Resources Directory: /home/spider/tyrax2-debugger-linux-v1/squashfs-root/usr/bin/resources
[    0.0154] DataRoot Directory: /home/spider/pool2-static-a96-arm1-repeat2-20261005/profile/PCSX2
[    0.0154] Loading config from /home/spider/pool2-static-a96-arm1-repeat2-20261005/profile/PCSX2/inis/PCSX2.ini.
[    0.0157] Loading secrets from /home/spider/pool2-static-a96-arm1-repeat2-20261005/profile/PCSX2/inis/secrets.ini.
[    0.0162] BIOS Directory: /mnt/c/Users/pawel/OneDrive/Documents/PCSX2/bios
[    0.0162] Snapshots Directory: /home/spider/pool2-static-a96-arm1-repeat2-20261005/profile/PCSX2/snaps
[    0.0162] Savestates Directory: /home/spider/pool2-static-a96-arm1-repeat2-20261005/profile/PCSX2/sstates
[    0.0162] MemoryCards Directory: /home/spider/pool2-static-a96-arm1-repeat2-20261005/profile/PCSX2/memcards
[    0.0162] Logs Directory: /home/spider/pool2-static-a96-arm1-repeat2-20261005/profile/PCSX2/logs
[    0.0162] Cheats Directory: /home/spider/pool2-static-a96-arm1-repeat2-20261005/profile/PCSX2/cheats
[    0.0162] Patches Directory: /home/spider/pool2-static-a96-arm1-repeat2-20261005/profile/PCSX2/patches
[    0.0162] Covers Directory: /home/spider/pool2-static-a96-arm1-repeat2-20261005/profile/PCSX2/covers
[    0.0162] Game Settings Directory: /home/spider/pool2-static-a96-arm1-repeat2-20261005/profile/PCSX2/gamesettings
[    0.0162] Resources Directory: /home/spider/tyrax2-debugger-linux-v1/squashfs-root/usr/bin/resources
[    0.0162] User Resources Directory: /home/spider/pool2-static-a96-arm1-repeat2-20261005/profile/PCSX2/resources
[    0.0162] Cache Directory: /home/spider/pool2-static-a96-arm1-repeat2-20261005/profile/PCSX2/cache
[    0.0162] Textures Directory: /home/spider/pool2-static-a96-arm1-repeat2-20261005/profile/PCSX2/textures
[    0.0163] Input Profile Directory: /home/spider/pool2-static-a96-arm1-repeat2-20261005/profile/PCSX2/inputprofiles
[    0.0163] Video Dumping Directory: /home/spider/pool2-static-a96-arm1-repeat2-20261005/profile/PCSX2/videos
[    0.0163] Debugger Layouts Directory: /home/spider/pool2-static-a96-arm1-repeat2-20261005/profile/PCSX2/inis/debuggerlayouts
[    0.0163] Debugger Settings Directory: /home/spider/pool2-static-a96-arm1-repeat2-20261005/profile/PCSX2/inis/debuggersettings
[    0.0312] Loaded translation file for language en-US
[    0.0376] PCSX2 v2.9.93
[    0.0376] Savestate version: 0x9a590000
[    0.0376] 
[    0.0376] 
[    0.0376] Host Machine Init:
[    0.0377]   Operating System = Ubuntu 22.04
[    0.0377]   Available RAM    = 49090 MB (47.94 GB)
[    0.0377]   Physical RAM     = 50191 MB (49.02 GB)
[    0.0377] 
[    0.0377]   Processor        = AMD Ryzen Threadripper 1920X
[    0.0377]   Core Count       = 24 cores
[    0.0377]   Thread Count     = 24 threads
[    0.0377]   Cluster Count    = 1 clusters
[    0.0377] CPU Extensions Detected:
[    0.0377]   AVX AVX2
[    0.0377] 
[    0.0377] Allocating host memory for virtual systems...
[    0.0380]   EE Main Memory                   @ 0x00007F0837200000 -> 0x00007F0840100000 [143mb]
[    0.0380]   IOP Main Memory                  @ 0x00007F0840100000 -> 0x00007F0848200000 [129mb]
[    0.0380]   VU0/1 On-Chip Memory             @ 0x00007F0848200000 -> 0x00007F0848300000 [1mb]
[    0.0380]   VTLB Virtual Map                 @ 0x00007F0848300000 -> 0x00007F0848B00000 [8mb]
[    0.0380]   VTLB Address Map                 @ 0x00007F0848B00000 -> 0x00007F0848F00000 [4mb]
[    0.0380]   R5900 Recompiler Cache           @ 0x00007F0848F00000 -> 0x00007F084CF00000 [64mb]
[    0.0380]   R3000A Recompiler Cache          @ 0x00007F084CF00000 -> 0x00007F084EF00000 [32mb]
[    0.0380]   Micro VU0 Recompiler Cache       @ 0x00007F084FF00000 -> 0x00007F0853F00000 [64mb]
[    0.0380]   Micro VU1 Recompiler Cache       @ 0x00007F0853F00000 -> 0x00007F0857F00000 [64mb]
[    0.0380]   VIF0 Unpack Recompiler Cache     @ 0x00007F084EF00000 -> 0x00007F084F700000 [8mb]
[    0.0380]   VIF1 Unpack Recompiler Cache     @ 0x00007F084F700000 -> 0x00007F084FF00000 [8mb]
[    0.0380]   VIF Unpack Recompiler Cache      @ 0x00007F0857F00000 -> 0x00007F0858000000 [1mb]
[    0.0381]   GS Software Renderer             @ 0x00007F0858000000 -> 0x00007F085C000000 [64mb]
[    0.0407] Fastmem area: 0x7f0737200000 - 0x7f08371fffff
[    0.0421] Generating SSE-optimized unpacking functions for VIF interpreters...
[    0.0423] Unpack function generation complete.  Generated function statistics:
[    0.0423]   Reserved buffer    : 1048576 bytes @ 0x00007F0857F00000
[    0.0423]   x86 code generated : 7422 bytes
[    0.0423] 
[    0.0426] SDLInputSource: Using Controller DB from resources.
[    0.0593] SDLInputSource: 765 gamepad mappings are loaded.
[    0.0594] Invalid binding: 'XInput-0/DPadUp'
[    0.0594] Invalid binding: 'XInput-0/DPadRight'
[    0.0594] Invalid binding: 'XInput-0/DPadDown'
[    0.0594] Invalid binding: 'XInput-0/DPadLeft'
[    0.0594] Invalid binding: 'XInput-0/Y'
[    0.0594] Invalid binding: 'XInput-0/B'
[    0.0594] Invalid binding: 'XInput-0/A'
[    0.0594] Invalid binding: 'XInput-0/X'
[    0.0594] Invalid binding: 'XInput-0/Back'
[    0.0594] Invalid binding: 'XInput-0/Start'
[    0.0594] Invalid binding: 'XInput-0/LeftShoulder'
[    0.0594] Invalid binding: 'XInput-0/+LeftTrigger'
[    0.0594] Invalid binding: 'XInput-0/RightShoulder'
[    0.0594] Invalid binding: 'XInput-0/+RightTrigger'
[    0.0594] Invalid binding: 'XInput-0/LeftStick'
[    0.0594] Invalid binding: 'XInput-0/RightStick'
[    0.0594] Invalid binding: 'XInput-0/Guide'
[    0.0594] Invalid binding: 'XInput-0/-LeftY'
[    0.0594] Invalid binding: 'XInput-0/+LeftX'
[    0.0594] Invalid binding: 'XInput-0/+LeftY'
[    0.0594] Invalid binding: 'XInput-0/-LeftX'
[    0.0594] Invalid binding: 'XInput-0/-RightY'
[    0.0594] Invalid binding: 'XInput-0/+RightX'
[    0.0594] Invalid binding: 'XInput-0/+RightY'
[    0.0594] Invalid binding: 'XInput-0/-RightX'
[    0.0600] Settings: Advanced Settings are enabled; only proceed if you know what you're doing! No support will be provided if you have the option enabled.
[    0.1246] Scanning F:\PS2\Games (recursively)
[    0.2225] Loading BIOS...
[    0.2344] BIOS Found: Europe  v02.00(14/06/2004)  Console 20040614-100914
[    0.2921] Mechacon version: 0x00020603
[    0.2936] Opening CDVD...
[    0.3248] Initializing Elf: 4455708 bytes
[    0.3259] Disc changed to .
[    0.3259]   Name: vehicle-playground [?]
[    0.3259]   Serial: vehicle-playground
[    0.3259]   Version: 
[    0.3259]   CRC: 255D8279
[    0.3260] No game settings found (tried '/home/spider/pool2-static-a96-arm1-repeat2-20261005/profile/PCSX2/gamesettings/255D8279.ini')
[    0.3260] Applying settings...
[    0.3263] Invalid binding: 'XInput-0/DPadUp'
[    0.3263] Invalid binding: 'XInput-0/DPadRight'
[    0.3263] Invalid binding: 'XInput-0/DPadDown'
[    0.3263] Invalid binding: 'XInput-0/DPadLeft'
[    0.3263] Invalid binding: 'XInput-0/Y'
[    0.3263] Invalid binding: 'XInput-0/B'
[    0.3263] Invalid binding: 'XInput-0/A'
[    0.3263] Invalid binding: 'XInput-0/X'
[    0.3263] Invalid binding: 'XInput-0/Back'
[    0.3263] Invalid binding: 'XInput-0/Start'
[    0.3263] Invalid binding: 'XInput-0/LeftShoulder'
[    0.3263] Invalid binding: 'XInput-0/+LeftTrigger'
[    0.3263] Invalid binding: 'XInput-0/RightShoulder'
[    0.3263] Invalid binding: 'XInput-0/+RightTrigger'
[    0.3263] Invalid binding: 'XInput-0/LeftStick'
[    0.3263] Invalid binding: 'XInput-0/RightStick'
[    0.3263] Invalid binding: 'XInput-0/Guide'
[    0.3263] Invalid binding: 'XInput-0/-LeftY'
[    0.3263] Invalid binding: 'XInput-0/+LeftX'
[    0.3263] Invalid binding: 'XInput-0/+LeftY'
[    0.3263] Invalid binding: 'XInput-0/-LeftX'
[    0.3263] Invalid binding: 'XInput-0/-RightY'
[    0.3264] Invalid binding: 'XInput-0/+RightX'
[    0.3264] Invalid binding: 'XInput-0/+RightY'
[    0.3264] Invalid binding: 'XInput-0/-RightX'
[    0.3265] GameDB: Has not been initialized yet, initializing...
[    0.3690] GameDB: 12841 games on record (loaded in 42.47ms)
[    0.3714] Reopening memory cards...
[    0.3715] (FileMcd) Creating new 8MB memory card: /home/spider/pool2-static-a96-arm1-repeat2-20261005/profile/PCSX2/memcards/Mcd001.ps2
[    0.3807] McdSlot 0 [File]: Mcd001.ps2 [8 MB, UNFORMATTED]
[    0.3808] McdSlot 1 [File]: [disabled/empty filename]
[    0.3845] HLE Host: Set 'host:' root path to: /mnt/f/Projects/tyrax2-lab-20261001/wild-pool2-static-probe-physical-v1/game/bin
[    0.3848] EE/iR5900 Recompiler Reset
[    0.4307] iR3000A Recompiler reset.
[    0.4510] Resetting host memory for virtual systems...
[    0.6939] Time Zone Offset: GMT+01:00
[    0.6939] Time Zone Location: Berlin
[    0.6939] DST: Winter Time
[    0.6939] Time Format: 24-Hour
[    0.6939] Date Format: DD/MM/YYYY
[    0.6939] System Time Basis: Operating System Time
[    0.6939] Resulting System Time: 2026-10-05 11:04:45
[    0.6939] Close virtual disk tray
[    0.6939] Media already loaded (fast boot)
[    0.6940] Opening GS...
[    0.7312] VK: Enabling extension: VK_KHR_get_surface_capabilities2
[    0.7423] Using Vulkan GPU 'llvmpipe (LLVM 15.0.7, 256 bits)' for automatic renderer check.
[    0.7423] Not using Vulkan for software renderer.
[    0.7425] acquireRenderWindow() recreate=true fullscreen=false render_to_main=true surfaceless=false
[    0.7449] (GetRefreshRateFromXRandR) Modeline is invalid: 0/0/0
[    0.7449] Surface refresh rate: 60 Hz
[    0.7452] Loading EGL from libEGL.so...
[    0.7466] GLAD EGL Version: 1.0
[    0.7466] Using EGL platform EGL_EXT_platform_x11.
[    0.7552] eglInitialize() version: 1.5
[    0.7553] GLAD EGL Version: 1.5
[    0.7553] Trying GL version 4.6
[    0.7553] eglCreateContext() failed: 0x3009
[    0.7553] Trying GL version 4.5
[    0.7669] Got GL version 4.5
[    0.7669] EGL_MIN_SWAP_INTERVAL = 1
[    0.7669] EGL_MAX_SWAP_INTERVAL = 1
[    0.7669] Negative swap interval/tear-control is NOT supported
[    0.7695] GL_VENDOR: Mesa
[    0.7695] GL_VERSION: 4.5 (Core Profile) Mesa 23.2.1-1ubuntu3.1~22.04.4
[    0.7695] GL_RENDERER: llvmpipe (LLVM 15.0.7, 256 bits)
[    0.7695] GL_SHADING_LANGUAGE_VERSION: 4.50
[    0.7695] GL_MAX_VERTEX_SHADER_STORAGE_BLOCKS: 16
[    0.7695] GL: Viewport Array:            Supported       => Using: GL_ARB_viewport_array
[    0.7695] GL: Direct State Access:       Supported       => Using: OpenGL 4.5 Core
[    0.7696] GL: Copy Image:                Supported       => Using: OpenGL 4.3 Core
[    0.7696] GL: Clip Control:              Supported       => Using: OpenGL 4.5 Core
[    0.7696] GL: Conservative Depth:        Supported       => Using: OpenGL 4.2 Core
[    0.7696] GL: CAS Sharpening:            Supported       => Using: OpenGL 4.2 Core
[    0.7696] GL: Texture Barriers:          Auto            => Using: Framebuffer Fetch
[    0.7696] GL: RGBA16 HW Blending:        Supported       => Using: RGBA16 UNORM
[    0.7696] GL: Point Expansion:           Supported       => Using: Hardware
[    0.7696] GL: Line Expansion:            Fallback        => Using: Vertex Expansion
[    0.7696] GL: Sprite Expansion:          Supported       => Using: Vertex Expansion
[    0.7696] GL: DXTn Texture Compression:  Supported       => Using: GL_EXT_texture_compression_s3tc
[    0.7696] GL: BC6/7 Texture Compression: Supported       => Using: OpenGL 4.2 Core
[    0.7799] 1 program binary formats supported by driver
[    0.8141] Program binary retrieved, 4105 bytes, format 34655
[    0.8146] Program binary retrieved, 4121 bytes, format 34655
[    0.8150] Program binary retrieved, 4249 bytes, format 34655
[    0.8153] Program binary retrieved, 4013 bytes, format 34655
[    0.8157] Program binary retrieved, 4013 bytes, format 34655
[    0.8161] Program binary retrieved, 4017 bytes, format 34655
[    0.8164] Program binary retrieved, 4017 bytes, format 34655
[    0.8168] Program binary retrieved, 4185 bytes, format 34655
[    0.8172] Program binary retrieved, 4217 bytes, format 34655
[    0.8176] Program binary retrieved, 4137 bytes, format 34655
[    0.8180] Program binary retrieved, 4125 bytes, format 34655
[    0.8183] Program binary retrieved, 4121 bytes, format 34655
[    0.8189] Program binary retrieved, 4253 bytes, format 34655
[    0.8194] Program binary retrieved, 4237 bytes, format 34655
[    0.8198] Program binary retrieved, 4245 bytes, format 34655
[    0.8202] Program binary retrieved, 4261 bytes, format 34655
[    0.8207] Program binary retrieved, 4965 bytes, format 34655
[    0.8212] Program binary retrieved, 4981 bytes, format 34655
[    0.8215] Program binary retrieved, 4261 bytes, format 34655
[    0.8219] Program binary retrieved, 4277 bytes, format 34655
[    0.8224] Program binary retrieved, 5005 bytes, format 34655
[    0.8228] Program binary retrieved, 5021 bytes, format 34655
[    0.8232] Program binary retrieved, 4257 bytes, format 34655
[    0.8236] Program binary retrieved, 4273 bytes, format 34655
[    0.8241] Program binary retrieved, 5001 bytes, format 34655
[    0.8246] Program binary retrieved, 5017 bytes, format 34655
[    0.8250] Program binary retrieved, 4277 bytes, format 34655
[    0.8253] Program binary retrieved, 4293 bytes, format 34655
[    0.8259] Program binary retrieved, 5057 bytes, format 34655
[    0.8264] Program binary retrieved, 5073 bytes, format 34655
[    0.8268] Program binary retrieved, 4153 bytes, format 34655
[    0.8272] Program binary retrieved, 4169 bytes, format 34655
[    0.8275] Program binary retrieved, 4233 bytes, format 34655
[    0.8281] Program binary retrieved, 5781 bytes, format 34655
[    0.8285] Program binary retrieved, 5373 bytes, format 34655
[    0.8291] Program binary retrieved, 6389 bytes, format 34655
[    0.8295] Program binary retrieved, 4917 bytes, format 34655
[    0.8298] Program binary retrieved, 4845 bytes, format 34655
[    0.8303] Program binary retrieved, 4997 bytes, format 34655
[    0.8306] Program binary retrieved, 4101 bytes, format 34655
[    0.8335] Program binary retrieved, 4137 bytes, format 34655
[    0.8366] Program binary retrieved, 4109 bytes, format 34655
[    0.8370] Program binary retrieved, 5389 bytes, format 34655
[    0.8374] Program binary retrieved, 5829 bytes, format 34655
[    0.8378] Program binary retrieved, 5857 bytes, format 34655
[    0.8381] Program binary retrieved, 4289 bytes, format 34655
[    0.8405] Program binary retrieved, 21205 bytes, format 34655
[    0.8410] Program binary retrieved, 4765 bytes, format 34655
[    0.8414] Program binary retrieved, 5685 bytes, format 34655
[    0.8417] Program binary retrieved, 4141 bytes, format 34655
[    0.8420] Program binary retrieved, 4537 bytes, format 34655
[    0.8424] Program binary retrieved, 4889 bytes, format 34655
[    0.8427] Program binary retrieved, 4117 bytes, format 34655
[    0.8430] Program binary retrieved, 4741 bytes, format 34655
[    0.8434] Program binary retrieved, 4965 bytes, format 34655
[    0.8439] Program binary retrieved, 6613 bytes, format 34655
[    0.8442] Program binary retrieved, 4797 bytes, format 34655
[    0.8458] Program binary retrieved, 13085 bytes, format 34655
[    0.8518] Program binary retrieved, 7285 bytes, format 34655
[    0.8576] Program binary retrieved, 5497 bytes, format 34655
[    0.8579] Program binary retrieved, 4141 bytes, format 34655
[    0.8582] Program binary retrieved, 4141 bytes, format 34655
[    0.8586] Program binary retrieved, 4145 bytes, format 34655
[    0.8590] Program binary retrieved, 4145 bytes, format 34655
[    0.9076] Program binary retrieved, 5369 bytes, format 34655
[    0.9090] OpenGL Graphics Driver Info:
[    0.9090] OpenGL Context:
[    0.9090] 4.5 (Core Profile) Mesa 23.2.1-1ubuntu3.1~22.04.4
[    0.9090] Mesa llvmpipe (LLVM 15.0.7, 256 bits)
[    0.9090] GLSL: 4.50
[    0.9118] Processor count: 24 cores, 24 processors, 1 clusters
[    0.9118] Ordered processor list: 12, 23, 22, 21, 20, 19, 18, 17, 16, 15, 14, 13, 0, 11, 10, 9, 8, 7, 6, 5, 4, 3, 2, 1
[    0.9118] Not pinning SW threads, we need 4 processors, but only have 0
[    0.9122] Opening SPU2...
[    0.9161] Creating Null audio stream, sample rate = 48000, expansion = Disabled, buffer = 50, latency = 32, stretching enabled, driver = wasapi, device = 
[    0.9162] Allocated buffer of 2432 frames for buffer of 50 ms [expansion Disabled (block size 2048), stretch disabled, target size 2432].
[    0.9162] Initializing Pad...
[    0.9162] Initializing SIO2...
[    0.9162] Initializing SIO0...
[    0.9162] Opening DEV9...
[    0.9162] DEV9: DEV9init
[    0.9165] DEV9: DEV9init2
[    0.9165] DEV9: DEV9init3
[    0.9217] DEV9: DEV9init ok
[    0.9217] DEV9: DEV9open
[    0.9217] Opening USB...
[    0.9217] Opening FW...
[    0.9220] Frame rate: 59.94, target speed: 1, target frame rate: 59.94, ticks per frame: 16683350
[    0.9220] MultiPause time: 158ns
[    0.9221] MultiPause time: 202ns
[    0.9222] MultiPause time: 142ns
[    0.9223] MultiPause time: 157ns
[    0.9254] VM subsystems initialized in 706.67 ms
[    0.9362] Failed to inhibit screen saver.
[    0.9363] Processor order assignment: EE=12, VU=23, GS=23
[    0.9363]   EE thread is on processor 12 (0x1000)
[    0.9364]   GS thread is on processor 23 (0x800000)
[    0.9462] Failed to inhibit screen saver.
[    0.9723] # Initialize memory (rev:3.70, ctm:197Mhz, cpuclk:147Mhz detected)
[    0.9806] R3000 Debugger: Branch to 0x890 (SYSMEM). Clearing modules.
[    0.9822] RegisterLibraryEntries: excepman version 1.01
[    0.9831] RegisterLibraryEntries:  intrman version 1.02
[    0.9832] RegisterLibraryEntries:   ssbusc version 1.01
[    0.9835] RegisterLibraryEntries:  dmacman version 1.02
[    0.9839] RegisterLibraryEntries:  timrman version 1.01
[    0.9841] RegisterLibraryEntries:  sysclib version 1.01
[    0.9842] RegisterLibraryEntries:    stdio version 1.01
[    0.9843] RegisterLibraryEntries:  heaplib version 1.01
[    0.9848] FW: read mem 0x1f80847c: 0x10000001
[    0.9848] FW: write mem 0x1f808414: 0x417f0000
[    0.9848] FW: read mem 0x1f808400: 0xffc00001
[    0.9848] FW: write mem 0x1f80844c: 0xffffffff
[    0.9848] FW: write mem 0x1f808420: 0xffffffff
[    0.9848] FW: write mem 0x1f808428: 0xffffffff
[    0.9848] FW: write mem 0x1f808430: 0xffffffff
[    0.9858] RegisterLibraryEntries:   thbase version 1.01
[    0.9859] RegisterLibraryEntries:  thevent version 1.01
[    0.9859] RegisterLibraryEntries:  thsemap version 1.01
[    0.9859] RegisterLibraryEntries:  thmsgbx version 1.01
[    0.9860] RegisterLibraryEntries:  thfpool version 1.01
[    0.9860] RegisterLibraryEntries:  thvpool version 1.01
[    0.9868] RegisterLibraryEntries:   vblank version 1.01
[    0.9873] RegisterLibraryEntries:    ioman version 1.02
[    0.9879] RegisterLibraryEntries:  modload version 1.01
[    0.9883] RegisterLibraryEntries:   romdrv version 2.01
[    0.9885] RegisterLibraryEntries:    stdio version 1.02
[    0.9888] RegisterLibraryEntries:   sifman version 1.01
[    0.9891] 
[    0.9892] PlayStation 2 ======== Hard reset boot
[    0.9894]  ROMGEN=2004-0614, IOP info (CPUID=1f, CACH_CONFIG=0, 2MB, IOP mode)
[    0.9895]  <20040614-100914,ROMconf,PS20200EC20040614.bin:11696>
[    0.9995] # Total accessable memory size: 32 MB (B:2:8:0) (370:2:7c30)
[    1.0004] # TLB spad=0 kernel=1:12 default=13:30 extended=31:38
[    1.0606] # Initialize Start.
[    1.0611] # Initialize GS ...
[    1.0611] # Initialize INTC ...
[    1.0612] # Initialize TIMER ...
[    1.0612] # Initialize DMAC ...
[    1.0613] # Initialize VU1 ...
[    1.0615] # Initialize VIF1 ...
[    1.0616] # Initialize GIF ...
[    1.0616] # Initialize VU0 ...
[    1.0618] # Initialize VIF0 ...
[    1.0618] # Initialize IPU ...
[    1.0619] # Initialize FPU ...
[    1.0619] # Initialize User Memory ...
[    1.1196] # Initialize Scratch Pad ...
[    1.1197] # Initialize Done.
[    1.1205] 
[    1.1205] EE DECI2 Manager version 0.06 Feb  6 2003 08:38:48
[    1.1205]   CPUID=2e20, BoardID=0, ROMGEN=2004-0614, 32M
[    1.1205] 
[    1.1208] RegisterLibraryEntries:   sifcmd version 1.01
[    1.1509] Initializing Elf: 4455708 bytes
[    1.1544] ELF Loading: host:vehicle-playground.elf, Game CRC = 255D8279, EntryPoint = 0x00100E78
[    1.1572] RegisterLibraryEntries:  cdvdman version 1.01
[    1.1607] Imported 823 symbols.
[    1.1638] RegisterLibraryEntries:  cdvdfsv version 1.01
[    1.1653] RegisterLibraryEntries:  secrman version 1.03
[    1.1654] RegisterLibraryEntries:   eesync version 1.01
[    1.1655] 
[    1.1655] IOP Realtime Kernel Ver.0.9.1
[    1.1655]     Copyright 1999 (C) Sony Computer Entertainment Inc. 
[    1.1661] Reboot service module.(99/11/10)
[    1.1683] cdvd driver module version 0.1.1 (C)SCEI
[    1.1688] Load File service.(99/11/05)
[    1.1688] Multi Threaded Fileio module.(99/11/15) 
[    1.1689] iop heap service (99/11/03)
[    1.1910] loadelf: fname host:vehicle-playground.elf secname all
[    1.1910] loadelf version 3.30
[    1.1929] Input ELF format filename = host:vehicle-playground.elf
[    1.2375] 1 00100000 003f3d3c ................................................................
[    1.2376] Loaded, host:vehicle-playground.elf
[    1.2377] start address 0x100e78
[    1.2377] gp address 00000000
[    1.2377] PINE: New client with FD 13 connected.
[    1.2381] PINE: Client disconnected.
[    1.2384] (VMManager) Pausing...
[    1.2385] (VMManager) Resuming...
[    1.2491] Failed to inhibit screen saver.
[    1.2491] EE/iR5900 Recompiler Reset
[    1.2648] # Restart Without Memory Clear.
[    1.2790] # Initialize GS ...
[    1.2791] # Initialize INTC ...
[    1.2791] # Initialize TIMER ...
[    1.2791] # Initialize DMAC ...
[    1.2792] # Initialize VU1 ...
[    1.2793] # Initialize VIF1 ...
[    1.2794] # Initialize GIF ...
[    1.2794] # Initialize VU0 ...
[    1.2796] # Initialize VIF0 ...
[    1.2796] # Initialize IPU ...
[    1.2797] # Initialize FPU ...
[    1.2798] # Initialize Scratch Pad ...
[    1.2798] # Restart Without Memory Clear Done.
[    1.2800] ELF host:vehicle-playground.elf with entry point at 0x00100E78 is executing.
[    1.2801] ELF changed, active CRC 255D8279 (host:vehicle-playground.elf)
[    1.2804] Applying core settings...
[    1.2804] Debugger Settings Manager: Failed to read Saved Addresses array from settings file: '/home/spider/pool2-static-a96-arm1-repeat2-20261005/profile/PCSX2/inis/debuggersettings/vehicle-playground_255D8279.json'
[    1.2805] Debugger Settings Manager: Failed to read Saved Addresses array from settings file: '/home/spider/pool2-static-a96-arm1-repeat2-20261005/profile/PCSX2/inis/debuggersettings/vehicle-playground_255D8279.json'
[    1.2809] Updating CPU configuration...
[    1.2809] iR3000A Recompiler reset.
[    1.3023] iR3000A Recompiler reset.
[    1.3085] EE/iR5900 Recompiler Reset
[    1.3221] (VMManager) Pausing...
[    1.3224] EE/iR5900 Recompiler Reset
[    1.3377] EE/iR5900 Recompiler Reset
[    1.3388] PINE: New client with FD 13 connected.
[    1.3391] PINE: Client disconnected.
[    1.3528] iR3000A Recompiler reset.
[    1.3566] EE/iR5900 Recompiler Reset
[    1.3711] iR3000A Recompiler reset.
[    1.3741] EE/iR5900 Recompiler Reset
[    1.3894] iR3000A Recompiler reset.
[    1.3925] EE/iR5900 Recompiler Reset
[    1.4099] iR3000A Recompiler reset.
[    1.4142] EE/iR5900 Recompiler Reset
[    1.4714] PINE: New client with FD 13 connected.
[    1.4717] OSD [SaveStateSlot140]: Saving state to slot 140...
[    1.5001]   Saving SPU2
[    1.5007]   Saving GS
[    1.6012] OSD [SaveStateSlot140]: Saved state to slot 140.
[    1.6013] Zipping save state to '/home/spider/pool2-static-a96-arm1-repeat2-20261005/profile/PCSX2/sstates/vehicle-playground (255D8279).140.p2s' took 94.78 ms
[    2.7459] PINE: Client disconnected.
[    3.2142] PINE: New client with FD 13 connected.
[    3.2201] (VMManager) Resuming...
[    3.2318] Failed to inhibit screen saver.
[    3.2332] BIOS: Successfully found the instruction pattern. Assuming the thread list is here: 8001a640
[    3.2358] Warning: GetOsdConfigParam2 Reading extended language/version configs, may be incorrect!
[    3.2463] read/write allocate memory 4000
[    3.2464] open name host:/ps2link.run flag 1 data 41378
[    3.2470] open fd = -5
[    3.2498] Get Reboot Request From EE
[    3.2511] R3000 Debugger: Branch to 0x890 (SYSMEM). Clearing modules.
[    3.2531] RegisterLibraryEntries: excepman version 1.01
[    3.2542] RegisterLibraryEntries:  intrman version 1.02
[    3.2543] RegisterLibraryEntries:   ssbusc version 1.01
[    3.2550] RegisterLibraryEntries:  dmacman version 1.02
[    3.2554] RegisterLibraryEntries:  timrman version 1.01
[    3.2559] RegisterLibraryEntries:  sysclib version 1.01
[    3.2560] RegisterLibraryEntries:    stdio version 1.01
[    3.2562] RegisterLibraryEntries:  heaplib version 1.01
[    3.2582] RegisterLibraryEntries:   thbase version 1.01
[    3.2583] RegisterLibraryEntries:  thevent version 1.01
[    3.2583] RegisterLibraryEntries:  thsemap version 1.01
[    3.2583] RegisterLibraryEntries:  thmsgbx version 1.01
[    3.2583] RegisterLibraryEntries:  thfpool version 1.01
[    3.2584] RegisterLibraryEntries:  thvpool version 1.01
[    3.2593] RegisterLibraryEntries:   vblank version 1.01
[    3.2598] RegisterLibraryEntries:    ioman version 1.02
[    3.2607] RegisterLibraryEntries:  modload version 1.01
[    3.2694] RegisterLibraryEntries:   romdrv version 2.01
[    3.2698] RegisterLibraryEntries:    stdio version 1.02
[    3.2703] RegisterLibraryEntries:   sifman version 1.01
[    3.2708] 
[    3.2708] PlayStation 2 ======== Soft reboot
[    3.2715] RegisterLibraryEntries:   sifcmd version 1.01
[    3.2749] RegisterLibraryEntries:  cdvdman version 1.01
[    3.2763] RegisterLibraryEntries:  cdvdfsv version 1.01
[    3.2837] RegisterLibraryEntries:  secrman version 1.03
[    3.2839] RegisterLibraryEntries:   eesync version 1.01
[    3.2841] 
[    3.2841] IOP Realtime Kernel Ver.0.9.1
[    3.2841]     Copyright 1999 (C) Sony Computer Entertainment Inc. 
[    3.2845] Reboot service module.(99/11/10)
[    3.2865] [EE] Skipping timeout loop at 0x002D2FB0 -> 0x002D2FD0
[    3.2866] cdvd driver module version 0.1.1 (C)SCEI
[    3.2869] Load File service.(99/11/05)
[    3.2869] Multi Threaded Fileio module.(99/11/15) 
[    3.2870] iop heap service (99/11/03)
[    3.3090] RegisterLibraryEntries:   iomanx version 1.01
[    3.3101] fileXio: fileXio: fileXio RPC Server v1.00
[    3.3101] Copyright (c) 2003 adresd
[    3.3104] RegisterLibraryEntries:  sio2man version 2.07
[    3.3105] RegisterLibraryEntries:  sio2man version 1.02
[    3.3112] RegisterLibraryEntries:   padman version 1.02
[    3.3113] Pad Driver for OSD
[    3.3117] FREESD v1.01
[    3.3117] RegisterLibraryEntries:    libsd version 1.04
[    3.3121] debug_level = 1 (ps2snd 0.1
[    3.3204] PINE: Client disconnected.
[    3.3241] greetings from version 0.93 !
[    3.3242] RegisterLibraryEntries:   audsrv version 1.04
[    3.3242] audsrv_adpcm_init()
[    3.3254] UpdateVSyncRate: Mode Changed to SDTV 480p.
[    3.3254] Frame rate: 59.94, target speed: 1, target frame rate: 59.94, ticks per frame: 16683350
[    3.3254] Set GS CRTC configuration. SDTV   720x480 @ 59.94 Progressive (FRAME)
[    5.3965] read/write allocate memory 4000
[    5.3968] 
[    5.3971] -----------------------------------------
[    5.3972]         _____        ____   ___
[    5.3972]           |     /   ____| |___|
[    5.3973]           |     |   |     |   |
[    5.3973] -----------------------------------------
[    5.3974] Copyright 2022
[    5.3974] Repository: https://github.com/h4570/tyra
[    5.3975] Licensed under Apache License 2.0
[    5.3979] Version: 2.2.0
[    5.3980] -----------------------------------------
[    5.3980] 
[    5.5632] audsrv_adpcm_init()
[    5.5642] [EE] Skipping timeout loop at 0x00102CB0 -> 0x00102CD0
[    5.5965] Curent pad(0,0) status: EXECCMD
[    5.7947] Pad: DS2 Config Finished - P1/S1 - AL: Off - AB: Usable - VS: Disabled - VL: Disabled - RB: D (0x00000000)
[    5.8293] Curent pad(0,0) status: EXECCMD
[    5.8947] Pad: DS2 Config Finished - P1/S1 - AL: On - AB: Locked - VS: Disabled - VL: Disabled - RB: D (0x00000000)
[    6.0945] Pad: DS2 Config Finished - P1/S1 - AL: On - AB: Locked - VS: Disabled - VL: Disabled - RB: D (0x00000000)
[    6.1292] Curent pad(0,0) status: EXECCMD
[    6.3972] Pad: DS2 Config Finished - P1/S1 - AL: On - AB: Locked - VS: Disabled - VL: Disabled - RB: D+A+P (0x0003FFFF)
[    6.5956] Pad: DS2 Config Finished - P1/S1 - AL: On - AB: Locked - VS: Disabled - VL: Disabled - RB: D+A+P (0x0003FFFF)
[    6.6319] open name host:/pool2-probe.cfg flag 1 data 41378
[    6.6332] open fd = 256
[    6.6383] open name host:/hud/flare-corona.png flag 1 data 41378
[    6.6402] open fd = 256
[    6.6604] LOG: POOL2PROBE_CONFIG arm=1 vertices=96 members=1 repeats=2 package=75 alpha=128
[    6.6615] FRAMEARENA allocated=1 bytes=1048576
[    6.6726] microVU1: Cached Prog = [000] [PC=18e0] [List=01] (Cache=0.000%) [0.0mb]
[    6.6735] microVU1: 3 cycle stall on branch instruction [1f78]
[    6.6745] microVU1: Cached Prog = [001] [PC=2480] [List=01] (Cache=0.246%) [0.1mb]
[    6.6753] microVU1: 3 cycle stall on branch instruction [1f78]
[    6.6871] LOG: POOL2PROBE_FRAME frame=1 cold=1 arm=1 eligible=2 applied=2 compared=2 mismatches=0
[    6.7010] LOG: POOL2PROBE_FRAME frame=2 cold=0 arm=1 eligible=2 applied=2 compared=2 mismatches=0
[    6.7010] LOG: POOL2PROBE_READY arm=1 vertices=96 repeats=2 completed=2 warmBypass=0
[    6.7011] (VMManager) Pausing...
[    6.7479] PINE: New client with FD 13 connected.
[    6.7482] PINE: Client disconnected.
[    6.8625] PINE: New client with FD 13 connected.
[    6.8628] OSD [SaveStateSlot165]: Saving state to slot 165...
[    6.8922]   Saving SPU2
[    6.8927]   Saving GS
[    6.9968] OSD [SaveStateSlot165]: Saved state to slot 165.
[    6.9968] Zipping save state to '/home/spider/pool2-static-a96-arm1-repeat2-20261005/profile/PCSX2/sstates/vehicle-playground (255D8279).165.p2s' took 98.53 ms
[    8.1518] PINE: Client disconnected.
