[    0.0161] Program Path: /home/spider/tyrax2-debugger-linux-v1/squashfs-root/usr/bin/pcsx2-qt
[    0.0161] AppRoot Directory: /home/spider/tyrax2-debugger-linux-v1/squashfs-root/usr/bin
[    0.0161] Resources Directory: /home/spider/tyrax2-debugger-linux-v1/squashfs-root/usr/bin/resources
[    0.0161] DataRoot Directory: /home/spider/night-ablation-emulator-pool-lattice-fog-order0-20261005/profile/PCSX2
[    0.0161] Loading config from /home/spider/night-ablation-emulator-pool-lattice-fog-order0-20261005/profile/PCSX2/inis/PCSX2.ini.
[    0.0164] Loading secrets from /home/spider/night-ablation-emulator-pool-lattice-fog-order0-20261005/profile/PCSX2/inis/secrets.ini.
[    0.0168] BIOS Directory: /mnt/c/Users/pawel/OneDrive/Documents/PCSX2/bios
[    0.0168] Snapshots Directory: /home/spider/night-ablation-emulator-pool-lattice-fog-order0-20261005/profile/PCSX2/snaps
[    0.0168] Savestates Directory: /home/spider/night-ablation-emulator-pool-lattice-fog-order0-20261005/profile/PCSX2/sstates
[    0.0168] MemoryCards Directory: /home/spider/night-ablation-emulator-pool-lattice-fog-order0-20261005/profile/PCSX2/memcards
[    0.0168] Logs Directory: /home/spider/night-ablation-emulator-pool-lattice-fog-order0-20261005/profile/PCSX2/logs
[    0.0168] Cheats Directory: /home/spider/night-ablation-emulator-pool-lattice-fog-order0-20261005/profile/PCSX2/cheats
[    0.0168] Patches Directory: /home/spider/night-ablation-emulator-pool-lattice-fog-order0-20261005/profile/PCSX2/patches
[    0.0168] Covers Directory: /home/spider/night-ablation-emulator-pool-lattice-fog-order0-20261005/profile/PCSX2/covers
[    0.0168] Game Settings Directory: /home/spider/night-ablation-emulator-pool-lattice-fog-order0-20261005/profile/PCSX2/gamesettings
[    0.0168] Resources Directory: /home/spider/tyrax2-debugger-linux-v1/squashfs-root/usr/bin/resources
[    0.0168] User Resources Directory: /home/spider/night-ablation-emulator-pool-lattice-fog-order0-20261005/profile/PCSX2/resources
[    0.0168] Cache Directory: /home/spider/night-ablation-emulator-pool-lattice-fog-order0-20261005/profile/PCSX2/cache
[    0.0168] Textures Directory: /home/spider/night-ablation-emulator-pool-lattice-fog-order0-20261005/profile/PCSX2/textures
[    0.0168] Input Profile Directory: /home/spider/night-ablation-emulator-pool-lattice-fog-order0-20261005/profile/PCSX2/inputprofiles
[    0.0168] Video Dumping Directory: /home/spider/night-ablation-emulator-pool-lattice-fog-order0-20261005/profile/PCSX2/videos
[    0.0168] Debugger Layouts Directory: /home/spider/night-ablation-emulator-pool-lattice-fog-order0-20261005/profile/PCSX2/inis/debuggerlayouts
[    0.0168] Debugger Settings Directory: /home/spider/night-ablation-emulator-pool-lattice-fog-order0-20261005/profile/PCSX2/inis/debuggersettings
[    0.0326] Loaded translation file for language en-US
[    0.0396] PCSX2 v2.9.93
[    0.0396] Savestate version: 0x9a590000
[    0.0396] 
[    0.0396] 
[    0.0396] Host Machine Init:
[    0.0397]   Operating System = Ubuntu 22.04
[    0.0397]   Available RAM    = 49092 MB (47.94 GB)
[    0.0397]   Physical RAM     = 50191 MB (49.02 GB)
[    0.0397] 
[    0.0397]   Processor        = AMD Ryzen Threadripper 1920X
[    0.0398]   Core Count       = 24 cores
[    0.0398]   Thread Count     = 24 threads
[    0.0398]   Cluster Count    = 1 clusters
[    0.0398] CPU Extensions Detected:
[    0.0398]   AVX AVX2
[    0.0398] 
[    0.0398] Allocating host memory for virtual systems...
[    0.0401]   EE Main Memory                   @ 0x00007F758B200000 -> 0x00007F7594100000 [143mb]
[    0.0401]   IOP Main Memory                  @ 0x00007F7594100000 -> 0x00007F759C200000 [129mb]
[    0.0401]   VU0/1 On-Chip Memory             @ 0x00007F759C200000 -> 0x00007F759C300000 [1mb]
[    0.0401]   VTLB Virtual Map                 @ 0x00007F759C300000 -> 0x00007F759CB00000 [8mb]
[    0.0401]   VTLB Address Map                 @ 0x00007F759CB00000 -> 0x00007F759CF00000 [4mb]
[    0.0401]   R5900 Recompiler Cache           @ 0x00007F759CF00000 -> 0x00007F75A0F00000 [64mb]
[    0.0401]   R3000A Recompiler Cache          @ 0x00007F75A0F00000 -> 0x00007F75A2F00000 [32mb]
[    0.0401]   Micro VU0 Recompiler Cache       @ 0x00007F75A3F00000 -> 0x00007F75A7F00000 [64mb]
[    0.0401]   Micro VU1 Recompiler Cache       @ 0x00007F75A7F00000 -> 0x00007F75ABF00000 [64mb]
[    0.0401]   VIF0 Unpack Recompiler Cache     @ 0x00007F75A2F00000 -> 0x00007F75A3700000 [8mb]
[    0.0401]   VIF1 Unpack Recompiler Cache     @ 0x00007F75A3700000 -> 0x00007F75A3F00000 [8mb]
[    0.0402]   VIF Unpack Recompiler Cache      @ 0x00007F75ABF00000 -> 0x00007F75AC000000 [1mb]
[    0.0402]   GS Software Renderer             @ 0x00007F75AC000000 -> 0x00007F75B0000000 [64mb]
[    0.0420] Fastmem area: 0x7f748b200000 - 0x7f758b1fffff
[    0.0436] Generating SSE-optimized unpacking functions for VIF interpreters...
[    0.0439] Unpack function generation complete.  Generated function statistics:
[    0.0439]   Reserved buffer    : 1048576 bytes @ 0x00007F75ABF00000
[    0.0439]   x86 code generated : 7422 bytes
[    0.0439] 
[    0.0442] SDLInputSource: Using Controller DB from resources.
[    0.0626] SDLInputSource: 765 gamepad mappings are loaded.
[    0.0628] Invalid binding: 'XInput-0/DPadUp'
[    0.0628] Invalid binding: 'XInput-0/DPadRight'
[    0.0628] Invalid binding: 'XInput-0/DPadDown'
[    0.0628] Invalid binding: 'XInput-0/DPadLeft'
[    0.0628] Invalid binding: 'XInput-0/Y'
[    0.0628] Invalid binding: 'XInput-0/B'
[    0.0628] Invalid binding: 'XInput-0/A'
[    0.0628] Invalid binding: 'XInput-0/X'
[    0.0628] Invalid binding: 'XInput-0/Back'
[    0.0628] Invalid binding: 'XInput-0/Start'
[    0.0628] Invalid binding: 'XInput-0/LeftShoulder'
[    0.0628] Invalid binding: 'XInput-0/+LeftTrigger'
[    0.0628] Invalid binding: 'XInput-0/RightShoulder'
[    0.0628] Invalid binding: 'XInput-0/+RightTrigger'
[    0.0628] Invalid binding: 'XInput-0/LeftStick'
[    0.0628] Invalid binding: 'XInput-0/RightStick'
[    0.0629] Invalid binding: 'XInput-0/Guide'
[    0.0629] Invalid binding: 'XInput-0/-LeftY'
[    0.0629] Invalid binding: 'XInput-0/+LeftX'
[    0.0629] Invalid binding: 'XInput-0/+LeftY'
[    0.0629] Invalid binding: 'XInput-0/-LeftX'
[    0.0629] Invalid binding: 'XInput-0/-RightY'
[    0.0629] Invalid binding: 'XInput-0/+RightX'
[    0.0629] Invalid binding: 'XInput-0/+RightY'
[    0.0629] Invalid binding: 'XInput-0/-RightX'
[    0.0635] Settings: Advanced Settings are enabled; only proceed if you know what you're doing! No support will be provided if you have the option enabled.
[    0.1117] Scanning F:\PS2\Games (recursively)
[    0.1156] Loading BIOS...
[    0.1276] BIOS Found: Europe  v02.00(14/06/2004)  Console 20040614-100914
[    0.1824] Mechacon version: 0x00020603
[    0.1839] Opening CDVD...
[    0.2149] Initializing Elf: 4490620 bytes
[    0.2160] Disc changed to .
[    0.2161]   Name: vehicle-playground [?]
[    0.2161]   Serial: vehicle-playground
[    0.2161]   Version: 
[    0.2161]   CRC: A00FF65E
[    0.2161] No game settings found (tried '/home/spider/night-ablation-emulator-pool-lattice-fog-order0-20261005/profile/PCSX2/gamesettings/A00FF65E.ini')
[    0.2161] Applying settings...
[    0.2164] Invalid binding: 'XInput-0/DPadUp'
[    0.2164] Invalid binding: 'XInput-0/DPadRight'
[    0.2164] Invalid binding: 'XInput-0/DPadDown'
[    0.2164] Invalid binding: 'XInput-0/DPadLeft'
[    0.2164] Invalid binding: 'XInput-0/Y'
[    0.2164] Invalid binding: 'XInput-0/B'
[    0.2164] Invalid binding: 'XInput-0/A'
[    0.2164] Invalid binding: 'XInput-0/X'
[    0.2165] Invalid binding: 'XInput-0/Back'
[    0.2165] Invalid binding: 'XInput-0/Start'
[    0.2165] Invalid binding: 'XInput-0/LeftShoulder'
[    0.2165] Invalid binding: 'XInput-0/+LeftTrigger'
[    0.2165] Invalid binding: 'XInput-0/RightShoulder'
[    0.2165] Invalid binding: 'XInput-0/+RightTrigger'
[    0.2165] Invalid binding: 'XInput-0/LeftStick'
[    0.2165] Invalid binding: 'XInput-0/RightStick'
[    0.2165] Invalid binding: 'XInput-0/Guide'
[    0.2165] Invalid binding: 'XInput-0/-LeftY'
[    0.2165] Invalid binding: 'XInput-0/+LeftX'
[    0.2165] Invalid binding: 'XInput-0/+LeftY'
[    0.2166] Invalid binding: 'XInput-0/-LeftX'
[    0.2166] Invalid binding: 'XInput-0/-RightY'
[    0.2166] Invalid binding: 'XInput-0/+RightX'
[    0.2166] Invalid binding: 'XInput-0/+RightY'
[    0.2166] Invalid binding: 'XInput-0/-RightX'
[    0.2168] GameDB: Has not been initialized yet, initializing...
[    0.2665] GameDB: 12841 games on record (loaded in 49.75ms)
[    0.2691] Reopening memory cards...
[    0.2691] (FileMcd) Creating new 8MB memory card: /home/spider/night-ablation-emulator-pool-lattice-fog-order0-20261005/profile/PCSX2/memcards/Mcd001.ps2
[    0.2790] McdSlot 0 [File]: Mcd001.ps2 [8 MB, UNFORMATTED]
[    0.2791] McdSlot 1 [File]: [disabled/empty filename]
[    0.2855] HLE Host: Set 'host:' root path to: /mnt/f/Projects/tyrax2-lab-20261001/wild-pool-lattice-physical-v7/game/bin
[    0.2861] EE/iR5900 Recompiler Reset
[    0.3332] iR3000A Recompiler reset.
[    0.3441] mVU Reset
[    0.3447] mVU Reset
[    0.3498] Resetting host memory for virtual systems...
[    0.5949] Time Zone Offset: GMT+01:00
[    0.5949] Time Zone Location: Berlin
[    0.5949] DST: Winter Time
[    0.5949] Time Format: 24-Hour
[    0.5949] Date Format: DD/MM/YYYY
[    0.5949] System Time Basis: Operating System Time
[    0.5949] Resulting System Time: 2026-10-05 13:59:07
[    0.5949] Close virtual disk tray
[    0.5950] Media already loaded (fast boot)
[    0.5950] Opening GS...
[    0.6336] VK: Enabling extension: VK_KHR_get_surface_capabilities2
[    0.6449] Using Vulkan GPU 'llvmpipe (LLVM 15.0.7, 256 bits)' for automatic renderer check.
[    0.6449] Not using Vulkan for software renderer.
[    0.6451] acquireRenderWindow() recreate=true fullscreen=false render_to_main=false surfaceless=false
[    0.6497] (GetRefreshRateFromXRandR) Modeline is invalid: 0/0/0
[    0.6498] Surface refresh rate: 60 Hz
[    0.6499] Loading EGL from libEGL.so...
[    0.6512] GLAD EGL Version: 1.0
[    0.6512] Using EGL platform EGL_EXT_platform_x11.
[    0.6596] eglInitialize() version: 1.5
[    0.6597] GLAD EGL Version: 1.5
[    0.6597] Trying GL version 4.6
[    0.6598] eglCreateContext() failed: 0x3009
[    0.6598] Trying GL version 4.5
[    0.6709] Got GL version 4.5
[    0.6709] EGL_MIN_SWAP_INTERVAL = 1
[    0.6709] EGL_MAX_SWAP_INTERVAL = 1
[    0.6709] Negative swap interval/tear-control is NOT supported
[    0.6734] GL_VENDOR: Mesa
[    0.6734] GL_VERSION: 4.5 (Core Profile) Mesa 23.2.1-1ubuntu3.1~22.04.4
[    0.6734] GL_RENDERER: llvmpipe (LLVM 15.0.7, 256 bits)
[    0.6734] GL_SHADING_LANGUAGE_VERSION: 4.50
[    0.6735] GL_MAX_VERTEX_SHADER_STORAGE_BLOCKS: 16
[    0.6735] GL: Viewport Array:            Supported       => Using: GL_ARB_viewport_array
[    0.6735] GL: Direct State Access:       Supported       => Using: OpenGL 4.5 Core
[    0.6735] GL: Copy Image:                Supported       => Using: OpenGL 4.3 Core
[    0.6735] GL: Clip Control:              Supported       => Using: OpenGL 4.5 Core
[    0.6735] GL: Conservative Depth:        Supported       => Using: OpenGL 4.2 Core
[    0.6735] GL: CAS Sharpening:            Supported       => Using: OpenGL 4.2 Core
[    0.6735] GL: Texture Barriers:          Auto            => Using: Framebuffer Fetch
[    0.6735] GL: RGBA16 HW Blending:        Supported       => Using: RGBA16 UNORM
[    0.6735] GL: Point Expansion:           Supported       => Using: Hardware
[    0.6735] GL: Line Expansion:            Fallback        => Using: Vertex Expansion
[    0.6735] GL: Sprite Expansion:          Supported       => Using: Vertex Expansion
[    0.6735] GL: DXTn Texture Compression:  Supported       => Using: GL_EXT_texture_compression_s3tc
[    0.6735] GL: BC6/7 Texture Compression: Supported       => Using: OpenGL 4.2 Core
[    0.6756] 1 program binary formats supported by driver
[    0.7122] Program binary retrieved, 4105 bytes, format 34655
[    0.7126] Program binary retrieved, 4121 bytes, format 34655
[    0.7130] Program binary retrieved, 4249 bytes, format 34655
[    0.7134] Program binary retrieved, 4013 bytes, format 34655
[    0.7137] Program binary retrieved, 4013 bytes, format 34655
[    0.7141] Program binary retrieved, 4017 bytes, format 34655
[    0.7145] Program binary retrieved, 4017 bytes, format 34655
[    0.7148] Program binary retrieved, 4185 bytes, format 34655
[    0.7152] Program binary retrieved, 4217 bytes, format 34655
[    0.7156] Program binary retrieved, 4137 bytes, format 34655
[    0.7160] Program binary retrieved, 4125 bytes, format 34655
[    0.7164] Program binary retrieved, 4121 bytes, format 34655
[    0.7169] Program binary retrieved, 4253 bytes, format 34655
[    0.7175] Program binary retrieved, 4237 bytes, format 34655
[    0.7180] Program binary retrieved, 4245 bytes, format 34655
[    0.7183] Program binary retrieved, 4261 bytes, format 34655
[    0.7188] Program binary retrieved, 4965 bytes, format 34655
[    0.7193] Program binary retrieved, 4981 bytes, format 34655
[    0.7196] Program binary retrieved, 4261 bytes, format 34655
[    0.7200] Program binary retrieved, 4277 bytes, format 34655
[    0.7205] Program binary retrieved, 5005 bytes, format 34655
[    0.7210] Program binary retrieved, 5021 bytes, format 34655
[    0.7215] Program binary retrieved, 4257 bytes, format 34655
[    0.7219] Program binary retrieved, 4273 bytes, format 34655
[    0.7225] Program binary retrieved, 5001 bytes, format 34655
[    0.7230] Program binary retrieved, 5017 bytes, format 34655
[    0.7237] Program binary retrieved, 4277 bytes, format 34655
[    0.7241] Program binary retrieved, 4293 bytes, format 34655
[    0.7246] Program binary retrieved, 5057 bytes, format 34655
[    0.7251] Program binary retrieved, 5073 bytes, format 34655
[    0.7255] Program binary retrieved, 4153 bytes, format 34655
[    0.7259] Program binary retrieved, 4169 bytes, format 34655
[    0.7263] Program binary retrieved, 4233 bytes, format 34655
[    0.7268] Program binary retrieved, 5781 bytes, format 34655
[    0.7274] Program binary retrieved, 5373 bytes, format 34655
[    0.7279] Program binary retrieved, 6389 bytes, format 34655
[    0.7284] Program binary retrieved, 4917 bytes, format 34655
[    0.7288] Program binary retrieved, 4845 bytes, format 34655
[    0.7293] Program binary retrieved, 4997 bytes, format 34655
[    0.7298] Program binary retrieved, 4101 bytes, format 34655
[    0.7329] Program binary retrieved, 4137 bytes, format 34655
[    0.7362] Program binary retrieved, 4109 bytes, format 34655
[    0.7367] Program binary retrieved, 5389 bytes, format 34655
[    0.7371] Program binary retrieved, 5829 bytes, format 34655
[    0.7375] Program binary retrieved, 5857 bytes, format 34655
[    0.7378] Program binary retrieved, 4289 bytes, format 34655
[    0.7405] Program binary retrieved, 21205 bytes, format 34655
[    0.7410] Program binary retrieved, 4765 bytes, format 34655
[    0.7414] Program binary retrieved, 5685 bytes, format 34655
[    0.7418] Program binary retrieved, 4141 bytes, format 34655
[    0.7421] Program binary retrieved, 4537 bytes, format 34655
[    0.7427] Program binary retrieved, 4889 bytes, format 34655
[    0.7431] Program binary retrieved, 4117 bytes, format 34655
[    0.7434] Program binary retrieved, 4741 bytes, format 34655
[    0.7438] Program binary retrieved, 4965 bytes, format 34655
[    0.7444] Program binary retrieved, 6613 bytes, format 34655
[    0.7447] Program binary retrieved, 4797 bytes, format 34655
[    0.7464] Program binary retrieved, 13085 bytes, format 34655
[    0.7529] Program binary retrieved, 7285 bytes, format 34655
[    0.7588] Program binary retrieved, 5497 bytes, format 34655
[    0.7591] Program binary retrieved, 4141 bytes, format 34655
[    0.7594] Program binary retrieved, 4141 bytes, format 34655
[    0.7599] Program binary retrieved, 4145 bytes, format 34655
[    0.7603] Program binary retrieved, 4145 bytes, format 34655
[    0.8095] Program binary retrieved, 5369 bytes, format 34655
[    0.8110] OpenGL Graphics Driver Info:
[    0.8111] OpenGL Context:
[    0.8111] 4.5 (Core Profile) Mesa 23.2.1-1ubuntu3.1~22.04.4
[    0.8111] Mesa llvmpipe (LLVM 15.0.7, 256 bits)
[    0.8111] GLSL: 4.50
[    0.8141] Processor count: 24 cores, 24 processors, 1 clusters
[    0.8142] Ordered processor list: 12, 23, 22, 21, 20, 19, 18, 17, 16, 15, 14, 13, 0, 11, 10, 9, 8, 7, 6, 5, 4, 3, 2, 1
[    0.8142] Not pinning SW threads, we need 4 processors, but only have 0
[    0.8146] Opening SPU2...
[    0.8148] Creating Null audio stream, sample rate = 48000, expansion = Disabled, buffer = 50, latency = 32, stretching enabled, driver = wasapi, device = 
[    0.8148] Allocated buffer of 2432 frames for buffer of 50 ms [expansion Disabled (block size 2048), stretch disabled, target size 2432].
[    0.8148] Initializing Pad...
[    0.8148] Initializing SIO2...
[    0.8149] Initializing SIO0...
[    0.8149] Opening DEV9...
[    0.8149] DEV9: DEV9init
[    0.8155] DEV9: DEV9init2
[    0.8155] DEV9: DEV9init3
[    0.8193] DEV9: DEV9init ok
[    0.8193] DEV9: DEV9open
[    0.8193] Opening USB...
[    0.8193] Opening FW...
[    0.8196] Frame rate: 59.94, target speed: 1, target frame rate: 59.94, ticks per frame: 16683350
[    0.8237] VM subsystems initialized in 708.41 ms
[    0.8264] MultiPause time: 142ns
[    0.8265] MultiPause time: 142ns
[    0.8266] MultiPause time: 159ns
[    0.8267] MultiPause time: 142ns
[    0.8339] Failed to inhibit screen saver.
[    0.8339] Processor order assignment: EE=12, VU=23, GS=22
[    0.8339]   EE thread is on processor 12 (0x1000)
[    0.8340]   VU thread is on processor 23 (0x800000)
[    0.8340]   GS thread is on processor 22 (0x400000)
[    0.8431] Failed to inhibit screen saver.
[    0.8689] # Initialize memory (rev:3.70, ctm:197Mhz, cpuclk:147Mhz detected)
[    0.8775] R3000 Debugger: Branch to 0x890 (SYSMEM). Clearing modules.
[    0.8790] RegisterLibraryEntries: excepman version 1.01
[    0.8801] RegisterLibraryEntries:  intrman version 1.02
[    0.8802] RegisterLibraryEntries:   ssbusc version 1.01
[    0.8806] RegisterLibraryEntries:  dmacman version 1.02
[    0.8810] RegisterLibraryEntries:  timrman version 1.01
[    0.8812] RegisterLibraryEntries:  sysclib version 1.01
[    0.8813] RegisterLibraryEntries:    stdio version 1.01
[    0.8814] RegisterLibraryEntries:  heaplib version 1.01
[    0.8818] FW: read mem 0x1f80847c: 0x10000001
[    0.8818] FW: write mem 0x1f808414: 0x417f0000
[    0.8818] FW: read mem 0x1f808400: 0xffc00001
[    0.8818] FW: write mem 0x1f80844c: 0xffffffff
[    0.8818] FW: write mem 0x1f808420: 0xffffffff
[    0.8818] FW: write mem 0x1f808428: 0xffffffff
[    0.8818] FW: write mem 0x1f808430: 0xffffffff
[    0.8828] RegisterLibraryEntries:   thbase version 1.01
[    0.8829] RegisterLibraryEntries:  thevent version 1.01
[    0.8830] RegisterLibraryEntries:  thsemap version 1.01
[    0.8830] RegisterLibraryEntries:  thmsgbx version 1.01
[    0.8831] RegisterLibraryEntries:  thfpool version 1.01
[    0.8831] RegisterLibraryEntries:  thvpool version 1.01
[    0.8838] RegisterLibraryEntries:   vblank version 1.01
[    0.8844] RegisterLibraryEntries:    ioman version 1.02
[    0.8851] RegisterLibraryEntries:  modload version 1.01
[    0.8854] RegisterLibraryEntries:   romdrv version 2.01
[    0.8856] RegisterLibraryEntries:    stdio version 1.02
[    0.8860] RegisterLibraryEntries:   sifman version 1.01
[    0.8863] 
[    0.8863] PlayStation 2 ======== Hard reset boot
[    0.8866]  ROMGEN=2004-0614, IOP info (CPUID=1f, CACH_CONFIG=0, 2MB, IOP mode)
[    0.8868]  <20040614-100914,ROMconf,PS20200EC20040614.bin:11696>
[    0.8970] # Total accessable memory size: 32 MB (B:2:8:0) (370:2:7c30)
[    0.8980] # TLB spad=0 kernel=1:12 default=13:30 extended=31:38
[    0.9626] # Initialize Start.
[    0.9632] # Initialize GS ...
[    0.9632] # Initialize INTC ...
[    0.9632] # Initialize TIMER ...
[    0.9632] # Initialize DMAC ...
[    0.9634] # Initialize VU1 ...
[    0.9638] # Initialize VIF1 ...
[    0.9639] # Initialize GIF ...
[    0.9639] # Initialize VU0 ...
[    0.9640] # Initialize VIF0 ...
[    0.9641] # Initialize IPU ...
[    0.9642] # Initialize FPU ...
[    0.9643] # Initialize User Memory ...
[    1.0251] # Initialize Scratch Pad ...
[    1.0251] # Initialize Done.
[    1.0260] 
[    1.0260] EE DECI2 Manager version 0.06 Feb  6 2003 08:38:48
[    1.0260]   CPUID=2e20, BoardID=0, ROMGEN=2004-0614, 32M
[    1.0260] 
[    1.0263] RegisterLibraryEntries:   sifcmd version 1.01
[    1.0582] Initializing Elf: 4490620 bytes
[    1.0611] ELF Loading: host:vehicle-playground.elf, Game CRC = A00FF65E, EntryPoint = 0x00100E78
[    1.0642] RegisterLibraryEntries:  cdvdman version 1.01
[    1.0701] RegisterLibraryEntries:  cdvdfsv version 1.01
[    1.0716] RegisterLibraryEntries:  secrman version 1.03
[    1.0717] RegisterLibraryEntries:   eesync version 1.01
[    1.0718] 
[    1.0718] IOP Realtime Kernel Ver.0.9.1
[    1.0719]     Copyright 1999 (C) Sony Computer Entertainment Inc. 
[    1.0726] Reboot service module.(99/11/10)
[    1.0747] cdvd driver module version 0.1.1 (C)SCEI
[    1.0752] Load File service.(99/11/05)
[    1.0752] Multi Threaded Fileio module.(99/11/15) 
[    1.0753] iop heap service (99/11/03)
[    1.0888] loadelf: fname host:vehicle-playground.elf secname all
[    1.0889] loadelf version 3.30
[    1.0914] Input ELF format filename = host:vehicle-playground.elf
[    1.1422] 1 00100000 003fc4bc ................................................................
[    1.1422] Loaded, host:vehicle-playground.elf
[    1.1423] start address 0x100e78
[    1.1423] gp address 00000000
[    1.1434] # Restart Without Memory Clear.
[    1.1541] # Initialize GS ...
[    1.1541] # Initialize INTC ...
[    1.1541] # Initialize TIMER ...
[    1.1541] # Initialize DMAC ...
[    1.1542] # Initialize VU1 ...
[    1.1544] # Initialize VIF1 ...
[    1.1544] # Initialize GIF ...
[    1.1544] # Initialize VU0 ...
[    1.1545] # Initialize VIF0 ...
[    1.1545] # Initialize IPU ...
[    1.1545] # Initialize FPU ...
[    1.1545] # Initialize Scratch Pad ...
[    1.1545] # Restart Without Memory Clear Done.
[    1.1546] ELF host:vehicle-playground.elf with entry point at 0x00100E78 is executing.
[    1.1546] ELF changed, active CRC A00FF65E (host:vehicle-playground.elf)
[    1.1549] Applying core settings...
[    1.1553] Updating CPU configuration...
[    1.1553] iR3000A Recompiler reset.
[    1.1589] mVU Reset
[    1.1594] mVU Reset
[    1.1772] iR3000A Recompiler reset.
[    1.1803] mVU Reset
[    1.1804] mVU Reset
[    1.1839] EE/iR5900 Recompiler Reset
[    1.2010] BIOS: Successfully found the instruction pattern. Assuming the thread list is here: 8001a640
[    1.2035] Warning: GetOsdConfigParam2 Reading extended language/version configs, may be incorrect!
[    1.2136] read/write allocate memory 4000
[    1.2137] open name host:/ps2link.run flag 1 data 41378
[    1.2140] open fd = -5
[    1.2175] Get Reboot Request From EE
[    1.2188] R3000 Debugger: Branch to 0x890 (SYSMEM). Clearing modules.
[    1.2207] RegisterLibraryEntries: excepman version 1.01
[    1.2218] RegisterLibraryEntries:  intrman version 1.02
[    1.2219] RegisterLibraryEntries:   ssbusc version 1.01
[    1.2225] RegisterLibraryEntries:  dmacman version 1.02
[    1.2231] RegisterLibraryEntries:  timrman version 1.01
[    1.2235] RegisterLibraryEntries:  sysclib version 1.01
[    1.2236] RegisterLibraryEntries:    stdio version 1.01
[    1.2237] RegisterLibraryEntries:  heaplib version 1.01
[    1.2259] RegisterLibraryEntries:   thbase version 1.01
[    1.2259] RegisterLibraryEntries:  thevent version 1.01
[    1.2260] RegisterLibraryEntries:  thsemap version 1.01
[    1.2260] RegisterLibraryEntries:  thmsgbx version 1.01
[    1.2260] RegisterLibraryEntries:  thfpool version 1.01
[    1.2261] RegisterLibraryEntries:  thvpool version 1.01
[    1.2270] RegisterLibraryEntries:   vblank version 1.01
[    1.2275] RegisterLibraryEntries:    ioman version 1.02
[    1.2285] RegisterLibraryEntries:  modload version 1.01
[    1.2343] RegisterLibraryEntries:   romdrv version 2.01
[    1.2346] RegisterLibraryEntries:    stdio version 1.02
[    1.2351] RegisterLibraryEntries:   sifman version 1.01
[    1.2355] 
[    1.2355] PlayStation 2 ======== Soft reboot
[    1.2363] RegisterLibraryEntries:   sifcmd version 1.01
[    1.2398] RegisterLibraryEntries:  cdvdman version 1.01
[    1.2413] RegisterLibraryEntries:  cdvdfsv version 1.01
[    1.2474] RegisterLibraryEntries:  secrman version 1.03
[    1.2476] RegisterLibraryEntries:   eesync version 1.01
[    1.2477] 
[    1.2477] IOP Realtime Kernel Ver.0.9.1
[    1.2477]     Copyright 1999 (C) Sony Computer Entertainment Inc. 
[    1.2482] Reboot service module.(99/11/10)
[    1.2503] [EE] Skipping timeout loop at 0x002D9ED0 -> 0x002D9EF0
[    1.2503] cdvd driver module version 0.1.1 (C)SCEI
[    1.2507] Load File service.(99/11/05)
[    1.2507] Multi Threaded Fileio module.(99/11/15) 
[    1.2507] iop heap service (99/11/03)
[    1.2722] RegisterLibraryEntries:   iomanx version 1.01
[    1.2735] fileXio: fileXio: fileXio RPC Server v1.00
[    1.2735] Copyright (c) 2003 adresd
[    1.2737] RegisterLibraryEntries:  sio2man version 2.07
[    1.2738] RegisterLibraryEntries:  sio2man version 1.02
[    1.2744] RegisterLibraryEntries:   padman version 1.02
[    1.2746] Pad Driver for OSD
[    1.2749] FREESD v1.01
[    1.2750] RegisterLibraryEntries:    libsd version 1.04
[    1.2873] debug_level = 1 (ps2snd 0.1
[    1.2880] greetings from version 0.93 !
[    1.2880] RegisterLibraryEntries:   audsrv version 1.04
[    1.2880] audsrv_adpcm_init()
[    1.2891] UpdateVSyncRate: Mode Changed to SDTV 480p.
[    1.2891] Frame rate: 59.94, target speed: 1, target frame rate: 59.94, ticks per frame: 16683350
[    1.2892] Set GS CRTC configuration. SDTV   720x480 @ 59.94 Progressive (FRAME)
[    3.3603] read/write allocate memory 4000
[    3.3606] 
[    3.3609] -----------------------------------------
[    3.3610]         _____        ____   ___
[    3.3610]           |     /   ____| |___|
[    3.3611]           |     |   |     |   |
[    3.3611] -----------------------------------------
[    3.3612] Copyright 2022
[    3.3612] Repository: https://github.com/h4570/tyra
[    3.3613] Licensed under Apache License 2.0
[    3.3617] Version: 2.2.0
[    3.3618] -----------------------------------------
[    3.3618] 
[    3.5267] audsrv_adpcm_init()
[    3.5276] [EE] Skipping timeout loop at 0x00102CB0 -> 0x00102CD0
[    3.5601] Curent pad(0,0) status: EXECCMD
[    3.7580] Pad: DS2 Config Finished - P1/S1 - AL: Off - AB: Usable - VS: Disabled - VL: Disabled - RB: D (0x00000000)
[    3.7941] Curent pad(0,0) status: EXECCMD
[    3.8584] Pad: DS2 Config Finished - P1/S1 - AL: On - AB: Locked - VS: Disabled - VL: Disabled - RB: D (0x00000000)
[    4.0588] Pad: DS2 Config Finished - P1/S1 - AL: On - AB: Locked - VS: Disabled - VL: Disabled - RB: D (0x00000000)
[    4.0932] Curent pad(0,0) status: EXECCMD
[    4.3585] Pad: DS2 Config Finished - P1/S1 - AL: On - AB: Locked - VS: Disabled - VL: Disabled - RB: D+A+P (0x0003FFFF)
[    4.5585] Pad: DS2 Config Finished - P1/S1 - AL: On - AB: Locked - VS: Disabled - VL: Disabled - RB: D+A+P (0x0003FFFF)
[    4.5957] open name host:/night-ablation.cfg flag 1 data 41378
[    4.5971] open fd = 256
[    4.6008] open name host:/night-ablation.log flag 602 data 41378
[    4.6034] open fd = 256
[    4.6094] loadmodule: fname rom0:XMCMAN args 0 arg 
[    4.6188] RegisterLibraryEntries:    mcman version 2.03
[    4.6197] loadmodule: id 32, ret 0
[    4.6198] loadmodule: fname rom0:XMCSERV args 0 arg 
[    4.6201] RegisterLibraryEntries:   mcserv version 1.01
[    4.6202] loadmodule: id 33, ret 0
[    4.6203] [EE] Skipping timeout loop at 0x00104820 -> 0x00104840
[    4.9948] (FileMcd) Warning: checksum sector overwritten. (0)
[    4.9949] OSD [MemoryCardSave0]: Memory Card 'Mcd001.ps2' was saved to storage.
[    5.4618] (FileMcd) Warning: checksum sector overwritten. (0)
[    5.5669] open name host:/save/icon.sys flag 1 data 41378
[    5.5692] open fd = 257
[    5.6491] open name host:/save/list.icn flag 1 data 41378
[    5.6509] open fd = 257
[    5.8181] open name host:/menus/save.png flag 1 data 41378
[    5.8201] open fd = 257
[    5.8634] open name host:/hud/save-cursor.png flag 1 data 41378
[    5.8655] open fd = 257
[    5.8681] open name host:/hud/save-used.png flag 1 data 41378
[    5.8697] open fd = 257
[    5.8731] open name host:/hud/save-saved.png flag 1 data 41378
[    5.8749] open fd = 257
[    5.8850] open name host:/hud/save-loaded.png flag 1 data 41378
[    5.8869] open fd = 257
[    5.8899] open name host:/hud/save-error.png flag 1 data 41378
[    5.8915] open fd = 257
[    5.8944] open name host:/hud/save-busy.png flag 1 data 41378
[    5.8961] open fd = 257
[    5.9283] open name host:/hud/save-spinner.png flag 1 data 41378
[    5.9304] open fd = 257
[    5.9351] open name host:/menus/save.png flag 1 data 41378
[    5.9368] open fd = 257
[    5.9790] open name host:/menus/district-pause.png flag 1 data 41378
[    5.9806] open fd = 257
[    6.0115] open name host:/menus/district-pause-values.png flag 1 data 41378
[    6.0137] open fd = 257
[    6.0177] open name host:/hud/save-cursor.png flag 1 data 41378
[    6.0196] open fd = 257
[    6.0221] open name host:/hud/save-cursor.png flag 1 data 41378
[    6.0242] open fd = 257
[    6.0341] open name host:/hud/save-cursor.png flag 1 data 41378
[    6.0359] open fd = 257
[    6.0381] open name host:/hud/menu-dim.png flag 1 data 41378
[    6.0398] open fd = 257
[    6.0424] open name host:/hud/flare-corona.png flag 1 data 41378
[    6.0440] open fd = 257
[    6.0572] open name host:/hud/flashlight-gobo.png flag 1 data 41378
[    6.0589] open fd = 257
[    6.0719] open name host:/hud/flare-glow.png flag 1 data 41378
[    6.0739] open fd = 257
[    6.0774] open name host:/hud/sun-disc.png flag 1 data 41378
[    6.0791] open fd = 257
[    6.0890] open name host:/hud/moon-disc.png flag 1 data 41378
[    6.0908] open fd = 257
[    6.1195] open name host:/quiet-night.cfg flag 1 data 41378
[    6.1209] open fd = 257
[    6.1236] LOG: NIGHTPLAN schema=1 kind=8 order=0 joint=0 restored=0 phases=3
[    6.1239] LOG: NIGHTCONFIG order=0 valid=1 profile=0 hardwareTrace=0 ringBytes=0 ordinaryClocks=1 fixedDt=0 sampleBytes=6144 chunkBytes=420 phases=3 phaseFrames=1800 taxFirst=800 taxLoops=320 chunkFrames=64 sampleFirst=900 sampleCount=128 video=1 display=1 depth=2 width=448 height=448 refreshMilliHz=60000 requested=1 night=1
[    6.1240] LOG: NIGHTQUALITY rasterWidth=448 rasterHeight=448 scaleX=1 scaleY=1
[    6.1243] open name host:/hud/use-text.png flag 1 data 41378
[    6.1259] open fd = 257
[    6.1293] open name host:/hud/pick-text.png flag 1 data 41378
[    6.1313] open fd = 257
[    6.1347] open name host:/sfx/engine_idle.adpcm flag 1 data 41378
[    6.1365] open fd = 257
[    6.1532] open name host:/sfx/engine_high.adpcm flag 1 data 41378
[    6.1552] open fd = 257
[    6.1727] open name host:/sfx/tires_screech.adpcm flag 1 data 41378
[    6.1749] open fd = 257
[    6.1793] open name host:/sfx/gear-shift.adpcm flag 1 data 41378
[    6.1811] open fd = 257
[    6.1840] LOG: NIGHTLATTICEPHASE phase=0 selected=1 enabled=0
[    6.1843] LOG: NIGHTPHASE phase=0 first=0 mask=0 appliedMask=0 sampler=1 countReads=262 samplePtr=005548c8
[    6.1844] LOG: NIGHTEXTRAPHASE phase=0 first=0 extraMask=0 appliedExtraMask=0
[    6.1845] LOG: NIGHTWILDPHASE phase=0 first=0 variant=0 enabled=0 appliedVariant=0 appliedEnabled=0
[    6.1846] LOG: NIGHTTABLEPHASE phase=0 first=0 selected=1 enabled=1 appliedSelected=1 appliedEnabled=1
[    6.1856] open name host:/launch.scene flag 1 data 41378
[    6.1861] open fd = -5
[    6.1865] open name host:/hud/loading.png flag 1 data 41378
[    6.1880] open fd = 257
[    6.2013] FRAMEARENA allocated=1 bytes=1048576
[    6.2670] open name host:/vehicles/veh-ravager000001-shadow.png flag 1 data 41378
[    6.2688] open fd = 257
[    6.2697] open name host:/vehicles/veh-ravager000001-shadow.png flag 1 data 41378
[    6.2713] open fd = 257
[    6.2971] open name host:/vehicles/veh-pica00000001-shadow.png flag 1 data 41378
[    6.2991] open fd = 257
[    6.2999] open name host:/vehicles/veh-pica00000001-shadow.png flag 1 data 41378
[    6.3015] open fd = 257
[    6.3068] open name host:/vehicles/veh-strix0000001-shadow.png flag 1 data 41378
[    6.3085] open fd = 257
[    6.3092] open name host:/vehicles/veh-strix0000001-shadow.png flag 1 data 41378
[    6.3109] open fd = 257
[    6.3242] open name host:/shadowatlas/scene0-0.png flag 1 data 41378
[    6.3260] open fd = 257
[    6.3266] open name host:/shadowatlas/scene0-0.png flag 1 data 41378
[    6.3281] open fd = 257
[    6.3421] open name host:/shadowatlas/scene0-1.png flag 1 data 41378
[    6.3440] open fd = 257
[    6.3447] open name host:/shadowatlas/scene0-1.png flag 1 data 41378
[    6.3464] open fd = 257
[    6.3614] open name host:/textures/district-ground.png flag 1 data 41378
[    6.3636] open fd = 257
[    6.3642] open name host:/textures/district-ground.png flag 1 data 41378
[    6.3659] open fd = 257
[    6.3876] open name host:/materials/district-asphalt.mtl flag 1 data 41378
[    6.3895] open fd = 257
[    6.3971] open name host:/textures/district-asphalt.png flag 1 data 41378
[    6.3992] open fd = 257
[    6.4000] open name host:/textures/district-asphalt.png flag 1 data 41378
[    6.4017] open fd = 257
[    6.4183] open name host:/materials/district-sign.mtl flag 1 data 41378
[    6.4203] open fd = 257
[    6.4225] open name host:/textures/district-sign.png flag 1 data 41378
[    6.4246] open fd = 257
[    6.4254] open name host:/textures/district-sign.png flag 1 data 41378
[    6.4269] open fd = 257
[    6.4307] open name host:/materials/night-warm.mtl flag 1 data 41378
[    6.4326] open fd = 257
[    6.4351] open name host:/materials/night-cyan.mtl flag 1 data 41378
[    6.4368] open fd = 257
[    6.4386] open name host:/materials/night-pink.mtl flag 1 data 41378
[    6.4402] open fd = 257
[    6.4426] open name host:/models/urban/district-workshop.tmdl flag 1 data 41378
[    6.4453] open fd = 257
[    6.4495] open name host:/models/urban/Textures/district-facades.png flag 1 data 41378
[    6.4528] open fd = 257
[    6.4538] open name host:/models/urban/Textures/district-facades.png flag 1 data 41378
[    6.4564] open fd = 257
[    6.4840] open name host:/models/urban/district-tower.tmdl flag 1 data 41378
[    6.4865] open fd = 257
[    6.4892] open name host:/models/urban/district-loft.tmdl flag 1 data 41378
[    6.4917] open fd = 257
[    6.4946] open name host:/models/urban/detail-light-double.tmdl flag 1 data 41378
[    6.4967] open fd = 257
[    6.5075] open name host:/models/urban/Textures/metal.png flag 1 data 41378
[    6.5103] open fd = 257
[    6.5113] open name host:/models/urban/Textures/metal.png flag 1 data 41378
[    6.5139] open fd = 257
[    6.5250] open name host:/models/urban/detail-light-traffic.tmdl flag 1 data 41378
[    6.5276] open fd = 257
[    6.5400] open name host:/models/urban/Textures/roof.png flag 1 data 41378
[    6.5429] open fd = 257
[    6.5439] open name host:/models/urban/Textures/roof.png flag 1 data 41378
[    6.5464] open fd = 257
[    6.5498] open name host:/models/urban/tree-park-large.tmdl flag 1 data 41378
[    6.5528] open fd = 257
[    6.5609] open name host:/models/urban/Textures/treeA.png flag 1 data 41378
[    6.5638] open fd = 257
[    6.5649] open name host:/models/urban/Textures/treeA.png flag 1 data 41378
[    6.5674] open fd = 257
[    6.5802] open name host:/models/urban/Textures/tiles.png flag 1 data 41378
[    6.5833] open fd = 257
[    6.5845] open name host:/models/urban/Textures/tiles.png flag 1 data 41378
[    6.5872] open fd = 257
[    6.5905] open name host:/models/urban/Textures/dirt.png flag 1 data 41378
[    6.5933] open fd = 257
[    6.5943] open name host:/models/urban/Textures/dirt.png flag 1 data 41378
[    6.5968] open fd = 257
[    6.6006] open name host:/models/urban/tree-park-pine-large.tmdl flag 1 data 41378
[    6.6034] open fd = 257
[    6.6111] open name host:/models/urban/Textures/treeB.png flag 1 data 41378
[    6.6139] open fd = 257
[    6.6152] open name host:/models/urban/Textures/treeB.png flag 1 data 41378
[    6.6178] open fd = 257
[    6.6207] open name host:/models/urban/detail-barrier-type-a.tmdl flag 1 data 41378
[    6.6229] open fd = 257
[    6.6362] open name host:/models/urban/Textures/signs.png flag 1 data 41378
[    6.6388] open fd = 257
[    6.6398] open name host:/models/urban/Textures/signs.png flag 1 data 41378
[    6.6423] open fd = 257
[    6.6452] open name host:/models/urban/detail-dumpster-closed.tmdl flag 1 data 41378
[    6.6477] open fd = 257
[    6.6519] open name host:/models/urban/Textures/metal_wall.png flag 1 data 41378
[    6.6550] open fd = 257
[    6.6560] open name host:/models/urban/Textures/metal_wall.png flag 1 data 41378
[    6.6584] open fd = 257
[    6.6621] open name host:/models/urban/Textures/wall.png flag 1 data 41378
[    6.6650] open fd = 257
[    6.6660] open name host:/models/urban/Textures/wall.png flag 1 data 41378
[    6.6684] open fd = 257
[    6.6719] open name host:/models/urban/detail-bench.tmdl flag 1 data 41378
[    6.6747] open fd = 257
[    6.6903] open name host:/models/urban/Textures/planks.png flag 1 data 41378
[    6.6934] open fd = 257
[    6.6946] open name host:/models/urban/Textures/planks.png flag 1 data 41378
[    6.6973] open fd = 257
[    6.7006] open name host:/models/urban/pallet.tmdl flag 1 data 41378
[    6.7027] open fd = 257
[    6.7110] open name host:/vehicles/veh-ravager000001-body.tmdl flag 1 data 41378
[    6.7129] open fd = 257
[    6.8401] open name host:/vehicles/veh-ravager000001-palette.png flag 1 data 41378
[    6.8419] open fd = 257
[    6.8493] open name host:/vehicles/veh-ravager000001-palette.png flag 1 data 41378
[    6.8511] open fd = 257
[    6.8649] open name host:/vehicles/veh-ravager000001-palette-image-0.png flag 1 data 41378
[    6.8667] open fd = 257
[    6.8675] open name host:/vehicles/veh-ravager000001-palette-image-0.png flag 1 data 41378
[    6.8691] open fd = 257
[    6.8898] open name host:/vehicles/veh-pica00000001-body.tmdl flag 1 data 41378
[    6.8918] open fd = 257
[    7.0092] open name host:/vehicles/veh-pica00000001-palette.png flag 1 data 41378
[    7.0112] open fd = 257
[    7.0121] open name host:/vehicles/veh-pica00000001-palette.png flag 1 data 41378
[    7.0136] open fd = 257
[    7.0160] open name host:/vehicles/veh-pica00000001-palette-image-0.png flag 1 data 41378
[    7.0176] open fd = 257
[    7.0185] open name host:/vehicles/veh-pica00000001-palette-image-0.png flag 1 data 41378
[    7.0201] open fd = 257
[    7.0464] open name host:/vehicles/veh-strix0000001-body.tmdl flag 1 data 41378
[    7.0485] open fd = 257
[    7.1724] open name host:/vehicles/veh-strix0000001-palette.png flag 1 data 41378
[    7.1744] open fd = 257
[    7.1751] open name host:/vehicles/veh-strix0000001-palette.png flag 1 data 41378
[    7.1768] open fd = 257
[    7.1790] open name host:/vehicles/veh-strix0000001-palette-image-0.png flag 1 data 41378
[    7.1806] open fd = 257
[    7.1813] open name host:/vehicles/veh-strix0000001-palette-image-0.png flag 1 data 41378
[    7.1831] open fd = 257
[    7.2112] open name host:/sky/scene0.png flag 1 data 41378
[    7.2132] open fd = 257
[    7.2139] open name host:/sky/scene0.png flag 1 data 41378
[    7.2161] open fd = 257
[    7.4992] open name host:/vehicles/fx-skid.png flag 1 data 41378
[    7.5013] open fd = 257
[    7.5022] open name host:/vehicles/fx-skid.png flag 1 data 41378
[    7.5040] open fd = 257
[    7.5186] open name host:/vehicles/fx-smoke.png flag 1 data 41378
[    7.5208] open fd = 257
[    7.5218] open name host:/vehicles/fx-smoke.png flag 1 data 41378
[    7.5236] open fd = 257
[    7.5287] open name host:/vehicles/veh-ravager000001-wheel.tmdl flag 1 data 41378
[    7.5308] open fd = 257
[    7.5395] open name host:/vehicles/veh-ravager000001-wheelfast.tmdl flag 1 data 41378
[    7.5419] open fd = 257
[    7.5489] open name host:/fonts/atlas-default.png flag 1 data 41378
[    7.5510] open fd = 257
[    7.5649] open name host:/hud/icons.png flag 1 data 41378
[    7.5670] open fd = 257
[    7.5809] open name host:/hud/loading-white.png flag 1 data 41378
[    7.5830] open fd = 257
[    7.5852] open name host:/vehicles/veh-pica00000001-wheel.tmdl flag 1 data 41378
[    7.5872] open fd = 257
[    7.5961] open name host:/vehicles/veh-pica00000001-wheelfast.tmdl flag 1 data 41378
[    7.5978] open fd = 257
[    7.6046] open name host:/vehicles/veh-strix0000001-wheel.tmdl flag 1 data 41378
[    7.6062] open fd = 257
[    7.6221] open name host:/vehicles/veh-strix0000001-wheelfast.tmdl flag 1 data 41378
[    7.6239] open fd = 257
[    7.6372] open name host:/textures/district-road.png flag 1 data 41378
[    7.6389] open fd = 257
[    7.6395] open name host:/textures/district-road.png flag 1 data 41378
[    7.6412] open fd = 257
[    7.7500] open name host:/textures/district-asphalt.png flag 1 data 41378
[    7.7519] open fd = 257
[    7.7527] open name host:/textures/district-asphalt.png flag 1 data 41378
[    7.7543] open fd = 257
[    7.7666] open name host:/textures/district-plaza.png flag 1 data 41378
[    7.7684] open fd = 257
[    7.7693] open name host:/textures/district-plaza.png flag 1 data 41378
[    7.7709] open fd = 257
[    7.8045] open name host:/gshadow/s0_2_1.png flag 1 data 41378
[    7.8064] open fd = 257
[    7.8072] open name host:/gshadow/s0_2_1.png flag 1 data 41378
[    7.8089] open fd = 257
[    7.8216] open name host:/gshadow/s0_1_1.png flag 1 data 41378
[    7.8236] open fd = 257
[    7.8244] open name host:/gshadow/s0_1_1.png flag 1 data 41378
[    7.8260] open fd = 257
[    7.8296] open name host:/gshadow/s0_3_1.png flag 1 data 41378
[    7.8315] open fd = 257
[    7.8325] open name host:/gshadow/s0_3_1.png flag 1 data 41378
[    7.8345] open fd = 257
[    7.8450] open name host:/gshadow/s0_2_2.png flag 1 data 41378
[    7.8468] open fd = 257
[    7.8475] open name host:/gshadow/s0_2_2.png flag 1 data 41378
[    7.8493] open fd = 257
[    7.8530] open name host:/gshadow/s0_1_2.png flag 1 data 41378
[    7.8547] open fd = 257
[    7.8554] open name host:/gshadow/s0_1_2.png flag 1 data 41378
[    7.8568] open fd = 257
[    7.8604] open name host:/gshadow/s0_3_2.png flag 1 data 41378
[    7.8626] open fd = 257
[    7.8634] open name host:/gshadow/s0_3_2.png flag 1 data 41378
[    7.8652] open fd = 257
[    7.8861] open name host:/gshadow/s0_0_1.png flag 1 data 41378
[    7.8882] open fd = 257
[    7.8891] open name host:/gshadow/s0_0_1.png flag 1 data 41378
[    7.8908] open fd = 257
[    7.8945] open name host:/gshadow/s0_4_1.png flag 1 data 41378
[    7.8966] open fd = 257
[    7.8972] open name host:/gshadow/s0_4_1.png flag 1 data 41378
[    7.8987] open fd = 257
[    7.9022] open name host:/gshadow/s0_4_0.png flag 1 data 41378
[    7.9040] open fd = 257
[    7.9047] open name host:/gshadow/s0_4_0.png flag 1 data 41378
[    7.9061] open fd = 257
[    7.9171] open name host:/gshadow/s0_2_3.png flag 1 data 41378
[    7.9190] open fd = 257
[    7.9199] open name host:/gshadow/s0_2_3.png flag 1 data 41378
[    7.9216] open fd = 257
[    7.9252] open name host:/gshadow/s0_0_2.png flag 1 data 41378
[    7.9270] open fd = 257
[    7.9279] open name host:/gshadow/s0_0_2.png flag 1 data 41378
[    7.9296] open fd = 257
[    7.9393] open name host:/gshadow/s0_4_2.png flag 1 data 41378
[    7.9414] open fd = 257
[    7.9424] open name host:/gshadow/s0_4_2.png flag 1 data 41378
[    7.9441] open fd = 257
[    7.9472] open name host:/gshadow/s0_1_3.png flag 1 data 41378
[    7.9487] open fd = 257
[    7.9493] open name host:/gshadow/s0_1_3.png flag 1 data 41378
[    7.9510] open fd = 257
[    7.9630] open name host:/gshadow/s0_3_3.png flag 1 data 41378
[    7.9648] open fd = 257
[    7.9655] open name host:/gshadow/s0_3_3.png flag 1 data 41378
[    7.9673] open fd = 257
[    7.9703] open name host:/gshadow/s0_0_3.png flag 1 data 41378
[    7.9724] open fd = 257
[    7.9732] open name host:/gshadow/s0_0_3.png flag 1 data 41378
[    7.9748] open fd = 257
[    7.9779] open name host:/gshadow/s0_4_3.png flag 1 data 41378
[    7.9798] open fd = 257
[    7.9805] open name host:/gshadow/s0_4_3.png flag 1 data 41378
[    7.9820] open fd = 257
[    8.7312] microVU1: Cached Prog = [000] [PC=2590] [List=01] (Cache=0.000%) [0.0mb]
[    8.7323] microVU1: 3 cycle stall on branch instruction [2cb8]
[    8.7340] microVU1: Branch Optimization
[    8.7340] microVU1: Cached Prog = [001] [PC=1a30] [List=01] (Cache=0.337%) [0.2mb]
[    8.7341] microVU1: 1 cycle stall on branch instruction [1ae8]
[    8.7341] microVU1: 3 cycle stall on branch instruction [1ba0]
[    8.7344] microVU1: 3 cycle stall on branch instruction [2520]
[    8.7344] microVU1: 3 cycle stall on branch instruction [1ba0]
[    8.7348] microVU1: 3 cycle stall on branch instruction [2520]
[    8.7348] microVU1: 3 cycle stall on branch instruction [1ba0]
[    8.7350] microVU1: 3 cycle stall on branch instruction [2520]
[    8.7350] microVU1: 3 cycle stall on branch instruction [1ba0]
[    8.7353] microVU1: 3 cycle stall on branch instruction [2520]
[    8.7353] microVU1: 3 cycle stall on branch instruction [1ba0]
[    8.7356] microVU1: 3 cycle stall on branch instruction [2520]
[    8.7356] microVU1: 3 cycle stall on branch instruction [1ba0]
[    8.7358] microVU1: 3 cycle stall on branch instruction [2520]
[    8.7358] microVU1: 3 cycle stall on branch instruction [1ba0]
[    8.7360] microVU1: 3 cycle stall on branch instruction [2520]
[    8.7361] microVU1: 3 cycle stall on branch instruction [1ba0]
[    8.7361] microVU1: 3 cycle stall on branch instruction [1fc0]
[    8.7363] microVU1: 3 cycle stall on branch instruction [2520]
[    8.7363] microVU1: 3 cycle stall on branch instruction [1ba0]
[    8.7364] microVU1: 3 cycle stall on branch instruction [2520]
[    8.7365] microVU1: 3 cycle stall on branch instruction [1ba0]
[    8.7370] microVU1: 3 cycle stall on branch instruction [2520]
[    8.7370] microVU1: 3 cycle stall on branch instruction [1ba0]
[    8.7372] microVU1: 3 cycle stall on branch instruction [2520]
[    8.7372] microVU1: 3 cycle stall on branch instruction [1ba0]
[    8.7378] microVU1: 3 cycle stall on branch instruction [2520]
[    8.7378] microVU1: 3 cycle stall on branch instruction [1ba0]
[    8.7380] microVU1: 3 cycle stall on branch instruction [2520]
[    8.7380] microVU1: 3 cycle stall on branch instruction [1ba0]
[    8.7385] microVU1: 3 cycle stall on branch instruction [2520]
[    8.7385] microVU1: 3 cycle stall on branch instruction [1ba0]
[    8.7391] microVU1: 3 cycle stall on branch instruction [1fc0]
[    8.7392] microVU1: 3 cycle stall on branch instruction [2520]
[    8.7392] microVU1: 3 cycle stall on branch instruction [1ba0]
[    8.7393] microVU1: 3 cycle stall on branch instruction [1fc0]
[    8.7395] microVU1: 3 cycle stall on branch instruction [1fc0]
[    8.7396] microVU1: 3 cycle stall on branch instruction [2520]
[    8.7396] microVU1: 3 cycle stall on branch instruction [1ba0]
[    8.7397] microVU1: 3 cycle stall on branch instruction [1fc0]
[    8.7398] microVU1: 3 cycle stall on branch instruction [1fc0]
[    8.7401] microVU1: 3 cycle stall on branch instruction [1fc0]
[    8.7402] microVU1: 3 cycle stall on branch instruction [1fc0]
[    8.7403] microVU1: 3 cycle stall on branch instruction [1fc0]
[    8.7404] microVU1: 3 cycle stall on branch instruction [1fc0]
[    8.7406] microVU1: 3 cycle stall on branch instruction [1fc0]
[    8.7407] microVU1: 3 cycle stall on branch instruction [1fc0]
[    8.7408] microVU1: 3 cycle stall on branch instruction [1fc0]
[    8.7409] microVU1: 3 cycle stall on branch instruction [1fc0]
[    8.7410] microVU1: 3 cycle stall on branch instruction [1fc0]
[    8.7411] microVU1: 3 cycle stall on branch instruction [1fc0]
[    8.7412] microVU1: 3 cycle stall on branch instruction [1ba0]
[    8.7412] microVU1: Cached Prog = [002] [PC=2578] [List=01] (Cache=1.056%) [0.6mb]
[    8.7412] microVU1: 1 cycle stall on branch instruction [1ae8]
[    8.7412] microVU1: 3 cycle stall on branch instruction [1ba0]
[    8.7416] microVU1: 3 cycle stall on branch instruction [2520]
[    8.7416] microVU1: 3 cycle stall on branch instruction [1ba0]
[    8.7420] microVU1: 3 cycle stall on branch instruction [2520]
[    8.7420] microVU1: 3 cycle stall on branch instruction [1ba0]
[    8.7422] microVU1: 3 cycle stall on branch instruction [2520]
[    8.7422] microVU1: 3 cycle stall on branch instruction [1ba0]
[    8.7427] microVU1: 3 cycle stall on branch instruction [2520]
[    8.7427] microVU1: 3 cycle stall on branch instruction [1ba0]
[    8.7430] microVU1: 3 cycle stall on branch instruction [2520]
[    8.7430] microVU1: 3 cycle stall on branch instruction [1ba0]
[    8.7431] microVU1: 3 cycle stall on branch instruction [2520]
[    8.7431] microVU1: 3 cycle stall on branch instruction [1ba0]
[    8.7433] microVU1: 3 cycle stall on branch instruction [2520]
[    8.7433] microVU1: 3 cycle stall on branch instruction [1ba0]
[    8.7434] microVU1: 3 cycle stall on branch instruction [1fc0]
[    8.7435] microVU1: 3 cycle stall on branch instruction [2520]
[    8.7435] microVU1: 3 cycle stall on branch instruction [1ba0]
[    8.7436] microVU1: 3 cycle stall on branch instruction [2520]
[    8.7436] microVU1: 3 cycle stall on branch instruction [1ba0]
[    8.7440] microVU1: 3 cycle stall on branch instruction [2520]
[    8.7440] microVU1: 3 cycle stall on branch instruction [1ba0]
[    8.7442] microVU1: 3 cycle stall on branch instruction [2520]
[    8.7442] microVU1: 3 cycle stall on branch instruction [1ba0]
[    8.7446] microVU1: 3 cycle stall on branch instruction [2520]
[    8.7447] microVU1: 3 cycle stall on branch instruction [1ba0]
[    8.7449] microVU1: 3 cycle stall on branch instruction [2520]
[    8.7449] microVU1: 3 cycle stall on branch instruction [1ba0]
[    8.7452] microVU1: 3 cycle stall on branch instruction [2520]
[    8.7453] microVU1: 3 cycle stall on branch instruction [1ba0]
[    8.7459] microVU1: 3 cycle stall on branch instruction [1fc0]
[    8.7459] microVU1: 3 cycle stall on branch instruction [2520]
[    8.7460] microVU1: 3 cycle stall on branch instruction [1ba0]
[    8.7461] microVU1: 3 cycle stall on branch instruction [1fc0]
[    8.7462] microVU1: 3 cycle stall on branch instruction [1fc0]
[    8.7463] microVU1: 3 cycle stall on branch instruction [2520]
[    8.7463] microVU1: 3 cycle stall on branch instruction [1ba0]
[    8.7464] microVU1: 3 cycle stall on branch instruction [1fc0]
[    8.7465] microVU1: 3 cycle stall on branch instruction [1fc0]
[    8.7467] microVU1: 3 cycle stall on branch instruction [1fc0]
[    8.7474] microVU1: 3 cycle stall on branch instruction [1fc0]
[    8.7476] microVU1: 3 cycle stall on branch instruction [1fc0]
[    8.7477] microVU1: 3 cycle stall on branch instruction [1fc0]
[    8.7478] microVU1: 3 cycle stall on branch instruction [1fc0]
[    8.7479] microVU1: 3 cycle stall on branch instruction [1fc0]
[    8.7480] microVU1: 3 cycle stall on branch instruction [1fc0]
[    8.7481] microVU1: 3 cycle stall on branch instruction [1fc0]
[    8.7483] microVU1: 3 cycle stall on branch instruction [1fc0]
[    8.7484] microVU1: 3 cycle stall on branch instruction [1fc0]
[    8.7485] microVU1: 3 cycle stall on branch instruction [1ba0]
[    8.7486] microVU1: Cached Prog = [003] [PC=3438] [List=01] (Cache=1.776%) [1.1mb]
[    8.7497] microVU1: 3 cycle stall on branch instruction [2cb8]
[    8.7514] microVU1: Branch Optimization
[    8.7520] microVU1: Cached Prog = [004] [PC=0000] [List=01] (Cache=2.113%) [1.3mb]
[    8.7533] microVU1: Cached Prog = [005] [PC=0710] [List=01] (Cache=2.206%) [1.3mb]
[    8.7533] microVU1: 2 cycle stall on branch instruction [07c8]
[    8.7537] microVU1: 3 cycle stall on branch instruction [1108]
[    8.7537] microVU1: 3 cycle stall on branch instruction [1130]
[    8.7540] microVU1: 3 cycle stall on branch instruction [1108]
[    8.7541] microVU1: 3 cycle stall on branch instruction [1130]
[    8.7542] microVU1: 3 cycle stall on branch instruction [1108]
[    8.7542] microVU1: 3 cycle stall on branch instruction [1130]
[    8.7545] microVU1: 3 cycle stall on branch instruction [1108]
[    8.7546] microVU1: 3 cycle stall on branch instruction [1130]
[    8.7548] microVU1: 3 cycle stall on branch instruction [1108]
[    8.7548] microVU1: 3 cycle stall on branch instruction [1130]
[    8.7549] microVU1: 3 cycle stall on branch instruction [1108]
[    8.7549] microVU1: 3 cycle stall on branch instruction [1130]
[    8.7551] microVU1: 3 cycle stall on branch instruction [1108]
[    8.7551] microVU1: 3 cycle stall on branch instruction [1130]
[    8.7551] microVU1: 3 cycle stall on branch instruction [09e8]
[    8.7551] microVU1: 3 cycle stall on branch instruction [0a70]
[    8.7552] microVU1: 3 cycle stall on branch instruction [1108]
[    8.7553] microVU1: 3 cycle stall on branch instruction [1130]
[    8.7556] microVU1: 3 cycle stall on branch instruction [1108]
[    8.7556] microVU1: 3 cycle stall on branch instruction [1130]
[    8.7557] microVU1: 3 cycle stall on branch instruction [1108]
[    8.7557] microVU1: 3 cycle stall on branch instruction [1130]
[    8.7563] microVU1: 3 cycle stall on branch instruction [1108]
[    8.7563] microVU1: 3 cycle stall on branch instruction [1130]
[    8.7565] microVU1: 3 cycle stall on branch instruction [1108]
[    8.7565] microVU1: 3 cycle stall on branch instruction [1130]
[    8.7566] microVU1: 3 cycle stall on branch instruction [1108]
[    8.7566] microVU1: 3 cycle stall on branch instruction [1130]
[    8.7572] microVU1: 3 cycle stall on branch instruction [1108]
[    8.7572] microVU1: 3 cycle stall on branch instruction [1130]
[    8.7573] microVU1: 3 cycle stall on branch instruction [09e8]
[    8.7573] microVU1: 3 cycle stall on branch instruction [0a70]
[    8.7576] microVU1: 3 cycle stall on branch instruction [09e8]
[    8.7576] microVU1: 3 cycle stall on branch instruction [0a70]
[    8.7578] microVU1: 3 cycle stall on branch instruction [09e8]
[    8.7578] microVU1: 3 cycle stall on branch instruction [0a70]
[    8.7580] microVU1: 3 cycle stall on branch instruction [1108]
[    8.7580] microVU1: 3 cycle stall on branch instruction [1130]
[    8.7581] microVU1: 3 cycle stall on branch instruction [09e8]
[    8.7581] microVU1: 3 cycle stall on branch instruction [0a70]
[    8.7583] microVU1: 3 cycle stall on branch instruction [09e8]
[    8.7583] microVU1: 3 cycle stall on branch instruction [0a70]
[    8.7585] microVU1: 3 cycle stall on branch instruction [1108]
[    8.7585] microVU1: 3 cycle stall on branch instruction [1130]
[    8.7586] microVU1: 3 cycle stall on branch instruction [09e8]
[    8.7586] microVU1: 3 cycle stall on branch instruction [0a70]
[    8.7588] microVU1: 3 cycle stall on branch instruction [09e8]
[    8.7589] microVU1: 3 cycle stall on branch instruction [0a70]
[    8.7590] microVU1: 3 cycle stall on branch instruction [09e8]
[    8.7590] microVU1: 3 cycle stall on branch instruction [0a70]
[    8.7592] microVU1: 3 cycle stall on branch instruction [09e8]
[    8.7592] microVU1: 3 cycle stall on branch instruction [0a70]
[    8.7594] microVU1: 3 cycle stall on branch instruction [09e8]
[    8.7595] microVU1: 3 cycle stall on branch instruction [0a70]
[    8.7596] microVU1: 3 cycle stall on branch instruction [09e8]
[    8.7596] microVU1: 3 cycle stall on branch instruction [0a70]
[    8.7597] microVU1: 3 cycle stall on branch instruction [09e8]
[    8.7598] microVU1: 3 cycle stall on branch instruction [0a70]
[    8.7600] microVU1: 3 cycle stall on branch instruction [09e8]
[    8.7600] microVU1: 3 cycle stall on branch instruction [0a70]
[    8.7601] microVU1: 3 cycle stall on branch instruction [09e8]
[    8.7602] microVU1: 3 cycle stall on branch instruction [0a70]
[    8.7603] microVU1: 3 cycle stall on branch instruction [09e8]
[    8.7603] microVU1: 3 cycle stall on branch instruction [0a70]
[    8.7605] microVU1: 3 cycle stall on branch instruction [07f0]
[    8.7605] microVU1: Cached Prog = [006] [PC=1188] [List=01] (Cache=3.007%) [1.8mb]
[    8.7606] microVU1: 2 cycle stall on branch instruction [07c8]
[    8.7609] microVU1: 3 cycle stall on branch instruction [1108]
[    8.7609] microVU1: 3 cycle stall on branch instruction [1130]
[    8.7612] microVU1: 3 cycle stall on branch instruction [1108]
[    8.7612] microVU1: 3 cycle stall on branch instruction [1130]
[    8.7613] microVU1: 3 cycle stall on branch instruction [1108]
[    8.7613] microVU1: 3 cycle stall on branch instruction [1130]
[    8.7616] microVU1: 3 cycle stall on branch instruction [1108]
[    8.7616] microVU1: 3 cycle stall on branch instruction [1130]
[    8.7619] microVU1: 3 cycle stall on branch instruction [1108]
[    8.7619] microVU1: 3 cycle stall on branch instruction [1130]
[    8.7620] microVU1: 3 cycle stall on branch instruction [1108]
[    8.7621] microVU1: 3 cycle stall on branch instruction [1130]
[    8.7622] microVU1: 3 cycle stall on branch instruction [1108]
[    8.7622] microVU1: 3 cycle stall on branch instruction [1130]
[    8.7623] microVU1: 3 cycle stall on branch instruction [09e8]
[    8.7623] microVU1: 3 cycle stall on branch instruction [0a70]
[    8.7624] microVU1: 3 cycle stall on branch instruction [1108]
[    8.7624] microVU1: 3 cycle stall on branch instruction [1130]
[    8.7627] microVU1: 3 cycle stall on branch instruction [1108]
[    8.7627] microVU1: 3 cycle stall on branch instruction [1130]
[    8.7628] microVU1: 3 cycle stall on branch instruction [1108]
[    8.7629] microVU1: 3 cycle stall on branch instruction [1130]
[    8.7633] microVU1: 3 cycle stall on branch instruction [1108]
[    8.7633] microVU1: 3 cycle stall on branch instruction [1130]
[    8.7635] microVU1: 3 cycle stall on branch instruction [1108]
[    8.7636] microVU1: 3 cycle stall on branch instruction [1130]
[    8.7637] microVU1: 3 cycle stall on branch instruction [1108]
[    8.7637] microVU1: 3 cycle stall on branch instruction [1130]
[    8.7643] microVU1: 3 cycle stall on branch instruction [1108]
[    8.7643] microVU1: 3 cycle stall on branch instruction [1130]
[    8.7644] microVU1: 3 cycle stall on branch instruction [09e8]
[    8.7644] microVU1: 3 cycle stall on branch instruction [0a70]
[    8.7647] microVU1: 3 cycle stall on branch instruction [09e8]
[    8.7647] microVU1: 3 cycle stall on branch instruction [0a70]
[    8.7649] microVU1: 3 cycle stall on branch instruction [09e8]
[    8.7649] microVU1: 3 cycle stall on branch instruction [0a70]
[    8.7651] microVU1: 3 cycle stall on branch instruction [1108]
[    8.7651] microVU1: 3 cycle stall on branch instruction [1130]
[    8.7652] microVU1: 3 cycle stall on branch instruction [09e8]
[    8.7652] microVU1: 3 cycle stall on branch instruction [0a70]
[    8.7654] microVU1: 3 cycle stall on branch instruction [09e8]
[    8.7654] microVU1: 3 cycle stall on branch instruction [0a70]
[    8.7656] microVU1: 3 cycle stall on branch instruction [1108]
[    8.7656] microVU1: 3 cycle stall on branch instruction [1130]
[    8.7657] microVU1: 3 cycle stall on branch instruction [09e8]
[    8.7657] microVU1: 3 cycle stall on branch instruction [0a70]
[    8.7659] microVU1: 3 cycle stall on branch instruction [09e8]
[    8.7659] microVU1: 3 cycle stall on branch instruction [0a70]
[    8.7661] microVU1: 3 cycle stall on branch instruction [09e8]
[    8.7661] microVU1: 3 cycle stall on branch instruction [0a70]
[    8.7663] microVU1: 3 cycle stall on branch instruction [09e8]
[    8.7663] microVU1: 3 cycle stall on branch instruction [0a70]
[    8.7665] microVU1: 3 cycle stall on branch instruction [09e8]
[    8.7665] microVU1: 3 cycle stall on branch instruction [0a70]
[    8.7667] microVU1: 3 cycle stall on branch instruction [09e8]
[    8.7667] microVU1: 3 cycle stall on branch instruction [0a70]
[    8.7668] microVU1: 3 cycle stall on branch instruction [09e8]
[    8.7669] microVU1: 3 cycle stall on branch instruction [0a70]
[    8.7670] microVU1: 3 cycle stall on branch instruction [09e8]
[    8.7670] microVU1: 3 cycle stall on branch instruction [0a70]
[    8.7672] microVU1: 3 cycle stall on branch instruction [09e8]
[    8.7672] microVU1: 3 cycle stall on branch instruction [0a70]
[    8.7673] microVU1: 3 cycle stall on branch instruction [09e8]
[    8.7674] microVU1: 3 cycle stall on branch instruction [0a70]
[    8.7675] microVU1: 3 cycle stall on branch instruction [07f0]
[    8.8680] microVU1: Cached Prog = [007] [PC=0700] [List=01] (Cache=3.808%) [2.3mb]
[    8.8695] microVU1: Cached Prog = [008] [PC=3450] [List=01] (Cache=3.902%) [2.4mb]
[    8.8699] microVU1: Cached Prog = [009] [PC=3830] [List=01] (Cache=3.954%) [2.4mb]
[    9.1533] microVU1: Cached Prog = [010] [PC=3b40] [List=01] (Cache=4.006%) [2.4mb]
[    9.1535] microVU1: Cached Prog = [011] [PC=3ea0] [List=01] (Cache=4.022%) [2.5mb]
[   21.6906] LOG: NIGHTCAMERA phase=0 offset=750 positionX=00000000 positionY=4028b437 positionZ=c2a19b64 lookX=00000000 lookY=3f9a5e32 lookZ=c2949b64 sceneGeneration=1 mask=0
[   21.6914] LOG: NIGHTCONTEXT phase=0 offset=750 scene=0 night=1 video=1 display=1 depth=2 width=448 height=448 refreshMilliHz=60000 requested=1 dtBits=3c888889 clockBits=00000000 rasterWidth=448 rasterHeight=448 scaleX=1 scaleY=1 ilChoice=0 ilProbing=0 ilBlock=0 ilFrame=58 ilAccepted=0 ilPipelined=1 frameYield=0
[   21.7102] LOG: NIGHTLATTICEGATES phase=0 offset=750 selected=1 enabled=0 invocations=65 eligible=0 applied=0 fallback=65 source=4185 unique=4185 invalid=0
[   21.7109] LOG: NIGHTGATES phase=0 offset=750 first=750 frames=1 mask=0 attempted1=8 executed1=8 skipped1=0 submitted1=8 attempted2=4 executed2=4 skipped2=0 submitted2=5 attempted4=3 executed4=3 skipped4=0 submitted4=5 attempted8=4 executed8=4 skipped8=0 submitted8=1 attempted16=2 executed16=2 skipped16=0 submitted16=1 attempted32=0 executed32=0 skipped32=0 submitted32=0 attempted64=0 executed64=0 skipped64=0 submitted64=0
[   21.7115] LOG: NIGHTEXTRAGATES phase=0 offset=750 first=750 frames=1 extraMask=0 attempted1=1 executed1=1 skipped1=0 submitted1=1 attempted2=1 executed2=1 skipped2=0 submitted2=2 attempted4=2 executed4=2 skipped4=0 submitted4=2
[   21.7119] LOG: NIGHTWILDGATES phase=0 offset=750 first=750 frames=1 variant=0 enabled=0 planeInvocations=0 planeEligible=0 planeApplied=0 planeFallback=0 planeBoundary=0 planeNonfinite=0 planeColdCompared=0 planeColdMismatches=0 planeInputUnits=0 planeOutputUnits=0 planeInvalid=0 coneInvocations=0 coneEligible=0 coneApplied=0 coneFallback=0 coneBoundary=0 coneNonfinite=0 coneColdCompared=0 coneColdMismatches=0 coneInputUnits=0 coneOutputUnits=0 coneInvalid=0
[   21.7122] LOG: NIGHTTABLEGATES phase=0 offset=750 first=750 frames=1 selected=1 enabled=1 invocations=19 eligible=9 applied=9 fallback=10 sourceVertices=753 admittedVertices=618 baselineColorQwords=753 tableColorQwords=18 coldCompared=9 coldMismatches=0 invalid=0
[   29.1187] LOG: NIGHTCAMERA phase=0 offset=1155 positionX=00000000 positionY=4028b437 positionZ=c2a19b64 lookX=00000000 lookY=3f9a5e32 lookZ=c2949b64 sceneGeneration=1 mask=0
[   29.1190] LOG: NIGHTCONTEXT phase=0 offset=1155 scene=0 night=1 video=1 display=1 depth=2 width=448 height=448 refreshMilliHz=60000 requested=1 dtBits=3c888889 clockBits=00000000 rasterWidth=448 rasterHeight=448 scaleX=1 scaleY=1 ilChoice=0 ilProbing=0 ilBlock=0 ilFrame=13 ilAccepted=0 ilPipelined=1 frameYield=0
[   29.1366] LOG: NIGHTLATTICEGATES phase=0 offset=1155 selected=1 enabled=0 invocations=65 eligible=0 applied=0 fallback=65 source=4185 unique=4185 invalid=0
[   29.1371] LOG: NIGHTGATES phase=0 offset=1155 first=1155 frames=1 mask=0 attempted1=8 executed1=8 skipped1=0 submitted1=8 attempted2=4 executed2=4 skipped2=0 submitted2=5 attempted4=3 executed4=3 skipped4=0 submitted4=5 attempted8=4 executed8=4 skipped8=0 submitted8=1 attempted16=2 executed16=2 skipped16=0 submitted16=1 attempted32=0 executed32=0 skipped32=0 submitted32=0 attempted64=0 executed64=0 skipped64=0 submitted64=0
[   29.1374] LOG: NIGHTEXTRAGATES phase=0 offset=1155 first=1155 frames=1 extraMask=0 attempted1=1 executed1=1 skipped1=0 submitted1=1 attempted2=1 executed2=1 skipped2=0 submitted2=2 attempted4=2 executed4=2 skipped4=0 submitted4=2
[   29.1375] LOG: NIGHTWILDGATES phase=0 offset=1155 first=1155 frames=1 variant=0 enabled=0 planeInvocations=0 planeEligible=0 planeApplied=0 planeFallback=0 planeBoundary=0 planeNonfinite=0 planeColdCompared=0 planeColdMismatches=0 planeInputUnits=0 planeOutputUnits=0 planeInvalid=0 coneInvocations=0 coneEligible=0 coneApplied=0 coneFallback=0 coneBoundary=0 coneNonfinite=0 coneColdCompared=0 coneColdMismatches=0 coneInputUnits=0 coneOutputUnits=0 coneInvalid=0
[   29.1378] LOG: NIGHTTABLEGATES phase=0 offset=1155 first=1155 frames=1 selected=1 enabled=1 invocations=19 eligible=9 applied=9 fallback=10 sourceVertices=753 admittedVertices=618 baselineColorQwords=753 tableColorQwords=18 coldCompared=9 coldMismatches=0 invalid=0
[   40.7193] LOG: NIGHTLATTICEPHASE phase=1 selected=1 enabled=1
[   40.7196] LOG: NIGHTPHASE phase=1 first=1800 mask=0 appliedMask=0 sampler=1 countReads=262 samplePtr=005548c8
[   40.7198] LOG: NIGHTEXTRAPHASE phase=1 first=1800 extraMask=0 appliedExtraMask=0
[   40.7200] LOG: NIGHTWILDPHASE phase=1 first=1800 variant=0 enabled=0 appliedVariant=0 appliedEnabled=0
[   40.7201] LOG: NIGHTTABLEPHASE phase=1 first=1800 selected=1 enabled=1 appliedSelected=1 appliedEnabled=1
[   54.3229] LOG: NIGHTCAMERA phase=1 offset=750 positionX=00000000 positionY=4028b437 positionZ=c2a19b64 lookX=00000000 lookY=3f9a5e32 lookZ=c2949b64 sceneGeneration=1 mask=0
[   54.3234] LOG: NIGHTCONTEXT phase=1 offset=750 scene=0 night=1 video=1 display=1 depth=2 width=448 height=448 refreshMilliHz=60000 requested=1 dtBits=3c888889 clockBits=00000000 rasterWidth=448 rasterHeight=448 scaleX=1 scaleY=1 ilChoice=0 ilProbing=0 ilBlock=0 ilFrame=58 ilAccepted=0 ilPipelined=1 frameYield=0
[   54.3430] LOG: NIGHTLATTICEGATES phase=1 offset=750 selected=1 enabled=1 invocations=65 eligible=4 applied=4 fallback=61 source=4185 unique=4015 invalid=0
[   54.3437] LOG: NIGHTGATES phase=1 offset=750 first=750 frames=1 mask=0 attempted1=8 executed1=8 skipped1=0 submitted1=8 attempted2=4 executed2=4 skipped2=0 submitted2=5 attempted4=3 executed4=3 skipped4=0 submitted4=5 attempted8=4 executed8=4 skipped8=0 submitted8=1 attempted16=2 executed16=2 skipped16=0 submitted16=1 attempted32=0 executed32=0 skipped32=0 submitted32=0 attempted64=0 executed64=0 skipped64=0 submitted64=0
[   54.3441] LOG: NIGHTEXTRAGATES phase=1 offset=750 first=750 frames=1 extraMask=0 attempted1=1 executed1=1 skipped1=0 submitted1=1 attempted2=1 executed2=1 skipped2=0 submitted2=2 attempted4=2 executed4=2 skipped4=0 submitted4=2
[   54.3444] LOG: NIGHTWILDGATES phase=1 offset=750 first=750 frames=1 variant=0 enabled=0 planeInvocations=0 planeEligible=0 planeApplied=0 planeFallback=0 planeBoundary=0 planeNonfinite=0 planeColdCompared=0 planeColdMismatches=0 planeInputUnits=0 planeOutputUnits=0 planeInvalid=0 coneInvocations=0 coneEligible=0 coneApplied=0 coneFallback=0 coneBoundary=0 coneNonfinite=0 coneColdCompared=0 coneColdMismatches=0 coneInputUnits=0 coneOutputUnits=0 coneInvalid=0
[   54.3445] LOG: NIGHTTABLEGATES phase=1 offset=750 first=750 frames=1 selected=1 enabled=1 invocations=19 eligible=9 applied=9 fallback=10 sourceVertices=753 admittedVertices=618 baselineColorQwords=753 tableColorQwords=18 coldCompared=9 coldMismatches=0 invalid=0
[   61.8506] LOG: NIGHTCAMERA phase=1 offset=1155 positionX=00000000 positionY=4028b437 positionZ=c2a19b64 lookX=00000000 lookY=3f9a5e32 lookZ=c2949b64 sceneGeneration=1 mask=0
[   61.8510] LOG: NIGHTCONTEXT phase=1 offset=1155 scene=0 night=1 video=1 display=1 depth=2 width=448 height=448 refreshMilliHz=60000 requested=1 dtBits=3c888889 clockBits=00000000 rasterWidth=448 rasterHeight=448 scaleX=1 scaleY=1 ilChoice=0 ilProbing=0 ilBlock=0 ilFrame=13 ilAccepted=0 ilPipelined=1 frameYield=0
[   61.8711] LOG: NIGHTLATTICEGATES phase=1 offset=1155 selected=1 enabled=1 invocations=65 eligible=4 applied=4 fallback=61 source=4185 unique=4015 invalid=0
[   61.8718] LOG: NIGHTGATES phase=1 offset=1155 first=1155 frames=1 mask=0 attempted1=8 executed1=8 skipped1=0 submitted1=8 attempted2=4 executed2=4 skipped2=0 submitted2=5 attempted4=3 executed4=3 skipped4=0 submitted4=5 attempted8=4 executed8=4 skipped8=0 submitted8=1 attempted16=2 executed16=2 skipped16=0 submitted16=1 attempted32=0 executed32=0 skipped32=0 submitted32=0 attempted64=0 executed64=0 skipped64=0 submitted64=0
[   61.8724] LOG: NIGHTEXTRAGATES phase=1 offset=1155 first=1155 frames=1 extraMask=0 attempted1=1 executed1=1 skipped1=0 submitted1=1 attempted2=1 executed2=1 skipped2=0 submitted2=2 attempted4=2 executed4=2 skipped4=0 submitted4=2
[   61.8728] LOG: NIGHTWILDGATES phase=1 offset=1155 first=1155 frames=1 variant=0 enabled=0 planeInvocations=0 planeEligible=0 planeApplied=0 planeFallback=0 planeBoundary=0 planeNonfinite=0 planeColdCompared=0 planeColdMismatches=0 planeInputUnits=0 planeOutputUnits=0 planeInvalid=0 coneInvocations=0 coneEligible=0 coneApplied=0 coneFallback=0 coneBoundary=0 coneNonfinite=0 coneColdCompared=0 coneColdMismatches=0 coneInputUnits=0 coneOutputUnits=0 coneInvalid=0
[   61.8730] LOG: NIGHTTABLEGATES phase=1 offset=1155 first=1155 frames=1 selected=1 enabled=1 invocations=19 eligible=9 applied=9 fallback=10 sourceVertices=753 admittedVertices=618 baselineColorQwords=753 tableColorQwords=18 coldCompared=9 coldMismatches=0 invalid=0
[   73.7544] LOG: NIGHTLATTICEPHASE phase=2 selected=1 enabled=0
[   73.7546] LOG: NIGHTPHASE phase=2 first=3600 mask=0 appliedMask=0 sampler=1 countReads=262 samplePtr=005548c8
[   73.7548] LOG: NIGHTEXTRAPHASE phase=2 first=3600 extraMask=0 appliedExtraMask=0
[   73.7550] LOG: NIGHTWILDPHASE phase=2 first=3600 variant=0 enabled=0 appliedVariant=0 appliedEnabled=0
[   73.7551] LOG: NIGHTTABLEPHASE phase=2 first=3600 selected=1 enabled=1 appliedSelected=1 appliedEnabled=1
[   87.3299] LOG: NIGHTCAMERA phase=2 offset=750 positionX=00000000 positionY=4028b437 positionZ=c2a19b64 lookX=00000000 lookY=3f9a5e32 lookZ=c2949b64 sceneGeneration=1 mask=0
[   87.3303] LOG: NIGHTCONTEXT phase=2 offset=750 scene=0 night=1 video=1 display=1 depth=2 width=448 height=448 refreshMilliHz=60000 requested=1 dtBits=3c888889 clockBits=00000000 rasterWidth=448 rasterHeight=448 scaleX=1 scaleY=1 ilChoice=0 ilProbing=0 ilBlock=0 ilFrame=58 ilAccepted=0 ilPipelined=1 frameYield=0
[   87.3483] LOG: NIGHTLATTICEGATES phase=2 offset=750 selected=1 enabled=0 invocations=65 eligible=0 applied=0 fallback=65 source=4185 unique=4185 invalid=0
[   87.3488] LOG: NIGHTGATES phase=2 offset=750 first=750 frames=1 mask=0 attempted1=8 executed1=8 skipped1=0 submitted1=8 attempted2=4 executed2=4 skipped2=0 submitted2=5 attempted4=3 executed4=3 skipped4=0 submitted4=5 attempted8=4 executed8=4 skipped8=0 submitted8=1 attempted16=2 executed16=2 skipped16=0 submitted16=1 attempted32=0 executed32=0 skipped32=0 submitted32=0 attempted64=0 executed64=0 skipped64=0 submitted64=0
[   87.3492] LOG: NIGHTEXTRAGATES phase=2 offset=750 first=750 frames=1 extraMask=0 attempted1=1 executed1=1 skipped1=0 submitted1=1 attempted2=1 executed2=1 skipped2=0 submitted2=2 attempted4=2 executed4=2 skipped4=0 submitted4=2
[   87.3495] LOG: NIGHTWILDGATES phase=2 offset=750 first=750 frames=1 variant=0 enabled=0 planeInvocations=0 planeEligible=0 planeApplied=0 planeFallback=0 planeBoundary=0 planeNonfinite=0 planeColdCompared=0 planeColdMismatches=0 planeInputUnits=0 planeOutputUnits=0 planeInvalid=0 coneInvocations=0 coneEligible=0 coneApplied=0 coneFallback=0 coneBoundary=0 coneNonfinite=0 coneColdCompared=0 coneColdMismatches=0 coneInputUnits=0 coneOutputUnits=0 coneInvalid=0
[   87.3498] LOG: NIGHTTABLEGATES phase=2 offset=750 first=750 frames=1 selected=1 enabled=1 invocations=19 eligible=9 applied=9 fallback=10 sourceVertices=753 admittedVertices=618 baselineColorQwords=753 tableColorQwords=18 coldCompared=9 coldMismatches=0 invalid=0
[   94.6122] LOG: NIGHTCAMERA phase=2 offset=1155 positionX=00000000 positionY=4028b437 positionZ=c2a19b64 lookX=00000000 lookY=3f9a5e32 lookZ=c2949b64 sceneGeneration=1 mask=0
[   94.6126] LOG: NIGHTCONTEXT phase=2 offset=1155 scene=0 night=1 video=1 display=1 depth=2 width=448 height=448 refreshMilliHz=60000 requested=1 dtBits=3c888889 clockBits=00000000 rasterWidth=448 rasterHeight=448 scaleX=1 scaleY=1 ilChoice=0 ilProbing=0 ilBlock=0 ilFrame=13 ilAccepted=0 ilPipelined=1 frameYield=0
[   94.6293] LOG: NIGHTLATTICEGATES phase=2 offset=1155 selected=1 enabled=0 invocations=65 eligible=0 applied=0 fallback=65 source=4185 unique=4185 invalid=0
[   94.6297] LOG: NIGHTGATES phase=2 offset=1155 first=1155 frames=1 mask=0 attempted1=8 executed1=8 skipped1=0 submitted1=8 attempted2=4 executed2=4 skipped2=0 submitted2=5 attempted4=3 executed4=3 skipped4=0 submitted4=5 attempted8=4 executed8=4 skipped8=0 submitted8=1 attempted16=2 executed16=2 skipped16=0 submitted16=1 attempted32=0 executed32=0 skipped32=0 submitted32=0 attempted64=0 executed64=0 skipped64=0 submitted64=0
[   94.6300] LOG: NIGHTEXTRAGATES phase=2 offset=1155 first=1155 frames=1 extraMask=0 attempted1=1 executed1=1 skipped1=0 submitted1=1 attempted2=1 executed2=1 skipped2=0 submitted2=2 attempted4=2 executed4=2 skipped4=0 submitted4=2
[   94.6302] LOG: NIGHTWILDGATES phase=2 offset=1155 first=1155 frames=1 variant=0 enabled=0 planeInvocations=0 planeEligible=0 planeApplied=0 planeFallback=0 planeBoundary=0 planeNonfinite=0 planeColdCompared=0 planeColdMismatches=0 planeInputUnits=0 planeOutputUnits=0 planeInvalid=0 coneInvocations=0 coneEligible=0 coneApplied=0 coneFallback=0 coneBoundary=0 coneNonfinite=0 coneColdCompared=0 coneColdMismatches=0 coneInputUnits=0 coneOutputUnits=0 coneInvalid=0
[   94.6304] LOG: NIGHTTABLEGATES phase=2 offset=1155 first=1155 frames=1 selected=1 enabled=1 invocations=19 eligible=9 applied=9 fallback=10 sourceVertices=753 admittedVertices=618 baselineColorQwords=753 tableColorQwords=18 coldCompared=9 coldMismatches=0 invalid=0
[  106.2051] LOG: NIGHTDONE order=0 valid=1 loops=5400
