[    0.0155] Program Path: /home/spider/tyrax2-debugger-linux-v1/squashfs-root/usr/bin/pcsx2-qt
[    0.0155] AppRoot Directory: /home/spider/tyrax2-debugger-linux-v1/squashfs-root/usr/bin
[    0.0156] Resources Directory: /home/spider/tyrax2-debugger-linux-v1/squashfs-root/usr/bin/resources
[    0.0156] DataRoot Directory: /home/spider/night-ablation-emulator-pool-lattice-order0-20261005/profile/PCSX2
[    0.0156] Loading config from /home/spider/night-ablation-emulator-pool-lattice-order0-20261005/profile/PCSX2/inis/PCSX2.ini.
[    0.0158] Loading secrets from /home/spider/night-ablation-emulator-pool-lattice-order0-20261005/profile/PCSX2/inis/secrets.ini.
[    0.0163] BIOS Directory: /mnt/c/Users/pawel/OneDrive/Documents/PCSX2/bios
[    0.0163] Snapshots Directory: /home/spider/night-ablation-emulator-pool-lattice-order0-20261005/profile/PCSX2/snaps
[    0.0163] Savestates Directory: /home/spider/night-ablation-emulator-pool-lattice-order0-20261005/profile/PCSX2/sstates
[    0.0163] MemoryCards Directory: /home/spider/night-ablation-emulator-pool-lattice-order0-20261005/profile/PCSX2/memcards
[    0.0163] Logs Directory: /home/spider/night-ablation-emulator-pool-lattice-order0-20261005/profile/PCSX2/logs
[    0.0163] Cheats Directory: /home/spider/night-ablation-emulator-pool-lattice-order0-20261005/profile/PCSX2/cheats
[    0.0163] Patches Directory: /home/spider/night-ablation-emulator-pool-lattice-order0-20261005/profile/PCSX2/patches
[    0.0163] Covers Directory: /home/spider/night-ablation-emulator-pool-lattice-order0-20261005/profile/PCSX2/covers
[    0.0163] Game Settings Directory: /home/spider/night-ablation-emulator-pool-lattice-order0-20261005/profile/PCSX2/gamesettings
[    0.0164] Resources Directory: /home/spider/tyrax2-debugger-linux-v1/squashfs-root/usr/bin/resources
[    0.0164] User Resources Directory: /home/spider/night-ablation-emulator-pool-lattice-order0-20261005/profile/PCSX2/resources
[    0.0164] Cache Directory: /home/spider/night-ablation-emulator-pool-lattice-order0-20261005/profile/PCSX2/cache
[    0.0164] Textures Directory: /home/spider/night-ablation-emulator-pool-lattice-order0-20261005/profile/PCSX2/textures
[    0.0164] Input Profile Directory: /home/spider/night-ablation-emulator-pool-lattice-order0-20261005/profile/PCSX2/inputprofiles
[    0.0164] Video Dumping Directory: /home/spider/night-ablation-emulator-pool-lattice-order0-20261005/profile/PCSX2/videos
[    0.0164] Debugger Layouts Directory: /home/spider/night-ablation-emulator-pool-lattice-order0-20261005/profile/PCSX2/inis/debuggerlayouts
[    0.0164] Debugger Settings Directory: /home/spider/night-ablation-emulator-pool-lattice-order0-20261005/profile/PCSX2/inis/debuggersettings
[    0.0312] Loaded translation file for language en-US
[    0.0382] PCSX2 v2.9.93
[    0.0383] Savestate version: 0x9a590000
[    0.0383] 
[    0.0383] 
[    0.0383] Host Machine Init:
[    0.0384]   Operating System = Ubuntu 22.04
[    0.0384]   Available RAM    = 49118 MB (47.97 GB)
[    0.0384]   Physical RAM     = 50191 MB (49.02 GB)
[    0.0384] 
[    0.0384]   Processor        = AMD Ryzen Threadripper 1920X
[    0.0384]   Core Count       = 24 cores
[    0.0384]   Thread Count     = 24 threads
[    0.0384]   Cluster Count    = 1 clusters
[    0.0384] CPU Extensions Detected:
[    0.0385]   AVX AVX2
[    0.0385] 
[    0.0385] Allocating host memory for virtual systems...
[    0.0393]   EE Main Memory                   @ 0x00007F07CB200000 -> 0x00007F07D4100000 [143mb]
[    0.0394]   IOP Main Memory                  @ 0x00007F07D4100000 -> 0x00007F07DC200000 [129mb]
[    0.0394]   VU0/1 On-Chip Memory             @ 0x00007F07DC200000 -> 0x00007F07DC300000 [1mb]
[    0.0394]   VTLB Virtual Map                 @ 0x00007F07DC300000 -> 0x00007F07DCB00000 [8mb]
[    0.0394]   VTLB Address Map                 @ 0x00007F07DCB00000 -> 0x00007F07DCF00000 [4mb]
[    0.0394]   R5900 Recompiler Cache           @ 0x00007F07DCF00000 -> 0x00007F07E0F00000 [64mb]
[    0.0394]   R3000A Recompiler Cache          @ 0x00007F07E0F00000 -> 0x00007F07E2F00000 [32mb]
[    0.0394]   Micro VU0 Recompiler Cache       @ 0x00007F07E3F00000 -> 0x00007F07E7F00000 [64mb]
[    0.0394]   Micro VU1 Recompiler Cache       @ 0x00007F07E7F00000 -> 0x00007F07EBF00000 [64mb]
[    0.0394]   VIF0 Unpack Recompiler Cache     @ 0x00007F07E2F00000 -> 0x00007F07E3700000 [8mb]
[    0.0394]   VIF1 Unpack Recompiler Cache     @ 0x00007F07E3700000 -> 0x00007F07E3F00000 [8mb]
[    0.0394]   VIF Unpack Recompiler Cache      @ 0x00007F07EBF00000 -> 0x00007F07EC000000 [1mb]
[    0.0394]   GS Software Renderer             @ 0x00007F07EC000000 -> 0x00007F07F0000000 [64mb]
[    0.0416] Fastmem area: 0x7f06cb200000 - 0x7f07cb1fffff
[    0.0420] Generating SSE-optimized unpacking functions for VIF interpreters...
[    0.0423] Unpack function generation complete.  Generated function statistics:
[    0.0423]   Reserved buffer    : 1048576 bytes @ 0x00007F07EBF00000
[    0.0423]   x86 code generated : 7422 bytes
[    0.0423] 
[    0.0426] SDLInputSource: Using Controller DB from resources.
[    0.0618] SDLInputSource: 765 gamepad mappings are loaded.
[    0.0619] Invalid binding: 'XInput-0/DPadUp'
[    0.0619] Invalid binding: 'XInput-0/DPadRight'
[    0.0619] Invalid binding: 'XInput-0/DPadDown'
[    0.0619] Invalid binding: 'XInput-0/DPadLeft'
[    0.0619] Invalid binding: 'XInput-0/Y'
[    0.0619] Invalid binding: 'XInput-0/B'
[    0.0619] Invalid binding: 'XInput-0/A'
[    0.0619] Invalid binding: 'XInput-0/X'
[    0.0619] Invalid binding: 'XInput-0/Back'
[    0.0619] Invalid binding: 'XInput-0/Start'
[    0.0619] Invalid binding: 'XInput-0/LeftShoulder'
[    0.0619] Invalid binding: 'XInput-0/+LeftTrigger'
[    0.0619] Invalid binding: 'XInput-0/RightShoulder'
[    0.0619] Invalid binding: 'XInput-0/+RightTrigger'
[    0.0619] Invalid binding: 'XInput-0/LeftStick'
[    0.0619] Invalid binding: 'XInput-0/RightStick'
[    0.0619] Invalid binding: 'XInput-0/Guide'
[    0.0619] Invalid binding: 'XInput-0/-LeftY'
[    0.0619] Invalid binding: 'XInput-0/+LeftX'
[    0.0619] Invalid binding: 'XInput-0/+LeftY'
[    0.0619] Invalid binding: 'XInput-0/-LeftX'
[    0.0620] Invalid binding: 'XInput-0/-RightY'
[    0.0620] Invalid binding: 'XInput-0/+RightX'
[    0.0620] Invalid binding: 'XInput-0/+RightY'
[    0.0620] Invalid binding: 'XInput-0/-RightX'
[    0.0625] Settings: Advanced Settings are enabled; only proceed if you know what you're doing! No support will be provided if you have the option enabled.
[    0.1107] Scanning F:\PS2\Games (recursively)
[    0.1143] Loading BIOS...
[    0.1266] BIOS Found: Europe  v02.00(14/06/2004)  Console 20040614-100914
[    0.1817] Mechacon version: 0x00020603
[    0.1831] Opening CDVD...
[    0.2181] Initializing Elf: 4490492 bytes
[    0.2191] Disc changed to .
[    0.2192]   Name: vehicle-playground [?]
[    0.2192]   Serial: vehicle-playground
[    0.2192]   Version: 
[    0.2192]   CRC: 11A537C5
[    0.2192] No game settings found (tried '/home/spider/night-ablation-emulator-pool-lattice-order0-20261005/profile/PCSX2/gamesettings/11A537C5.ini')
[    0.2192] Applying settings...
[    0.2194] Invalid binding: 'XInput-0/DPadUp'
[    0.2194] Invalid binding: 'XInput-0/DPadRight'
[    0.2194] Invalid binding: 'XInput-0/DPadDown'
[    0.2194] Invalid binding: 'XInput-0/DPadLeft'
[    0.2195] Invalid binding: 'XInput-0/Y'
[    0.2195] Invalid binding: 'XInput-0/B'
[    0.2195] Invalid binding: 'XInput-0/A'
[    0.2195] Invalid binding: 'XInput-0/X'
[    0.2195] Invalid binding: 'XInput-0/Back'
[    0.2195] Invalid binding: 'XInput-0/Start'
[    0.2195] Invalid binding: 'XInput-0/LeftShoulder'
[    0.2195] Invalid binding: 'XInput-0/+LeftTrigger'
[    0.2195] Invalid binding: 'XInput-0/RightShoulder'
[    0.2195] Invalid binding: 'XInput-0/+RightTrigger'
[    0.2195] Invalid binding: 'XInput-0/LeftStick'
[    0.2195] Invalid binding: 'XInput-0/RightStick'
[    0.2195] Invalid binding: 'XInput-0/Guide'
[    0.2195] Invalid binding: 'XInput-0/-LeftY'
[    0.2195] Invalid binding: 'XInput-0/+LeftX'
[    0.2195] Invalid binding: 'XInput-0/+LeftY'
[    0.2195] Invalid binding: 'XInput-0/-LeftX'
[    0.2195] Invalid binding: 'XInput-0/-RightY'
[    0.2195] Invalid binding: 'XInput-0/+RightX'
[    0.2195] Invalid binding: 'XInput-0/+RightY'
[    0.2195] Invalid binding: 'XInput-0/-RightX'
[    0.2197] GameDB: Has not been initialized yet, initializing...
[    0.2714] GameDB: 12841 games on record (loaded in 51.66ms)
[    0.2749] Reopening memory cards...
[    0.2749] (FileMcd) Creating new 8MB memory card: /home/spider/night-ablation-emulator-pool-lattice-order0-20261005/profile/PCSX2/memcards/Mcd001.ps2
[    0.2854] McdSlot 0 [File]: Mcd001.ps2 [8 MB, UNFORMATTED]
[    0.2854] McdSlot 1 [File]: [disabled/empty filename]
[    0.2920] HLE Host: Set 'host:' root path to: /mnt/f/Projects/tyrax2-lab-20261001/wild-pool-lattice-physical-v5/game/bin
[    0.2924] EE/iR5900 Recompiler Reset
[    0.3415] iR3000A Recompiler reset.
[    0.3571] mVU Reset
[    0.3581] mVU Reset
[    0.3654] Resetting host memory for virtual systems...
[    0.6507] Time Zone Offset: GMT+01:00
[    0.6507] Time Zone Location: Berlin
[    0.6507] DST: Winter Time
[    0.6507] Time Format: 24-Hour
[    0.6507] Date Format: DD/MM/YYYY
[    0.6507] System Time Basis: Operating System Time
[    0.6507] Resulting System Time: 2026-10-05 13:43:25
[    0.6508] Close virtual disk tray
[    0.6508] Media already loaded (fast boot)
[    0.6508] Opening GS...
[    0.6886] VK: Enabling extension: VK_KHR_get_surface_capabilities2
[    0.6990] Using Vulkan GPU 'llvmpipe (LLVM 15.0.7, 256 bits)' for automatic renderer check.
[    0.6991] Not using Vulkan for software renderer.
[    0.6992] acquireRenderWindow() recreate=true fullscreen=false render_to_main=false surfaceless=false
[    0.7034] (GetRefreshRateFromXRandR) Modeline is invalid: 0/0/0
[    0.7034] Surface refresh rate: 60 Hz
[    0.7035] Loading EGL from libEGL.so...
[    0.7047] GLAD EGL Version: 1.0
[    0.7048] Using EGL platform EGL_EXT_platform_x11.
[    0.7133] eglInitialize() version: 1.5
[    0.7134] GLAD EGL Version: 1.5
[    0.7134] Trying GL version 4.6
[    0.7134] eglCreateContext() failed: 0x3009
[    0.7134] Trying GL version 4.5
[    0.7212] Got GL version 4.5
[    0.7212] EGL_MIN_SWAP_INTERVAL = 1
[    0.7212] EGL_MAX_SWAP_INTERVAL = 1
[    0.7212] Negative swap interval/tear-control is NOT supported
[    0.7241] GL_VENDOR: Mesa
[    0.7242] GL_VERSION: 4.5 (Core Profile) Mesa 23.2.1-1ubuntu3.1~22.04.4
[    0.7242] GL_RENDERER: llvmpipe (LLVM 15.0.7, 256 bits)
[    0.7242] GL_SHADING_LANGUAGE_VERSION: 4.50
[    0.7242] GL_MAX_VERTEX_SHADER_STORAGE_BLOCKS: 16
[    0.7242] GL: Viewport Array:            Supported       => Using: GL_ARB_viewport_array
[    0.7242] GL: Direct State Access:       Supported       => Using: OpenGL 4.5 Core
[    0.7242] GL: Copy Image:                Supported       => Using: OpenGL 4.3 Core
[    0.7243] GL: Clip Control:              Supported       => Using: OpenGL 4.5 Core
[    0.7243] GL: Conservative Depth:        Supported       => Using: OpenGL 4.2 Core
[    0.7243] GL: CAS Sharpening:            Supported       => Using: OpenGL 4.2 Core
[    0.7243] GL: Texture Barriers:          Auto            => Using: Framebuffer Fetch
[    0.7243] GL: RGBA16 HW Blending:        Supported       => Using: RGBA16 UNORM
[    0.7243] GL: Point Expansion:           Supported       => Using: Hardware
[    0.7243] GL: Line Expansion:            Fallback        => Using: Vertex Expansion
[    0.7243] GL: Sprite Expansion:          Supported       => Using: Vertex Expansion
[    0.7243] GL: DXTn Texture Compression:  Supported       => Using: GL_EXT_texture_compression_s3tc
[    0.7243] GL: BC6/7 Texture Compression: Supported       => Using: OpenGL 4.2 Core
[    0.7265] 1 program binary formats supported by driver
[    0.7621] Program binary retrieved, 4105 bytes, format 34655
[    0.7625] Program binary retrieved, 4121 bytes, format 34655
[    0.7629] Program binary retrieved, 4249 bytes, format 34655
[    0.7633] Program binary retrieved, 4013 bytes, format 34655
[    0.7637] Program binary retrieved, 4013 bytes, format 34655
[    0.7640] Program binary retrieved, 4017 bytes, format 34655
[    0.7644] Program binary retrieved, 4017 bytes, format 34655
[    0.7648] Program binary retrieved, 4185 bytes, format 34655
[    0.7652] Program binary retrieved, 4217 bytes, format 34655
[    0.7656] Program binary retrieved, 4137 bytes, format 34655
[    0.7660] Program binary retrieved, 4125 bytes, format 34655
[    0.7663] Program binary retrieved, 4121 bytes, format 34655
[    0.7669] Program binary retrieved, 4253 bytes, format 34655
[    0.7675] Program binary retrieved, 4237 bytes, format 34655
[    0.7679] Program binary retrieved, 4245 bytes, format 34655
[    0.7683] Program binary retrieved, 4261 bytes, format 34655
[    0.7688] Program binary retrieved, 4965 bytes, format 34655
[    0.7693] Program binary retrieved, 4981 bytes, format 34655
[    0.7697] Program binary retrieved, 4261 bytes, format 34655
[    0.7701] Program binary retrieved, 4277 bytes, format 34655
[    0.7706] Program binary retrieved, 5005 bytes, format 34655
[    0.7711] Program binary retrieved, 5021 bytes, format 34655
[    0.7715] Program binary retrieved, 4257 bytes, format 34655
[    0.7719] Program binary retrieved, 4273 bytes, format 34655
[    0.7725] Program binary retrieved, 5001 bytes, format 34655
[    0.7730] Program binary retrieved, 5017 bytes, format 34655
[    0.7733] Program binary retrieved, 4277 bytes, format 34655
[    0.7738] Program binary retrieved, 4293 bytes, format 34655
[    0.7743] Program binary retrieved, 5057 bytes, format 34655
[    0.7748] Program binary retrieved, 5073 bytes, format 34655
[    0.7752] Program binary retrieved, 4153 bytes, format 34655
[    0.7755] Program binary retrieved, 4169 bytes, format 34655
[    0.7760] Program binary retrieved, 4233 bytes, format 34655
[    0.7764] Program binary retrieved, 5781 bytes, format 34655
[    0.7770] Program binary retrieved, 5373 bytes, format 34655
[    0.7775] Program binary retrieved, 6389 bytes, format 34655
[    0.7780] Program binary retrieved, 4917 bytes, format 34655
[    0.7784] Program binary retrieved, 4845 bytes, format 34655
[    0.7788] Program binary retrieved, 4997 bytes, format 34655
[    0.7792] Program binary retrieved, 4101 bytes, format 34655
[    0.7824] Program binary retrieved, 4137 bytes, format 34655
[    0.7874] Program binary retrieved, 4109 bytes, format 34655
[    0.7881] Program binary retrieved, 5389 bytes, format 34655
[    0.7888] Program binary retrieved, 5829 bytes, format 34655
[    0.7895] Program binary retrieved, 5857 bytes, format 34655
[    0.7901] Program binary retrieved, 4289 bytes, format 34655
[    0.7941] Program binary retrieved, 21205 bytes, format 34655
[    0.7949] Program binary retrieved, 4765 bytes, format 34655
[    0.7958] Program binary retrieved, 5685 bytes, format 34655
[    0.7963] Program binary retrieved, 4141 bytes, format 34655
[    0.7968] Program binary retrieved, 4537 bytes, format 34655
[    0.7974] Program binary retrieved, 4889 bytes, format 34655
[    0.7979] Program binary retrieved, 4117 bytes, format 34655
[    0.7985] Program binary retrieved, 4741 bytes, format 34655
[    0.7992] Program binary retrieved, 4965 bytes, format 34655
[    0.8001] Program binary retrieved, 6613 bytes, format 34655
[    0.8006] Program binary retrieved, 4797 bytes, format 34655
[    0.8021] Program binary retrieved, 13085 bytes, format 34655
[    0.8084] Program binary retrieved, 7285 bytes, format 34655
[    0.8141] Program binary retrieved, 5497 bytes, format 34655
[    0.8145] Program binary retrieved, 4141 bytes, format 34655
[    0.8148] Program binary retrieved, 4141 bytes, format 34655
[    0.8152] Program binary retrieved, 4145 bytes, format 34655
[    0.8156] Program binary retrieved, 4145 bytes, format 34655
[    0.8646] Program binary retrieved, 5369 bytes, format 34655
[    0.8665] OpenGL Graphics Driver Info:
[    0.8666] OpenGL Context:
[    0.8666] 4.5 (Core Profile) Mesa 23.2.1-1ubuntu3.1~22.04.4
[    0.8666] Mesa llvmpipe (LLVM 15.0.7, 256 bits)
[    0.8666] GLSL: 4.50
[    0.8702] Processor count: 24 cores, 24 processors, 1 clusters
[    0.8702] Ordered processor list: 12, 23, 22, 21, 20, 19, 18, 17, 16, 15, 14, 13, 0, 11, 10, 9, 8, 7, 6, 5, 4, 3, 2, 1
[    0.8702] Not pinning SW threads, we need 4 processors, but only have 0
[    0.8714] Opening SPU2...
[    0.8733] Creating Null audio stream, sample rate = 48000, expansion = Disabled, buffer = 50, latency = 32, stretching enabled, driver = wasapi, device = 
[    0.8734] Allocated buffer of 2432 frames for buffer of 50 ms [expansion Disabled (block size 2048), stretch disabled, target size 2432].
[    0.8734] Initializing Pad...
[    0.8734] Initializing SIO2...
[    0.8734] Initializing SIO0...
[    0.8734] Opening DEV9...
[    0.8734] DEV9: DEV9init
[    0.8741] DEV9: DEV9init2
[    0.8741] DEV9: DEV9init3
[    0.8778] DEV9: DEV9init ok
[    0.8779] DEV9: DEV9open
[    0.8779] Opening USB...
[    0.8779] Opening FW...
[    0.8782] Frame rate: 59.94, target speed: 1, target frame rate: 59.94, ticks per frame: 16683350
[    0.8805] MultiPause time: 241ns
[    0.8806] MultiPause time: 231ns
[    0.8806] MultiPause time: 145ns
[    0.8814] MultiPause time: 144ns
[    0.8822] VM subsystems initialized in 768.14 ms
[    0.8921] Failed to inhibit screen saver.
[    0.8921] Processor order assignment: EE=12, VU=23, GS=22
[    0.8921]   EE thread is on processor 12 (0x1000)
[    0.8922]   VU thread is on processor 23 (0x800000)
[    0.8923]   GS thread is on processor 22 (0x400000)
[    0.9029] Failed to inhibit screen saver.
[    0.9264] # Initialize memory (rev:3.70, ctm:197Mhz, cpuclk:147Mhz detected)
[    0.9353] R3000 Debugger: Branch to 0x890 (SYSMEM). Clearing modules.
[    0.9368] RegisterLibraryEntries: excepman version 1.01
[    0.9378] RegisterLibraryEntries:  intrman version 1.02
[    0.9378] RegisterLibraryEntries:   ssbusc version 1.01
[    0.9383] RegisterLibraryEntries:  dmacman version 1.02
[    0.9387] RegisterLibraryEntries:  timrman version 1.01
[    0.9391] RegisterLibraryEntries:  sysclib version 1.01
[    0.9391] RegisterLibraryEntries:    stdio version 1.01
[    0.9393] RegisterLibraryEntries:  heaplib version 1.01
[    0.9397] FW: read mem 0x1f80847c: 0x10000001
[    0.9397] FW: write mem 0x1f808414: 0x417f0000
[    0.9397] FW: read mem 0x1f808400: 0xffc00001
[    0.9397] FW: write mem 0x1f80844c: 0xffffffff
[    0.9397] FW: write mem 0x1f808420: 0xffffffff
[    0.9397] FW: write mem 0x1f808428: 0xffffffff
[    0.9397] FW: write mem 0x1f808430: 0xffffffff
[    0.9407] RegisterLibraryEntries:   thbase version 1.01
[    0.9408] RegisterLibraryEntries:  thevent version 1.01
[    0.9408] RegisterLibraryEntries:  thsemap version 1.01
[    0.9408] RegisterLibraryEntries:  thmsgbx version 1.01
[    0.9409] RegisterLibraryEntries:  thfpool version 1.01
[    0.9409] RegisterLibraryEntries:  thvpool version 1.01
[    0.9417] RegisterLibraryEntries:   vblank version 1.01
[    0.9422] RegisterLibraryEntries:    ioman version 1.02
[    0.9428] RegisterLibraryEntries:  modload version 1.01
[    0.9432] RegisterLibraryEntries:   romdrv version 2.01
[    0.9434] RegisterLibraryEntries:    stdio version 1.02
[    0.9437] RegisterLibraryEntries:   sifman version 1.01
[    0.9441] 
[    0.9441] PlayStation 2 ======== Hard reset boot
[    0.9443]  ROMGEN=2004-0614, IOP info (CPUID=1f, CACH_CONFIG=0, 2MB, IOP mode)
[    0.9444]  <20040614-100914,ROMconf,PS20200EC20040614.bin:11696>
[    0.9534] # Total accessable memory size: 32 MB (B:2:8:0) (370:2:7c30)
[    0.9544] # TLB spad=0 kernel=1:12 default=13:30 extended=31:38
[    1.0177] # Initialize Start.
[    1.0184] # Initialize GS ...
[    1.0184] # Initialize INTC ...
[    1.0184] # Initialize TIMER ...
[    1.0185] # Initialize DMAC ...
[    1.0186] # Initialize VU1 ...
[    1.0189] # Initialize VIF1 ...
[    1.0190] # Initialize GIF ...
[    1.0190] # Initialize VU0 ...
[    1.0192] # Initialize VIF0 ...
[    1.0192] # Initialize IPU ...
[    1.0193] # Initialize FPU ...
[    1.0194] # Initialize User Memory ...
[    1.0760] # Initialize Scratch Pad ...
[    1.0761] # Initialize Done.
[    1.0769] 
[    1.0770] EE DECI2 Manager version 0.06 Feb  6 2003 08:38:48
[    1.0770]   CPUID=2e20, BoardID=0, ROMGEN=2004-0614, 32M
[    1.0770] 
[    1.0772] RegisterLibraryEntries:   sifcmd version 1.01
[    1.1103] Initializing Elf: 4490492 bytes
[    1.1131] ELF Loading: host:vehicle-playground.elf, Game CRC = 11A537C5, EntryPoint = 0x00100E78
[    1.1159] RegisterLibraryEntries:  cdvdman version 1.01
[    1.1216] RegisterLibraryEntries:  cdvdfsv version 1.01
[    1.1231] RegisterLibraryEntries:  secrman version 1.03
[    1.1232] RegisterLibraryEntries:   eesync version 1.01
[    1.1233] 
[    1.1233] IOP Realtime Kernel Ver.0.9.1
[    1.1234]     Copyright 1999 (C) Sony Computer Entertainment Inc. 
[    1.1242] Reboot service module.(99/11/10)
[    1.1264] cdvd driver module version 0.1.1 (C)SCEI
[    1.1269] Load File service.(99/11/05)
[    1.1270] Multi Threaded Fileio module.(99/11/15) 
[    1.1270] iop heap service (99/11/03)
[    1.1468] loadelf: fname host:vehicle-playground.elf secname all
[    1.1468] loadelf version 3.30
[    1.1492] Input ELF format filename = host:vehicle-playground.elf
[    1.1961] 1 00100000 003fc43c ................................................................
[    1.1962] Loaded, host:vehicle-playground.elf
[    1.1962] start address 0x100e78
[    1.1962] gp address 00000000
[    1.1972] # Restart Without Memory Clear.
[    1.2028] # Initialize GS ...
[    1.2028] # Initialize INTC ...
[    1.2028] # Initialize TIMER ...
[    1.2028] # Initialize DMAC ...
[    1.2029] # Initialize VU1 ...
[    1.2033] # Initialize VIF1 ...
[    1.2033] # Initialize GIF ...
[    1.2033] # Initialize VU0 ...
[    1.2033] # Initialize VIF0 ...
[    1.2033] # Initialize IPU ...
[    1.2033] # Initialize FPU ...
[    1.2033] # Initialize Scratch Pad ...
[    1.2034] # Restart Without Memory Clear Done.
[    1.2035] ELF host:vehicle-playground.elf with entry point at 0x00100E78 is executing.
[    1.2035] ELF changed, active CRC 11A537C5 (host:vehicle-playground.elf)
[    1.2039] Applying core settings...
[    1.2044] Updating CPU configuration...
[    1.2044] iR3000A Recompiler reset.
[    1.2090] mVU Reset
[    1.2094] mVU Reset
[    1.2274] iR3000A Recompiler reset.
[    1.2304] mVU Reset
[    1.2305] mVU Reset
[    1.2344] EE/iR5900 Recompiler Reset
[    1.2519] BIOS: Successfully found the instruction pattern. Assuming the thread list is here: 8001a640
[    1.2542] Warning: GetOsdConfigParam2 Reading extended language/version configs, may be incorrect!
[    1.2649] read/write allocate memory 4000
[    1.2650] open name host:/ps2link.run flag 1 data 41378
[    1.2656] open fd = -5
[    1.2685] Get Reboot Request From EE
[    1.2698] R3000 Debugger: Branch to 0x890 (SYSMEM). Clearing modules.
[    1.2718] RegisterLibraryEntries: excepman version 1.01
[    1.2728] RegisterLibraryEntries:  intrman version 1.02
[    1.2729] RegisterLibraryEntries:   ssbusc version 1.01
[    1.2736] RegisterLibraryEntries:  dmacman version 1.02
[    1.2741] RegisterLibraryEntries:  timrman version 1.01
[    1.2747] RegisterLibraryEntries:  sysclib version 1.01
[    1.2747] RegisterLibraryEntries:    stdio version 1.01
[    1.2749] RegisterLibraryEntries:  heaplib version 1.01
[    1.2772] RegisterLibraryEntries:   thbase version 1.01
[    1.2772] RegisterLibraryEntries:  thevent version 1.01
[    1.2773] RegisterLibraryEntries:  thsemap version 1.01
[    1.2773] RegisterLibraryEntries:  thmsgbx version 1.01
[    1.2773] RegisterLibraryEntries:  thfpool version 1.01
[    1.2773] RegisterLibraryEntries:  thvpool version 1.01
[    1.2783] RegisterLibraryEntries:   vblank version 1.01
[    1.2787] RegisterLibraryEntries:    ioman version 1.02
[    1.2797] RegisterLibraryEntries:  modload version 1.01
[    1.2853] RegisterLibraryEntries:   romdrv version 2.01
[    1.2856] RegisterLibraryEntries:    stdio version 1.02
[    1.2861] RegisterLibraryEntries:   sifman version 1.01
[    1.2865] 
[    1.2865] PlayStation 2 ======== Soft reboot
[    1.2872] RegisterLibraryEntries:   sifcmd version 1.01
[    1.2908] RegisterLibraryEntries:  cdvdman version 1.01
[    1.2924] RegisterLibraryEntries:  cdvdfsv version 1.01
[    1.2994] RegisterLibraryEntries:  secrman version 1.03
[    1.2996] RegisterLibraryEntries:   eesync version 1.01
[    1.2997] 
[    1.2997] IOP Realtime Kernel Ver.0.9.1
[    1.2998]     Copyright 1999 (C) Sony Computer Entertainment Inc. 
[    1.3003] Reboot service module.(99/11/10)
[    1.3022] [EE] Skipping timeout loop at 0x002D9EC0 -> 0x002D9EE0
[    1.3022] cdvd driver module version 0.1.1 (C)SCEI
[    1.3025] Load File service.(99/11/05)
[    1.3025] Multi Threaded Fileio module.(99/11/15) 
[    1.3026] iop heap service (99/11/03)
[    1.3312] RegisterLibraryEntries:   iomanx version 1.01
[    1.3324] fileXio: fileXio: fileXio RPC Server v1.00
[    1.3324] Copyright (c) 2003 adresd
[    1.3326] RegisterLibraryEntries:  sio2man version 2.07
[    1.3327] RegisterLibraryEntries:  sio2man version 1.02
[    1.3335] RegisterLibraryEntries:   padman version 1.02
[    1.3336] Pad Driver for OSD
[    1.3340] FREESD v1.01
[    1.3341] RegisterLibraryEntries:    libsd version 1.04
[    1.3459] debug_level = 1 (ps2snd 0.1
[    1.3466] greetings from version 0.93 !
[    1.3467] RegisterLibraryEntries:   audsrv version 1.04
[    1.3467] audsrv_adpcm_init()
[    1.3478] UpdateVSyncRate: Mode Changed to SDTV 480p.
[    1.3478] Frame rate: 59.94, target speed: 1, target frame rate: 59.94, ticks per frame: 16683350
[    1.3478] Set GS CRTC configuration. SDTV   720x480 @ 59.94 Progressive (FRAME)
[    3.4525] read/write allocate memory 4000
[    3.4528] 
[    3.4531] -----------------------------------------
[    3.4532]         _____        ____   ___
[    3.4532]           |     /   ____| |___|
[    3.4533]           |     |   |     |   |
[    3.4533] -----------------------------------------
[    3.4534] Copyright 2022
[    3.4534] Repository: https://github.com/h4570/tyra
[    3.4535] Licensed under Apache License 2.0
[    3.4539] Version: 2.2.0
[    3.4540] -----------------------------------------
[    3.4540] 
[    3.6192] audsrv_adpcm_init()
[    3.6202] [EE] Skipping timeout loop at 0x00102CB0 -> 0x00102CD0
[    3.6528] Curent pad(0,0) status: EXECCMD
[    3.8496] Pad: DS2 Config Finished - P1/S1 - AL: Off - AB: Usable - VS: Disabled - VL: Disabled - RB: D (0x00000000)
[    3.8862] Curent pad(0,0) status: EXECCMD
[    3.9501] Pad: DS2 Config Finished - P1/S1 - AL: On - AB: Locked - VS: Disabled - VL: Disabled - RB: D (0x00000000)
[    4.1502] Pad: DS2 Config Finished - P1/S1 - AL: On - AB: Locked - VS: Disabled - VL: Disabled - RB: D (0x00000000)
[    4.1851] Curent pad(0,0) status: EXECCMD
[    4.4503] Pad: DS2 Config Finished - P1/S1 - AL: On - AB: Locked - VS: Disabled - VL: Disabled - RB: D+A+P (0x0003FFFF)
[    4.6510] Pad: DS2 Config Finished - P1/S1 - AL: On - AB: Locked - VS: Disabled - VL: Disabled - RB: D+A+P (0x0003FFFF)
[    4.6873] open name host:/night-ablation.cfg flag 1 data 41378
[    4.6887] open fd = 256
[    4.6924] open name host:/night-ablation.log flag 602 data 41378
[    4.6940] open fd = 256
[    4.7020] loadmodule: fname rom0:XMCMAN args 0 arg 
[    4.7117] RegisterLibraryEntries:    mcman version 2.03
[    4.7125] loadmodule: id 32, ret 0
[    4.7126] loadmodule: fname rom0:XMCSERV args 0 arg 
[    4.7129] RegisterLibraryEntries:   mcserv version 1.01
[    4.7130] loadmodule: id 33, ret 0
[    4.7131] [EE] Skipping timeout loop at 0x00104820 -> 0x00104840
[    5.0879] (FileMcd) Warning: checksum sector overwritten. (0)
[    5.0879] OSD [MemoryCardSave0]: Memory Card 'Mcd001.ps2' was saved to storage.
[    5.5542] (FileMcd) Warning: checksum sector overwritten. (0)
[    5.6587] open name host:/save/icon.sys flag 1 data 41378
[    5.6606] open fd = 257
[    5.7414] open name host:/save/list.icn flag 1 data 41378
[    5.7433] open fd = 257
[    5.9093] open name host:/menus/save.png flag 1 data 41378
[    5.9112] open fd = 257
[    5.9553] open name host:/hud/save-cursor.png flag 1 data 41378
[    5.9574] open fd = 257
[    5.9596] open name host:/hud/save-used.png flag 1 data 41378
[    5.9614] open fd = 257
[    5.9644] open name host:/hud/save-saved.png flag 1 data 41378
[    5.9662] open fd = 257
[    5.9757] open name host:/hud/save-loaded.png flag 1 data 41378
[    5.9775] open fd = 257
[    5.9809] open name host:/hud/save-error.png flag 1 data 41378
[    5.9831] open fd = 257
[    5.9859] open name host:/hud/save-busy.png flag 1 data 41378
[    5.9876] open fd = 257
[    6.0200] open name host:/hud/save-spinner.png flag 1 data 41378
[    6.0219] open fd = 257
[    6.0270] open name host:/menus/save.png flag 1 data 41378
[    6.0291] open fd = 257
[    6.0710] open name host:/menus/district-pause.png flag 1 data 41378
[    6.0728] open fd = 257
[    6.1039] open name host:/menus/district-pause-values.png flag 1 data 41378
[    6.1060] open fd = 257
[    6.1104] open name host:/hud/save-cursor.png flag 1 data 41378
[    6.1127] open fd = 257
[    6.1152] open name host:/hud/save-cursor.png flag 1 data 41378
[    6.1169] open fd = 257
[    6.1260] open name host:/hud/save-cursor.png flag 1 data 41378
[    6.1277] open fd = 257
[    6.1299] open name host:/hud/menu-dim.png flag 1 data 41378
[    6.1313] open fd = 257
[    6.1340] open name host:/hud/flare-corona.png flag 1 data 41378
[    6.1359] open fd = 257
[    6.1492] open name host:/hud/flashlight-gobo.png flag 1 data 41378
[    6.1509] open fd = 257
[    6.1640] open name host:/hud/flare-glow.png flag 1 data 41378
[    6.1662] open fd = 257
[    6.1700] open name host:/hud/sun-disc.png flag 1 data 41378
[    6.1717] open fd = 257
[    6.1827] open name host:/hud/moon-disc.png flag 1 data 41378
[    6.1846] open fd = 257
[    6.2151] open name host:/quiet-night.cfg flag 1 data 41378
[    6.2163] open fd = 257
[    6.2187] LOG: NIGHTPLAN schema=1 kind=8 order=0 joint=0 restored=0 phases=3
[    6.2189] LOG: NIGHTCONFIG order=0 valid=1 profile=0 hardwareTrace=0 ringBytes=0 ordinaryClocks=1 fixedDt=0 sampleBytes=6144 chunkBytes=420 phases=3 phaseFrames=1800 taxFirst=800 taxLoops=320 chunkFrames=64 sampleFirst=900 sampleCount=128 video=1 display=1 depth=2 width=448 height=448 refreshMilliHz=60000 requested=1 night=1
[    6.2190] LOG: NIGHTQUALITY rasterWidth=448 rasterHeight=448 scaleX=1 scaleY=1
[    6.2192] open name host:/hud/use-text.png flag 1 data 41378
[    6.2211] open fd = 257
[    6.2252] open name host:/hud/pick-text.png flag 1 data 41378
[    6.2272] open fd = 257
[    6.2305] open name host:/sfx/engine_idle.adpcm flag 1 data 41378
[    6.2325] open fd = 257
[    6.2514] open name host:/sfx/engine_high.adpcm flag 1 data 41378
[    6.2534] open fd = 257
[    6.2717] open name host:/sfx/tires_screech.adpcm flag 1 data 41378
[    6.2741] open fd = 257
[    6.2788] open name host:/sfx/gear-shift.adpcm flag 1 data 41378
[    6.2807] open fd = 257
[    6.2839] LOG: NIGHTLATTICEPHASE phase=0 selected=1 enabled=0
[    6.2842] LOG: NIGHTPHASE phase=0 first=0 mask=0 appliedMask=0 sampler=1 countReads=262 samplePtr=00554848
[    6.2842] LOG: NIGHTEXTRAPHASE phase=0 first=0 extraMask=0 appliedExtraMask=0
[    6.2843] LOG: NIGHTWILDPHASE phase=0 first=0 variant=0 enabled=0 appliedVariant=0 appliedEnabled=0
[    6.2844] LOG: NIGHTTABLEPHASE phase=0 first=0 selected=1 enabled=1 appliedSelected=1 appliedEnabled=1
[    6.2852] open name host:/launch.scene flag 1 data 41378
[    6.2858] open fd = -5
[    6.2860] open name host:/hud/loading.png flag 1 data 41378
[    6.2877] open fd = 257
[    6.3001] FRAMEARENA allocated=1 bytes=1048576
[    6.3612] open name host:/vehicles/veh-ravager000001-shadow.png flag 1 data 41378
[    6.3635] open fd = 257
[    6.3642] open name host:/vehicles/veh-ravager000001-shadow.png flag 1 data 41378
[    6.3660] open fd = 257
[    6.3933] open name host:/vehicles/veh-pica00000001-shadow.png flag 1 data 41378
[    6.3951] open fd = 257
[    6.3961] open name host:/vehicles/veh-pica00000001-shadow.png flag 1 data 41378
[    6.3977] open fd = 257
[    6.4038] open name host:/vehicles/veh-strix0000001-shadow.png flag 1 data 41378
[    6.4062] open fd = 257
[    6.4071] open name host:/vehicles/veh-strix0000001-shadow.png flag 1 data 41378
[    6.4085] open fd = 257
[    6.4216] open name host:/shadowatlas/scene0-0.png flag 1 data 41378
[    6.4233] open fd = 257
[    6.4243] open name host:/shadowatlas/scene0-0.png flag 1 data 41378
[    6.4261] open fd = 257
[    6.4412] open name host:/shadowatlas/scene0-1.png flag 1 data 41378
[    6.4432] open fd = 257
[    6.4439] open name host:/shadowatlas/scene0-1.png flag 1 data 41378
[    6.4460] open fd = 257
[    6.4616] open name host:/textures/district-ground.png flag 1 data 41378
[    6.4636] open fd = 257
[    6.4644] open name host:/textures/district-ground.png flag 1 data 41378
[    6.4662] open fd = 257
[    6.4885] open name host:/materials/district-asphalt.mtl flag 1 data 41378
[    6.4904] open fd = 257
[    6.4975] open name host:/textures/district-asphalt.png flag 1 data 41378
[    6.4993] open fd = 257
[    6.5001] open name host:/textures/district-asphalt.png flag 1 data 41378
[    6.5019] open fd = 257
[    6.5191] open name host:/materials/district-sign.mtl flag 1 data 41378
[    6.5211] open fd = 257
[    6.5237] open name host:/textures/district-sign.png flag 1 data 41378
[    6.5256] open fd = 257
[    6.5265] open name host:/textures/district-sign.png flag 1 data 41378
[    6.5282] open fd = 257
[    6.5320] open name host:/materials/night-warm.mtl flag 1 data 41378
[    6.5338] open fd = 257
[    6.5368] open name host:/materials/night-cyan.mtl flag 1 data 41378
[    6.5388] open fd = 257
[    6.5413] open name host:/materials/night-pink.mtl flag 1 data 41378
[    6.5430] open fd = 257
[    6.5457] open name host:/models/urban/district-workshop.tmdl flag 1 data 41378
[    6.5486] open fd = 257
[    6.5531] open name host:/models/urban/Textures/district-facades.png flag 1 data 41378
[    6.5560] open fd = 257
[    6.5570] open name host:/models/urban/Textures/district-facades.png flag 1 data 41378
[    6.5599] open fd = 257
[    6.5876] open name host:/models/urban/district-tower.tmdl flag 1 data 41378
[    6.5900] open fd = 257
[    6.5934] open name host:/models/urban/district-loft.tmdl flag 1 data 41378
[    6.5955] open fd = 257
[    6.5981] open name host:/models/urban/detail-light-double.tmdl flag 1 data 41378
[    6.6007] open fd = 257
[    6.6119] open name host:/models/urban/Textures/metal.png flag 1 data 41378
[    6.6154] open fd = 257
[    6.6165] open name host:/models/urban/Textures/metal.png flag 1 data 41378
[    6.6195] open fd = 257
[    6.6311] open name host:/models/urban/detail-light-traffic.tmdl flag 1 data 41378
[    6.6341] open fd = 257
[    6.6466] open name host:/models/urban/Textures/roof.png flag 1 data 41378
[    6.6500] open fd = 257
[    6.6514] open name host:/models/urban/Textures/roof.png flag 1 data 41378
[    6.6539] open fd = 257
[    6.6579] open name host:/models/urban/tree-park-large.tmdl flag 1 data 41378
[    6.6602] open fd = 257
[    6.6689] open name host:/models/urban/Textures/treeA.png flag 1 data 41378
[    6.6719] open fd = 257
[    6.6729] open name host:/models/urban/Textures/treeA.png flag 1 data 41378
[    6.6756] open fd = 257
[    6.6875] open name host:/models/urban/Textures/tiles.png flag 1 data 41378
[    6.6904] open fd = 257
[    6.6915] open name host:/models/urban/Textures/tiles.png flag 1 data 41378
[    6.6944] open fd = 257
[    6.6982] open name host:/models/urban/Textures/dirt.png flag 1 data 41378
[    6.7010] open fd = 257
[    6.7023] open name host:/models/urban/Textures/dirt.png flag 1 data 41378
[    6.7054] open fd = 257
[    6.7091] open name host:/models/urban/tree-park-pine-large.tmdl flag 1 data 41378
[    6.7111] open fd = 257
[    6.7197] open name host:/models/urban/Textures/treeB.png flag 1 data 41378
[    6.7224] open fd = 257
[    6.7234] open name host:/models/urban/Textures/treeB.png flag 1 data 41378
[    6.7263] open fd = 257
[    6.7295] open name host:/models/urban/detail-barrier-type-a.tmdl flag 1 data 41378
[    6.7315] open fd = 257
[    6.7461] open name host:/models/urban/Textures/signs.png flag 1 data 41378
[    6.7496] open fd = 257
[    6.7507] open name host:/models/urban/Textures/signs.png flag 1 data 41378
[    6.7531] open fd = 257
[    6.7562] open name host:/models/urban/detail-dumpster-closed.tmdl flag 1 data 41378
[    6.7589] open fd = 257
[    6.7625] open name host:/models/urban/Textures/metal_wall.png flag 1 data 41378
[    6.7659] open fd = 257
[    6.7671] open name host:/models/urban/Textures/metal_wall.png flag 1 data 41378
[    6.7697] open fd = 257
[    6.7733] open name host:/models/urban/Textures/wall.png flag 1 data 41378
[    6.7763] open fd = 257
[    6.7773] open name host:/models/urban/Textures/wall.png flag 1 data 41378
[    6.7808] open fd = 257
[    6.7844] open name host:/models/urban/detail-bench.tmdl flag 1 data 41378
[    6.7870] open fd = 257
[    6.8039] open name host:/models/urban/Textures/planks.png flag 1 data 41378
[    6.8065] open fd = 257
[    6.8077] open name host:/models/urban/Textures/planks.png flag 1 data 41378
[    6.8105] open fd = 257
[    6.8142] open name host:/models/urban/pallet.tmdl flag 1 data 41378
[    6.8167] open fd = 257
[    6.8267] open name host:/vehicles/veh-ravager000001-body.tmdl flag 1 data 41378
[    6.8283] open fd = 257
[    6.9629] open name host:/vehicles/veh-ravager000001-palette.png flag 1 data 41378
[    6.9656] open fd = 257
[    6.9728] open name host:/vehicles/veh-ravager000001-palette.png flag 1 data 41378
[    6.9751] open fd = 257
[    6.9888] open name host:/vehicles/veh-ravager000001-palette-image-0.png flag 1 data 41378
[    6.9909] open fd = 257
[    6.9918] open name host:/vehicles/veh-ravager000001-palette-image-0.png flag 1 data 41378
[    6.9935] open fd = 257
[    7.0160] open name host:/vehicles/veh-pica00000001-body.tmdl flag 1 data 41378
[    7.0178] open fd = 257
[    7.1472] open name host:/vehicles/veh-pica00000001-palette.png flag 1 data 41378
[    7.1492] open fd = 257
[    7.1500] open name host:/vehicles/veh-pica00000001-palette.png flag 1 data 41378
[    7.1519] open fd = 257
[    7.1541] open name host:/vehicles/veh-pica00000001-palette-image-0.png flag 1 data 41378
[    7.1557] open fd = 257
[    7.1565] open name host:/vehicles/veh-pica00000001-palette-image-0.png flag 1 data 41378
[    7.1586] open fd = 257
[    7.1881] open name host:/vehicles/veh-strix0000001-body.tmdl flag 1 data 41378
[    7.1902] open fd = 257
[    7.3234] open name host:/vehicles/veh-strix0000001-palette.png flag 1 data 41378
[    7.3257] open fd = 257
[    7.3265] open name host:/vehicles/veh-strix0000001-palette.png flag 1 data 41378
[    7.3281] open fd = 257
[    7.3303] open name host:/vehicles/veh-strix0000001-palette-image-0.png flag 1 data 41378
[    7.3323] open fd = 257
[    7.3333] open name host:/vehicles/veh-strix0000001-palette-image-0.png flag 1 data 41378
[    7.3353] open fd = 257
[    7.3638] open name host:/sky/scene0.png flag 1 data 41378
[    7.3659] open fd = 257
[    7.3668] open name host:/sky/scene0.png flag 1 data 41378
[    7.3687] open fd = 257
[    7.6423] open name host:/vehicles/fx-skid.png flag 1 data 41378
[    7.6442] open fd = 257
[    7.6451] open name host:/vehicles/fx-skid.png flag 1 data 41378
[    7.6468] open fd = 257
[    7.6644] open name host:/vehicles/fx-smoke.png flag 1 data 41378
[    7.6662] open fd = 257
[    7.6670] open name host:/vehicles/fx-smoke.png flag 1 data 41378
[    7.6687] open fd = 257
[    7.6731] open name host:/vehicles/veh-ravager000001-wheel.tmdl flag 1 data 41378
[    7.6749] open fd = 257
[    7.6827] open name host:/vehicles/veh-ravager000001-wheelfast.tmdl flag 1 data 41378
[    7.6846] open fd = 257
[    7.6920] open name host:/fonts/atlas-default.png flag 1 data 41378
[    7.6940] open fd = 257
[    7.7079] open name host:/hud/icons.png flag 1 data 41378
[    7.7100] open fd = 257
[    7.7247] open name host:/hud/loading-white.png flag 1 data 41378
[    7.7269] open fd = 257
[    7.7291] open name host:/vehicles/veh-pica00000001-wheel.tmdl flag 1 data 41378
[    7.7306] open fd = 257
[    7.7395] open name host:/vehicles/veh-pica00000001-wheelfast.tmdl flag 1 data 41378
[    7.7414] open fd = 257
[    7.7486] open name host:/vehicles/veh-strix0000001-wheel.tmdl flag 1 data 41378
[    7.7503] open fd = 257
[    7.7657] open name host:/vehicles/veh-strix0000001-wheelfast.tmdl flag 1 data 41378
[    7.7675] open fd = 257
[    7.7798] open name host:/textures/district-road.png flag 1 data 41378
[    7.7820] open fd = 257
[    7.7827] open name host:/textures/district-road.png flag 1 data 41378
[    7.7845] open fd = 257
[    7.8917] open name host:/textures/district-asphalt.png flag 1 data 41378
[    7.8934] open fd = 257
[    7.8943] open name host:/textures/district-asphalt.png flag 1 data 41378
[    7.8960] open fd = 257
[    7.9084] open name host:/textures/district-plaza.png flag 1 data 41378
[    7.9102] open fd = 257
[    7.9110] open name host:/textures/district-plaza.png flag 1 data 41378
[    7.9126] open fd = 257
[    7.9467] open name host:/gshadow/s0_2_1.png flag 1 data 41378
[    7.9488] open fd = 257
[    7.9495] open name host:/gshadow/s0_2_1.png flag 1 data 41378
[    7.9511] open fd = 257
[    7.9638] open name host:/gshadow/s0_1_1.png flag 1 data 41378
[    7.9657] open fd = 257
[    7.9667] open name host:/gshadow/s0_1_1.png flag 1 data 41378
[    7.9683] open fd = 257
[    7.9717] open name host:/gshadow/s0_3_1.png flag 1 data 41378
[    7.9733] open fd = 257
[    7.9741] open name host:/gshadow/s0_3_1.png flag 1 data 41378
[    7.9759] open fd = 257
[    7.9871] open name host:/gshadow/s0_2_2.png flag 1 data 41378
[    7.9890] open fd = 257
[    7.9897] open name host:/gshadow/s0_2_2.png flag 1 data 41378
[    7.9911] open fd = 257
[    7.9948] open name host:/gshadow/s0_1_2.png flag 1 data 41378
[    7.9966] open fd = 257
[    7.9974] open name host:/gshadow/s0_1_2.png flag 1 data 41378
[    7.9989] open fd = 257
[    8.0024] open name host:/gshadow/s0_3_2.png flag 1 data 41378
[    8.0042] open fd = 257
[    8.0051] open name host:/gshadow/s0_3_2.png flag 1 data 41378
[    8.0066] open fd = 257
[    8.0277] open name host:/gshadow/s0_0_1.png flag 1 data 41378
[    8.0296] open fd = 257
[    8.0305] open name host:/gshadow/s0_0_1.png flag 1 data 41378
[    8.0324] open fd = 257
[    8.0360] open name host:/gshadow/s0_4_1.png flag 1 data 41378
[    8.0379] open fd = 257
[    8.0388] open name host:/gshadow/s0_4_1.png flag 1 data 41378
[    8.0405] open fd = 257
[    8.0438] open name host:/gshadow/s0_4_0.png flag 1 data 41378
[    8.0455] open fd = 257
[    8.0464] open name host:/gshadow/s0_4_0.png flag 1 data 41378
[    8.0481] open fd = 257
[    8.0593] open name host:/gshadow/s0_2_3.png flag 1 data 41378
[    8.0611] open fd = 257
[    8.0618] open name host:/gshadow/s0_2_3.png flag 1 data 41378
[    8.0634] open fd = 257
[    8.0668] open name host:/gshadow/s0_0_2.png flag 1 data 41378
[    8.0684] open fd = 257
[    8.0690] open name host:/gshadow/s0_0_2.png flag 1 data 41378
[    8.0704] open fd = 257
[    8.0802] open name host:/gshadow/s0_4_2.png flag 1 data 41378
[    8.0820] open fd = 257
[    8.0827] open name host:/gshadow/s0_4_2.png flag 1 data 41378
[    8.0843] open fd = 257
[    8.0877] open name host:/gshadow/s0_1_3.png flag 1 data 41378
[    8.0894] open fd = 257
[    8.0900] open name host:/gshadow/s0_1_3.png flag 1 data 41378
[    8.0914] open fd = 257
[    8.1032] open name host:/gshadow/s0_3_3.png flag 1 data 41378
[    8.1055] open fd = 257
[    8.1064] open name host:/gshadow/s0_3_3.png flag 1 data 41378
[    8.1080] open fd = 257
[    8.1110] open name host:/gshadow/s0_0_3.png flag 1 data 41378
[    8.1126] open fd = 257
[    8.1134] open name host:/gshadow/s0_0_3.png flag 1 data 41378
[    8.1150] open fd = 257
[    8.1180] open name host:/gshadow/s0_4_3.png flag 1 data 41378
[    8.1196] open fd = 257
[    8.1202] open name host:/gshadow/s0_4_3.png flag 1 data 41378
[    8.1218] open fd = 257
[    8.8894] microVU1: Cached Prog = [000] [PC=2590] [List=01] (Cache=0.000%) [0.0mb]
[    8.8903] microVU1: 3 cycle stall on branch instruction [2cb8]
[    8.8914] microVU1: Branch Optimization
[    8.8915] microVU1: Cached Prog = [001] [PC=1a30] [List=01] (Cache=0.278%) [0.2mb]
[    8.8915] microVU1: 1 cycle stall on branch instruction [1ae8]
[    8.8915] microVU1: 3 cycle stall on branch instruction [1ba0]
[    8.8919] microVU1: 3 cycle stall on branch instruction [2520]
[    8.8919] microVU1: 3 cycle stall on branch instruction [1ba0]
[    8.8923] microVU1: 3 cycle stall on branch instruction [2520]
[    8.8923] microVU1: 3 cycle stall on branch instruction [1ba0]
[    8.8925] microVU1: 3 cycle stall on branch instruction [2520]
[    8.8925] microVU1: 3 cycle stall on branch instruction [1ba0]
[    8.8928] microVU1: 3 cycle stall on branch instruction [2520]
[    8.8928] microVU1: 3 cycle stall on branch instruction [1ba0]
[    8.8932] microVU1: 3 cycle stall on branch instruction [2520]
[    8.8932] microVU1: 3 cycle stall on branch instruction [1ba0]
[    8.8934] microVU1: 3 cycle stall on branch instruction [2520]
[    8.8934] microVU1: 3 cycle stall on branch instruction [1ba0]
[    8.8936] microVU1: 3 cycle stall on branch instruction [2520]
[    8.8936] microVU1: 3 cycle stall on branch instruction [1ba0]
[    8.8936] microVU1: 3 cycle stall on branch instruction [1fc0]
[    8.8938] microVU1: 3 cycle stall on branch instruction [2520]
[    8.8938] microVU1: 3 cycle stall on branch instruction [1ba0]
[    8.8939] microVU1: 3 cycle stall on branch instruction [2520]
[    8.8939] microVU1: 3 cycle stall on branch instruction [1ba0]
[    8.8943] microVU1: 3 cycle stall on branch instruction [2520]
[    8.8944] microVU1: 3 cycle stall on branch instruction [1ba0]
[    8.8945] microVU1: 3 cycle stall on branch instruction [2520]
[    8.8945] microVU1: 3 cycle stall on branch instruction [1ba0]
[    8.8949] microVU1: 3 cycle stall on branch instruction [2520]
[    8.8950] microVU1: 3 cycle stall on branch instruction [1ba0]
[    8.8952] microVU1: 3 cycle stall on branch instruction [2520]
[    8.8952] microVU1: 3 cycle stall on branch instruction [1ba0]
[    8.8955] microVU1: 3 cycle stall on branch instruction [2520]
[    8.8955] microVU1: 3 cycle stall on branch instruction [1ba0]
[    8.8960] microVU1: 3 cycle stall on branch instruction [1fc0]
[    8.8961] microVU1: 3 cycle stall on branch instruction [2520]
[    8.8961] microVU1: 3 cycle stall on branch instruction [1ba0]
[    8.8962] microVU1: 3 cycle stall on branch instruction [1fc0]
[    8.8964] microVU1: 3 cycle stall on branch instruction [1fc0]
[    8.8965] microVU1: 3 cycle stall on branch instruction [2520]
[    8.8965] microVU1: 3 cycle stall on branch instruction [1ba0]
[    8.8966] microVU1: 3 cycle stall on branch instruction [1fc0]
[    8.8967] microVU1: 3 cycle stall on branch instruction [1fc0]
[    8.8969] microVU1: 3 cycle stall on branch instruction [1fc0]
[    8.8970] microVU1: 3 cycle stall on branch instruction [1fc0]
[    8.8972] microVU1: 3 cycle stall on branch instruction [1fc0]
[    8.8973] microVU1: 3 cycle stall on branch instruction [1fc0]
[    8.8974] microVU1: 3 cycle stall on branch instruction [1fc0]
[    8.8975] microVU1: 3 cycle stall on branch instruction [1fc0]
[    8.8976] microVU1: 3 cycle stall on branch instruction [1fc0]
[    8.8977] microVU1: 3 cycle stall on branch instruction [1fc0]
[    8.8978] microVU1: 3 cycle stall on branch instruction [1fc0]
[    8.8979] microVU1: 3 cycle stall on branch instruction [1fc0]
[    8.8980] microVU1: 3 cycle stall on branch instruction [1ba0]
[    8.8980] microVU1: Cached Prog = [002] [PC=2578] [List=01] (Cache=0.998%) [0.6mb]
[    8.8980] microVU1: 1 cycle stall on branch instruction [1ae8]
[    8.8980] microVU1: 3 cycle stall on branch instruction [1ba0]
[    8.8985] microVU1: 3 cycle stall on branch instruction [2520]
[    8.8985] microVU1: 3 cycle stall on branch instruction [1ba0]
[    8.8988] microVU1: 3 cycle stall on branch instruction [2520]
[    8.8988] microVU1: 3 cycle stall on branch instruction [1ba0]
[    8.8989] microVU1: 3 cycle stall on branch instruction [2520]
[    8.8990] microVU1: 3 cycle stall on branch instruction [1ba0]
[    8.8994] microVU1: 3 cycle stall on branch instruction [2520]
[    8.8994] microVU1: 3 cycle stall on branch instruction [1ba0]
[    8.8997] microVU1: 3 cycle stall on branch instruction [2520]
[    8.8998] microVU1: 3 cycle stall on branch instruction [1ba0]
[    8.8999] microVU1: 3 cycle stall on branch instruction [2520]
[    8.8999] microVU1: 3 cycle stall on branch instruction [1ba0]
[    8.9001] microVU1: 3 cycle stall on branch instruction [2520]
[    8.9001] microVU1: 3 cycle stall on branch instruction [1ba0]
[    8.9001] microVU1: 3 cycle stall on branch instruction [1fc0]
[    8.9003] microVU1: 3 cycle stall on branch instruction [2520]
[    8.9003] microVU1: 3 cycle stall on branch instruction [1ba0]
[    8.9005] microVU1: 3 cycle stall on branch instruction [2520]
[    8.9005] microVU1: 3 cycle stall on branch instruction [1ba0]
[    8.9008] microVU1: 3 cycle stall on branch instruction [2520]
[    8.9009] microVU1: 3 cycle stall on branch instruction [1ba0]
[    8.9010] microVU1: 3 cycle stall on branch instruction [2520]
[    8.9010] microVU1: 3 cycle stall on branch instruction [1ba0]
[    8.9015] microVU1: 3 cycle stall on branch instruction [2520]
[    8.9015] microVU1: 3 cycle stall on branch instruction [1ba0]
[    8.9016] microVU1: 3 cycle stall on branch instruction [2520]
[    8.9017] microVU1: 3 cycle stall on branch instruction [1ba0]
[    8.9020] microVU1: 3 cycle stall on branch instruction [2520]
[    8.9020] microVU1: 3 cycle stall on branch instruction [1ba0]
[    8.9025] microVU1: 3 cycle stall on branch instruction [1fc0]
[    8.9026] microVU1: 3 cycle stall on branch instruction [2520]
[    8.9026] microVU1: 3 cycle stall on branch instruction [1ba0]
[    8.9027] microVU1: 3 cycle stall on branch instruction [1fc0]
[    8.9029] microVU1: 3 cycle stall on branch instruction [1fc0]
[    8.9029] microVU1: 3 cycle stall on branch instruction [2520]
[    8.9029] microVU1: 3 cycle stall on branch instruction [1ba0]
[    8.9030] microVU1: 3 cycle stall on branch instruction [1fc0]
[    8.9032] microVU1: 3 cycle stall on branch instruction [1fc0]
[    8.9034] microVU1: 3 cycle stall on branch instruction [1fc0]
[    8.9034] microVU1: 3 cycle stall on branch instruction [1fc0]
[    8.9036] microVU1: 3 cycle stall on branch instruction [1fc0]
[    8.9038] microVU1: 3 cycle stall on branch instruction [1fc0]
[    8.9046] microVU1: 3 cycle stall on branch instruction [1fc0]
[    8.9048] microVU1: 3 cycle stall on branch instruction [1fc0]
[    8.9049] microVU1: 3 cycle stall on branch instruction [1fc0]
[    8.9050] microVU1: 3 cycle stall on branch instruction [1fc0]
[    8.9051] microVU1: 3 cycle stall on branch instruction [1fc0]
[    8.9052] microVU1: 3 cycle stall on branch instruction [1fc0]
[    8.9053] microVU1: 3 cycle stall on branch instruction [1ba0]
[    8.9054] microVU1: Cached Prog = [003] [PC=3400] [List=01] (Cache=1.717%) [1.0mb]
[    8.9064] microVU1: 3 cycle stall on branch instruction [2cb8]
[    8.9076] microVU1: Branch Optimization
[    8.9084] microVU1: Cached Prog = [004] [PC=0000] [List=01] (Cache=1.995%) [1.2mb]
[    8.9097] microVU1: Cached Prog = [005] [PC=0710] [List=01] (Cache=2.089%) [1.3mb]
[    8.9098] microVU1: 2 cycle stall on branch instruction [07c8]
[    8.9101] microVU1: 3 cycle stall on branch instruction [1108]
[    8.9101] microVU1: 3 cycle stall on branch instruction [1130]
[    8.9103] microVU1: 3 cycle stall on branch instruction [1108]
[    8.9104] microVU1: 3 cycle stall on branch instruction [1130]
[    8.9105] microVU1: 3 cycle stall on branch instruction [1108]
[    8.9105] microVU1: 3 cycle stall on branch instruction [1130]
[    8.9108] microVU1: 3 cycle stall on branch instruction [1108]
[    8.9108] microVU1: 3 cycle stall on branch instruction [1130]
[    8.9111] microVU1: 3 cycle stall on branch instruction [1108]
[    8.9111] microVU1: 3 cycle stall on branch instruction [1130]
[    8.9112] microVU1: 3 cycle stall on branch instruction [1108]
[    8.9112] microVU1: 3 cycle stall on branch instruction [1130]
[    8.9114] microVU1: 3 cycle stall on branch instruction [1108]
[    8.9114] microVU1: 3 cycle stall on branch instruction [1130]
[    8.9114] microVU1: 3 cycle stall on branch instruction [09e8]
[    8.9114] microVU1: 3 cycle stall on branch instruction [0a70]
[    8.9115] microVU1: 3 cycle stall on branch instruction [1108]
[    8.9115] microVU1: 3 cycle stall on branch instruction [1130]
[    8.9119] microVU1: 3 cycle stall on branch instruction [1108]
[    8.9119] microVU1: 3 cycle stall on branch instruction [1130]
[    8.9120] microVU1: 3 cycle stall on branch instruction [1108]
[    8.9120] microVU1: 3 cycle stall on branch instruction [1130]
[    8.9125] microVU1: 3 cycle stall on branch instruction [1108]
[    8.9126] microVU1: 3 cycle stall on branch instruction [1130]
[    8.9128] microVU1: 3 cycle stall on branch instruction [1108]
[    8.9128] microVU1: 3 cycle stall on branch instruction [1130]
[    8.9129] microVU1: 3 cycle stall on branch instruction [1108]
[    8.9129] microVU1: 3 cycle stall on branch instruction [1130]
[    8.9135] microVU1: 3 cycle stall on branch instruction [1108]
[    8.9136] microVU1: 3 cycle stall on branch instruction [1130]
[    8.9136] microVU1: 3 cycle stall on branch instruction [09e8]
[    8.9137] microVU1: 3 cycle stall on branch instruction [0a70]
[    8.9140] microVU1: 3 cycle stall on branch instruction [09e8]
[    8.9140] microVU1: 3 cycle stall on branch instruction [0a70]
[    8.9141] microVU1: 3 cycle stall on branch instruction [09e8]
[    8.9142] microVU1: 3 cycle stall on branch instruction [0a70]
[    8.9144] microVU1: 3 cycle stall on branch instruction [1108]
[    8.9144] microVU1: 3 cycle stall on branch instruction [1130]
[    8.9145] microVU1: 3 cycle stall on branch instruction [09e8]
[    8.9145] microVU1: 3 cycle stall on branch instruction [0a70]
[    8.9147] microVU1: 3 cycle stall on branch instruction [09e8]
[    8.9147] microVU1: 3 cycle stall on branch instruction [0a70]
[    8.9149] microVU1: 3 cycle stall on branch instruction [1108]
[    8.9149] microVU1: 3 cycle stall on branch instruction [1130]
[    8.9150] microVU1: 3 cycle stall on branch instruction [09e8]
[    8.9150] microVU1: 3 cycle stall on branch instruction [0a70]
[    8.9151] microVU1: 3 cycle stall on branch instruction [09e8]
[    8.9152] microVU1: 3 cycle stall on branch instruction [0a70]
[    8.9154] microVU1: 3 cycle stall on branch instruction [09e8]
[    8.9154] microVU1: 3 cycle stall on branch instruction [0a70]
[    8.9156] microVU1: 3 cycle stall on branch instruction [09e8]
[    8.9156] microVU1: 3 cycle stall on branch instruction [0a70]
[    8.9159] microVU1: 3 cycle stall on branch instruction [09e8]
[    8.9160] microVU1: 3 cycle stall on branch instruction [0a70]
[    8.9161] microVU1: 3 cycle stall on branch instruction [09e8]
[    8.9161] microVU1: 3 cycle stall on branch instruction [0a70]
[    8.9163] microVU1: 3 cycle stall on branch instruction [09e8]
[    8.9164] microVU1: 3 cycle stall on branch instruction [0a70]
[    8.9165] microVU1: 3 cycle stall on branch instruction [09e8]
[    8.9166] microVU1: 3 cycle stall on branch instruction [0a70]
[    8.9167] microVU1: 3 cycle stall on branch instruction [09e8]
[    8.9167] microVU1: 3 cycle stall on branch instruction [0a70]
[    8.9168] microVU1: 3 cycle stall on branch instruction [09e8]
[    8.9169] microVU1: 3 cycle stall on branch instruction [0a70]
[    8.9170] microVU1: 3 cycle stall on branch instruction [07f0]
[    8.9171] microVU1: Cached Prog = [006] [PC=1188] [List=01] (Cache=2.890%) [1.8mb]
[    8.9171] microVU1: 2 cycle stall on branch instruction [07c8]
[    8.9174] microVU1: 3 cycle stall on branch instruction [1108]
[    8.9174] microVU1: 3 cycle stall on branch instruction [1130]
[    8.9177] microVU1: 3 cycle stall on branch instruction [1108]
[    8.9177] microVU1: 3 cycle stall on branch instruction [1130]
[    8.9178] microVU1: 3 cycle stall on branch instruction [1108]
[    8.9178] microVU1: 3 cycle stall on branch instruction [1130]
[    8.9181] microVU1: 3 cycle stall on branch instruction [1108]
[    8.9182] microVU1: 3 cycle stall on branch instruction [1130]
[    8.9185] microVU1: 3 cycle stall on branch instruction [1108]
[    8.9185] microVU1: 3 cycle stall on branch instruction [1130]
[    8.9186] microVU1: 3 cycle stall on branch instruction [1108]
[    8.9186] microVU1: 3 cycle stall on branch instruction [1130]
[    8.9188] microVU1: 3 cycle stall on branch instruction [1108]
[    8.9188] microVU1: 3 cycle stall on branch instruction [1130]
[    8.9188] microVU1: 3 cycle stall on branch instruction [09e8]
[    8.9189] microVU1: 3 cycle stall on branch instruction [0a70]
[    8.9189] microVU1: 3 cycle stall on branch instruction [1108]
[    8.9189] microVU1: 3 cycle stall on branch instruction [1130]
[    8.9192] microVU1: 3 cycle stall on branch instruction [1108]
[    8.9193] microVU1: 3 cycle stall on branch instruction [1130]
[    8.9194] microVU1: 3 cycle stall on branch instruction [1108]
[    8.9194] microVU1: 3 cycle stall on branch instruction [1130]
[    8.9198] microVU1: 3 cycle stall on branch instruction [1108]
[    8.9199] microVU1: 3 cycle stall on branch instruction [1130]
[    8.9201] microVU1: 3 cycle stall on branch instruction [1108]
[    8.9201] microVU1: 3 cycle stall on branch instruction [1130]
[    8.9202] microVU1: 3 cycle stall on branch instruction [1108]
[    8.9202] microVU1: 3 cycle stall on branch instruction [1130]
[    8.9209] microVU1: 3 cycle stall on branch instruction [1108]
[    8.9209] microVU1: 3 cycle stall on branch instruction [1130]
[    8.9210] microVU1: 3 cycle stall on branch instruction [09e8]
[    8.9210] microVU1: 3 cycle stall on branch instruction [0a70]
[    8.9214] microVU1: 3 cycle stall on branch instruction [09e8]
[    8.9214] microVU1: 3 cycle stall on branch instruction [0a70]
[    8.9215] microVU1: 3 cycle stall on branch instruction [09e8]
[    8.9216] microVU1: 3 cycle stall on branch instruction [0a70]
[    8.9217] microVU1: 3 cycle stall on branch instruction [1108]
[    8.9218] microVU1: 3 cycle stall on branch instruction [1130]
[    8.9220] microVU1: 3 cycle stall on branch instruction [09e8]
[    8.9221] microVU1: 3 cycle stall on branch instruction [0a70]
[    8.9222] microVU1: 3 cycle stall on branch instruction [09e8]
[    8.9223] microVU1: 3 cycle stall on branch instruction [0a70]
[    8.9224] microVU1: 3 cycle stall on branch instruction [1108]
[    8.9224] microVU1: 3 cycle stall on branch instruction [1130]
[    8.9225] microVU1: 3 cycle stall on branch instruction [09e8]
[    8.9226] microVU1: 3 cycle stall on branch instruction [0a70]
[    8.9228] microVU1: 3 cycle stall on branch instruction [09e8]
[    8.9229] microVU1: 3 cycle stall on branch instruction [0a70]
[    8.9230] microVU1: 3 cycle stall on branch instruction [09e8]
[    8.9230] microVU1: 3 cycle stall on branch instruction [0a70]
[    8.9232] microVU1: 3 cycle stall on branch instruction [09e8]
[    8.9232] microVU1: 3 cycle stall on branch instruction [0a70]
[    8.9234] microVU1: 3 cycle stall on branch instruction [09e8]
[    8.9235] microVU1: 3 cycle stall on branch instruction [0a70]
[    8.9236] microVU1: 3 cycle stall on branch instruction [09e8]
[    8.9237] microVU1: 3 cycle stall on branch instruction [0a70]
[    8.9239] microVU1: 3 cycle stall on branch instruction [09e8]
[    8.9239] microVU1: 3 cycle stall on branch instruction [0a70]
[    8.9240] microVU1: 3 cycle stall on branch instruction [09e8]
[    8.9241] microVU1: 3 cycle stall on branch instruction [0a70]
[    8.9242] microVU1: 3 cycle stall on branch instruction [09e8]
[    8.9242] microVU1: 3 cycle stall on branch instruction [0a70]
[    8.9244] microVU1: 3 cycle stall on branch instruction [09e8]
[    8.9244] microVU1: 3 cycle stall on branch instruction [0a70]
[    8.9245] microVU1: 3 cycle stall on branch instruction [07f0]
[    9.0271] microVU1: Cached Prog = [007] [PC=0700] [List=01] (Cache=3.691%) [2.3mb]
[    9.0279] microVU1: Cached Prog = [008] [PC=3410] [List=01] (Cache=3.784%) [2.3mb]
[    9.0284] microVU1: Cached Prog = [009] [PC=37f0] [List=01] (Cache=3.836%) [2.3mb]
[    9.3232] microVU1: Cached Prog = [010] [PC=3b00] [List=01] (Cache=3.889%) [2.4mb]
[    9.3235] microVU1: Cached Prog = [011] [PC=3e60] [List=01] (Cache=3.904%) [2.4mb]
[   22.9663] LOG: NIGHTCAMERA phase=0 offset=750 positionX=00000000 positionY=4028b437 positionZ=c2a19b64 lookX=00000000 lookY=3f9a5e32 lookZ=c2949b64 sceneGeneration=1 mask=0
[   22.9669] LOG: NIGHTCONTEXT phase=0 offset=750 scene=0 night=1 video=1 display=1 depth=2 width=448 height=448 refreshMilliHz=60000 requested=1 dtBits=3c888889 clockBits=00000000 rasterWidth=448 rasterHeight=448 scaleX=1 scaleY=1 ilChoice=0 ilProbing=0 ilBlock=0 ilFrame=58 ilAccepted=0 ilPipelined=1 frameYield=0
[   22.9880] LOG: NIGHTLATTICEGATES phase=0 offset=750 selected=1 enabled=0 invocations=65 eligible=0 applied=0 fallback=65 source=4185 unique=4185 invalid=0
[   22.9887] LOG: NIGHTGATES phase=0 offset=750 first=750 frames=1 mask=0 attempted1=8 executed1=8 skipped1=0 submitted1=8 attempted2=4 executed2=4 skipped2=0 submitted2=5 attempted4=3 executed4=3 skipped4=0 submitted4=5 attempted8=4 executed8=4 skipped8=0 submitted8=1 attempted16=2 executed16=2 skipped16=0 submitted16=1 attempted32=0 executed32=0 skipped32=0 submitted32=0 attempted64=0 executed64=0 skipped64=0 submitted64=0
[   22.9890] LOG: NIGHTEXTRAGATES phase=0 offset=750 first=750 frames=1 extraMask=0 attempted1=1 executed1=1 skipped1=0 submitted1=1 attempted2=1 executed2=1 skipped2=0 submitted2=2 attempted4=2 executed4=2 skipped4=0 submitted4=2
[   22.9893] LOG: NIGHTWILDGATES phase=0 offset=750 first=750 frames=1 variant=0 enabled=0 planeInvocations=0 planeEligible=0 planeApplied=0 planeFallback=0 planeBoundary=0 planeNonfinite=0 planeColdCompared=0 planeColdMismatches=0 planeInputUnits=0 planeOutputUnits=0 planeInvalid=0 coneInvocations=0 coneEligible=0 coneApplied=0 coneFallback=0 coneBoundary=0 coneNonfinite=0 coneColdCompared=0 coneColdMismatches=0 coneInputUnits=0 coneOutputUnits=0 coneInvalid=0
[   22.9895] LOG: NIGHTTABLEGATES phase=0 offset=750 first=750 frames=1 selected=1 enabled=1 invocations=19 eligible=9 applied=9 fallback=10 sourceVertices=753 admittedVertices=618 baselineColorQwords=753 tableColorQwords=18 coldCompared=9 coldMismatches=0 invalid=0
[   30.5002] LOG: NIGHTCAMERA phase=0 offset=1155 positionX=00000000 positionY=4028b437 positionZ=c2a19b64 lookX=00000000 lookY=3f9a5e32 lookZ=c2949b64 sceneGeneration=1 mask=0
[   30.5005] LOG: NIGHTCONTEXT phase=0 offset=1155 scene=0 night=1 video=1 display=1 depth=2 width=448 height=448 refreshMilliHz=60000 requested=1 dtBits=3c888889 clockBits=00000000 rasterWidth=448 rasterHeight=448 scaleX=1 scaleY=1 ilChoice=0 ilProbing=0 ilBlock=0 ilFrame=13 ilAccepted=0 ilPipelined=1 frameYield=0
[   30.5178] LOG: NIGHTLATTICEGATES phase=0 offset=1155 selected=1 enabled=0 invocations=65 eligible=0 applied=0 fallback=65 source=4185 unique=4185 invalid=0
[   30.5184] LOG: NIGHTGATES phase=0 offset=1155 first=1155 frames=1 mask=0 attempted1=8 executed1=8 skipped1=0 submitted1=8 attempted2=4 executed2=4 skipped2=0 submitted2=5 attempted4=3 executed4=3 skipped4=0 submitted4=5 attempted8=4 executed8=4 skipped8=0 submitted8=1 attempted16=2 executed16=2 skipped16=0 submitted16=1 attempted32=0 executed32=0 skipped32=0 submitted32=0 attempted64=0 executed64=0 skipped64=0 submitted64=0
[   30.5187] LOG: NIGHTEXTRAGATES phase=0 offset=1155 first=1155 frames=1 extraMask=0 attempted1=1 executed1=1 skipped1=0 submitted1=1 attempted2=1 executed2=1 skipped2=0 submitted2=2 attempted4=2 executed4=2 skipped4=0 submitted4=2
[   30.5190] LOG: NIGHTWILDGATES phase=0 offset=1155 first=1155 frames=1 variant=0 enabled=0 planeInvocations=0 planeEligible=0 planeApplied=0 planeFallback=0 planeBoundary=0 planeNonfinite=0 planeColdCompared=0 planeColdMismatches=0 planeInputUnits=0 planeOutputUnits=0 planeInvalid=0 coneInvocations=0 coneEligible=0 coneApplied=0 coneFallback=0 coneBoundary=0 coneNonfinite=0 coneColdCompared=0 coneColdMismatches=0 coneInputUnits=0 coneOutputUnits=0 coneInvalid=0
[   30.5192] LOG: NIGHTTABLEGATES phase=0 offset=1155 first=1155 frames=1 selected=1 enabled=1 invocations=19 eligible=9 applied=9 fallback=10 sourceVertices=753 admittedVertices=618 baselineColorQwords=753 tableColorQwords=18 coldCompared=9 coldMismatches=0 invalid=0
[   42.5573] LOG: NIGHTLATTICEPHASE phase=1 selected=1 enabled=1
[   42.5575] LOG: NIGHTPHASE phase=1 first=1800 mask=0 appliedMask=0 sampler=1 countReads=262 samplePtr=00554848
[   42.5578] LOG: NIGHTEXTRAPHASE phase=1 first=1800 extraMask=0 appliedExtraMask=0
[   42.5580] LOG: NIGHTWILDPHASE phase=1 first=1800 variant=0 enabled=0 appliedVariant=0 appliedEnabled=0
[   42.5581] LOG: NIGHTTABLEPHASE phase=1 first=1800 selected=1 enabled=1 appliedSelected=1 appliedEnabled=1
[   57.3397] LOG: NIGHTCAMERA phase=1 offset=750 positionX=00000000 positionY=4028b437 positionZ=c2a19b64 lookX=00000000 lookY=3f9a5e32 lookZ=c2949b64 sceneGeneration=1 mask=0
[   57.3403] LOG: NIGHTCONTEXT phase=1 offset=750 scene=0 night=1 video=1 display=1 depth=2 width=448 height=448 refreshMilliHz=60000 requested=1 dtBits=3c888889 clockBits=00000000 rasterWidth=448 rasterHeight=448 scaleX=1 scaleY=1 ilChoice=0 ilProbing=0 ilBlock=0 ilFrame=58 ilAccepted=0 ilPipelined=1 frameYield=0
[   57.3612] LOG: NIGHTLATTICEGATES phase=1 offset=750 selected=1 enabled=1 invocations=65 eligible=0 applied=0 fallback=65 source=4185 unique=4185 invalid=0
[   57.3618] LOG: NIGHTGATES phase=1 offset=750 first=750 frames=1 mask=0 attempted1=8 executed1=8 skipped1=0 submitted1=8 attempted2=4 executed2=4 skipped2=0 submitted2=5 attempted4=3 executed4=3 skipped4=0 submitted4=5 attempted8=4 executed8=4 skipped8=0 submitted8=1 attempted16=2 executed16=2 skipped16=0 submitted16=1 attempted32=0 executed32=0 skipped32=0 submitted32=0 attempted64=0 executed64=0 skipped64=0 submitted64=0
[   57.3622] LOG: NIGHTEXTRAGATES phase=1 offset=750 first=750 frames=1 extraMask=0 attempted1=1 executed1=1 skipped1=0 submitted1=1 attempted2=1 executed2=1 skipped2=0 submitted2=2 attempted4=2 executed4=2 skipped4=0 submitted4=2
[   57.3625] LOG: NIGHTWILDGATES phase=1 offset=750 first=750 frames=1 variant=0 enabled=0 planeInvocations=0 planeEligible=0 planeApplied=0 planeFallback=0 planeBoundary=0 planeNonfinite=0 planeColdCompared=0 planeColdMismatches=0 planeInputUnits=0 planeOutputUnits=0 planeInvalid=0 coneInvocations=0 coneEligible=0 coneApplied=0 coneFallback=0 coneBoundary=0 coneNonfinite=0 coneColdCompared=0 coneColdMismatches=0 coneInputUnits=0 coneOutputUnits=0 coneInvalid=0
[   57.3628] LOG: NIGHTTABLEGATES phase=1 offset=750 first=750 frames=1 selected=1 enabled=1 invocations=19 eligible=9 applied=9 fallback=10 sourceVertices=753 admittedVertices=618 baselineColorQwords=753 tableColorQwords=18 coldCompared=9 coldMismatches=0 invalid=0
[   65.2068] LOG: NIGHTCAMERA phase=1 offset=1155 positionX=00000000 positionY=4028b437 positionZ=c2a19b64 lookX=00000000 lookY=3f9a5e32 lookZ=c2949b64 sceneGeneration=1 mask=0
[   65.2071] LOG: NIGHTCONTEXT phase=1 offset=1155 scene=0 night=1 video=1 display=1 depth=2 width=448 height=448 refreshMilliHz=60000 requested=1 dtBits=3c888889 clockBits=00000000 rasterWidth=448 rasterHeight=448 scaleX=1 scaleY=1 ilChoice=0 ilProbing=0 ilBlock=0 ilFrame=13 ilAccepted=0 ilPipelined=1 frameYield=0
[   65.2270] LOG: NIGHTLATTICEGATES phase=1 offset=1155 selected=1 enabled=1 invocations=65 eligible=0 applied=0 fallback=65 source=4185 unique=4185 invalid=0
[   65.2275] LOG: NIGHTGATES phase=1 offset=1155 first=1155 frames=1 mask=0 attempted1=8 executed1=8 skipped1=0 submitted1=8 attempted2=4 executed2=4 skipped2=0 submitted2=5 attempted4=3 executed4=3 skipped4=0 submitted4=5 attempted8=4 executed8=4 skipped8=0 submitted8=1 attempted16=2 executed16=2 skipped16=0 submitted16=1 attempted32=0 executed32=0 skipped32=0 submitted32=0 attempted64=0 executed64=0 skipped64=0 submitted64=0
[   65.2282] LOG: NIGHTEXTRAGATES phase=1 offset=1155 first=1155 frames=1 extraMask=0 attempted1=1 executed1=1 skipped1=0 submitted1=1 attempted2=1 executed2=1 skipped2=0 submitted2=2 attempted4=2 executed4=2 skipped4=0 submitted4=2
[   65.2285] LOG: NIGHTWILDGATES phase=1 offset=1155 first=1155 frames=1 variant=0 enabled=0 planeInvocations=0 planeEligible=0 planeApplied=0 planeFallback=0 planeBoundary=0 planeNonfinite=0 planeColdCompared=0 planeColdMismatches=0 planeInputUnits=0 planeOutputUnits=0 planeInvalid=0 coneInvocations=0 coneEligible=0 coneApplied=0 coneFallback=0 coneBoundary=0 coneNonfinite=0 coneColdCompared=0 coneColdMismatches=0 coneInputUnits=0 coneOutputUnits=0 coneInvalid=0
[   65.2286] LOG: NIGHTTABLEGATES phase=1 offset=1155 first=1155 frames=1 selected=1 enabled=1 invocations=19 eligible=9 applied=9 fallback=10 sourceVertices=753 admittedVertices=618 baselineColorQwords=753 tableColorQwords=18 coldCompared=9 coldMismatches=0 invalid=0
[   77.6617] LOG: NIGHTLATTICEPHASE phase=2 selected=1 enabled=0
[   77.6620] LOG: NIGHTPHASE phase=2 first=3600 mask=0 appliedMask=0 sampler=1 countReads=262 samplePtr=00554848
[   77.6621] LOG: NIGHTEXTRAPHASE phase=2 first=3600 extraMask=0 appliedExtraMask=0
[   77.6622] LOG: NIGHTWILDPHASE phase=2 first=3600 variant=0 enabled=0 appliedVariant=0 appliedEnabled=0
[   77.6624] LOG: NIGHTTABLEPHASE phase=2 first=3600 selected=1 enabled=1 appliedSelected=1 appliedEnabled=1
[   92.1295] LOG: NIGHTCAMERA phase=2 offset=750 positionX=00000000 positionY=4028b437 positionZ=c2a19b64 lookX=00000000 lookY=3f9a5e32 lookZ=c2949b64 sceneGeneration=1 mask=0
[   92.1299] LOG: NIGHTCONTEXT phase=2 offset=750 scene=0 night=1 video=1 display=1 depth=2 width=448 height=448 refreshMilliHz=60000 requested=1 dtBits=3c888889 clockBits=00000000 rasterWidth=448 rasterHeight=448 scaleX=1 scaleY=1 ilChoice=0 ilProbing=0 ilBlock=0 ilFrame=58 ilAccepted=0 ilPipelined=1 frameYield=0
[   92.1477] LOG: NIGHTLATTICEGATES phase=2 offset=750 selected=1 enabled=0 invocations=65 eligible=0 applied=0 fallback=65 source=4185 unique=4185 invalid=0
[   92.1482] LOG: NIGHTGATES phase=2 offset=750 first=750 frames=1 mask=0 attempted1=8 executed1=8 skipped1=0 submitted1=8 attempted2=4 executed2=4 skipped2=0 submitted2=5 attempted4=3 executed4=3 skipped4=0 submitted4=5 attempted8=4 executed8=4 skipped8=0 submitted8=1 attempted16=2 executed16=2 skipped16=0 submitted16=1 attempted32=0 executed32=0 skipped32=0 submitted32=0 attempted64=0 executed64=0 skipped64=0 submitted64=0
[   92.1485] LOG: NIGHTEXTRAGATES phase=2 offset=750 first=750 frames=1 extraMask=0 attempted1=1 executed1=1 skipped1=0 submitted1=1 attempted2=1 executed2=1 skipped2=0 submitted2=2 attempted4=2 executed4=2 skipped4=0 submitted4=2
[   92.1486] LOG: NIGHTWILDGATES phase=2 offset=750 first=750 frames=1 variant=0 enabled=0 planeInvocations=0 planeEligible=0 planeApplied=0 planeFallback=0 planeBoundary=0 planeNonfinite=0 planeColdCompared=0 planeColdMismatches=0 planeInputUnits=0 planeOutputUnits=0 planeInvalid=0 coneInvocations=0 coneEligible=0 coneApplied=0 coneFallback=0 coneBoundary=0 coneNonfinite=0 coneColdCompared=0 coneColdMismatches=0 coneInputUnits=0 coneOutputUnits=0 coneInvalid=0
[   92.1488] LOG: NIGHTTABLEGATES phase=2 offset=750 first=750 frames=1 selected=1 enabled=1 invocations=19 eligible=9 applied=9 fallback=10 sourceVertices=753 admittedVertices=618 baselineColorQwords=753 tableColorQwords=18 coldCompared=9 coldMismatches=0 invalid=0
[   99.9930] LOG: NIGHTCAMERA phase=2 offset=1155 positionX=00000000 positionY=4028b437 positionZ=c2a19b64 lookX=00000000 lookY=3f9a5e32 lookZ=c2949b64 sceneGeneration=1 mask=0
[   99.9933] LOG: NIGHTCONTEXT phase=2 offset=1155 scene=0 night=1 video=1 display=1 depth=2 width=448 height=448 refreshMilliHz=60000 requested=1 dtBits=3c888889 clockBits=00000000 rasterWidth=448 rasterHeight=448 scaleX=1 scaleY=1 ilChoice=0 ilProbing=0 ilBlock=0 ilFrame=13 ilAccepted=0 ilPipelined=1 frameYield=0
[  100.0120] LOG: NIGHTLATTICEGATES phase=2 offset=1155 selected=1 enabled=0 invocations=65 eligible=0 applied=0 fallback=65 source=4185 unique=4185 invalid=0
[  100.0125] LOG: NIGHTGATES phase=2 offset=1155 first=1155 frames=1 mask=0 attempted1=8 executed1=8 skipped1=0 submitted1=8 attempted2=4 executed2=4 skipped2=0 submitted2=5 attempted4=3 executed4=3 skipped4=0 submitted4=5 attempted8=4 executed8=4 skipped8=0 submitted8=1 attempted16=2 executed16=2 skipped16=0 submitted16=1 attempted32=0 executed32=0 skipped32=0 submitted32=0 attempted64=0 executed64=0 skipped64=0 submitted64=0
[  100.0127] LOG: NIGHTEXTRAGATES phase=2 offset=1155 first=1155 frames=1 extraMask=0 attempted1=1 executed1=1 skipped1=0 submitted1=1 attempted2=1 executed2=1 skipped2=0 submitted2=2 attempted4=2 executed4=2 skipped4=0 submitted4=2
[  100.0129] LOG: NIGHTWILDGATES phase=2 offset=1155 first=1155 frames=1 variant=0 enabled=0 planeInvocations=0 planeEligible=0 planeApplied=0 planeFallback=0 planeBoundary=0 planeNonfinite=0 planeColdCompared=0 planeColdMismatches=0 planeInputUnits=0 planeOutputUnits=0 planeInvalid=0 coneInvocations=0 coneEligible=0 coneApplied=0 coneFallback=0 coneBoundary=0 coneNonfinite=0 coneColdCompared=0 coneColdMismatches=0 coneInputUnits=0 coneOutputUnits=0 coneInvalid=0
[  100.0131] LOG: NIGHTTABLEGATES phase=2 offset=1155 first=1155 frames=1 selected=1 enabled=1 invocations=19 eligible=9 applied=9 fallback=10 sourceVertices=753 admittedVertices=618 baselineColorQwords=753 tableColorQwords=18 coldCompared=9 coldMismatches=0 invalid=0
[  112.2654] LOG: NIGHTDONE order=0 valid=1 loops=5400
