[    0.0154] Program Path: /home/spider/tyrax2-debugger-linux-v1/squashfs-root/usr/bin/pcsx2-qt
[    0.0154] AppRoot Directory: /home/spider/tyrax2-debugger-linux-v1/squashfs-root/usr/bin
[    0.0154] Resources Directory: /home/spider/tyrax2-debugger-linux-v1/squashfs-root/usr/bin/resources
[    0.0155] DataRoot Directory: /home/spider/pool2-static-a96-arm0-repeat1-20261005/profile/PCSX2
[    0.0155] Loading config from /home/spider/pool2-static-a96-arm0-repeat1-20261005/profile/PCSX2/inis/PCSX2.ini.
[    0.0157] Loading secrets from /home/spider/pool2-static-a96-arm0-repeat1-20261005/profile/PCSX2/inis/secrets.ini.
[    0.0161] BIOS Directory: /mnt/c/Users/pawel/OneDrive/Documents/PCSX2/bios
[    0.0161] Snapshots Directory: /home/spider/pool2-static-a96-arm0-repeat1-20261005/profile/PCSX2/snaps
[    0.0161] Savestates Directory: /home/spider/pool2-static-a96-arm0-repeat1-20261005/profile/PCSX2/sstates
[    0.0161] MemoryCards Directory: /home/spider/pool2-static-a96-arm0-repeat1-20261005/profile/PCSX2/memcards
[    0.0161] Logs Directory: /home/spider/pool2-static-a96-arm0-repeat1-20261005/profile/PCSX2/logs
[    0.0161] Cheats Directory: /home/spider/pool2-static-a96-arm0-repeat1-20261005/profile/PCSX2/cheats
[    0.0161] Patches Directory: /home/spider/pool2-static-a96-arm0-repeat1-20261005/profile/PCSX2/patches
[    0.0161] Covers Directory: /home/spider/pool2-static-a96-arm0-repeat1-20261005/profile/PCSX2/covers
[    0.0161] Game Settings Directory: /home/spider/pool2-static-a96-arm0-repeat1-20261005/profile/PCSX2/gamesettings
[    0.0161] Resources Directory: /home/spider/tyrax2-debugger-linux-v1/squashfs-root/usr/bin/resources
[    0.0161] User Resources Directory: /home/spider/pool2-static-a96-arm0-repeat1-20261005/profile/PCSX2/resources
[    0.0161] Cache Directory: /home/spider/pool2-static-a96-arm0-repeat1-20261005/profile/PCSX2/cache
[    0.0161] Textures Directory: /home/spider/pool2-static-a96-arm0-repeat1-20261005/profile/PCSX2/textures
[    0.0161] Input Profile Directory: /home/spider/pool2-static-a96-arm0-repeat1-20261005/profile/PCSX2/inputprofiles
[    0.0161] Video Dumping Directory: /home/spider/pool2-static-a96-arm0-repeat1-20261005/profile/PCSX2/videos
[    0.0161] Debugger Layouts Directory: /home/spider/pool2-static-a96-arm0-repeat1-20261005/profile/PCSX2/inis/debuggerlayouts
[    0.0161] Debugger Settings Directory: /home/spider/pool2-static-a96-arm0-repeat1-20261005/profile/PCSX2/inis/debuggersettings
[    0.0300] Loaded translation file for language en-US
[    0.0369] PCSX2 v2.9.93
[    0.0369] Savestate version: 0x9a590000
[    0.0369] 
[    0.0369] 
[    0.0369] Host Machine Init:
[    0.0370]   Operating System = Ubuntu 22.04
[    0.0370]   Available RAM    = 49108 MB (47.96 GB)
[    0.0370]   Physical RAM     = 50191 MB (49.02 GB)
[    0.0370] 
[    0.0370]   Processor        = AMD Ryzen Threadripper 1920X
[    0.0371]   Core Count       = 24 cores
[    0.0371]   Thread Count     = 24 threads
[    0.0371]   Cluster Count    = 1 clusters
[    0.0371] CPU Extensions Detected:
[    0.0371]   AVX AVX2
[    0.0371] 
[    0.0371] Allocating host memory for virtual systems...
[    0.0374]   EE Main Memory                   @ 0x00007F58DB200000 -> 0x00007F58E4100000 [143mb]
[    0.0374]   IOP Main Memory                  @ 0x00007F58E4100000 -> 0x00007F58EC200000 [129mb]
[    0.0374]   VU0/1 On-Chip Memory             @ 0x00007F58EC200000 -> 0x00007F58EC300000 [1mb]
[    0.0374]   VTLB Virtual Map                 @ 0x00007F58EC300000 -> 0x00007F58ECB00000 [8mb]
[    0.0374]   VTLB Address Map                 @ 0x00007F58ECB00000 -> 0x00007F58ECF00000 [4mb]
[    0.0374]   R5900 Recompiler Cache           @ 0x00007F58ECF00000 -> 0x00007F58F0F00000 [64mb]
[    0.0374]   R3000A Recompiler Cache          @ 0x00007F58F0F00000 -> 0x00007F58F2F00000 [32mb]
[    0.0374]   Micro VU0 Recompiler Cache       @ 0x00007F58F3F00000 -> 0x00007F58F7F00000 [64mb]
[    0.0374]   Micro VU1 Recompiler Cache       @ 0x00007F58F7F00000 -> 0x00007F58FBF00000 [64mb]
[    0.0374]   VIF0 Unpack Recompiler Cache     @ 0x00007F58F2F00000 -> 0x00007F58F3700000 [8mb]
[    0.0375]   VIF1 Unpack Recompiler Cache     @ 0x00007F58F3700000 -> 0x00007F58F3F00000 [8mb]
[    0.0375]   VIF Unpack Recompiler Cache      @ 0x00007F58FBF00000 -> 0x00007F58FC000000 [1mb]
[    0.0375]   GS Software Renderer             @ 0x00007F58FC000000 -> 0x00007F5900000000 [64mb]
[    0.0402] Fastmem area: 0x7f57db200000 - 0x7f58db1fffff
[    0.0419] Generating SSE-optimized unpacking functions for VIF interpreters...
[    0.0423] Unpack function generation complete.  Generated function statistics:
[    0.0423]   Reserved buffer    : 1048576 bytes @ 0x00007F58FBF00000
[    0.0423]   x86 code generated : 7422 bytes
[    0.0423] 
[    0.0426] SDLInputSource: Using Controller DB from resources.
[    0.0596] SDLInputSource: 765 gamepad mappings are loaded.
[    0.0597] Invalid binding: 'XInput-0/DPadUp'
[    0.0597] Invalid binding: 'XInput-0/DPadRight'
[    0.0597] Invalid binding: 'XInput-0/DPadDown'
[    0.0597] Invalid binding: 'XInput-0/DPadLeft'
[    0.0597] Invalid binding: 'XInput-0/Y'
[    0.0597] Invalid binding: 'XInput-0/B'
[    0.0597] Invalid binding: 'XInput-0/A'
[    0.0597] Invalid binding: 'XInput-0/X'
[    0.0597] Invalid binding: 'XInput-0/Back'
[    0.0597] Invalid binding: 'XInput-0/Start'
[    0.0597] Invalid binding: 'XInput-0/LeftShoulder'
[    0.0597] Invalid binding: 'XInput-0/+LeftTrigger'
[    0.0597] Invalid binding: 'XInput-0/RightShoulder'
[    0.0597] Invalid binding: 'XInput-0/+RightTrigger'
[    0.0597] Invalid binding: 'XInput-0/LeftStick'
[    0.0597] Invalid binding: 'XInput-0/RightStick'
[    0.0597] Invalid binding: 'XInput-0/Guide'
[    0.0597] Invalid binding: 'XInput-0/-LeftY'
[    0.0597] Invalid binding: 'XInput-0/+LeftX'
[    0.0597] Invalid binding: 'XInput-0/+LeftY'
[    0.0597] Invalid binding: 'XInput-0/-LeftX'
[    0.0597] Invalid binding: 'XInput-0/-RightY'
[    0.0597] Invalid binding: 'XInput-0/+RightX'
[    0.0597] Invalid binding: 'XInput-0/+RightY'
[    0.0597] Invalid binding: 'XInput-0/-RightX'
[    0.0603] Settings: Advanced Settings are enabled; only proceed if you know what you're doing! No support will be provided if you have the option enabled.
[    0.1155] Scanning F:\PS2\Games (recursively)
[    0.2341] Loading BIOS...
[    0.2455] BIOS Found: Europe  v02.00(14/06/2004)  Console 20040614-100914
[    0.3017] Mechacon version: 0x00020603
[    0.3031] Opening CDVD...
[    0.3358] Initializing Elf: 4455708 bytes
[    0.3365] Disc changed to .
[    0.3366]   Name: vehicle-playground [?]
[    0.3366]   Serial: vehicle-playground
[    0.3366]   Version: 
[    0.3366]   CRC: 255D8279
[    0.3366] No game settings found (tried '/home/spider/pool2-static-a96-arm0-repeat1-20261005/profile/PCSX2/gamesettings/255D8279.ini')
[    0.3366] Applying settings...
[    0.3368] Invalid binding: 'XInput-0/DPadUp'
[    0.3368] Invalid binding: 'XInput-0/DPadRight'
[    0.3369] Invalid binding: 'XInput-0/DPadDown'
[    0.3369] Invalid binding: 'XInput-0/DPadLeft'
[    0.3369] Invalid binding: 'XInput-0/Y'
[    0.3369] Invalid binding: 'XInput-0/B'
[    0.3369] Invalid binding: 'XInput-0/A'
[    0.3369] Invalid binding: 'XInput-0/X'
[    0.3369] Invalid binding: 'XInput-0/Back'
[    0.3369] Invalid binding: 'XInput-0/Start'
[    0.3369] Invalid binding: 'XInput-0/LeftShoulder'
[    0.3369] Invalid binding: 'XInput-0/+LeftTrigger'
[    0.3369] Invalid binding: 'XInput-0/RightShoulder'
[    0.3369] Invalid binding: 'XInput-0/+RightTrigger'
[    0.3369] Invalid binding: 'XInput-0/LeftStick'
[    0.3369] Invalid binding: 'XInput-0/RightStick'
[    0.3369] Invalid binding: 'XInput-0/Guide'
[    0.3369] Invalid binding: 'XInput-0/-LeftY'
[    0.3369] Invalid binding: 'XInput-0/+LeftX'
[    0.3369] Invalid binding: 'XInput-0/+LeftY'
[    0.3369] Invalid binding: 'XInput-0/-LeftX'
[    0.3369] Invalid binding: 'XInput-0/-RightY'
[    0.3369] Invalid binding: 'XInput-0/+RightX'
[    0.3369] Invalid binding: 'XInput-0/+RightY'
[    0.3369] Invalid binding: 'XInput-0/-RightX'
[    0.3371] GameDB: Has not been initialized yet, initializing...
[    0.3793] GameDB: 12841 games on record (loaded in 42.20ms)
[    0.3817] Reopening memory cards...
[    0.3817] (FileMcd) Creating new 8MB memory card: /home/spider/pool2-static-a96-arm0-repeat1-20261005/profile/PCSX2/memcards/Mcd001.ps2
[    0.3909] McdSlot 0 [File]: Mcd001.ps2 [8 MB, UNFORMATTED]
[    0.3909] McdSlot 1 [File]: [disabled/empty filename]
[    0.3962] HLE Host: Set 'host:' root path to: /mnt/f/Projects/tyrax2-lab-20261001/wild-pool2-static-probe-physical-v1/game/bin
[    0.3965] EE/iR5900 Recompiler Reset
[    0.4311] iR3000A Recompiler reset.
[    0.4484] Resetting host memory for virtual systems...
[    0.6917] Time Zone Offset: GMT+01:00
[    0.6917] Time Zone Location: Berlin
[    0.6917] DST: Winter Time
[    0.6917] Time Format: 24-Hour
[    0.6917] Date Format: DD/MM/YYYY
[    0.6917] System Time Basis: Operating System Time
[    0.6918] Resulting System Time: 2026-10-05 02:55:34
[    0.6918] Close virtual disk tray
[    0.6918] Media already loaded (fast boot)
[    0.6918] Opening GS...
[    0.7291] VK: Enabling extension: VK_KHR_get_surface_capabilities2
[    0.7394] Using Vulkan GPU 'llvmpipe (LLVM 15.0.7, 256 bits)' for automatic renderer check.
[    0.7395] Not using Vulkan for software renderer.
[    0.7396] acquireRenderWindow() recreate=true fullscreen=false render_to_main=true surfaceless=false
[    0.7422] (GetRefreshRateFromXRandR) Modeline is invalid: 0/0/0
[    0.7422] Surface refresh rate: 60 Hz
[    0.7427] Loading EGL from libEGL.so...
[    0.7440] GLAD EGL Version: 1.0
[    0.7440] Using EGL platform EGL_EXT_platform_x11.
[    0.7518] eglInitialize() version: 1.5
[    0.7519] GLAD EGL Version: 1.5
[    0.7519] Trying GL version 4.6
[    0.7519] eglCreateContext() failed: 0x3009
[    0.7519] Trying GL version 4.5
[    0.7626] Got GL version 4.5
[    0.7626] EGL_MIN_SWAP_INTERVAL = 1
[    0.7626] EGL_MAX_SWAP_INTERVAL = 1
[    0.7626] Negative swap interval/tear-control is NOT supported
[    0.7655] GL_VENDOR: Mesa
[    0.7655] GL_VERSION: 4.5 (Core Profile) Mesa 23.2.1-1ubuntu3.1~22.04.4
[    0.7655] GL_RENDERER: llvmpipe (LLVM 15.0.7, 256 bits)
[    0.7655] GL_SHADING_LANGUAGE_VERSION: 4.50
[    0.7656] GL_MAX_VERTEX_SHADER_STORAGE_BLOCKS: 16
[    0.7656] GL: Viewport Array:            Supported       => Using: GL_ARB_viewport_array
[    0.7656] GL: Direct State Access:       Supported       => Using: OpenGL 4.5 Core
[    0.7656] GL: Copy Image:                Supported       => Using: OpenGL 4.3 Core
[    0.7656] GL: Clip Control:              Supported       => Using: OpenGL 4.5 Core
[    0.7656] GL: Conservative Depth:        Supported       => Using: OpenGL 4.2 Core
[    0.7656] GL: CAS Sharpening:            Supported       => Using: OpenGL 4.2 Core
[    0.7656] GL: Texture Barriers:          Auto            => Using: Framebuffer Fetch
[    0.7656] GL: RGBA16 HW Blending:        Supported       => Using: RGBA16 UNORM
[    0.7656] GL: Point Expansion:           Supported       => Using: Hardware
[    0.7656] GL: Line Expansion:            Fallback        => Using: Vertex Expansion
[    0.7656] GL: Sprite Expansion:          Supported       => Using: Vertex Expansion
[    0.7656] GL: DXTn Texture Compression:  Supported       => Using: GL_EXT_texture_compression_s3tc
[    0.7656] GL: BC6/7 Texture Compression: Supported       => Using: OpenGL 4.2 Core
[    0.7713] 1 program binary formats supported by driver
[    0.8058] Program binary retrieved, 4105 bytes, format 34655
[    0.8062] Program binary retrieved, 4121 bytes, format 34655
[    0.8066] Program binary retrieved, 4249 bytes, format 34655
[    0.8070] Program binary retrieved, 4013 bytes, format 34655
[    0.8073] Program binary retrieved, 4013 bytes, format 34655
[    0.8076] Program binary retrieved, 4017 bytes, format 34655
[    0.8081] Program binary retrieved, 4017 bytes, format 34655
[    0.8084] Program binary retrieved, 4185 bytes, format 34655
[    0.8088] Program binary retrieved, 4217 bytes, format 34655
[    0.8092] Program binary retrieved, 4137 bytes, format 34655
[    0.8096] Program binary retrieved, 4125 bytes, format 34655
[    0.8100] Program binary retrieved, 4121 bytes, format 34655
[    0.8106] Program binary retrieved, 4253 bytes, format 34655
[    0.8112] Program binary retrieved, 4237 bytes, format 34655
[    0.8115] Program binary retrieved, 4245 bytes, format 34655
[    0.8119] Program binary retrieved, 4261 bytes, format 34655
[    0.8124] Program binary retrieved, 4965 bytes, format 34655
[    0.8129] Program binary retrieved, 4981 bytes, format 34655
[    0.8132] Program binary retrieved, 4261 bytes, format 34655
[    0.8136] Program binary retrieved, 4277 bytes, format 34655
[    0.8141] Program binary retrieved, 5005 bytes, format 34655
[    0.8146] Program binary retrieved, 5021 bytes, format 34655
[    0.8150] Program binary retrieved, 4257 bytes, format 34655
[    0.8155] Program binary retrieved, 4273 bytes, format 34655
[    0.8159] Program binary retrieved, 5001 bytes, format 34655
[    0.8164] Program binary retrieved, 5017 bytes, format 34655
[    0.8168] Program binary retrieved, 4277 bytes, format 34655
[    0.8171] Program binary retrieved, 4293 bytes, format 34655
[    0.8176] Program binary retrieved, 5057 bytes, format 34655
[    0.8182] Program binary retrieved, 5073 bytes, format 34655
[    0.8186] Program binary retrieved, 4153 bytes, format 34655
[    0.8189] Program binary retrieved, 4169 bytes, format 34655
[    0.8193] Program binary retrieved, 4233 bytes, format 34655
[    0.8198] Program binary retrieved, 5781 bytes, format 34655
[    0.8202] Program binary retrieved, 5373 bytes, format 34655
[    0.8208] Program binary retrieved, 6389 bytes, format 34655
[    0.8212] Program binary retrieved, 4917 bytes, format 34655
[    0.8217] Program binary retrieved, 4845 bytes, format 34655
[    0.8221] Program binary retrieved, 4997 bytes, format 34655
[    0.8225] Program binary retrieved, 4101 bytes, format 34655
[    0.8254] Program binary retrieved, 4137 bytes, format 34655
[    0.8288] Program binary retrieved, 4109 bytes, format 34655
[    0.8292] Program binary retrieved, 5389 bytes, format 34655
[    0.8296] Program binary retrieved, 5829 bytes, format 34655
[    0.8300] Program binary retrieved, 5857 bytes, format 34655
[    0.8303] Program binary retrieved, 4289 bytes, format 34655
[    0.8326] Program binary retrieved, 21205 bytes, format 34655
[    0.8330] Program binary retrieved, 4765 bytes, format 34655
[    0.8335] Program binary retrieved, 5685 bytes, format 34655
[    0.8338] Program binary retrieved, 4141 bytes, format 34655
[    0.8341] Program binary retrieved, 4537 bytes, format 34655
[    0.8345] Program binary retrieved, 4889 bytes, format 34655
[    0.8348] Program binary retrieved, 4117 bytes, format 34655
[    0.8351] Program binary retrieved, 4741 bytes, format 34655
[    0.8355] Program binary retrieved, 4965 bytes, format 34655
[    0.8361] Program binary retrieved, 6613 bytes, format 34655
[    0.8364] Program binary retrieved, 4797 bytes, format 34655
[    0.8379] Program binary retrieved, 13085 bytes, format 34655
[    0.8445] Program binary retrieved, 7285 bytes, format 34655
[    0.8505] Program binary retrieved, 5497 bytes, format 34655
[    0.8509] Program binary retrieved, 4141 bytes, format 34655
[    0.8512] Program binary retrieved, 4141 bytes, format 34655
[    0.8516] Program binary retrieved, 4145 bytes, format 34655
[    0.8520] Program binary retrieved, 4145 bytes, format 34655
[    0.9005] Program binary retrieved, 5369 bytes, format 34655
[    0.9020] OpenGL Graphics Driver Info:
[    0.9020] OpenGL Context:
[    0.9020] 4.5 (Core Profile) Mesa 23.2.1-1ubuntu3.1~22.04.4
[    0.9020] Mesa llvmpipe (LLVM 15.0.7, 256 bits)
[    0.9020] GLSL: 4.50
[    0.9051] Processor count: 24 cores, 24 processors, 1 clusters
[    0.9052] Ordered processor list: 12, 23, 22, 21, 20, 19, 18, 17, 16, 15, 14, 13, 0, 11, 10, 9, 8, 7, 6, 5, 4, 3, 2, 1
[    0.9052] Not pinning SW threads, we need 4 processors, but only have 0
[    0.9055] Opening SPU2...
[    0.9095] Creating SDL audio stream, sample rate = 48000, expansion = Disabled, buffer = 50, latency = 32, stretching enabled, driver = wasapi, device = 
[    0.9154] MultiPause time: 142ns
[    0.9154] MultiPause time: 142ns
[    0.9155] MultiPause time: 156ns
[    0.9156] MultiPause time: 142ns
[    0.9261] Requested 2432 frame buffer, got 1824 frame buffer
[    0.9262] Allocated buffer of 38400 frames for buffer of 50 ms [expansion Disabled (block size 128), stretch enabled, target size 2432].
[    0.9263] Initializing Pad...
[    0.9263] Initializing SIO2...
[    0.9263] Initializing SIO0...
[    0.9263] Opening DEV9...
[    0.9263] DEV9: DEV9init
[    0.9269] DEV9: DEV9init2
[    0.9269] DEV9: DEV9init3
[    0.9302] DEV9: DEV9init ok
[    0.9302] DEV9: DEV9open
[    0.9302] Opening USB...
[    0.9302] Opening FW...
[    0.9306] Frame rate: 59.94, target speed: 1, target frame rate: 59.94, ticks per frame: 16683350
[    0.9340] VM subsystems initialized in 704.24 ms
[    0.9445] Failed to inhibit screen saver.
[    0.9445] Processor order assignment: EE=12, VU=23, GS=23
[    0.9445]   EE thread is on processor 12 (0x1000)
[    0.9446]   GS thread is on processor 23 (0x800000)
[   20.5071] PINE: New client with FD 14 connected.
[   20.5110] PINE: Client disconnected.
[   20.5450] (VMManager) Resuming...
[   20.5553] Failed to inhibit screen saver.
[   20.5792] # Initialize memory (rev:3.70, ctm:197Mhz, cpuclk:147Mhz detected)
[   20.5875] R3000 Debugger: Branch to 0x890 (SYSMEM). Clearing modules.
[   20.5892] RegisterLibraryEntries: excepman version 1.01
[   20.5901] RegisterLibraryEntries:  intrman version 1.02
[   20.5902] RegisterLibraryEntries:   ssbusc version 1.01
[   20.5905] RegisterLibraryEntries:  dmacman version 1.02
[   20.5909] RegisterLibraryEntries:  timrman version 1.01
[   20.5912] RegisterLibraryEntries:  sysclib version 1.01
[   20.5913] RegisterLibraryEntries:    stdio version 1.01
[   20.5914] RegisterLibraryEntries:  heaplib version 1.01
[   20.5918] FW: read mem 0x1f80847c: 0x10000001
[   20.5918] FW: write mem 0x1f808414: 0x417f0000
[   20.5918] FW: read mem 0x1f808400: 0xffc00001
[   20.5918] FW: write mem 0x1f80844c: 0xffffffff
[   20.5918] FW: write mem 0x1f808420: 0xffffffff
[   20.5918] FW: write mem 0x1f808428: 0xffffffff
[   20.5918] FW: write mem 0x1f808430: 0xffffffff
[   20.5932] RegisterLibraryEntries:   thbase version 1.01
[   20.5935] RegisterLibraryEntries:  thevent version 1.01
[   20.5935] RegisterLibraryEntries:  thsemap version 1.01
[   20.5936] RegisterLibraryEntries:  thmsgbx version 1.01
[   20.5937] RegisterLibraryEntries:  thfpool version 1.01
[   20.5937] RegisterLibraryEntries:  thvpool version 1.01
[   20.5946] RegisterLibraryEntries:   vblank version 1.01
[   20.5952] RegisterLibraryEntries:    ioman version 1.02
[   20.5960] RegisterLibraryEntries:  modload version 1.01
[   20.5963] RegisterLibraryEntries:   romdrv version 2.01
[   20.5965] RegisterLibraryEntries:    stdio version 1.02
[   20.5970] RegisterLibraryEntries:   sifman version 1.01
[   20.5972] 
[   20.5973] PlayStation 2 ======== Hard reset boot
[   20.5974]  ROMGEN=2004-0614, IOP info (CPUID=1f, CACH_CONFIG=0, 2MB, IOP mode)
[   20.5976]  <20040614-100914,ROMconf,PS20200EC20040614.bin:11696>
[   20.6070] # Total accessable memory size: 32 MB (B:2:8:0) (370:2:7c30)
[   20.6081] # TLB spad=0 kernel=1:12 default=13:30 extended=31:38
[   20.6723] # Initialize Start.
[   20.6730] # Initialize GS ...
[   20.6730] # Initialize INTC ...
[   20.6730] # Initialize TIMER ...
[   20.6731] # Initialize DMAC ...
[   20.6732] # Initialize VU1 ...
[   20.6734] # Initialize VIF1 ...
[   20.6736] # Initialize GIF ...
[   20.6736] # Initialize VU0 ...
[   20.6738] # Initialize VIF0 ...
[   20.6738] # Initialize IPU ...
[   20.6739] # Initialize FPU ...
[   20.6740] # Initialize User Memory ...
[   20.7315] # Initialize Scratch Pad ...
[   20.7316] # Initialize Done.
[   20.7324] 
[   20.7324] EE DECI2 Manager version 0.06 Feb  6 2003 08:38:48
[   20.7324]   CPUID=2e20, BoardID=0, ROMGEN=2004-0614, 32M
[   20.7324] 
[   20.7327] RegisterLibraryEntries:   sifcmd version 1.01
[   20.7636] Initializing Elf: 4455708 bytes
[   20.7662] ELF Loading: host:vehicle-playground.elf, Game CRC = 255D8279, EntryPoint = 0x00100E78
[   20.7691] RegisterLibraryEntries:  cdvdman version 1.01
[   20.7721] Imported 823 symbols.
[   20.7767] RegisterLibraryEntries:  cdvdfsv version 1.01
[   20.7784] RegisterLibraryEntries:  secrman version 1.03
[   20.7785] RegisterLibraryEntries:   eesync version 1.01
[   20.7786] 
[   20.7786] IOP Realtime Kernel Ver.0.9.1
[   20.7787]     Copyright 1999 (C) Sony Computer Entertainment Inc. 
[   20.7792] Reboot service module.(99/11/10)
[   20.7812] cdvd driver module version 0.1.1 (C)SCEI
[   20.7817] Load File service.(99/11/05)
[   20.7818] Multi Threaded Fileio module.(99/11/15) 
[   20.7818] iop heap service (99/11/03)
[   20.7995] loadelf: fname host:vehicle-playground.elf secname all
[   20.7996] loadelf version 3.30
[   20.8015] Input ELF format filename = host:vehicle-playground.elf
[   20.8433] 1 00100000 003f3d3c ................................................................
[   20.8434] Loaded, host:vehicle-playground.elf
[   20.8434] start address 0x100e78
[   20.8434] gp address 00000000
[   20.8444] (VMManager) Pausing...
[   20.8447] (VMManager) Resuming...
[   20.8564] Failed to inhibit screen saver.
[   20.8565] EE/iR5900 Recompiler Reset
[   20.8717] # Restart Without Memory Clear.
[   20.8825] # Initialize GS ...
[   20.8826] # Initialize INTC ...
[   20.8826] # Initialize TIMER ...
[   20.8826] # Initialize DMAC ...
[   20.8827] # Initialize VU1 ...
[   20.8829] # Initialize VIF1 ...
[   20.8830] # Initialize GIF ...
[   20.8830] # Initialize VU0 ...
[   20.8832] # Initialize VIF0 ...
[   20.8832] # Initialize IPU ...
[   20.8833] # Initialize FPU ...
[   20.8834] # Initialize Scratch Pad ...
[   20.8834] # Restart Without Memory Clear Done.
[   20.8836] ELF host:vehicle-playground.elf with entry point at 0x00100E78 is executing.
[   20.8837] ELF changed, active CRC 255D8279 (host:vehicle-playground.elf)
[   20.8843] Applying core settings...
[   20.8843] Debugger Settings Manager: Failed to read Saved Addresses array from settings file: '/home/spider/pool2-static-a96-arm0-repeat1-20261005/profile/PCSX2/inis/debuggersettings/vehicle-playground_255D8279.json'
[   20.8844] Debugger Settings Manager: Failed to read Saved Addresses array from settings file: '/home/spider/pool2-static-a96-arm0-repeat1-20261005/profile/PCSX2/inis/debuggersettings/vehicle-playground_255D8279.json'
[   20.8850] Updating CPU configuration...
[   20.8851] iR3000A Recompiler reset.
[   20.9076] iR3000A Recompiler reset.
[   20.9145] EE/iR5900 Recompiler Reset
[   20.9297] (VMManager) Pausing...
[   20.9302] EE/iR5900 Recompiler Reset
[   20.9455] EE/iR5900 Recompiler Reset
[   20.9595] iR3000A Recompiler reset.
[   20.9629] EE/iR5900 Recompiler Reset
[   20.9772] iR3000A Recompiler reset.
[   20.9802] EE/iR5900 Recompiler Reset
[   20.9937] iR3000A Recompiler reset.
[   20.9973] EE/iR5900 Recompiler Reset
[   21.0110] iR3000A Recompiler reset.
[   21.0146] EE/iR5900 Recompiler Reset
[   88.1719] PINE: New client with FD 14 connected.
[   88.1769] PINE: Client disconnected.
[   88.1950] EE/iR5900 Recompiler Reset
[  152.5040] (VMManager) Resuming...
[  152.5209] Failed to inhibit screen saver.
[  152.5226] BIOS: Successfully found the instruction pattern. Assuming the thread list is here: 8001a640
[  152.5256] Warning: GetOsdConfigParam2 Reading extended language/version configs, may be incorrect!
[  152.5376] read/write allocate memory 4000
[  152.5377] open name host:/ps2link.run flag 1 data 41378
[  152.5386] open fd = -5
[  152.5417] Get Reboot Request From EE
[  152.5430] R3000 Debugger: Branch to 0x890 (SYSMEM). Clearing modules.
[  152.5455] RegisterLibraryEntries: excepman version 1.01
[  152.5466] RegisterLibraryEntries:  intrman version 1.02
[  152.5467] RegisterLibraryEntries:   ssbusc version 1.01
[  152.5472] RegisterLibraryEntries:  dmacman version 1.02
[  152.5478] RegisterLibraryEntries:  timrman version 1.01
[  152.5483] RegisterLibraryEntries:  sysclib version 1.01
[  152.5483] RegisterLibraryEntries:    stdio version 1.01
[  152.5485] RegisterLibraryEntries:  heaplib version 1.01
[  152.5507] RegisterLibraryEntries:   thbase version 1.01
[  152.5507] RegisterLibraryEntries:  thevent version 1.01
[  152.5508] RegisterLibraryEntries:  thsemap version 1.01
[  152.5508] RegisterLibraryEntries:  thmsgbx version 1.01
[  152.5508] RegisterLibraryEntries:  thfpool version 1.01
[  152.5508] RegisterLibraryEntries:  thvpool version 1.01
[  152.5518] RegisterLibraryEntries:   vblank version 1.01
[  152.5523] RegisterLibraryEntries:    ioman version 1.02
[  152.5534] RegisterLibraryEntries:  modload version 1.01
[  152.5596] RegisterLibraryEntries:   romdrv version 2.01
[  152.5600] RegisterLibraryEntries:    stdio version 1.02
[  152.5605] RegisterLibraryEntries:   sifman version 1.01
[  152.5609] 
[  152.5609] PlayStation 2 ======== Soft reboot
[  152.5616] RegisterLibraryEntries:   sifcmd version 1.01
[  152.5652] RegisterLibraryEntries:  cdvdman version 1.01
[  152.5668] RegisterLibraryEntries:  cdvdfsv version 1.01
[  152.5751] RegisterLibraryEntries:  secrman version 1.03
[  152.5754] RegisterLibraryEntries:   eesync version 1.01
[  152.5755] 
[  152.5755] IOP Realtime Kernel Ver.0.9.1
[  152.5756]     Copyright 1999 (C) Sony Computer Entertainment Inc. 
[  152.5761] Reboot service module.(99/11/10)
[  152.5782] [EE] Skipping timeout loop at 0x002D2FB0 -> 0x002D2FD0
[  152.5782] cdvd driver module version 0.1.1 (C)SCEI
[  152.5786] Load File service.(99/11/05)
[  152.5786] Multi Threaded Fileio module.(99/11/15) 
[  152.5786] iop heap service (99/11/03)
[  152.6095] RegisterLibraryEntries:   iomanx version 1.01
[  152.6108] fileXio: fileXio: fileXio RPC Server v1.00
[  152.6108] Copyright (c) 2003 adresd
[  152.6112] RegisterLibraryEntries:  sio2man version 2.07
[  152.6113] RegisterLibraryEntries:  sio2man version 1.02
[  152.6120] RegisterLibraryEntries:   padman version 1.02
[  152.6123] Pad Driver for OSD
[  152.6127] FREESD v1.01
[  152.6128] RegisterLibraryEntries:    libsd version 1.04
[  152.6133] debug_level = 1 (ps2snd 0.1
[  152.6258] greetings from version 0.93 !
[  152.6258] RegisterLibraryEntries:   audsrv version 1.04
[  152.6259] audsrv_adpcm_init()
[  152.6270] UpdateVSyncRate: Mode Changed to SDTV 480p.
[  152.6270] Frame rate: 59.94, target speed: 1, target frame rate: 59.94, ticks per frame: 16683350
[  152.6270] Set GS CRTC configuration. SDTV   720x480 @ 59.94 Progressive (FRAME)
[  154.7146] read/write allocate memory 4000
[  154.7148] 
[  154.7151] -----------------------------------------
[  154.7152]         _____        ____   ___
[  154.7153]           |     /   ____| |___|
[  154.7153]           |     |   |     |   |
[  154.7154] -----------------------------------------
[  154.7154] Copyright 2022
[  154.7155] Repository: https://github.com/h4570/tyra
[  154.7155] Licensed under Apache License 2.0
[  154.7159] Version: 2.2.0
[  154.7159] -----------------------------------------
[  154.7160] 
[  154.8805] audsrv_adpcm_init()
[  154.8815] [EE] Skipping timeout loop at 0x00102CB0 -> 0x00102CD0
[  154.9146] Curent pad(0,0) status: EXECCMD
[  155.1118] Pad: DS2 Config Finished - P1/S1 - AL: Off - AB: Usable - VS: Disabled - VL: Disabled - RB: D (0x00000000)
[  155.1463] Curent pad(0,0) status: EXECCMD
[  155.2122] Pad: DS2 Config Finished - P1/S1 - AL: On - AB: Locked - VS: Disabled - VL: Disabled - RB: D (0x00000000)
[  155.4123] Pad: DS2 Config Finished - P1/S1 - AL: On - AB: Locked - VS: Disabled - VL: Disabled - RB: D (0x00000000)
[  155.4463] Curent pad(0,0) status: EXECCMD
[  155.7133] Pad: DS2 Config Finished - P1/S1 - AL: On - AB: Locked - VS: Disabled - VL: Disabled - RB: D+A+P (0x0003FFFF)
[  155.9128] Pad: DS2 Config Finished - P1/S1 - AL: On - AB: Locked - VS: Disabled - VL: Disabled - RB: D+A+P (0x0003FFFF)
[  155.9488] open name host:/pool2-probe.cfg flag 1 data 41378
[  155.9500] open fd = 256
[  155.9550] open name host:/hud/flare-corona.png flag 1 data 41378
[  155.9572] open fd = 256
[  155.9785] LOG: POOL2PROBE_CONFIG arm=0 vertices=96 members=1 repeats=1 package=75 alpha=128
[  155.9795] FRAMEARENA allocated=1 bytes=1048576
[  155.9908] microVU1: Cached Prog = [000] [PC=18e0] [List=01] (Cache=0.000%) [0.0mb]
[  155.9917] microVU1: 3 cycle stall on branch instruction [1f78]
[  155.9927] microVU1: Cached Prog = [001] [PC=2480] [List=01] (Cache=0.246%) [0.1mb]
[  155.9936] microVU1: 3 cycle stall on branch instruction [1f78]
[  156.0068] LOG: POOL2PROBE_FRAME frame=1 cold=1 arm=0 eligible=2 applied=0 compared=2 mismatches=0
[  156.0069] LOG: POOL2PROBE_READY arm=0 vertices=96 repeats=1 completed=1 warmBypass=0
[  184.9333] PINE: New client with FD 14 connected.
[  184.9374] PINE: Client disconnected.
[  215.0220] (VMManager) Pausing...
[  215.0223] (VMManager) Resuming...
[  215.0227] Failed to inhibit screen saver.
[  215.0228] EE/iR5900 Recompiler Reset
[  215.0413] (VMManager) Pausing...
[  319.0988] PINE: New client with FD 14 connected.
[  319.0990] OSD [SaveStateSlot160]: Saving state to slot 160...
[  319.1276]   Saving SPU2
[  319.1281]   Saving GS
[  319.2254] OSD [SaveStateSlot160]: Saved state to slot 160.
[  319.2254] Zipping save state to '/home/spider/pool2-static-a96-arm0-repeat1-20261005/profile/PCSX2/sstates/vehicle-playground (255D8279).160.p2s' took 91.81 ms
[  320.3864] PINE: Client disconnected.
