[    0.0155] Program Path: /home/spider/tyrax2-debugger-linux-v1/squashfs-root/usr/bin/pcsx2-qt
[    0.0155] AppRoot Directory: /home/spider/tyrax2-debugger-linux-v1/squashfs-root/usr/bin
[    0.0155] Resources Directory: /home/spider/tyrax2-debugger-linux-v1/squashfs-root/usr/bin/resources
[    0.0155] DataRoot Directory: /home/spider/pool-lattice-fog-probe-b192-arm0-repeat3-20261005-v1/profile/PCSX2
[    0.0155] Loading config from /home/spider/pool-lattice-fog-probe-b192-arm0-repeat3-20261005-v1/profile/PCSX2/inis/PCSX2.ini.
[    0.0158] Loading secrets from /home/spider/pool-lattice-fog-probe-b192-arm0-repeat3-20261005-v1/profile/PCSX2/inis/secrets.ini.
[    0.0163] BIOS Directory: /mnt/c/Users/pawel/OneDrive/Documents/PCSX2/bios
[    0.0163] Snapshots Directory: /home/spider/pool-lattice-fog-probe-b192-arm0-repeat3-20261005-v1/profile/PCSX2/snaps
[    0.0163] Savestates Directory: /home/spider/pool-lattice-fog-probe-b192-arm0-repeat3-20261005-v1/profile/PCSX2/sstates
[    0.0163] MemoryCards Directory: /home/spider/pool-lattice-fog-probe-b192-arm0-repeat3-20261005-v1/profile/PCSX2/memcards
[    0.0163] Logs Directory: /home/spider/pool-lattice-fog-probe-b192-arm0-repeat3-20261005-v1/profile/PCSX2/logs
[    0.0163] Cheats Directory: /home/spider/pool-lattice-fog-probe-b192-arm0-repeat3-20261005-v1/profile/PCSX2/cheats
[    0.0163] Patches Directory: /home/spider/pool-lattice-fog-probe-b192-arm0-repeat3-20261005-v1/profile/PCSX2/patches
[    0.0163] Covers Directory: /home/spider/pool-lattice-fog-probe-b192-arm0-repeat3-20261005-v1/profile/PCSX2/covers
[    0.0163] Game Settings Directory: /home/spider/pool-lattice-fog-probe-b192-arm0-repeat3-20261005-v1/profile/PCSX2/gamesettings
[    0.0163] Resources Directory: /home/spider/tyrax2-debugger-linux-v1/squashfs-root/usr/bin/resources
[    0.0163] User Resources Directory: /home/spider/pool-lattice-fog-probe-b192-arm0-repeat3-20261005-v1/profile/PCSX2/resources
[    0.0163] Cache Directory: /home/spider/pool-lattice-fog-probe-b192-arm0-repeat3-20261005-v1/profile/PCSX2/cache
[    0.0164] Textures Directory: /home/spider/pool-lattice-fog-probe-b192-arm0-repeat3-20261005-v1/profile/PCSX2/textures
[    0.0164] Input Profile Directory: /home/spider/pool-lattice-fog-probe-b192-arm0-repeat3-20261005-v1/profile/PCSX2/inputprofiles
[    0.0164] Video Dumping Directory: /home/spider/pool-lattice-fog-probe-b192-arm0-repeat3-20261005-v1/profile/PCSX2/videos
[    0.0164] Debugger Layouts Directory: /home/spider/pool-lattice-fog-probe-b192-arm0-repeat3-20261005-v1/profile/PCSX2/inis/debuggerlayouts
[    0.0164] Debugger Settings Directory: /home/spider/pool-lattice-fog-probe-b192-arm0-repeat3-20261005-v1/profile/PCSX2/inis/debuggersettings
[    0.0313] Loaded translation file for language en-US
[    0.0383] PCSX2 v2.9.93
[    0.0384] Savestate version: 0x9a590000
[    0.0384] 
[    0.0384] 
[    0.0384] Host Machine Init:
[    0.0385]   Operating System = Ubuntu 22.04
[    0.0385]   Available RAM    = 49078 MB (47.93 GB)
[    0.0385]   Physical RAM     = 50191 MB (49.02 GB)
[    0.0385] 
[    0.0385]   Processor        = AMD Ryzen Threadripper 1920X
[    0.0385]   Core Count       = 24 cores
[    0.0385]   Thread Count     = 24 threads
[    0.0385]   Cluster Count    = 1 clusters
[    0.0385] CPU Extensions Detected:
[    0.0385]   AVX AVX2
[    0.0385] 
[    0.0385] Allocating host memory for virtual systems...
[    0.0388]   EE Main Memory                   @ 0x00007F9373200000 -> 0x00007F937C100000 [143mb]
[    0.0388]   IOP Main Memory                  @ 0x00007F937C100000 -> 0x00007F9384200000 [129mb]
[    0.0388]   VU0/1 On-Chip Memory             @ 0x00007F9384200000 -> 0x00007F9384300000 [1mb]
[    0.0388]   VTLB Virtual Map                 @ 0x00007F9384300000 -> 0x00007F9384B00000 [8mb]
[    0.0388]   VTLB Address Map                 @ 0x00007F9384B00000 -> 0x00007F9384F00000 [4mb]
[    0.0388]   R5900 Recompiler Cache           @ 0x00007F9384F00000 -> 0x00007F9388F00000 [64mb]
[    0.0388]   R3000A Recompiler Cache          @ 0x00007F9388F00000 -> 0x00007F938AF00000 [32mb]
[    0.0388]   Micro VU0 Recompiler Cache       @ 0x00007F938BF00000 -> 0x00007F938FF00000 [64mb]
[    0.0388]   Micro VU1 Recompiler Cache       @ 0x00007F938FF00000 -> 0x00007F9393F00000 [64mb]
[    0.0388]   VIF0 Unpack Recompiler Cache     @ 0x00007F938AF00000 -> 0x00007F938B700000 [8mb]
[    0.0388]   VIF1 Unpack Recompiler Cache     @ 0x00007F938B700000 -> 0x00007F938BF00000 [8mb]
[    0.0388]   VIF Unpack Recompiler Cache      @ 0x00007F9393F00000 -> 0x00007F9394000000 [1mb]
[    0.0388]   GS Software Renderer             @ 0x00007F9394000000 -> 0x00007F9398000000 [64mb]
[    0.0395] Fastmem area: 0x7f9273200000 - 0x7f93731fffff
[    0.0400] Generating SSE-optimized unpacking functions for VIF interpreters...
[    0.0402] Unpack function generation complete.  Generated function statistics:
[    0.0402]   Reserved buffer    : 1048576 bytes @ 0x00007F9393F00000
[    0.0402]   x86 code generated : 7422 bytes
[    0.0402] 
[    0.0405] SDLInputSource: Using Controller DB from resources.
[    0.0629] SDLInputSource: 765 gamepad mappings are loaded.
[    0.0630] Invalid binding: 'XInput-0/DPadUp'
[    0.0630] Invalid binding: 'XInput-0/DPadRight'
[    0.0630] Invalid binding: 'XInput-0/DPadDown'
[    0.0630] Invalid binding: 'XInput-0/DPadLeft'
[    0.0630] Invalid binding: 'XInput-0/Y'
[    0.0630] Invalid binding: 'XInput-0/B'
[    0.0630] Invalid binding: 'XInput-0/A'
[    0.0630] Invalid binding: 'XInput-0/X'
[    0.0631] Invalid binding: 'XInput-0/Back'
[    0.0631] Invalid binding: 'XInput-0/Start'
[    0.0631] Invalid binding: 'XInput-0/LeftShoulder'
[    0.0631] Invalid binding: 'XInput-0/+LeftTrigger'
[    0.0631] Invalid binding: 'XInput-0/RightShoulder'
[    0.0631] Invalid binding: 'XInput-0/+RightTrigger'
[    0.0631] Invalid binding: 'XInput-0/LeftStick'
[    0.0631] Invalid binding: 'XInput-0/RightStick'
[    0.0631] Invalid binding: 'XInput-0/Guide'
[    0.0631] Invalid binding: 'XInput-0/-LeftY'
[    0.0631] Invalid binding: 'XInput-0/+LeftX'
[    0.0631] Invalid binding: 'XInput-0/+LeftY'
[    0.0631] Invalid binding: 'XInput-0/-LeftX'
[    0.0631] Invalid binding: 'XInput-0/-RightY'
[    0.0631] Invalid binding: 'XInput-0/+RightX'
[    0.0631] Invalid binding: 'XInput-0/+RightY'
[    0.0631] Invalid binding: 'XInput-0/-RightX'
[    0.0636] Settings: Advanced Settings are enabled; only proceed if you know what you're doing! No support will be provided if you have the option enabled.
[    0.1110] Scanning F:\PS2\Games (recursively)
[    0.2130] Loading BIOS...
[    0.2254] BIOS Found: Europe  v02.00(14/06/2004)  Console 20040614-100914
[    0.2851] Mechacon version: 0x00020603
[    0.2866] Opening CDVD...
[    0.3188] Initializing Elf: 4470908 bytes
[    0.3196] Disc changed to .
[    0.3196]   Name: vehicle-playground [?]
[    0.3196]   Serial: vehicle-playground
[    0.3197]   Version: 
[    0.3197]   CRC: 8967CAC6
[    0.3197] No game settings found (tried '/home/spider/pool-lattice-fog-probe-b192-arm0-repeat3-20261005-v1/profile/PCSX2/gamesettings/8967CAC6.ini')
[    0.3197] Applying settings...
[    0.3200] Invalid binding: 'XInput-0/DPadUp'
[    0.3200] Invalid binding: 'XInput-0/DPadRight'
[    0.3200] Invalid binding: 'XInput-0/DPadDown'
[    0.3200] Invalid binding: 'XInput-0/DPadLeft'
[    0.3200] Invalid binding: 'XInput-0/Y'
[    0.3200] Invalid binding: 'XInput-0/B'
[    0.3200] Invalid binding: 'XInput-0/A'
[    0.3200] Invalid binding: 'XInput-0/X'
[    0.3200] Invalid binding: 'XInput-0/Back'
[    0.3200] Invalid binding: 'XInput-0/Start'
[    0.3200] Invalid binding: 'XInput-0/LeftShoulder'
[    0.3200] Invalid binding: 'XInput-0/+LeftTrigger'
[    0.3200] Invalid binding: 'XInput-0/RightShoulder'
[    0.3201] Invalid binding: 'XInput-0/+RightTrigger'
[    0.3201] Invalid binding: 'XInput-0/LeftStick'
[    0.3201] Invalid binding: 'XInput-0/RightStick'
[    0.3201] Invalid binding: 'XInput-0/Guide'
[    0.3201] Invalid binding: 'XInput-0/-LeftY'
[    0.3201] Invalid binding: 'XInput-0/+LeftX'
[    0.3201] Invalid binding: 'XInput-0/+LeftY'
[    0.3201] Invalid binding: 'XInput-0/-LeftX'
[    0.3201] Invalid binding: 'XInput-0/-RightY'
[    0.3201] Invalid binding: 'XInput-0/+RightX'
[    0.3201] Invalid binding: 'XInput-0/+RightY'
[    0.3201] Invalid binding: 'XInput-0/-RightX'
[    0.3202] GameDB: Has not been initialized yet, initializing...
[    0.3635] GameDB: 12841 games on record (loaded in 43.29ms)
[    0.3660] Reopening memory cards...
[    0.3661] (FileMcd) Creating new 8MB memory card: /home/spider/pool-lattice-fog-probe-b192-arm0-repeat3-20261005-v1/profile/PCSX2/memcards/Mcd001.ps2
[    0.3758] McdSlot 0 [File]: Mcd001.ps2 [8 MB, UNFORMATTED]
[    0.3759] McdSlot 1 [File]: [disabled/empty filename]
[    0.3804] HLE Host: Set 'host:' root path to: /mnt/f/Projects/tyrax2-lab-20261001/wild-pool-lattice-fog-probe-physical-v1/game/bin
[    0.3804] EE/iR5900 Recompiler Reset
[    0.4226] iR3000A Recompiler reset.
[    0.4392] Resetting host memory for virtual systems...
[    0.6806] Time Zone Offset: GMT+01:00
[    0.6807] Time Zone Location: Berlin
[    0.6807] DST: Winter Time
[    0.6807] Time Format: 24-Hour
[    0.6807] Date Format: DD/MM/YYYY
[    0.6807] System Time Basis: Operating System Time
[    0.6807] Resulting System Time: 2026-10-05 13:58:08
[    0.6807] Close virtual disk tray
[    0.6807] Media already loaded (fast boot)
[    0.6807] Opening GS...
[    0.7215] VK: Enabling extension: VK_KHR_get_surface_capabilities2
[    0.7324] Using Vulkan GPU 'llvmpipe (LLVM 15.0.7, 256 bits)' for automatic renderer check.
[    0.7324] Not using Vulkan for software renderer.
[    0.7326] acquireRenderWindow() recreate=true fullscreen=false render_to_main=true surfaceless=false
[    0.7358] (GetRefreshRateFromXRandR) Modeline is invalid: 0/0/0
[    0.7358] Surface refresh rate: 60 Hz
[    0.7364] Loading EGL from libEGL.so...
[    0.7376] GLAD EGL Version: 1.0
[    0.7376] Using EGL platform EGL_EXT_platform_x11.
[    0.7459] eglInitialize() version: 1.5
[    0.7461] GLAD EGL Version: 1.5
[    0.7461] Trying GL version 4.6
[    0.7461] eglCreateContext() failed: 0x3009
[    0.7461] Trying GL version 4.5
[    0.7570] Got GL version 4.5
[    0.7570] EGL_MIN_SWAP_INTERVAL = 1
[    0.7570] EGL_MAX_SWAP_INTERVAL = 1
[    0.7570] Negative swap interval/tear-control is NOT supported
[    0.7597] GL_VENDOR: Mesa
[    0.7598] GL_VERSION: 4.5 (Core Profile) Mesa 23.2.1-1ubuntu3.1~22.04.4
[    0.7598] GL_RENDERER: llvmpipe (LLVM 15.0.7, 256 bits)
[    0.7598] GL_SHADING_LANGUAGE_VERSION: 4.50
[    0.7599] GL_MAX_VERTEX_SHADER_STORAGE_BLOCKS: 16
[    0.7599] GL: Viewport Array:            Supported       => Using: GL_ARB_viewport_array
[    0.7599] GL: Direct State Access:       Supported       => Using: OpenGL 4.5 Core
[    0.7599] GL: Copy Image:                Supported       => Using: OpenGL 4.3 Core
[    0.7599] GL: Clip Control:              Supported       => Using: OpenGL 4.5 Core
[    0.7599] GL: Conservative Depth:        Supported       => Using: OpenGL 4.2 Core
[    0.7599] GL: CAS Sharpening:            Supported       => Using: OpenGL 4.2 Core
[    0.7599] GL: Texture Barriers:          Auto            => Using: Framebuffer Fetch
[    0.7599] GL: RGBA16 HW Blending:        Supported       => Using: RGBA16 UNORM
[    0.7599] GL: Point Expansion:           Supported       => Using: Hardware
[    0.7599] GL: Line Expansion:            Fallback        => Using: Vertex Expansion
[    0.7599] GL: Sprite Expansion:          Supported       => Using: Vertex Expansion
[    0.7600] GL: DXTn Texture Compression:  Supported       => Using: GL_EXT_texture_compression_s3tc
[    0.7600] GL: BC6/7 Texture Compression: Supported       => Using: OpenGL 4.2 Core
[    0.7711] 1 program binary formats supported by driver
[    0.8113] Program binary retrieved, 4105 bytes, format 34655
[    0.8118] Program binary retrieved, 4121 bytes, format 34655
[    0.8122] Program binary retrieved, 4249 bytes, format 34655
[    0.8126] Program binary retrieved, 4013 bytes, format 34655
[    0.8130] Program binary retrieved, 4013 bytes, format 34655
[    0.8134] Program binary retrieved, 4017 bytes, format 34655
[    0.8138] Program binary retrieved, 4017 bytes, format 34655
[    0.8142] Program binary retrieved, 4185 bytes, format 34655
[    0.8146] Program binary retrieved, 4217 bytes, format 34655
[    0.8150] Program binary retrieved, 4137 bytes, format 34655
[    0.8154] Program binary retrieved, 4125 bytes, format 34655
[    0.8158] Program binary retrieved, 4121 bytes, format 34655
[    0.8164] Program binary retrieved, 4253 bytes, format 34655
[    0.8171] Program binary retrieved, 4237 bytes, format 34655
[    0.8174] Program binary retrieved, 4245 bytes, format 34655
[    0.8178] Program binary retrieved, 4261 bytes, format 34655
[    0.8183] Program binary retrieved, 4965 bytes, format 34655
[    0.8188] Program binary retrieved, 4981 bytes, format 34655
[    0.8192] Program binary retrieved, 4261 bytes, format 34655
[    0.8196] Program binary retrieved, 4277 bytes, format 34655
[    0.8201] Program binary retrieved, 5005 bytes, format 34655
[    0.8206] Program binary retrieved, 5021 bytes, format 34655
[    0.8210] Program binary retrieved, 4257 bytes, format 34655
[    0.8214] Program binary retrieved, 4273 bytes, format 34655
[    0.8220] Program binary retrieved, 5001 bytes, format 34655
[    0.8225] Program binary retrieved, 5017 bytes, format 34655
[    0.8229] Program binary retrieved, 4277 bytes, format 34655
[    0.8233] Program binary retrieved, 4293 bytes, format 34655
[    0.8238] Program binary retrieved, 5057 bytes, format 34655
[    0.8243] Program binary retrieved, 5073 bytes, format 34655
[    0.8248] Program binary retrieved, 4153 bytes, format 34655
[    0.8251] Program binary retrieved, 4169 bytes, format 34655
[    0.8255] Program binary retrieved, 4233 bytes, format 34655
[    0.8261] Program binary retrieved, 5781 bytes, format 34655
[    0.8266] Program binary retrieved, 5373 bytes, format 34655
[    0.8273] Program binary retrieved, 6389 bytes, format 34655
[    0.8277] Program binary retrieved, 4917 bytes, format 34655
[    0.8281] Program binary retrieved, 4845 bytes, format 34655
[    0.8286] Program binary retrieved, 4997 bytes, format 34655
[    0.8290] Program binary retrieved, 4101 bytes, format 34655
[    0.8321] Program binary retrieved, 4137 bytes, format 34655
[    0.8356] Program binary retrieved, 4109 bytes, format 34655
[    0.8361] Program binary retrieved, 5389 bytes, format 34655
[    0.8365] Program binary retrieved, 5829 bytes, format 34655
[    0.8369] Program binary retrieved, 5857 bytes, format 34655
[    0.8373] Program binary retrieved, 4289 bytes, format 34655
[    0.8400] Program binary retrieved, 21205 bytes, format 34655
[    0.8403] Program binary retrieved, 4765 bytes, format 34655
[    0.8408] Program binary retrieved, 5685 bytes, format 34655
[    0.8411] Program binary retrieved, 4141 bytes, format 34655
[    0.8415] Program binary retrieved, 4537 bytes, format 34655
[    0.8418] Program binary retrieved, 4889 bytes, format 34655
[    0.8421] Program binary retrieved, 4117 bytes, format 34655
[    0.8425] Program binary retrieved, 4741 bytes, format 34655
[    0.8429] Program binary retrieved, 4965 bytes, format 34655
[    0.8436] Program binary retrieved, 6613 bytes, format 34655
[    0.8440] Program binary retrieved, 4797 bytes, format 34655
[    0.8464] Program binary retrieved, 13085 bytes, format 34655
[    0.8545] Program binary retrieved, 7285 bytes, format 34655
[    0.8606] Program binary retrieved, 5497 bytes, format 34655
[    0.8610] Program binary retrieved, 4141 bytes, format 34655
[    0.8614] Program binary retrieved, 4141 bytes, format 34655
[    0.8618] Program binary retrieved, 4145 bytes, format 34655
[    0.8622] Program binary retrieved, 4145 bytes, format 34655
[    0.9136] Program binary retrieved, 5369 bytes, format 34655
[    0.9152] OpenGL Graphics Driver Info:
[    0.9152] OpenGL Context:
[    0.9152] 4.5 (Core Profile) Mesa 23.2.1-1ubuntu3.1~22.04.4
[    0.9152] Mesa llvmpipe (LLVM 15.0.7, 256 bits)
[    0.9152] GLSL: 4.50
[    0.9181] Processor count: 24 cores, 24 processors, 1 clusters
[    0.9181] Ordered processor list: 12, 23, 22, 21, 20, 19, 18, 17, 16, 15, 14, 13, 0, 11, 10, 9, 8, 7, 6, 5, 4, 3, 2, 1
[    0.9181] Not pinning SW threads, we need 4 processors, but only have 0
[    0.9193] Opening SPU2...
[    0.9195] Creating Null audio stream, sample rate = 48000, expansion = Disabled, buffer = 50, latency = 32, stretching enabled, driver = wasapi, device = 
[    0.9195] Allocated buffer of 2432 frames for buffer of 50 ms [expansion Disabled (block size 2048), stretch disabled, target size 2432].
[    0.9195] Initializing Pad...
[    0.9195] Initializing SIO2...
[    0.9195] Initializing SIO0...
[    0.9195] Opening DEV9...
[    0.9195] DEV9: DEV9init
[    0.9197] DEV9: DEV9init2
[    0.9197] DEV9: DEV9init3
[    0.9233] DEV9: DEV9init ok
[    0.9233] DEV9: DEV9open
[    0.9233] Opening USB...
[    0.9233] Opening FW...
[    0.9236] Frame rate: 59.94, target speed: 1, target frame rate: 59.94, ticks per frame: 16683350
[    0.9270] VM subsystems initialized in 718.01 ms
[    0.9292] MultiPause time: 150ns
[    0.9299] MultiPause time: 142ns
[    0.9300] MultiPause time: 142ns
[    0.9300] MultiPause time: 142ns
[    0.9375] Failed to inhibit screen saver.
[    0.9375] Processor order assignment: EE=12, VU=23, GS=23
[    0.9375]   EE thread is on processor 12 (0x1000)
[    0.9376]   GS thread is on processor 23 (0x800000)
[    0.9477] Failed to inhibit screen saver.
[    0.9745] # Initialize memory (rev:3.70, ctm:197Mhz, cpuclk:147Mhz detected)
[    0.9830] R3000 Debugger: Branch to 0x890 (SYSMEM). Clearing modules.
[    0.9845] RegisterLibraryEntries: excepman version 1.01
[    0.9855] RegisterLibraryEntries:  intrman version 1.02
[    0.9856] RegisterLibraryEntries:   ssbusc version 1.01
[    0.9860] RegisterLibraryEntries:  dmacman version 1.02
[    0.9865] RegisterLibraryEntries:  timrman version 1.01
[    0.9868] RegisterLibraryEntries:  sysclib version 1.01
[    0.9868] RegisterLibraryEntries:    stdio version 1.01
[    0.9870] RegisterLibraryEntries:  heaplib version 1.01
[    0.9874] FW: read mem 0x1f80847c: 0x10000001
[    0.9874] FW: write mem 0x1f808414: 0x417f0000
[    0.9874] FW: read mem 0x1f808400: 0xffc00001
[    0.9874] FW: write mem 0x1f80844c: 0xffffffff
[    0.9874] FW: write mem 0x1f808420: 0xffffffff
[    0.9874] FW: write mem 0x1f808428: 0xffffffff
[    0.9874] FW: write mem 0x1f808430: 0xffffffff
[    0.9884] RegisterLibraryEntries:   thbase version 1.01
[    0.9884] RegisterLibraryEntries:  thevent version 1.01
[    0.9885] RegisterLibraryEntries:  thsemap version 1.01
[    0.9885] RegisterLibraryEntries:  thmsgbx version 1.01
[    0.9885] RegisterLibraryEntries:  thfpool version 1.01
[    0.9886] RegisterLibraryEntries:  thvpool version 1.01
[    0.9893] RegisterLibraryEntries:   vblank version 1.01
[    0.9900] RegisterLibraryEntries:    ioman version 1.02
[    0.9907] RegisterLibraryEntries:  modload version 1.01
[    0.9910] RegisterLibraryEntries:   romdrv version 2.01
[    0.9912] RegisterLibraryEntries:    stdio version 1.02
[    0.9917] RegisterLibraryEntries:   sifman version 1.01
[    0.9919] 
[    0.9920] PlayStation 2 ======== Hard reset boot
[    0.9921]  ROMGEN=2004-0614, IOP info (CPUID=1f, CACH_CONFIG=0, 2MB, IOP mode)
[    0.9923]  <20040614-100914,ROMconf,PS20200EC20040614.bin:11696>
[    1.0017] # Total accessable memory size: 32 MB (B:2:8:0) (370:2:7c30)
[    1.0027] # TLB spad=0 kernel=1:12 default=13:30 extended=31:38
[    1.0634] # Initialize Start.
[    1.0640] # Initialize GS ...
[    1.0640] # Initialize INTC ...
[    1.0640] # Initialize TIMER ...
[    1.0641] # Initialize DMAC ...
[    1.0642] # Initialize VU1 ...
[    1.0644] # Initialize VIF1 ...
[    1.0645] # Initialize GIF ...
[    1.0645] # Initialize VU0 ...
[    1.0647] # Initialize VIF0 ...
[    1.0647] # Initialize IPU ...
[    1.0648] # Initialize FPU ...
[    1.0649] # Initialize User Memory ...
[    1.1240] # Initialize Scratch Pad ...
[    1.1241] # Initialize Done.
[    1.1251] 
[    1.1251] EE DECI2 Manager version 0.06 Feb  6 2003 08:38:48
[    1.1251]   CPUID=2e20, BoardID=0, ROMGEN=2004-0614, 32M
[    1.1251] 
[    1.1254] RegisterLibraryEntries:   sifcmd version 1.01
[    1.1576] Initializing Elf: 4470908 bytes
[    1.1602] ELF Loading: host:vehicle-playground.elf, Game CRC = 8967CAC6, EntryPoint = 0x00100E78
[    1.1630] RegisterLibraryEntries:  cdvdman version 1.01
[    1.1668] Imported 823 symbols.
[    1.1705] RegisterLibraryEntries:  cdvdfsv version 1.01
[    1.1721] RegisterLibraryEntries:  secrman version 1.03
[    1.1722] RegisterLibraryEntries:   eesync version 1.01
[    1.1723] 
[    1.1723] IOP Realtime Kernel Ver.0.9.1
[    1.1724]     Copyright 1999 (C) Sony Computer Entertainment Inc. 
[    1.1730] Reboot service module.(99/11/10)
[    1.1751] cdvd driver module version 0.1.1 (C)SCEI
[    1.1756] Load File service.(99/11/05)
[    1.1757] Multi Threaded Fileio module.(99/11/15) 
[    1.1757] iop heap service (99/11/03)
[    1.1918] loadelf: fname host:vehicle-playground.elf secname all
[    1.1918] loadelf version 3.30
[    1.1940] Input ELF format filename = host:vehicle-playground.elf
[    1.2403] 1 00100000 003f783c ................................................................
[    1.2404] Loaded, host:vehicle-playground.elf
[    1.2404] start address 0x100e78
[    1.2404] gp address 00000000
[    1.2412] (VMManager) Pausing...
[    1.2414] (VMManager) Resuming...
[    1.2414] PINE: New client with FD 13 connected.
[    1.2441] PINE: Client disconnected.
[    1.2523] Failed to inhibit screen saver.
[    1.2524] EE/iR5900 Recompiler Reset
[    1.2705] # Restart Without Memory Clear.
[    1.2833] # Initialize GS ...
[    1.2833] # Initialize INTC ...
[    1.2833] # Initialize TIMER ...
[    1.2834] # Initialize DMAC ...
[    1.2835] # Initialize VU1 ...
[    1.2836] # Initialize VIF1 ...
[    1.2837] # Initialize GIF ...
[    1.2837] # Initialize VU0 ...
[    1.2838] # Initialize VIF0 ...
[    1.2839] # Initialize IPU ...
[    1.2840] # Initialize FPU ...
[    1.2840] # Initialize Scratch Pad ...
[    1.2840] # Restart Without Memory Clear Done.
[    1.2843] ELF host:vehicle-playground.elf with entry point at 0x00100E78 is executing.
[    1.2843] ELF changed, active CRC 8967CAC6 (host:vehicle-playground.elf)
[    1.2847] Debugger Settings Manager: Failed to read Saved Addresses array from settings file: '/home/spider/pool-lattice-fog-probe-b192-arm0-repeat3-20261005-v1/profile/PCSX2/inis/debuggersettings/vehicle-playground_8967CAC6.json'
[    1.2848] Applying core settings...
[    1.2849] Debugger Settings Manager: Failed to read Saved Addresses array from settings file: '/home/spider/pool-lattice-fog-probe-b192-arm0-repeat3-20261005-v1/profile/PCSX2/inis/debuggersettings/vehicle-playground_8967CAC6.json'
[    1.2854] Updating CPU configuration...
[    1.2855] iR3000A Recompiler reset.
[    1.3085] iR3000A Recompiler reset.
[    1.3149] EE/iR5900 Recompiler Reset
[    1.3310] (VMManager) Pausing...
[    1.3312] EE/iR5900 Recompiler Reset
[    1.3422] PINE: New client with FD 13 connected.
[    1.3425] PINE: Client disconnected.
[    1.3486] EE/iR5900 Recompiler Reset
[    1.3637] iR3000A Recompiler reset.
[    1.3680] EE/iR5900 Recompiler Reset
[    1.3831] iR3000A Recompiler reset.
[    1.3874] EE/iR5900 Recompiler Reset
[    1.4028] iR3000A Recompiler reset.
[    1.4066] EE/iR5900 Recompiler Reset
[    1.4227] iR3000A Recompiler reset.
[    1.4271] EE/iR5900 Recompiler Reset
[    1.4868] PINE: New client with FD 13 connected.
[    1.4871] OSD [SaveStateSlot140]: Saving state to slot 140...
[    1.5131]   Saving SPU2
[    1.5135]   Saving GS
[    1.6120] OSD [SaveStateSlot140]: Saved state to slot 140.
[    1.6121] Zipping save state to '/home/spider/pool-lattice-fog-probe-b192-arm0-repeat3-20261005-v1/profile/PCSX2/sstates/vehicle-playground (8967CAC6).140.p2s' took 92.64 ms
[    2.7824] PINE: Client disconnected.
[    3.2657] PINE: New client with FD 13 connected.
[    3.2717] (VMManager) Resuming...
[    3.2830] Failed to inhibit screen saver.
[    3.2844] BIOS: Successfully found the instruction pattern. Assuming the thread list is here: 8001a640
[    3.2885] Warning: GetOsdConfigParam2 Reading extended language/version configs, may be incorrect!
[    3.2987] read/write allocate memory 4000
[    3.2987] open name host:/ps2link.run flag 1 data 41378
[    3.2993] open fd = -5
[    3.3021] Get Reboot Request From EE
[    3.3033] R3000 Debugger: Branch to 0x890 (SYSMEM). Clearing modules.
[    3.3052] RegisterLibraryEntries: excepman version 1.01
[    3.3063] RegisterLibraryEntries:  intrman version 1.02
[    3.3065] RegisterLibraryEntries:   ssbusc version 1.01
[    3.3070] RegisterLibraryEntries:  dmacman version 1.02
[    3.3075] RegisterLibraryEntries:  timrman version 1.01
[    3.3080] RegisterLibraryEntries:  sysclib version 1.01
[    3.3080] RegisterLibraryEntries:    stdio version 1.01
[    3.3082] RegisterLibraryEntries:  heaplib version 1.01
[    3.3104] RegisterLibraryEntries:   thbase version 1.01
[    3.3104] RegisterLibraryEntries:  thevent version 1.01
[    3.3105] RegisterLibraryEntries:  thsemap version 1.01
[    3.3105] RegisterLibraryEntries:  thmsgbx version 1.01
[    3.3105] RegisterLibraryEntries:  thfpool version 1.01
[    3.3106] RegisterLibraryEntries:  thvpool version 1.01
[    3.3114] RegisterLibraryEntries:   vblank version 1.01
[    3.3119] RegisterLibraryEntries:    ioman version 1.02
[    3.3130] RegisterLibraryEntries:  modload version 1.01
[    3.3210] RegisterLibraryEntries:   romdrv version 2.01
[    3.3214] RegisterLibraryEntries:    stdio version 1.02
[    3.3218] RegisterLibraryEntries:   sifman version 1.01
[    3.3222] 
[    3.3222] PlayStation 2 ======== Soft reboot
[    3.3229] RegisterLibraryEntries:   sifcmd version 1.01
[    3.3266] RegisterLibraryEntries:  cdvdman version 1.01
[    3.3283] RegisterLibraryEntries:  cdvdfsv version 1.01
[    3.3359] RegisterLibraryEntries:  secrman version 1.03
[    3.3363] RegisterLibraryEntries:   eesync version 1.01
[    3.3364] 
[    3.3365] IOP Realtime Kernel Ver.0.9.1
[    3.3365]     Copyright 1999 (C) Sony Computer Entertainment Inc. 
[    3.3373] Reboot service module.(99/11/10)
[    3.3398] [EE] Skipping timeout loop at 0x002D5340 -> 0x002D5360
[    3.3399] cdvd driver module version 0.1.1 (C)SCEI
[    3.3404] Load File service.(99/11/05)
[    3.3404] Multi Threaded Fileio module.(99/11/15) 
[    3.3405] iop heap service (99/11/03)
[    3.3612] RegisterLibraryEntries:   iomanx version 1.01
[    3.3624] fileXio: fileXio: fileXio RPC Server v1.00
[    3.3625] Copyright (c) 2003 adresd
[    3.3627] RegisterLibraryEntries:  sio2man version 2.07
[    3.3628] RegisterLibraryEntries:  sio2man version 1.02
[    3.3637] RegisterLibraryEntries:   padman version 1.02
[    3.3638] Pad Driver for OSD
[    3.3644] FREESD v1.01
[    3.3644] RegisterLibraryEntries:    libsd version 1.04
[    3.3719] PINE: Client disconnected.
[    3.3763] debug_level = 1 (ps2snd 0.1
[    3.3771] greetings from version 0.93 !
[    3.3771] RegisterLibraryEntries:   audsrv version 1.04
[    3.3772] audsrv_adpcm_init()
[    3.3784] UpdateVSyncRate: Mode Changed to SDTV 480p.
[    3.3784] Frame rate: 59.94, target speed: 1, target frame rate: 59.94, ticks per frame: 16683350
[    3.3784] Set GS CRTC configuration. SDTV   720x480 @ 59.94 Progressive (FRAME)
[    5.4650] read/write allocate memory 4000
[    5.4653] 
[    5.4656] -----------------------------------------
[    5.4657]         _____        ____   ___
[    5.4657]           |     /   ____| |___|
[    5.4659]           |     |   |     |   |
[    5.4660] -----------------------------------------
[    5.4660] Copyright 2022
[    5.4661] Repository: https://github.com/h4570/tyra
[    5.4661] Licensed under Apache License 2.0
[    5.4665] Version: 2.2.0
[    5.4666] -----------------------------------------
[    5.4667] 
[    5.6308] audsrv_adpcm_init()
[    5.6317] [EE] Skipping timeout loop at 0x00102CB0 -> 0x00102CD0
[    5.6652] Curent pad(0,0) status: EXECCMD
[    5.8632] Pad: DS2 Config Finished - P1/S1 - AL: Off - AB: Usable - VS: Disabled - VL: Disabled - RB: D (0x00000000)
[    5.8988] Curent pad(0,0) status: EXECCMD
[    5.9632] Pad: DS2 Config Finished - P1/S1 - AL: On - AB: Locked - VS: Disabled - VL: Disabled - RB: D (0x00000000)
[    6.1631] Pad: DS2 Config Finished - P1/S1 - AL: On - AB: Locked - VS: Disabled - VL: Disabled - RB: D (0x00000000)
[    6.1974] Curent pad(0,0) status: EXECCMD
[    6.4630] Pad: DS2 Config Finished - P1/S1 - AL: On - AB: Locked - VS: Disabled - VL: Disabled - RB: D+A+P (0x0003FFFF)
[    6.6635] Pad: DS2 Config Finished - P1/S1 - AL: On - AB: Locked - VS: Disabled - VL: Disabled - RB: D+A+P (0x0003FFFF)
[    6.7007] open name host:/pool2-probe.cfg flag 1 data 41378
[    6.7022] open fd = 256
[    6.7077] open name host:/hud/flare-corona.png flag 1 data 41378
[    6.7094] open fd = 256
[    6.7325] LOG: POOL2PROBE_CONFIG arm=0 vertices=192 members=2 repeats=3 package=75 alpha=128
[    6.7327] LOG: POOL2EEPROBE_CONFIG kind=8 clip=0 lazy=1 table=1 lattice=0 fog=1 fogStart=19 fogEnd=23 oracle=0
[    6.7340] FRAMEARENA allocated=1 bytes=1048576
[    6.7461] microVU1: Cached Prog = [000] [PC=18e0] [List=01] (Cache=0.000%) [0.0mb]
[    6.7470] microVU1: 3 cycle stall on branch instruction [2008]
[    6.7485] microVU1: Branch Optimization
[    6.7486] microVU1: Cached Prog = [001] [PC=2788] [List=01] (Cache=0.339%) [0.2mb]
[    6.7494] microVU1: 3 cycle stall on branch instruction [2008]
[    6.7509] microVU1: Branch Optimization
[    6.7621] LOG: POOL2EEPROBE_SOURCE clip=0 ready=0 total=192 generation=1 coldOracle=0
[    6.7622] LOG: POOL2PROBE_FRAME frame=1 cold=1 arm=0 eligible=0 applied=0 compared=0 mismatches=0
[    6.7762] LOG: POOL2EEPROBE_SOURCE clip=0 ready=0 total=192 generation=2 coldOracle=0
[    6.7763] LOG: POOL2PROBE_FRAME frame=2 cold=0 arm=0 eligible=0 applied=0 compared=0 mismatches=0
[    6.7885] LOG: POOL2EEPROBE_SOURCE clip=0 ready=0 total=192 generation=3 coldOracle=0
[    6.7886] LOG: POOL2PROBE_FRAME frame=3 cold=0 arm=0 eligible=0 applied=0 compared=0 mismatches=0
[    6.7887] LOG: POOL2PROBE_READY arm=0 vertices=192 repeats=3 completed=3 warmBypass=0
[    6.7887] (VMManager) Pausing...
[    6.7989] PINE: New client with FD 13 connected.
[    6.7991] PINE: Client disconnected.
[    6.9146] PINE: New client with FD 13 connected.
[    6.9150] OSD [SaveStateSlot206]: Saving state to slot 206...
[    6.9456]   Saving SPU2
[    6.9464]   Saving GS
[    7.0773] OSD [SaveStateSlot206]: Saved state to slot 206.
[    7.0774] Zipping save state to '/home/spider/pool-lattice-fog-probe-b192-arm0-repeat3-20261005-v1/profile/PCSX2/sstates/vehicle-playground (8967CAC6).206.p2s' took 124.44 ms
[    8.2177] PINE: Client disconnected.
