[    0.0150] Program Path: /home/spider/tyrax2-debugger-linux-v1/squashfs-root/usr/bin/pcsx2-qt
[    0.0150] AppRoot Directory: /home/spider/tyrax2-debugger-linux-v1/squashfs-root/usr/bin
[    0.0150] Resources Directory: /home/spider/tyrax2-debugger-linux-v1/squashfs-root/usr/bin/resources
[    0.0151] DataRoot Directory: /home/spider/corona-probe-v4-case1-arm0-repeat3-20261005-v4/profile/PCSX2
[    0.0151] Loading config from /home/spider/corona-probe-v4-case1-arm0-repeat3-20261005-v4/profile/PCSX2/inis/PCSX2.ini.
[    0.0153] Loading secrets from /home/spider/corona-probe-v4-case1-arm0-repeat3-20261005-v4/profile/PCSX2/inis/secrets.ini.
[    0.0157] BIOS Directory: /mnt/c/Users/pawel/OneDrive/Documents/PCSX2/bios
[    0.0157] Snapshots Directory: /home/spider/corona-probe-v4-case1-arm0-repeat3-20261005-v4/profile/PCSX2/snaps
[    0.0157] Savestates Directory: /home/spider/corona-probe-v4-case1-arm0-repeat3-20261005-v4/profile/PCSX2/sstates
[    0.0158] MemoryCards Directory: /home/spider/corona-probe-v4-case1-arm0-repeat3-20261005-v4/profile/PCSX2/memcards
[    0.0158] Logs Directory: /home/spider/corona-probe-v4-case1-arm0-repeat3-20261005-v4/profile/PCSX2/logs
[    0.0158] Cheats Directory: /home/spider/corona-probe-v4-case1-arm0-repeat3-20261005-v4/profile/PCSX2/cheats
[    0.0158] Patches Directory: /home/spider/corona-probe-v4-case1-arm0-repeat3-20261005-v4/profile/PCSX2/patches
[    0.0158] Covers Directory: /home/spider/corona-probe-v4-case1-arm0-repeat3-20261005-v4/profile/PCSX2/covers
[    0.0158] Game Settings Directory: /home/spider/corona-probe-v4-case1-arm0-repeat3-20261005-v4/profile/PCSX2/gamesettings
[    0.0158] Resources Directory: /home/spider/tyrax2-debugger-linux-v1/squashfs-root/usr/bin/resources
[    0.0158] User Resources Directory: /home/spider/corona-probe-v4-case1-arm0-repeat3-20261005-v4/profile/PCSX2/resources
[    0.0158] Cache Directory: /home/spider/corona-probe-v4-case1-arm0-repeat3-20261005-v4/profile/PCSX2/cache
[    0.0158] Textures Directory: /home/spider/corona-probe-v4-case1-arm0-repeat3-20261005-v4/profile/PCSX2/textures
[    0.0158] Input Profile Directory: /home/spider/corona-probe-v4-case1-arm0-repeat3-20261005-v4/profile/PCSX2/inputprofiles
[    0.0158] Video Dumping Directory: /home/spider/corona-probe-v4-case1-arm0-repeat3-20261005-v4/profile/PCSX2/videos
[    0.0158] Debugger Layouts Directory: /home/spider/corona-probe-v4-case1-arm0-repeat3-20261005-v4/profile/PCSX2/inis/debuggerlayouts
[    0.0158] Debugger Settings Directory: /home/spider/corona-probe-v4-case1-arm0-repeat3-20261005-v4/profile/PCSX2/inis/debuggersettings
[    0.0325] Loaded translation file for language en-US
[    0.0418] PCSX2 v2.9.93
[    0.0418] Savestate version: 0x9a590000
[    0.0418] 
[    0.0418] 
[    0.0418] Host Machine Init:
[    0.0419]   Operating System = Ubuntu 22.04
[    0.0419]   Available RAM    = 49076 MB (47.93 GB)
[    0.0419]   Physical RAM     = 50191 MB (49.02 GB)
[    0.0419] 
[    0.0419]   Processor        = AMD Ryzen Threadripper 1920X
[    0.0419]   Core Count       = 24 cores
[    0.0419]   Thread Count     = 24 threads
[    0.0419]   Cluster Count    = 1 clusters
[    0.0419] CPU Extensions Detected:
[    0.0419]   AVX AVX2
[    0.0419] 
[    0.0419] Allocating host memory for virtual systems...
[    0.0422]   EE Main Memory                   @ 0x00007F899B200000 -> 0x00007F89A4100000 [143mb]
[    0.0422]   IOP Main Memory                  @ 0x00007F89A4100000 -> 0x00007F89AC200000 [129mb]
[    0.0422]   VU0/1 On-Chip Memory             @ 0x00007F89AC200000 -> 0x00007F89AC300000 [1mb]
[    0.0422]   VTLB Virtual Map                 @ 0x00007F89AC300000 -> 0x00007F89ACB00000 [8mb]
[    0.0423]   VTLB Address Map                 @ 0x00007F89ACB00000 -> 0x00007F89ACF00000 [4mb]
[    0.0423]   R5900 Recompiler Cache           @ 0x00007F89ACF00000 -> 0x00007F89B0F00000 [64mb]
[    0.0423]   R3000A Recompiler Cache          @ 0x00007F89B0F00000 -> 0x00007F89B2F00000 [32mb]
[    0.0423]   Micro VU0 Recompiler Cache       @ 0x00007F89B3F00000 -> 0x00007F89B7F00000 [64mb]
[    0.0423]   Micro VU1 Recompiler Cache       @ 0x00007F89B7F00000 -> 0x00007F89BBF00000 [64mb]
[    0.0423]   VIF0 Unpack Recompiler Cache     @ 0x00007F89B2F00000 -> 0x00007F89B3700000 [8mb]
[    0.0423]   VIF1 Unpack Recompiler Cache     @ 0x00007F89B3700000 -> 0x00007F89B3F00000 [8mb]
[    0.0424]   VIF Unpack Recompiler Cache      @ 0x00007F89BBF00000 -> 0x00007F89BC000000 [1mb]
[    0.0424]   GS Software Renderer             @ 0x00007F89BC000000 -> 0x00007F89C0000000 [64mb]
[    0.0446] Fastmem area: 0x7f889b200000 - 0x7f899b1fffff
[    0.0451] Generating SSE-optimized unpacking functions for VIF interpreters...
[    0.0457] Unpack function generation complete.  Generated function statistics:
[    0.0457]   Reserved buffer    : 1048576 bytes @ 0x00007F89BBF00000
[    0.0468]   x86 code generated : 7422 bytes
[    0.0468] 
[    0.0475] SDLInputSource: Using Controller DB from resources.
[    0.0667] SDLInputSource: 765 gamepad mappings are loaded.
[    0.0669] Invalid binding: 'XInput-0/DPadUp'
[    0.0669] Invalid binding: 'XInput-0/DPadRight'
[    0.0669] Invalid binding: 'XInput-0/DPadDown'
[    0.0669] Invalid binding: 'XInput-0/DPadLeft'
[    0.0669] Invalid binding: 'XInput-0/Y'
[    0.0669] Invalid binding: 'XInput-0/B'
[    0.0669] Invalid binding: 'XInput-0/A'
[    0.0669] Invalid binding: 'XInput-0/X'
[    0.0669] Invalid binding: 'XInput-0/Back'
[    0.0669] Invalid binding: 'XInput-0/Start'
[    0.0669] Invalid binding: 'XInput-0/LeftShoulder'
[    0.0669] Invalid binding: 'XInput-0/+LeftTrigger'
[    0.0669] Invalid binding: 'XInput-0/RightShoulder'
[    0.0669] Invalid binding: 'XInput-0/+RightTrigger'
[    0.0670] Invalid binding: 'XInput-0/LeftStick'
[    0.0670] Invalid binding: 'XInput-0/RightStick'
[    0.0670] Invalid binding: 'XInput-0/Guide'
[    0.0670] Invalid binding: 'XInput-0/-LeftY'
[    0.0670] Invalid binding: 'XInput-0/+LeftX'
[    0.0670] Invalid binding: 'XInput-0/+LeftY'
[    0.0670] Invalid binding: 'XInput-0/-LeftX'
[    0.0670] Invalid binding: 'XInput-0/-RightY'
[    0.0670] Invalid binding: 'XInput-0/+RightX'
[    0.0670] Invalid binding: 'XInput-0/+RightY'
[    0.0670] Invalid binding: 'XInput-0/-RightX'
[    0.0675] Settings: Advanced Settings are enabled; only proceed if you know what you're doing! No support will be provided if you have the option enabled.
[    0.1150] Scanning F:\PS2\Games (recursively)
[    0.2204] Loading BIOS...
[    0.2330] BIOS Found: Europe  v02.00(14/06/2004)  Console 20040614-100914
[    0.2950] Mechacon version: 0x00020603
[    0.2965] Opening CDVD...
[    0.3289] Initializing Elf: 4467516 bytes
[    0.3296] Disc changed to .
[    0.3296]   Name: vehicle-playground [?]
[    0.3296]   Serial: vehicle-playground
[    0.3296]   Version: 
[    0.3296]   CRC: 8058B7D0
[    0.3296] No game settings found (tried '/home/spider/corona-probe-v4-case1-arm0-repeat3-20261005-v4/profile/PCSX2/gamesettings/8058B7D0.ini')
[    0.3296] Applying settings...
[    0.3299] Invalid binding: 'XInput-0/DPadUp'
[    0.3299] Invalid binding: 'XInput-0/DPadRight'
[    0.3299] Invalid binding: 'XInput-0/DPadDown'
[    0.3299] Invalid binding: 'XInput-0/DPadLeft'
[    0.3299] Invalid binding: 'XInput-0/Y'
[    0.3299] Invalid binding: 'XInput-0/B'
[    0.3300] Invalid binding: 'XInput-0/A'
[    0.3300] Invalid binding: 'XInput-0/X'
[    0.3300] Invalid binding: 'XInput-0/Back'
[    0.3300] Invalid binding: 'XInput-0/Start'
[    0.3300] Invalid binding: 'XInput-0/LeftShoulder'
[    0.3300] Invalid binding: 'XInput-0/+LeftTrigger'
[    0.3300] Invalid binding: 'XInput-0/RightShoulder'
[    0.3300] Invalid binding: 'XInput-0/+RightTrigger'
[    0.3300] Invalid binding: 'XInput-0/LeftStick'
[    0.3300] Invalid binding: 'XInput-0/RightStick'
[    0.3300] Invalid binding: 'XInput-0/Guide'
[    0.3300] Invalid binding: 'XInput-0/-LeftY'
[    0.3300] Invalid binding: 'XInput-0/+LeftX'
[    0.3300] Invalid binding: 'XInput-0/+LeftY'
[    0.3300] Invalid binding: 'XInput-0/-LeftX'
[    0.3300] Invalid binding: 'XInput-0/-RightY'
[    0.3300] Invalid binding: 'XInput-0/+RightX'
[    0.3300] Invalid binding: 'XInput-0/+RightY'
[    0.3300] Invalid binding: 'XInput-0/-RightX'
[    0.3302] GameDB: Has not been initialized yet, initializing...
[    0.3754] GameDB: 12841 games on record (loaded in 45.21ms)
[    0.3778] Reopening memory cards...
[    0.3779] (FileMcd) Creating new 8MB memory card: /home/spider/corona-probe-v4-case1-arm0-repeat3-20261005-v4/profile/PCSX2/memcards/Mcd001.ps2
[    0.3880] McdSlot 0 [File]: Mcd001.ps2 [8 MB, UNFORMATTED]
[    0.3881] McdSlot 1 [File]: [disabled/empty filename]
[    0.3927] HLE Host: Set 'host:' root path to: /mnt/f/Projects/tyrax2-lab-20261001/corona24-probe-physical-v2/game/bin
[    0.3927] EE/iR5900 Recompiler Reset
[    0.4320] iR3000A Recompiler reset.
[    0.4478] Resetting host memory for virtual systems...
[    0.7006] Time Zone Offset: GMT+01:00
[    0.7006] Time Zone Location: Berlin
[    0.7006] DST: Winter Time
[    0.7006] Time Format: 24-Hour
[    0.7006] Date Format: DD/MM/YYYY
[    0.7006] System Time Basis: Operating System Time
[    0.7006] Resulting System Time: 2026-10-05 16:09:07
[    0.7006] Close virtual disk tray
[    0.7006] Media already loaded (fast boot)
[    0.7007] Opening GS...
[    0.7414] VK: Enabling extension: VK_KHR_get_surface_capabilities2
[    0.7525] Using Vulkan GPU 'llvmpipe (LLVM 15.0.7, 256 bits)' for automatic renderer check.
[    0.7525] Not using Vulkan for software renderer.
[    0.7528] acquireRenderWindow() recreate=true fullscreen=false render_to_main=true surfaceless=false
[    0.7560] (GetRefreshRateFromXRandR) Modeline is invalid: 0/0/0
[    0.7561] Surface refresh rate: 60 Hz
[    0.7567] Loading EGL from libEGL.so...
[    0.7579] GLAD EGL Version: 1.0
[    0.7579] Using EGL platform EGL_EXT_platform_x11.
[    0.7664] eglInitialize() version: 1.5
[    0.7665] GLAD EGL Version: 1.5
[    0.7665] Trying GL version 4.6
[    0.7666] eglCreateContext() failed: 0x3009
[    0.7666] Trying GL version 4.5
[    0.7777] Got GL version 4.5
[    0.7777] EGL_MIN_SWAP_INTERVAL = 1
[    0.7777] EGL_MAX_SWAP_INTERVAL = 1
[    0.7777] Negative swap interval/tear-control is NOT supported
[    0.7804] GL_VENDOR: Mesa
[    0.7804] GL_VERSION: 4.5 (Core Profile) Mesa 23.2.1-1ubuntu3.1~22.04.4
[    0.7804] GL_RENDERER: llvmpipe (LLVM 15.0.7, 256 bits)
[    0.7804] GL_SHADING_LANGUAGE_VERSION: 4.50
[    0.7805] GL_MAX_VERTEX_SHADER_STORAGE_BLOCKS: 16
[    0.7805] GL: Viewport Array:            Supported       => Using: GL_ARB_viewport_array
[    0.7805] GL: Direct State Access:       Supported       => Using: OpenGL 4.5 Core
[    0.7805] GL: Copy Image:                Supported       => Using: OpenGL 4.3 Core
[    0.7805] GL: Clip Control:              Supported       => Using: OpenGL 4.5 Core
[    0.7805] GL: Conservative Depth:        Supported       => Using: OpenGL 4.2 Core
[    0.7805] GL: CAS Sharpening:            Supported       => Using: OpenGL 4.2 Core
[    0.7805] GL: Texture Barriers:          Auto            => Using: Framebuffer Fetch
[    0.7805] GL: RGBA16 HW Blending:        Supported       => Using: RGBA16 UNORM
[    0.7805] GL: Point Expansion:           Supported       => Using: Hardware
[    0.7805] GL: Line Expansion:            Fallback        => Using: Vertex Expansion
[    0.7805] GL: Sprite Expansion:          Supported       => Using: Vertex Expansion
[    0.7805] GL: DXTn Texture Compression:  Supported       => Using: GL_EXT_texture_compression_s3tc
[    0.7805] GL: BC6/7 Texture Compression: Supported       => Using: OpenGL 4.2 Core
[    0.7876] 1 program binary formats supported by driver
[    0.8229] Program binary retrieved, 4105 bytes, format 34655
[    0.8233] Program binary retrieved, 4121 bytes, format 34655
[    0.8237] Program binary retrieved, 4249 bytes, format 34655
[    0.8240] Program binary retrieved, 4013 bytes, format 34655
[    0.8244] Program binary retrieved, 4013 bytes, format 34655
[    0.8248] Program binary retrieved, 4017 bytes, format 34655
[    0.8251] Program binary retrieved, 4017 bytes, format 34655
[    0.8255] Program binary retrieved, 4185 bytes, format 34655
[    0.8259] Program binary retrieved, 4217 bytes, format 34655
[    0.8264] Program binary retrieved, 4137 bytes, format 34655
[    0.8268] Program binary retrieved, 4125 bytes, format 34655
[    0.8271] Program binary retrieved, 4121 bytes, format 34655
[    0.8277] Program binary retrieved, 4253 bytes, format 34655
[    0.8283] Program binary retrieved, 4237 bytes, format 34655
[    0.8286] Program binary retrieved, 4245 bytes, format 34655
[    0.8290] Program binary retrieved, 4261 bytes, format 34655
[    0.8296] Program binary retrieved, 4965 bytes, format 34655
[    0.8300] Program binary retrieved, 4981 bytes, format 34655
[    0.8305] Program binary retrieved, 4261 bytes, format 34655
[    0.8308] Program binary retrieved, 4277 bytes, format 34655
[    0.8313] Program binary retrieved, 5005 bytes, format 34655
[    0.8318] Program binary retrieved, 5021 bytes, format 34655
[    0.8322] Program binary retrieved, 4257 bytes, format 34655
[    0.8325] Program binary retrieved, 4273 bytes, format 34655
[    0.8331] Program binary retrieved, 5001 bytes, format 34655
[    0.8337] Program binary retrieved, 5017 bytes, format 34655
[    0.8341] Program binary retrieved, 4277 bytes, format 34655
[    0.8344] Program binary retrieved, 4293 bytes, format 34655
[    0.8349] Program binary retrieved, 5057 bytes, format 34655
[    0.8354] Program binary retrieved, 5073 bytes, format 34655
[    0.8358] Program binary retrieved, 4153 bytes, format 34655
[    0.8362] Program binary retrieved, 4169 bytes, format 34655
[    0.8366] Program binary retrieved, 4233 bytes, format 34655
[    0.8371] Program binary retrieved, 5781 bytes, format 34655
[    0.8376] Program binary retrieved, 5373 bytes, format 34655
[    0.8382] Program binary retrieved, 6389 bytes, format 34655
[    0.8386] Program binary retrieved, 4917 bytes, format 34655
[    0.8390] Program binary retrieved, 4845 bytes, format 34655
[    0.8395] Program binary retrieved, 4997 bytes, format 34655
[    0.8398] Program binary retrieved, 4101 bytes, format 34655
[    0.8428] Program binary retrieved, 4137 bytes, format 34655
[    0.8463] Program binary retrieved, 4109 bytes, format 34655
[    0.8469] Program binary retrieved, 5389 bytes, format 34655
[    0.8473] Program binary retrieved, 5829 bytes, format 34655
[    0.8478] Program binary retrieved, 5857 bytes, format 34655
[    0.8481] Program binary retrieved, 4289 bytes, format 34655
[    0.8506] Program binary retrieved, 21205 bytes, format 34655
[    0.8510] Program binary retrieved, 4765 bytes, format 34655
[    0.8514] Program binary retrieved, 5685 bytes, format 34655
[    0.8517] Program binary retrieved, 4141 bytes, format 34655
[    0.8520] Program binary retrieved, 4537 bytes, format 34655
[    0.8523] Program binary retrieved, 4889 bytes, format 34655
[    0.8527] Program binary retrieved, 4117 bytes, format 34655
[    0.8531] Program binary retrieved, 4741 bytes, format 34655
[    0.8534] Program binary retrieved, 4965 bytes, format 34655
[    0.8541] Program binary retrieved, 6613 bytes, format 34655
[    0.8545] Program binary retrieved, 4797 bytes, format 34655
[    0.8562] Program binary retrieved, 13085 bytes, format 34655
[    0.8626] Program binary retrieved, 7285 bytes, format 34655
[    0.8687] Program binary retrieved, 5497 bytes, format 34655
[    0.8690] Program binary retrieved, 4141 bytes, format 34655
[    0.8694] Program binary retrieved, 4141 bytes, format 34655
[    0.8698] Program binary retrieved, 4145 bytes, format 34655
[    0.8702] Program binary retrieved, 4145 bytes, format 34655
[    0.9191] Program binary retrieved, 5369 bytes, format 34655
[    0.9205] OpenGL Graphics Driver Info:
[    0.9206] OpenGL Context:
[    0.9206] 4.5 (Core Profile) Mesa 23.2.1-1ubuntu3.1~22.04.4
[    0.9206] Mesa llvmpipe (LLVM 15.0.7, 256 bits)
[    0.9206] GLSL: 4.50
[    0.9237] Processor count: 24 cores, 24 processors, 1 clusters
[    0.9237] Ordered processor list: 12, 23, 22, 21, 20, 19, 18, 17, 16, 15, 14, 13, 0, 11, 10, 9, 8, 7, 6, 5, 4, 3, 2, 1
[    0.9237] Not pinning SW threads, we need 4 processors, but only have 0
[    0.9241] Opening SPU2...
[    0.9244] Creating Null audio stream, sample rate = 48000, expansion = Disabled, buffer = 50, latency = 32, stretching enabled, driver = wasapi, device = 
[    0.9244] Allocated buffer of 2432 frames for buffer of 50 ms [expansion Disabled (block size 2048), stretch disabled, target size 2432].
[    0.9244] Initializing Pad...
[    0.9244] Initializing SIO2...
[    0.9244] Initializing SIO0...
[    0.9244] Opening DEV9...
[    0.9244] DEV9: DEV9init
[    0.9248] DEV9: DEV9init2
[    0.9248] DEV9: DEV9init3
[    0.9319] DEV9: DEV9init ok
[    0.9319] DEV9: DEV9open
[    0.9320] Opening USB...
[    0.9320] Opening FW...
[    0.9323] Frame rate: 59.94, target speed: 1, target frame rate: 59.94, ticks per frame: 16683350
[    0.9340] MultiPause time: 202ns
[    0.9340] MultiPause time: 158ns
[    0.9341] MultiPause time: 142ns
[    0.9342] MultiPause time: 142ns
[    0.9356] VM subsystems initialized in 719.04 ms
[    0.9466] Failed to inhibit screen saver.
[    0.9466] Processor order assignment: EE=12, VU=23, GS=23
[    0.9466]   EE thread is on processor 12 (0x1000)
[    0.9467]   GS thread is on processor 23 (0x800000)
[    0.9576] Failed to inhibit screen saver.
[    0.9834] # Initialize memory (rev:3.70, ctm:197Mhz, cpuclk:147Mhz detected)
[    0.9919] R3000 Debugger: Branch to 0x890 (SYSMEM). Clearing modules.
[    0.9935] RegisterLibraryEntries: excepman version 1.01
[    0.9944] RegisterLibraryEntries:  intrman version 1.02
[    0.9945] RegisterLibraryEntries:   ssbusc version 1.01
[    0.9950] RegisterLibraryEntries:  dmacman version 1.02
[    0.9954] RegisterLibraryEntries:  timrman version 1.01
[    0.9957] RegisterLibraryEntries:  sysclib version 1.01
[    0.9957] RegisterLibraryEntries:    stdio version 1.01
[    0.9959] RegisterLibraryEntries:  heaplib version 1.01
[    0.9962] FW: read mem 0x1f80847c: 0x10000001
[    0.9962] FW: write mem 0x1f808414: 0x417f0000
[    0.9962] FW: read mem 0x1f808400: 0xffc00001
[    0.9963] FW: write mem 0x1f80844c: 0xffffffff
[    0.9963] FW: write mem 0x1f808420: 0xffffffff
[    0.9963] FW: write mem 0x1f808428: 0xffffffff
[    0.9963] FW: write mem 0x1f808430: 0xffffffff
[    0.9972] RegisterLibraryEntries:   thbase version 1.01
[    0.9973] RegisterLibraryEntries:  thevent version 1.01
[    0.9973] RegisterLibraryEntries:  thsemap version 1.01
[    0.9974] RegisterLibraryEntries:  thmsgbx version 1.01
[    0.9974] RegisterLibraryEntries:  thfpool version 1.01
[    0.9974] RegisterLibraryEntries:  thvpool version 1.01
[    0.9982] RegisterLibraryEntries:   vblank version 1.01
[    0.9987] RegisterLibraryEntries:    ioman version 1.02
[    0.9994] RegisterLibraryEntries:  modload version 1.01
[    0.9998] RegisterLibraryEntries:   romdrv version 2.01
[    1.0000] RegisterLibraryEntries:    stdio version 1.02
[    1.0003] RegisterLibraryEntries:   sifman version 1.01
[    1.0006] 
[    1.0006] PlayStation 2 ======== Hard reset boot
[    1.0008]  ROMGEN=2004-0614, IOP info (CPUID=1f, CACH_CONFIG=0, 2MB, IOP mode)
[    1.0010]  <20040614-100914,ROMconf,PS20200EC20040614.bin:11696>
[    1.0106] # Total accessable memory size: 32 MB (B:2:8:0) (370:2:7c30)
[    1.0115] # TLB spad=0 kernel=1:12 default=13:30 extended=31:38
[    1.0733] # Initialize Start.
[    1.0737] # Initialize GS ...
[    1.0737] # Initialize INTC ...
[    1.0737] # Initialize TIMER ...
[    1.0738] # Initialize DMAC ...
[    1.0740] # Initialize VU1 ...
[    1.0741] # Initialize VIF1 ...
[    1.0742] # Initialize GIF ...
[    1.0742] # Initialize VU0 ...
[    1.0744] # Initialize VIF0 ...
[    1.0744] # Initialize IPU ...
[    1.0745] # Initialize FPU ...
[    1.0746] # Initialize User Memory ...
[    1.1331] # Initialize Scratch Pad ...
[    1.1332] # Initialize Done.
[    1.1340] 
[    1.1341] EE DECI2 Manager version 0.06 Feb  6 2003 08:38:48
[    1.1341]   CPUID=2e20, BoardID=0, ROMGEN=2004-0614, 32M
[    1.1341] 
[    1.1344] RegisterLibraryEntries:   sifcmd version 1.01
[    1.1690] Initializing Elf: 4467516 bytes
[    1.1713] ELF Loading: host:vehicle-playground.elf, Game CRC = 8058B7D0, EntryPoint = 0x00100E78
[    1.1728] PINE: New client with FD 14 connected.
[    1.1732] PINE: Client disconnected.
[    1.1742] RegisterLibraryEntries:  cdvdman version 1.01
[    1.1776] Imported 823 symbols.
[    1.1817] RegisterLibraryEntries:  cdvdfsv version 1.01
[    1.1834] RegisterLibraryEntries:  secrman version 1.03
[    1.1835] RegisterLibraryEntries:   eesync version 1.01
[    1.1836] 
[    1.1836] IOP Realtime Kernel Ver.0.9.1
[    1.1837]     Copyright 1999 (C) Sony Computer Entertainment Inc. 
[    1.1843] Reboot service module.(99/11/10)
[    1.1865] cdvd driver module version 0.1.1 (C)SCEI
[    1.1870] Load File service.(99/11/05)
[    1.1870] Multi Threaded Fileio module.(99/11/15) 
[    1.1871] iop heap service (99/11/03)
[    1.2031] loadelf: fname host:vehicle-playground.elf secname all
[    1.2031] loadelf version 3.30
[    1.2054] Input ELF format filename = host:vehicle-playground.elf
[    1.2530] 1 00100000 003f6b3c ................................................................
[    1.2531] Loaded, host:vehicle-playground.elf
[    1.2531] start address 0x100e78
[    1.2531] gp address 00000000
[    1.2539] (VMManager) Pausing...
[    1.2541] (VMManager) Resuming...
[    1.2662] Failed to inhibit screen saver.
[    1.2663] EE/iR5900 Recompiler Reset
[    1.2739] PINE: New client with FD 14 connected.
[    1.2743] PINE: Client disconnected.
[    1.2841] # Restart Without Memory Clear.
[    1.2941] # Initialize GS ...
[    1.2941] # Initialize INTC ...
[    1.2941] # Initialize TIMER ...
[    1.2942] # Initialize DMAC ...
[    1.2943] # Initialize VU1 ...
[    1.2944] # Initialize VIF1 ...
[    1.2945] # Initialize GIF ...
[    1.2946] # Initialize VU0 ...
[    1.2947] # Initialize VIF0 ...
[    1.2947] # Initialize IPU ...
[    1.2949] # Initialize FPU ...
[    1.2949] # Initialize Scratch Pad ...
[    1.2949] # Restart Without Memory Clear Done.
[    1.2952] ELF host:vehicle-playground.elf with entry point at 0x00100E78 is executing.
[    1.2952] ELF changed, active CRC 8058B7D0 (host:vehicle-playground.elf)
[    1.2957] Applying core settings...
[    1.2962] Debugger Settings Manager: Failed to read Saved Addresses array from settings file: '/home/spider/corona-probe-v4-case1-arm0-repeat3-20261005-v4/profile/PCSX2/inis/debuggersettings/vehicle-playground_8058B7D0.json'
[    1.2963] Updating CPU configuration...
[    1.2964] iR3000A Recompiler reset.
[    1.2964] Debugger Settings Manager: Failed to read Saved Addresses array from settings file: '/home/spider/corona-probe-v4-case1-arm0-repeat3-20261005-v4/profile/PCSX2/inis/debuggersettings/vehicle-playground_8058B7D0.json'
[    1.3183] iR3000A Recompiler reset.
[    1.3250] EE/iR5900 Recompiler Reset
[    1.3401] (VMManager) Pausing...
[    1.3404] EE/iR5900 Recompiler Reset
[    1.3575] EE/iR5900 Recompiler Reset
[    1.3722] iR3000A Recompiler reset.
[    1.3750] PINE: New client with FD 14 connected.
[    1.3753] PINE: Client disconnected.
[    1.3765] EE/iR5900 Recompiler Reset
[    1.3925] iR3000A Recompiler reset.
[    1.3969] EE/iR5900 Recompiler Reset
[    1.4121] iR3000A Recompiler reset.
[    1.4160] EE/iR5900 Recompiler Reset
[    1.4323] iR3000A Recompiler reset.
[    1.4365] EE/iR5900 Recompiler Reset
[    1.5281] PINE: New client with FD 14 connected.
[    1.5285] OSD [SaveStateSlot140]: Saving state to slot 140...
[    1.5571]   Saving SPU2
[    1.5576]   Saving GS
[    1.6682] OSD [SaveStateSlot140]: Saved state to slot 140.
[    1.6682] Zipping save state to '/home/spider/corona-probe-v4-case1-arm0-repeat3-20261005-v4/profile/PCSX2/sstates/vehicle-playground (8058B7D0).140.p2s' took 103.42 ms
[    2.8408] PINE: Client disconnected.
[    3.3395] PINE: New client with FD 14 connected.
[    3.3448] (VMManager) Resuming...
[    3.3569] Failed to inhibit screen saver.
[    3.3587] BIOS: Successfully found the instruction pattern. Assuming the thread list is here: 8001a640
[    3.3613] Warning: GetOsdConfigParam2 Reading extended language/version configs, may be incorrect!
[    3.3738] read/write allocate memory 4000
[    3.3739] open name host:/ps2link.run flag 1 data 41378
[    3.3747] open fd = -5
[    3.3786] Get Reboot Request From EE
[    3.3801] R3000 Debugger: Branch to 0x890 (SYSMEM). Clearing modules.
[    3.3825] RegisterLibraryEntries: excepman version 1.01
[    3.3837] RegisterLibraryEntries:  intrman version 1.02
[    3.3839] RegisterLibraryEntries:   ssbusc version 1.01
[    3.3845] RegisterLibraryEntries:  dmacman version 1.02
[    3.3850] RegisterLibraryEntries:  timrman version 1.01
[    3.3855] RegisterLibraryEntries:  sysclib version 1.01
[    3.3856] RegisterLibraryEntries:    stdio version 1.01
[    3.3858] RegisterLibraryEntries:  heaplib version 1.01
[    3.3881] RegisterLibraryEntries:   thbase version 1.01
[    3.3881] RegisterLibraryEntries:  thevent version 1.01
[    3.3882] RegisterLibraryEntries:  thsemap version 1.01
[    3.3882] RegisterLibraryEntries:  thmsgbx version 1.01
[    3.3883] RegisterLibraryEntries:  thfpool version 1.01
[    3.3883] RegisterLibraryEntries:  thvpool version 1.01
[    3.3894] RegisterLibraryEntries:   vblank version 1.01
[    3.3899] RegisterLibraryEntries:    ioman version 1.02
[    3.3909] RegisterLibraryEntries:  modload version 1.01
[    3.3998] RegisterLibraryEntries:   romdrv version 2.01
[    3.4002] RegisterLibraryEntries:    stdio version 1.02
[    3.4007] RegisterLibraryEntries:   sifman version 1.01
[    3.4011] 
[    3.4012] PlayStation 2 ======== Soft reboot
[    3.4018] RegisterLibraryEntries:   sifcmd version 1.01
[    3.4056] RegisterLibraryEntries:  cdvdman version 1.01
[    3.4072] RegisterLibraryEntries:  cdvdfsv version 1.01
[    3.4144] RegisterLibraryEntries:  secrman version 1.03
[    3.4145] RegisterLibraryEntries:   eesync version 1.01
[    3.4147] 
[    3.4147] IOP Realtime Kernel Ver.0.9.1
[    3.4148]     Copyright 1999 (C) Sony Computer Entertainment Inc. 
[    3.4153] Reboot service module.(99/11/10)
[    3.4172] [EE] Skipping timeout loop at 0x002D4D40 -> 0x002D4D60
[    3.4172] cdvd driver module version 0.1.1 (C)SCEI
[    3.4176] Load File service.(99/11/05)
[    3.4176] Multi Threaded Fileio module.(99/11/15) 
[    3.4176] iop heap service (99/11/03)
[    3.4338] RegisterLibraryEntries:   iomanx version 1.01
[    3.4350] fileXio: fileXio: fileXio RPC Server v1.00
[    3.4350] Copyright (c) 2003 adresd
[    3.4353] RegisterLibraryEntries:  sio2man version 2.07
[    3.4355] RegisterLibraryEntries:  sio2man version 1.02
[    3.4361] RegisterLibraryEntries:   padman version 1.02
[    3.4363] Pad Driver for OSD
[    3.4367] FREESD v1.01
[    3.4367] RegisterLibraryEntries:    libsd version 1.04
[    3.4371] debug_level = 1 (ps2snd 0.1
[    3.4453] PINE: Client disconnected.
[    3.4500] greetings from version 0.93 !
[    3.4500] RegisterLibraryEntries:   audsrv version 1.04
[    3.4501] audsrv_adpcm_init()
[    3.4512] UpdateVSyncRate: Mode Changed to SDTV 480p.
[    3.4513] Frame rate: 59.94, target speed: 1, target frame rate: 59.94, ticks per frame: 16683350
[    3.4513] Set GS CRTC configuration. SDTV   720x480 @ 59.94 Progressive (FRAME)
[    5.5217] read/write allocate memory 4000
[    5.5220] 
[    5.5224] -----------------------------------------
[    5.5225]         _____        ____   ___
[    5.5225]           |     /   ____| |___|
[    5.5226]           |     |   |     |   |
[    5.5226] -----------------------------------------
[    5.5226] Copyright 2022
[    5.5227] Repository: https://github.com/h4570/tyra
[    5.5228] Licensed under Apache License 2.0
[    5.5232] Version: 2.2.0
[    5.5233] -----------------------------------------
[    5.5234] 
[    5.6885] audsrv_adpcm_init()
[    5.6896] [EE] Skipping timeout loop at 0x00102CB0 -> 0x00102CD0
[    5.7219] Curent pad(0,0) status: EXECCMD
[    5.9195] Pad: DS2 Config Finished - P1/S1 - AL: Off - AB: Usable - VS: Disabled - VL: Disabled - RB: D (0x00000000)
[    5.9538] Curent pad(0,0) status: EXECCMD
[    6.0194] Pad: DS2 Config Finished - P1/S1 - AL: On - AB: Locked - VS: Disabled - VL: Disabled - RB: D (0x00000000)
[    6.2197] Pad: DS2 Config Finished - P1/S1 - AL: On - AB: Locked - VS: Disabled - VL: Disabled - RB: D (0x00000000)
[    6.2534] Curent pad(0,0) status: EXECCMD
[    6.5202] Pad: DS2 Config Finished - P1/S1 - AL: On - AB: Locked - VS: Disabled - VL: Disabled - RB: D+A+P (0x0003FFFF)
[    6.7202] Pad: DS2 Config Finished - P1/S1 - AL: On - AB: Locked - VS: Disabled - VL: Disabled - RB: D+A+P (0x0003FFFF)
[    6.7567] open name host:/pool2-probe.cfg flag 1 data 41378
[    6.7581] open fd = 256
[    6.7636] open name host:/hud/flare-corona.png flag 1 data 41378
[    6.7653] open fd = 256
[    6.7860] LOG: CORONAPROBE_CONFIG arm=0 case=1 vertices=72 repeats=3 package=72 fog=1 light=1 oracle=0 depth=24 capability=1
[    6.7871] FRAMEARENA allocated=1 bytes=1048576
[    6.7990] microVU1: Cached Prog = [000] [PC=18e0] [List=01] (Cache=0.000%) [0.0mb]
[    6.7993] microVU1: 3 cycle stall on branch instruction [26b8]
[    6.7993] microVU1: 3 cycle stall on branch instruction [26b8]
[    6.7993] microVU1: 3 cycle stall on branch instruction [26d0]
[    6.7993] microVU1: 3 cycle stall on branch instruction [26d0]
[    6.7993] microVU1: 3 cycle stall on branch instruction [2708]
[    6.7993] microVU1: 3 cycle stall on branch instruction [2708]
[    6.7993] microVU1: 3 cycle stall on branch instruction [2728]
[    6.7993] microVU1: 3 cycle stall on branch instruction [2728]
[    6.7994] microVU1: 3 cycle stall on branch instruction [26b8]
[    6.7994] microVU1: 3 cycle stall on branch instruction [26b8]
[    6.7995] microVU1: 3 cycle stall on branch instruction [26d0]
[    6.7995] microVU1: 3 cycle stall on branch instruction [26d0]
[    6.7995] microVU1: 3 cycle stall on branch instruction [2708]
[    6.7995] microVU1: 3 cycle stall on branch instruction [2708]
[    6.7995] microVU1: 3 cycle stall on branch instruction [2728]
[    6.7995] microVU1: 3 cycle stall on branch instruction [2728]
[    6.7996] microVU1: 3 cycle stall on branch instruction [26b8]
[    6.7996] microVU1: 3 cycle stall on branch instruction [26b8]
[    6.7996] microVU1: 3 cycle stall on branch instruction [26d0]
[    6.7996] microVU1: 3 cycle stall on branch instruction [26d0]
[    6.7996] microVU1: 3 cycle stall on branch instruction [2708]
[    6.7996] microVU1: 3 cycle stall on branch instruction [2708]
[    6.7996] microVU1: 3 cycle stall on branch instruction [2728]
[    6.7997] microVU1: 3 cycle stall on branch instruction [2728]
[    6.7997] microVU1: 3 cycle stall on branch instruction [26b8]
[    6.7998] microVU1: 3 cycle stall on branch instruction [26b8]
[    6.7998] microVU1: 3 cycle stall on branch instruction [26d0]
[    6.7998] microVU1: 3 cycle stall on branch instruction [26d0]
[    6.7998] microVU1: 3 cycle stall on branch instruction [2708]
[    6.7998] microVU1: 3 cycle stall on branch instruction [2708]
[    6.7998] microVU1: 3 cycle stall on branch instruction [2728]
[    6.7998] microVU1: 3 cycle stall on branch instruction [2728]
[    6.8001] microVU1: 3 cycle stall on branch instruction [26b8]
[    6.8001] microVU1: 3 cycle stall on branch instruction [26b8]
[    6.8001] microVU1: 3 cycle stall on branch instruction [26d0]
[    6.8001] microVU1: 3 cycle stall on branch instruction [26d0]
[    6.8002] microVU1: 3 cycle stall on branch instruction [2708]
[    6.8002] microVU1: 3 cycle stall on branch instruction [2708]
[    6.8002] microVU1: 3 cycle stall on branch instruction [2728]
[    6.8002] microVU1: 3 cycle stall on branch instruction [2728]
[    6.8003] microVU1: 3 cycle stall on branch instruction [26b8]
[    6.8003] microVU1: 3 cycle stall on branch instruction [26b8]
[    6.8003] microVU1: 3 cycle stall on branch instruction [26d0]
[    6.8003] microVU1: 3 cycle stall on branch instruction [26d0]
[    6.8003] microVU1: 3 cycle stall on branch instruction [2708]
[    6.8003] microVU1: 3 cycle stall on branch instruction [2708]
[    6.8003] microVU1: 3 cycle stall on branch instruction [2728]
[    6.8003] microVU1: 3 cycle stall on branch instruction [2728]
[    6.8004] microVU1: 3 cycle stall on branch instruction [26b8]
[    6.8004] microVU1: 3 cycle stall on branch instruction [26b8]
[    6.8004] microVU1: 3 cycle stall on branch instruction [26d0]
[    6.8004] microVU1: 3 cycle stall on branch instruction [26d0]
[    6.8004] microVU1: 3 cycle stall on branch instruction [2708]
[    6.8004] microVU1: 3 cycle stall on branch instruction [2708]
[    6.8004] microVU1: 3 cycle stall on branch instruction [2728]
[    6.8004] microVU1: 3 cycle stall on branch instruction [2728]
[    6.8005] microVU1: 3 cycle stall on branch instruction [26b8]
[    6.8005] microVU1: 3 cycle stall on branch instruction [26b8]
[    6.8005] microVU1: 3 cycle stall on branch instruction [26d0]
[    6.8005] microVU1: 3 cycle stall on branch instruction [26d0]
[    6.8005] microVU1: 3 cycle stall on branch instruction [2708]
[    6.8006] microVU1: 3 cycle stall on branch instruction [2708]
[    6.8006] microVU1: 3 cycle stall on branch instruction [2728]
[    6.8006] microVU1: 3 cycle stall on branch instruction [2728]
[    6.8009] microVU1: 3 cycle stall on branch instruction [26b8]
[    6.8009] microVU1: 3 cycle stall on branch instruction [26b8]
[    6.8009] microVU1: 3 cycle stall on branch instruction [26d0]
[    6.8009] microVU1: 3 cycle stall on branch instruction [26d0]
[    6.8010] microVU1: 3 cycle stall on branch instruction [2708]
[    6.8010] microVU1: 3 cycle stall on branch instruction [2708]
[    6.8010] microVU1: 3 cycle stall on branch instruction [2728]
[    6.8010] microVU1: 3 cycle stall on branch instruction [2728]
[    6.8011] microVU1: 3 cycle stall on branch instruction [26b8]
[    6.8011] microVU1: 3 cycle stall on branch instruction [26b8]
[    6.8011] microVU1: 3 cycle stall on branch instruction [26d0]
[    6.8011] microVU1: 3 cycle stall on branch instruction [26d0]
[    6.8011] microVU1: 3 cycle stall on branch instruction [2708]
[    6.8011] microVU1: 3 cycle stall on branch instruction [2708]
[    6.8011] microVU1: 3 cycle stall on branch instruction [2728]
[    6.8011] microVU1: 3 cycle stall on branch instruction [2728]
[    6.8012] microVU1: 3 cycle stall on branch instruction [26b8]
[    6.8012] microVU1: 3 cycle stall on branch instruction [26b8]
[    6.8012] microVU1: 3 cycle stall on branch instruction [26d0]
[    6.8012] microVU1: 3 cycle stall on branch instruction [26d0]
[    6.8012] microVU1: 3 cycle stall on branch instruction [2708]
[    6.8012] microVU1: 3 cycle stall on branch instruction [2708]
[    6.8013] microVU1: 3 cycle stall on branch instruction [2728]
[    6.8013] microVU1: 3 cycle stall on branch instruction [2728]
[    6.8014] microVU1: 3 cycle stall on branch instruction [26b8]
[    6.8014] microVU1: 3 cycle stall on branch instruction [26b8]
[    6.8014] microVU1: 3 cycle stall on branch instruction [26d0]
[    6.8014] microVU1: 3 cycle stall on branch instruction [26d0]
[    6.8014] microVU1: 3 cycle stall on branch instruction [2708]
[    6.8014] microVU1: 3 cycle stall on branch instruction [2708]
[    6.8014] microVU1: 3 cycle stall on branch instruction [2728]
[    6.8014] microVU1: 3 cycle stall on branch instruction [2728]
[    6.8018] microVU1: 3 cycle stall on branch instruction [26b8]
[    6.8018] microVU1: 3 cycle stall on branch instruction [26b8]
[    6.8018] microVU1: 3 cycle stall on branch instruction [26d0]
[    6.8018] microVU1: 3 cycle stall on branch instruction [26d0]
[    6.8019] microVU1: 3 cycle stall on branch instruction [2708]
[    6.8019] microVU1: 3 cycle stall on branch instruction [2708]
[    6.8019] microVU1: 3 cycle stall on branch instruction [2728]
[    6.8019] microVU1: 3 cycle stall on branch instruction [2728]
[    6.8020] microVU1: 3 cycle stall on branch instruction [26b8]
[    6.8020] microVU1: 3 cycle stall on branch instruction [26b8]
[    6.8020] microVU1: 3 cycle stall on branch instruction [26d0]
[    6.8020] microVU1: 3 cycle stall on branch instruction [26d0]
[    6.8020] microVU1: 3 cycle stall on branch instruction [2708]
[    6.8020] microVU1: 3 cycle stall on branch instruction [2708]
[    6.8020] microVU1: 3 cycle stall on branch instruction [2728]
[    6.8020] microVU1: 3 cycle stall on branch instruction [2728]
[    6.8021] microVU1: 3 cycle stall on branch instruction [26b8]
[    6.8021] microVU1: 3 cycle stall on branch instruction [26b8]
[    6.8021] microVU1: 3 cycle stall on branch instruction [26d0]
[    6.8021] microVU1: 3 cycle stall on branch instruction [26d0]
[    6.8021] microVU1: 3 cycle stall on branch instruction [2708]
[    6.8021] microVU1: 3 cycle stall on branch instruction [2708]
[    6.8021] microVU1: 3 cycle stall on branch instruction [2728]
[    6.8021] microVU1: 3 cycle stall on branch instruction [2728]
[    6.8022] microVU1: 3 cycle stall on branch instruction [26b8]
[    6.8022] microVU1: 3 cycle stall on branch instruction [26b8]
[    6.8022] microVU1: 3 cycle stall on branch instruction [26d0]
[    6.8022] microVU1: 3 cycle stall on branch instruction [26d0]
[    6.8023] microVU1: 3 cycle stall on branch instruction [2708]
[    6.8023] microVU1: 3 cycle stall on branch instruction [2708]
[    6.8023] microVU1: 3 cycle stall on branch instruction [2728]
[    6.8023] microVU1: 3 cycle stall on branch instruction [2728]
[    6.8030] microVU1: 3 cycle stall on branch instruction [1fa8]
[    6.8153] LOG: CORONAPROBE_FRAME frame=1 arm=0 case=1 generation=1 counters=0
[    6.8294] LOG: CORONAPROBE_FRAME frame=2 arm=0 case=1 generation=2 counters=0
[    6.8420] LOG: CORONAPROBE_FRAME frame=3 arm=0 case=1 generation=3 counters=0
[    6.8422] LOG: CORONAPROBE_READY arm=0 case=1 repeats=3 completed=3
[    6.8693] PINE: New client with FD 14 connected.
[    6.8699] PINE: Client disconnected.
[    6.8873] (VMManager) Pausing...
[    6.9703] PINE: New client with FD 14 connected.
[    6.9707] PINE: Client disconnected.
[    7.0933] PINE: New client with FD 14 connected.
[    7.0938] OSD [SaveStateSlot244]: Saving state to slot 244...
[    7.1235]   Saving SPU2
[    7.1243]   Saving GS
[    7.2347] OSD [SaveStateSlot244]: Saved state to slot 244.
[    7.2348] Zipping save state to '/home/spider/corona-probe-v4-case1-arm0-repeat3-20261005-v4/profile/PCSX2/sstates/vehicle-playground (8058B7D0).244.p2s' took 103.56 ms
[    8.3870] PINE: Client disconnected.
