[    0.0152] Program Path: /home/spider/tyrax2-debugger-linux-v1/squashfs-root/usr/bin/pcsx2-qt
[    0.0152] AppRoot Directory: /home/spider/tyrax2-debugger-linux-v1/squashfs-root/usr/bin
[    0.0153] Resources Directory: /home/spider/tyrax2-debugger-linux-v1/squashfs-root/usr/bin/resources
[    0.0153] DataRoot Directory: /home/spider/pool-lattice-probe-a96-arm1-repeat2-20261005-v1/profile/PCSX2
[    0.0153] Loading config from /home/spider/pool-lattice-probe-a96-arm1-repeat2-20261005-v1/profile/PCSX2/inis/PCSX2.ini.
[    0.0155] Loading secrets from /home/spider/pool-lattice-probe-a96-arm1-repeat2-20261005-v1/profile/PCSX2/inis/secrets.ini.
[    0.0159] BIOS Directory: /mnt/c/Users/pawel/OneDrive/Documents/PCSX2/bios
[    0.0159] Snapshots Directory: /home/spider/pool-lattice-probe-a96-arm1-repeat2-20261005-v1/profile/PCSX2/snaps
[    0.0159] Savestates Directory: /home/spider/pool-lattice-probe-a96-arm1-repeat2-20261005-v1/profile/PCSX2/sstates
[    0.0159] MemoryCards Directory: /home/spider/pool-lattice-probe-a96-arm1-repeat2-20261005-v1/profile/PCSX2/memcards
[    0.0159] Logs Directory: /home/spider/pool-lattice-probe-a96-arm1-repeat2-20261005-v1/profile/PCSX2/logs
[    0.0159] Cheats Directory: /home/spider/pool-lattice-probe-a96-arm1-repeat2-20261005-v1/profile/PCSX2/cheats
[    0.0159] Patches Directory: /home/spider/pool-lattice-probe-a96-arm1-repeat2-20261005-v1/profile/PCSX2/patches
[    0.0159] Covers Directory: /home/spider/pool-lattice-probe-a96-arm1-repeat2-20261005-v1/profile/PCSX2/covers
[    0.0159] Game Settings Directory: /home/spider/pool-lattice-probe-a96-arm1-repeat2-20261005-v1/profile/PCSX2/gamesettings
[    0.0159] Resources Directory: /home/spider/tyrax2-debugger-linux-v1/squashfs-root/usr/bin/resources
[    0.0159] User Resources Directory: /home/spider/pool-lattice-probe-a96-arm1-repeat2-20261005-v1/profile/PCSX2/resources
[    0.0160] Cache Directory: /home/spider/pool-lattice-probe-a96-arm1-repeat2-20261005-v1/profile/PCSX2/cache
[    0.0160] Textures Directory: /home/spider/pool-lattice-probe-a96-arm1-repeat2-20261005-v1/profile/PCSX2/textures
[    0.0160] Input Profile Directory: /home/spider/pool-lattice-probe-a96-arm1-repeat2-20261005-v1/profile/PCSX2/inputprofiles
[    0.0160] Video Dumping Directory: /home/spider/pool-lattice-probe-a96-arm1-repeat2-20261005-v1/profile/PCSX2/videos
[    0.0160] Debugger Layouts Directory: /home/spider/pool-lattice-probe-a96-arm1-repeat2-20261005-v1/profile/PCSX2/inis/debuggerlayouts
[    0.0160] Debugger Settings Directory: /home/spider/pool-lattice-probe-a96-arm1-repeat2-20261005-v1/profile/PCSX2/inis/debuggersettings
[    0.0327] Loaded translation file for language en-US
[    0.0393] PCSX2 v2.9.93
[    0.0394] Savestate version: 0x9a590000
[    0.0394] 
[    0.0394] 
[    0.0394] Host Machine Init:
[    0.0395]   Operating System = Ubuntu 22.04
[    0.0395]   Available RAM    = 49076 MB (47.93 GB)
[    0.0395]   Physical RAM     = 50191 MB (49.02 GB)
[    0.0395] 
[    0.0395]   Processor        = AMD Ryzen Threadripper 1920X
[    0.0395]   Core Count       = 24 cores
[    0.0395]   Thread Count     = 24 threads
[    0.0395]   Cluster Count    = 1 clusters
[    0.0395] CPU Extensions Detected:
[    0.0395]   AVX AVX2
[    0.0395] 
[    0.0395] Allocating host memory for virtual systems...
[    0.0402]   EE Main Memory                   @ 0x00007FC9A3200000 -> 0x00007FC9AC100000 [143mb]
[    0.0402]   IOP Main Memory                  @ 0x00007FC9AC100000 -> 0x00007FC9B4200000 [129mb]
[    0.0402]   VU0/1 On-Chip Memory             @ 0x00007FC9B4200000 -> 0x00007FC9B4300000 [1mb]
[    0.0402]   VTLB Virtual Map                 @ 0x00007FC9B4300000 -> 0x00007FC9B4B00000 [8mb]
[    0.0402]   VTLB Address Map                 @ 0x00007FC9B4B00000 -> 0x00007FC9B4F00000 [4mb]
[    0.0402]   R5900 Recompiler Cache           @ 0x00007FC9B4F00000 -> 0x00007FC9B8F00000 [64mb]
[    0.0402]   R3000A Recompiler Cache          @ 0x00007FC9B8F00000 -> 0x00007FC9BAF00000 [32mb]
[    0.0402]   Micro VU0 Recompiler Cache       @ 0x00007FC9BBF00000 -> 0x00007FC9BFF00000 [64mb]
[    0.0402]   Micro VU1 Recompiler Cache       @ 0x00007FC9BFF00000 -> 0x00007FC9C3F00000 [64mb]
[    0.0402]   VIF0 Unpack Recompiler Cache     @ 0x00007FC9BAF00000 -> 0x00007FC9BB700000 [8mb]
[    0.0402]   VIF1 Unpack Recompiler Cache     @ 0x00007FC9BB700000 -> 0x00007FC9BBF00000 [8mb]
[    0.0402]   VIF Unpack Recompiler Cache      @ 0x00007FC9C3F00000 -> 0x00007FC9C4000000 [1mb]
[    0.0402]   GS Software Renderer             @ 0x00007FC9C4000000 -> 0x00007FC9C8000000 [64mb]
[    0.0419] Fastmem area: 0x7fc8a3200000 - 0x7fc9a31fffff
[    0.0446] Generating SSE-optimized unpacking functions for VIF interpreters...
[    0.0451] Unpack function generation complete.  Generated function statistics:
[    0.0451]   Reserved buffer    : 1048576 bytes @ 0x00007FC9C3F00000
[    0.0451]   x86 code generated : 7422 bytes
[    0.0451] 
[    0.0455] SDLInputSource: Using Controller DB from resources.
[    0.0621] SDLInputSource: 765 gamepad mappings are loaded.
[    0.0622] Invalid binding: 'XInput-0/DPadUp'
[    0.0622] Invalid binding: 'XInput-0/DPadRight'
[    0.0622] Invalid binding: 'XInput-0/DPadDown'
[    0.0622] Invalid binding: 'XInput-0/DPadLeft'
[    0.0622] Invalid binding: 'XInput-0/Y'
[    0.0622] Invalid binding: 'XInput-0/B'
[    0.0622] Invalid binding: 'XInput-0/A'
[    0.0622] Invalid binding: 'XInput-0/X'
[    0.0622] Invalid binding: 'XInput-0/Back'
[    0.0622] Invalid binding: 'XInput-0/Start'
[    0.0622] Invalid binding: 'XInput-0/LeftShoulder'
[    0.0622] Invalid binding: 'XInput-0/+LeftTrigger'
[    0.0623] Invalid binding: 'XInput-0/RightShoulder'
[    0.0623] Invalid binding: 'XInput-0/+RightTrigger'
[    0.0623] Invalid binding: 'XInput-0/LeftStick'
[    0.0623] Invalid binding: 'XInput-0/RightStick'
[    0.0623] Invalid binding: 'XInput-0/Guide'
[    0.0623] Invalid binding: 'XInput-0/-LeftY'
[    0.0623] Invalid binding: 'XInput-0/+LeftX'
[    0.0623] Invalid binding: 'XInput-0/+LeftY'
[    0.0623] Invalid binding: 'XInput-0/-LeftX'
[    0.0623] Invalid binding: 'XInput-0/-RightY'
[    0.0623] Invalid binding: 'XInput-0/+RightX'
[    0.0623] Invalid binding: 'XInput-0/+RightY'
[    0.0623] Invalid binding: 'XInput-0/-RightX'
[    0.0628] Settings: Advanced Settings are enabled; only proceed if you know what you're doing! No support will be provided if you have the option enabled.
[    0.1109] Scanning F:\PS2\Games (recursively)
[    0.2186] Loading BIOS...
[    0.2307] BIOS Found: Europe  v02.00(14/06/2004)  Console 20040614-100914
[    0.2875] Mechacon version: 0x00020603
[    0.2889] Opening CDVD...
[    0.3203] Initializing Elf: 4470780 bytes
[    0.3211] Disc changed to .
[    0.3211]   Name: vehicle-playground [?]
[    0.3211]   Serial: vehicle-playground
[    0.3211]   Version: 
[    0.3211]   CRC: 57773078
[    0.3211] No game settings found (tried '/home/spider/pool-lattice-probe-a96-arm1-repeat2-20261005-v1/profile/PCSX2/gamesettings/57773078.ini')
[    0.3211] Applying settings...
[    0.3215] Invalid binding: 'XInput-0/DPadUp'
[    0.3215] Invalid binding: 'XInput-0/DPadRight'
[    0.3215] Invalid binding: 'XInput-0/DPadDown'
[    0.3215] Invalid binding: 'XInput-0/DPadLeft'
[    0.3215] Invalid binding: 'XInput-0/Y'
[    0.3215] Invalid binding: 'XInput-0/B'
[    0.3215] Invalid binding: 'XInput-0/A'
[    0.3216] Invalid binding: 'XInput-0/X'
[    0.3216] Invalid binding: 'XInput-0/Back'
[    0.3216] Invalid binding: 'XInput-0/Start'
[    0.3216] Invalid binding: 'XInput-0/LeftShoulder'
[    0.3216] Invalid binding: 'XInput-0/+LeftTrigger'
[    0.3216] Invalid binding: 'XInput-0/RightShoulder'
[    0.3216] Invalid binding: 'XInput-0/+RightTrigger'
[    0.3216] Invalid binding: 'XInput-0/LeftStick'
[    0.3216] Invalid binding: 'XInput-0/RightStick'
[    0.3216] Invalid binding: 'XInput-0/Guide'
[    0.3216] Invalid binding: 'XInput-0/-LeftY'
[    0.3216] Invalid binding: 'XInput-0/+LeftX'
[    0.3216] Invalid binding: 'XInput-0/+LeftY'
[    0.3216] Invalid binding: 'XInput-0/-LeftX'
[    0.3216] Invalid binding: 'XInput-0/-RightY'
[    0.3216] Invalid binding: 'XInput-0/+RightX'
[    0.3216] Invalid binding: 'XInput-0/+RightY'
[    0.3216] Invalid binding: 'XInput-0/-RightX'
[    0.3218] GameDB: Has not been initialized yet, initializing...
[    0.3703] GameDB: 12841 games on record (loaded in 48.46ms)
[    0.3729] Reopening memory cards...
[    0.3730] (FileMcd) Creating new 8MB memory card: /home/spider/pool-lattice-probe-a96-arm1-repeat2-20261005-v1/profile/PCSX2/memcards/Mcd001.ps2
[    0.3825] McdSlot 0 [File]: Mcd001.ps2 [8 MB, UNFORMATTED]
[    0.3825] McdSlot 1 [File]: [disabled/empty filename]
[    0.3873] HLE Host: Set 'host:' root path to: /mnt/f/Projects/tyrax2-lab-20261001/wild-pool-lattice-probe-physical-v1/game/bin
[    0.3874] EE/iR5900 Recompiler Reset
[    0.4285] iR3000A Recompiler reset.
[    0.4447] Resetting host memory for virtual systems...
[    0.6872] Time Zone Offset: GMT+01:00
[    0.6873] Time Zone Location: Berlin
[    0.6873] DST: Winter Time
[    0.6873] Time Format: 24-Hour
[    0.6873] Date Format: DD/MM/YYYY
[    0.6873] System Time Basis: Operating System Time
[    0.6873] Resulting System Time: 2026-10-05 13:40:22
[    0.6873] Close virtual disk tray
[    0.6873] Media already loaded (fast boot)
[    0.6873] Opening GS...
[    0.7283] VK: Enabling extension: VK_KHR_get_surface_capabilities2
[    0.7390] Using Vulkan GPU 'llvmpipe (LLVM 15.0.7, 256 bits)' for automatic renderer check.
[    0.7390] Not using Vulkan for software renderer.
[    0.7392] acquireRenderWindow() recreate=true fullscreen=false render_to_main=true surfaceless=false
[    0.7417] (GetRefreshRateFromXRandR) Modeline is invalid: 0/0/0
[    0.7417] Surface refresh rate: 60 Hz
[    0.7420] Loading EGL from libEGL.so...
[    0.7431] GLAD EGL Version: 1.0
[    0.7431] Using EGL platform EGL_EXT_platform_x11.
[    0.7512] eglInitialize() version: 1.5
[    0.7513] GLAD EGL Version: 1.5
[    0.7513] Trying GL version 4.6
[    0.7513] eglCreateContext() failed: 0x3009
[    0.7513] Trying GL version 4.5
[    0.7625] Got GL version 4.5
[    0.7625] EGL_MIN_SWAP_INTERVAL = 1
[    0.7625] EGL_MAX_SWAP_INTERVAL = 1
[    0.7625] Negative swap interval/tear-control is NOT supported
[    0.7649] GL_VENDOR: Mesa
[    0.7649] GL_VERSION: 4.5 (Core Profile) Mesa 23.2.1-1ubuntu3.1~22.04.4
[    0.7649] GL_RENDERER: llvmpipe (LLVM 15.0.7, 256 bits)
[    0.7649] GL_SHADING_LANGUAGE_VERSION: 4.50
[    0.7650] GL_MAX_VERTEX_SHADER_STORAGE_BLOCKS: 16
[    0.7650] GL: Viewport Array:            Supported       => Using: GL_ARB_viewport_array
[    0.7650] GL: Direct State Access:       Supported       => Using: OpenGL 4.5 Core
[    0.7650] GL: Copy Image:                Supported       => Using: OpenGL 4.3 Core
[    0.7650] GL: Clip Control:              Supported       => Using: OpenGL 4.5 Core
[    0.7650] GL: Conservative Depth:        Supported       => Using: OpenGL 4.2 Core
[    0.7650] GL: CAS Sharpening:            Supported       => Using: OpenGL 4.2 Core
[    0.7650] GL: Texture Barriers:          Auto            => Using: Framebuffer Fetch
[    0.7650] GL: RGBA16 HW Blending:        Supported       => Using: RGBA16 UNORM
[    0.7650] GL: Point Expansion:           Supported       => Using: Hardware
[    0.7650] GL: Line Expansion:            Fallback        => Using: Vertex Expansion
[    0.7650] GL: Sprite Expansion:          Supported       => Using: Vertex Expansion
[    0.7650] GL: DXTn Texture Compression:  Supported       => Using: GL_EXT_texture_compression_s3tc
[    0.7650] GL: BC6/7 Texture Compression: Supported       => Using: OpenGL 4.2 Core
[    0.7715] 1 program binary formats supported by driver
[    0.8074] Program binary retrieved, 4105 bytes, format 34655
[    0.8079] Program binary retrieved, 4121 bytes, format 34655
[    0.8083] Program binary retrieved, 4249 bytes, format 34655
[    0.8086] Program binary retrieved, 4013 bytes, format 34655
[    0.8090] Program binary retrieved, 4013 bytes, format 34655
[    0.8093] Program binary retrieved, 4017 bytes, format 34655
[    0.8096] Program binary retrieved, 4017 bytes, format 34655
[    0.8100] Program binary retrieved, 4185 bytes, format 34655
[    0.8104] Program binary retrieved, 4217 bytes, format 34655
[    0.8108] Program binary retrieved, 4137 bytes, format 34655
[    0.8111] Program binary retrieved, 4125 bytes, format 34655
[    0.8116] Program binary retrieved, 4121 bytes, format 34655
[    0.8122] Program binary retrieved, 4253 bytes, format 34655
[    0.8128] Program binary retrieved, 4237 bytes, format 34655
[    0.8131] Program binary retrieved, 4245 bytes, format 34655
[    0.8135] Program binary retrieved, 4261 bytes, format 34655
[    0.8140] Program binary retrieved, 4965 bytes, format 34655
[    0.8145] Program binary retrieved, 4981 bytes, format 34655
[    0.8150] Program binary retrieved, 4261 bytes, format 34655
[    0.8155] Program binary retrieved, 4277 bytes, format 34655
[    0.8159] Program binary retrieved, 5005 bytes, format 34655
[    0.8165] Program binary retrieved, 5021 bytes, format 34655
[    0.8169] Program binary retrieved, 4257 bytes, format 34655
[    0.8174] Program binary retrieved, 4273 bytes, format 34655
[    0.8179] Program binary retrieved, 5001 bytes, format 34655
[    0.8185] Program binary retrieved, 5017 bytes, format 34655
[    0.8188] Program binary retrieved, 4277 bytes, format 34655
[    0.8192] Program binary retrieved, 4293 bytes, format 34655
[    0.8198] Program binary retrieved, 5057 bytes, format 34655
[    0.8203] Program binary retrieved, 5073 bytes, format 34655
[    0.8207] Program binary retrieved, 4153 bytes, format 34655
[    0.8210] Program binary retrieved, 4169 bytes, format 34655
[    0.8214] Program binary retrieved, 4233 bytes, format 34655
[    0.8220] Program binary retrieved, 5781 bytes, format 34655
[    0.8224] Program binary retrieved, 5373 bytes, format 34655
[    0.8231] Program binary retrieved, 6389 bytes, format 34655
[    0.8235] Program binary retrieved, 4917 bytes, format 34655
[    0.8239] Program binary retrieved, 4845 bytes, format 34655
[    0.8244] Program binary retrieved, 4997 bytes, format 34655
[    0.8247] Program binary retrieved, 4101 bytes, format 34655
[    0.8277] Program binary retrieved, 4137 bytes, format 34655
[    0.8313] Program binary retrieved, 4109 bytes, format 34655
[    0.8317] Program binary retrieved, 5389 bytes, format 34655
[    0.8321] Program binary retrieved, 5829 bytes, format 34655
[    0.8326] Program binary retrieved, 5857 bytes, format 34655
[    0.8329] Program binary retrieved, 4289 bytes, format 34655
[    0.8356] Program binary retrieved, 21205 bytes, format 34655
[    0.8360] Program binary retrieved, 4765 bytes, format 34655
[    0.8364] Program binary retrieved, 5685 bytes, format 34655
[    0.8367] Program binary retrieved, 4141 bytes, format 34655
[    0.8371] Program binary retrieved, 4537 bytes, format 34655
[    0.8375] Program binary retrieved, 4889 bytes, format 34655
[    0.8378] Program binary retrieved, 4117 bytes, format 34655
[    0.8382] Program binary retrieved, 4741 bytes, format 34655
[    0.8386] Program binary retrieved, 4965 bytes, format 34655
[    0.8393] Program binary retrieved, 6613 bytes, format 34655
[    0.8397] Program binary retrieved, 4797 bytes, format 34655
[    0.8413] Program binary retrieved, 13085 bytes, format 34655
[    0.8482] Program binary retrieved, 7285 bytes, format 34655
[    0.8543] Program binary retrieved, 5497 bytes, format 34655
[    0.8546] Program binary retrieved, 4141 bytes, format 34655
[    0.8550] Program binary retrieved, 4141 bytes, format 34655
[    0.8554] Program binary retrieved, 4145 bytes, format 34655
[    0.8558] Program binary retrieved, 4145 bytes, format 34655
[    0.9062] Program binary retrieved, 5369 bytes, format 34655
[    0.9081] OpenGL Graphics Driver Info:
[    0.9082] OpenGL Context:
[    0.9082] 4.5 (Core Profile) Mesa 23.2.1-1ubuntu3.1~22.04.4
[    0.9082] Mesa llvmpipe (LLVM 15.0.7, 256 bits)
[    0.9082] GLSL: 4.50
[    0.9111] Processor count: 24 cores, 24 processors, 1 clusters
[    0.9111] Ordered processor list: 12, 23, 22, 21, 20, 19, 18, 17, 16, 15, 14, 13, 0, 11, 10, 9, 8, 7, 6, 5, 4, 3, 2, 1
[    0.9111] Not pinning SW threads, we need 4 processors, but only have 0
[    0.9116] Opening SPU2...
[    0.9118] Creating Null audio stream, sample rate = 48000, expansion = Disabled, buffer = 50, latency = 32, stretching enabled, driver = wasapi, device = 
[    0.9118] Allocated buffer of 2432 frames for buffer of 50 ms [expansion Disabled (block size 2048), stretch disabled, target size 2432].
[    0.9118] Initializing Pad...
[    0.9118] Initializing SIO2...
[    0.9118] Initializing SIO0...
[    0.9118] Opening DEV9...
[    0.9119] DEV9: DEV9init
[    0.9121] DEV9: DEV9init2
[    0.9121] DEV9: DEV9init3
[    0.9156] DEV9: DEV9init ok
[    0.9156] DEV9: DEV9open
[    0.9157] Opening USB...
[    0.9157] Opening FW...
[    0.9159] Frame rate: 59.94, target speed: 1, target frame rate: 59.94, ticks per frame: 16683350
[    0.9201] VM subsystems initialized in 706.48 ms
[    0.9216] MultiPause time: 142ns
[    0.9231] MultiPause time: 142ns
[    0.9231] MultiPause time: 142ns
[    0.9232] MultiPause time: 153ns
[    0.9301] Failed to inhibit screen saver.
[    0.9302] Processor order assignment: EE=12, VU=23, GS=23
[    0.9302]   EE thread is on processor 12 (0x1000)
[    0.9303]   GS thread is on processor 23 (0x800000)
[    0.9405] Failed to inhibit screen saver.
[    0.9682] # Initialize memory (rev:3.70, ctm:197Mhz, cpuclk:147Mhz detected)
[    0.9769] R3000 Debugger: Branch to 0x890 (SYSMEM). Clearing modules.
[    0.9786] RegisterLibraryEntries: excepman version 1.01
[    0.9796] RegisterLibraryEntries:  intrman version 1.02
[    0.9797] RegisterLibraryEntries:   ssbusc version 1.01
[    0.9801] RegisterLibraryEntries:  dmacman version 1.02
[    0.9805] RegisterLibraryEntries:  timrman version 1.01
[    0.9807] RegisterLibraryEntries:  sysclib version 1.01
[    0.9808] RegisterLibraryEntries:    stdio version 1.01
[    0.9809] RegisterLibraryEntries:  heaplib version 1.01
[    0.9813] FW: read mem 0x1f80847c: 0x10000001
[    0.9813] FW: write mem 0x1f808414: 0x417f0000
[    0.9813] FW: read mem 0x1f808400: 0xffc00001
[    0.9813] FW: write mem 0x1f80844c: 0xffffffff
[    0.9813] FW: write mem 0x1f808420: 0xffffffff
[    0.9813] FW: write mem 0x1f808428: 0xffffffff
[    0.9813] FW: write mem 0x1f808430: 0xffffffff
[    0.9823] RegisterLibraryEntries:   thbase version 1.01
[    0.9824] RegisterLibraryEntries:  thevent version 1.01
[    0.9824] RegisterLibraryEntries:  thsemap version 1.01
[    0.9824] RegisterLibraryEntries:  thmsgbx version 1.01
[    0.9825] RegisterLibraryEntries:  thfpool version 1.01
[    0.9825] RegisterLibraryEntries:  thvpool version 1.01
[    0.9833] RegisterLibraryEntries:   vblank version 1.01
[    0.9838] RegisterLibraryEntries:    ioman version 1.02
[    0.9845] RegisterLibraryEntries:  modload version 1.01
[    0.9848] RegisterLibraryEntries:   romdrv version 2.01
[    0.9850] RegisterLibraryEntries:    stdio version 1.02
[    0.9854] RegisterLibraryEntries:   sifman version 1.01
[    0.9857] 
[    0.9857] PlayStation 2 ======== Hard reset boot
[    0.9859]  ROMGEN=2004-0614, IOP info (CPUID=1f, CACH_CONFIG=0, 2MB, IOP mode)
[    0.9860]  <20040614-100914,ROMconf,PS20200EC20040614.bin:11696>
[    0.9955] # Total accessable memory size: 32 MB (B:2:8:0) (370:2:7c30)
[    0.9964] # TLB spad=0 kernel=1:12 default=13:30 extended=31:38
[    1.0563] # Initialize Start.
[    1.0568] # Initialize GS ...
[    1.0568] # Initialize INTC ...
[    1.0568] # Initialize TIMER ...
[    1.0569] # Initialize DMAC ...
[    1.0570] # Initialize VU1 ...
[    1.0572] # Initialize VIF1 ...
[    1.0573] # Initialize GIF ...
[    1.0573] # Initialize VU0 ...
[    1.0575] # Initialize VIF0 ...
[    1.0575] # Initialize IPU ...
[    1.0576] # Initialize FPU ...
[    1.0577] # Initialize User Memory ...
[    1.1168] # Initialize Scratch Pad ...
[    1.1169] # Initialize Done.
[    1.1178] 
[    1.1178] EE DECI2 Manager version 0.06 Feb  6 2003 08:38:48
[    1.1178]   CPUID=2e20, BoardID=0, ROMGEN=2004-0614, 32M
[    1.1178] 
[    1.1181] RegisterLibraryEntries:   sifcmd version 1.01
[    1.1492] Initializing Elf: 4470780 bytes
[    1.1523] ELF Loading: host:vehicle-playground.elf, Game CRC = 57773078, EntryPoint = 0x00100E78
[    1.1552] RegisterLibraryEntries:  cdvdman version 1.01
[    1.1594] Imported 823 symbols.
[    1.1612] PINE: New client with FD 14 connected.
[    1.1621] PINE: Client disconnected.
[    1.1633] RegisterLibraryEntries:  cdvdfsv version 1.01
[    1.1649] RegisterLibraryEntries:  secrman version 1.03
[    1.1650] RegisterLibraryEntries:   eesync version 1.01
[    1.1651] 
[    1.1651] IOP Realtime Kernel Ver.0.9.1
[    1.1652]     Copyright 1999 (C) Sony Computer Entertainment Inc. 
[    1.1657] Reboot service module.(99/11/10)
[    1.1683] cdvd driver module version 0.1.1 (C)SCEI
[    1.1689] Load File service.(99/11/05)
[    1.1690] Multi Threaded Fileio module.(99/11/15) 
[    1.1690] iop heap service (99/11/03)
[    1.1853] loadelf: fname host:vehicle-playground.elf secname all
[    1.1854] loadelf version 3.30
[    1.1879] Input ELF format filename = host:vehicle-playground.elf
[    1.2356] 1 00100000 003f77bc ................................................................
[    1.2357] Loaded, host:vehicle-playground.elf
[    1.2357] start address 0x100e78
[    1.2357] gp address 00000000
[    1.2364] (VMManager) Pausing...
[    1.2366] (VMManager) Resuming...
[    1.2485] Failed to inhibit screen saver.
[    1.2486] EE/iR5900 Recompiler Reset
[    1.2628] PINE: New client with FD 14 connected.
[    1.2633] PINE: Client disconnected.
[    1.2652] # Restart Without Memory Clear.
[    1.2766] # Initialize GS ...
[    1.2766] # Initialize INTC ...
[    1.2766] # Initialize TIMER ...
[    1.2767] # Initialize DMAC ...
[    1.2768] # Initialize VU1 ...
[    1.2770] # Initialize VIF1 ...
[    1.2770] # Initialize GIF ...
[    1.2771] # Initialize VU0 ...
[    1.2772] # Initialize VIF0 ...
[    1.2772] # Initialize IPU ...
[    1.2773] # Initialize FPU ...
[    1.2774] # Initialize Scratch Pad ...
[    1.2774] # Restart Without Memory Clear Done.
[    1.2776] ELF host:vehicle-playground.elf with entry point at 0x00100E78 is executing.
[    1.2777] ELF changed, active CRC 57773078 (host:vehicle-playground.elf)
[    1.2783] Debugger Settings Manager: Failed to read Saved Addresses array from settings file: '/home/spider/pool-lattice-probe-a96-arm1-repeat2-20261005-v1/profile/PCSX2/inis/debuggersettings/vehicle-playground_57773078.json'
[    1.2784] Applying core settings...
[    1.2784] Debugger Settings Manager: Failed to read Saved Addresses array from settings file: '/home/spider/pool-lattice-probe-a96-arm1-repeat2-20261005-v1/profile/PCSX2/inis/debuggersettings/vehicle-playground_57773078.json'
[    1.2791] Updating CPU configuration...
[    1.2791] iR3000A Recompiler reset.
[    1.3011] iR3000A Recompiler reset.
[    1.3071] EE/iR5900 Recompiler Reset
[    1.3226] (VMManager) Pausing...
[    1.3228] EE/iR5900 Recompiler Reset
[    1.3389] EE/iR5900 Recompiler Reset
[    1.3535] iR3000A Recompiler reset.
[    1.3577] EE/iR5900 Recompiler Reset
[    1.3640] PINE: New client with FD 14 connected.
[    1.3645] PINE: Client disconnected.
[    1.3735] iR3000A Recompiler reset.
[    1.3766] EE/iR5900 Recompiler Reset
[    1.3944] iR3000A Recompiler reset.
[    1.3992] EE/iR5900 Recompiler Reset
[    1.4195] iR3000A Recompiler reset.
[    1.4244] EE/iR5900 Recompiler Reset
[    1.5004] PINE: New client with FD 14 connected.
[    1.5008] OSD [SaveStateSlot140]: Saving state to slot 140...
[    1.5342]   Saving SPU2
[    1.5346]   Saving GS
[    1.6354] OSD [SaveStateSlot140]: Saved state to slot 140.
[    1.6354] Zipping save state to '/home/spider/pool-lattice-probe-a96-arm1-repeat2-20261005-v1/profile/PCSX2/sstates/vehicle-playground (57773078).140.p2s' took 94.39 ms
[    2.8164] PINE: Client disconnected.
[    3.3712] PINE: New client with FD 14 connected.
[    3.3767] (VMManager) Resuming...
[    3.3906] Failed to inhibit screen saver.
[    3.3924] BIOS: Successfully found the instruction pattern. Assuming the thread list is here: 8001a640
[    3.3959] Warning: GetOsdConfigParam2 Reading extended language/version configs, may be incorrect!
[    3.4088] read/write allocate memory 4000
[    3.4089] open name host:/ps2link.run flag 1 data 41378
[    3.4098] open fd = -5
[    3.4128] Get Reboot Request From EE
[    3.4140] R3000 Debugger: Branch to 0x890 (SYSMEM). Clearing modules.
[    3.4160] RegisterLibraryEntries: excepman version 1.01
[    3.4170] RegisterLibraryEntries:  intrman version 1.02
[    3.4172] RegisterLibraryEntries:   ssbusc version 1.01
[    3.4179] RegisterLibraryEntries:  dmacman version 1.02
[    3.4184] RegisterLibraryEntries:  timrman version 1.01
[    3.4188] RegisterLibraryEntries:  sysclib version 1.01
[    3.4189] RegisterLibraryEntries:    stdio version 1.01
[    3.4191] RegisterLibraryEntries:  heaplib version 1.01
[    3.4212] RegisterLibraryEntries:   thbase version 1.01
[    3.4214] RegisterLibraryEntries:  thevent version 1.01
[    3.4214] RegisterLibraryEntries:  thsemap version 1.01
[    3.4214] RegisterLibraryEntries:  thmsgbx version 1.01
[    3.4215] RegisterLibraryEntries:  thfpool version 1.01
[    3.4215] RegisterLibraryEntries:  thvpool version 1.01
[    3.4225] RegisterLibraryEntries:   vblank version 1.01
[    3.4230] RegisterLibraryEntries:    ioman version 1.02
[    3.4240] RegisterLibraryEntries:  modload version 1.01
[    3.4326] RegisterLibraryEntries:   romdrv version 2.01
[    3.4329] RegisterLibraryEntries:    stdio version 1.02
[    3.4334] RegisterLibraryEntries:   sifman version 1.01
[    3.4338] 
[    3.4338] PlayStation 2 ======== Soft reboot
[    3.4345] RegisterLibraryEntries:   sifcmd version 1.01
[    3.4381] RegisterLibraryEntries:  cdvdman version 1.01
[    3.4397] RegisterLibraryEntries:  cdvdfsv version 1.01
[    3.4479] RegisterLibraryEntries:  secrman version 1.03
[    3.4481] RegisterLibraryEntries:   eesync version 1.01
[    3.4482] 
[    3.4483] IOP Realtime Kernel Ver.0.9.1
[    3.4483]     Copyright 1999 (C) Sony Computer Entertainment Inc. 
[    3.4488] Reboot service module.(99/11/10)
[    3.4507] [EE] Skipping timeout loop at 0x002D52D0 -> 0x002D52F0
[    3.4507] cdvd driver module version 0.1.1 (C)SCEI
[    3.4511] Load File service.(99/11/05)
[    3.4511] Multi Threaded Fileio module.(99/11/15) 
[    3.4512] iop heap service (99/11/03)
[    3.4659] RegisterLibraryEntries:   iomanx version 1.01
[    3.4672] fileXio: fileXio: fileXio RPC Server v1.00
[    3.4672] Copyright (c) 2003 adresd
[    3.4675] RegisterLibraryEntries:  sio2man version 2.07
[    3.4676] RegisterLibraryEntries:  sio2man version 1.02
[    3.4684] RegisterLibraryEntries:   padman version 1.02
[    3.4685] Pad Driver for OSD
[    3.4689] FREESD v1.01
[    3.4690] RegisterLibraryEntries:    libsd version 1.04
[    3.4770] PINE: Client disconnected.
[    3.4805] debug_level = 1 (ps2snd 0.1
[    3.4812] greetings from version 0.93 !
[    3.4812] RegisterLibraryEntries:   audsrv version 1.04
[    3.4813] audsrv_adpcm_init()
[    3.4826] UpdateVSyncRate: Mode Changed to SDTV 480p.
[    3.4827] Frame rate: 59.94, target speed: 1, target frame rate: 59.94, ticks per frame: 16683350
[    3.4827] Set GS CRTC configuration. SDTV   720x480 @ 59.94 Progressive (FRAME)
[    5.5715] read/write allocate memory 4000
[    5.5718] 
[    5.5723] -----------------------------------------
[    5.5724]         _____        ____   ___
[    5.5725]           |     /   ____| |___|
[    5.5726]           |     |   |     |   |
[    5.5726] -----------------------------------------
[    5.5727] Copyright 2022
[    5.5728] Repository: https://github.com/h4570/tyra
[    5.5728] Licensed under Apache License 2.0
[    5.5732] Version: 2.2.0
[    5.5733] -----------------------------------------
[    5.5734] 
[    5.7367] audsrv_adpcm_init()
[    5.7380] [EE] Skipping timeout loop at 0x00102CB0 -> 0x00102CD0
[    5.7715] Curent pad(0,0) status: EXECCMD
[    5.9686] Pad: DS2 Config Finished - P1/S1 - AL: Off - AB: Usable - VS: Disabled - VL: Disabled - RB: D (0x00000000)
[    6.0021] Curent pad(0,0) status: EXECCMD
[    6.0685] Pad: DS2 Config Finished - P1/S1 - AL: On - AB: Locked - VS: Disabled - VL: Disabled - RB: D (0x00000000)
[    6.2693] Pad: DS2 Config Finished - P1/S1 - AL: On - AB: Locked - VS: Disabled - VL: Disabled - RB: D (0x00000000)
[    6.3024] Curent pad(0,0) status: EXECCMD
[    6.5698] Pad: DS2 Config Finished - P1/S1 - AL: On - AB: Locked - VS: Disabled - VL: Disabled - RB: D+A+P (0x0003FFFF)
[    6.7688] Pad: DS2 Config Finished - P1/S1 - AL: On - AB: Locked - VS: Disabled - VL: Disabled - RB: D+A+P (0x0003FFFF)
[    6.8067] open name host:/pool2-probe.cfg flag 1 data 41378
[    6.8088] open fd = 256
[    6.8164] open name host:/hud/flare-corona.png flag 1 data 41378
[    6.8189] open fd = 256
[    6.8422] LOG: POOL2PROBE_CONFIG arm=1 vertices=96 members=1 repeats=2 package=75 alpha=128
[    6.8424] LOG: POOL2EEPROBE_CONFIG kind=8 clip=0 lazy=1 table=1 lattice=1 oracle=0
[    6.8436] FRAMEARENA allocated=1 bytes=1048576
[    6.8569] microVU1: Cached Prog = [000] [PC=18e0] [List=01] (Cache=0.000%) [0.0mb]
[    6.8580] microVU1: 3 cycle stall on branch instruction [2008]
[    6.8594] microVU1: Branch Optimization
[    6.8595] microVU1: Cached Prog = [001] [PC=2750] [List=01] (Cache=0.280%) [0.2mb]
[    6.8604] microVU1: 3 cycle stall on branch instruction [2008]
[    6.8618] microVU1: Branch Optimization
[    6.8734] LOG: POOL2EEPROBE_SOURCE clip=0 ready=0 total=96 generation=1 coldOracle=0
[    6.8735] LOG: POOL2PROBE_FRAME frame=1 cold=1 arm=1 eligible=0 applied=0 compared=0 mismatches=0
[    6.8897] LOG: POOL2EEPROBE_SOURCE clip=0 ready=0 total=96 generation=2 coldOracle=0
[    6.8898] LOG: POOL2PROBE_FRAME frame=2 cold=0 arm=1 eligible=0 applied=0 compared=0 mismatches=0
[    6.8899] LOG: POOL2PROBE_READY arm=1 vertices=96 repeats=2 completed=2 warmBypass=0
[    6.8900] (VMManager) Pausing...
[    6.9023] PINE: New client with FD 14 connected.
[    6.9026] PINE: Client disconnected.
[    7.0335] PINE: New client with FD 14 connected.
[    7.0339] OSD [SaveStateSlot187]: Saving state to slot 187...
[    7.0844]   Saving SPU2
[    7.0849]   Saving GS
[    7.1975] OSD [SaveStateSlot187]: Saved state to slot 187.
[    7.1976] Zipping save state to '/home/spider/pool-lattice-probe-a96-arm1-repeat2-20261005-v1/profile/PCSX2/sstates/vehicle-playground (57773078).187.p2s' took 107.35 ms
[    8.3287] PINE: Client disconnected.
