[    0.0143] Program Path: /home/spider/tyrax2-debugger-linux-v1/squashfs-root/usr/bin/pcsx2-qt
[    0.0144] AppRoot Directory: /home/spider/tyrax2-debugger-linux-v1/squashfs-root/usr/bin
[    0.0144] Resources Directory: /home/spider/tyrax2-debugger-linux-v1/squashfs-root/usr/bin/resources
[    0.0144] DataRoot Directory: /home/spider/pool-lattice-probe-a96-arm0-repeat2-20261005-v1/profile/PCSX2
[    0.0144] Loading config from /home/spider/pool-lattice-probe-a96-arm0-repeat2-20261005-v1/profile/PCSX2/inis/PCSX2.ini.
[    0.0146] Loading secrets from /home/spider/pool-lattice-probe-a96-arm0-repeat2-20261005-v1/profile/PCSX2/inis/secrets.ini.
[    0.0151] BIOS Directory: /mnt/c/Users/pawel/OneDrive/Documents/PCSX2/bios
[    0.0151] Snapshots Directory: /home/spider/pool-lattice-probe-a96-arm0-repeat2-20261005-v1/profile/PCSX2/snaps
[    0.0151] Savestates Directory: /home/spider/pool-lattice-probe-a96-arm0-repeat2-20261005-v1/profile/PCSX2/sstates
[    0.0151] MemoryCards Directory: /home/spider/pool-lattice-probe-a96-arm0-repeat2-20261005-v1/profile/PCSX2/memcards
[    0.0151] Logs Directory: /home/spider/pool-lattice-probe-a96-arm0-repeat2-20261005-v1/profile/PCSX2/logs
[    0.0151] Cheats Directory: /home/spider/pool-lattice-probe-a96-arm0-repeat2-20261005-v1/profile/PCSX2/cheats
[    0.0151] Patches Directory: /home/spider/pool-lattice-probe-a96-arm0-repeat2-20261005-v1/profile/PCSX2/patches
[    0.0151] Covers Directory: /home/spider/pool-lattice-probe-a96-arm0-repeat2-20261005-v1/profile/PCSX2/covers
[    0.0151] Game Settings Directory: /home/spider/pool-lattice-probe-a96-arm0-repeat2-20261005-v1/profile/PCSX2/gamesettings
[    0.0151] Resources Directory: /home/spider/tyrax2-debugger-linux-v1/squashfs-root/usr/bin/resources
[    0.0151] User Resources Directory: /home/spider/pool-lattice-probe-a96-arm0-repeat2-20261005-v1/profile/PCSX2/resources
[    0.0151] Cache Directory: /home/spider/pool-lattice-probe-a96-arm0-repeat2-20261005-v1/profile/PCSX2/cache
[    0.0151] Textures Directory: /home/spider/pool-lattice-probe-a96-arm0-repeat2-20261005-v1/profile/PCSX2/textures
[    0.0151] Input Profile Directory: /home/spider/pool-lattice-probe-a96-arm0-repeat2-20261005-v1/profile/PCSX2/inputprofiles
[    0.0151] Video Dumping Directory: /home/spider/pool-lattice-probe-a96-arm0-repeat2-20261005-v1/profile/PCSX2/videos
[    0.0151] Debugger Layouts Directory: /home/spider/pool-lattice-probe-a96-arm0-repeat2-20261005-v1/profile/PCSX2/inis/debuggerlayouts
[    0.0151] Debugger Settings Directory: /home/spider/pool-lattice-probe-a96-arm0-repeat2-20261005-v1/profile/PCSX2/inis/debuggersettings
[    0.0304] Loaded translation file for language en-US
[    0.0373] PCSX2 v2.9.93
[    0.0373] Savestate version: 0x9a590000
[    0.0373] 
[    0.0373] 
[    0.0373] Host Machine Init:
[    0.0374]   Operating System = Ubuntu 22.04
[    0.0374]   Available RAM    = 49081 MB (47.93 GB)
[    0.0374]   Physical RAM     = 50191 MB (49.02 GB)
[    0.0374] 
[    0.0374]   Processor        = AMD Ryzen Threadripper 1920X
[    0.0374]   Core Count       = 24 cores
[    0.0374]   Thread Count     = 24 threads
[    0.0374]   Cluster Count    = 1 clusters
[    0.0374] CPU Extensions Detected:
[    0.0375]   AVX AVX2
[    0.0375] 
[    0.0375] Allocating host memory for virtual systems...
[    0.0379]   EE Main Memory                   @ 0x00007F17FB200000 -> 0x00007F1804100000 [143mb]
[    0.0379]   IOP Main Memory                  @ 0x00007F1804100000 -> 0x00007F180C200000 [129mb]
[    0.0379]   VU0/1 On-Chip Memory             @ 0x00007F180C200000 -> 0x00007F180C300000 [1mb]
[    0.0380]   VTLB Virtual Map                 @ 0x00007F180C300000 -> 0x00007F180CB00000 [8mb]
[    0.0380]   VTLB Address Map                 @ 0x00007F180CB00000 -> 0x00007F180CF00000 [4mb]
[    0.0380]   R5900 Recompiler Cache           @ 0x00007F180CF00000 -> 0x00007F1810F00000 [64mb]
[    0.0380]   R3000A Recompiler Cache          @ 0x00007F1810F00000 -> 0x00007F1812F00000 [32mb]
[    0.0380]   Micro VU0 Recompiler Cache       @ 0x00007F1813F00000 -> 0x00007F1817F00000 [64mb]
[    0.0380]   Micro VU1 Recompiler Cache       @ 0x00007F1817F00000 -> 0x00007F181BF00000 [64mb]
[    0.0380]   VIF0 Unpack Recompiler Cache     @ 0x00007F1812F00000 -> 0x00007F1813700000 [8mb]
[    0.0380]   VIF1 Unpack Recompiler Cache     @ 0x00007F1813700000 -> 0x00007F1813F00000 [8mb]
[    0.0380]   VIF Unpack Recompiler Cache      @ 0x00007F181BF00000 -> 0x00007F181C000000 [1mb]
[    0.0380]   GS Software Renderer             @ 0x00007F181C000000 -> 0x00007F1820000000 [64mb]
[    0.0402] Fastmem area: 0x7f16fb200000 - 0x7f17fb1fffff
[    0.0421] Generating SSE-optimized unpacking functions for VIF interpreters...
[    0.0424] Unpack function generation complete.  Generated function statistics:
[    0.0424]   Reserved buffer    : 1048576 bytes @ 0x00007F181BF00000
[    0.0424]   x86 code generated : 7422 bytes
[    0.0424] 
[    0.0426] SDLInputSource: Using Controller DB from resources.
[    0.0628] SDLInputSource: 765 gamepad mappings are loaded.
[    0.0629] Invalid binding: 'XInput-0/DPadUp'
[    0.0629] Invalid binding: 'XInput-0/DPadRight'
[    0.0629] Invalid binding: 'XInput-0/DPadDown'
[    0.0629] Invalid binding: 'XInput-0/DPadLeft'
[    0.0629] Invalid binding: 'XInput-0/Y'
[    0.0629] Invalid binding: 'XInput-0/B'
[    0.0630] Invalid binding: 'XInput-0/A'
[    0.0630] Invalid binding: 'XInput-0/X'
[    0.0630] Invalid binding: 'XInput-0/Back'
[    0.0630] Invalid binding: 'XInput-0/Start'
[    0.0630] Invalid binding: 'XInput-0/LeftShoulder'
[    0.0630] Invalid binding: 'XInput-0/+LeftTrigger'
[    0.0630] Invalid binding: 'XInput-0/RightShoulder'
[    0.0630] Invalid binding: 'XInput-0/+RightTrigger'
[    0.0630] Invalid binding: 'XInput-0/LeftStick'
[    0.0630] Invalid binding: 'XInput-0/RightStick'
[    0.0630] Invalid binding: 'XInput-0/Guide'
[    0.0630] Invalid binding: 'XInput-0/-LeftY'
[    0.0630] Invalid binding: 'XInput-0/+LeftX'
[    0.0630] Invalid binding: 'XInput-0/+LeftY'
[    0.0630] Invalid binding: 'XInput-0/-LeftX'
[    0.0630] Invalid binding: 'XInput-0/-RightY'
[    0.0631] Invalid binding: 'XInput-0/+RightX'
[    0.0631] Invalid binding: 'XInput-0/+RightY'
[    0.0631] Invalid binding: 'XInput-0/-RightX'
[    0.0640] Settings: Advanced Settings are enabled; only proceed if you know what you're doing! No support will be provided if you have the option enabled.
[    0.1120] Scanning F:\PS2\Games (recursively)
[    0.2152] Loading BIOS...
[    0.2310] BIOS Found: Europe  v02.00(14/06/2004)  Console 20040614-100914
[    0.2902] Mechacon version: 0x00020603
[    0.2915] Opening CDVD...
[    0.3232] Initializing Elf: 4470780 bytes
[    0.3240] Disc changed to .
[    0.3240]   Name: vehicle-playground [?]
[    0.3240]   Serial: vehicle-playground
[    0.3240]   Version: 
[    0.3240]   CRC: 57773078
[    0.3241] No game settings found (tried '/home/spider/pool-lattice-probe-a96-arm0-repeat2-20261005-v1/profile/PCSX2/gamesettings/57773078.ini')
[    0.3241] Applying settings...
[    0.3244] Invalid binding: 'XInput-0/DPadUp'
[    0.3244] Invalid binding: 'XInput-0/DPadRight'
[    0.3244] Invalid binding: 'XInput-0/DPadDown'
[    0.3244] Invalid binding: 'XInput-0/DPadLeft'
[    0.3244] Invalid binding: 'XInput-0/Y'
[    0.3244] Invalid binding: 'XInput-0/B'
[    0.3244] Invalid binding: 'XInput-0/A'
[    0.3244] Invalid binding: 'XInput-0/X'
[    0.3244] Invalid binding: 'XInput-0/Back'
[    0.3244] Invalid binding: 'XInput-0/Start'
[    0.3244] Invalid binding: 'XInput-0/LeftShoulder'
[    0.3244] Invalid binding: 'XInput-0/+LeftTrigger'
[    0.3244] Invalid binding: 'XInput-0/RightShoulder'
[    0.3245] Invalid binding: 'XInput-0/+RightTrigger'
[    0.3245] Invalid binding: 'XInput-0/LeftStick'
[    0.3245] Invalid binding: 'XInput-0/RightStick'
[    0.3245] Invalid binding: 'XInput-0/Guide'
[    0.3245] Invalid binding: 'XInput-0/-LeftY'
[    0.3245] Invalid binding: 'XInput-0/+LeftX'
[    0.3245] Invalid binding: 'XInput-0/+LeftY'
[    0.3245] Invalid binding: 'XInput-0/-LeftX'
[    0.3245] Invalid binding: 'XInput-0/-RightY'
[    0.3245] Invalid binding: 'XInput-0/+RightX'
[    0.3245] Invalid binding: 'XInput-0/+RightY'
[    0.3245] Invalid binding: 'XInput-0/-RightX'
[    0.3246] GameDB: Has not been initialized yet, initializing...
[    0.3667] GameDB: 12841 games on record (loaded in 42.07ms)
[    0.3695] Reopening memory cards...
[    0.3695] (FileMcd) Creating new 8MB memory card: /home/spider/pool-lattice-probe-a96-arm0-repeat2-20261005-v1/profile/PCSX2/memcards/Mcd001.ps2
[    0.3807] McdSlot 0 [File]: Mcd001.ps2 [8 MB, UNFORMATTED]
[    0.3807] McdSlot 1 [File]: [disabled/empty filename]
[    0.3857] HLE Host: Set 'host:' root path to: /mnt/f/Projects/tyrax2-lab-20261001/wild-pool-lattice-probe-physical-v1/game/bin
[    0.3861] EE/iR5900 Recompiler Reset
[    0.4309] iR3000A Recompiler reset.
[    0.4511] Resetting host memory for virtual systems...
[    0.7090] Time Zone Offset: GMT+01:00
[    0.7090] Time Zone Location: Berlin
[    0.7090] DST: Winter Time
[    0.7090] Time Format: 24-Hour
[    0.7090] Date Format: DD/MM/YYYY
[    0.7090] System Time Basis: Operating System Time
[    0.7091] Resulting System Time: 2026-10-05 13:40:04
[    0.7091] Close virtual disk tray
[    0.7091] Media already loaded (fast boot)
[    0.7091] Opening GS...
[    0.7504] VK: Enabling extension: VK_KHR_get_surface_capabilities2
[    0.7620] Using Vulkan GPU 'llvmpipe (LLVM 15.0.7, 256 bits)' for automatic renderer check.
[    0.7620] Not using Vulkan for software renderer.
[    0.7622] acquireRenderWindow() recreate=true fullscreen=false render_to_main=true surfaceless=false
[    0.7654] (GetRefreshRateFromXRandR) Modeline is invalid: 0/0/0
[    0.7654] Surface refresh rate: 60 Hz
[    0.7660] Loading EGL from libEGL.so...
[    0.7672] GLAD EGL Version: 1.0
[    0.7672] Using EGL platform EGL_EXT_platform_x11.
[    0.7756] eglInitialize() version: 1.5
[    0.7757] GLAD EGL Version: 1.5
[    0.7757] Trying GL version 4.6
[    0.7758] eglCreateContext() failed: 0x3009
[    0.7758] Trying GL version 4.5
[    0.7871] Got GL version 4.5
[    0.7873] EGL_MIN_SWAP_INTERVAL = 1
[    0.7873] EGL_MAX_SWAP_INTERVAL = 1
[    0.7873] Negative swap interval/tear-control is NOT supported
[    0.7899] GL_VENDOR: Mesa
[    0.7899] GL_VERSION: 4.5 (Core Profile) Mesa 23.2.1-1ubuntu3.1~22.04.4
[    0.7899] GL_RENDERER: llvmpipe (LLVM 15.0.7, 256 bits)
[    0.7899] GL_SHADING_LANGUAGE_VERSION: 4.50
[    0.7900] GL_MAX_VERTEX_SHADER_STORAGE_BLOCKS: 16
[    0.7900] GL: Viewport Array:            Supported       => Using: GL_ARB_viewport_array
[    0.7900] GL: Direct State Access:       Supported       => Using: OpenGL 4.5 Core
[    0.7900] GL: Copy Image:                Supported       => Using: OpenGL 4.3 Core
[    0.7900] GL: Clip Control:              Supported       => Using: OpenGL 4.5 Core
[    0.7900] GL: Conservative Depth:        Supported       => Using: OpenGL 4.2 Core
[    0.7900] GL: CAS Sharpening:            Supported       => Using: OpenGL 4.2 Core
[    0.7900] GL: Texture Barriers:          Auto            => Using: Framebuffer Fetch
[    0.7900] GL: RGBA16 HW Blending:        Supported       => Using: RGBA16 UNORM
[    0.7900] GL: Point Expansion:           Supported       => Using: Hardware
[    0.7900] GL: Line Expansion:            Fallback        => Using: Vertex Expansion
[    0.7900] GL: Sprite Expansion:          Supported       => Using: Vertex Expansion
[    0.7900] GL: DXTn Texture Compression:  Supported       => Using: GL_EXT_texture_compression_s3tc
[    0.7900] GL: BC6/7 Texture Compression: Supported       => Using: OpenGL 4.2 Core
[    0.7999] 1 program binary formats supported by driver
[    0.8380] Program binary retrieved, 4105 bytes, format 34655
[    0.8384] Program binary retrieved, 4121 bytes, format 34655
[    0.8388] Program binary retrieved, 4249 bytes, format 34655
[    0.8392] Program binary retrieved, 4013 bytes, format 34655
[    0.8396] Program binary retrieved, 4013 bytes, format 34655
[    0.8400] Program binary retrieved, 4017 bytes, format 34655
[    0.8404] Program binary retrieved, 4017 bytes, format 34655
[    0.8408] Program binary retrieved, 4185 bytes, format 34655
[    0.8414] Program binary retrieved, 4217 bytes, format 34655
[    0.8418] Program binary retrieved, 4137 bytes, format 34655
[    0.8423] Program binary retrieved, 4125 bytes, format 34655
[    0.8427] Program binary retrieved, 4121 bytes, format 34655
[    0.8434] Program binary retrieved, 4253 bytes, format 34655
[    0.8440] Program binary retrieved, 4237 bytes, format 34655
[    0.8444] Program binary retrieved, 4245 bytes, format 34655
[    0.8448] Program binary retrieved, 4261 bytes, format 34655
[    0.8453] Program binary retrieved, 4965 bytes, format 34655
[    0.8459] Program binary retrieved, 4981 bytes, format 34655
[    0.8462] Program binary retrieved, 4261 bytes, format 34655
[    0.8466] Program binary retrieved, 4277 bytes, format 34655
[    0.8471] Program binary retrieved, 5005 bytes, format 34655
[    0.8477] Program binary retrieved, 5021 bytes, format 34655
[    0.8481] Program binary retrieved, 4257 bytes, format 34655
[    0.8485] Program binary retrieved, 4273 bytes, format 34655
[    0.8490] Program binary retrieved, 5001 bytes, format 34655
[    0.8495] Program binary retrieved, 5017 bytes, format 34655
[    0.8500] Program binary retrieved, 4277 bytes, format 34655
[    0.8504] Program binary retrieved, 4293 bytes, format 34655
[    0.8509] Program binary retrieved, 5057 bytes, format 34655
[    0.8514] Program binary retrieved, 5073 bytes, format 34655
[    0.8518] Program binary retrieved, 4153 bytes, format 34655
[    0.8522] Program binary retrieved, 4169 bytes, format 34655
[    0.8526] Program binary retrieved, 4233 bytes, format 34655
[    0.8531] Program binary retrieved, 5781 bytes, format 34655
[    0.8536] Program binary retrieved, 5373 bytes, format 34655
[    0.8543] Program binary retrieved, 6389 bytes, format 34655
[    0.8548] Program binary retrieved, 4917 bytes, format 34655
[    0.8552] Program binary retrieved, 4845 bytes, format 34655
[    0.8557] Program binary retrieved, 4997 bytes, format 34655
[    0.8563] Program binary retrieved, 4101 bytes, format 34655
[    0.8597] Program binary retrieved, 4137 bytes, format 34655
[    0.8631] Program binary retrieved, 4109 bytes, format 34655
[    0.8636] Program binary retrieved, 5389 bytes, format 34655
[    0.8642] Program binary retrieved, 5829 bytes, format 34655
[    0.8646] Program binary retrieved, 5857 bytes, format 34655
[    0.8650] Program binary retrieved, 4289 bytes, format 34655
[    0.8676] Program binary retrieved, 21205 bytes, format 34655
[    0.8680] Program binary retrieved, 4765 bytes, format 34655
[    0.8685] Program binary retrieved, 5685 bytes, format 34655
[    0.8688] Program binary retrieved, 4141 bytes, format 34655
[    0.8691] Program binary retrieved, 4537 bytes, format 34655
[    0.8695] Program binary retrieved, 4889 bytes, format 34655
[    0.8698] Program binary retrieved, 4117 bytes, format 34655
[    0.8702] Program binary retrieved, 4741 bytes, format 34655
[    0.8706] Program binary retrieved, 4965 bytes, format 34655
[    0.8715] Program binary retrieved, 6613 bytes, format 34655
[    0.8720] Program binary retrieved, 4797 bytes, format 34655
[    0.8737] Program binary retrieved, 13085 bytes, format 34655
[    0.8805] Program binary retrieved, 7285 bytes, format 34655
[    0.8864] Program binary retrieved, 5497 bytes, format 34655
[    0.8867] Program binary retrieved, 4141 bytes, format 34655
[    0.8871] Program binary retrieved, 4141 bytes, format 34655
[    0.8875] Program binary retrieved, 4145 bytes, format 34655
[    0.8880] Program binary retrieved, 4145 bytes, format 34655
[    0.9389] Program binary retrieved, 5369 bytes, format 34655
[    0.9404] OpenGL Graphics Driver Info:
[    0.9404] OpenGL Context:
[    0.9404] 4.5 (Core Profile) Mesa 23.2.1-1ubuntu3.1~22.04.4
[    0.9404] Mesa llvmpipe (LLVM 15.0.7, 256 bits)
[    0.9404] GLSL: 4.50
[    0.9436] Processor count: 24 cores, 24 processors, 1 clusters
[    0.9436] Ordered processor list: 12, 23, 22, 21, 20, 19, 18, 17, 16, 15, 14, 13, 0, 11, 10, 9, 8, 7, 6, 5, 4, 3, 2, 1
[    0.9436] Not pinning SW threads, we need 4 processors, but only have 0
[    0.9448] Opening SPU2...
[    0.9492] Creating Null audio stream, sample rate = 48000, expansion = Disabled, buffer = 50, latency = 32, stretching enabled, driver = wasapi, device = 
[    0.9492] Allocated buffer of 2432 frames for buffer of 50 ms [expansion Disabled (block size 2048), stretch disabled, target size 2432].
[    0.9492] Initializing Pad...
[    0.9492] Initializing SIO2...
[    0.9492] Initializing SIO0...
[    0.9492] Opening DEV9...
[    0.9492] DEV9: DEV9init
[    0.9500] DEV9: DEV9init2
[    0.9500] DEV9: DEV9init3
[    0.9539] MultiPause time: 142ns
[    0.9540] MultiPause time: 149ns
[    0.9542] MultiPause time: 364ns
[    0.9542] DEV9: DEV9init ok
[    0.9542] DEV9: DEV9open
[    0.9542] Opening USB...
[    0.9543] Opening FW...
[    0.9546] Frame rate: 59.94, target speed: 1, target frame rate: 59.94, ticks per frame: 16683350
[    0.9547] MultiPause time: 142ns
[    0.9580] VM subsystems initialized in 747.23 ms
[    0.9689] Failed to inhibit screen saver.
[    0.9689] Processor order assignment: EE=12, VU=23, GS=23
[    0.9690]   EE thread is on processor 12 (0x1000)
[    0.9691]   GS thread is on processor 23 (0x800000)
[    0.9796] Failed to inhibit screen saver.
[    1.0069] # Initialize memory (rev:3.70, ctm:197Mhz, cpuclk:147Mhz detected)
[    1.0152] R3000 Debugger: Branch to 0x890 (SYSMEM). Clearing modules.
[    1.0167] RegisterLibraryEntries: excepman version 1.01
[    1.0178] RegisterLibraryEntries:  intrman version 1.02
[    1.0180] RegisterLibraryEntries:   ssbusc version 1.01
[    1.0185] RegisterLibraryEntries:  dmacman version 1.02
[    1.0191] RegisterLibraryEntries:  timrman version 1.01
[    1.0195] RegisterLibraryEntries:  sysclib version 1.01
[    1.0196] RegisterLibraryEntries:    stdio version 1.01
[    1.0197] RegisterLibraryEntries:  heaplib version 1.01
[    1.0201] FW: read mem 0x1f80847c: 0x10000001
[    1.0201] FW: write mem 0x1f808414: 0x417f0000
[    1.0201] FW: read mem 0x1f808400: 0xffc00001
[    1.0201] FW: write mem 0x1f80844c: 0xffffffff
[    1.0201] FW: write mem 0x1f808420: 0xffffffff
[    1.0201] FW: write mem 0x1f808428: 0xffffffff
[    1.0201] FW: write mem 0x1f808430: 0xffffffff
[    1.0211] RegisterLibraryEntries:   thbase version 1.01
[    1.0212] RegisterLibraryEntries:  thevent version 1.01
[    1.0212] RegisterLibraryEntries:  thsemap version 1.01
[    1.0212] RegisterLibraryEntries:  thmsgbx version 1.01
[    1.0213] RegisterLibraryEntries:  thfpool version 1.01
[    1.0213] RegisterLibraryEntries:  thvpool version 1.01
[    1.0221] RegisterLibraryEntries:   vblank version 1.01
[    1.0228] RegisterLibraryEntries:    ioman version 1.02
[    1.0235] RegisterLibraryEntries:  modload version 1.01
[    1.0238] RegisterLibraryEntries:   romdrv version 2.01
[    1.0240] RegisterLibraryEntries:    stdio version 1.02
[    1.0245] RegisterLibraryEntries:   sifman version 1.01
[    1.0248] 
[    1.0248] PlayStation 2 ======== Hard reset boot
[    1.0250]  ROMGEN=2004-0614, IOP info (CPUID=1f, CACH_CONFIG=0, 2MB, IOP mode)
[    1.0252]  <20040614-100914,ROMconf,PS20200EC20040614.bin:11696>
[    1.0348] # Total accessable memory size: 32 MB (B:2:8:0) (370:2:7c30)
[    1.0358] # TLB spad=0 kernel=1:12 default=13:30 extended=31:38
[    1.1061] # Initialize Start.
[    1.1066] # Initialize GS ...
[    1.1066] # Initialize INTC ...
[    1.1066] # Initialize TIMER ...
[    1.1067] # Initialize DMAC ...
[    1.1068] # Initialize VU1 ...
[    1.1070] # Initialize VIF1 ...
[    1.1071] # Initialize GIF ...
[    1.1071] # Initialize VU0 ...
[    1.1073] # Initialize VIF0 ...
[    1.1074] # Initialize IPU ...
[    1.1075] # Initialize FPU ...
[    1.1075] # Initialize User Memory ...
[    1.1700] # Initialize Scratch Pad ...
[    1.1700] # Initialize Done.
[    1.1709] 
[    1.1710] EE DECI2 Manager version 0.06 Feb  6 2003 08:38:48
[    1.1710]   CPUID=2e20, BoardID=0, ROMGEN=2004-0614, 32M
[    1.1710] 
[    1.1712] RegisterLibraryEntries:   sifcmd version 1.01
[    1.2064] Initializing Elf: 4470780 bytes
[    1.2084] ELF Loading: host:vehicle-playground.elf, Game CRC = 57773078, EntryPoint = 0x00100E78
[    1.2112] RegisterLibraryEntries:  cdvdman version 1.01
[    1.2143] Imported 823 symbols.
[    1.2187] RegisterLibraryEntries:  cdvdfsv version 1.01
[    1.2202] RegisterLibraryEntries:  secrman version 1.03
[    1.2204] RegisterLibraryEntries:   eesync version 1.01
[    1.2205] 
[    1.2205] IOP Realtime Kernel Ver.0.9.1
[    1.2205]     Copyright 1999 (C) Sony Computer Entertainment Inc. 
[    1.2211] Reboot service module.(99/11/10)
[    1.2232] cdvd driver module version 0.1.1 (C)SCEI
[    1.2237] Load File service.(99/11/05)
[    1.2238] Multi Threaded Fileio module.(99/11/15) 
[    1.2239] iop heap service (99/11/03)
[    1.2410] loadelf: fname host:vehicle-playground.elf secname all
[    1.2411] loadelf version 3.30
[    1.2432] Input ELF format filename = host:vehicle-playground.elf
[    1.2506] PINE: New client with FD 14 connected.
[    1.2510] PINE: Client disconnected.
[    1.2897] 1 00100000 003f77bc ................................................................
[    1.2897] Loaded, host:vehicle-playground.elf
[    1.2898] start address 0x100e78
[    1.2898] gp address 00000000
[    1.2905] (VMManager) Pausing...
[    1.2906] (VMManager) Resuming...
[    1.3027] Failed to inhibit screen saver.
[    1.3028] EE/iR5900 Recompiler Reset
[    1.3202] # Restart Without Memory Clear.
[    1.3300] # Initialize GS ...
[    1.3300] # Initialize INTC ...
[    1.3301] # Initialize TIMER ...
[    1.3301] # Initialize DMAC ...
[    1.3302] # Initialize VU1 ...
[    1.3303] # Initialize VIF1 ...
[    1.3304] # Initialize GIF ...
[    1.3304] # Initialize VU0 ...
[    1.3306] # Initialize VIF0 ...
[    1.3306] # Initialize IPU ...
[    1.3307] # Initialize FPU ...
[    1.3307] # Initialize Scratch Pad ...
[    1.3308] # Restart Without Memory Clear Done.
[    1.3310] ELF host:vehicle-playground.elf with entry point at 0x00100E78 is executing.
[    1.3311] ELF changed, active CRC 57773078 (host:vehicle-playground.elf)
[    1.3315] Applying core settings...
[    1.3316] Debugger Settings Manager: Failed to read Saved Addresses array from settings file: '/home/spider/pool-lattice-probe-a96-arm0-repeat2-20261005-v1/profile/PCSX2/inis/debuggersettings/vehicle-playground_57773078.json'
[    1.3316] Debugger Settings Manager: Failed to read Saved Addresses array from settings file: '/home/spider/pool-lattice-probe-a96-arm0-repeat2-20261005-v1/profile/PCSX2/inis/debuggersettings/vehicle-playground_57773078.json'
[    1.3321] Updating CPU configuration...
[    1.3321] iR3000A Recompiler reset.
[    1.3515] PINE: New client with FD 14 connected.
[    1.3522] PINE: Client disconnected.
[    1.3561] iR3000A Recompiler reset.
[    1.3625] EE/iR5900 Recompiler Reset
[    1.3788] (VMManager) Pausing...
[    1.3791] EE/iR5900 Recompiler Reset
[    1.3967] EE/iR5900 Recompiler Reset
[    1.4122] iR3000A Recompiler reset.
[    1.4167] EE/iR5900 Recompiler Reset
[    1.4310] iR3000A Recompiler reset.
[    1.4347] EE/iR5900 Recompiler Reset
[    1.4507] iR3000A Recompiler reset.
[    1.4530] PINE: New client with FD 14 connected.
[    1.4534] PINE: Client disconnected.
[    1.4553] EE/iR5900 Recompiler Reset
[    1.4720] iR3000A Recompiler reset.
[    1.4772] EE/iR5900 Recompiler Reset
[    1.5674] PINE: New client with FD 14 connected.
[    1.5677] OSD [SaveStateSlot140]: Saving state to slot 140...
[    1.5978]   Saving SPU2
[    1.5984]   Saving GS
[    1.7151] OSD [SaveStateSlot140]: Saved state to slot 140.
[    1.7152] Zipping save state to '/home/spider/pool-lattice-probe-a96-arm0-repeat2-20261005-v1/profile/PCSX2/sstates/vehicle-playground (57773078).140.p2s' took 110.38 ms
[    2.8420] PINE: Client disconnected.
[    3.3198] PINE: New client with FD 14 connected.
[    3.3248] (VMManager) Resuming...
[    3.3368] Failed to inhibit screen saver.
[    3.3386] BIOS: Successfully found the instruction pattern. Assuming the thread list is here: 8001a640
[    3.3417] Warning: GetOsdConfigParam2 Reading extended language/version configs, may be incorrect!
[    3.3532] read/write allocate memory 4000
[    3.3533] open name host:/ps2link.run flag 1 data 41378
[    3.3540] open fd = -5
[    3.3571] Get Reboot Request From EE
[    3.3585] R3000 Debugger: Branch to 0x890 (SYSMEM). Clearing modules.
[    3.3604] RegisterLibraryEntries: excepman version 1.01
[    3.3616] RegisterLibraryEntries:  intrman version 1.02
[    3.3617] RegisterLibraryEntries:   ssbusc version 1.01
[    3.3624] RegisterLibraryEntries:  dmacman version 1.02
[    3.3628] RegisterLibraryEntries:  timrman version 1.01
[    3.3633] RegisterLibraryEntries:  sysclib version 1.01
[    3.3634] RegisterLibraryEntries:    stdio version 1.01
[    3.3635] RegisterLibraryEntries:  heaplib version 1.01
[    3.3657] RegisterLibraryEntries:   thbase version 1.01
[    3.3658] RegisterLibraryEntries:  thevent version 1.01
[    3.3658] RegisterLibraryEntries:  thsemap version 1.01
[    3.3658] RegisterLibraryEntries:  thmsgbx version 1.01
[    3.3659] RegisterLibraryEntries:  thfpool version 1.01
[    3.3659] RegisterLibraryEntries:  thvpool version 1.01
[    3.3669] RegisterLibraryEntries:   vblank version 1.01
[    3.3673] RegisterLibraryEntries:    ioman version 1.02
[    3.3684] RegisterLibraryEntries:  modload version 1.01
[    3.3769] RegisterLibraryEntries:   romdrv version 2.01
[    3.3772] RegisterLibraryEntries:    stdio version 1.02
[    3.3777] RegisterLibraryEntries:   sifman version 1.01
[    3.3781] 
[    3.3781] PlayStation 2 ======== Soft reboot
[    3.3789] RegisterLibraryEntries:   sifcmd version 1.01
[    3.3823] RegisterLibraryEntries:  cdvdman version 1.01
[    3.3838] RegisterLibraryEntries:  cdvdfsv version 1.01
[    3.3915] RegisterLibraryEntries:  secrman version 1.03
[    3.3917] RegisterLibraryEntries:   eesync version 1.01
[    3.3918] 
[    3.3918] IOP Realtime Kernel Ver.0.9.1
[    3.3918]     Copyright 1999 (C) Sony Computer Entertainment Inc. 
[    3.3923] Reboot service module.(99/11/10)
[    3.3942] [EE] Skipping timeout loop at 0x002D52D0 -> 0x002D52F0
[    3.3942] cdvd driver module version 0.1.1 (C)SCEI
[    3.3947] Load File service.(99/11/05)
[    3.3947] Multi Threaded Fileio module.(99/11/15) 
[    3.3948] iop heap service (99/11/03)
[    3.4132] RegisterLibraryEntries:   iomanx version 1.01
[    3.4145] fileXio: fileXio: fileXio RPC Server v1.00
[    3.4145] Copyright (c) 2003 adresd
[    3.4147] RegisterLibraryEntries:  sio2man version 2.07
[    3.4148] RegisterLibraryEntries:  sio2man version 1.02
[    3.4155] RegisterLibraryEntries:   padman version 1.02
[    3.4156] Pad Driver for OSD
[    3.4161] FREESD v1.01
[    3.4161] RegisterLibraryEntries:    libsd version 1.04
[    3.4251] PINE: Client disconnected.
[    3.4284] debug_level = 1 (ps2snd 0.1
[    3.4292] greetings from version 0.93 !
[    3.4292] RegisterLibraryEntries:   audsrv version 1.04
[    3.4292] audsrv_adpcm_init()
[    3.4304] UpdateVSyncRate: Mode Changed to SDTV 480p.
[    3.4304] Frame rate: 59.94, target speed: 1, target frame rate: 59.94, ticks per frame: 16683350
[    3.4304] Set GS CRTC configuration. SDTV   720x480 @ 59.94 Progressive (FRAME)
[    5.5023] read/write allocate memory 4000
[    5.5026] 
[    5.5041] -----------------------------------------
[    5.5042]         _____        ____   ___
[    5.5043]           |     /   ____| |___|
[    5.5043]           |     |   |     |   |
[    5.5044] -----------------------------------------
[    5.5044] Copyright 2022
[    5.5045] Repository: https://github.com/h4570/tyra
[    5.5045] Licensed under Apache License 2.0
[    5.5049] Version: 2.2.0
[    5.5050] -----------------------------------------
[    5.5051] 
[    5.6687] audsrv_adpcm_init()
[    5.6698] [EE] Skipping timeout loop at 0x00102CB0 -> 0x00102CD0
[    5.7021] Curent pad(0,0) status: EXECCMD
[    5.8992] Pad: DS2 Config Finished - P1/S1 - AL: Off - AB: Usable - VS: Disabled - VL: Disabled - RB: D (0x00000000)
[    5.9327] Curent pad(0,0) status: EXECCMD
[    6.0002] Pad: DS2 Config Finished - P1/S1 - AL: On - AB: Locked - VS: Disabled - VL: Disabled - RB: D (0x00000000)
[    6.1992] Pad: DS2 Config Finished - P1/S1 - AL: On - AB: Locked - VS: Disabled - VL: Disabled - RB: D (0x00000000)
[    6.2336] Curent pad(0,0) status: EXECCMD
[    6.5003] Pad: DS2 Config Finished - P1/S1 - AL: On - AB: Locked - VS: Disabled - VL: Disabled - RB: D+A+P (0x0003FFFF)
[    6.7003] Pad: DS2 Config Finished - P1/S1 - AL: On - AB: Locked - VS: Disabled - VL: Disabled - RB: D+A+P (0x0003FFFF)
[    6.7372] open name host:/pool2-probe.cfg flag 1 data 41378
[    6.7384] open fd = 256
[    6.7438] open name host:/hud/flare-corona.png flag 1 data 41378
[    6.7461] open fd = 256
[    6.7684] LOG: POOL2PROBE_CONFIG arm=0 vertices=96 members=1 repeats=2 package=75 alpha=128
[    6.7686] LOG: POOL2EEPROBE_CONFIG kind=8 clip=0 lazy=1 table=1 lattice=0 oracle=0
[    6.7696] FRAMEARENA allocated=1 bytes=1048576
[    6.7810] microVU1: Cached Prog = [000] [PC=18e0] [List=01] (Cache=0.000%) [0.0mb]
[    6.7819] microVU1: 3 cycle stall on branch instruction [2008]
[    6.7831] microVU1: Branch Optimization
[    6.7831] microVU1: Cached Prog = [001] [PC=2750] [List=01] (Cache=0.280%) [0.2mb]
[    6.7840] microVU1: 3 cycle stall on branch instruction [2008]
[    6.7852] microVU1: Branch Optimization
[    6.7966] LOG: POOL2EEPROBE_SOURCE clip=0 ready=0 total=96 generation=1 coldOracle=0
[    6.7967] LOG: POOL2PROBE_FRAME frame=1 cold=1 arm=0 eligible=0 applied=0 compared=0 mismatches=0
[    6.8114] LOG: POOL2EEPROBE_SOURCE clip=0 ready=0 total=96 generation=2 coldOracle=0
[    6.8115] LOG: POOL2PROBE_FRAME frame=2 cold=0 arm=0 eligible=0 applied=0 compared=0 mismatches=0
[    6.8117] LOG: POOL2PROBE_READY arm=0 vertices=96 repeats=2 completed=2 warmBypass=0
[    6.8117] (VMManager) Pausing...
[    6.8519] PINE: New client with FD 14 connected.
[    6.8522] PINE: Client disconnected.
[    6.9721] PINE: New client with FD 14 connected.
[    6.9727] OSD [SaveStateSlot186]: Saving state to slot 186...
[    7.0023]   Saving SPU2
[    7.0028]   Saving GS
[    7.1184] OSD [SaveStateSlot186]: Saved state to slot 186.
[    7.1184] Zipping save state to '/home/spider/pool-lattice-probe-a96-arm0-repeat2-20261005-v1/profile/PCSX2/sstates/vehicle-playground (57773078).186.p2s' took 109.57 ms
[    8.2590] PINE: Client disconnected.
