[    0.0173] Program Path: /home/spider/tyrax2-debugger-linux-v1/squashfs-root/usr/bin/pcsx2-qt
[    0.0174] AppRoot Directory: /home/spider/tyrax2-debugger-linux-v1/squashfs-root/usr/bin
[    0.0174] Resources Directory: /home/spider/tyrax2-debugger-linux-v1/squashfs-root/usr/bin/resources
[    0.0174] DataRoot Directory: /home/spider/pool-lattice-probe-a96-arm1-repeat3-20261005-v1/profile/PCSX2
[    0.0174] Loading config from /home/spider/pool-lattice-probe-a96-arm1-repeat3-20261005-v1/profile/PCSX2/inis/PCSX2.ini.
[    0.0177] Loading secrets from /home/spider/pool-lattice-probe-a96-arm1-repeat3-20261005-v1/profile/PCSX2/inis/secrets.ini.
[    0.0180] BIOS Directory: /mnt/c/Users/pawel/OneDrive/Documents/PCSX2/bios
[    0.0180] Snapshots Directory: /home/spider/pool-lattice-probe-a96-arm1-repeat3-20261005-v1/profile/PCSX2/snaps
[    0.0181] Savestates Directory: /home/spider/pool-lattice-probe-a96-arm1-repeat3-20261005-v1/profile/PCSX2/sstates
[    0.0181] MemoryCards Directory: /home/spider/pool-lattice-probe-a96-arm1-repeat3-20261005-v1/profile/PCSX2/memcards
[    0.0181] Logs Directory: /home/spider/pool-lattice-probe-a96-arm1-repeat3-20261005-v1/profile/PCSX2/logs
[    0.0181] Cheats Directory: /home/spider/pool-lattice-probe-a96-arm1-repeat3-20261005-v1/profile/PCSX2/cheats
[    0.0181] Patches Directory: /home/spider/pool-lattice-probe-a96-arm1-repeat3-20261005-v1/profile/PCSX2/patches
[    0.0181] Covers Directory: /home/spider/pool-lattice-probe-a96-arm1-repeat3-20261005-v1/profile/PCSX2/covers
[    0.0181] Game Settings Directory: /home/spider/pool-lattice-probe-a96-arm1-repeat3-20261005-v1/profile/PCSX2/gamesettings
[    0.0181] Resources Directory: /home/spider/tyrax2-debugger-linux-v1/squashfs-root/usr/bin/resources
[    0.0181] User Resources Directory: /home/spider/pool-lattice-probe-a96-arm1-repeat3-20261005-v1/profile/PCSX2/resources
[    0.0181] Cache Directory: /home/spider/pool-lattice-probe-a96-arm1-repeat3-20261005-v1/profile/PCSX2/cache
[    0.0181] Textures Directory: /home/spider/pool-lattice-probe-a96-arm1-repeat3-20261005-v1/profile/PCSX2/textures
[    0.0181] Input Profile Directory: /home/spider/pool-lattice-probe-a96-arm1-repeat3-20261005-v1/profile/PCSX2/inputprofiles
[    0.0181] Video Dumping Directory: /home/spider/pool-lattice-probe-a96-arm1-repeat3-20261005-v1/profile/PCSX2/videos
[    0.0181] Debugger Layouts Directory: /home/spider/pool-lattice-probe-a96-arm1-repeat3-20261005-v1/profile/PCSX2/inis/debuggerlayouts
[    0.0181] Debugger Settings Directory: /home/spider/pool-lattice-probe-a96-arm1-repeat3-20261005-v1/profile/PCSX2/inis/debuggersettings
[    0.0346] Loaded translation file for language en-US
[    0.0417] PCSX2 v2.9.93
[    0.0418] Savestate version: 0x9a590000
[    0.0418] 
[    0.0418] 
[    0.0418] Host Machine Init:
[    0.0419]   Operating System = Ubuntu 22.04
[    0.0419]   Available RAM    = 49084 MB (47.93 GB)
[    0.0419]   Physical RAM     = 50191 MB (49.02 GB)
[    0.0419] 
[    0.0419]   Processor        = AMD Ryzen Threadripper 1920X
[    0.0419]   Core Count       = 24 cores
[    0.0419]   Thread Count     = 24 threads
[    0.0419]   Cluster Count    = 1 clusters
[    0.0419] CPU Extensions Detected:
[    0.0419]   AVX AVX2
[    0.0419] 
[    0.0419] Allocating host memory for virtual systems...
[    0.0427]   EE Main Memory                   @ 0x00007F14A7200000 -> 0x00007F14B0100000 [143mb]
[    0.0427]   IOP Main Memory                  @ 0x00007F14B0100000 -> 0x00007F14B8200000 [129mb]
[    0.0427]   VU0/1 On-Chip Memory             @ 0x00007F14B8200000 -> 0x00007F14B8300000 [1mb]
[    0.0427]   VTLB Virtual Map                 @ 0x00007F14B8300000 -> 0x00007F14B8B00000 [8mb]
[    0.0427]   VTLB Address Map                 @ 0x00007F14B8B00000 -> 0x00007F14B8F00000 [4mb]
[    0.0427]   R5900 Recompiler Cache           @ 0x00007F14B8F00000 -> 0x00007F14BCF00000 [64mb]
[    0.0427]   R3000A Recompiler Cache          @ 0x00007F14BCF00000 -> 0x00007F14BEF00000 [32mb]
[    0.0427]   Micro VU0 Recompiler Cache       @ 0x00007F14BFF00000 -> 0x00007F14C3F00000 [64mb]
[    0.0427]   Micro VU1 Recompiler Cache       @ 0x00007F14C3F00000 -> 0x00007F14C7F00000 [64mb]
[    0.0427]   VIF0 Unpack Recompiler Cache     @ 0x00007F14BEF00000 -> 0x00007F14BF700000 [8mb]
[    0.0428]   VIF1 Unpack Recompiler Cache     @ 0x00007F14BF700000 -> 0x00007F14BFF00000 [8mb]
[    0.0428]   VIF Unpack Recompiler Cache      @ 0x00007F14C7F00000 -> 0x00007F14C8000000 [1mb]
[    0.0428]   GS Software Renderer             @ 0x00007F14C8000000 -> 0x00007F14CC000000 [64mb]
[    0.0450] Fastmem area: 0x7f13a7200000 - 0x7f14a71fffff
[    0.0478] Generating SSE-optimized unpacking functions for VIF interpreters...
[    0.0481] Unpack function generation complete.  Generated function statistics:
[    0.0481]   Reserved buffer    : 1048576 bytes @ 0x00007F14C7F00000
[    0.0481]   x86 code generated : 7422 bytes
[    0.0481] 
[    0.0485] SDLInputSource: Using Controller DB from resources.
[    0.0687] SDLInputSource: 765 gamepad mappings are loaded.
[    0.0688] Invalid binding: 'XInput-0/DPadUp'
[    0.0688] Invalid binding: 'XInput-0/DPadRight'
[    0.0688] Invalid binding: 'XInput-0/DPadDown'
[    0.0688] Invalid binding: 'XInput-0/DPadLeft'
[    0.0688] Invalid binding: 'XInput-0/Y'
[    0.0688] Invalid binding: 'XInput-0/B'
[    0.0688] Invalid binding: 'XInput-0/A'
[    0.0688] Invalid binding: 'XInput-0/X'
[    0.0688] Invalid binding: 'XInput-0/Back'
[    0.0688] Invalid binding: 'XInput-0/Start'
[    0.0688] Invalid binding: 'XInput-0/LeftShoulder'
[    0.0689] Invalid binding: 'XInput-0/+LeftTrigger'
[    0.0689] Invalid binding: 'XInput-0/RightShoulder'
[    0.0689] Invalid binding: 'XInput-0/+RightTrigger'
[    0.0689] Invalid binding: 'XInput-0/LeftStick'
[    0.0689] Invalid binding: 'XInput-0/RightStick'
[    0.0689] Invalid binding: 'XInput-0/Guide'
[    0.0689] Invalid binding: 'XInput-0/-LeftY'
[    0.0689] Invalid binding: 'XInput-0/+LeftX'
[    0.0689] Invalid binding: 'XInput-0/+LeftY'
[    0.0689] Invalid binding: 'XInput-0/-LeftX'
[    0.0689] Invalid binding: 'XInput-0/-RightY'
[    0.0689] Invalid binding: 'XInput-0/+RightX'
[    0.0689] Invalid binding: 'XInput-0/+RightY'
[    0.0689] Invalid binding: 'XInput-0/-RightX'
[    0.0694] Settings: Advanced Settings are enabled; only proceed if you know what you're doing! No support will be provided if you have the option enabled.
[    0.1164] Scanning F:\PS2\Games (recursively)
[    0.2206] Loading BIOS...
[    0.2332] BIOS Found: Europe  v02.00(14/06/2004)  Console 20040614-100914
[    0.3010] Mechacon version: 0x00020603
[    0.3026] Opening CDVD...
[    0.3376] Initializing Elf: 4470780 bytes
[    0.3382] Disc changed to .
[    0.3382]   Name: vehicle-playground [?]
[    0.3382]   Serial: vehicle-playground
[    0.3382]   Version: 
[    0.3382]   CRC: 57773078
[    0.3382] No game settings found (tried '/home/spider/pool-lattice-probe-a96-arm1-repeat3-20261005-v1/profile/PCSX2/gamesettings/57773078.ini')
[    0.3382] Applying settings...
[    0.3385] Invalid binding: 'XInput-0/DPadUp'
[    0.3385] Invalid binding: 'XInput-0/DPadRight'
[    0.3385] Invalid binding: 'XInput-0/DPadDown'
[    0.3385] Invalid binding: 'XInput-0/DPadLeft'
[    0.3385] Invalid binding: 'XInput-0/Y'
[    0.3385] Invalid binding: 'XInput-0/B'
[    0.3385] Invalid binding: 'XInput-0/A'
[    0.3385] Invalid binding: 'XInput-0/X'
[    0.3385] Invalid binding: 'XInput-0/Back'
[    0.3385] Invalid binding: 'XInput-0/Start'
[    0.3385] Invalid binding: 'XInput-0/LeftShoulder'
[    0.3385] Invalid binding: 'XInput-0/+LeftTrigger'
[    0.3386] Invalid binding: 'XInput-0/RightShoulder'
[    0.3386] Invalid binding: 'XInput-0/+RightTrigger'
[    0.3386] Invalid binding: 'XInput-0/LeftStick'
[    0.3386] Invalid binding: 'XInput-0/RightStick'
[    0.3386] Invalid binding: 'XInput-0/Guide'
[    0.3386] Invalid binding: 'XInput-0/-LeftY'
[    0.3386] Invalid binding: 'XInput-0/+LeftX'
[    0.3386] Invalid binding: 'XInput-0/+LeftY'
[    0.3386] Invalid binding: 'XInput-0/-LeftX'
[    0.3386] Invalid binding: 'XInput-0/-RightY'
[    0.3386] Invalid binding: 'XInput-0/+RightX'
[    0.3387] Invalid binding: 'XInput-0/+RightY'
[    0.3387] Invalid binding: 'XInput-0/-RightX'
[    0.3388] GameDB: Has not been initialized yet, initializing...
[    0.3841] GameDB: 12841 games on record (loaded in 45.26ms)
[    0.3870] Reopening memory cards...
[    0.3870] (FileMcd) Creating new 8MB memory card: /home/spider/pool-lattice-probe-a96-arm1-repeat3-20261005-v1/profile/PCSX2/memcards/Mcd001.ps2
[    0.3966] McdSlot 0 [File]: Mcd001.ps2 [8 MB, UNFORMATTED]
[    0.3966] McdSlot 1 [File]: [disabled/empty filename]
[    0.4013] HLE Host: Set 'host:' root path to: /mnt/f/Projects/tyrax2-lab-20261001/wild-pool-lattice-probe-physical-v1/game/bin
[    0.4014] EE/iR5900 Recompiler Reset
[    0.4457] iR3000A Recompiler reset.
[    0.4626] Resetting host memory for virtual systems...
[    0.7121] Time Zone Offset: GMT+01:00
[    0.7122] Time Zone Location: Berlin
[    0.7122] DST: Winter Time
[    0.7122] Time Format: 24-Hour
[    0.7122] Date Format: DD/MM/YYYY
[    0.7122] System Time Basis: Operating System Time
[    0.7122] Resulting System Time: 2026-10-05 13:40:59
[    0.7122] Close virtual disk tray
[    0.7122] Media already loaded (fast boot)
[    0.7122] Opening GS...
[    0.7508] VK: Enabling extension: VK_KHR_get_surface_capabilities2
[    0.7617] Using Vulkan GPU 'llvmpipe (LLVM 15.0.7, 256 bits)' for automatic renderer check.
[    0.7617] Not using Vulkan for software renderer.
[    0.7619] acquireRenderWindow() recreate=true fullscreen=false render_to_main=true surfaceless=false
[    0.7645] (GetRefreshRateFromXRandR) Modeline is invalid: 0/0/0
[    0.7646] Surface refresh rate: 60 Hz
[    0.7652] Loading EGL from libEGL.so...
[    0.7666] GLAD EGL Version: 1.0
[    0.7666] Using EGL platform EGL_EXT_platform_x11.
[    0.7752] eglInitialize() version: 1.5
[    0.7753] GLAD EGL Version: 1.5
[    0.7753] Trying GL version 4.6
[    0.7754] eglCreateContext() failed: 0x3009
[    0.7754] Trying GL version 4.5
[    0.7868] Got GL version 4.5
[    0.7868] EGL_MIN_SWAP_INTERVAL = 1
[    0.7868] EGL_MAX_SWAP_INTERVAL = 1
[    0.7868] Negative swap interval/tear-control is NOT supported
[    0.7895] GL_VENDOR: Mesa
[    0.7895] GL_VERSION: 4.5 (Core Profile) Mesa 23.2.1-1ubuntu3.1~22.04.4
[    0.7895] GL_RENDERER: llvmpipe (LLVM 15.0.7, 256 bits)
[    0.7895] GL_SHADING_LANGUAGE_VERSION: 4.50
[    0.7895] GL_MAX_VERTEX_SHADER_STORAGE_BLOCKS: 16
[    0.7896] GL: Viewport Array:            Supported       => Using: GL_ARB_viewport_array
[    0.7896] GL: Direct State Access:       Supported       => Using: OpenGL 4.5 Core
[    0.7896] GL: Copy Image:                Supported       => Using: OpenGL 4.3 Core
[    0.7896] GL: Clip Control:              Supported       => Using: OpenGL 4.5 Core
[    0.7896] GL: Conservative Depth:        Supported       => Using: OpenGL 4.2 Core
[    0.7896] GL: CAS Sharpening:            Supported       => Using: OpenGL 4.2 Core
[    0.7896] GL: Texture Barriers:          Auto            => Using: Framebuffer Fetch
[    0.7896] GL: RGBA16 HW Blending:        Supported       => Using: RGBA16 UNORM
[    0.7896] GL: Point Expansion:           Supported       => Using: Hardware
[    0.7896] GL: Line Expansion:            Fallback        => Using: Vertex Expansion
[    0.7896] GL: Sprite Expansion:          Supported       => Using: Vertex Expansion
[    0.7896] GL: DXTn Texture Compression:  Supported       => Using: GL_EXT_texture_compression_s3tc
[    0.7896] GL: BC6/7 Texture Compression: Supported       => Using: OpenGL 4.2 Core
[    0.7994] 1 program binary formats supported by driver
[    0.8434] Program binary retrieved, 4105 bytes, format 34655
[    0.8438] Program binary retrieved, 4121 bytes, format 34655
[    0.8442] Program binary retrieved, 4249 bytes, format 34655
[    0.8446] Program binary retrieved, 4013 bytes, format 34655
[    0.8451] Program binary retrieved, 4013 bytes, format 34655
[    0.8454] Program binary retrieved, 4017 bytes, format 34655
[    0.8458] Program binary retrieved, 4017 bytes, format 34655
[    0.8462] Program binary retrieved, 4185 bytes, format 34655
[    0.8466] Program binary retrieved, 4217 bytes, format 34655
[    0.8470] Program binary retrieved, 4137 bytes, format 34655
[    0.8474] Program binary retrieved, 4125 bytes, format 34655
[    0.8478] Program binary retrieved, 4121 bytes, format 34655
[    0.8483] Program binary retrieved, 4253 bytes, format 34655
[    0.8490] Program binary retrieved, 4237 bytes, format 34655
[    0.8493] Program binary retrieved, 4245 bytes, format 34655
[    0.8497] Program binary retrieved, 4261 bytes, format 34655
[    0.8502] Program binary retrieved, 4965 bytes, format 34655
[    0.8507] Program binary retrieved, 4981 bytes, format 34655
[    0.8510] Program binary retrieved, 4261 bytes, format 34655
[    0.8514] Program binary retrieved, 4277 bytes, format 34655
[    0.8519] Program binary retrieved, 5005 bytes, format 34655
[    0.8524] Program binary retrieved, 5021 bytes, format 34655
[    0.8528] Program binary retrieved, 4257 bytes, format 34655
[    0.8532] Program binary retrieved, 4273 bytes, format 34655
[    0.8538] Program binary retrieved, 5001 bytes, format 34655
[    0.8542] Program binary retrieved, 5017 bytes, format 34655
[    0.8546] Program binary retrieved, 4277 bytes, format 34655
[    0.8550] Program binary retrieved, 4293 bytes, format 34655
[    0.8555] Program binary retrieved, 5057 bytes, format 34655
[    0.8560] Program binary retrieved, 5073 bytes, format 34655
[    0.8563] Program binary retrieved, 4153 bytes, format 34655
[    0.8567] Program binary retrieved, 4169 bytes, format 34655
[    0.8571] Program binary retrieved, 4233 bytes, format 34655
[    0.8576] Program binary retrieved, 5781 bytes, format 34655
[    0.8581] Program binary retrieved, 5373 bytes, format 34655
[    0.8587] Program binary retrieved, 6389 bytes, format 34655
[    0.8591] Program binary retrieved, 4917 bytes, format 34655
[    0.8595] Program binary retrieved, 4845 bytes, format 34655
[    0.8600] Program binary retrieved, 4997 bytes, format 34655
[    0.8603] Program binary retrieved, 4101 bytes, format 34655
[    0.8637] Program binary retrieved, 4137 bytes, format 34655
[    0.8675] Program binary retrieved, 4109 bytes, format 34655
[    0.8679] Program binary retrieved, 5389 bytes, format 34655
[    0.8684] Program binary retrieved, 5829 bytes, format 34655
[    0.8688] Program binary retrieved, 5857 bytes, format 34655
[    0.8692] Program binary retrieved, 4289 bytes, format 34655
[    0.8719] Program binary retrieved, 21205 bytes, format 34655
[    0.8723] Program binary retrieved, 4765 bytes, format 34655
[    0.8728] Program binary retrieved, 5685 bytes, format 34655
[    0.8731] Program binary retrieved, 4141 bytes, format 34655
[    0.8734] Program binary retrieved, 4537 bytes, format 34655
[    0.8738] Program binary retrieved, 4889 bytes, format 34655
[    0.8741] Program binary retrieved, 4117 bytes, format 34655
[    0.8745] Program binary retrieved, 4741 bytes, format 34655
[    0.8750] Program binary retrieved, 4965 bytes, format 34655
[    0.8756] Program binary retrieved, 6613 bytes, format 34655
[    0.8760] Program binary retrieved, 4797 bytes, format 34655
[    0.8777] Program binary retrieved, 13085 bytes, format 34655
[    0.8845] Program binary retrieved, 7285 bytes, format 34655
[    0.8905] Program binary retrieved, 5497 bytes, format 34655
[    0.8908] Program binary retrieved, 4141 bytes, format 34655
[    0.8912] Program binary retrieved, 4141 bytes, format 34655
[    0.8916] Program binary retrieved, 4145 bytes, format 34655
[    0.8921] Program binary retrieved, 4145 bytes, format 34655
[    0.9441] Program binary retrieved, 5369 bytes, format 34655
[    0.9459] OpenGL Graphics Driver Info:
[    0.9459] OpenGL Context:
[    0.9459] 4.5 (Core Profile) Mesa 23.2.1-1ubuntu3.1~22.04.4
[    0.9459] Mesa llvmpipe (LLVM 15.0.7, 256 bits)
[    0.9459] GLSL: 4.50
[    0.9492] Processor count: 24 cores, 24 processors, 1 clusters
[    0.9492] Ordered processor list: 12, 23, 22, 21, 20, 19, 18, 17, 16, 15, 14, 13, 0, 11, 10, 9, 8, 7, 6, 5, 4, 3, 2, 1
[    0.9492] Not pinning SW threads, we need 4 processors, but only have 0
[    0.9496] Opening SPU2...
[    0.9498] Creating Null audio stream, sample rate = 48000, expansion = Disabled, buffer = 50, latency = 32, stretching enabled, driver = wasapi, device = 
[    0.9498] Allocated buffer of 2432 frames for buffer of 50 ms [expansion Disabled (block size 2048), stretch disabled, target size 2432].
[    0.9498] Initializing Pad...
[    0.9499] Initializing SIO2...
[    0.9499] Initializing SIO0...
[    0.9499] Opening DEV9...
[    0.9499] DEV9: DEV9init
[    0.9502] DEV9: DEV9init2
[    0.9502] DEV9: DEV9init3
[    0.9550] DEV9: DEV9init ok
[    0.9550] DEV9: DEV9open
[    0.9550] Opening USB...
[    0.9551] Opening FW...
[    0.9554] Frame rate: 59.94, target speed: 1, target frame rate: 59.94, ticks per frame: 16683350
[    0.9589] VM subsystems initialized in 743.09 ms
[    0.9616] MultiPause time: 142ns
[    0.9617] MultiPause time: 142ns
[    0.9618] MultiPause time: 142ns
[    0.9620] MultiPause time: 162ns
[    0.9693] Failed to inhibit screen saver.
[    0.9693] Processor order assignment: EE=12, VU=23, GS=23
[    0.9693]   EE thread is on processor 12 (0x1000)
[    0.9695]   GS thread is on processor 23 (0x800000)
[    0.9796] Failed to inhibit screen saver.
[    1.0054] # Initialize memory (rev:3.70, ctm:197Mhz, cpuclk:147Mhz detected)
[    1.0138] R3000 Debugger: Branch to 0x890 (SYSMEM). Clearing modules.
[    1.0154] RegisterLibraryEntries: excepman version 1.01
[    1.0164] RegisterLibraryEntries:  intrman version 1.02
[    1.0165] RegisterLibraryEntries:   ssbusc version 1.01
[    1.0168] RegisterLibraryEntries:  dmacman version 1.02
[    1.0172] RegisterLibraryEntries:  timrman version 1.01
[    1.0176] RegisterLibraryEntries:  sysclib version 1.01
[    1.0177] RegisterLibraryEntries:    stdio version 1.01
[    1.0178] RegisterLibraryEntries:  heaplib version 1.01
[    1.0182] FW: read mem 0x1f80847c: 0x10000001
[    1.0183] FW: write mem 0x1f808414: 0x417f0000
[    1.0183] FW: read mem 0x1f808400: 0xffc00001
[    1.0183] FW: write mem 0x1f80844c: 0xffffffff
[    1.0183] FW: write mem 0x1f808420: 0xffffffff
[    1.0183] FW: write mem 0x1f808428: 0xffffffff
[    1.0183] FW: write mem 0x1f808430: 0xffffffff
[    1.0194] RegisterLibraryEntries:   thbase version 1.01
[    1.0194] RegisterLibraryEntries:  thevent version 1.01
[    1.0195] RegisterLibraryEntries:  thsemap version 1.01
[    1.0195] RegisterLibraryEntries:  thmsgbx version 1.01
[    1.0195] RegisterLibraryEntries:  thfpool version 1.01
[    1.0196] RegisterLibraryEntries:  thvpool version 1.01
[    1.0203] RegisterLibraryEntries:   vblank version 1.01
[    1.0208] RegisterLibraryEntries:    ioman version 1.02
[    1.0215] RegisterLibraryEntries:  modload version 1.01
[    1.0219] RegisterLibraryEntries:   romdrv version 2.01
[    1.0221] RegisterLibraryEntries:    stdio version 1.02
[    1.0225] RegisterLibraryEntries:   sifman version 1.01
[    1.0227] 
[    1.0227] PlayStation 2 ======== Hard reset boot
[    1.0229]  ROMGEN=2004-0614, IOP info (CPUID=1f, CACH_CONFIG=0, 2MB, IOP mode)
[    1.0231]  <20040614-100914,ROMconf,PS20200EC20040614.bin:11696>
[    1.0337] # Total accessable memory size: 32 MB (B:2:8:0) (370:2:7c30)
[    1.0348] # TLB spad=0 kernel=1:12 default=13:30 extended=31:38
[    1.1080] # Initialize Start.
[    1.1089] # Initialize GS ...
[    1.1089] # Initialize INTC ...
[    1.1089] # Initialize TIMER ...
[    1.1090] # Initialize DMAC ...
[    1.1093] # Initialize VU1 ...
[    1.1095] # Initialize VIF1 ...
[    1.1096] # Initialize GIF ...
[    1.1096] # Initialize VU0 ...
[    1.1099] # Initialize VIF0 ...
[    1.1099] # Initialize IPU ...
[    1.1101] # Initialize FPU ...
[    1.1101] # Initialize User Memory ...
[    1.1706] # Initialize Scratch Pad ...
[    1.1707] # Initialize Done.
[    1.1716] 
[    1.1716] EE DECI2 Manager version 0.06 Feb  6 2003 08:38:48
[    1.1716]   CPUID=2e20, BoardID=0, ROMGEN=2004-0614, 32M
[    1.1716] 
[    1.1719] RegisterLibraryEntries:   sifcmd version 1.01
[    1.2067] Initializing Elf: 4470780 bytes
[    1.2097] ELF Loading: host:vehicle-playground.elf, Game CRC = 57773078, EntryPoint = 0x00100E78
[    1.2126] RegisterLibraryEntries:  cdvdman version 1.01
[    1.2166] Imported 823 symbols.
[    1.2204] RegisterLibraryEntries:  cdvdfsv version 1.01
[    1.2220] RegisterLibraryEntries:  secrman version 1.03
[    1.2221] RegisterLibraryEntries:   eesync version 1.01
[    1.2222] 
[    1.2222] IOP Realtime Kernel Ver.0.9.1
[    1.2222]     Copyright 1999 (C) Sony Computer Entertainment Inc. 
[    1.2228] Reboot service module.(99/11/10)
[    1.2251] cdvd driver module version 0.1.1 (C)SCEI
[    1.2256] Load File service.(99/11/05)
[    1.2257] Multi Threaded Fileio module.(99/11/15) 
[    1.2258] iop heap service (99/11/03)
[    1.2412] loadelf: fname host:vehicle-playground.elf secname all
[    1.2413] loadelf version 3.30
[    1.2432] Input ELF format filename = host:vehicle-playground.elf
[    1.2662] PINE: New client with FD 14 connected.
[    1.2665] PINE: Client disconnected.
[    1.2885] 1 00100000 003f77bc ................................................................
[    1.2885] Loaded, host:vehicle-playground.elf
[    1.2886] start address 0x100e78
[    1.2886] gp address 00000000
[    1.2894] (VMManager) Pausing...
[    1.2896] (VMManager) Resuming...
[    1.3019] Failed to inhibit screen saver.
[    1.3020] EE/iR5900 Recompiler Reset
[    1.3209] # Restart Without Memory Clear.
[    1.3320] # Initialize GS ...
[    1.3320] # Initialize INTC ...
[    1.3320] # Initialize TIMER ...
[    1.3321] # Initialize DMAC ...
[    1.3322] # Initialize VU1 ...
[    1.3323] # Initialize VIF1 ...
[    1.3324] # Initialize GIF ...
[    1.3324] # Initialize VU0 ...
[    1.3325] # Initialize VIF0 ...
[    1.3326] # Initialize IPU ...
[    1.3327] # Initialize FPU ...
[    1.3327] # Initialize Scratch Pad ...
[    1.3328] # Restart Without Memory Clear Done.
[    1.3330] ELF host:vehicle-playground.elf with entry point at 0x00100E78 is executing.
[    1.3331] ELF changed, active CRC 57773078 (host:vehicle-playground.elf)
[    1.3334] Applying core settings...
[    1.3335] Debugger Settings Manager: Failed to read Saved Addresses array from settings file: '/home/spider/pool-lattice-probe-a96-arm1-repeat3-20261005-v1/profile/PCSX2/inis/debuggersettings/vehicle-playground_57773078.json'
[    1.3335] Debugger Settings Manager: Failed to read Saved Addresses array from settings file: '/home/spider/pool-lattice-probe-a96-arm1-repeat3-20261005-v1/profile/PCSX2/inis/debuggersettings/vehicle-playground_57773078.json'
[    1.3340] Updating CPU configuration...
[    1.3341] iR3000A Recompiler reset.
[    1.3577] iR3000A Recompiler reset.
[    1.3646] EE/iR5900 Recompiler Reset
[    1.3672] PINE: New client with FD 14 connected.
[    1.3677] PINE: Client disconnected.
[    1.3799] (VMManager) Pausing...
[    1.3801] EE/iR5900 Recompiler Reset
[    1.3993] EE/iR5900 Recompiler Reset
[    1.4167] iR3000A Recompiler reset.
[    1.4205] EE/iR5900 Recompiler Reset
[    1.4386] iR3000A Recompiler reset.
[    1.4423] EE/iR5900 Recompiler Reset
[    1.4606] iR3000A Recompiler reset.
[    1.4646] EE/iR5900 Recompiler Reset
[    1.4685] PINE: New client with FD 14 connected.
[    1.4688] PINE: Client disconnected.
[    1.4839] iR3000A Recompiler reset.
[    1.4894] EE/iR5900 Recompiler Reset
[    1.6125] PINE: New client with FD 14 connected.
[    1.6130] OSD [SaveStateSlot140]: Saving state to slot 140...
[    1.6454]   Saving SPU2
[    1.6462]   Saving GS
[    1.7454] OSD [SaveStateSlot140]: Saved state to slot 140.
[    1.7454] Zipping save state to '/home/spider/pool-lattice-probe-a96-arm1-repeat3-20261005-v1/profile/PCSX2/sstates/vehicle-playground (57773078).140.p2s' took 93.25 ms
[    2.9338] PINE: Client disconnected.
[    3.4387] PINE: New client with FD 14 connected.
[    3.4441] (VMManager) Resuming...
[    3.4558] Failed to inhibit screen saver.
[    3.4573] BIOS: Successfully found the instruction pattern. Assuming the thread list is here: 8001a640
[    3.4610] Warning: GetOsdConfigParam2 Reading extended language/version configs, may be incorrect!
[    3.4713] read/write allocate memory 4000
[    3.4714] open name host:/ps2link.run flag 1 data 41378
[    3.4721] open fd = -5
[    3.4762] Get Reboot Request From EE
[    3.4776] R3000 Debugger: Branch to 0x890 (SYSMEM). Clearing modules.
[    3.4796] RegisterLibraryEntries: excepman version 1.01
[    3.4808] RegisterLibraryEntries:  intrman version 1.02
[    3.4809] RegisterLibraryEntries:   ssbusc version 1.01
[    3.4815] RegisterLibraryEntries:  dmacman version 1.02
[    3.4820] RegisterLibraryEntries:  timrman version 1.01
[    3.4824] RegisterLibraryEntries:  sysclib version 1.01
[    3.4825] RegisterLibraryEntries:    stdio version 1.01
[    3.4827] RegisterLibraryEntries:  heaplib version 1.01
[    3.4849] RegisterLibraryEntries:   thbase version 1.01
[    3.4850] RegisterLibraryEntries:  thevent version 1.01
[    3.4851] RegisterLibraryEntries:  thsemap version 1.01
[    3.4851] RegisterLibraryEntries:  thmsgbx version 1.01
[    3.4851] RegisterLibraryEntries:  thfpool version 1.01
[    3.4852] RegisterLibraryEntries:  thvpool version 1.01
[    3.4862] RegisterLibraryEntries:   vblank version 1.01
[    3.4867] RegisterLibraryEntries:    ioman version 1.02
[    3.4879] RegisterLibraryEntries:  modload version 1.01
[    3.4971] RegisterLibraryEntries:   romdrv version 2.01
[    3.4975] RegisterLibraryEntries:    stdio version 1.02
[    3.4980] RegisterLibraryEntries:   sifman version 1.01
[    3.4984] 
[    3.4984] PlayStation 2 ======== Soft reboot
[    3.4992] RegisterLibraryEntries:   sifcmd version 1.01
[    3.5029] RegisterLibraryEntries:  cdvdman version 1.01
[    3.5046] RegisterLibraryEntries:  cdvdfsv version 1.01
[    3.5117] RegisterLibraryEntries:  secrman version 1.03
[    3.5119] RegisterLibraryEntries:   eesync version 1.01
[    3.5121] 
[    3.5121] IOP Realtime Kernel Ver.0.9.1
[    3.5121]     Copyright 1999 (C) Sony Computer Entertainment Inc. 
[    3.5126] Reboot service module.(99/11/10)
[    3.5148] [EE] Skipping timeout loop at 0x002D52D0 -> 0x002D52F0
[    3.5148] cdvd driver module version 0.1.1 (C)SCEI
[    3.5152] Load File service.(99/11/05)
[    3.5153] Multi Threaded Fileio module.(99/11/15) 
[    3.5153] iop heap service (99/11/03)
[    3.5328] RegisterLibraryEntries:   iomanx version 1.01
[    3.5340] fileXio: fileXio: fileXio RPC Server v1.00
[    3.5341] Copyright (c) 2003 adresd
[    3.5343] RegisterLibraryEntries:  sio2man version 2.07
[    3.5344] RegisterLibraryEntries:  sio2man version 1.02
[    3.5351] RegisterLibraryEntries:   padman version 1.02
[    3.5353] Pad Driver for OSD
[    3.5357] FREESD v1.01
[    3.5357] RegisterLibraryEntries:    libsd version 1.04
[    3.5449] PINE: Client disconnected.
[    3.5491] debug_level = 1 (ps2snd 0.1
[    3.5498] greetings from version 0.93 !
[    3.5499] RegisterLibraryEntries:   audsrv version 1.04
[    3.5499] audsrv_adpcm_init()
[    3.5511] UpdateVSyncRate: Mode Changed to SDTV 480p.
[    3.5511] Frame rate: 59.94, target speed: 1, target frame rate: 59.94, ticks per frame: 16683350
[    3.5511] Set GS CRTC configuration. SDTV   720x480 @ 59.94 Progressive (FRAME)
[    5.6217] read/write allocate memory 4000
[    5.6219] 
[    5.6222] -----------------------------------------
[    5.6223]         _____        ____   ___
[    5.6223]           |     /   ____| |___|
[    5.6224]           |     |   |     |   |
[    5.6225] -----------------------------------------
[    5.6225] Copyright 2022
[    5.6226] Repository: https://github.com/h4570/tyra
[    5.6226] Licensed under Apache License 2.0
[    5.6230] Version: 2.2.0
[    5.6230] -----------------------------------------
[    5.6231] 
[    5.7886] audsrv_adpcm_init()
[    5.7896] [EE] Skipping timeout loop at 0x00102CB0 -> 0x00102CD0
[    5.8215] Curent pad(0,0) status: EXECCMD
[    6.0189] Pad: DS2 Config Finished - P1/S1 - AL: Off - AB: Usable - VS: Disabled - VL: Disabled - RB: D (0x00000000)
[    6.0527] Curent pad(0,0) status: EXECCMD
[    6.1197] Pad: DS2 Config Finished - P1/S1 - AL: On - AB: Locked - VS: Disabled - VL: Disabled - RB: D (0x00000000)
[    6.3197] Pad: DS2 Config Finished - P1/S1 - AL: On - AB: Locked - VS: Disabled - VL: Disabled - RB: D (0x00000000)
[    6.3527] Curent pad(0,0) status: EXECCMD
[    6.6194] Pad: DS2 Config Finished - P1/S1 - AL: On - AB: Locked - VS: Disabled - VL: Disabled - RB: D+A+P (0x0003FFFF)
[    6.8195] Pad: DS2 Config Finished - P1/S1 - AL: On - AB: Locked - VS: Disabled - VL: Disabled - RB: D+A+P (0x0003FFFF)
[    6.8562] open name host:/pool2-probe.cfg flag 1 data 41378
[    6.8575] open fd = 256
[    6.8628] open name host:/hud/flare-corona.png flag 1 data 41378
[    6.8647] open fd = 256
[    6.8882] LOG: POOL2PROBE_CONFIG arm=1 vertices=96 members=1 repeats=3 package=75 alpha=128
[    6.8884] LOG: POOL2EEPROBE_CONFIG kind=8 clip=0 lazy=1 table=1 lattice=1 oracle=0
[    6.8895] FRAMEARENA allocated=1 bytes=1048576
[    6.9015] microVU1: Cached Prog = [000] [PC=18e0] [List=01] (Cache=0.000%) [0.0mb]
[    6.9026] microVU1: 3 cycle stall on branch instruction [2008]
[    6.9038] microVU1: Branch Optimization
[    6.9039] microVU1: Cached Prog = [001] [PC=2750] [List=01] (Cache=0.280%) [0.2mb]
[    6.9047] microVU1: 3 cycle stall on branch instruction [2008]
[    6.9059] microVU1: Branch Optimization
[    6.9171] LOG: POOL2EEPROBE_SOURCE clip=0 ready=0 total=96 generation=1 coldOracle=0
[    6.9172] LOG: POOL2PROBE_FRAME frame=1 cold=1 arm=1 eligible=0 applied=0 compared=0 mismatches=0
[    6.9318] LOG: POOL2EEPROBE_SOURCE clip=0 ready=0 total=96 generation=2 coldOracle=0
[    6.9319] LOG: POOL2PROBE_FRAME frame=2 cold=0 arm=1 eligible=0 applied=0 compared=0 mismatches=0
[    6.9488] LOG: POOL2EEPROBE_SOURCE clip=0 ready=0 total=96 generation=3 coldOracle=0
[    6.9489] LOG: POOL2PROBE_FRAME frame=3 cold=0 arm=1 eligible=0 applied=0 compared=0 mismatches=0
[    6.9490] LOG: POOL2PROBE_READY arm=1 vertices=96 repeats=3 completed=3 warmBypass=0
[    6.9491] (VMManager) Pausing...
[    6.9727] PINE: New client with FD 14 connected.
[    6.9730] PINE: Client disconnected.
[    7.0942] PINE: New client with FD 14 connected.
[    7.0947] OSD [SaveStateSlot189]: Saving state to slot 189...
[    7.1252]   Saving SPU2
[    7.1261]   Saving GS
[    7.2334] OSD [SaveStateSlot189]: Saved state to slot 189.
[    7.2334] Zipping save state to '/home/spider/pool-lattice-probe-a96-arm1-repeat3-20261005-v1/profile/PCSX2/sstates/vehicle-playground (57773078).189.p2s' took 101.63 ms
[    8.3806] PINE: Client disconnected.
