[    0.0390] Program Path: /home/spider/tyrax2-debugger-linux-v1/squashfs-root/usr/bin/pcsx2-qt
[    0.0390] AppRoot Directory: /home/spider/tyrax2-debugger-linux-v1/squashfs-root/usr/bin
[    0.0390] Resources Directory: /home/spider/tyrax2-debugger-linux-v1/squashfs-root/usr/bin/resources
[    0.0391] DataRoot Directory: /home/spider/pool2-static-b192-arm0-repeat1-20261005/profile/PCSX2
[    0.0391] Loading config from /home/spider/pool2-static-b192-arm0-repeat1-20261005/profile/PCSX2/inis/PCSX2.ini.
[    0.0394] Loading secrets from /home/spider/pool2-static-b192-arm0-repeat1-20261005/profile/PCSX2/inis/secrets.ini.
[    0.0401] BIOS Directory: /mnt/c/Users/pawel/OneDrive/Documents/PCSX2/bios
[    0.0401] Snapshots Directory: /home/spider/pool2-static-b192-arm0-repeat1-20261005/profile/PCSX2/snaps
[    0.0402] Savestates Directory: /home/spider/pool2-static-b192-arm0-repeat1-20261005/profile/PCSX2/sstates
[    0.0402] MemoryCards Directory: /home/spider/pool2-static-b192-arm0-repeat1-20261005/profile/PCSX2/memcards
[    0.0402] Logs Directory: /home/spider/pool2-static-b192-arm0-repeat1-20261005/profile/PCSX2/logs
[    0.0402] Cheats Directory: /home/spider/pool2-static-b192-arm0-repeat1-20261005/profile/PCSX2/cheats
[    0.0402] Patches Directory: /home/spider/pool2-static-b192-arm0-repeat1-20261005/profile/PCSX2/patches
[    0.0402] Covers Directory: /home/spider/pool2-static-b192-arm0-repeat1-20261005/profile/PCSX2/covers
[    0.0402] Game Settings Directory: /home/spider/pool2-static-b192-arm0-repeat1-20261005/profile/PCSX2/gamesettings
[    0.0402] Resources Directory: /home/spider/tyrax2-debugger-linux-v1/squashfs-root/usr/bin/resources
[    0.0402] User Resources Directory: /home/spider/pool2-static-b192-arm0-repeat1-20261005/profile/PCSX2/resources
[    0.0402] Cache Directory: /home/spider/pool2-static-b192-arm0-repeat1-20261005/profile/PCSX2/cache
[    0.0402] Textures Directory: /home/spider/pool2-static-b192-arm0-repeat1-20261005/profile/PCSX2/textures
[    0.0402] Input Profile Directory: /home/spider/pool2-static-b192-arm0-repeat1-20261005/profile/PCSX2/inputprofiles
[    0.0402] Video Dumping Directory: /home/spider/pool2-static-b192-arm0-repeat1-20261005/profile/PCSX2/videos
[    0.0402] Debugger Layouts Directory: /home/spider/pool2-static-b192-arm0-repeat1-20261005/profile/PCSX2/inis/debuggerlayouts
[    0.0402] Debugger Settings Directory: /home/spider/pool2-static-b192-arm0-repeat1-20261005/profile/PCSX2/inis/debuggersettings
[    0.0555] Loaded translation file for language en-US
[    0.0974] PCSX2 v2.9.93
[    0.0974] Savestate version: 0x9a590000
[    0.0974] 
[    0.0975] 
[    0.0975] Host Machine Init:
[    0.0979]   Operating System = Ubuntu 22.04
[    0.0979]   Available RAM    = 49094 MB (47.94 GB)
[    0.0979]   Physical RAM     = 50191 MB (49.02 GB)
[    0.0979] 
[    0.0979]   Processor        = AMD Ryzen Threadripper 1920X
[    0.0980]   Core Count       = 24 cores
[    0.0980]   Thread Count     = 24 threads
[    0.0980]   Cluster Count    = 1 clusters
[    0.0980] CPU Extensions Detected:
[    0.0980]   AVX AVX2
[    0.0980] 
[    0.0980] Allocating host memory for virtual systems...
[    0.0983]   EE Main Memory                   @ 0x00007F0B2F200000 -> 0x00007F0B38100000 [143mb]
[    0.0983]   IOP Main Memory                  @ 0x00007F0B38100000 -> 0x00007F0B40200000 [129mb]
[    0.0983]   VU0/1 On-Chip Memory             @ 0x00007F0B40200000 -> 0x00007F0B40300000 [1mb]
[    0.0983]   VTLB Virtual Map                 @ 0x00007F0B40300000 -> 0x00007F0B40B00000 [8mb]
[    0.0983]   VTLB Address Map                 @ 0x00007F0B40B00000 -> 0x00007F0B40F00000 [4mb]
[    0.0983]   R5900 Recompiler Cache           @ 0x00007F0B40F00000 -> 0x00007F0B44F00000 [64mb]
[    0.0983]   R3000A Recompiler Cache          @ 0x00007F0B44F00000 -> 0x00007F0B46F00000 [32mb]
[    0.0983]   Micro VU0 Recompiler Cache       @ 0x00007F0B47F00000 -> 0x00007F0B4BF00000 [64mb]
[    0.0983]   Micro VU1 Recompiler Cache       @ 0x00007F0B4BF00000 -> 0x00007F0B4FF00000 [64mb]
[    0.0983]   VIF0 Unpack Recompiler Cache     @ 0x00007F0B46F00000 -> 0x00007F0B47700000 [8mb]
[    0.0983]   VIF1 Unpack Recompiler Cache     @ 0x00007F0B47700000 -> 0x00007F0B47F00000 [8mb]
[    0.0983]   VIF Unpack Recompiler Cache      @ 0x00007F0B4FF00000 -> 0x00007F0B50000000 [1mb]
[    0.0983]   GS Software Renderer             @ 0x00007F0B50000000 -> 0x00007F0B54000000 [64mb]
[    0.0997] Fastmem area: 0x7f0a2f200000 - 0x7f0b2f1fffff
[    0.1001] Generating SSE-optimized unpacking functions for VIF interpreters...
[    0.1003] Unpack function generation complete.  Generated function statistics:
[    0.1003]   Reserved buffer    : 1048576 bytes @ 0x00007F0B4FF00000
[    0.1004]   x86 code generated : 7422 bytes
[    0.1004] 
[    0.1006] SDLInputSource: Using Controller DB from resources.
[    0.1215] SDLInputSource: 765 gamepad mappings are loaded.
[    0.1216] Invalid binding: 'XInput-0/DPadUp'
[    0.1216] Invalid binding: 'XInput-0/DPadRight'
[    0.1216] Invalid binding: 'XInput-0/DPadDown'
[    0.1216] Invalid binding: 'XInput-0/DPadLeft'
[    0.1216] Invalid binding: 'XInput-0/Y'
[    0.1216] Invalid binding: 'XInput-0/B'
[    0.1217] Invalid binding: 'XInput-0/A'
[    0.1217] Invalid binding: 'XInput-0/X'
[    0.1217] Invalid binding: 'XInput-0/Back'
[    0.1217] Invalid binding: 'XInput-0/Start'
[    0.1217] Invalid binding: 'XInput-0/LeftShoulder'
[    0.1217] Invalid binding: 'XInput-0/+LeftTrigger'
[    0.1217] Invalid binding: 'XInput-0/RightShoulder'
[    0.1217] Invalid binding: 'XInput-0/+RightTrigger'
[    0.1217] Invalid binding: 'XInput-0/LeftStick'
[    0.1217] Invalid binding: 'XInput-0/RightStick'
[    0.1217] Invalid binding: 'XInput-0/Guide'
[    0.1217] Invalid binding: 'XInput-0/-LeftY'
[    0.1217] Invalid binding: 'XInput-0/+LeftX'
[    0.1217] Invalid binding: 'XInput-0/+LeftY'
[    0.1217] Invalid binding: 'XInput-0/-LeftX'
[    0.1217] Invalid binding: 'XInput-0/-RightY'
[    0.1217] Invalid binding: 'XInput-0/+RightX'
[    0.1217] Invalid binding: 'XInput-0/+RightY'
[    0.1217] Invalid binding: 'XInput-0/-RightX'
[    0.1223] Settings: Advanced Settings are enabled; only proceed if you know what you're doing! No support will be provided if you have the option enabled.
[    0.1927] Scanning F:\PS2\Games (recursively)
[    0.3018] Loading BIOS...
[    0.3194] BIOS Found: Europe  v02.00(14/06/2004)  Console 20040614-100914
[    0.4032] Mechacon version: 0x00020603
[    0.4046] Opening CDVD...
[    0.4385] Initializing Elf: 4455708 bytes
[    0.4393] Disc changed to .
[    0.4393]   Name: vehicle-playground [?]
[    0.4393]   Serial: vehicle-playground
[    0.4393]   Version: 
[    0.4393]   CRC: 255D8279
[    0.4393] No game settings found (tried '/home/spider/pool2-static-b192-arm0-repeat1-20261005/profile/PCSX2/gamesettings/255D8279.ini')
[    0.4393] Applying settings...
[    0.4396] Invalid binding: 'XInput-0/DPadUp'
[    0.4396] Invalid binding: 'XInput-0/DPadRight'
[    0.4397] Invalid binding: 'XInput-0/DPadDown'
[    0.4397] Invalid binding: 'XInput-0/DPadLeft'
[    0.4397] Invalid binding: 'XInput-0/Y'
[    0.4397] Invalid binding: 'XInput-0/B'
[    0.4397] Invalid binding: 'XInput-0/A'
[    0.4397] Invalid binding: 'XInput-0/X'
[    0.4397] Invalid binding: 'XInput-0/Back'
[    0.4397] Invalid binding: 'XInput-0/Start'
[    0.4397] Invalid binding: 'XInput-0/LeftShoulder'
[    0.4398] Invalid binding: 'XInput-0/+LeftTrigger'
[    0.4398] Invalid binding: 'XInput-0/RightShoulder'
[    0.4398] Invalid binding: 'XInput-0/+RightTrigger'
[    0.4398] Invalid binding: 'XInput-0/LeftStick'
[    0.4398] Invalid binding: 'XInput-0/RightStick'
[    0.4398] Invalid binding: 'XInput-0/Guide'
[    0.4398] Invalid binding: 'XInput-0/-LeftY'
[    0.4398] Invalid binding: 'XInput-0/+LeftX'
[    0.4398] Invalid binding: 'XInput-0/+LeftY'
[    0.4398] Invalid binding: 'XInput-0/-LeftX'
[    0.4398] Invalid binding: 'XInput-0/-RightY'
[    0.4398] Invalid binding: 'XInput-0/+RightX'
[    0.4398] Invalid binding: 'XInput-0/+RightY'
[    0.4399] Invalid binding: 'XInput-0/-RightX'
[    0.4401] GameDB: Has not been initialized yet, initializing...
[    0.5162] GameDB: 12841 games on record (loaded in 76.13ms)
[    0.5213] Reopening memory cards...
[    0.5214] (FileMcd) Creating new 8MB memory card: /home/spider/pool2-static-b192-arm0-repeat1-20261005/profile/PCSX2/memcards/Mcd001.ps2
[    0.5309] McdSlot 0 [File]: Mcd001.ps2 [8 MB, UNFORMATTED]
[    0.5309] McdSlot 1 [File]: [disabled/empty filename]
[    0.5364] HLE Host: Set 'host:' root path to: /mnt/f/Projects/tyrax2-lab-20261001/wild-pool2-static-probe-physical-v1/game/bin
[    0.5365] EE/iR5900 Recompiler Reset
[    0.5774] iR3000A Recompiler reset.
[    0.5951] Resetting host memory for virtual systems...
[    0.8438] Time Zone Offset: GMT+01:00
[    0.8438] Time Zone Location: Berlin
[    0.8438] DST: Winter Time
[    0.8438] Time Format: 24-Hour
[    0.8438] Date Format: DD/MM/YYYY
[    0.8438] System Time Basis: Operating System Time
[    0.8439] Resulting System Time: 2026-10-05 10:55:30
[    0.8439] Close virtual disk tray
[    0.8439] Media already loaded (fast boot)
[    0.8440] Opening GS...
[    1.0459] VK: Enabling extension: VK_KHR_get_surface_capabilities2
[    1.0790] Using Vulkan GPU 'llvmpipe (LLVM 15.0.7, 256 bits)' for automatic renderer check.
[    1.0791] Not using Vulkan for software renderer.
[    1.0793] acquireRenderWindow() recreate=true fullscreen=false render_to_main=true surfaceless=false
[    1.0823] (GetRefreshRateFromXRandR) Modeline is invalid: 0/0/0
[    1.0824] Surface refresh rate: 60 Hz
[    1.0829] Loading EGL from libEGL.so...
[    1.0887] GLAD EGL Version: 1.0
[    1.0887] Using EGL platform EGL_EXT_platform_x11.
[    1.1065] eglInitialize() version: 1.5
[    1.1066] GLAD EGL Version: 1.5
[    1.1066] Trying GL version 4.6
[    1.1067] eglCreateContext() failed: 0x3009
[    1.1068] Trying GL version 4.5
[    1.1185] Got GL version 4.5
[    1.1186] EGL_MIN_SWAP_INTERVAL = 1
[    1.1186] EGL_MAX_SWAP_INTERVAL = 1
[    1.1186] Negative swap interval/tear-control is NOT supported
[    1.1213] GL_VENDOR: Mesa
[    1.1213] GL_VERSION: 4.5 (Core Profile) Mesa 23.2.1-1ubuntu3.1~22.04.4
[    1.1213] GL_RENDERER: llvmpipe (LLVM 15.0.7, 256 bits)
[    1.1213] GL_SHADING_LANGUAGE_VERSION: 4.50
[    1.1214] GL_MAX_VERTEX_SHADER_STORAGE_BLOCKS: 16
[    1.1214] GL: Viewport Array:            Supported       => Using: GL_ARB_viewport_array
[    1.1214] GL: Direct State Access:       Supported       => Using: OpenGL 4.5 Core
[    1.1214] GL: Copy Image:                Supported       => Using: OpenGL 4.3 Core
[    1.1214] GL: Clip Control:              Supported       => Using: OpenGL 4.5 Core
[    1.1214] GL: Conservative Depth:        Supported       => Using: OpenGL 4.2 Core
[    1.1214] GL: CAS Sharpening:            Supported       => Using: OpenGL 4.2 Core
[    1.1214] GL: Texture Barriers:          Auto            => Using: Framebuffer Fetch
[    1.1214] GL: RGBA16 HW Blending:        Supported       => Using: RGBA16 UNORM
[    1.1214] GL: Point Expansion:           Supported       => Using: Hardware
[    1.1214] GL: Line Expansion:            Fallback        => Using: Vertex Expansion
[    1.1214] GL: Sprite Expansion:          Supported       => Using: Vertex Expansion
[    1.1214] GL: DXTn Texture Compression:  Supported       => Using: GL_EXT_texture_compression_s3tc
[    1.1214] GL: BC6/7 Texture Compression: Supported       => Using: OpenGL 4.2 Core
[    1.1268] 1 program binary formats supported by driver
[    1.1647] Program binary retrieved, 4105 bytes, format 34655
[    1.1655] Program binary retrieved, 4121 bytes, format 34655
[    1.1662] Program binary retrieved, 4249 bytes, format 34655
[    1.1668] Program binary retrieved, 4013 bytes, format 34655
[    1.1675] Program binary retrieved, 4013 bytes, format 34655
[    1.1681] Program binary retrieved, 4017 bytes, format 34655
[    1.1687] Program binary retrieved, 4017 bytes, format 34655
[    1.1692] Program binary retrieved, 4185 bytes, format 34655
[    1.1698] Program binary retrieved, 4217 bytes, format 34655
[    1.1704] Program binary retrieved, 4137 bytes, format 34655
[    1.1709] Program binary retrieved, 4125 bytes, format 34655
[    1.1714] Program binary retrieved, 4121 bytes, format 34655
[    1.1722] Program binary retrieved, 4253 bytes, format 34655
[    1.1730] Program binary retrieved, 4237 bytes, format 34655
[    1.1735] Program binary retrieved, 4245 bytes, format 34655
[    1.1741] Program binary retrieved, 4261 bytes, format 34655
[    1.1748] Program binary retrieved, 4965 bytes, format 34655
[    1.1755] Program binary retrieved, 4981 bytes, format 34655
[    1.1761] Program binary retrieved, 4261 bytes, format 34655
[    1.1767] Program binary retrieved, 4277 bytes, format 34655
[    1.1774] Program binary retrieved, 5005 bytes, format 34655
[    1.1781] Program binary retrieved, 5021 bytes, format 34655
[    1.1787] Program binary retrieved, 4257 bytes, format 34655
[    1.1792] Program binary retrieved, 4273 bytes, format 34655
[    1.1799] Program binary retrieved, 5001 bytes, format 34655
[    1.1820] Program binary retrieved, 5017 bytes, format 34655
[    1.1827] Program binary retrieved, 4277 bytes, format 34655
[    1.1833] Program binary retrieved, 4293 bytes, format 34655
[    1.1840] Program binary retrieved, 5057 bytes, format 34655
[    1.1846] Program binary retrieved, 5073 bytes, format 34655
[    1.1852] Program binary retrieved, 4153 bytes, format 34655
[    1.1858] Program binary retrieved, 4169 bytes, format 34655
[    1.1865] Program binary retrieved, 4233 bytes, format 34655
[    1.1871] Program binary retrieved, 5781 bytes, format 34655
[    1.1878] Program binary retrieved, 5373 bytes, format 34655
[    1.1885] Program binary retrieved, 6389 bytes, format 34655
[    1.1892] Program binary retrieved, 4917 bytes, format 34655
[    1.1899] Program binary retrieved, 4845 bytes, format 34655
[    1.1905] Program binary retrieved, 4997 bytes, format 34655
[    1.1911] Program binary retrieved, 4101 bytes, format 34655
[    1.1946] Program binary retrieved, 4137 bytes, format 34655
[    1.1987] Program binary retrieved, 4109 bytes, format 34655
[    1.1993] Program binary retrieved, 5389 bytes, format 34655
[    1.2000] Program binary retrieved, 5829 bytes, format 34655
[    1.2005] Program binary retrieved, 5857 bytes, format 34655
[    1.2010] Program binary retrieved, 4289 bytes, format 34655
[    1.2037] Program binary retrieved, 21205 bytes, format 34655
[    1.2043] Program binary retrieved, 4765 bytes, format 34655
[    1.2053] Program binary retrieved, 5685 bytes, format 34655
[    1.2062] Program binary retrieved, 4141 bytes, format 34655
[    1.2067] Program binary retrieved, 4537 bytes, format 34655
[    1.2080] Program binary retrieved, 4889 bytes, format 34655
[    1.2085] Program binary retrieved, 4117 bytes, format 34655
[    1.2090] Program binary retrieved, 4741 bytes, format 34655
[    1.2096] Program binary retrieved, 4965 bytes, format 34655
[    1.2104] Program binary retrieved, 6613 bytes, format 34655
[    1.2112] Program binary retrieved, 4797 bytes, format 34655
[    1.2136] Program binary retrieved, 13085 bytes, format 34655
[    1.2226] Program binary retrieved, 7285 bytes, format 34655
[    1.2294] Program binary retrieved, 5497 bytes, format 34655
[    1.2301] Program binary retrieved, 4141 bytes, format 34655
[    1.2308] Program binary retrieved, 4141 bytes, format 34655
[    1.2314] Program binary retrieved, 4145 bytes, format 34655
[    1.2322] Program binary retrieved, 4145 bytes, format 34655
[    1.3431] Program binary retrieved, 5369 bytes, format 34655
[    1.3498] OpenGL Graphics Driver Info:
[    1.3498] OpenGL Context:
[    1.3498] 4.5 (Core Profile) Mesa 23.2.1-1ubuntu3.1~22.04.4
[    1.3499] Mesa llvmpipe (LLVM 15.0.7, 256 bits)
[    1.3499] GLSL: 4.50
[    1.3530] Processor count: 24 cores, 24 processors, 1 clusters
[    1.3531] Ordered processor list: 12, 23, 22, 21, 20, 19, 18, 17, 16, 15, 14, 13, 0, 11, 10, 9, 8, 7, 6, 5, 4, 3, 2, 1
[    1.3531] Not pinning SW threads, we need 4 processors, but only have 0
[    1.3535] Opening SPU2...
[    1.3538] Creating SDL audio stream, sample rate = 48000, expansion = Disabled, buffer = 50, latency = 32, stretching enabled, driver = wasapi, device = 
[    1.3634] MultiPause time: 201ns
[    1.3635] MultiPause time: 160ns
[    1.3635] MultiPause time: 144ns
[    1.3636] MultiPause time: 144ns
[   31.3992] ReportErrorAsync: Error: Failed to create or configure audio stream, falling back to null output. The error was:
[   31.3992] SDL_InitSubSystem(SDL_INIT_AUDIO) failed: Failed loading libasound.so.2: libasound.so.2: cannot open shared object file: No such file or directory
[   31.3993] Allocated buffer of 2432 frames for buffer of 50 ms [expansion Disabled (block size 2048), stretch disabled, target size 2432].
[   31.3993] Initializing Pad...
[   31.3993] Initializing SIO2...
[   31.3993] Initializing SIO0...
[   31.3993] Opening DEV9...
[   31.3993] DEV9: DEV9init
[   31.4001] DEV9: DEV9init2
[   31.4001] DEV9: DEV9init3
[   31.4037] DEV9: DEV9init ok
[   31.4037] DEV9: DEV9open
[   31.4037] Opening USB...
[   31.4037] Opening FW...
[   31.4041] Frame rate: 59.94, target speed: 1, target frame rate: 59.94, ticks per frame: 16683350
[   31.4075] VM subsystems initialized in 31109.76 ms
[   31.4178] Failed to inhibit screen saver.
[   31.4178] Processor order assignment: EE=12, VU=23, GS=23
[   31.4178]   EE thread is on processor 12 (0x1000)
[   31.4179]   GS thread is on processor 23 (0x800000)
[   31.4291] Failed to inhibit screen saver.
[   31.4542] # Initialize memory (rev:3.70, ctm:197Mhz, cpuclk:147Mhz detected)
[   31.4626] R3000 Debugger: Branch to 0x890 (SYSMEM). Clearing modules.
[   31.4641] RegisterLibraryEntries: excepman version 1.01
[   31.4650] RegisterLibraryEntries:  intrman version 1.02
[   31.4652] RegisterLibraryEntries:   ssbusc version 1.01
[   31.4655] RegisterLibraryEntries:  dmacman version 1.02
[   31.4659] RegisterLibraryEntries:  timrman version 1.01
[   31.4663] RegisterLibraryEntries:  sysclib version 1.01
[   31.4663] RegisterLibraryEntries:    stdio version 1.01
[   31.4665] RegisterLibraryEntries:  heaplib version 1.01
[   31.4669] FW: read mem 0x1f80847c: 0x10000001
[   31.4669] FW: write mem 0x1f808414: 0x417f0000
[   31.4669] FW: read mem 0x1f808400: 0xffc00001
[   31.4669] FW: write mem 0x1f80844c: 0xffffffff
[   31.4669] FW: write mem 0x1f808420: 0xffffffff
[   31.4669] FW: write mem 0x1f808428: 0xffffffff
[   31.4669] FW: write mem 0x1f808430: 0xffffffff
[   31.4679] RegisterLibraryEntries:   thbase version 1.01
[   31.4680] RegisterLibraryEntries:  thevent version 1.01
[   31.4680] RegisterLibraryEntries:  thsemap version 1.01
[   31.4680] RegisterLibraryEntries:  thmsgbx version 1.01
[   31.4681] RegisterLibraryEntries:  thfpool version 1.01
[   31.4681] RegisterLibraryEntries:  thvpool version 1.01
[   31.4689] RegisterLibraryEntries:   vblank version 1.01
[   31.4694] RegisterLibraryEntries:    ioman version 1.02
[   31.4700] RegisterLibraryEntries:  modload version 1.01
[   31.4704] RegisterLibraryEntries:   romdrv version 2.01
[   31.4707] RegisterLibraryEntries:    stdio version 1.02
[   31.4711] RegisterLibraryEntries:   sifman version 1.01
[   31.4714] 
[   31.4714] PlayStation 2 ======== Hard reset boot
[   31.4716]  ROMGEN=2004-0614, IOP info (CPUID=1f, CACH_CONFIG=0, 2MB, IOP mode)
[   31.4718]  <20040614-100914,ROMconf,PS20200EC20040614.bin:11696>
[   31.4811] # Total accessable memory size: 32 MB (B:2:8:0) (370:2:7c30)
[   31.4820] # TLB spad=0 kernel=1:12 default=13:30 extended=31:38
[   31.5448] # Initialize Start.
[   31.5453] # Initialize GS ...
[   31.5453] # Initialize INTC ...
[   31.5453] # Initialize TIMER ...
[   31.5454] # Initialize DMAC ...
[   31.5456] # Initialize VU1 ...
[   31.5457] # Initialize VIF1 ...
[   31.5458] # Initialize GIF ...
[   31.5459] # Initialize VU0 ...
[   31.5460] # Initialize VIF0 ...
[   31.5460] # Initialize IPU ...
[   31.5462] # Initialize FPU ...
[   31.5462] # Initialize User Memory ...
[   31.6055] # Initialize Scratch Pad ...
[   31.6056] # Initialize Done.
[   31.6066] 
[   31.6066] EE DECI2 Manager version 0.06 Feb  6 2003 08:38:48
[   31.6067]   CPUID=2e20, BoardID=0, ROMGEN=2004-0614, 32M
[   31.6067] 
[   31.6069] RegisterLibraryEntries:   sifcmd version 1.01
[   31.6360] Initializing Elf: 4455708 bytes
[   31.6382] ELF Loading: host:vehicle-playground.elf, Game CRC = 255D8279, EntryPoint = 0x00100E78
[   31.6411] RegisterLibraryEntries:  cdvdman version 1.01
[   31.6443] Imported 823 symbols.
[   31.6484] RegisterLibraryEntries:  cdvdfsv version 1.01
[   31.6500] RegisterLibraryEntries:  secrman version 1.03
[   31.6501] RegisterLibraryEntries:   eesync version 1.01
[   31.6503] 
[   31.6503] IOP Realtime Kernel Ver.0.9.1
[   31.6503]     Copyright 1999 (C) Sony Computer Entertainment Inc. 
[   31.6509] Reboot service module.(99/11/10)
[   31.6532] cdvd driver module version 0.1.1 (C)SCEI
[   31.6538] Load File service.(99/11/05)
[   31.6539] Multi Threaded Fileio module.(99/11/15) 
[   31.6539] iop heap service (99/11/03)
[   31.6725] PINE: New client with FD 11 connected.
[   31.6729] PINE: Client disconnected.
[   31.6732] loadelf: fname host:vehicle-playground.elf secname all
[   31.6733] loadelf version 3.30
[   31.6755] Input ELF format filename = host:vehicle-playground.elf
[   31.7172] 1 00100000 003f3d3c ................................................................
[   31.7173] Loaded, host:vehicle-playground.elf
[   31.7173] start address 0x100e78
[   31.7174] gp address 00000000
[   31.7182] (VMManager) Pausing...
[   31.7184] (VMManager) Resuming...
[   31.7298] Failed to inhibit screen saver.
[   31.7299] EE/iR5900 Recompiler Reset
[   31.7486] # Restart Without Memory Clear.
[   31.7584] # Initialize GS ...
[   31.7585] # Initialize INTC ...
[   31.7585] # Initialize TIMER ...
[   31.7586] # Initialize DMAC ...
[   31.7586] # Initialize VU1 ...
[   31.7588] # Initialize VIF1 ...
[   31.7588] # Initialize GIF ...
[   31.7589] # Initialize VU0 ...
[   31.7590] # Initialize VIF0 ...
[   31.7590] # Initialize IPU ...
[   31.7592] # Initialize FPU ...
[   31.7592] # Initialize Scratch Pad ...
[   31.7592] # Restart Without Memory Clear Done.
[   31.7594] ELF host:vehicle-playground.elf with entry point at 0x00100E78 is executing.
[   31.7595] ELF changed, active CRC 255D8279 (host:vehicle-playground.elf)
[   31.7599] Applying core settings...
[   31.7600] Debugger Settings Manager: Failed to read Saved Addresses array from settings file: '/home/spider/pool2-static-b192-arm0-repeat1-20261005/profile/PCSX2/inis/debuggersettings/vehicle-playground_255D8279.json'
[   31.7601] Debugger Settings Manager: Failed to read Saved Addresses array from settings file: '/home/spider/pool2-static-b192-arm0-repeat1-20261005/profile/PCSX2/inis/debuggersettings/vehicle-playground_255D8279.json'
[   31.7605] Updating CPU configuration...
[   31.7605] iR3000A Recompiler reset.
[   31.7733] PINE: New client with FD 11 connected.
[   31.7737] PINE: Client disconnected.
[   31.7853] iR3000A Recompiler reset.
[   31.7923] EE/iR5900 Recompiler Reset
[   31.8083] (VMManager) Pausing...
[   31.8086] EE/iR5900 Recompiler Reset
[   31.8248] EE/iR5900 Recompiler Reset
[   31.8405] iR3000A Recompiler reset.
[   31.8437] EE/iR5900 Recompiler Reset
[   31.8587] iR3000A Recompiler reset.
[   31.8625] EE/iR5900 Recompiler Reset
[   31.8743] PINE: New client with FD 11 connected.
[   31.8749] PINE: Client disconnected.
[   31.8784] iR3000A Recompiler reset.
[   31.8819] EE/iR5900 Recompiler Reset
[   31.8982] iR3000A Recompiler reset.
[   31.9018] EE/iR5900 Recompiler Reset
[   32.0000] PINE: New client with FD 11 connected.
[   32.0003] OSD [SaveStateSlot140]: Saving state to slot 140...
[   32.0388]   Saving SPU2
[   32.0394]   Saving GS
[   32.2223] OSD [SaveStateSlot140]: Saved state to slot 140.
[   32.2223] Zipping save state to '/home/spider/pool2-static-b192-arm0-repeat1-20261005/profile/PCSX2/sstates/vehicle-playground (255D8279).140.p2s' took 99.90 ms
[   33.2734] PINE: Client disconnected.
[   33.7809] PINE: New client with FD 11 connected.
[   33.8868] PINE: Client disconnected.
[  208.6290] (VMManager) Resuming...
[  208.6837] Failed to inhibit screen saver.
[  208.6856] BIOS: Successfully found the instruction pattern. Assuming the thread list is here: 8001a640
[  208.6888] Warning: GetOsdConfigParam2 Reading extended language/version configs, may be incorrect!
[  208.7001] read/write allocate memory 4000
[  208.7001] open name host:/ps2link.run flag 1 data 41378
[  208.7007] open fd = -5
[  208.7034] Get Reboot Request From EE
[  208.7046] R3000 Debugger: Branch to 0x890 (SYSMEM). Clearing modules.
[  208.7066] RegisterLibraryEntries: excepman version 1.01
[  208.7076] RegisterLibraryEntries:  intrman version 1.02
[  208.7078] RegisterLibraryEntries:   ssbusc version 1.01
[  208.7083] RegisterLibraryEntries:  dmacman version 1.02
[  208.7088] RegisterLibraryEntries:  timrman version 1.01
[  208.7093] RegisterLibraryEntries:  sysclib version 1.01
[  208.7094] RegisterLibraryEntries:    stdio version 1.01
[  208.7095] RegisterLibraryEntries:  heaplib version 1.01
[  208.7118] RegisterLibraryEntries:   thbase version 1.01
[  208.7119] RegisterLibraryEntries:  thevent version 1.01
[  208.7119] RegisterLibraryEntries:  thsemap version 1.01
[  208.7119] RegisterLibraryEntries:  thmsgbx version 1.01
[  208.7119] RegisterLibraryEntries:  thfpool version 1.01
[  208.7120] RegisterLibraryEntries:  thvpool version 1.01
[  208.7129] RegisterLibraryEntries:   vblank version 1.01
[  208.7133] RegisterLibraryEntries:    ioman version 1.02
[  208.7143] RegisterLibraryEntries:  modload version 1.01
[  208.7221] RegisterLibraryEntries:   romdrv version 2.01
[  208.7225] RegisterLibraryEntries:    stdio version 1.02
[  208.7229] RegisterLibraryEntries:   sifman version 1.01
[  208.7233] 
[  208.7234] PlayStation 2 ======== Soft reboot
[  208.7240] RegisterLibraryEntries:   sifcmd version 1.01
[  208.7276] RegisterLibraryEntries:  cdvdman version 1.01
[  208.7292] RegisterLibraryEntries:  cdvdfsv version 1.01
[  208.7372] RegisterLibraryEntries:  secrman version 1.03
[  208.7374] RegisterLibraryEntries:   eesync version 1.01
[  208.7376] 
[  208.7376] IOP Realtime Kernel Ver.0.9.1
[  208.7376]     Copyright 1999 (C) Sony Computer Entertainment Inc. 
[  208.7381] Reboot service module.(99/11/10)
[  208.7410] [EE] Skipping timeout loop at 0x002D2FB0 -> 0x002D2FD0
[  208.7412] cdvd driver module version 0.1.1 (C)SCEI
[  208.7416] Load File service.(99/11/05)
[  208.7417] Multi Threaded Fileio module.(99/11/15) 
[  208.7418] iop heap service (99/11/03)
[  208.7677] RegisterLibraryEntries:   iomanx version 1.01
[  208.7688] fileXio: fileXio: fileXio RPC Server v1.00
[  208.7689] Copyright (c) 2003 adresd
[  208.7691] RegisterLibraryEntries:  sio2man version 2.07
[  208.7692] RegisterLibraryEntries:  sio2man version 1.02
[  208.7699] RegisterLibraryEntries:   padman version 1.02
[  208.7701] Pad Driver for OSD
[  208.7706] FREESD v1.01
[  208.7706] RegisterLibraryEntries:    libsd version 1.04
[  208.7710] debug_level = 1 (ps2snd 0.1
[  208.7831] greetings from version 0.93 !
[  208.7832] RegisterLibraryEntries:   audsrv version 1.04
[  208.7832] audsrv_adpcm_init()
[  208.7845] UpdateVSyncRate: Mode Changed to SDTV 480p.
[  208.7845] Frame rate: 59.94, target speed: 1, target frame rate: 59.94, ticks per frame: 16683350
[  208.7845] Set GS CRTC configuration. SDTV   720x480 @ 59.94 Progressive (FRAME)
[  210.8902] read/write allocate memory 4000
[  210.8904] 
[  210.8907] -----------------------------------------
[  210.8908]         _____        ____   ___
[  210.8909]           |     /   ____| |___|
[  210.8909]           |     |   |     |   |
[  210.8909] -----------------------------------------
[  210.8910] Copyright 2022
[  210.8910] Repository: https://github.com/h4570/tyra
[  210.8911] Licensed under Apache License 2.0
[  210.8915] Version: 2.2.0
[  210.8915] -----------------------------------------
[  210.8916] 
[  211.0574] audsrv_adpcm_init()
[  211.0590] [EE] Skipping timeout loop at 0x00102CB0 -> 0x00102CD0
[  211.0893] Curent pad(0,0) status: EXECCMD
[  211.2875] Pad: DS2 Config Finished - P1/S1 - AL: Off - AB: Usable - VS: Disabled - VL: Disabled - RB: D (0x00000000)
[  211.3209] Curent pad(0,0) status: EXECCMD
[  211.3879] Pad: DS2 Config Finished - P1/S1 - AL: On - AB: Locked - VS: Disabled - VL: Disabled - RB: D (0x00000000)
[  211.5876] Pad: DS2 Config Finished - P1/S1 - AL: On - AB: Locked - VS: Disabled - VL: Disabled - RB: D (0x00000000)
[  211.6213] Curent pad(0,0) status: EXECCMD
[  211.8879] Pad: DS2 Config Finished - P1/S1 - AL: On - AB: Locked - VS: Disabled - VL: Disabled - RB: D+A+P (0x0003FFFF)
[  212.0885] Pad: DS2 Config Finished - P1/S1 - AL: On - AB: Locked - VS: Disabled - VL: Disabled - RB: D+A+P (0x0003FFFF)
[  212.1247] open name host:/pool2-probe.cfg flag 1 data 41378
[  212.1268] open fd = 256
[  212.1344] open name host:/hud/flare-corona.png flag 1 data 41378
[  212.1370] open fd = 256
[  212.1611] LOG: POOL2PROBE_CONFIG arm=0 vertices=192 members=2 repeats=1 package=75 alpha=128
[  212.1624] FRAMEARENA allocated=1 bytes=1048576
[  212.1769] microVU1: Cached Prog = [000] [PC=18e0] [List=01] (Cache=0.000%) [0.0mb]
[  212.1779] microVU1: 3 cycle stall on branch instruction [1f78]
[  212.1789] microVU1: Cached Prog = [001] [PC=2480] [List=01] (Cache=0.246%) [0.1mb]
[  212.1798] microVU1: 3 cycle stall on branch instruction [1f78]
[  212.1931] LOG: POOL2PROBE_FRAME frame=1 cold=1 arm=0 eligible=3 applied=0 compared=3 mismatches=0
[  212.1932] LOG: POOL2PROBE_READY arm=0 vertices=192 repeats=1 completed=1 warmBypass=0
[  212.1932] (VMManager) Pausing...
[  322.5176] PINE: New client with FD 11 connected.
[  322.5185] PINE: Client disconnected.
[  322.6400] PINE: New client with FD 11 connected.
[  322.6406] OSD [SaveStateSlot162]: Saving state to slot 162...
[  322.6682]   Saving SPU2
[  322.6688]   Saving GS
[  322.8140] OSD [SaveStateSlot162]: Saved state to slot 162.
[  322.8141] Zipping save state to '/home/spider/pool2-static-b192-arm0-repeat1-20261005/profile/PCSX2/sstates/vehicle-playground (255D8279).162.p2s' took 99.78 ms
[  323.9268] PINE: Client disconnected.
