[    0.0164] Program Path: /home/spider/tyrax2-debugger-linux-v1/squashfs-root/usr/bin/pcsx2-qt
[    0.0165] AppRoot Directory: /home/spider/tyrax2-debugger-linux-v1/squashfs-root/usr/bin
[    0.0165] Resources Directory: /home/spider/tyrax2-debugger-linux-v1/squashfs-root/usr/bin/resources
[    0.0165] DataRoot Directory: /home/spider/pool2-static-b192-arm1-repeat2-20261005/profile/PCSX2
[    0.0165] Loading config from /home/spider/pool2-static-b192-arm1-repeat2-20261005/profile/PCSX2/inis/PCSX2.ini.
[    0.0167] Loading secrets from /home/spider/pool2-static-b192-arm1-repeat2-20261005/profile/PCSX2/inis/secrets.ini.
[    0.0171] BIOS Directory: /mnt/c/Users/pawel/OneDrive/Documents/PCSX2/bios
[    0.0171] Snapshots Directory: /home/spider/pool2-static-b192-arm1-repeat2-20261005/profile/PCSX2/snaps
[    0.0171] Savestates Directory: /home/spider/pool2-static-b192-arm1-repeat2-20261005/profile/PCSX2/sstates
[    0.0171] MemoryCards Directory: /home/spider/pool2-static-b192-arm1-repeat2-20261005/profile/PCSX2/memcards
[    0.0171] Logs Directory: /home/spider/pool2-static-b192-arm1-repeat2-20261005/profile/PCSX2/logs
[    0.0171] Cheats Directory: /home/spider/pool2-static-b192-arm1-repeat2-20261005/profile/PCSX2/cheats
[    0.0171] Patches Directory: /home/spider/pool2-static-b192-arm1-repeat2-20261005/profile/PCSX2/patches
[    0.0171] Covers Directory: /home/spider/pool2-static-b192-arm1-repeat2-20261005/profile/PCSX2/covers
[    0.0171] Game Settings Directory: /home/spider/pool2-static-b192-arm1-repeat2-20261005/profile/PCSX2/gamesettings
[    0.0171] Resources Directory: /home/spider/tyrax2-debugger-linux-v1/squashfs-root/usr/bin/resources
[    0.0171] User Resources Directory: /home/spider/pool2-static-b192-arm1-repeat2-20261005/profile/PCSX2/resources
[    0.0171] Cache Directory: /home/spider/pool2-static-b192-arm1-repeat2-20261005/profile/PCSX2/cache
[    0.0171] Textures Directory: /home/spider/pool2-static-b192-arm1-repeat2-20261005/profile/PCSX2/textures
[    0.0171] Input Profile Directory: /home/spider/pool2-static-b192-arm1-repeat2-20261005/profile/PCSX2/inputprofiles
[    0.0171] Video Dumping Directory: /home/spider/pool2-static-b192-arm1-repeat2-20261005/profile/PCSX2/videos
[    0.0171] Debugger Layouts Directory: /home/spider/pool2-static-b192-arm1-repeat2-20261005/profile/PCSX2/inis/debuggerlayouts
[    0.0172] Debugger Settings Directory: /home/spider/pool2-static-b192-arm1-repeat2-20261005/profile/PCSX2/inis/debuggersettings
[    0.0313] Loaded translation file for language en-US
[    0.0375] PCSX2 v2.9.93
[    0.0376] Savestate version: 0x9a590000
[    0.0376] 
[    0.0376] 
[    0.0376] Host Machine Init:
[    0.0377]   Operating System = Ubuntu 22.04
[    0.0377]   Available RAM    = 49098 MB (47.95 GB)
[    0.0377]   Physical RAM     = 50191 MB (49.02 GB)
[    0.0377] 
[    0.0377]   Processor        = AMD Ryzen Threadripper 1920X
[    0.0377]   Core Count       = 24 cores
[    0.0377]   Thread Count     = 24 threads
[    0.0377]   Cluster Count    = 1 clusters
[    0.0377] CPU Extensions Detected:
[    0.0377]   AVX AVX2
[    0.0377] 
[    0.0377] Allocating host memory for virtual systems...
[    0.0387]   EE Main Memory                   @ 0x00007FE297200000 -> 0x00007FE2A0100000 [143mb]
[    0.0387]   IOP Main Memory                  @ 0x00007FE2A0100000 -> 0x00007FE2A8200000 [129mb]
[    0.0387]   VU0/1 On-Chip Memory             @ 0x00007FE2A8200000 -> 0x00007FE2A8300000 [1mb]
[    0.0387]   VTLB Virtual Map                 @ 0x00007FE2A8300000 -> 0x00007FE2A8B00000 [8mb]
[    0.0387]   VTLB Address Map                 @ 0x00007FE2A8B00000 -> 0x00007FE2A8F00000 [4mb]
[    0.0387]   R5900 Recompiler Cache           @ 0x00007FE2A8F00000 -> 0x00007FE2ACF00000 [64mb]
[    0.0387]   R3000A Recompiler Cache          @ 0x00007FE2ACF00000 -> 0x00007FE2AEF00000 [32mb]
[    0.0387]   Micro VU0 Recompiler Cache       @ 0x00007FE2AFF00000 -> 0x00007FE2B3F00000 [64mb]
[    0.0387]   Micro VU1 Recompiler Cache       @ 0x00007FE2B3F00000 -> 0x00007FE2B7F00000 [64mb]
[    0.0387]   VIF0 Unpack Recompiler Cache     @ 0x00007FE2AEF00000 -> 0x00007FE2AF700000 [8mb]
[    0.0388]   VIF1 Unpack Recompiler Cache     @ 0x00007FE2AF700000 -> 0x00007FE2AFF00000 [8mb]
[    0.0388]   VIF Unpack Recompiler Cache      @ 0x00007FE2B7F00000 -> 0x00007FE2B8000000 [1mb]
[    0.0388]   GS Software Renderer             @ 0x00007FE2B8000000 -> 0x00007FE2BC000000 [64mb]
[    0.0420] Fastmem area: 0x7fe197200000 - 0x7fe2971fffff
[    0.0433] Generating SSE-optimized unpacking functions for VIF interpreters...
[    0.0435] Unpack function generation complete.  Generated function statistics:
[    0.0435]   Reserved buffer    : 1048576 bytes @ 0x00007FE2B7F00000
[    0.0435]   x86 code generated : 7422 bytes
[    0.0435] 
[    0.0438] SDLInputSource: Using Controller DB from resources.
[    0.0604] SDLInputSource: 765 gamepad mappings are loaded.
[    0.0606] Invalid binding: 'XInput-0/DPadUp'
[    0.0606] Invalid binding: 'XInput-0/DPadRight'
[    0.0606] Invalid binding: 'XInput-0/DPadDown'
[    0.0606] Invalid binding: 'XInput-0/DPadLeft'
[    0.0606] Invalid binding: 'XInput-0/Y'
[    0.0606] Invalid binding: 'XInput-0/B'
[    0.0606] Invalid binding: 'XInput-0/A'
[    0.0606] Invalid binding: 'XInput-0/X'
[    0.0606] Invalid binding: 'XInput-0/Back'
[    0.0606] Invalid binding: 'XInput-0/Start'
[    0.0606] Invalid binding: 'XInput-0/LeftShoulder'
[    0.0607] Invalid binding: 'XInput-0/+LeftTrigger'
[    0.0607] Invalid binding: 'XInput-0/RightShoulder'
[    0.0607] Invalid binding: 'XInput-0/+RightTrigger'
[    0.0607] Invalid binding: 'XInput-0/LeftStick'
[    0.0607] Invalid binding: 'XInput-0/RightStick'
[    0.0607] Invalid binding: 'XInput-0/Guide'
[    0.0607] Invalid binding: 'XInput-0/-LeftY'
[    0.0607] Invalid binding: 'XInput-0/+LeftX'
[    0.0607] Invalid binding: 'XInput-0/+LeftY'
[    0.0607] Invalid binding: 'XInput-0/-LeftX'
[    0.0607] Invalid binding: 'XInput-0/-RightY'
[    0.0607] Invalid binding: 'XInput-0/+RightX'
[    0.0607] Invalid binding: 'XInput-0/+RightY'
[    0.0607] Invalid binding: 'XInput-0/-RightX'
[    0.0615] Settings: Advanced Settings are enabled; only proceed if you know what you're doing! No support will be provided if you have the option enabled.
[    0.1084] Scanning F:\PS2\Games (recursively)
[    0.2422] Loading BIOS...
[    0.2548] BIOS Found: Europe  v02.00(14/06/2004)  Console 20040614-100914
[    0.3108] Mechacon version: 0x00020603
[    0.3121] Opening CDVD...
[    0.3396] Initializing Elf: 4455708 bytes
[    0.3404] Disc changed to .
[    0.3405]   Name: vehicle-playground [?]
[    0.3405]   Serial: vehicle-playground
[    0.3405]   Version: 
[    0.3405]   CRC: 255D8279
[    0.3406] No game settings found (tried '/home/spider/pool2-static-b192-arm1-repeat2-20261005/profile/PCSX2/gamesettings/255D8279.ini')
[    0.3406] Applying settings...
[    0.3408] Invalid binding: 'XInput-0/DPadUp'
[    0.3408] Invalid binding: 'XInput-0/DPadRight'
[    0.3408] Invalid binding: 'XInput-0/DPadDown'
[    0.3408] Invalid binding: 'XInput-0/DPadLeft'
[    0.3408] Invalid binding: 'XInput-0/Y'
[    0.3408] Invalid binding: 'XInput-0/B'
[    0.3408] Invalid binding: 'XInput-0/A'
[    0.3409] Invalid binding: 'XInput-0/X'
[    0.3409] Invalid binding: 'XInput-0/Back'
[    0.3409] Invalid binding: 'XInput-0/Start'
[    0.3409] Invalid binding: 'XInput-0/LeftShoulder'
[    0.3409] Invalid binding: 'XInput-0/+LeftTrigger'
[    0.3409] Invalid binding: 'XInput-0/RightShoulder'
[    0.3409] Invalid binding: 'XInput-0/+RightTrigger'
[    0.3409] Invalid binding: 'XInput-0/LeftStick'
[    0.3409] Invalid binding: 'XInput-0/RightStick'
[    0.3409] Invalid binding: 'XInput-0/Guide'
[    0.3409] Invalid binding: 'XInput-0/-LeftY'
[    0.3409] Invalid binding: 'XInput-0/+LeftX'
[    0.3409] Invalid binding: 'XInput-0/+LeftY'
[    0.3409] Invalid binding: 'XInput-0/-LeftX'
[    0.3409] Invalid binding: 'XInput-0/-RightY'
[    0.3409] Invalid binding: 'XInput-0/+RightX'
[    0.3409] Invalid binding: 'XInput-0/+RightY'
[    0.3409] Invalid binding: 'XInput-0/-RightX'
[    0.3411] GameDB: Has not been initialized yet, initializing...
[    0.3820] GameDB: 12841 games on record (loaded in 40.92ms)
[    0.3845] Reopening memory cards...
[    0.3845] (FileMcd) Creating new 8MB memory card: /home/spider/pool2-static-b192-arm1-repeat2-20261005/profile/PCSX2/memcards/Mcd001.ps2
[    0.3935] McdSlot 0 [File]: Mcd001.ps2 [8 MB, UNFORMATTED]
[    0.3935] McdSlot 1 [File]: [disabled/empty filename]
[    0.3981] HLE Host: Set 'host:' root path to: /mnt/f/Projects/tyrax2-lab-20261001/wild-pool2-static-probe-physical-v1/game/bin
[    0.3985] EE/iR5900 Recompiler Reset
[    0.4452] iR3000A Recompiler reset.
[    0.4664] Resetting host memory for virtual systems...
[    0.7124] Time Zone Offset: GMT+01:00
[    0.7124] Time Zone Location: Berlin
[    0.7124] DST: Winter Time
[    0.7125] Time Format: 24-Hour
[    0.7125] Date Format: DD/MM/YYYY
[    0.7125] System Time Basis: Operating System Time
[    0.7125] Resulting System Time: 2026-10-05 11:05:20
[    0.7125] Close virtual disk tray
[    0.7125] Media already loaded (fast boot)
[    0.7125] Opening GS...
[    0.7482] VK: Enabling extension: VK_KHR_get_surface_capabilities2
[    0.7587] Using Vulkan GPU 'llvmpipe (LLVM 15.0.7, 256 bits)' for automatic renderer check.
[    0.7587] Not using Vulkan for software renderer.
[    0.7589] acquireRenderWindow() recreate=true fullscreen=false render_to_main=true surfaceless=false
[    0.7619] (GetRefreshRateFromXRandR) Modeline is invalid: 0/0/0
[    0.7620] Surface refresh rate: 60 Hz
[    0.7623] Loading EGL from libEGL.so...
[    0.7634] GLAD EGL Version: 1.0
[    0.7634] Using EGL platform EGL_EXT_platform_x11.
[    0.7716] eglInitialize() version: 1.5
[    0.7717] GLAD EGL Version: 1.5
[    0.7717] Trying GL version 4.6
[    0.7718] eglCreateContext() failed: 0x3009
[    0.7718] Trying GL version 4.5
[    0.7816] Got GL version 4.5
[    0.7816] EGL_MIN_SWAP_INTERVAL = 1
[    0.7816] EGL_MAX_SWAP_INTERVAL = 1
[    0.7816] Negative swap interval/tear-control is NOT supported
[    0.7841] GL_VENDOR: Mesa
[    0.7841] GL_VERSION: 4.5 (Core Profile) Mesa 23.2.1-1ubuntu3.1~22.04.4
[    0.7841] GL_RENDERER: llvmpipe (LLVM 15.0.7, 256 bits)
[    0.7841] GL_SHADING_LANGUAGE_VERSION: 4.50
[    0.7843] GL_MAX_VERTEX_SHADER_STORAGE_BLOCKS: 16
[    0.7844] GL: Viewport Array:            Supported       => Using: GL_ARB_viewport_array
[    0.7844] GL: Direct State Access:       Supported       => Using: OpenGL 4.5 Core
[    0.7844] GL: Copy Image:                Supported       => Using: OpenGL 4.3 Core
[    0.7844] GL: Clip Control:              Supported       => Using: OpenGL 4.5 Core
[    0.7844] GL: Conservative Depth:        Supported       => Using: OpenGL 4.2 Core
[    0.7844] GL: CAS Sharpening:            Supported       => Using: OpenGL 4.2 Core
[    0.7844] GL: Texture Barriers:          Auto            => Using: Framebuffer Fetch
[    0.7844] GL: RGBA16 HW Blending:        Supported       => Using: RGBA16 UNORM
[    0.7844] GL: Point Expansion:           Supported       => Using: Hardware
[    0.7844] GL: Line Expansion:            Fallback        => Using: Vertex Expansion
[    0.7844] GL: Sprite Expansion:          Supported       => Using: Vertex Expansion
[    0.7844] GL: DXTn Texture Compression:  Supported       => Using: GL_EXT_texture_compression_s3tc
[    0.7845] GL: BC6/7 Texture Compression: Supported       => Using: OpenGL 4.2 Core
[    0.7930] 1 program binary formats supported by driver
[    0.8265] Program binary retrieved, 4105 bytes, format 34655
[    0.8269] Program binary retrieved, 4121 bytes, format 34655
[    0.8273] Program binary retrieved, 4249 bytes, format 34655
[    0.8277] Program binary retrieved, 4013 bytes, format 34655
[    0.8280] Program binary retrieved, 4013 bytes, format 34655
[    0.8284] Program binary retrieved, 4017 bytes, format 34655
[    0.8288] Program binary retrieved, 4017 bytes, format 34655
[    0.8292] Program binary retrieved, 4185 bytes, format 34655
[    0.8295] Program binary retrieved, 4217 bytes, format 34655
[    0.8300] Program binary retrieved, 4137 bytes, format 34655
[    0.8304] Program binary retrieved, 4125 bytes, format 34655
[    0.8308] Program binary retrieved, 4121 bytes, format 34655
[    0.8314] Program binary retrieved, 4253 bytes, format 34655
[    0.8321] Program binary retrieved, 4237 bytes, format 34655
[    0.8325] Program binary retrieved, 4245 bytes, format 34655
[    0.8328] Program binary retrieved, 4261 bytes, format 34655
[    0.8334] Program binary retrieved, 4965 bytes, format 34655
[    0.8339] Program binary retrieved, 4981 bytes, format 34655
[    0.8344] Program binary retrieved, 4261 bytes, format 34655
[    0.8348] Program binary retrieved, 4277 bytes, format 34655
[    0.8353] Program binary retrieved, 5005 bytes, format 34655
[    0.8358] Program binary retrieved, 5021 bytes, format 34655
[    0.8362] Program binary retrieved, 4257 bytes, format 34655
[    0.8366] Program binary retrieved, 4273 bytes, format 34655
[    0.8371] Program binary retrieved, 5001 bytes, format 34655
[    0.8377] Program binary retrieved, 5017 bytes, format 34655
[    0.8381] Program binary retrieved, 4277 bytes, format 34655
[    0.8385] Program binary retrieved, 4293 bytes, format 34655
[    0.8391] Program binary retrieved, 5057 bytes, format 34655
[    0.8397] Program binary retrieved, 5073 bytes, format 34655
[    0.8400] Program binary retrieved, 4153 bytes, format 34655
[    0.8404] Program binary retrieved, 4169 bytes, format 34655
[    0.8408] Program binary retrieved, 4233 bytes, format 34655
[    0.8413] Program binary retrieved, 5781 bytes, format 34655
[    0.8418] Program binary retrieved, 5373 bytes, format 34655
[    0.8424] Program binary retrieved, 6389 bytes, format 34655
[    0.8428] Program binary retrieved, 4917 bytes, format 34655
[    0.8433] Program binary retrieved, 4845 bytes, format 34655
[    0.8437] Program binary retrieved, 4997 bytes, format 34655
[    0.8440] Program binary retrieved, 4101 bytes, format 34655
[    0.8471] Program binary retrieved, 4137 bytes, format 34655
[    0.8504] Program binary retrieved, 4109 bytes, format 34655
[    0.8509] Program binary retrieved, 5389 bytes, format 34655
[    0.8513] Program binary retrieved, 5829 bytes, format 34655
[    0.8516] Program binary retrieved, 5857 bytes, format 34655
[    0.8520] Program binary retrieved, 4289 bytes, format 34655
[    0.8546] Program binary retrieved, 21205 bytes, format 34655
[    0.8550] Program binary retrieved, 4765 bytes, format 34655
[    0.8555] Program binary retrieved, 5685 bytes, format 34655
[    0.8558] Program binary retrieved, 4141 bytes, format 34655
[    0.8560] Program binary retrieved, 4537 bytes, format 34655
[    0.8564] Program binary retrieved, 4889 bytes, format 34655
[    0.8567] Program binary retrieved, 4117 bytes, format 34655
[    0.8571] Program binary retrieved, 4741 bytes, format 34655
[    0.8574] Program binary retrieved, 4965 bytes, format 34655
[    0.8581] Program binary retrieved, 6613 bytes, format 34655
[    0.8584] Program binary retrieved, 4797 bytes, format 34655
[    0.8600] Program binary retrieved, 13085 bytes, format 34655
[    0.8670] Program binary retrieved, 7285 bytes, format 34655
[    0.8729] Program binary retrieved, 5497 bytes, format 34655
[    0.8732] Program binary retrieved, 4141 bytes, format 34655
[    0.8735] Program binary retrieved, 4141 bytes, format 34655
[    0.8739] Program binary retrieved, 4145 bytes, format 34655
[    0.8742] Program binary retrieved, 4145 bytes, format 34655
[    0.9243] Program binary retrieved, 5369 bytes, format 34655
[    0.9257] OpenGL Graphics Driver Info:
[    0.9258] OpenGL Context:
[    0.9258] 4.5 (Core Profile) Mesa 23.2.1-1ubuntu3.1~22.04.4
[    0.9258] Mesa llvmpipe (LLVM 15.0.7, 256 bits)
[    0.9258] GLSL: 4.50
[    0.9284] Processor count: 24 cores, 24 processors, 1 clusters
[    0.9284] Ordered processor list: 12, 23, 22, 21, 20, 19, 18, 17, 16, 15, 14, 13, 0, 11, 10, 9, 8, 7, 6, 5, 4, 3, 2, 1
[    0.9284] Not pinning SW threads, we need 4 processors, but only have 0
[    0.9295] Opening SPU2...
[    0.9336] Creating Null audio stream, sample rate = 48000, expansion = Disabled, buffer = 50, latency = 32, stretching enabled, driver = wasapi, device = 
[    0.9337] Allocated buffer of 2432 frames for buffer of 50 ms [expansion Disabled (block size 2048), stretch disabled, target size 2432].
[    0.9337] Initializing Pad...
[    0.9337] Initializing SIO2...
[    0.9337] Initializing SIO0...
[    0.9337] Opening DEV9...
[    0.9337] DEV9: DEV9init
[    0.9339] DEV9: DEV9init2
[    0.9339] DEV9: DEV9init3
[    0.9373] DEV9: DEV9init ok
[    0.9373] DEV9: DEV9open
[    0.9374] Opening USB...
[    0.9374] Opening FW...
[    0.9376] Frame rate: 59.94, target speed: 1, target frame rate: 59.94, ticks per frame: 16683350
[    0.9394] MultiPause time: 144ns
[    0.9395] MultiPause time: 144ns
[    0.9395] MultiPause time: 150ns
[    0.9396] MultiPause time: 142ns
[    0.9410] VM subsystems initialized in 703.02 ms
[    0.9514] Failed to inhibit screen saver.
[    0.9515] Processor order assignment: EE=12, VU=23, GS=23
[    0.9515]   EE thread is on processor 12 (0x1000)
[    0.9516]   GS thread is on processor 23 (0x800000)
[    0.9616] Failed to inhibit screen saver.
[    0.9872] # Initialize memory (rev:3.70, ctm:197Mhz, cpuclk:147Mhz detected)
[    0.9956] R3000 Debugger: Branch to 0x890 (SYSMEM). Clearing modules.
[    0.9971] RegisterLibraryEntries: excepman version 1.01
[    0.9980] RegisterLibraryEntries:  intrman version 1.02
[    0.9981] RegisterLibraryEntries:   ssbusc version 1.01
[    0.9984] RegisterLibraryEntries:  dmacman version 1.02
[    0.9989] RegisterLibraryEntries:  timrman version 1.01
[    0.9993] RegisterLibraryEntries:  sysclib version 1.01
[    0.9993] RegisterLibraryEntries:    stdio version 1.01
[    0.9995] RegisterLibraryEntries:  heaplib version 1.01
[    0.9999] FW: read mem 0x1f80847c: 0x10000001
[    1.0000] FW: write mem 0x1f808414: 0x417f0000
[    1.0000] FW: read mem 0x1f808400: 0xffc00001
[    1.0000] FW: write mem 0x1f80844c: 0xffffffff
[    1.0000] FW: write mem 0x1f808420: 0xffffffff
[    1.0000] FW: write mem 0x1f808428: 0xffffffff
[    1.0000] FW: write mem 0x1f808430: 0xffffffff
[    1.0010] RegisterLibraryEntries:   thbase version 1.01
[    1.0011] RegisterLibraryEntries:  thevent version 1.01
[    1.0011] RegisterLibraryEntries:  thsemap version 1.01
[    1.0011] RegisterLibraryEntries:  thmsgbx version 1.01
[    1.0012] RegisterLibraryEntries:  thfpool version 1.01
[    1.0012] RegisterLibraryEntries:  thvpool version 1.01
[    1.0019] RegisterLibraryEntries:   vblank version 1.01
[    1.0024] RegisterLibraryEntries:    ioman version 1.02
[    1.0030] RegisterLibraryEntries:  modload version 1.01
[    1.0034] RegisterLibraryEntries:   romdrv version 2.01
[    1.0036] RegisterLibraryEntries:    stdio version 1.02
[    1.0040] RegisterLibraryEntries:   sifman version 1.01
[    1.0042] 
[    1.0043] PlayStation 2 ======== Hard reset boot
[    1.0046]  ROMGEN=2004-0614, IOP info (CPUID=1f, CACH_CONFIG=0, 2MB, IOP mode)
[    1.0047]  <20040614-100914,ROMconf,PS20200EC20040614.bin:11696>
[    1.0142] # Total accessable memory size: 32 MB (B:2:8:0) (370:2:7c30)
[    1.0154] # TLB spad=0 kernel=1:12 default=13:30 extended=31:38
[    1.0748] # Initialize Start.
[    1.0753] # Initialize GS ...
[    1.0753] # Initialize INTC ...
[    1.0753] # Initialize TIMER ...
[    1.0754] # Initialize DMAC ...
[    1.0755] # Initialize VU1 ...
[    1.0756] # Initialize VIF1 ...
[    1.0757] # Initialize GIF ...
[    1.0758] # Initialize VU0 ...
[    1.0759] # Initialize VIF0 ...
[    1.0759] # Initialize IPU ...
[    1.0761] # Initialize FPU ...
[    1.0761] # Initialize User Memory ...
[    1.1334] # Initialize Scratch Pad ...
[    1.1335] # Initialize Done.
[    1.1344] 
[    1.1344] EE DECI2 Manager version 0.06 Feb  6 2003 08:38:48
[    1.1344]   CPUID=2e20, BoardID=0, ROMGEN=2004-0614, 32M
[    1.1344] 
[    1.1346] RegisterLibraryEntries:   sifcmd version 1.01
[    1.1626] Initializing Elf: 4455708 bytes
[    1.1648] ELF Loading: host:vehicle-playground.elf, Game CRC = 255D8279, EntryPoint = 0x00100E78
[    1.1675] RegisterLibraryEntries:  cdvdman version 1.01
[    1.1709] Imported 823 symbols.
[    1.1755] RegisterLibraryEntries:  cdvdfsv version 1.01
[    1.1770] RegisterLibraryEntries:  secrman version 1.03
[    1.1771] RegisterLibraryEntries:   eesync version 1.01
[    1.1772] 
[    1.1772] IOP Realtime Kernel Ver.0.9.1
[    1.1773]     Copyright 1999 (C) Sony Computer Entertainment Inc. 
[    1.1779] Reboot service module.(99/11/10)
[    1.1802] cdvd driver module version 0.1.1 (C)SCEI
[    1.1807] Load File service.(99/11/05)
[    1.1808] Multi Threaded Fileio module.(99/11/15) 
[    1.1808] iop heap service (99/11/03)
[    1.2066] loadelf: fname host:vehicle-playground.elf secname all
[    1.2067] loadelf version 3.30
[    1.2091] Input ELF format filename = host:vehicle-playground.elf
[    1.2247] PINE: New client with FD 14 connected.
[    1.2250] PINE: Client disconnected.
[    1.2534] 1 00100000 003f3d3c ................................................................
[    1.2535] Loaded, host:vehicle-playground.elf
[    1.2535] start address 0x100e78
[    1.2535] gp address 00000000
[    1.2542] (VMManager) Pausing...
[    1.2543] (VMManager) Resuming...
[    1.2656] Failed to inhibit screen saver.
[    1.2656] EE/iR5900 Recompiler Reset
[    1.2826] # Restart Without Memory Clear.
[    1.2951] # Initialize GS ...
[    1.2951] # Initialize INTC ...
[    1.2952] # Initialize TIMER ...
[    1.2953] # Initialize DMAC ...
[    1.2954] # Initialize VU1 ...
[    1.2955] # Initialize VIF1 ...
[    1.2956] # Initialize GIF ...
[    1.2956] # Initialize VU0 ...
[    1.2957] # Initialize VIF0 ...
[    1.2958] # Initialize IPU ...
[    1.2959] # Initialize FPU ...
[    1.2959] # Initialize Scratch Pad ...
[    1.2959] # Restart Without Memory Clear Done.
[    1.2961] ELF host:vehicle-playground.elf with entry point at 0x00100E78 is executing.
[    1.2962] ELF changed, active CRC 255D8279 (host:vehicle-playground.elf)
[    1.2966] Applying core settings...
[    1.2971] Updating CPU configuration...
[    1.2971] iR3000A Recompiler reset.
[    1.3090] Debugger Settings Manager: Failed to read Saved Addresses array from settings file: '/home/spider/pool2-static-b192-arm1-repeat2-20261005/profile/PCSX2/inis/debuggersettings/vehicle-playground_255D8279.json'
[    1.3090] Debugger Settings Manager: Failed to read Saved Addresses array from settings file: '/home/spider/pool2-static-b192-arm1-repeat2-20261005/profile/PCSX2/inis/debuggersettings/vehicle-playground_255D8279.json'
[    1.3202] iR3000A Recompiler reset.
[    1.3255] PINE: New client with FD 14 connected.
[    1.3257] PINE: Client disconnected.
[    1.3267] EE/iR5900 Recompiler Reset
[    1.3414] (VMManager) Pausing...
[    1.3417] EE/iR5900 Recompiler Reset
[    1.3569] EE/iR5900 Recompiler Reset
[    1.3750] iR3000A Recompiler reset.
[    1.3786] EE/iR5900 Recompiler Reset
[    1.3956] iR3000A Recompiler reset.
[    1.3991] EE/iR5900 Recompiler Reset
[    1.4157] iR3000A Recompiler reset.
[    1.4193] EE/iR5900 Recompiler Reset
[    1.4264] PINE: New client with FD 14 connected.
[    1.4266] PINE: Client disconnected.
[    1.4352] iR3000A Recompiler reset.
[    1.4385] EE/iR5900 Recompiler Reset
[    1.5473] PINE: New client with FD 14 connected.
[    1.5477] OSD [SaveStateSlot140]: Saving state to slot 140...
[    1.5764]   Saving SPU2
[    1.5769]   Saving GS
[    1.6805] OSD [SaveStateSlot140]: Saved state to slot 140.
[    1.6805] Zipping save state to '/home/spider/pool2-static-b192-arm1-repeat2-20261005/profile/PCSX2/sstates/vehicle-playground (255D8279).140.p2s' took 95.79 ms
[    2.8297] PINE: Client disconnected.
[    3.2918] PINE: New client with FD 14 connected.
[    3.2965] (VMManager) Resuming...
[    3.3083] Failed to inhibit screen saver.
[    3.3102] BIOS: Successfully found the instruction pattern. Assuming the thread list is here: 8001a640
[    3.3126] Warning: GetOsdConfigParam2 Reading extended language/version configs, may be incorrect!
[    3.3255] read/write allocate memory 4000
[    3.3256] open name host:/ps2link.run flag 1 data 41378
[    3.3266] open fd = -5
[    3.3296] Get Reboot Request From EE
[    3.3310] R3000 Debugger: Branch to 0x890 (SYSMEM). Clearing modules.
[    3.3330] RegisterLibraryEntries: excepman version 1.01
[    3.3340] RegisterLibraryEntries:  intrman version 1.02
[    3.3342] RegisterLibraryEntries:   ssbusc version 1.01
[    3.3348] RegisterLibraryEntries:  dmacman version 1.02
[    3.3353] RegisterLibraryEntries:  timrman version 1.01
[    3.3358] RegisterLibraryEntries:  sysclib version 1.01
[    3.3358] RegisterLibraryEntries:    stdio version 1.01
[    3.3360] RegisterLibraryEntries:  heaplib version 1.01
[    3.3379] RegisterLibraryEntries:   thbase version 1.01
[    3.3380] RegisterLibraryEntries:  thevent version 1.01
[    3.3380] RegisterLibraryEntries:  thsemap version 1.01
[    3.3380] RegisterLibraryEntries:  thmsgbx version 1.01
[    3.3381] RegisterLibraryEntries:  thfpool version 1.01
[    3.3381] RegisterLibraryEntries:  thvpool version 1.01
[    3.3390] RegisterLibraryEntries:   vblank version 1.01
[    3.3395] RegisterLibraryEntries:    ioman version 1.02
[    3.3405] RegisterLibraryEntries:  modload version 1.01
[    3.3489] RegisterLibraryEntries:   romdrv version 2.01
[    3.3493] RegisterLibraryEntries:    stdio version 1.02
[    3.3498] RegisterLibraryEntries:   sifman version 1.01
[    3.3503] 
[    3.3503] PlayStation 2 ======== Soft reboot
[    3.3510] RegisterLibraryEntries:   sifcmd version 1.01
[    3.3546] RegisterLibraryEntries:  cdvdman version 1.01
[    3.3560] RegisterLibraryEntries:  cdvdfsv version 1.01
[    3.3637] RegisterLibraryEntries:  secrman version 1.03
[    3.3638] RegisterLibraryEntries:   eesync version 1.01
[    3.3639] 
[    3.3639] IOP Realtime Kernel Ver.0.9.1
[    3.3640]     Copyright 1999 (C) Sony Computer Entertainment Inc. 
[    3.3645] Reboot service module.(99/11/10)
[    3.3665] [EE] Skipping timeout loop at 0x002D2FB0 -> 0x002D2FD0
[    3.3666] cdvd driver module version 0.1.1 (C)SCEI
[    3.3669] Load File service.(99/11/05)
[    3.3669] Multi Threaded Fileio module.(99/11/15) 
[    3.3670] iop heap service (99/11/03)
[    3.3854] RegisterLibraryEntries:   iomanx version 1.01
[    3.3865] fileXio: fileXio: fileXio RPC Server v1.00
[    3.3865] Copyright (c) 2003 adresd
[    3.3867] RegisterLibraryEntries:  sio2man version 2.07
[    3.3868] RegisterLibraryEntries:  sio2man version 1.02
[    3.3874] RegisterLibraryEntries:   padman version 1.02
[    3.3875] Pad Driver for OSD
[    3.3879] FREESD v1.01
[    3.3879] RegisterLibraryEntries:    libsd version 1.04
[    3.3883] debug_level = 1 (ps2snd 0.1
[    3.3971] PINE: Client disconnected.
[    3.4009] greetings from version 0.93 !
[    3.4009] RegisterLibraryEntries:   audsrv version 1.04
[    3.4010] audsrv_adpcm_init()
[    3.4022] UpdateVSyncRate: Mode Changed to SDTV 480p.
[    3.4022] Frame rate: 59.94, target speed: 1, target frame rate: 59.94, ticks per frame: 16683350
[    3.4022] Set GS CRTC configuration. SDTV   720x480 @ 59.94 Progressive (FRAME)
[    5.4733] read/write allocate memory 4000
[    5.4736] 
[    5.4740] -----------------------------------------
[    5.4741]         _____        ____   ___
[    5.4741]           |     /   ____| |___|
[    5.4742]           |     |   |     |   |
[    5.4742] -----------------------------------------
[    5.4743] Copyright 2022
[    5.4744] Repository: https://github.com/h4570/tyra
[    5.4744] Licensed under Apache License 2.0
[    5.4748] Version: 2.2.0
[    5.4749] -----------------------------------------
[    5.4750] 
[    5.6389] audsrv_adpcm_init()
[    5.6399] [EE] Skipping timeout loop at 0x00102CB0 -> 0x00102CD0
[    5.6730] Curent pad(0,0) status: EXECCMD
[    5.8711] Pad: DS2 Config Finished - P1/S1 - AL: Off - AB: Usable - VS: Disabled - VL: Disabled - RB: D (0x00000000)
[    5.9053] Curent pad(0,0) status: EXECCMD
[    5.9711] Pad: DS2 Config Finished - P1/S1 - AL: On - AB: Locked - VS: Disabled - VL: Disabled - RB: D (0x00000000)
[    6.1721] Pad: DS2 Config Finished - P1/S1 - AL: On - AB: Locked - VS: Disabled - VL: Disabled - RB: D (0x00000000)
[    6.2056] Curent pad(0,0) status: EXECCMD
[    6.4714] Pad: DS2 Config Finished - P1/S1 - AL: On - AB: Locked - VS: Disabled - VL: Disabled - RB: D+A+P (0x0003FFFF)
[    6.6721] Pad: DS2 Config Finished - P1/S1 - AL: On - AB: Locked - VS: Disabled - VL: Disabled - RB: D+A+P (0x0003FFFF)
[    6.7081] open name host:/pool2-probe.cfg flag 1 data 41378
[    6.7095] open fd = 256
[    6.7151] open name host:/hud/flare-corona.png flag 1 data 41378
[    6.7167] open fd = 256
[    6.7362] LOG: POOL2PROBE_CONFIG arm=1 vertices=192 members=2 repeats=2 package=75 alpha=128
[    6.7372] FRAMEARENA allocated=1 bytes=1048576
[    6.7491] microVU1: Cached Prog = [000] [PC=18e0] [List=01] (Cache=0.000%) [0.0mb]
[    6.7501] microVU1: 3 cycle stall on branch instruction [1f78]
[    6.7511] microVU1: Cached Prog = [001] [PC=2480] [List=01] (Cache=0.246%) [0.1mb]
[    6.7520] microVU1: 3 cycle stall on branch instruction [1f78]
[    6.7641] LOG: POOL2PROBE_FRAME frame=1 cold=1 arm=1 eligible=3 applied=3 compared=3 mismatches=0
[    6.7780] LOG: POOL2PROBE_FRAME frame=2 cold=0 arm=1 eligible=3 applied=3 compared=3 mismatches=0
[    6.7781] LOG: POOL2PROBE_READY arm=1 vertices=192 repeats=2 completed=2 warmBypass=0
[    6.7781] (VMManager) Pausing...
[    6.8231] PINE: New client with FD 14 connected.
[    6.8234] PINE: Client disconnected.
[    6.9383] PINE: New client with FD 14 connected.
[    6.9386] OSD [SaveStateSlot167]: Saving state to slot 167...
[    6.9673]   Saving SPU2
[    6.9679]   Saving GS
[    7.0708] OSD [SaveStateSlot167]: Saved state to slot 167.
[    7.0708] Zipping save state to '/home/spider/pool2-static-b192-arm1-repeat2-20261005/profile/PCSX2/sstates/vehicle-playground (255D8279).167.p2s' took 96.17 ms
[    8.2142] PINE: Client disconnected.
