[    0.0165] Program Path: /home/spider/tyrax2-debugger-linux-v1/squashfs-root/usr/bin/pcsx2-qt
[    0.0165] AppRoot Directory: /home/spider/tyrax2-debugger-linux-v1/squashfs-root/usr/bin
[    0.0165] Resources Directory: /home/spider/tyrax2-debugger-linux-v1/squashfs-root/usr/bin/resources
[    0.0166] DataRoot Directory: /home/spider/pool2-ee-probe-b192-arm1-repeat2-20261005-v1/profile/PCSX2
[    0.0166] Loading config from /home/spider/pool2-ee-probe-b192-arm1-repeat2-20261005-v1/profile/PCSX2/inis/PCSX2.ini.
[    0.0169] Loading secrets from /home/spider/pool2-ee-probe-b192-arm1-repeat2-20261005-v1/profile/PCSX2/inis/secrets.ini.
[    0.0173] BIOS Directory: /mnt/c/Users/pawel/OneDrive/Documents/PCSX2/bios
[    0.0173] Snapshots Directory: /home/spider/pool2-ee-probe-b192-arm1-repeat2-20261005-v1/profile/PCSX2/snaps
[    0.0173] Savestates Directory: /home/spider/pool2-ee-probe-b192-arm1-repeat2-20261005-v1/profile/PCSX2/sstates
[    0.0173] MemoryCards Directory: /home/spider/pool2-ee-probe-b192-arm1-repeat2-20261005-v1/profile/PCSX2/memcards
[    0.0173] Logs Directory: /home/spider/pool2-ee-probe-b192-arm1-repeat2-20261005-v1/profile/PCSX2/logs
[    0.0173] Cheats Directory: /home/spider/pool2-ee-probe-b192-arm1-repeat2-20261005-v1/profile/PCSX2/cheats
[    0.0173] Patches Directory: /home/spider/pool2-ee-probe-b192-arm1-repeat2-20261005-v1/profile/PCSX2/patches
[    0.0173] Covers Directory: /home/spider/pool2-ee-probe-b192-arm1-repeat2-20261005-v1/profile/PCSX2/covers
[    0.0173] Game Settings Directory: /home/spider/pool2-ee-probe-b192-arm1-repeat2-20261005-v1/profile/PCSX2/gamesettings
[    0.0173] Resources Directory: /home/spider/tyrax2-debugger-linux-v1/squashfs-root/usr/bin/resources
[    0.0173] User Resources Directory: /home/spider/pool2-ee-probe-b192-arm1-repeat2-20261005-v1/profile/PCSX2/resources
[    0.0173] Cache Directory: /home/spider/pool2-ee-probe-b192-arm1-repeat2-20261005-v1/profile/PCSX2/cache
[    0.0173] Textures Directory: /home/spider/pool2-ee-probe-b192-arm1-repeat2-20261005-v1/profile/PCSX2/textures
[    0.0173] Input Profile Directory: /home/spider/pool2-ee-probe-b192-arm1-repeat2-20261005-v1/profile/PCSX2/inputprofiles
[    0.0173] Video Dumping Directory: /home/spider/pool2-ee-probe-b192-arm1-repeat2-20261005-v1/profile/PCSX2/videos
[    0.0173] Debugger Layouts Directory: /home/spider/pool2-ee-probe-b192-arm1-repeat2-20261005-v1/profile/PCSX2/inis/debuggerlayouts
[    0.0173] Debugger Settings Directory: /home/spider/pool2-ee-probe-b192-arm1-repeat2-20261005-v1/profile/PCSX2/inis/debuggersettings
[    0.0321] Loaded translation file for language en-US
[    0.0388] PCSX2 v2.9.93
[    0.0389] Savestate version: 0x9a590000
[    0.0389] 
[    0.0389] 
[    0.0389] Host Machine Init:
[    0.0390]   Operating System = Ubuntu 22.04
[    0.0390]   Available RAM    = 49089 MB (47.94 GB)
[    0.0390]   Physical RAM     = 50191 MB (49.02 GB)
[    0.0390] 
[    0.0390]   Processor        = AMD Ryzen Threadripper 1920X
[    0.0390]   Core Count       = 24 cores
[    0.0390]   Thread Count     = 24 threads
[    0.0390]   Cluster Count    = 1 clusters
[    0.0390] CPU Extensions Detected:
[    0.0390]   AVX AVX2
[    0.0390] 
[    0.0390] Allocating host memory for virtual systems...
[    0.0394]   EE Main Memory                   @ 0x00007FA2D7200000 -> 0x00007FA2E0100000 [143mb]
[    0.0394]   IOP Main Memory                  @ 0x00007FA2E0100000 -> 0x00007FA2E8200000 [129mb]
[    0.0394]   VU0/1 On-Chip Memory             @ 0x00007FA2E8200000 -> 0x00007FA2E8300000 [1mb]
[    0.0394]   VTLB Virtual Map                 @ 0x00007FA2E8300000 -> 0x00007FA2E8B00000 [8mb]
[    0.0394]   VTLB Address Map                 @ 0x00007FA2E8B00000 -> 0x00007FA2E8F00000 [4mb]
[    0.0394]   R5900 Recompiler Cache           @ 0x00007FA2E8F00000 -> 0x00007FA2ECF00000 [64mb]
[    0.0394]   R3000A Recompiler Cache          @ 0x00007FA2ECF00000 -> 0x00007FA2EEF00000 [32mb]
[    0.0394]   Micro VU0 Recompiler Cache       @ 0x00007FA2EFF00000 -> 0x00007FA2F3F00000 [64mb]
[    0.0394]   Micro VU1 Recompiler Cache       @ 0x00007FA2F3F00000 -> 0x00007FA2F7F00000 [64mb]
[    0.0394]   VIF0 Unpack Recompiler Cache     @ 0x00007FA2EEF00000 -> 0x00007FA2EF700000 [8mb]
[    0.0394]   VIF1 Unpack Recompiler Cache     @ 0x00007FA2EF700000 -> 0x00007FA2EFF00000 [8mb]
[    0.0394]   VIF Unpack Recompiler Cache      @ 0x00007FA2F7F00000 -> 0x00007FA2F8000000 [1mb]
[    0.0394]   GS Software Renderer             @ 0x00007FA2F8000000 -> 0x00007FA2FC000000 [64mb]
[    0.0413] Fastmem area: 0x7fa1d7200000 - 0x7fa2d71fffff
[    0.0439] Generating SSE-optimized unpacking functions for VIF interpreters...
[    0.0442] Unpack function generation complete.  Generated function statistics:
[    0.0442]   Reserved buffer    : 1048576 bytes @ 0x00007FA2F7F00000
[    0.0442]   x86 code generated : 7422 bytes
[    0.0442] 
[    0.0445] SDLInputSource: Using Controller DB from resources.
[    0.0619] SDLInputSource: 765 gamepad mappings are loaded.
[    0.0620] Invalid binding: 'XInput-0/DPadUp'
[    0.0620] Invalid binding: 'XInput-0/DPadRight'
[    0.0620] Invalid binding: 'XInput-0/DPadDown'
[    0.0620] Invalid binding: 'XInput-0/DPadLeft'
[    0.0620] Invalid binding: 'XInput-0/Y'
[    0.0620] Invalid binding: 'XInput-0/B'
[    0.0620] Invalid binding: 'XInput-0/A'
[    0.0620] Invalid binding: 'XInput-0/X'
[    0.0620] Invalid binding: 'XInput-0/Back'
[    0.0620] Invalid binding: 'XInput-0/Start'
[    0.0620] Invalid binding: 'XInput-0/LeftShoulder'
[    0.0620] Invalid binding: 'XInput-0/+LeftTrigger'
[    0.0620] Invalid binding: 'XInput-0/RightShoulder'
[    0.0621] Invalid binding: 'XInput-0/+RightTrigger'
[    0.0621] Invalid binding: 'XInput-0/LeftStick'
[    0.0621] Invalid binding: 'XInput-0/RightStick'
[    0.0621] Invalid binding: 'XInput-0/Guide'
[    0.0621] Invalid binding: 'XInput-0/-LeftY'
[    0.0621] Invalid binding: 'XInput-0/+LeftX'
[    0.0621] Invalid binding: 'XInput-0/+LeftY'
[    0.0621] Invalid binding: 'XInput-0/-LeftX'
[    0.0621] Invalid binding: 'XInput-0/-RightY'
[    0.0621] Invalid binding: 'XInput-0/+RightX'
[    0.0621] Invalid binding: 'XInput-0/+RightY'
[    0.0621] Invalid binding: 'XInput-0/-RightX'
[    0.0626] Settings: Advanced Settings are enabled; only proceed if you know what you're doing! No support will be provided if you have the option enabled.
[    0.1074] Scanning F:\PS2\Games (recursively)
[    0.2329] Loading BIOS...
[    0.2438] BIOS Found: Europe  v02.00(14/06/2004)  Console 20040614-100914
[    0.3086] Mechacon version: 0x00020603
[    0.3102] Opening CDVD...
[    0.3391] Initializing Elf: 4464732 bytes
[    0.3399] Disc changed to .
[    0.3400]   Name: vehicle-playground [?]
[    0.3400]   Serial: vehicle-playground
[    0.3400]   Version: 
[    0.3400]   CRC: 1C2826FE
[    0.3400] No game settings found (tried '/home/spider/pool2-ee-probe-b192-arm1-repeat2-20261005-v1/profile/PCSX2/gamesettings/1C2826FE.ini')
[    0.3400] Applying settings...
[    0.3404] Invalid binding: 'XInput-0/DPadUp'
[    0.3404] Invalid binding: 'XInput-0/DPadRight'
[    0.3404] Invalid binding: 'XInput-0/DPadDown'
[    0.3404] Invalid binding: 'XInput-0/DPadLeft'
[    0.3404] Invalid binding: 'XInput-0/Y'
[    0.3404] Invalid binding: 'XInput-0/B'
[    0.3404] Invalid binding: 'XInput-0/A'
[    0.3404] Invalid binding: 'XInput-0/X'
[    0.3404] Invalid binding: 'XInput-0/Back'
[    0.3404] Invalid binding: 'XInput-0/Start'
[    0.3404] Invalid binding: 'XInput-0/LeftShoulder'
[    0.3404] Invalid binding: 'XInput-0/+LeftTrigger'
[    0.3404] Invalid binding: 'XInput-0/RightShoulder'
[    0.3404] Invalid binding: 'XInput-0/+RightTrigger'
[    0.3404] Invalid binding: 'XInput-0/LeftStick'
[    0.3404] Invalid binding: 'XInput-0/RightStick'
[    0.3404] Invalid binding: 'XInput-0/Guide'
[    0.3404] Invalid binding: 'XInput-0/-LeftY'
[    0.3404] Invalid binding: 'XInput-0/+LeftX'
[    0.3404] Invalid binding: 'XInput-0/+LeftY'
[    0.3404] Invalid binding: 'XInput-0/-LeftX'
[    0.3405] Invalid binding: 'XInput-0/-RightY'
[    0.3405] Invalid binding: 'XInput-0/+RightX'
[    0.3405] Invalid binding: 'XInput-0/+RightY'
[    0.3405] Invalid binding: 'XInput-0/-RightX'
[    0.3407] GameDB: Has not been initialized yet, initializing...
[    0.3857] GameDB: 12841 games on record (loaded in 44.93ms)
[    0.3886] Reopening memory cards...
[    0.3887] (FileMcd) Creating new 8MB memory card: /home/spider/pool2-ee-probe-b192-arm1-repeat2-20261005-v1/profile/PCSX2/memcards/Mcd001.ps2
[    0.3994] McdSlot 0 [File]: Mcd001.ps2 [8 MB, UNFORMATTED]
[    0.3994] McdSlot 1 [File]: [disabled/empty filename]
[    0.4040] HLE Host: Set 'host:' root path to: /mnt/f/Projects/tyrax2-lab-20261001/wild-pool2-ee-probe-physical-v1/game/bin
[    0.4040] EE/iR5900 Recompiler Reset
[    0.4436] iR3000A Recompiler reset.
[    0.4595] Resetting host memory for virtual systems...
[    0.6898] Time Zone Offset: GMT+01:00
[    0.6899] Time Zone Location: Berlin
[    0.6899] DST: Winter Time
[    0.6899] Time Format: 24-Hour
[    0.6899] Date Format: DD/MM/YYYY
[    0.6899] System Time Basis: Operating System Time
[    0.6899] Resulting System Time: 2026-10-05 12:55:11
[    0.6899] Close virtual disk tray
[    0.6899] Media already loaded (fast boot)
[    0.6899] Opening GS...
[    0.7284] VK: Enabling extension: VK_KHR_get_surface_capabilities2
[    0.7391] Using Vulkan GPU 'llvmpipe (LLVM 15.0.7, 256 bits)' for automatic renderer check.
[    0.7392] Not using Vulkan for software renderer.
[    0.7393] acquireRenderWindow() recreate=true fullscreen=false render_to_main=true surfaceless=false
[    0.7422] (GetRefreshRateFromXRandR) Modeline is invalid: 0/0/0
[    0.7423] Surface refresh rate: 60 Hz
[    0.7428] Loading EGL from libEGL.so...
[    0.7439] GLAD EGL Version: 1.0
[    0.7439] Using EGL platform EGL_EXT_platform_x11.
[    0.7522] eglInitialize() version: 1.5
[    0.7523] GLAD EGL Version: 1.5
[    0.7523] Trying GL version 4.6
[    0.7524] eglCreateContext() failed: 0x3009
[    0.7524] Trying GL version 4.5
[    0.7628] Got GL version 4.5
[    0.7628] EGL_MIN_SWAP_INTERVAL = 1
[    0.7628] EGL_MAX_SWAP_INTERVAL = 1
[    0.7628] Negative swap interval/tear-control is NOT supported
[    0.7654] GL_VENDOR: Mesa
[    0.7654] GL_VERSION: 4.5 (Core Profile) Mesa 23.2.1-1ubuntu3.1~22.04.4
[    0.7654] GL_RENDERER: llvmpipe (LLVM 15.0.7, 256 bits)
[    0.7655] GL_SHADING_LANGUAGE_VERSION: 4.50
[    0.7655] GL_MAX_VERTEX_SHADER_STORAGE_BLOCKS: 16
[    0.7655] GL: Viewport Array:            Supported       => Using: GL_ARB_viewport_array
[    0.7655] GL: Direct State Access:       Supported       => Using: OpenGL 4.5 Core
[    0.7655] GL: Copy Image:                Supported       => Using: OpenGL 4.3 Core
[    0.7655] GL: Clip Control:              Supported       => Using: OpenGL 4.5 Core
[    0.7655] GL: Conservative Depth:        Supported       => Using: OpenGL 4.2 Core
[    0.7655] GL: CAS Sharpening:            Supported       => Using: OpenGL 4.2 Core
[    0.7655] GL: Texture Barriers:          Auto            => Using: Framebuffer Fetch
[    0.7655] GL: RGBA16 HW Blending:        Supported       => Using: RGBA16 UNORM
[    0.7655] GL: Point Expansion:           Supported       => Using: Hardware
[    0.7655] GL: Line Expansion:            Fallback        => Using: Vertex Expansion
[    0.7655] GL: Sprite Expansion:          Supported       => Using: Vertex Expansion
[    0.7656] GL: DXTn Texture Compression:  Supported       => Using: GL_EXT_texture_compression_s3tc
[    0.7656] GL: BC6/7 Texture Compression: Supported       => Using: OpenGL 4.2 Core
[    0.7742] 1 program binary formats supported by driver
[    0.8084] Program binary retrieved, 4105 bytes, format 34655
[    0.8088] Program binary retrieved, 4121 bytes, format 34655
[    0.8092] Program binary retrieved, 4249 bytes, format 34655
[    0.8096] Program binary retrieved, 4013 bytes, format 34655
[    0.8100] Program binary retrieved, 4013 bytes, format 34655
[    0.8103] Program binary retrieved, 4017 bytes, format 34655
[    0.8107] Program binary retrieved, 4017 bytes, format 34655
[    0.8111] Program binary retrieved, 4185 bytes, format 34655
[    0.8115] Program binary retrieved, 4217 bytes, format 34655
[    0.8119] Program binary retrieved, 4137 bytes, format 34655
[    0.8122] Program binary retrieved, 4125 bytes, format 34655
[    0.8126] Program binary retrieved, 4121 bytes, format 34655
[    0.8131] Program binary retrieved, 4253 bytes, format 34655
[    0.8137] Program binary retrieved, 4237 bytes, format 34655
[    0.8141] Program binary retrieved, 4245 bytes, format 34655
[    0.8145] Program binary retrieved, 4261 bytes, format 34655
[    0.8150] Program binary retrieved, 4965 bytes, format 34655
[    0.8154] Program binary retrieved, 4981 bytes, format 34655
[    0.8158] Program binary retrieved, 4261 bytes, format 34655
[    0.8162] Program binary retrieved, 4277 bytes, format 34655
[    0.8167] Program binary retrieved, 5005 bytes, format 34655
[    0.8171] Program binary retrieved, 5021 bytes, format 34655
[    0.8176] Program binary retrieved, 4257 bytes, format 34655
[    0.8180] Program binary retrieved, 4273 bytes, format 34655
[    0.8185] Program binary retrieved, 5001 bytes, format 34655
[    0.8191] Program binary retrieved, 5017 bytes, format 34655
[    0.8195] Program binary retrieved, 4277 bytes, format 34655
[    0.8199] Program binary retrieved, 4293 bytes, format 34655
[    0.8204] Program binary retrieved, 5057 bytes, format 34655
[    0.8209] Program binary retrieved, 5073 bytes, format 34655
[    0.8213] Program binary retrieved, 4153 bytes, format 34655
[    0.8217] Program binary retrieved, 4169 bytes, format 34655
[    0.8221] Program binary retrieved, 4233 bytes, format 34655
[    0.8226] Program binary retrieved, 5781 bytes, format 34655
[    0.8231] Program binary retrieved, 5373 bytes, format 34655
[    0.8237] Program binary retrieved, 6389 bytes, format 34655
[    0.8241] Program binary retrieved, 4917 bytes, format 34655
[    0.8245] Program binary retrieved, 4845 bytes, format 34655
[    0.8250] Program binary retrieved, 4997 bytes, format 34655
[    0.8253] Program binary retrieved, 4101 bytes, format 34655
[    0.8283] Program binary retrieved, 4137 bytes, format 34655
[    0.8315] Program binary retrieved, 4109 bytes, format 34655
[    0.8319] Program binary retrieved, 5389 bytes, format 34655
[    0.8323] Program binary retrieved, 5829 bytes, format 34655
[    0.8327] Program binary retrieved, 5857 bytes, format 34655
[    0.8335] Program binary retrieved, 4289 bytes, format 34655
[    0.8361] Program binary retrieved, 21205 bytes, format 34655
[    0.8366] Program binary retrieved, 4765 bytes, format 34655
[    0.8370] Program binary retrieved, 5685 bytes, format 34655
[    0.8374] Program binary retrieved, 4141 bytes, format 34655
[    0.8377] Program binary retrieved, 4537 bytes, format 34655
[    0.8381] Program binary retrieved, 4889 bytes, format 34655
[    0.8384] Program binary retrieved, 4117 bytes, format 34655
[    0.8388] Program binary retrieved, 4741 bytes, format 34655
[    0.8392] Program binary retrieved, 4965 bytes, format 34655
[    0.8400] Program binary retrieved, 6613 bytes, format 34655
[    0.8404] Program binary retrieved, 4797 bytes, format 34655
[    0.8419] Program binary retrieved, 13085 bytes, format 34655
[    0.8482] Program binary retrieved, 7285 bytes, format 34655
[    0.8539] Program binary retrieved, 5497 bytes, format 34655
[    0.8543] Program binary retrieved, 4141 bytes, format 34655
[    0.8546] Program binary retrieved, 4141 bytes, format 34655
[    0.8550] Program binary retrieved, 4145 bytes, format 34655
[    0.8554] Program binary retrieved, 4145 bytes, format 34655
[    0.9095] Program binary retrieved, 5369 bytes, format 34655
[    0.9115] OpenGL Graphics Driver Info:
[    0.9115] OpenGL Context:
[    0.9115] 4.5 (Core Profile) Mesa 23.2.1-1ubuntu3.1~22.04.4
[    0.9115] Mesa llvmpipe (LLVM 15.0.7, 256 bits)
[    0.9115] GLSL: 4.50
[    0.9147] Processor count: 24 cores, 24 processors, 1 clusters
[    0.9147] Ordered processor list: 12, 23, 22, 21, 20, 19, 18, 17, 16, 15, 14, 13, 0, 11, 10, 9, 8, 7, 6, 5, 4, 3, 2, 1
[    0.9147] Not pinning SW threads, we need 4 processors, but only have 0
[    0.9151] Opening SPU2...
[    0.9153] Creating Null audio stream, sample rate = 48000, expansion = Disabled, buffer = 50, latency = 32, stretching enabled, driver = wasapi, device = 
[    0.9153] Allocated buffer of 2432 frames for buffer of 50 ms [expansion Disabled (block size 2048), stretch disabled, target size 2432].
[    0.9153] Initializing Pad...
[    0.9153] Initializing SIO2...
[    0.9153] Initializing SIO0...
[    0.9153] Opening DEV9...
[    0.9154] DEV9: DEV9init
[    0.9156] DEV9: DEV9init2
[    0.9156] DEV9: DEV9init3
[    0.9186] DEV9: DEV9init ok
[    0.9186] DEV9: DEV9open
[    0.9186] Opening USB...
[    0.9186] Opening FW...
[    0.9189] Frame rate: 59.94, target speed: 1, target frame rate: 59.94, ticks per frame: 16683350
[    0.9232] VM subsystems initialized in 695.24 ms
[    0.9266] MultiPause time: 142ns
[    0.9267] MultiPause time: 142ns
[    0.9268] MultiPause time: 142ns
[    0.9268] MultiPause time: 142ns
[    0.9344] Failed to inhibit screen saver.
[    0.9345] Processor order assignment: EE=12, VU=23, GS=23
[    0.9345]   EE thread is on processor 12 (0x1000)
[    0.9346]   GS thread is on processor 23 (0x800000)
[    0.9445] Failed to inhibit screen saver.
[    0.9695] # Initialize memory (rev:3.70, ctm:197Mhz, cpuclk:147Mhz detected)
[    0.9776] R3000 Debugger: Branch to 0x890 (SYSMEM). Clearing modules.
[    0.9791] RegisterLibraryEntries: excepman version 1.01
[    0.9800] RegisterLibraryEntries:  intrman version 1.02
[    0.9801] RegisterLibraryEntries:   ssbusc version 1.01
[    0.9805] RegisterLibraryEntries:  dmacman version 1.02
[    0.9808] RegisterLibraryEntries:  timrman version 1.01
[    0.9811] RegisterLibraryEntries:  sysclib version 1.01
[    0.9812] RegisterLibraryEntries:    stdio version 1.01
[    0.9813] RegisterLibraryEntries:  heaplib version 1.01
[    0.9817] FW: read mem 0x1f80847c: 0x10000001
[    0.9817] FW: write mem 0x1f808414: 0x417f0000
[    0.9817] FW: read mem 0x1f808400: 0xffc00001
[    0.9817] FW: write mem 0x1f80844c: 0xffffffff
[    0.9817] FW: write mem 0x1f808420: 0xffffffff
[    0.9817] FW: write mem 0x1f808428: 0xffffffff
[    0.9817] FW: write mem 0x1f808430: 0xffffffff
[    0.9827] RegisterLibraryEntries:   thbase version 1.01
[    0.9827] RegisterLibraryEntries:  thevent version 1.01
[    0.9828] RegisterLibraryEntries:  thsemap version 1.01
[    0.9828] RegisterLibraryEntries:  thmsgbx version 1.01
[    0.9828] RegisterLibraryEntries:  thfpool version 1.01
[    0.9829] RegisterLibraryEntries:  thvpool version 1.01
[    0.9836] RegisterLibraryEntries:   vblank version 1.01
[    0.9841] RegisterLibraryEntries:    ioman version 1.02
[    0.9848] RegisterLibraryEntries:  modload version 1.01
[    0.9851] RegisterLibraryEntries:   romdrv version 2.01
[    0.9853] RegisterLibraryEntries:    stdio version 1.02
[    0.9857] RegisterLibraryEntries:   sifman version 1.01
[    0.9861] 
[    0.9862] PlayStation 2 ======== Hard reset boot
[    0.9864]  ROMGEN=2004-0614, IOP info (CPUID=1f, CACH_CONFIG=0, 2MB, IOP mode)
[    0.9866]  <20040614-100914,ROMconf,PS20200EC20040614.bin:11696>
[    0.9966] # Total accessable memory size: 32 MB (B:2:8:0) (370:2:7c30)
[    0.9976] # TLB spad=0 kernel=1:12 default=13:30 extended=31:38
[    1.0581] # Initialize Start.
[    1.0585] # Initialize GS ...
[    1.0585] # Initialize INTC ...
[    1.0586] # Initialize TIMER ...
[    1.0586] # Initialize DMAC ...
[    1.0587] # Initialize VU1 ...
[    1.0589] # Initialize VIF1 ...
[    1.0590] # Initialize GIF ...
[    1.0590] # Initialize VU0 ...
[    1.0592] # Initialize VIF0 ...
[    1.0593] # Initialize IPU ...
[    1.0594] # Initialize FPU ...
[    1.0594] # Initialize User Memory ...
[    1.1155] # Initialize Scratch Pad ...
[    1.1156] # Initialize Done.
[    1.1164] 
[    1.1164] EE DECI2 Manager version 0.06 Feb  6 2003 08:38:48
[    1.1164]   CPUID=2e20, BoardID=0, ROMGEN=2004-0614, 32M
[    1.1164] 
[    1.1166] RegisterLibraryEntries:   sifcmd version 1.01
[    1.1477] Initializing Elf: 4464732 bytes
[    1.1499] ELF Loading: host:vehicle-playground.elf, Game CRC = 1C2826FE, EntryPoint = 0x00100E78
[    1.1527] RegisterLibraryEntries:  cdvdman version 1.01
[    1.1557] Imported 823 symbols.
[    1.1591] RegisterLibraryEntries:  cdvdfsv version 1.01
[    1.1606] RegisterLibraryEntries:  secrman version 1.03
[    1.1607] RegisterLibraryEntries:   eesync version 1.01
[    1.1608] 
[    1.1608] IOP Realtime Kernel Ver.0.9.1
[    1.1608]     Copyright 1999 (C) Sony Computer Entertainment Inc. 
[    1.1614] Reboot service module.(99/11/10)
[    1.1634] cdvd driver module version 0.1.1 (C)SCEI
[    1.1639] Load File service.(99/11/05)
[    1.1640] Multi Threaded Fileio module.(99/11/15) 
[    1.1640] iop heap service (99/11/03)
[    1.1893] loadelf: fname host:vehicle-playground.elf secname all
[    1.1894] loadelf version 3.30
[    1.1915] Input ELF format filename = host:vehicle-playground.elf
[    1.2246] PINE: New client with FD 14 connected.
[    1.2247] PINE: Client disconnected.
[    1.2340] 1 00100000 003f603c ................................................................
[    1.2341] Loaded, host:vehicle-playground.elf
[    1.2341] start address 0x100e78
[    1.2341] gp address 00000000
[    1.2348] (VMManager) Pausing...
[    1.2350] (VMManager) Resuming...
[    1.2459] Failed to inhibit screen saver.
[    1.2460] EE/iR5900 Recompiler Reset
[    1.2613] # Restart Without Memory Clear.
[    1.2759] # Initialize GS ...
[    1.2759] # Initialize INTC ...
[    1.2759] # Initialize TIMER ...
[    1.2760] # Initialize DMAC ...
[    1.2761] # Initialize VU1 ...
[    1.2763] # Initialize VIF1 ...
[    1.2764] # Initialize GIF ...
[    1.2764] # Initialize VU0 ...
[    1.2766] # Initialize VIF0 ...
[    1.2767] # Initialize IPU ...
[    1.2769] # Initialize FPU ...
[    1.2769] # Initialize Scratch Pad ...
[    1.2769] # Restart Without Memory Clear Done.
[    1.2773] ELF host:vehicle-playground.elf with entry point at 0x00100E78 is executing.
[    1.2773] ELF changed, active CRC 1C2826FE (host:vehicle-playground.elf)
[    1.2777] Applying core settings...
[    1.2784] Updating CPU configuration...
[    1.2784] iR3000A Recompiler reset.
[    1.2876] Debugger Settings Manager: Failed to read Saved Addresses array from settings file: '/home/spider/pool2-ee-probe-b192-arm1-repeat2-20261005-v1/profile/PCSX2/inis/debuggersettings/vehicle-playground_1C2826FE.json'
[    1.2877] Debugger Settings Manager: Failed to read Saved Addresses array from settings file: '/home/spider/pool2-ee-probe-b192-arm1-repeat2-20261005-v1/profile/PCSX2/inis/debuggersettings/vehicle-playground_1C2826FE.json'
[    1.3017] iR3000A Recompiler reset.
[    1.3078] EE/iR5900 Recompiler Reset
[    1.3233] (VMManager) Pausing...
[    1.3236] EE/iR5900 Recompiler Reset
[    1.3255] PINE: New client with FD 14 connected.
[    1.3259] PINE: Client disconnected.
[    1.3438] EE/iR5900 Recompiler Reset
[    1.3610] iR3000A Recompiler reset.
[    1.3653] EE/iR5900 Recompiler Reset
[    1.3822] iR3000A Recompiler reset.
[    1.3860] EE/iR5900 Recompiler Reset
[    1.4050] iR3000A Recompiler reset.
[    1.4094] EE/iR5900 Recompiler Reset
[    1.4272] iR3000A Recompiler reset.
[    1.4313] EE/iR5900 Recompiler Reset
[    1.4652] PINE: New client with FD 14 connected.
[    1.4656] OSD [SaveStateSlot140]: Saving state to slot 140...
[    1.4954]   Saving SPU2
[    1.4959]   Saving GS
[    1.5912] OSD [SaveStateSlot140]: Saved state to slot 140.
[    1.5912] Zipping save state to '/home/spider/pool2-ee-probe-b192-arm1-repeat2-20261005-v1/profile/PCSX2/sstates/vehicle-playground (1C2826FE).140.p2s' took 89.06 ms
[    2.7719] PINE: Client disconnected.
[    3.2805] PINE: New client with FD 14 connected.
[    3.2862] (VMManager) Resuming...
[    3.2997] Failed to inhibit screen saver.
[    3.3016] BIOS: Successfully found the instruction pattern. Assuming the thread list is here: 8001a640
[    3.3049] Warning: GetOsdConfigParam2 Reading extended language/version configs, may be incorrect!
[    3.3174] read/write allocate memory 4000
[    3.3175] open name host:/ps2link.run flag 1 data 41378
[    3.3180] open fd = -5
[    3.3209] Get Reboot Request From EE
[    3.3222] R3000 Debugger: Branch to 0x890 (SYSMEM). Clearing modules.
[    3.3243] RegisterLibraryEntries: excepman version 1.01
[    3.3255] RegisterLibraryEntries:  intrman version 1.02
[    3.3257] RegisterLibraryEntries:   ssbusc version 1.01
[    3.3262] RegisterLibraryEntries:  dmacman version 1.02
[    3.3267] RegisterLibraryEntries:  timrman version 1.01
[    3.3271] RegisterLibraryEntries:  sysclib version 1.01
[    3.3272] RegisterLibraryEntries:    stdio version 1.01
[    3.3274] RegisterLibraryEntries:  heaplib version 1.01
[    3.3297] RegisterLibraryEntries:   thbase version 1.01
[    3.3298] RegisterLibraryEntries:  thevent version 1.01
[    3.3298] RegisterLibraryEntries:  thsemap version 1.01
[    3.3298] RegisterLibraryEntries:  thmsgbx version 1.01
[    3.3299] RegisterLibraryEntries:  thfpool version 1.01
[    3.3299] RegisterLibraryEntries:  thvpool version 1.01
[    3.3310] RegisterLibraryEntries:   vblank version 1.01
[    3.3316] RegisterLibraryEntries:    ioman version 1.02
[    3.3326] RegisterLibraryEntries:  modload version 1.01
[    3.3428] RegisterLibraryEntries:   romdrv version 2.01
[    3.3433] RegisterLibraryEntries:    stdio version 1.02
[    3.3437] RegisterLibraryEntries:   sifman version 1.01
[    3.3441] 
[    3.3442] PlayStation 2 ======== Soft reboot
[    3.3452] RegisterLibraryEntries:   sifcmd version 1.01
[    3.3488] RegisterLibraryEntries:  cdvdman version 1.01
[    3.3505] RegisterLibraryEntries:  cdvdfsv version 1.01
[    3.3575] RegisterLibraryEntries:  secrman version 1.03
[    3.3577] RegisterLibraryEntries:   eesync version 1.01
[    3.3578] 
[    3.3579] IOP Realtime Kernel Ver.0.9.1
[    3.3579]     Copyright 1999 (C) Sony Computer Entertainment Inc. 
[    3.3584] Reboot service module.(99/11/10)
[    3.3605] [EE] Skipping timeout loop at 0x002D4180 -> 0x002D41A0
[    3.3606] cdvd driver module version 0.1.1 (C)SCEI
[    3.3610] Load File service.(99/11/05)
[    3.3611] Multi Threaded Fileio module.(99/11/15) 
[    3.3611] iop heap service (99/11/03)
[    3.3867] PINE: Client disconnected.
[    3.3916] RegisterLibraryEntries:   iomanx version 1.01
[    3.3932] fileXio: fileXio: fileXio RPC Server v1.00
[    3.3932] Copyright (c) 2003 adresd
[    3.3936] RegisterLibraryEntries:  sio2man version 2.07
[    3.3938] RegisterLibraryEntries:  sio2man version 1.02
[    3.3946] RegisterLibraryEntries:   padman version 1.02
[    3.3948] Pad Driver for OSD
[    3.3952] FREESD v1.01
[    3.3952] RegisterLibraryEntries:    libsd version 1.04
[    3.3957] debug_level = 1 (ps2snd 0.1
[    3.4074] greetings from version 0.93 !
[    3.4075] RegisterLibraryEntries:   audsrv version 1.04
[    3.4075] audsrv_adpcm_init()
[    3.4087] UpdateVSyncRate: Mode Changed to SDTV 480p.
[    3.4087] Frame rate: 59.94, target speed: 1, target frame rate: 59.94, ticks per frame: 16683350
[    3.4087] Set GS CRTC configuration. SDTV   720x480 @ 59.94 Progressive (FRAME)
[    5.4804] read/write allocate memory 4000
[    5.4807] 
[    5.4811] -----------------------------------------
[    5.4811]         _____        ____   ___
[    5.4812]           |     /   ____| |___|
[    5.4813]           |     |   |     |   |
[    5.4813] -----------------------------------------
[    5.4814] Copyright 2022
[    5.4814] Repository: https://github.com/h4570/tyra
[    5.4815] Licensed under Apache License 2.0
[    5.4819] Version: 2.2.0
[    5.4819] -----------------------------------------
[    5.4820] 
[    5.6465] audsrv_adpcm_init()
[    5.6477] [EE] Skipping timeout loop at 0x00102CB0 -> 0x00102CD0
[    5.6793] Curent pad(0,0) status: EXECCMD
[    5.8777] Pad: DS2 Config Finished - P1/S1 - AL: Off - AB: Usable - VS: Disabled - VL: Disabled - RB: D (0x00000000)
[    5.9138] Curent pad(0,0) status: EXECCMD
[    5.9775] Pad: DS2 Config Finished - P1/S1 - AL: On - AB: Locked - VS: Disabled - VL: Disabled - RB: D (0x00000000)
[    6.1776] Pad: DS2 Config Finished - P1/S1 - AL: On - AB: Locked - VS: Disabled - VL: Disabled - RB: D (0x00000000)
[    6.2130] Curent pad(0,0) status: EXECCMD
[    6.4781] Pad: DS2 Config Finished - P1/S1 - AL: On - AB: Locked - VS: Disabled - VL: Disabled - RB: D+A+P (0x0003FFFF)
[    6.6783] Pad: DS2 Config Finished - P1/S1 - AL: On - AB: Locked - VS: Disabled - VL: Disabled - RB: D+A+P (0x0003FFFF)
[    6.7150] open name host:/pool2-probe.cfg flag 1 data 41378
[    6.7167] open fd = 256
[    6.7224] open name host:/hud/flare-corona.png flag 1 data 41378
[    6.7242] open fd = 256
[    6.7454] LOG: POOL2PROBE_CONFIG arm=1 vertices=192 members=2 repeats=2 package=75 alpha=128
[    6.7456] LOG: POOL2EEPROBE_CONFIG kind=7 clip=0 lazy=1 oracle=0
[    6.7467] FRAMEARENA allocated=1 bytes=1048576
[    6.7580] microVU1: Cached Prog = [000] [PC=18e0] [List=01] (Cache=0.000%) [0.0mb]
[    6.7590] microVU1: 3 cycle stall on branch instruction [1f78]
[    6.7604] microVU1: Cached Prog = [001] [PC=2480] [List=01] (Cache=0.246%) [0.1mb]
[    6.7618] microVU1: 3 cycle stall on branch instruction [1f78]
[    6.7743] LOG: POOL2EEPROBE_SOURCE clip=0 ready=0 total=192 generation=1 coldOracle=0
[    6.7744] LOG: POOL2PROBE_FRAME frame=1 cold=1 arm=1 eligible=0 applied=0 compared=0 mismatches=0
[    6.7884] LOG: POOL2EEPROBE_SOURCE clip=0 ready=0 total=192 generation=2 coldOracle=0
[    6.7885] LOG: POOL2PROBE_FRAME frame=2 cold=0 arm=1 eligible=0 applied=0 compared=0 mismatches=0
[    6.7886] LOG: POOL2PROBE_READY arm=1 vertices=192 repeats=2 completed=2 warmBypass=0
[    6.7887] (VMManager) Pausing...
[    6.8135] PINE: New client with FD 14 connected.
[    6.8139] PINE: Client disconnected.
[    6.9329] PINE: New client with FD 14 connected.
[    6.9332] OSD [SaveStateSlot181]: Saving state to slot 181...
[    6.9644]   Saving SPU2
[    6.9649]   Saving GS
[    7.0639] OSD [SaveStateSlot181]: Saved state to slot 181.
[    7.0640] Zipping save state to '/home/spider/pool2-ee-probe-b192-arm1-repeat2-20261005-v1/profile/PCSX2/sstates/vehicle-playground (1C2826FE).181.p2s' took 93.84 ms
[    8.2253] PINE: Client disconnected.
