[    0.0171] Program Path: /home/spider/tyrax2-debugger-linux-v1/squashfs-root/usr/bin/pcsx2-qt
[    0.0172] AppRoot Directory: /home/spider/tyrax2-debugger-linux-v1/squashfs-root/usr/bin
[    0.0172] Resources Directory: /home/spider/tyrax2-debugger-linux-v1/squashfs-root/usr/bin/resources
[    0.0173] DataRoot Directory: /home/spider/corona-probe-v3-case3-arm1-repeat1-20261005-v3/profile/PCSX2
[    0.0173] Loading config from /home/spider/corona-probe-v3-case3-arm1-repeat1-20261005-v3/profile/PCSX2/inis/PCSX2.ini.
[    0.0176] Loading secrets from /home/spider/corona-probe-v3-case3-arm1-repeat1-20261005-v3/profile/PCSX2/inis/secrets.ini.
[    0.0180] BIOS Directory: /mnt/c/Users/pawel/OneDrive/Documents/PCSX2/bios
[    0.0180] Snapshots Directory: /home/spider/corona-probe-v3-case3-arm1-repeat1-20261005-v3/profile/PCSX2/snaps
[    0.0180] Savestates Directory: /home/spider/corona-probe-v3-case3-arm1-repeat1-20261005-v3/profile/PCSX2/sstates
[    0.0180] MemoryCards Directory: /home/spider/corona-probe-v3-case3-arm1-repeat1-20261005-v3/profile/PCSX2/memcards
[    0.0180] Logs Directory: /home/spider/corona-probe-v3-case3-arm1-repeat1-20261005-v3/profile/PCSX2/logs
[    0.0180] Cheats Directory: /home/spider/corona-probe-v3-case3-arm1-repeat1-20261005-v3/profile/PCSX2/cheats
[    0.0181] Patches Directory: /home/spider/corona-probe-v3-case3-arm1-repeat1-20261005-v3/profile/PCSX2/patches
[    0.0181] Covers Directory: /home/spider/corona-probe-v3-case3-arm1-repeat1-20261005-v3/profile/PCSX2/covers
[    0.0181] Game Settings Directory: /home/spider/corona-probe-v3-case3-arm1-repeat1-20261005-v3/profile/PCSX2/gamesettings
[    0.0181] Resources Directory: /home/spider/tyrax2-debugger-linux-v1/squashfs-root/usr/bin/resources
[    0.0181] User Resources Directory: /home/spider/corona-probe-v3-case3-arm1-repeat1-20261005-v3/profile/PCSX2/resources
[    0.0181] Cache Directory: /home/spider/corona-probe-v3-case3-arm1-repeat1-20261005-v3/profile/PCSX2/cache
[    0.0181] Textures Directory: /home/spider/corona-probe-v3-case3-arm1-repeat1-20261005-v3/profile/PCSX2/textures
[    0.0181] Input Profile Directory: /home/spider/corona-probe-v3-case3-arm1-repeat1-20261005-v3/profile/PCSX2/inputprofiles
[    0.0181] Video Dumping Directory: /home/spider/corona-probe-v3-case3-arm1-repeat1-20261005-v3/profile/PCSX2/videos
[    0.0181] Debugger Layouts Directory: /home/spider/corona-probe-v3-case3-arm1-repeat1-20261005-v3/profile/PCSX2/inis/debuggerlayouts
[    0.0181] Debugger Settings Directory: /home/spider/corona-probe-v3-case3-arm1-repeat1-20261005-v3/profile/PCSX2/inis/debuggersettings
[    0.0345] Loaded translation file for language en-US
[    0.0423] PCSX2 v2.9.93
[    0.0423] Savestate version: 0x9a590000
[    0.0423] 
[    0.0423] 
[    0.0423] Host Machine Init:
[    0.0424]   Operating System = Ubuntu 22.04
[    0.0424]   Available RAM    = 49063 MB (47.91 GB)
[    0.0424]   Physical RAM     = 50191 MB (49.02 GB)
[    0.0424] 
[    0.0425]   Processor        = AMD Ryzen Threadripper 1920X
[    0.0425]   Core Count       = 24 cores
[    0.0425]   Thread Count     = 24 threads
[    0.0425]   Cluster Count    = 1 clusters
[    0.0425] CPU Extensions Detected:
[    0.0425]   AVX AVX2
[    0.0425] 
[    0.0425] Allocating host memory for virtual systems...
[    0.0435]   EE Main Memory                   @ 0x00007F8E0B200000 -> 0x00007F8E14100000 [143mb]
[    0.0436]   IOP Main Memory                  @ 0x00007F8E14100000 -> 0x00007F8E1C200000 [129mb]
[    0.0436]   VU0/1 On-Chip Memory             @ 0x00007F8E1C200000 -> 0x00007F8E1C300000 [1mb]
[    0.0436]   VTLB Virtual Map                 @ 0x00007F8E1C300000 -> 0x00007F8E1CB00000 [8mb]
[    0.0436]   VTLB Address Map                 @ 0x00007F8E1CB00000 -> 0x00007F8E1CF00000 [4mb]
[    0.0436]   R5900 Recompiler Cache           @ 0x00007F8E1CF00000 -> 0x00007F8E20F00000 [64mb]
[    0.0436]   R3000A Recompiler Cache          @ 0x00007F8E20F00000 -> 0x00007F8E22F00000 [32mb]
[    0.0436]   Micro VU0 Recompiler Cache       @ 0x00007F8E23F00000 -> 0x00007F8E27F00000 [64mb]
[    0.0436]   Micro VU1 Recompiler Cache       @ 0x00007F8E27F00000 -> 0x00007F8E2BF00000 [64mb]
[    0.0436]   VIF0 Unpack Recompiler Cache     @ 0x00007F8E22F00000 -> 0x00007F8E23700000 [8mb]
[    0.0437]   VIF1 Unpack Recompiler Cache     @ 0x00007F8E23700000 -> 0x00007F8E23F00000 [8mb]
[    0.0437]   VIF Unpack Recompiler Cache      @ 0x00007F8E2BF00000 -> 0x00007F8E2C000000 [1mb]
[    0.0437]   GS Software Renderer             @ 0x00007F8E2C000000 -> 0x00007F8E30000000 [64mb]
[    0.0472] Fastmem area: 0x7f8d0b200000 - 0x7f8e0b1fffff
[    0.0492] Generating SSE-optimized unpacking functions for VIF interpreters...
[    0.0495] Unpack function generation complete.  Generated function statistics:
[    0.0495]   Reserved buffer    : 1048576 bytes @ 0x00007F8E2BF00000
[    0.0495]   x86 code generated : 7422 bytes
[    0.0495] 
[    0.0499] SDLInputSource: Using Controller DB from resources.
[    0.0689] SDLInputSource: 765 gamepad mappings are loaded.
[    0.0690] Invalid binding: 'XInput-0/DPadUp'
[    0.0690] Invalid binding: 'XInput-0/DPadRight'
[    0.0690] Invalid binding: 'XInput-0/DPadDown'
[    0.0690] Invalid binding: 'XInput-0/DPadLeft'
[    0.0690] Invalid binding: 'XInput-0/Y'
[    0.0690] Invalid binding: 'XInput-0/B'
[    0.0690] Invalid binding: 'XInput-0/A'
[    0.0690] Invalid binding: 'XInput-0/X'
[    0.0691] Invalid binding: 'XInput-0/Back'
[    0.0691] Invalid binding: 'XInput-0/Start'
[    0.0691] Invalid binding: 'XInput-0/LeftShoulder'
[    0.0691] Invalid binding: 'XInput-0/+LeftTrigger'
[    0.0691] Invalid binding: 'XInput-0/RightShoulder'
[    0.0691] Invalid binding: 'XInput-0/+RightTrigger'
[    0.0691] Invalid binding: 'XInput-0/LeftStick'
[    0.0691] Invalid binding: 'XInput-0/RightStick'
[    0.0691] Invalid binding: 'XInput-0/Guide'
[    0.0691] Invalid binding: 'XInput-0/-LeftY'
[    0.0691] Invalid binding: 'XInput-0/+LeftX'
[    0.0691] Invalid binding: 'XInput-0/+LeftY'
[    0.0691] Invalid binding: 'XInput-0/-LeftX'
[    0.0691] Invalid binding: 'XInput-0/-RightY'
[    0.0691] Invalid binding: 'XInput-0/+RightX'
[    0.0691] Invalid binding: 'XInput-0/+RightY'
[    0.0691] Invalid binding: 'XInput-0/-RightX'
[    0.0701] Settings: Advanced Settings are enabled; only proceed if you know what you're doing! No support will be provided if you have the option enabled.
[    0.1243] Scanning F:\PS2\Games (recursively)
[    0.2572] Loading BIOS...
[    0.2701] BIOS Found: Europe  v02.00(14/06/2004)  Console 20040614-100914
[    0.3351] Mechacon version: 0x00020603
[    0.3364] Opening CDVD...
[    0.3698] Initializing Elf: 4467516 bytes
[    0.3703] Disc changed to .
[    0.3704]   Name: vehicle-playground [?]
[    0.3704]   Serial: vehicle-playground
[    0.3704]   Version: 
[    0.3704]   CRC: 8F787F06
[    0.3704] No game settings found (tried '/home/spider/corona-probe-v3-case3-arm1-repeat1-20261005-v3/profile/PCSX2/gamesettings/8F787F06.ini')
[    0.3704] Applying settings...
[    0.3707] Invalid binding: 'XInput-0/DPadUp'
[    0.3707] Invalid binding: 'XInput-0/DPadRight'
[    0.3707] Invalid binding: 'XInput-0/DPadDown'
[    0.3707] Invalid binding: 'XInput-0/DPadLeft'
[    0.3707] Invalid binding: 'XInput-0/Y'
[    0.3707] Invalid binding: 'XInput-0/B'
[    0.3707] Invalid binding: 'XInput-0/A'
[    0.3707] Invalid binding: 'XInput-0/X'
[    0.3707] Invalid binding: 'XInput-0/Back'
[    0.3707] Invalid binding: 'XInput-0/Start'
[    0.3707] Invalid binding: 'XInput-0/LeftShoulder'
[    0.3707] Invalid binding: 'XInput-0/+LeftTrigger'
[    0.3707] Invalid binding: 'XInput-0/RightShoulder'
[    0.3707] Invalid binding: 'XInput-0/+RightTrigger'
[    0.3707] Invalid binding: 'XInput-0/LeftStick'
[    0.3708] Invalid binding: 'XInput-0/RightStick'
[    0.3708] Invalid binding: 'XInput-0/Guide'
[    0.3708] Invalid binding: 'XInput-0/-LeftY'
[    0.3708] Invalid binding: 'XInput-0/+LeftX'
[    0.3708] Invalid binding: 'XInput-0/+LeftY'
[    0.3708] Invalid binding: 'XInput-0/-LeftX'
[    0.3708] Invalid binding: 'XInput-0/-RightY'
[    0.3708] Invalid binding: 'XInput-0/+RightX'
[    0.3708] Invalid binding: 'XInput-0/+RightY'
[    0.3708] Invalid binding: 'XInput-0/-RightX'
[    0.3710] GameDB: Has not been initialized yet, initializing...
[    0.4224] GameDB: 12841 games on record (loaded in 51.38ms)
[    0.4259] Reopening memory cards...
[    0.4259] (FileMcd) Creating new 8MB memory card: /home/spider/corona-probe-v3-case3-arm1-repeat1-20261005-v3/profile/PCSX2/memcards/Mcd001.ps2
[    0.4378] McdSlot 0 [File]: Mcd001.ps2 [8 MB, UNFORMATTED]
[    0.4379] McdSlot 1 [File]: [disabled/empty filename]
[    0.4442] HLE Host: Set 'host:' root path to: /mnt/f/Projects/tyrax2-lab-20261001/corona24-probe-physical-v1/game/bin
[    0.4447] EE/iR5900 Recompiler Reset
[    0.4949] iR3000A Recompiler reset.
[    0.5162] Resetting host memory for virtual systems...
[    0.7862] Time Zone Offset: GMT+01:00
[    0.7863] Time Zone Location: Berlin
[    0.7863] DST: Winter Time
[    0.7863] Time Format: 24-Hour
[    0.7863] Date Format: DD/MM/YYYY
[    0.7863] System Time Basis: Operating System Time
[    0.7863] Resulting System Time: 2026-10-05 16:04:03
[    0.7863] Close virtual disk tray
[    0.7863] Media already loaded (fast boot)
[    0.7863] Opening GS...
[    0.8312] VK: Enabling extension: VK_KHR_get_surface_capabilities2
[    0.8433] Using Vulkan GPU 'llvmpipe (LLVM 15.0.7, 256 bits)' for automatic renderer check.
[    0.8434] Not using Vulkan for software renderer.
[    0.8435] acquireRenderWindow() recreate=true fullscreen=false render_to_main=true surfaceless=false
[    0.8464] (GetRefreshRateFromXRandR) Modeline is invalid: 0/0/0
[    0.8464] Surface refresh rate: 60 Hz
[    0.8467] Loading EGL from libEGL.so...
[    0.8479] GLAD EGL Version: 1.0
[    0.8479] Using EGL platform EGL_EXT_platform_x11.
[    0.8563] eglInitialize() version: 1.5
[    0.8564] GLAD EGL Version: 1.5
[    0.8564] Trying GL version 4.6
[    0.8565] eglCreateContext() failed: 0x3009
[    0.8565] Trying GL version 4.5
[    0.8679] Got GL version 4.5
[    0.8679] EGL_MIN_SWAP_INTERVAL = 1
[    0.8680] EGL_MAX_SWAP_INTERVAL = 1
[    0.8680] Negative swap interval/tear-control is NOT supported
[    0.8706] GL_VENDOR: Mesa
[    0.8706] GL_VERSION: 4.5 (Core Profile) Mesa 23.2.1-1ubuntu3.1~22.04.4
[    0.8706] GL_RENDERER: llvmpipe (LLVM 15.0.7, 256 bits)
[    0.8706] GL_SHADING_LANGUAGE_VERSION: 4.50
[    0.8707] GL_MAX_VERTEX_SHADER_STORAGE_BLOCKS: 16
[    0.8708] GL: Viewport Array:            Supported       => Using: GL_ARB_viewport_array
[    0.8708] GL: Direct State Access:       Supported       => Using: OpenGL 4.5 Core
[    0.8708] GL: Copy Image:                Supported       => Using: OpenGL 4.3 Core
[    0.8708] GL: Clip Control:              Supported       => Using: OpenGL 4.5 Core
[    0.8708] GL: Conservative Depth:        Supported       => Using: OpenGL 4.2 Core
[    0.8708] GL: CAS Sharpening:            Supported       => Using: OpenGL 4.2 Core
[    0.8708] GL: Texture Barriers:          Auto            => Using: Framebuffer Fetch
[    0.8708] GL: RGBA16 HW Blending:        Supported       => Using: RGBA16 UNORM
[    0.8708] GL: Point Expansion:           Supported       => Using: Hardware
[    0.8708] GL: Line Expansion:            Fallback        => Using: Vertex Expansion
[    0.8708] GL: Sprite Expansion:          Supported       => Using: Vertex Expansion
[    0.8708] GL: DXTn Texture Compression:  Supported       => Using: GL_EXT_texture_compression_s3tc
[    0.8708] GL: BC6/7 Texture Compression: Supported       => Using: OpenGL 4.2 Core
[    0.8793] 1 program binary formats supported by driver
[    0.9178] Program binary retrieved, 4105 bytes, format 34655
[    0.9182] Program binary retrieved, 4121 bytes, format 34655
[    0.9186] Program binary retrieved, 4249 bytes, format 34655
[    0.9190] Program binary retrieved, 4013 bytes, format 34655
[    0.9194] Program binary retrieved, 4013 bytes, format 34655
[    0.9197] Program binary retrieved, 4017 bytes, format 34655
[    0.9202] Program binary retrieved, 4017 bytes, format 34655
[    0.9206] Program binary retrieved, 4185 bytes, format 34655
[    0.9210] Program binary retrieved, 4217 bytes, format 34655
[    0.9215] Program binary retrieved, 4137 bytes, format 34655
[    0.9219] Program binary retrieved, 4125 bytes, format 34655
[    0.9223] Program binary retrieved, 4121 bytes, format 34655
[    0.9229] Program binary retrieved, 4253 bytes, format 34655
[    0.9235] Program binary retrieved, 4237 bytes, format 34655
[    0.9239] Program binary retrieved, 4245 bytes, format 34655
[    0.9243] Program binary retrieved, 4261 bytes, format 34655
[    0.9248] Program binary retrieved, 4965 bytes, format 34655
[    0.9253] Program binary retrieved, 4981 bytes, format 34655
[    0.9257] Program binary retrieved, 4261 bytes, format 34655
[    0.9262] Program binary retrieved, 4277 bytes, format 34655
[    0.9267] Program binary retrieved, 5005 bytes, format 34655
[    0.9272] Program binary retrieved, 5021 bytes, format 34655
[    0.9276] Program binary retrieved, 4257 bytes, format 34655
[    0.9280] Program binary retrieved, 4273 bytes, format 34655
[    0.9285] Program binary retrieved, 5001 bytes, format 34655
[    0.9290] Program binary retrieved, 5017 bytes, format 34655
[    0.9294] Program binary retrieved, 4277 bytes, format 34655
[    0.9298] Program binary retrieved, 4293 bytes, format 34655
[    0.9303] Program binary retrieved, 5057 bytes, format 34655
[    0.9309] Program binary retrieved, 5073 bytes, format 34655
[    0.9313] Program binary retrieved, 4153 bytes, format 34655
[    0.9317] Program binary retrieved, 4169 bytes, format 34655
[    0.9326] Program binary retrieved, 4233 bytes, format 34655
[    0.9337] Program binary retrieved, 5781 bytes, format 34655
[    0.9343] Program binary retrieved, 5373 bytes, format 34655
[    0.9350] Program binary retrieved, 6389 bytes, format 34655
[    0.9355] Program binary retrieved, 4917 bytes, format 34655
[    0.9359] Program binary retrieved, 4845 bytes, format 34655
[    0.9366] Program binary retrieved, 4997 bytes, format 34655
[    0.9370] Program binary retrieved, 4101 bytes, format 34655
[    0.9402] Program binary retrieved, 4137 bytes, format 34655
[    0.9441] Program binary retrieved, 4109 bytes, format 34655
[    0.9447] Program binary retrieved, 5389 bytes, format 34655
[    0.9452] Program binary retrieved, 5829 bytes, format 34655
[    0.9457] Program binary retrieved, 5857 bytes, format 34655
[    0.9461] Program binary retrieved, 4289 bytes, format 34655
[    0.9492] Program binary retrieved, 21205 bytes, format 34655
[    0.9497] Program binary retrieved, 4765 bytes, format 34655
[    0.9504] Program binary retrieved, 5685 bytes, format 34655
[    0.9508] Program binary retrieved, 4141 bytes, format 34655
[    0.9515] Program binary retrieved, 4537 bytes, format 34655
[    0.9523] Program binary retrieved, 4889 bytes, format 34655
[    0.9531] Program binary retrieved, 4117 bytes, format 34655
[    0.9537] Program binary retrieved, 4741 bytes, format 34655
[    0.9543] Program binary retrieved, 4965 bytes, format 34655
[    0.9553] Program binary retrieved, 6613 bytes, format 34655
[    0.9560] Program binary retrieved, 4797 bytes, format 34655
[    0.9585] Program binary retrieved, 13085 bytes, format 34655
[    0.9707] Program binary retrieved, 7285 bytes, format 34655
[    0.9809] Program binary retrieved, 5497 bytes, format 34655
[    0.9814] Program binary retrieved, 4141 bytes, format 34655
[    0.9819] Program binary retrieved, 4141 bytes, format 34655
[    0.9824] Program binary retrieved, 4145 bytes, format 34655
[    0.9830] Program binary retrieved, 4145 bytes, format 34655
[    1.0402] Program binary retrieved, 5369 bytes, format 34655
[    1.0423] OpenGL Graphics Driver Info:
[    1.0423] OpenGL Context:
[    1.0423] 4.5 (Core Profile) Mesa 23.2.1-1ubuntu3.1~22.04.4
[    1.0423] Mesa llvmpipe (LLVM 15.0.7, 256 bits)
[    1.0423] GLSL: 4.50
[    1.0459] Processor count: 24 cores, 24 processors, 1 clusters
[    1.0459] Ordered processor list: 12, 23, 22, 21, 20, 19, 18, 17, 16, 15, 14, 13, 0, 11, 10, 9, 8, 7, 6, 5, 4, 3, 2, 1
[    1.0460] Not pinning SW threads, we need 4 processors, but only have 0
[    1.0464] Opening SPU2...
[    1.0514] Creating Null audio stream, sample rate = 48000, expansion = Disabled, buffer = 50, latency = 32, stretching enabled, driver = wasapi, device = 
[    1.0515] Allocated buffer of 2432 frames for buffer of 50 ms [expansion Disabled (block size 2048), stretch disabled, target size 2432].
[    1.0515] Initializing Pad...
[    1.0515] Initializing SIO2...
[    1.0515] Initializing SIO0...
[    1.0515] Opening DEV9...
[    1.0515] DEV9: DEV9init
[    1.0520] DEV9: DEV9init2
[    1.0520] DEV9: DEV9init3
[    1.0559] DEV9: DEV9init ok
[    1.0559] DEV9: DEV9open
[    1.0559] Opening USB...
[    1.0560] Opening FW...
[    1.0563] MultiPause time: 142ns
[    1.0564] MultiPause time: 142ns
[    1.0565] MultiPause time: 142ns
[    1.0566] Frame rate: 59.94, target speed: 1, target frame rate: 59.94, ticks per frame: 16683350
[    1.0567] MultiPause time: 142ns
[    1.0604] VM subsystems initialized in 809.51 ms
[    1.0739] Failed to inhibit screen saver.
[    1.0740] Processor order assignment: EE=12, VU=23, GS=23
[    1.0740]   EE thread is on processor 12 (0x1000)
[    1.0741]   GS thread is on processor 23 (0x800000)
[    1.0875] Failed to inhibit screen saver.
[    1.1105] # Initialize memory (rev:3.70, ctm:197Mhz, cpuclk:147Mhz detected)
[    1.1191] R3000 Debugger: Branch to 0x890 (SYSMEM). Clearing modules.
[    1.1207] RegisterLibraryEntries: excepman version 1.01
[    1.1216] RegisterLibraryEntries:  intrman version 1.02
[    1.1217] RegisterLibraryEntries:   ssbusc version 1.01
[    1.1220] RegisterLibraryEntries:  dmacman version 1.02
[    1.1224] RegisterLibraryEntries:  timrman version 1.01
[    1.1227] RegisterLibraryEntries:  sysclib version 1.01
[    1.1228] RegisterLibraryEntries:    stdio version 1.01
[    1.1229] RegisterLibraryEntries:  heaplib version 1.01
[    1.1233] FW: read mem 0x1f80847c: 0x10000001
[    1.1233] FW: write mem 0x1f808414: 0x417f0000
[    1.1233] FW: read mem 0x1f808400: 0xffc00001
[    1.1233] FW: write mem 0x1f80844c: 0xffffffff
[    1.1233] FW: write mem 0x1f808420: 0xffffffff
[    1.1233] FW: write mem 0x1f808428: 0xffffffff
[    1.1233] FW: write mem 0x1f808430: 0xffffffff
[    1.1243] RegisterLibraryEntries:   thbase version 1.01
[    1.1245] RegisterLibraryEntries:  thevent version 1.01
[    1.1245] RegisterLibraryEntries:  thsemap version 1.01
[    1.1245] RegisterLibraryEntries:  thmsgbx version 1.01
[    1.1246] RegisterLibraryEntries:  thfpool version 1.01
[    1.1246] RegisterLibraryEntries:  thvpool version 1.01
[    1.1254] RegisterLibraryEntries:   vblank version 1.01
[    1.1259] RegisterLibraryEntries:    ioman version 1.02
[    1.1266] RegisterLibraryEntries:  modload version 1.01
[    1.1270] RegisterLibraryEntries:   romdrv version 2.01
[    1.1272] RegisterLibraryEntries:    stdio version 1.02
[    1.1276] RegisterLibraryEntries:   sifman version 1.01
[    1.1278] 
[    1.1279] PlayStation 2 ======== Hard reset boot
[    1.1280]  ROMGEN=2004-0614, IOP info (CPUID=1f, CACH_CONFIG=0, 2MB, IOP mode)
[    1.1282]  <20040614-100914,ROMconf,PS20200EC20040614.bin:11696>
[    1.1379] # Total accessable memory size: 32 MB (B:2:8:0) (370:2:7c30)
[    1.1389] # TLB spad=0 kernel=1:12 default=13:30 extended=31:38
[    1.2058] # Initialize Start.
[    1.2065] # Initialize GS ...
[    1.2065] # Initialize INTC ...
[    1.2065] # Initialize TIMER ...
[    1.2066] # Initialize DMAC ...
[    1.2067] # Initialize VU1 ...
[    1.2069] # Initialize VIF1 ...
[    1.2070] # Initialize GIF ...
[    1.2070] # Initialize VU0 ...
[    1.2072] # Initialize VIF0 ...
[    1.2072] # Initialize IPU ...
[    1.2074] # Initialize FPU ...
[    1.2075] # Initialize User Memory ...
[    1.2748] # Initialize Scratch Pad ...
[    1.2749] # Initialize Done.
[    1.2761] 
[    1.2761] EE DECI2 Manager version 0.06 Feb  6 2003 08:38:48
[    1.2762]   CPUID=2e20, BoardID=0, ROMGEN=2004-0614, 32M
[    1.2762] 
[    1.2765] RegisterLibraryEntries:   sifcmd version 1.01
[    1.3162] Initializing Elf: 4467516 bytes
[    1.3192] ELF Loading: host:vehicle-playground.elf, Game CRC = 8F787F06, EntryPoint = 0x00100E78
[    1.3224] RegisterLibraryEntries:  cdvdman version 1.01
[    1.3260] Imported 823 symbols.
[    1.3296] RegisterLibraryEntries:  cdvdfsv version 1.01
[    1.3319] RegisterLibraryEntries:  secrman version 1.03
[    1.3323] RegisterLibraryEntries:   eesync version 1.01
[    1.3325] 
[    1.3325] IOP Realtime Kernel Ver.0.9.1
[    1.3326]     Copyright 1999 (C) Sony Computer Entertainment Inc. 
[    1.3334] Reboot service module.(99/11/10)
[    1.3358] cdvd driver module version 0.1.1 (C)SCEI
[    1.3364] Load File service.(99/11/05)
[    1.3365] Multi Threaded Fileio module.(99/11/15) 
[    1.3365] iop heap service (99/11/03)
[    1.3620] loadelf: fname host:vehicle-playground.elf secname all
[    1.3621] loadelf version 3.30
[    1.3641] Input ELF format filename = host:vehicle-playground.elf
[    1.3791] PINE: New client with FD 14 connected.
[    1.3793] PINE: Client disconnected.
[    1.4125] 1 00100000 003f6b3c ................................................................
[    1.4126] Loaded, host:vehicle-playground.elf
[    1.4126] start address 0x100e78
[    1.4126] gp address 00000000
[    1.4134] (VMManager) Pausing...
[    1.4136] (VMManager) Resuming...
[    1.4257] Failed to inhibit screen saver.
[    1.4258] EE/iR5900 Recompiler Reset
[    1.4445] # Restart Without Memory Clear.
[    1.4558] # Initialize GS ...
[    1.4558] # Initialize INTC ...
[    1.4558] # Initialize TIMER ...
[    1.4559] # Initialize DMAC ...
[    1.4560] # Initialize VU1 ...
[    1.4561] # Initialize VIF1 ...
[    1.4563] # Initialize GIF ...
[    1.4563] # Initialize VU0 ...
[    1.4565] # Initialize VIF0 ...
[    1.4565] # Initialize IPU ...
[    1.4567] # Initialize FPU ...
[    1.4567] # Initialize Scratch Pad ...
[    1.4567] # Restart Without Memory Clear Done.
[    1.4570] ELF host:vehicle-playground.elf with entry point at 0x00100E78 is executing.
[    1.4570] ELF changed, active CRC 8F787F06 (host:vehicle-playground.elf)
[    1.4574] Applying core settings...
[    1.4575] Debugger Settings Manager: Failed to read Saved Addresses array from settings file: '/home/spider/corona-probe-v3-case3-arm1-repeat1-20261005-v3/profile/PCSX2/inis/debuggersettings/vehicle-playground_8F787F06.json'
[    1.4575] Debugger Settings Manager: Failed to read Saved Addresses array from settings file: '/home/spider/corona-probe-v3-case3-arm1-repeat1-20261005-v3/profile/PCSX2/inis/debuggersettings/vehicle-playground_8F787F06.json'
[    1.4579] Updating CPU configuration...
[    1.4579] iR3000A Recompiler reset.
[    1.4797] PINE: New client with FD 14 connected.
[    1.4803] PINE: Client disconnected.
[    1.4823] iR3000A Recompiler reset.
[    1.4891] EE/iR5900 Recompiler Reset
[    1.5067] (VMManager) Pausing...
[    1.5069] EE/iR5900 Recompiler Reset
[    1.5277] EE/iR5900 Recompiler Reset
[    1.5485] iR3000A Recompiler reset.
[    1.5535] EE/iR5900 Recompiler Reset
[    1.5753] iR3000A Recompiler reset.
[    1.5801] EE/iR5900 Recompiler Reset
[    1.5812] PINE: New client with FD 14 connected.
[    1.5819] PINE: Client disconnected.
[    1.6005] iR3000A Recompiler reset.
[    1.6056] EE/iR5900 Recompiler Reset
[    1.6244] iR3000A Recompiler reset.
[    1.6285] EE/iR5900 Recompiler Reset
[    1.7270] PINE: New client with FD 14 connected.
[    1.7273] OSD [SaveStateSlot140]: Saving state to slot 140...
[    1.7641]   Saving SPU2
[    1.7647]   Saving GS
[    1.8785] OSD [SaveStateSlot140]: Saved state to slot 140.
[    1.8785] Zipping save state to '/home/spider/corona-probe-v3-case3-arm1-repeat1-20261005-v3/profile/PCSX2/sstates/vehicle-playground (8F787F06).140.p2s' took 107.64 ms
[    3.0903] PINE: Client disconnected.
[    3.6578] PINE: New client with FD 14 connected.
[    3.6640] (VMManager) Resuming...
[    3.6791] Failed to inhibit screen saver.
[    3.6807] BIOS: Successfully found the instruction pattern. Assuming the thread list is here: 8001a640
[    3.6843] Warning: GetOsdConfigParam2 Reading extended language/version configs, may be incorrect!
[    3.6965] read/write allocate memory 4000
[    3.6966] open name host:/ps2link.run flag 1 data 41378
[    3.6970] open fd = -5
[    3.7007] Get Reboot Request From EE
[    3.7021] R3000 Debugger: Branch to 0x890 (SYSMEM). Clearing modules.
[    3.7043] RegisterLibraryEntries: excepman version 1.01
[    3.7055] RegisterLibraryEntries:  intrman version 1.02
[    3.7056] RegisterLibraryEntries:   ssbusc version 1.01
[    3.7063] RegisterLibraryEntries:  dmacman version 1.02
[    3.7068] RegisterLibraryEntries:  timrman version 1.01
[    3.7073] RegisterLibraryEntries:  sysclib version 1.01
[    3.7073] RegisterLibraryEntries:    stdio version 1.01
[    3.7075] RegisterLibraryEntries:  heaplib version 1.01
[    3.7096] RegisterLibraryEntries:   thbase version 1.01
[    3.7097] RegisterLibraryEntries:  thevent version 1.01
[    3.7098] RegisterLibraryEntries:  thsemap version 1.01
[    3.7098] RegisterLibraryEntries:  thmsgbx version 1.01
[    3.7099] RegisterLibraryEntries:  thfpool version 1.01
[    3.7100] RegisterLibraryEntries:  thvpool version 1.01
[    3.7110] RegisterLibraryEntries:   vblank version 1.01
[    3.7116] RegisterLibraryEntries:    ioman version 1.02
[    3.7127] RegisterLibraryEntries:  modload version 1.01
[    3.7197] RegisterLibraryEntries:   romdrv version 2.01
[    3.7201] RegisterLibraryEntries:    stdio version 1.02
[    3.7206] RegisterLibraryEntries:   sifman version 1.01
[    3.7213] 
[    3.7214] PlayStation 2 ======== Soft reboot
[    3.7222] RegisterLibraryEntries:   sifcmd version 1.01
[    3.7262] RegisterLibraryEntries:  cdvdman version 1.01
[    3.7279] RegisterLibraryEntries:  cdvdfsv version 1.01
[    3.7354] RegisterLibraryEntries:  secrman version 1.03
[    3.7356] RegisterLibraryEntries:   eesync version 1.01
[    3.7358] 
[    3.7358] IOP Realtime Kernel Ver.0.9.1
[    3.7358]     Copyright 1999 (C) Sony Computer Entertainment Inc. 
[    3.7363] Reboot service module.(99/11/10)
[    3.7383] [EE] Skipping timeout loop at 0x002D4D60 -> 0x002D4D80
[    3.7383] cdvd driver module version 0.1.1 (C)SCEI
[    3.7386] Load File service.(99/11/05)
[    3.7387] Multi Threaded Fileio module.(99/11/15) 
[    3.7387] iop heap service (99/11/03)
[    3.7644] PINE: Client disconnected.
[    3.7703] RegisterLibraryEntries:   iomanx version 1.01
[    3.7719] fileXio: fileXio: fileXio RPC Server v1.00
[    3.7719] Copyright (c) 2003 adresd
[    3.7722] RegisterLibraryEntries:  sio2man version 2.07
[    3.7723] RegisterLibraryEntries:  sio2man version 1.02
[    3.7731] RegisterLibraryEntries:   padman version 1.02
[    3.7732] Pad Driver for OSD
[    3.7737] FREESD v1.01
[    3.7737] RegisterLibraryEntries:    libsd version 1.04
[    3.7742] debug_level = 1 (ps2snd 0.1
[    3.7857] greetings from version 0.93 !
[    3.7858] RegisterLibraryEntries:   audsrv version 1.04
[    3.7858] audsrv_adpcm_init()
[    3.7878] UpdateVSyncRate: Mode Changed to SDTV 480p.
[    3.7878] Frame rate: 59.94, target speed: 1, target frame rate: 59.94, ticks per frame: 16683350
[    3.7878] Set GS CRTC configuration. SDTV   720x480 @ 59.94 Progressive (FRAME)
[    5.8913] read/write allocate memory 4000
[    5.8916] 
[    5.8919] -----------------------------------------
[    5.8920]         _____        ____   ___
[    5.8920]           |     /   ____| |___|
[    5.8921]           |     |   |     |   |
[    5.8921] -----------------------------------------
[    5.8922] Copyright 2022
[    5.8922] Repository: https://github.com/h4570/tyra
[    5.8923] Licensed under Apache License 2.0
[    5.8928] Version: 2.2.0
[    5.8928] -----------------------------------------
[    5.8929] 
[    6.0576] audsrv_adpcm_init()
[    6.0586] [EE] Skipping timeout loop at 0x00102CB0 -> 0x00102CD0
[    6.0910] Curent pad(0,0) status: EXECCMD
[    6.2890] Pad: DS2 Config Finished - P1/S1 - AL: Off - AB: Usable - VS: Disabled - VL: Disabled - RB: D (0x00000000)
[    6.3243] Curent pad(0,0) status: EXECCMD
[    6.3888] Pad: DS2 Config Finished - P1/S1 - AL: On - AB: Locked - VS: Disabled - VL: Disabled - RB: D (0x00000000)
[    6.5894] Pad: DS2 Config Finished - P1/S1 - AL: On - AB: Locked - VS: Disabled - VL: Disabled - RB: D (0x00000000)
[    6.6232] Curent pad(0,0) status: EXECCMD
[    6.8903] Pad: DS2 Config Finished - P1/S1 - AL: On - AB: Locked - VS: Disabled - VL: Disabled - RB: D+A+P (0x0003FFFF)
[    7.0901] Pad: DS2 Config Finished - P1/S1 - AL: On - AB: Locked - VS: Disabled - VL: Disabled - RB: D+A+P (0x0003FFFF)
[    7.1263] open name host:/pool2-probe.cfg flag 1 data 41378
[    7.1275] open fd = 256
[    7.1335] open name host:/hud/flare-corona.png flag 1 data 41378
[    7.1354] open fd = 256
[    7.1577] LOG: CORONAPROBE_CONFIG arm=1 case=3 vertices=72 repeats=1 package=72 fog=1 light=1 oracle=0 depth=24 capability=1
[    7.1589] FRAMEARENA allocated=1 bytes=1048576
[    7.1714] microVU1: Cached Prog = [000] [PC=18e0] [List=01] (Cache=0.000%) [0.0mb]
[    7.1718] microVU1: 3 cycle stall on branch instruction [26b8]
[    7.1718] microVU1: 3 cycle stall on branch instruction [26b8]
[    7.1718] microVU1: 3 cycle stall on branch instruction [26d0]
[    7.1718] microVU1: 3 cycle stall on branch instruction [26d0]
[    7.1718] microVU1: 3 cycle stall on branch instruction [2708]
[    7.1718] microVU1: 3 cycle stall on branch instruction [2708]
[    7.1718] microVU1: 3 cycle stall on branch instruction [2728]
[    7.1718] microVU1: 3 cycle stall on branch instruction [2728]
[    7.1719] microVU1: 3 cycle stall on branch instruction [26b8]
[    7.1719] microVU1: 3 cycle stall on branch instruction [26b8]
[    7.1719] microVU1: 3 cycle stall on branch instruction [26d0]
[    7.1720] microVU1: 3 cycle stall on branch instruction [26d0]
[    7.1720] microVU1: 3 cycle stall on branch instruction [2708]
[    7.1720] microVU1: 3 cycle stall on branch instruction [2708]
[    7.1720] microVU1: 3 cycle stall on branch instruction [2728]
[    7.1720] microVU1: 3 cycle stall on branch instruction [2728]
[    7.1721] microVU1: 3 cycle stall on branch instruction [26b8]
[    7.1721] microVU1: 3 cycle stall on branch instruction [26b8]
[    7.1721] microVU1: 3 cycle stall on branch instruction [26d0]
[    7.1721] microVU1: 3 cycle stall on branch instruction [26d0]
[    7.1721] microVU1: 3 cycle stall on branch instruction [2708]
[    7.1721] microVU1: 3 cycle stall on branch instruction [2708]
[    7.1721] microVU1: 3 cycle stall on branch instruction [2728]
[    7.1721] microVU1: 3 cycle stall on branch instruction [2728]
[    7.1722] microVU1: 3 cycle stall on branch instruction [26b8]
[    7.1722] microVU1: 3 cycle stall on branch instruction [26b8]
[    7.1722] microVU1: 3 cycle stall on branch instruction [26d0]
[    7.1722] microVU1: 3 cycle stall on branch instruction [26d0]
[    7.1722] microVU1: 3 cycle stall on branch instruction [2708]
[    7.1723] microVU1: 3 cycle stall on branch instruction [2708]
[    7.1723] microVU1: 3 cycle stall on branch instruction [2728]
[    7.1723] microVU1: 3 cycle stall on branch instruction [2728]
[    7.1726] microVU1: 3 cycle stall on branch instruction [26b8]
[    7.1726] microVU1: 3 cycle stall on branch instruction [26b8]
[    7.1726] microVU1: 3 cycle stall on branch instruction [26d0]
[    7.1726] microVU1: 3 cycle stall on branch instruction [26d0]
[    7.1727] microVU1: 3 cycle stall on branch instruction [2708]
[    7.1727] microVU1: 3 cycle stall on branch instruction [2708]
[    7.1727] microVU1: 3 cycle stall on branch instruction [2728]
[    7.1727] microVU1: 3 cycle stall on branch instruction [2728]
[    7.1728] microVU1: 3 cycle stall on branch instruction [26b8]
[    7.1728] microVU1: 3 cycle stall on branch instruction [26b8]
[    7.1728] microVU1: 3 cycle stall on branch instruction [26d0]
[    7.1728] microVU1: 3 cycle stall on branch instruction [26d0]
[    7.1728] microVU1: 3 cycle stall on branch instruction [2708]
[    7.1728] microVU1: 3 cycle stall on branch instruction [2708]
[    7.1728] microVU1: 3 cycle stall on branch instruction [2728]
[    7.1728] microVU1: 3 cycle stall on branch instruction [2728]
[    7.1729] microVU1: 3 cycle stall on branch instruction [26b8]
[    7.1729] microVU1: 3 cycle stall on branch instruction [26b8]
[    7.1730] microVU1: 3 cycle stall on branch instruction [26d0]
[    7.1730] microVU1: 3 cycle stall on branch instruction [26d0]
[    7.1730] microVU1: 3 cycle stall on branch instruction [2708]
[    7.1730] microVU1: 3 cycle stall on branch instruction [2708]
[    7.1730] microVU1: 3 cycle stall on branch instruction [2728]
[    7.1730] microVU1: 3 cycle stall on branch instruction [2728]
[    7.1731] microVU1: 3 cycle stall on branch instruction [26b8]
[    7.1731] microVU1: 3 cycle stall on branch instruction [26b8]
[    7.1731] microVU1: 3 cycle stall on branch instruction [26d0]
[    7.1731] microVU1: 3 cycle stall on branch instruction [26d0]
[    7.1731] microVU1: 3 cycle stall on branch instruction [2708]
[    7.1731] microVU1: 3 cycle stall on branch instruction [2708]
[    7.1731] microVU1: 3 cycle stall on branch instruction [2728]
[    7.1731] microVU1: 3 cycle stall on branch instruction [2728]
[    7.1735] microVU1: 3 cycle stall on branch instruction [26b8]
[    7.1735] microVU1: 3 cycle stall on branch instruction [26b8]
[    7.1735] microVU1: 3 cycle stall on branch instruction [26d0]
[    7.1735] microVU1: 3 cycle stall on branch instruction [26d0]
[    7.1735] microVU1: 3 cycle stall on branch instruction [2708]
[    7.1735] microVU1: 3 cycle stall on branch instruction [2708]
[    7.1735] microVU1: 3 cycle stall on branch instruction [2728]
[    7.1735] microVU1: 3 cycle stall on branch instruction [2728]
[    7.1736] microVU1: 3 cycle stall on branch instruction [26b8]
[    7.1736] microVU1: 3 cycle stall on branch instruction [26b8]
[    7.1736] microVU1: 3 cycle stall on branch instruction [26d0]
[    7.1736] microVU1: 3 cycle stall on branch instruction [26d0]
[    7.1737] microVU1: 3 cycle stall on branch instruction [2708]
[    7.1737] microVU1: 3 cycle stall on branch instruction [2708]
[    7.1737] microVU1: 3 cycle stall on branch instruction [2728]
[    7.1737] microVU1: 3 cycle stall on branch instruction [2728]
[    7.1738] microVU1: 3 cycle stall on branch instruction [26b8]
[    7.1738] microVU1: 3 cycle stall on branch instruction [26b8]
[    7.1738] microVU1: 3 cycle stall on branch instruction [26d0]
[    7.1738] microVU1: 3 cycle stall on branch instruction [26d0]
[    7.1738] microVU1: 3 cycle stall on branch instruction [2708]
[    7.1738] microVU1: 3 cycle stall on branch instruction [2708]
[    7.1738] microVU1: 3 cycle stall on branch instruction [2728]
[    7.1738] microVU1: 3 cycle stall on branch instruction [2728]
[    7.1739] microVU1: 3 cycle stall on branch instruction [26b8]
[    7.1739] microVU1: 3 cycle stall on branch instruction [26b8]
[    7.1739] microVU1: 3 cycle stall on branch instruction [26d0]
[    7.1739] microVU1: 3 cycle stall on branch instruction [26d0]
[    7.1740] microVU1: 3 cycle stall on branch instruction [2708]
[    7.1740] microVU1: 3 cycle stall on branch instruction [2708]
[    7.1740] microVU1: 3 cycle stall on branch instruction [2728]
[    7.1740] microVU1: 3 cycle stall on branch instruction [2728]
[    7.1743] microVU1: 3 cycle stall on branch instruction [26b8]
[    7.1743] microVU1: 3 cycle stall on branch instruction [26b8]
[    7.1743] microVU1: 3 cycle stall on branch instruction [26d0]
[    7.1743] microVU1: 3 cycle stall on branch instruction [26d0]
[    7.1743] microVU1: 3 cycle stall on branch instruction [2708]
[    7.1743] microVU1: 3 cycle stall on branch instruction [2708]
[    7.1744] microVU1: 3 cycle stall on branch instruction [2728]
[    7.1744] microVU1: 3 cycle stall on branch instruction [2728]
[    7.1744] microVU1: 3 cycle stall on branch instruction [26b8]
[    7.1745] microVU1: 3 cycle stall on branch instruction [26b8]
[    7.1745] microVU1: 3 cycle stall on branch instruction [26d0]
[    7.1745] microVU1: 3 cycle stall on branch instruction [26d0]
[    7.1745] microVU1: 3 cycle stall on branch instruction [2708]
[    7.1745] microVU1: 3 cycle stall on branch instruction [2708]
[    7.1745] microVU1: 3 cycle stall on branch instruction [2728]
[    7.1745] microVU1: 3 cycle stall on branch instruction [2728]
[    7.1746] microVU1: 3 cycle stall on branch instruction [26b8]
[    7.1746] microVU1: 3 cycle stall on branch instruction [26b8]
[    7.1746] microVU1: 3 cycle stall on branch instruction [26d0]
[    7.1746] microVU1: 3 cycle stall on branch instruction [26d0]
[    7.1746] microVU1: 3 cycle stall on branch instruction [2708]
[    7.1746] microVU1: 3 cycle stall on branch instruction [2708]
[    7.1746] microVU1: 3 cycle stall on branch instruction [2728]
[    7.1746] microVU1: 3 cycle stall on branch instruction [2728]
[    7.1748] microVU1: 3 cycle stall on branch instruction [26b8]
[    7.1748] microVU1: 3 cycle stall on branch instruction [26b8]
[    7.1748] microVU1: 3 cycle stall on branch instruction [26d0]
[    7.1748] microVU1: 3 cycle stall on branch instruction [26d0]
[    7.1748] microVU1: 3 cycle stall on branch instruction [2708]
[    7.1748] microVU1: 3 cycle stall on branch instruction [2708]
[    7.1748] microVU1: 3 cycle stall on branch instruction [2728]
[    7.1748] microVU1: 3 cycle stall on branch instruction [2728]
[    7.1754] microVU1: 3 cycle stall on branch instruction [1fa8]
[    7.1874] LOG: CORONAPROBE_FRAME frame=1 arm=1 case=3 generation=1 counters=0
[    7.1875] LOG: CORONAPROBE_READY arm=1 case=3 repeats=1 completed=1
[    7.1876] (VMManager) Pausing...
[    7.1903] PINE: New client with FD 14 connected.
[    7.1906] PINE: Client disconnected.
[    7.3112] PINE: New client with FD 14 connected.
[    7.3117] OSD [SaveStateSlot237]: Saving state to slot 237...
[    7.3459]   Saving SPU2
[    7.3466]   Saving GS
[    7.4560] OSD [SaveStateSlot237]: Saved state to slot 237.
[    7.4561] Zipping save state to '/home/spider/corona-probe-v3-case3-arm1-repeat1-20261005-v3/profile/PCSX2/sstates/vehicle-playground (8F787F06).237.p2s' took 102.70 ms
[    8.5873] PINE: Client disconnected.
