[    0.0158] Program Path: /home/spider/tyrax2-debugger-linux-v1/squashfs-root/usr/bin/pcsx2-qt
[    0.0158] AppRoot Directory: /home/spider/tyrax2-debugger-linux-v1/squashfs-root/usr/bin
[    0.0158] Resources Directory: /home/spider/tyrax2-debugger-linux-v1/squashfs-root/usr/bin/resources
[    0.0159] DataRoot Directory: /home/spider/pool2-ee-probe-a96-arm1-repeat1-20261005-v1/profile/PCSX2
[    0.0159] Loading config from /home/spider/pool2-ee-probe-a96-arm1-repeat1-20261005-v1/profile/PCSX2/inis/PCSX2.ini.
[    0.0161] Loading secrets from /home/spider/pool2-ee-probe-a96-arm1-repeat1-20261005-v1/profile/PCSX2/inis/secrets.ini.
[    0.0166] BIOS Directory: /mnt/c/Users/pawel/OneDrive/Documents/PCSX2/bios
[    0.0166] Snapshots Directory: /home/spider/pool2-ee-probe-a96-arm1-repeat1-20261005-v1/profile/PCSX2/snaps
[    0.0166] Savestates Directory: /home/spider/pool2-ee-probe-a96-arm1-repeat1-20261005-v1/profile/PCSX2/sstates
[    0.0166] MemoryCards Directory: /home/spider/pool2-ee-probe-a96-arm1-repeat1-20261005-v1/profile/PCSX2/memcards
[    0.0166] Logs Directory: /home/spider/pool2-ee-probe-a96-arm1-repeat1-20261005-v1/profile/PCSX2/logs
[    0.0166] Cheats Directory: /home/spider/pool2-ee-probe-a96-arm1-repeat1-20261005-v1/profile/PCSX2/cheats
[    0.0166] Patches Directory: /home/spider/pool2-ee-probe-a96-arm1-repeat1-20261005-v1/profile/PCSX2/patches
[    0.0166] Covers Directory: /home/spider/pool2-ee-probe-a96-arm1-repeat1-20261005-v1/profile/PCSX2/covers
[    0.0166] Game Settings Directory: /home/spider/pool2-ee-probe-a96-arm1-repeat1-20261005-v1/profile/PCSX2/gamesettings
[    0.0166] Resources Directory: /home/spider/tyrax2-debugger-linux-v1/squashfs-root/usr/bin/resources
[    0.0166] User Resources Directory: /home/spider/pool2-ee-probe-a96-arm1-repeat1-20261005-v1/profile/PCSX2/resources
[    0.0166] Cache Directory: /home/spider/pool2-ee-probe-a96-arm1-repeat1-20261005-v1/profile/PCSX2/cache
[    0.0166] Textures Directory: /home/spider/pool2-ee-probe-a96-arm1-repeat1-20261005-v1/profile/PCSX2/textures
[    0.0166] Input Profile Directory: /home/spider/pool2-ee-probe-a96-arm1-repeat1-20261005-v1/profile/PCSX2/inputprofiles
[    0.0166] Video Dumping Directory: /home/spider/pool2-ee-probe-a96-arm1-repeat1-20261005-v1/profile/PCSX2/videos
[    0.0166] Debugger Layouts Directory: /home/spider/pool2-ee-probe-a96-arm1-repeat1-20261005-v1/profile/PCSX2/inis/debuggerlayouts
[    0.0166] Debugger Settings Directory: /home/spider/pool2-ee-probe-a96-arm1-repeat1-20261005-v1/profile/PCSX2/inis/debuggersettings
[    0.0310] Loaded translation file for language en-US
[    0.0381] PCSX2 v2.9.93
[    0.0381] Savestate version: 0x9a590000
[    0.0381] 
[    0.0381] 
[    0.0381] Host Machine Init:
[    0.0382]   Operating System = Ubuntu 22.04
[    0.0382]   Available RAM    = 49099 MB (47.95 GB)
[    0.0382]   Physical RAM     = 50191 MB (49.02 GB)
[    0.0382] 
[    0.0382]   Processor        = AMD Ryzen Threadripper 1920X
[    0.0382]   Core Count       = 24 cores
[    0.0382]   Thread Count     = 24 threads
[    0.0382]   Cluster Count    = 1 clusters
[    0.0382] CPU Extensions Detected:
[    0.0382]   AVX AVX2
[    0.0382] 
[    0.0382] Allocating host memory for virtual systems...
[    0.0385]   EE Main Memory                   @ 0x00007F292B200000 -> 0x00007F2934100000 [143mb]
[    0.0385]   IOP Main Memory                  @ 0x00007F2934100000 -> 0x00007F293C200000 [129mb]
[    0.0385]   VU0/1 On-Chip Memory             @ 0x00007F293C200000 -> 0x00007F293C300000 [1mb]
[    0.0385]   VTLB Virtual Map                 @ 0x00007F293C300000 -> 0x00007F293CB00000 [8mb]
[    0.0385]   VTLB Address Map                 @ 0x00007F293CB00000 -> 0x00007F293CF00000 [4mb]
[    0.0385]   R5900 Recompiler Cache           @ 0x00007F293CF00000 -> 0x00007F2940F00000 [64mb]
[    0.0385]   R3000A Recompiler Cache          @ 0x00007F2940F00000 -> 0x00007F2942F00000 [32mb]
[    0.0385]   Micro VU0 Recompiler Cache       @ 0x00007F2943F00000 -> 0x00007F2947F00000 [64mb]
[    0.0385]   Micro VU1 Recompiler Cache       @ 0x00007F2947F00000 -> 0x00007F294BF00000 [64mb]
[    0.0385]   VIF0 Unpack Recompiler Cache     @ 0x00007F2942F00000 -> 0x00007F2943700000 [8mb]
[    0.0385]   VIF1 Unpack Recompiler Cache     @ 0x00007F2943700000 -> 0x00007F2943F00000 [8mb]
[    0.0385]   VIF Unpack Recompiler Cache      @ 0x00007F294BF00000 -> 0x00007F294C000000 [1mb]
[    0.0385]   GS Software Renderer             @ 0x00007F294C000000 -> 0x00007F2950000000 [64mb]
[    0.0403] Fastmem area: 0x7f282b200000 - 0x7f292b1fffff
[    0.0419] Generating SSE-optimized unpacking functions for VIF interpreters...
[    0.0424] Unpack function generation complete.  Generated function statistics:
[    0.0424]   Reserved buffer    : 1048576 bytes @ 0x00007F294BF00000
[    0.0424]   x86 code generated : 7422 bytes
[    0.0424] 
[    0.0428] SDLInputSource: Using Controller DB from resources.
[    0.0601] SDLInputSource: 765 gamepad mappings are loaded.
[    0.0601] Invalid binding: 'XInput-0/DPadUp'
[    0.0601] Invalid binding: 'XInput-0/DPadRight'
[    0.0601] Invalid binding: 'XInput-0/DPadDown'
[    0.0601] Invalid binding: 'XInput-0/DPadLeft'
[    0.0601] Invalid binding: 'XInput-0/Y'
[    0.0602] Invalid binding: 'XInput-0/B'
[    0.0602] Invalid binding: 'XInput-0/A'
[    0.0602] Invalid binding: 'XInput-0/X'
[    0.0602] Invalid binding: 'XInput-0/Back'
[    0.0602] Invalid binding: 'XInput-0/Start'
[    0.0602] Invalid binding: 'XInput-0/LeftShoulder'
[    0.0602] Invalid binding: 'XInput-0/+LeftTrigger'
[    0.0602] Invalid binding: 'XInput-0/RightShoulder'
[    0.0602] Invalid binding: 'XInput-0/+RightTrigger'
[    0.0602] Invalid binding: 'XInput-0/LeftStick'
[    0.0602] Invalid binding: 'XInput-0/RightStick'
[    0.0602] Invalid binding: 'XInput-0/Guide'
[    0.0602] Invalid binding: 'XInput-0/-LeftY'
[    0.0602] Invalid binding: 'XInput-0/+LeftX'
[    0.0602] Invalid binding: 'XInput-0/+LeftY'
[    0.0602] Invalid binding: 'XInput-0/-LeftX'
[    0.0602] Invalid binding: 'XInput-0/-RightY'
[    0.0602] Invalid binding: 'XInput-0/+RightX'
[    0.0602] Invalid binding: 'XInput-0/+RightY'
[    0.0602] Invalid binding: 'XInput-0/-RightX'
[    0.0607] Settings: Advanced Settings are enabled; only proceed if you know what you're doing! No support will be provided if you have the option enabled.
[    0.1075] Scanning F:\PS2\Games (recursively)
[    0.2070] Loading BIOS...
[    0.2186] BIOS Found: Europe  v02.00(14/06/2004)  Console 20040614-100914
[    0.2774] Mechacon version: 0x00020603
[    0.2789] Opening CDVD...
[    0.3240] Initializing Elf: 4464732 bytes
[    0.3247] Disc changed to .
[    0.3247]   Name: vehicle-playground [?]
[    0.3247]   Serial: vehicle-playground
[    0.3247]   Version: 
[    0.3247]   CRC: 1C2826FE
[    0.3248] No game settings found (tried '/home/spider/pool2-ee-probe-a96-arm1-repeat1-20261005-v1/profile/PCSX2/gamesettings/1C2826FE.ini')
[    0.3248] Applying settings...
[    0.3250] Invalid binding: 'XInput-0/DPadUp'
[    0.3250] Invalid binding: 'XInput-0/DPadRight'
[    0.3250] Invalid binding: 'XInput-0/DPadDown'
[    0.3250] Invalid binding: 'XInput-0/DPadLeft'
[    0.3250] Invalid binding: 'XInput-0/Y'
[    0.3250] Invalid binding: 'XInput-0/B'
[    0.3250] Invalid binding: 'XInput-0/A'
[    0.3250] Invalid binding: 'XInput-0/X'
[    0.3250] Invalid binding: 'XInput-0/Back'
[    0.3250] Invalid binding: 'XInput-0/Start'
[    0.3250] Invalid binding: 'XInput-0/LeftShoulder'
[    0.3250] Invalid binding: 'XInput-0/+LeftTrigger'
[    0.3250] Invalid binding: 'XInput-0/RightShoulder'
[    0.3250] Invalid binding: 'XInput-0/+RightTrigger'
[    0.3250] Invalid binding: 'XInput-0/LeftStick'
[    0.3250] Invalid binding: 'XInput-0/RightStick'
[    0.3251] Invalid binding: 'XInput-0/Guide'
[    0.3251] Invalid binding: 'XInput-0/-LeftY'
[    0.3251] Invalid binding: 'XInput-0/+LeftX'
[    0.3251] Invalid binding: 'XInput-0/+LeftY'
[    0.3251] Invalid binding: 'XInput-0/-LeftX'
[    0.3251] Invalid binding: 'XInput-0/-RightY'
[    0.3251] Invalid binding: 'XInput-0/+RightX'
[    0.3251] Invalid binding: 'XInput-0/+RightY'
[    0.3251] Invalid binding: 'XInput-0/-RightX'
[    0.3252] GameDB: Has not been initialized yet, initializing...
[    0.3672] GameDB: 12841 games on record (loaded in 41.96ms)
[    0.3695] Reopening memory cards...
[    0.3696] (FileMcd) Creating new 8MB memory card: /home/spider/pool2-ee-probe-a96-arm1-repeat1-20261005-v1/profile/PCSX2/memcards/Mcd001.ps2
[    0.3787] McdSlot 0 [File]: Mcd001.ps2 [8 MB, UNFORMATTED]
[    0.3787] McdSlot 1 [File]: [disabled/empty filename]
[    0.3831] HLE Host: Set 'host:' root path to: /mnt/f/Projects/tyrax2-lab-20261001/wild-pool2-ee-probe-physical-v1/game/bin
[    0.3835] EE/iR5900 Recompiler Reset
[    0.4293] iR3000A Recompiler reset.
[    0.4484] Resetting host memory for virtual systems...
[    0.6948] Time Zone Offset: GMT+01:00
[    0.6948] Time Zone Location: Berlin
[    0.6948] DST: Winter Time
[    0.6948] Time Format: 24-Hour
[    0.6948] Date Format: DD/MM/YYYY
[    0.6948] System Time Basis: Operating System Time
[    0.6948] Resulting System Time: 2026-10-05 12:52:48
[    0.6948] Close virtual disk tray
[    0.6948] Media already loaded (fast boot)
[    0.6948] Opening GS...
[    0.7326] VK: Enabling extension: VK_KHR_get_surface_capabilities2
[    0.7438] Using Vulkan GPU 'llvmpipe (LLVM 15.0.7, 256 bits)' for automatic renderer check.
[    0.7438] Not using Vulkan for software renderer.
[    0.7441] acquireRenderWindow() recreate=true fullscreen=false render_to_main=true surfaceless=false
[    0.7468] (GetRefreshRateFromXRandR) Modeline is invalid: 0/0/0
[    0.7469] Surface refresh rate: 60 Hz
[    0.7472] Loading EGL from libEGL.so...
[    0.7484] GLAD EGL Version: 1.0
[    0.7484] Using EGL platform EGL_EXT_platform_x11.
[    0.7569] eglInitialize() version: 1.5
[    0.7570] GLAD EGL Version: 1.5
[    0.7570] Trying GL version 4.6
[    0.7570] eglCreateContext() failed: 0x3009
[    0.7570] Trying GL version 4.5
[    0.7682] Got GL version 4.5
[    0.7682] EGL_MIN_SWAP_INTERVAL = 1
[    0.7683] EGL_MAX_SWAP_INTERVAL = 1
[    0.7683] Negative swap interval/tear-control is NOT supported
[    0.7709] GL_VENDOR: Mesa
[    0.7709] GL_VERSION: 4.5 (Core Profile) Mesa 23.2.1-1ubuntu3.1~22.04.4
[    0.7709] GL_RENDERER: llvmpipe (LLVM 15.0.7, 256 bits)
[    0.7709] GL_SHADING_LANGUAGE_VERSION: 4.50
[    0.7710] GL_MAX_VERTEX_SHADER_STORAGE_BLOCKS: 16
[    0.7710] GL: Viewport Array:            Supported       => Using: GL_ARB_viewport_array
[    0.7710] GL: Direct State Access:       Supported       => Using: OpenGL 4.5 Core
[    0.7710] GL: Copy Image:                Supported       => Using: OpenGL 4.3 Core
[    0.7710] GL: Clip Control:              Supported       => Using: OpenGL 4.5 Core
[    0.7710] GL: Conservative Depth:        Supported       => Using: OpenGL 4.2 Core
[    0.7710] GL: CAS Sharpening:            Supported       => Using: OpenGL 4.2 Core
[    0.7710] GL: Texture Barriers:          Auto            => Using: Framebuffer Fetch
[    0.7710] GL: RGBA16 HW Blending:        Supported       => Using: RGBA16 UNORM
[    0.7710] GL: Point Expansion:           Supported       => Using: Hardware
[    0.7710] GL: Line Expansion:            Fallback        => Using: Vertex Expansion
[    0.7710] GL: Sprite Expansion:          Supported       => Using: Vertex Expansion
[    0.7710] GL: DXTn Texture Compression:  Supported       => Using: GL_EXT_texture_compression_s3tc
[    0.7710] GL: BC6/7 Texture Compression: Supported       => Using: OpenGL 4.2 Core
[    0.7762] 1 program binary formats supported by driver
[    0.8108] Program binary retrieved, 4105 bytes, format 34655
[    0.8112] Program binary retrieved, 4121 bytes, format 34655
[    0.8117] Program binary retrieved, 4249 bytes, format 34655
[    0.8121] Program binary retrieved, 4013 bytes, format 34655
[    0.8125] Program binary retrieved, 4013 bytes, format 34655
[    0.8129] Program binary retrieved, 4017 bytes, format 34655
[    0.8133] Program binary retrieved, 4017 bytes, format 34655
[    0.8137] Program binary retrieved, 4185 bytes, format 34655
[    0.8141] Program binary retrieved, 4217 bytes, format 34655
[    0.8145] Program binary retrieved, 4137 bytes, format 34655
[    0.8148] Program binary retrieved, 4125 bytes, format 34655
[    0.8152] Program binary retrieved, 4121 bytes, format 34655
[    0.8158] Program binary retrieved, 4253 bytes, format 34655
[    0.8164] Program binary retrieved, 4237 bytes, format 34655
[    0.8169] Program binary retrieved, 4245 bytes, format 34655
[    0.8172] Program binary retrieved, 4261 bytes, format 34655
[    0.8177] Program binary retrieved, 4965 bytes, format 34655
[    0.8182] Program binary retrieved, 4981 bytes, format 34655
[    0.8186] Program binary retrieved, 4261 bytes, format 34655
[    0.8190] Program binary retrieved, 4277 bytes, format 34655
[    0.8195] Program binary retrieved, 5005 bytes, format 34655
[    0.8202] Program binary retrieved, 5021 bytes, format 34655
[    0.8206] Program binary retrieved, 4257 bytes, format 34655
[    0.8210] Program binary retrieved, 4273 bytes, format 34655
[    0.8216] Program binary retrieved, 5001 bytes, format 34655
[    0.8222] Program binary retrieved, 5017 bytes, format 34655
[    0.8227] Program binary retrieved, 4277 bytes, format 34655
[    0.8233] Program binary retrieved, 4293 bytes, format 34655
[    0.8239] Program binary retrieved, 5057 bytes, format 34655
[    0.8245] Program binary retrieved, 5073 bytes, format 34655
[    0.8249] Program binary retrieved, 4153 bytes, format 34655
[    0.8252] Program binary retrieved, 4169 bytes, format 34655
[    0.8256] Program binary retrieved, 4233 bytes, format 34655
[    0.8262] Program binary retrieved, 5781 bytes, format 34655
[    0.8267] Program binary retrieved, 5373 bytes, format 34655
[    0.8273] Program binary retrieved, 6389 bytes, format 34655
[    0.8278] Program binary retrieved, 4917 bytes, format 34655
[    0.8282] Program binary retrieved, 4845 bytes, format 34655
[    0.8286] Program binary retrieved, 4997 bytes, format 34655
[    0.8290] Program binary retrieved, 4101 bytes, format 34655
[    0.8323] Program binary retrieved, 4137 bytes, format 34655
[    0.8357] Program binary retrieved, 4109 bytes, format 34655
[    0.8361] Program binary retrieved, 5389 bytes, format 34655
[    0.8366] Program binary retrieved, 5829 bytes, format 34655
[    0.8370] Program binary retrieved, 5857 bytes, format 34655
[    0.8374] Program binary retrieved, 4289 bytes, format 34655
[    0.8401] Program binary retrieved, 21205 bytes, format 34655
[    0.8407] Program binary retrieved, 4765 bytes, format 34655
[    0.8412] Program binary retrieved, 5685 bytes, format 34655
[    0.8415] Program binary retrieved, 4141 bytes, format 34655
[    0.8420] Program binary retrieved, 4537 bytes, format 34655
[    0.8423] Program binary retrieved, 4889 bytes, format 34655
[    0.8427] Program binary retrieved, 4117 bytes, format 34655
[    0.8431] Program binary retrieved, 4741 bytes, format 34655
[    0.8434] Program binary retrieved, 4965 bytes, format 34655
[    0.8441] Program binary retrieved, 6613 bytes, format 34655
[    0.8444] Program binary retrieved, 4797 bytes, format 34655
[    0.8461] Program binary retrieved, 13085 bytes, format 34655
[    0.8528] Program binary retrieved, 7285 bytes, format 34655
[    0.8588] Program binary retrieved, 5497 bytes, format 34655
[    0.8591] Program binary retrieved, 4141 bytes, format 34655
[    0.8595] Program binary retrieved, 4141 bytes, format 34655
[    0.8599] Program binary retrieved, 4145 bytes, format 34655
[    0.8602] Program binary retrieved, 4145 bytes, format 34655
[    0.9058] Program binary retrieved, 5369 bytes, format 34655
[    0.9073] OpenGL Graphics Driver Info:
[    0.9073] OpenGL Context:
[    0.9073] 4.5 (Core Profile) Mesa 23.2.1-1ubuntu3.1~22.04.4
[    0.9073] Mesa llvmpipe (LLVM 15.0.7, 256 bits)
[    0.9073] GLSL: 4.50
[    0.9103] Processor count: 24 cores, 24 processors, 1 clusters
[    0.9103] Ordered processor list: 12, 23, 22, 21, 20, 19, 18, 17, 16, 15, 14, 13, 0, 11, 10, 9, 8, 7, 6, 5, 4, 3, 2, 1
[    0.9103] Not pinning SW threads, we need 4 processors, but only have 0
[    0.9113] Opening SPU2...
[    0.9116] Creating Null audio stream, sample rate = 48000, expansion = Disabled, buffer = 50, latency = 32, stretching enabled, driver = wasapi, device = 
[    0.9117] Allocated buffer of 2432 frames for buffer of 50 ms [expansion Disabled (block size 2048), stretch disabled, target size 2432].
[    0.9117] Initializing Pad...
[    0.9117] Initializing SIO2...
[    0.9117] Initializing SIO0...
[    0.9117] Opening DEV9...
[    0.9117] DEV9: DEV9init
[    0.9128] DEV9: DEV9init2
[    0.9128] DEV9: DEV9init3
[    0.9159] DEV9: DEV9init ok
[    0.9159] DEV9: DEV9open
[    0.9160] Opening USB...
[    0.9160] Opening FW...
[    0.9163] Frame rate: 59.94, target speed: 1, target frame rate: 59.94, ticks per frame: 16683350
[    0.9199] VM subsystems initialized in 716.43 ms
[    0.9230] MultiPause time: 199ns
[    0.9230] MultiPause time: 142ns
[    0.9231] MultiPause time: 142ns
[    0.9232] MultiPause time: 142ns
[    0.9308] Failed to inhibit screen saver.
[    0.9308] Processor order assignment: EE=12, VU=23, GS=23
[    0.9308]   EE thread is on processor 12 (0x1000)
[    0.9309]   GS thread is on processor 23 (0x800000)
[    0.9421] Failed to inhibit screen saver.
[    0.9663] # Initialize memory (rev:3.70, ctm:197Mhz, cpuclk:147Mhz detected)
[    0.9745] R3000 Debugger: Branch to 0x890 (SYSMEM). Clearing modules.
[    0.9762] RegisterLibraryEntries: excepman version 1.01
[    0.9772] RegisterLibraryEntries:  intrman version 1.02
[    0.9773] RegisterLibraryEntries:   ssbusc version 1.01
[    0.9777] RegisterLibraryEntries:  dmacman version 1.02
[    0.9781] RegisterLibraryEntries:  timrman version 1.01
[    0.9784] RegisterLibraryEntries:  sysclib version 1.01
[    0.9786] RegisterLibraryEntries:    stdio version 1.01
[    0.9787] RegisterLibraryEntries:  heaplib version 1.01
[    0.9791] FW: read mem 0x1f80847c: 0x10000001
[    0.9791] FW: write mem 0x1f808414: 0x417f0000
[    0.9791] FW: read mem 0x1f808400: 0xffc00001
[    0.9791] FW: write mem 0x1f80844c: 0xffffffff
[    0.9791] FW: write mem 0x1f808420: 0xffffffff
[    0.9791] FW: write mem 0x1f808428: 0xffffffff
[    0.9791] FW: write mem 0x1f808430: 0xffffffff
[    0.9802] RegisterLibraryEntries:   thbase version 1.01
[    0.9802] RegisterLibraryEntries:  thevent version 1.01
[    0.9803] RegisterLibraryEntries:  thsemap version 1.01
[    0.9803] RegisterLibraryEntries:  thmsgbx version 1.01
[    0.9804] RegisterLibraryEntries:  thfpool version 1.01
[    0.9804] RegisterLibraryEntries:  thvpool version 1.01
[    0.9812] RegisterLibraryEntries:   vblank version 1.01
[    0.9818] RegisterLibraryEntries:    ioman version 1.02
[    0.9824] RegisterLibraryEntries:  modload version 1.01
[    0.9828] RegisterLibraryEntries:   romdrv version 2.01
[    0.9830] RegisterLibraryEntries:    stdio version 1.02
[    0.9834] RegisterLibraryEntries:   sifman version 1.01
[    0.9836] 
[    0.9837] PlayStation 2 ======== Hard reset boot
[    0.9839]  ROMGEN=2004-0614, IOP info (CPUID=1f, CACH_CONFIG=0, 2MB, IOP mode)
[    0.9841]  <20040614-100914,ROMconf,PS20200EC20040614.bin:11696>
[    0.9932] # Total accessable memory size: 32 MB (B:2:8:0) (370:2:7c30)
[    0.9942] # TLB spad=0 kernel=1:12 default=13:30 extended=31:38
[    1.0548] # Initialize Start.
[    1.0553] # Initialize GS ...
[    1.0553] # Initialize INTC ...
[    1.0553] # Initialize TIMER ...
[    1.0554] # Initialize DMAC ...
[    1.0555] # Initialize VU1 ...
[    1.0556] # Initialize VIF1 ...
[    1.0558] # Initialize GIF ...
[    1.0558] # Initialize VU0 ...
[    1.0560] # Initialize VIF0 ...
[    1.0560] # Initialize IPU ...
[    1.0561] # Initialize FPU ...
[    1.0562] # Initialize User Memory ...
[    1.1127] # Initialize Scratch Pad ...
[    1.1127] # Initialize Done.
[    1.1135] 
[    1.1135] EE DECI2 Manager version 0.06 Feb  6 2003 08:38:48
[    1.1136]   CPUID=2e20, BoardID=0, ROMGEN=2004-0614, 32M
[    1.1136] 
[    1.1138] RegisterLibraryEntries:   sifcmd version 1.01
[    1.1462] Initializing Elf: 4464732 bytes
[    1.1488] ELF Loading: host:vehicle-playground.elf, Game CRC = 1C2826FE, EntryPoint = 0x00100E78
[    1.1518] RegisterLibraryEntries:  cdvdman version 1.01
[    1.1559] Imported 823 symbols.
[    1.1571] PINE: New client with FD 14 connected.
[    1.1578] PINE: Client disconnected.
[    1.1593] RegisterLibraryEntries:  cdvdfsv version 1.01
[    1.1610] RegisterLibraryEntries:  secrman version 1.03
[    1.1611] RegisterLibraryEntries:   eesync version 1.01
[    1.1612] 
[    1.1612] IOP Realtime Kernel Ver.0.9.1
[    1.1612]     Copyright 1999 (C) Sony Computer Entertainment Inc. 
[    1.1619] Reboot service module.(99/11/10)
[    1.1642] cdvd driver module version 0.1.1 (C)SCEI
[    1.1649] Load File service.(99/11/05)
[    1.1650] Multi Threaded Fileio module.(99/11/15) 
[    1.1650] iop heap service (99/11/03)
[    1.1866] loadelf: fname host:vehicle-playground.elf secname all
[    1.1867] loadelf version 3.30
[    1.1889] Input ELF format filename = host:vehicle-playground.elf
[    1.2373] 1 00100000 003f603c ................................................................
[    1.2373] Loaded, host:vehicle-playground.elf
[    1.2374] start address 0x100e78
[    1.2374] gp address 00000000
[    1.2381] (VMManager) Pausing...
[    1.2382] (VMManager) Resuming...
[    1.2502] Failed to inhibit screen saver.
[    1.2503] EE/iR5900 Recompiler Reset
[    1.2584] PINE: New client with FD 14 connected.
[    1.2587] PINE: Client disconnected.
[    1.2685] # Restart Without Memory Clear.
[    1.2782] # Initialize GS ...
[    1.2782] # Initialize INTC ...
[    1.2782] # Initialize TIMER ...
[    1.2783] # Initialize DMAC ...
[    1.2783] # Initialize VU1 ...
[    1.2785] # Initialize VIF1 ...
[    1.2785] # Initialize GIF ...
[    1.2786] # Initialize VU0 ...
[    1.2787] # Initialize VIF0 ...
[    1.2787] # Initialize IPU ...
[    1.2788] # Initialize FPU ...
[    1.2789] # Initialize Scratch Pad ...
[    1.2789] # Restart Without Memory Clear Done.
[    1.2792] ELF host:vehicle-playground.elf with entry point at 0x00100E78 is executing.
[    1.2792] ELF changed, active CRC 1C2826FE (host:vehicle-playground.elf)
[    1.2796] Applying core settings...
[    1.2796] Debugger Settings Manager: Failed to read Saved Addresses array from settings file: '/home/spider/pool2-ee-probe-a96-arm1-repeat1-20261005-v1/profile/PCSX2/inis/debuggersettings/vehicle-playground_1C2826FE.json'
[    1.2797] Debugger Settings Manager: Failed to read Saved Addresses array from settings file: '/home/spider/pool2-ee-probe-a96-arm1-repeat1-20261005-v1/profile/PCSX2/inis/debuggersettings/vehicle-playground_1C2826FE.json'
[    1.2801] Updating CPU configuration...
[    1.2801] iR3000A Recompiler reset.
[    1.3024] iR3000A Recompiler reset.
[    1.3091] EE/iR5900 Recompiler Reset
[    1.3237] (VMManager) Pausing...
[    1.3239] EE/iR5900 Recompiler Reset
[    1.3401] EE/iR5900 Recompiler Reset
[    1.3553] iR3000A Recompiler reset.
[    1.3584] EE/iR5900 Recompiler Reset
[    1.3594] PINE: New client with FD 14 connected.
[    1.3599] PINE: Client disconnected.
[    1.3754] iR3000A Recompiler reset.
[    1.3791] EE/iR5900 Recompiler Reset
[    1.3934] iR3000A Recompiler reset.
[    1.3980] EE/iR5900 Recompiler Reset
[    1.4161] iR3000A Recompiler reset.
[    1.4200] EE/iR5900 Recompiler Reset
[    1.4885] PINE: New client with FD 14 connected.
[    1.4888] OSD [SaveStateSlot140]: Saving state to slot 140...
[    1.5156]   Saving SPU2
[    1.5163]   Saving GS
[    1.6147] OSD [SaveStateSlot140]: Saved state to slot 140.
[    1.6147] Zipping save state to '/home/spider/pool2-ee-probe-a96-arm1-repeat1-20261005-v1/profile/PCSX2/sstates/vehicle-playground (1C2826FE).140.p2s' took 92.39 ms
[    2.7643] PINE: Client disconnected.
[    3.2612] PINE: New client with FD 14 connected.
[    3.2667] (VMManager) Resuming...
[    3.2786] Failed to inhibit screen saver.
[    3.2802] BIOS: Successfully found the instruction pattern. Assuming the thread list is here: 8001a640
[    3.2831] Warning: GetOsdConfigParam2 Reading extended language/version configs, may be incorrect!
[    3.2934] read/write allocate memory 4000
[    3.2935] open name host:/ps2link.run flag 1 data 41378
[    3.2941] open fd = -5
[    3.2969] Get Reboot Request From EE
[    3.2982] R3000 Debugger: Branch to 0x890 (SYSMEM). Clearing modules.
[    3.3000] RegisterLibraryEntries: excepman version 1.01
[    3.3011] RegisterLibraryEntries:  intrman version 1.02
[    3.3013] RegisterLibraryEntries:   ssbusc version 1.01
[    3.3019] RegisterLibraryEntries:  dmacman version 1.02
[    3.3024] RegisterLibraryEntries:  timrman version 1.01
[    3.3028] RegisterLibraryEntries:  sysclib version 1.01
[    3.3029] RegisterLibraryEntries:    stdio version 1.01
[    3.3031] RegisterLibraryEntries:  heaplib version 1.01
[    3.3050] RegisterLibraryEntries:   thbase version 1.01
[    3.3051] RegisterLibraryEntries:  thevent version 1.01
[    3.3051] RegisterLibraryEntries:  thsemap version 1.01
[    3.3052] RegisterLibraryEntries:  thmsgbx version 1.01
[    3.3052] RegisterLibraryEntries:  thfpool version 1.01
[    3.3052] RegisterLibraryEntries:  thvpool version 1.01
[    3.3061] RegisterLibraryEntries:   vblank version 1.01
[    3.3067] RegisterLibraryEntries:    ioman version 1.02
[    3.3076] RegisterLibraryEntries:  modload version 1.01
[    3.3164] RegisterLibraryEntries:   romdrv version 2.01
[    3.3167] RegisterLibraryEntries:    stdio version 1.02
[    3.3171] RegisterLibraryEntries:   sifman version 1.01
[    3.3175] 
[    3.3176] PlayStation 2 ======== Soft reboot
[    3.3182] RegisterLibraryEntries:   sifcmd version 1.01
[    3.3217] RegisterLibraryEntries:  cdvdman version 1.01
[    3.3232] RegisterLibraryEntries:  cdvdfsv version 1.01
[    3.3301] RegisterLibraryEntries:  secrman version 1.03
[    3.3303] RegisterLibraryEntries:   eesync version 1.01
[    3.3304] 
[    3.3304] IOP Realtime Kernel Ver.0.9.1
[    3.3304]     Copyright 1999 (C) Sony Computer Entertainment Inc. 
[    3.3309] Reboot service module.(99/11/10)
[    3.3329] [EE] Skipping timeout loop at 0x002D4180 -> 0x002D41A0
[    3.3330] cdvd driver module version 0.1.1 (C)SCEI
[    3.3333] Load File service.(99/11/05)
[    3.3334] Multi Threaded Fileio module.(99/11/15) 
[    3.3334] iop heap service (99/11/03)
[    3.3552] RegisterLibraryEntries:   iomanx version 1.01
[    3.3564] fileXio: fileXio: fileXio RPC Server v1.00
[    3.3564] Copyright (c) 2003 adresd
[    3.3567] RegisterLibraryEntries:  sio2man version 2.07
[    3.3568] RegisterLibraryEntries:  sio2man version 1.02
[    3.3574] RegisterLibraryEntries:   padman version 1.02
[    3.3575] Pad Driver for OSD
[    3.3579] FREESD v1.01
[    3.3579] RegisterLibraryEntries:    libsd version 1.04
[    3.3583] debug_level = 1 (ps2snd 0.1
[    3.3670] PINE: Client disconnected.
[    3.3716] greetings from version 0.93 !
[    3.3716] RegisterLibraryEntries:   audsrv version 1.04
[    3.3717] audsrv_adpcm_init()
[    3.3734] UpdateVSyncRate: Mode Changed to SDTV 480p.
[    3.3734] Frame rate: 59.94, target speed: 1, target frame rate: 59.94, ticks per frame: 16683350
[    3.3734] Set GS CRTC configuration. SDTV   720x480 @ 59.94 Progressive (FRAME)
[    5.4444] read/write allocate memory 4000
[    5.4446] 
[    5.4450] -----------------------------------------
[    5.4450]         _____        ____   ___
[    5.4451]           |     /   ____| |___|
[    5.4451]           |     |   |     |   |
[    5.4452] -----------------------------------------
[    5.4452] Copyright 2022
[    5.4453] Repository: https://github.com/h4570/tyra
[    5.4453] Licensed under Apache License 2.0
[    5.4457] Version: 2.2.0
[    5.4458] -----------------------------------------
[    5.4458] 
[    5.6094] audsrv_adpcm_init()
[    5.6105] [EE] Skipping timeout loop at 0x00102CB0 -> 0x00102CD0
[    5.6438] Curent pad(0,0) status: EXECCMD
[    5.8407] Pad: DS2 Config Finished - P1/S1 - AL: Off - AB: Usable - VS: Disabled - VL: Disabled - RB: D (0x00000000)
[    5.8767] Curent pad(0,0) status: EXECCMD
[    5.9420] Pad: DS2 Config Finished - P1/S1 - AL: On - AB: Locked - VS: Disabled - VL: Disabled - RB: D (0x00000000)
[    6.1427] Pad: DS2 Config Finished - P1/S1 - AL: On - AB: Locked - VS: Disabled - VL: Disabled - RB: D (0x00000000)
[    6.1756] Curent pad(0,0) status: EXECCMD
[    6.4425] Pad: DS2 Config Finished - P1/S1 - AL: On - AB: Locked - VS: Disabled - VL: Disabled - RB: D+A+P (0x0003FFFF)
[    6.6426] Pad: DS2 Config Finished - P1/S1 - AL: On - AB: Locked - VS: Disabled - VL: Disabled - RB: D+A+P (0x0003FFFF)
[    6.6783] open name host:/pool2-probe.cfg flag 1 data 41378
[    6.6798] open fd = 256
[    6.6854] open name host:/hud/flare-corona.png flag 1 data 41378
[    6.6869] open fd = 256
[    6.7101] LOG: POOL2PROBE_CONFIG arm=1 vertices=96 members=1 repeats=1 package=75 alpha=128
[    6.7102] LOG: POOL2EEPROBE_CONFIG kind=7 clip=0 lazy=1 oracle=0
[    6.7115] FRAMEARENA allocated=1 bytes=1048576
[    6.7223] microVU1: Cached Prog = [000] [PC=18e0] [List=01] (Cache=0.000%) [0.0mb]
[    6.7232] microVU1: 3 cycle stall on branch instruction [1f78]
[    6.7241] microVU1: Cached Prog = [001] [PC=2480] [List=01] (Cache=0.246%) [0.1mb]
[    6.7249] microVU1: 3 cycle stall on branch instruction [1f78]
[    6.7368] LOG: POOL2EEPROBE_SOURCE clip=0 ready=0 total=96 generation=1 coldOracle=0
[    6.7369] LOG: POOL2PROBE_FRAME frame=1 cold=1 arm=1 eligible=0 applied=0 compared=0 mismatches=0
[    6.7370] LOG: POOL2PROBE_READY arm=1 vertices=96 repeats=1 completed=1 warmBypass=0
[    6.7370] (VMManager) Pausing...
[    6.7911] PINE: New client with FD 14 connected.
[    6.7914] PINE: Client disconnected.
[    6.8990] PINE: New client with FD 14 connected.
[    6.8993] OSD [SaveStateSlot173]: Saving state to slot 173...
[    6.9262]   Saving SPU2
[    6.9266]   Saving GS
[    7.0297] OSD [SaveStateSlot173]: Saved state to slot 173.
[    7.0297] Zipping save state to '/home/spider/pool2-ee-probe-a96-arm1-repeat1-20261005-v1/profile/PCSX2/sstates/vehicle-playground (1C2826FE).173.p2s' took 95.27 ms
[    8.1910] PINE: Client disconnected.
