[    0.0165] Program Path: /home/spider/tyrax2-debugger-linux-v1/squashfs-root/usr/bin/pcsx2-qt
[    0.0166] AppRoot Directory: /home/spider/tyrax2-debugger-linux-v1/squashfs-root/usr/bin
[    0.0166] Resources Directory: /home/spider/tyrax2-debugger-linux-v1/squashfs-root/usr/bin/resources
[    0.0166] DataRoot Directory: /home/spider/corona-probe-v3-case2-arm1-repeat1-20261005-v3/profile/PCSX2
[    0.0166] Loading config from /home/spider/corona-probe-v3-case2-arm1-repeat1-20261005-v3/profile/PCSX2/inis/PCSX2.ini.
[    0.0169] Loading secrets from /home/spider/corona-probe-v3-case2-arm1-repeat1-20261005-v3/profile/PCSX2/inis/secrets.ini.
[    0.0174] BIOS Directory: /mnt/c/Users/pawel/OneDrive/Documents/PCSX2/bios
[    0.0174] Snapshots Directory: /home/spider/corona-probe-v3-case2-arm1-repeat1-20261005-v3/profile/PCSX2/snaps
[    0.0174] Savestates Directory: /home/spider/corona-probe-v3-case2-arm1-repeat1-20261005-v3/profile/PCSX2/sstates
[    0.0174] MemoryCards Directory: /home/spider/corona-probe-v3-case2-arm1-repeat1-20261005-v3/profile/PCSX2/memcards
[    0.0174] Logs Directory: /home/spider/corona-probe-v3-case2-arm1-repeat1-20261005-v3/profile/PCSX2/logs
[    0.0174] Cheats Directory: /home/spider/corona-probe-v3-case2-arm1-repeat1-20261005-v3/profile/PCSX2/cheats
[    0.0174] Patches Directory: /home/spider/corona-probe-v3-case2-arm1-repeat1-20261005-v3/profile/PCSX2/patches
[    0.0174] Covers Directory: /home/spider/corona-probe-v3-case2-arm1-repeat1-20261005-v3/profile/PCSX2/covers
[    0.0174] Game Settings Directory: /home/spider/corona-probe-v3-case2-arm1-repeat1-20261005-v3/profile/PCSX2/gamesettings
[    0.0174] Resources Directory: /home/spider/tyrax2-debugger-linux-v1/squashfs-root/usr/bin/resources
[    0.0174] User Resources Directory: /home/spider/corona-probe-v3-case2-arm1-repeat1-20261005-v3/profile/PCSX2/resources
[    0.0174] Cache Directory: /home/spider/corona-probe-v3-case2-arm1-repeat1-20261005-v3/profile/PCSX2/cache
[    0.0174] Textures Directory: /home/spider/corona-probe-v3-case2-arm1-repeat1-20261005-v3/profile/PCSX2/textures
[    0.0174] Input Profile Directory: /home/spider/corona-probe-v3-case2-arm1-repeat1-20261005-v3/profile/PCSX2/inputprofiles
[    0.0174] Video Dumping Directory: /home/spider/corona-probe-v3-case2-arm1-repeat1-20261005-v3/profile/PCSX2/videos
[    0.0175] Debugger Layouts Directory: /home/spider/corona-probe-v3-case2-arm1-repeat1-20261005-v3/profile/PCSX2/inis/debuggerlayouts
[    0.0175] Debugger Settings Directory: /home/spider/corona-probe-v3-case2-arm1-repeat1-20261005-v3/profile/PCSX2/inis/debuggersettings
[    0.0347] Loaded translation file for language en-US
[    0.0424] PCSX2 v2.9.93
[    0.0424] Savestate version: 0x9a590000
[    0.0424] 
[    0.0424] 
[    0.0424] Host Machine Init:
[    0.0425]   Operating System = Ubuntu 22.04
[    0.0425]   Available RAM    = 49089 MB (47.94 GB)
[    0.0425]   Physical RAM     = 50191 MB (49.02 GB)
[    0.0425] 
[    0.0426]   Processor        = AMD Ryzen Threadripper 1920X
[    0.0426]   Core Count       = 24 cores
[    0.0426]   Thread Count     = 24 threads
[    0.0426]   Cluster Count    = 1 clusters
[    0.0426] CPU Extensions Detected:
[    0.0426]   AVX AVX2
[    0.0426] 
[    0.0426] Allocating host memory for virtual systems...
[    0.0430]   EE Main Memory                   @ 0x00007F9F73200000 -> 0x00007F9F7C100000 [143mb]
[    0.0430]   IOP Main Memory                  @ 0x00007F9F7C100000 -> 0x00007F9F84200000 [129mb]
[    0.0430]   VU0/1 On-Chip Memory             @ 0x00007F9F84200000 -> 0x00007F9F84300000 [1mb]
[    0.0430]   VTLB Virtual Map                 @ 0x00007F9F84300000 -> 0x00007F9F84B00000 [8mb]
[    0.0430]   VTLB Address Map                 @ 0x00007F9F84B00000 -> 0x00007F9F84F00000 [4mb]
[    0.0430]   R5900 Recompiler Cache           @ 0x00007F9F84F00000 -> 0x00007F9F88F00000 [64mb]
[    0.0430]   R3000A Recompiler Cache          @ 0x00007F9F88F00000 -> 0x00007F9F8AF00000 [32mb]
[    0.0430]   Micro VU0 Recompiler Cache       @ 0x00007F9F8BF00000 -> 0x00007F9F8FF00000 [64mb]
[    0.0430]   Micro VU1 Recompiler Cache       @ 0x00007F9F8FF00000 -> 0x00007F9F93F00000 [64mb]
[    0.0431]   VIF0 Unpack Recompiler Cache     @ 0x00007F9F8AF00000 -> 0x00007F9F8B700000 [8mb]
[    0.0431]   VIF1 Unpack Recompiler Cache     @ 0x00007F9F8B700000 -> 0x00007F9F8BF00000 [8mb]
[    0.0431]   VIF Unpack Recompiler Cache      @ 0x00007F9F93F00000 -> 0x00007F9F94000000 [1mb]
[    0.0431]   GS Software Renderer             @ 0x00007F9F94000000 -> 0x00007F9F98000000 [64mb]
[    0.0450] Fastmem area: 0x7f9e73200000 - 0x7f9f731fffff
[    0.0469] Generating SSE-optimized unpacking functions for VIF interpreters...
[    0.0473] Unpack function generation complete.  Generated function statistics:
[    0.0473]   Reserved buffer    : 1048576 bytes @ 0x00007F9F93F00000
[    0.0474]   x86 code generated : 7422 bytes
[    0.0474] 
[    0.0478] SDLInputSource: Using Controller DB from resources.
[    0.0703] SDLInputSource: 765 gamepad mappings are loaded.
[    0.0705] Invalid binding: 'XInput-0/DPadUp'
[    0.0705] Invalid binding: 'XInput-0/DPadRight'
[    0.0705] Invalid binding: 'XInput-0/DPadDown'
[    0.0705] Invalid binding: 'XInput-0/DPadLeft'
[    0.0705] Invalid binding: 'XInput-0/Y'
[    0.0705] Invalid binding: 'XInput-0/B'
[    0.0705] Invalid binding: 'XInput-0/A'
[    0.0705] Invalid binding: 'XInput-0/X'
[    0.0705] Invalid binding: 'XInput-0/Back'
[    0.0705] Invalid binding: 'XInput-0/Start'
[    0.0705] Invalid binding: 'XInput-0/LeftShoulder'
[    0.0705] Invalid binding: 'XInput-0/+LeftTrigger'
[    0.0706] Invalid binding: 'XInput-0/RightShoulder'
[    0.0706] Invalid binding: 'XInput-0/+RightTrigger'
[    0.0706] Invalid binding: 'XInput-0/LeftStick'
[    0.0706] Invalid binding: 'XInput-0/RightStick'
[    0.0706] Invalid binding: 'XInput-0/Guide'
[    0.0706] Invalid binding: 'XInput-0/-LeftY'
[    0.0706] Invalid binding: 'XInput-0/+LeftX'
[    0.0706] Invalid binding: 'XInput-0/+LeftY'
[    0.0706] Invalid binding: 'XInput-0/-LeftX'
[    0.0706] Invalid binding: 'XInput-0/-RightY'
[    0.0706] Invalid binding: 'XInput-0/+RightX'
[    0.0706] Invalid binding: 'XInput-0/+RightY'
[    0.0706] Invalid binding: 'XInput-0/-RightX'
[    0.0712] Settings: Advanced Settings are enabled; only proceed if you know what you're doing! No support will be provided if you have the option enabled.
[    0.1264] Scanning F:\PS2\Games (recursively)
[    0.2430] Loading BIOS...
[    0.2566] BIOS Found: Europe  v02.00(14/06/2004)  Console 20040614-100914
[    0.3254] Mechacon version: 0x00020603
[    0.3272] Opening CDVD...
[    0.3642] Initializing Elf: 4467516 bytes
[    0.3651] Disc changed to .
[    0.3652]   Name: vehicle-playground [?]
[    0.3652]   Serial: vehicle-playground
[    0.3652]   Version: 
[    0.3652]   CRC: 8F787F06
[    0.3652] No game settings found (tried '/home/spider/corona-probe-v3-case2-arm1-repeat1-20261005-v3/profile/PCSX2/gamesettings/8F787F06.ini')
[    0.3652] Applying settings...
[    0.3655] Invalid binding: 'XInput-0/DPadUp'
[    0.3655] Invalid binding: 'XInput-0/DPadRight'
[    0.3655] Invalid binding: 'XInput-0/DPadDown'
[    0.3655] Invalid binding: 'XInput-0/DPadLeft'
[    0.3656] Invalid binding: 'XInput-0/Y'
[    0.3656] Invalid binding: 'XInput-0/B'
[    0.3656] Invalid binding: 'XInput-0/A'
[    0.3656] Invalid binding: 'XInput-0/X'
[    0.3656] Invalid binding: 'XInput-0/Back'
[    0.3656] Invalid binding: 'XInput-0/Start'
[    0.3656] Invalid binding: 'XInput-0/LeftShoulder'
[    0.3656] Invalid binding: 'XInput-0/+LeftTrigger'
[    0.3656] Invalid binding: 'XInput-0/RightShoulder'
[    0.3656] Invalid binding: 'XInput-0/+RightTrigger'
[    0.3656] Invalid binding: 'XInput-0/LeftStick'
[    0.3656] Invalid binding: 'XInput-0/RightStick'
[    0.3656] Invalid binding: 'XInput-0/Guide'
[    0.3656] Invalid binding: 'XInput-0/-LeftY'
[    0.3656] Invalid binding: 'XInput-0/+LeftX'
[    0.3656] Invalid binding: 'XInput-0/+LeftY'
[    0.3656] Invalid binding: 'XInput-0/-LeftX'
[    0.3656] Invalid binding: 'XInput-0/-RightY'
[    0.3656] Invalid binding: 'XInput-0/+RightX'
[    0.3656] Invalid binding: 'XInput-0/+RightY'
[    0.3656] Invalid binding: 'XInput-0/-RightX'
[    0.3658] GameDB: Has not been initialized yet, initializing...
[    0.4180] GameDB: 12841 games on record (loaded in 52.24ms)
[    0.4217] Reopening memory cards...
[    0.4217] (FileMcd) Creating new 8MB memory card: /home/spider/corona-probe-v3-case2-arm1-repeat1-20261005-v3/profile/PCSX2/memcards/Mcd001.ps2
[    0.4320] McdSlot 0 [File]: Mcd001.ps2 [8 MB, UNFORMATTED]
[    0.4320] McdSlot 1 [File]: [disabled/empty filename]
[    0.4388] HLE Host: Set 'host:' root path to: /mnt/f/Projects/tyrax2-lab-20261001/corona24-probe-physical-v1/game/bin
[    0.4391] EE/iR5900 Recompiler Reset
[    0.4875] iR3000A Recompiler reset.
[    0.5045] Resetting host memory for virtual systems...
[    0.7600] Time Zone Offset: GMT+01:00
[    0.7601] Time Zone Location: Berlin
[    0.7601] DST: Winter Time
[    0.7601] Time Format: 24-Hour
[    0.7601] Date Format: DD/MM/YYYY
[    0.7601] System Time Basis: Operating System Time
[    0.7601] Resulting System Time: 2026-10-05 16:01:53
[    0.7601] Close virtual disk tray
[    0.7601] Media already loaded (fast boot)
[    0.7601] Opening GS...
[    0.7994] VK: Enabling extension: VK_KHR_get_surface_capabilities2
[    0.8104] Using Vulkan GPU 'llvmpipe (LLVM 15.0.7, 256 bits)' for automatic renderer check.
[    0.8104] Not using Vulkan for software renderer.
[    0.8105] acquireRenderWindow() recreate=true fullscreen=false render_to_main=true surfaceless=false
[    0.8133] (GetRefreshRateFromXRandR) Modeline is invalid: 0/0/0
[    0.8133] Surface refresh rate: 60 Hz
[    0.8139] Loading EGL from libEGL.so...
[    0.8150] GLAD EGL Version: 1.0
[    0.8151] Using EGL platform EGL_EXT_platform_x11.
[    0.8237] eglInitialize() version: 1.5
[    0.8238] GLAD EGL Version: 1.5
[    0.8238] Trying GL version 4.6
[    0.8238] eglCreateContext() failed: 0x3009
[    0.8238] Trying GL version 4.5
[    0.8354] Got GL version 4.5
[    0.8354] EGL_MIN_SWAP_INTERVAL = 1
[    0.8354] EGL_MAX_SWAP_INTERVAL = 1
[    0.8354] Negative swap interval/tear-control is NOT supported
[    0.8380] GL_VENDOR: Mesa
[    0.8380] GL_VERSION: 4.5 (Core Profile) Mesa 23.2.1-1ubuntu3.1~22.04.4
[    0.8381] GL_RENDERER: llvmpipe (LLVM 15.0.7, 256 bits)
[    0.8381] GL_SHADING_LANGUAGE_VERSION: 4.50
[    0.8382] GL_MAX_VERTEX_SHADER_STORAGE_BLOCKS: 16
[    0.8382] GL: Viewport Array:            Supported       => Using: GL_ARB_viewport_array
[    0.8382] GL: Direct State Access:       Supported       => Using: OpenGL 4.5 Core
[    0.8382] GL: Copy Image:                Supported       => Using: OpenGL 4.3 Core
[    0.8382] GL: Clip Control:              Supported       => Using: OpenGL 4.5 Core
[    0.8382] GL: Conservative Depth:        Supported       => Using: OpenGL 4.2 Core
[    0.8382] GL: CAS Sharpening:            Supported       => Using: OpenGL 4.2 Core
[    0.8382] GL: Texture Barriers:          Auto            => Using: Framebuffer Fetch
[    0.8382] GL: RGBA16 HW Blending:        Supported       => Using: RGBA16 UNORM
[    0.8382] GL: Point Expansion:           Supported       => Using: Hardware
[    0.8382] GL: Line Expansion:            Fallback        => Using: Vertex Expansion
[    0.8382] GL: Sprite Expansion:          Supported       => Using: Vertex Expansion
[    0.8382] GL: DXTn Texture Compression:  Supported       => Using: GL_EXT_texture_compression_s3tc
[    0.8382] GL: BC6/7 Texture Compression: Supported       => Using: OpenGL 4.2 Core
[    0.8479] 1 program binary formats supported by driver
[    0.8859] Program binary retrieved, 4105 bytes, format 34655
[    0.8863] Program binary retrieved, 4121 bytes, format 34655
[    0.8867] Program binary retrieved, 4249 bytes, format 34655
[    0.8871] Program binary retrieved, 4013 bytes, format 34655
[    0.8875] Program binary retrieved, 4013 bytes, format 34655
[    0.8879] Program binary retrieved, 4017 bytes, format 34655
[    0.8885] Program binary retrieved, 4017 bytes, format 34655
[    0.8890] Program binary retrieved, 4185 bytes, format 34655
[    0.8895] Program binary retrieved, 4217 bytes, format 34655
[    0.8899] Program binary retrieved, 4137 bytes, format 34655
[    0.8903] Program binary retrieved, 4125 bytes, format 34655
[    0.8907] Program binary retrieved, 4121 bytes, format 34655
[    0.8912] Program binary retrieved, 4253 bytes, format 34655
[    0.8919] Program binary retrieved, 4237 bytes, format 34655
[    0.8922] Program binary retrieved, 4245 bytes, format 34655
[    0.8927] Program binary retrieved, 4261 bytes, format 34655
[    0.8931] Program binary retrieved, 4965 bytes, format 34655
[    0.8937] Program binary retrieved, 4981 bytes, format 34655
[    0.8941] Program binary retrieved, 4261 bytes, format 34655
[    0.8945] Program binary retrieved, 4277 bytes, format 34655
[    0.8951] Program binary retrieved, 5005 bytes, format 34655
[    0.8956] Program binary retrieved, 5021 bytes, format 34655
[    0.8960] Program binary retrieved, 4257 bytes, format 34655
[    0.8964] Program binary retrieved, 4273 bytes, format 34655
[    0.8968] Program binary retrieved, 5001 bytes, format 34655
[    0.8973] Program binary retrieved, 5017 bytes, format 34655
[    0.8977] Program binary retrieved, 4277 bytes, format 34655
[    0.8981] Program binary retrieved, 4293 bytes, format 34655
[    0.8986] Program binary retrieved, 5057 bytes, format 34655
[    0.8992] Program binary retrieved, 5073 bytes, format 34655
[    0.8996] Program binary retrieved, 4153 bytes, format 34655
[    0.9000] Program binary retrieved, 4169 bytes, format 34655
[    0.9004] Program binary retrieved, 4233 bytes, format 34655
[    0.9009] Program binary retrieved, 5781 bytes, format 34655
[    0.9014] Program binary retrieved, 5373 bytes, format 34655
[    0.9020] Program binary retrieved, 6389 bytes, format 34655
[    0.9025] Program binary retrieved, 4917 bytes, format 34655
[    0.9029] Program binary retrieved, 4845 bytes, format 34655
[    0.9033] Program binary retrieved, 4997 bytes, format 34655
[    0.9038] Program binary retrieved, 4101 bytes, format 34655
[    0.9069] Program binary retrieved, 4137 bytes, format 34655
[    0.9103] Program binary retrieved, 4109 bytes, format 34655
[    0.9107] Program binary retrieved, 5389 bytes, format 34655
[    0.9111] Program binary retrieved, 5829 bytes, format 34655
[    0.9115] Program binary retrieved, 5857 bytes, format 34655
[    0.9119] Program binary retrieved, 4289 bytes, format 34655
[    0.9146] Program binary retrieved, 21205 bytes, format 34655
[    0.9150] Program binary retrieved, 4765 bytes, format 34655
[    0.9155] Program binary retrieved, 5685 bytes, format 34655
[    0.9158] Program binary retrieved, 4141 bytes, format 34655
[    0.9161] Program binary retrieved, 4537 bytes, format 34655
[    0.9165] Program binary retrieved, 4889 bytes, format 34655
[    0.9168] Program binary retrieved, 4117 bytes, format 34655
[    0.9171] Program binary retrieved, 4741 bytes, format 34655
[    0.9175] Program binary retrieved, 4965 bytes, format 34655
[    0.9182] Program binary retrieved, 6613 bytes, format 34655
[    0.9185] Program binary retrieved, 4797 bytes, format 34655
[    0.9202] Program binary retrieved, 13085 bytes, format 34655
[    0.9269] Program binary retrieved, 7285 bytes, format 34655
[    0.9326] Program binary retrieved, 5497 bytes, format 34655
[    0.9329] Program binary retrieved, 4141 bytes, format 34655
[    0.9333] Program binary retrieved, 4141 bytes, format 34655
[    0.9337] Program binary retrieved, 4145 bytes, format 34655
[    0.9342] Program binary retrieved, 4145 bytes, format 34655
[    0.9891] Program binary retrieved, 5369 bytes, format 34655
[    0.9910] OpenGL Graphics Driver Info:
[    0.9910] OpenGL Context:
[    0.9911] 4.5 (Core Profile) Mesa 23.2.1-1ubuntu3.1~22.04.4
[    0.9911] Mesa llvmpipe (LLVM 15.0.7, 256 bits)
[    0.9911] GLSL: 4.50
[    0.9944] Processor count: 24 cores, 24 processors, 1 clusters
[    0.9944] Ordered processor list: 12, 23, 22, 21, 20, 19, 18, 17, 16, 15, 14, 13, 0, 11, 10, 9, 8, 7, 6, 5, 4, 3, 2, 1
[    0.9944] Not pinning SW threads, we need 4 processors, but only have 0
[    0.9948] Opening SPU2...
[    0.9951] Creating Null audio stream, sample rate = 48000, expansion = Disabled, buffer = 50, latency = 32, stretching enabled, driver = wasapi, device = 
[    0.9951] Allocated buffer of 2432 frames for buffer of 50 ms [expansion Disabled (block size 2048), stretch disabled, target size 2432].
[    0.9951] Initializing Pad...
[    0.9951] Initializing SIO2...
[    0.9951] Initializing SIO0...
[    0.9951] Opening DEV9...
[    0.9951] DEV9: DEV9init
[    0.9956] DEV9: DEV9init2
[    0.9956] DEV9: DEV9init3
[    1.0019] DEV9: DEV9init ok
[    1.0019] DEV9: DEV9open
[    1.0019] Opening USB...
[    1.0019] Opening FW...
[    1.0022] Frame rate: 59.94, target speed: 1, target frame rate: 59.94, ticks per frame: 16683350
[    1.0046] MultiPause time: 146ns
[    1.0047] MultiPause time: 202ns
[    1.0047] MultiPause time: 144ns
[    1.0048] MultiPause time: 152ns
[    1.0062] VM subsystems initialized in 767.98 ms
[    1.0191] Failed to inhibit screen saver.
[    1.0192] Processor order assignment: EE=12, VU=23, GS=23
[    1.0192]   EE thread is on processor 12 (0x1000)
[    1.0194]   GS thread is on processor 23 (0x800000)
[    1.0322] Failed to inhibit screen saver.
[    1.0572] # Initialize memory (rev:3.70, ctm:197Mhz, cpuclk:147Mhz detected)
[    1.0660] R3000 Debugger: Branch to 0x890 (SYSMEM). Clearing modules.
[    1.0678] RegisterLibraryEntries: excepman version 1.01
[    1.0689] RegisterLibraryEntries:  intrman version 1.02
[    1.0690] RegisterLibraryEntries:   ssbusc version 1.01
[    1.0694] RegisterLibraryEntries:  dmacman version 1.02
[    1.0699] RegisterLibraryEntries:  timrman version 1.01
[    1.0702] RegisterLibraryEntries:  sysclib version 1.01
[    1.0703] RegisterLibraryEntries:    stdio version 1.01
[    1.0704] RegisterLibraryEntries:  heaplib version 1.01
[    1.0709] FW: read mem 0x1f80847c: 0x10000001
[    1.0709] FW: write mem 0x1f808414: 0x417f0000
[    1.0710] FW: read mem 0x1f808400: 0xffc00001
[    1.0710] FW: write mem 0x1f80844c: 0xffffffff
[    1.0710] FW: write mem 0x1f808420: 0xffffffff
[    1.0710] FW: write mem 0x1f808428: 0xffffffff
[    1.0710] FW: write mem 0x1f808430: 0xffffffff
[    1.0720] RegisterLibraryEntries:   thbase version 1.01
[    1.0722] RegisterLibraryEntries:  thevent version 1.01
[    1.0724] RegisterLibraryEntries:  thsemap version 1.01
[    1.0725] RegisterLibraryEntries:  thmsgbx version 1.01
[    1.0725] RegisterLibraryEntries:  thfpool version 1.01
[    1.0726] RegisterLibraryEntries:  thvpool version 1.01
[    1.0734] RegisterLibraryEntries:   vblank version 1.01
[    1.0739] RegisterLibraryEntries:    ioman version 1.02
[    1.0746] RegisterLibraryEntries:  modload version 1.01
[    1.0749] RegisterLibraryEntries:   romdrv version 2.01
[    1.0752] RegisterLibraryEntries:    stdio version 1.02
[    1.0756] RegisterLibraryEntries:   sifman version 1.01
[    1.0758] 
[    1.0759] PlayStation 2 ======== Hard reset boot
[    1.0760]  ROMGEN=2004-0614, IOP info (CPUID=1f, CACH_CONFIG=0, 2MB, IOP mode)
[    1.0762]  <20040614-100914,ROMconf,PS20200EC20040614.bin:11696>
[    1.0860] # Total accessable memory size: 32 MB (B:2:8:0) (370:2:7c30)
[    1.0871] # TLB spad=0 kernel=1:12 default=13:30 extended=31:38
[    1.1501] # Initialize Start.
[    1.1507] # Initialize GS ...
[    1.1507] # Initialize INTC ...
[    1.1508] # Initialize TIMER ...
[    1.1508] # Initialize DMAC ...
[    1.1509] # Initialize VU1 ...
[    1.1511] # Initialize VIF1 ...
[    1.1512] # Initialize GIF ...
[    1.1512] # Initialize VU0 ...
[    1.1514] # Initialize VIF0 ...
[    1.1515] # Initialize IPU ...
[    1.1516] # Initialize FPU ...
[    1.1516] # Initialize User Memory ...
[    1.2110] # Initialize Scratch Pad ...
[    1.2110] # Initialize Done.
[    1.2119] 
[    1.2119] EE DECI2 Manager version 0.06 Feb  6 2003 08:38:48
[    1.2119]   CPUID=2e20, BoardID=0, ROMGEN=2004-0614, 32M
[    1.2119] 
[    1.2121] RegisterLibraryEntries:   sifcmd version 1.01
[    1.2445] Initializing Elf: 4467516 bytes
[    1.2469] ELF Loading: host:vehicle-playground.elf, Game CRC = 8F787F06, EntryPoint = 0x00100E78
[    1.2499] RegisterLibraryEntries:  cdvdman version 1.01
[    1.2532] Imported 823 symbols.
[    1.2563] RegisterLibraryEntries:  cdvdfsv version 1.01
[    1.2578] RegisterLibraryEntries:  secrman version 1.03
[    1.2579] RegisterLibraryEntries:   eesync version 1.01
[    1.2580] 
[    1.2580] IOP Realtime Kernel Ver.0.9.1
[    1.2580]     Copyright 1999 (C) Sony Computer Entertainment Inc. 
[    1.2586] Reboot service module.(99/11/10)
[    1.2610] cdvd driver module version 0.1.1 (C)SCEI
[    1.2614] Load File service.(99/11/05)
[    1.2615] Multi Threaded Fileio module.(99/11/15) 
[    1.2615] iop heap service (99/11/03)
[    1.2678] PINE: New client with FD 12 connected.
[    1.2683] PINE: Client disconnected.
[    1.2775] loadelf: fname host:vehicle-playground.elf secname all
[    1.2776] loadelf version 3.30
[    1.2800] Input ELF format filename = host:vehicle-playground.elf
[    1.3435] 1 00100000 003f6b3c ................................................................
[    1.3435] Loaded, host:vehicle-playground.elf
[    1.3437] start address 0x100e78
[    1.3437] gp address 00000000
[    1.3444] (VMManager) Pausing...
[    1.3446] (VMManager) Resuming...
[    1.3585] Failed to inhibit screen saver.
[    1.3587] EE/iR5900 Recompiler Reset
[    1.3689] PINE: New client with FD 12 connected.
[    1.3700] PINE: Client disconnected.
[    1.3795] # Restart Without Memory Clear.
[    1.3910] # Initialize GS ...
[    1.3910] # Initialize INTC ...
[    1.3910] # Initialize TIMER ...
[    1.3911] # Initialize DMAC ...
[    1.3912] # Initialize VU1 ...
[    1.3913] # Initialize VIF1 ...
[    1.3915] # Initialize GIF ...
[    1.3915] # Initialize VU0 ...
[    1.3916] # Initialize VIF0 ...
[    1.3917] # Initialize IPU ...
[    1.3918] # Initialize FPU ...
[    1.3918] # Initialize Scratch Pad ...
[    1.3919] # Restart Without Memory Clear Done.
[    1.3921] ELF host:vehicle-playground.elf with entry point at 0x00100E78 is executing.
[    1.3922] ELF changed, active CRC 8F787F06 (host:vehicle-playground.elf)
[    1.3926] Applying core settings...
[    1.3926] Debugger Settings Manager: Failed to read Saved Addresses array from settings file: '/home/spider/corona-probe-v3-case2-arm1-repeat1-20261005-v3/profile/PCSX2/inis/debuggersettings/vehicle-playground_8F787F06.json'
[    1.3927] Debugger Settings Manager: Failed to read Saved Addresses array from settings file: '/home/spider/corona-probe-v3-case2-arm1-repeat1-20261005-v3/profile/PCSX2/inis/debuggersettings/vehicle-playground_8F787F06.json'
[    1.3931] Updating CPU configuration...
[    1.3931] iR3000A Recompiler reset.
[    1.4168] iR3000A Recompiler reset.
[    1.4244] EE/iR5900 Recompiler Reset
[    1.4418] (VMManager) Pausing...
[    1.4422] EE/iR5900 Recompiler Reset
[    1.4574] EE/iR5900 Recompiler Reset
[    1.4708] PINE: New client with FD 12 connected.
[    1.4712] PINE: Client disconnected.
[    1.4741] iR3000A Recompiler reset.
[    1.4779] EE/iR5900 Recompiler Reset
[    1.4959] iR3000A Recompiler reset.
[    1.5000] EE/iR5900 Recompiler Reset
[    1.5159] iR3000A Recompiler reset.
[    1.5200] EE/iR5900 Recompiler Reset
[    1.5369] iR3000A Recompiler reset.
[    1.5422] EE/iR5900 Recompiler Reset
[    1.6090] PINE: New client with FD 12 connected.
[    1.6094] OSD [SaveStateSlot140]: Saving state to slot 140...
[    1.6381]   Saving SPU2
[    1.6386]   Saving GS
[    1.7464] OSD [SaveStateSlot140]: Saved state to slot 140.
[    1.7464] Zipping save state to '/home/spider/corona-probe-v3-case2-arm1-repeat1-20261005-v3/profile/PCSX2/sstates/vehicle-playground (8F787F06).140.p2s' took 101.57 ms
[    2.9139] PINE: Client disconnected.
[    3.4134] PINE: New client with FD 12 connected.
[    3.4185] (VMManager) Resuming...
[    3.4309] Failed to inhibit screen saver.
[    3.4324] BIOS: Successfully found the instruction pattern. Assuming the thread list is here: 8001a640
[    3.4351] Warning: GetOsdConfigParam2 Reading extended language/version configs, may be incorrect!
[    3.4463] read/write allocate memory 4000
[    3.4464] open name host:/ps2link.run flag 1 data 41378
[    3.4473] open fd = -5
[    3.4502] Get Reboot Request From EE
[    3.4514] R3000 Debugger: Branch to 0x890 (SYSMEM). Clearing modules.
[    3.4533] RegisterLibraryEntries: excepman version 1.01
[    3.4544] RegisterLibraryEntries:  intrman version 1.02
[    3.4545] RegisterLibraryEntries:   ssbusc version 1.01
[    3.4551] RegisterLibraryEntries:  dmacman version 1.02
[    3.4556] RegisterLibraryEntries:  timrman version 1.01
[    3.4561] RegisterLibraryEntries:  sysclib version 1.01
[    3.4561] RegisterLibraryEntries:    stdio version 1.01
[    3.4563] RegisterLibraryEntries:  heaplib version 1.01
[    3.4584] RegisterLibraryEntries:   thbase version 1.01
[    3.4585] RegisterLibraryEntries:  thevent version 1.01
[    3.4585] RegisterLibraryEntries:  thsemap version 1.01
[    3.4585] RegisterLibraryEntries:  thmsgbx version 1.01
[    3.4585] RegisterLibraryEntries:  thfpool version 1.01
[    3.4586] RegisterLibraryEntries:  thvpool version 1.01
[    3.4597] RegisterLibraryEntries:   vblank version 1.01
[    3.4601] RegisterLibraryEntries:    ioman version 1.02
[    3.4611] RegisterLibraryEntries:  modload version 1.01
[    3.4684] RegisterLibraryEntries:   romdrv version 2.01
[    3.4688] RegisterLibraryEntries:    stdio version 1.02
[    3.4693] RegisterLibraryEntries:   sifman version 1.01
[    3.4698] 
[    3.4699] PlayStation 2 ======== Soft reboot
[    3.4705] RegisterLibraryEntries:   sifcmd version 1.01
[    3.4742] RegisterLibraryEntries:  cdvdman version 1.01
[    3.4757] RegisterLibraryEntries:  cdvdfsv version 1.01
[    3.4837] RegisterLibraryEntries:  secrman version 1.03
[    3.4840] RegisterLibraryEntries:   eesync version 1.01
[    3.4841] 
[    3.4841] IOP Realtime Kernel Ver.0.9.1
[    3.4842]     Copyright 1999 (C) Sony Computer Entertainment Inc. 
[    3.4847] Reboot service module.(99/11/10)
[    3.4866] [EE] Skipping timeout loop at 0x002D4D60 -> 0x002D4D80
[    3.4866] cdvd driver module version 0.1.1 (C)SCEI
[    3.4869] Load File service.(99/11/05)
[    3.4870] Multi Threaded Fileio module.(99/11/15) 
[    3.4870] iop heap service (99/11/03)
[    3.5068] RegisterLibraryEntries:   iomanx version 1.01
[    3.5081] fileXio: fileXio: fileXio RPC Server v1.00
[    3.5081] Copyright (c) 2003 adresd
[    3.5083] RegisterLibraryEntries:  sio2man version 2.07
[    3.5084] RegisterLibraryEntries:  sio2man version 1.02
[    3.5091] RegisterLibraryEntries:   padman version 1.02
[    3.5093] Pad Driver for OSD
[    3.5098] FREESD v1.01
[    3.5098] RegisterLibraryEntries:    libsd version 1.04
[    3.5103] debug_level = 1 (ps2snd 0.1
[    3.5189] PINE: Client disconnected.
[    3.5232] greetings from version 0.93 !
[    3.5233] RegisterLibraryEntries:   audsrv version 1.04
[    3.5234] audsrv_adpcm_init()
[    3.5248] UpdateVSyncRate: Mode Changed to SDTV 480p.
[    3.5248] Frame rate: 59.94, target speed: 1, target frame rate: 59.94, ticks per frame: 16683350
[    3.5248] Set GS CRTC configuration. SDTV   720x480 @ 59.94 Progressive (FRAME)
[    5.6126] read/write allocate memory 4000
[    5.6128] 
[    5.6132] -----------------------------------------
[    5.6132]         _____        ____   ___
[    5.6133]           |     /   ____| |___|
[    5.6133]           |     |   |     |   |
[    5.6134] -----------------------------------------
[    5.6134] Copyright 2022
[    5.6135] Repository: https://github.com/h4570/tyra
[    5.6135] Licensed under Apache License 2.0
[    5.6140] Version: 2.2.0
[    5.6140] -----------------------------------------
[    5.6141] 
[    5.7784] audsrv_adpcm_init()
[    5.7796] [EE] Skipping timeout loop at 0x00102CB0 -> 0x00102CD0
[    5.8122] Curent pad(0,0) status: EXECCMD
[    6.0103] Pad: DS2 Config Finished - P1/S1 - AL: Off - AB: Usable - VS: Disabled - VL: Disabled - RB: D (0x00000000)
[    6.0439] Curent pad(0,0) status: EXECCMD
[    6.1103] Pad: DS2 Config Finished - P1/S1 - AL: On - AB: Locked - VS: Disabled - VL: Disabled - RB: D (0x00000000)
[    6.3103] Pad: DS2 Config Finished - P1/S1 - AL: On - AB: Locked - VS: Disabled - VL: Disabled - RB: D (0x00000000)
[    6.3436] Curent pad(0,0) status: EXECCMD
[    6.6103] Pad: DS2 Config Finished - P1/S1 - AL: On - AB: Locked - VS: Disabled - VL: Disabled - RB: D+A+P (0x0003FFFF)
[    6.8106] Pad: DS2 Config Finished - P1/S1 - AL: On - AB: Locked - VS: Disabled - VL: Disabled - RB: D+A+P (0x0003FFFF)
[    6.8468] open name host:/pool2-probe.cfg flag 1 data 41378
[    6.8482] open fd = 256
[    6.8543] open name host:/hud/flare-corona.png flag 1 data 41378
[    6.8562] open fd = 256
[    6.8769] LOG: CORONAPROBE_CONFIG arm=1 case=2 vertices=72 repeats=1 package=72 fog=1 light=1 oracle=0 depth=24 capability=1
[    6.8780] FRAMEARENA allocated=1 bytes=1048576
[    6.8900] microVU1: Cached Prog = [000] [PC=18e0] [List=01] (Cache=0.000%) [0.0mb]
[    6.8903] microVU1: 3 cycle stall on branch instruction [26b8]
[    6.8903] microVU1: 3 cycle stall on branch instruction [26b8]
[    6.8903] microVU1: 3 cycle stall on branch instruction [26d0]
[    6.8903] microVU1: 3 cycle stall on branch instruction [26d0]
[    6.8904] microVU1: 3 cycle stall on branch instruction [2708]
[    6.8904] microVU1: 3 cycle stall on branch instruction [2708]
[    6.8904] microVU1: 3 cycle stall on branch instruction [2728]
[    6.8904] microVU1: 3 cycle stall on branch instruction [2728]
[    6.8905] microVU1: 3 cycle stall on branch instruction [26b8]
[    6.8905] microVU1: 3 cycle stall on branch instruction [26b8]
[    6.8905] microVU1: 3 cycle stall on branch instruction [26d0]
[    6.8905] microVU1: 3 cycle stall on branch instruction [26d0]
[    6.8906] microVU1: 3 cycle stall on branch instruction [2708]
[    6.8906] microVU1: 3 cycle stall on branch instruction [2708]
[    6.8906] microVU1: 3 cycle stall on branch instruction [2728]
[    6.8906] microVU1: 3 cycle stall on branch instruction [2728]
[    6.8907] microVU1: 3 cycle stall on branch instruction [26b8]
[    6.8907] microVU1: 3 cycle stall on branch instruction [26b8]
[    6.8907] microVU1: 3 cycle stall on branch instruction [26d0]
[    6.8907] microVU1: 3 cycle stall on branch instruction [26d0]
[    6.8907] microVU1: 3 cycle stall on branch instruction [2708]
[    6.8907] microVU1: 3 cycle stall on branch instruction [2708]
[    6.8907] microVU1: 3 cycle stall on branch instruction [2728]
[    6.8907] microVU1: 3 cycle stall on branch instruction [2728]
[    6.8908] microVU1: 3 cycle stall on branch instruction [26b8]
[    6.8908] microVU1: 3 cycle stall on branch instruction [26b8]
[    6.8908] microVU1: 3 cycle stall on branch instruction [26d0]
[    6.8908] microVU1: 3 cycle stall on branch instruction [26d0]
[    6.8908] microVU1: 3 cycle stall on branch instruction [2708]
[    6.8908] microVU1: 3 cycle stall on branch instruction [2708]
[    6.8908] microVU1: 3 cycle stall on branch instruction [2728]
[    6.8908] microVU1: 3 cycle stall on branch instruction [2728]
[    6.8912] microVU1: 3 cycle stall on branch instruction [26b8]
[    6.8912] microVU1: 3 cycle stall on branch instruction [26b8]
[    6.8912] microVU1: 3 cycle stall on branch instruction [26d0]
[    6.8912] microVU1: 3 cycle stall on branch instruction [26d0]
[    6.8912] microVU1: 3 cycle stall on branch instruction [2708]
[    6.8912] microVU1: 3 cycle stall on branch instruction [2708]
[    6.8912] microVU1: 3 cycle stall on branch instruction [2728]
[    6.8912] microVU1: 3 cycle stall on branch instruction [2728]
[    6.8913] microVU1: 3 cycle stall on branch instruction [26b8]
[    6.8913] microVU1: 3 cycle stall on branch instruction [26b8]
[    6.8913] microVU1: 3 cycle stall on branch instruction [26d0]
[    6.8913] microVU1: 3 cycle stall on branch instruction [26d0]
[    6.8914] microVU1: 3 cycle stall on branch instruction [2708]
[    6.8914] microVU1: 3 cycle stall on branch instruction [2708]
[    6.8914] microVU1: 3 cycle stall on branch instruction [2728]
[    6.8914] microVU1: 3 cycle stall on branch instruction [2728]
[    6.8915] microVU1: 3 cycle stall on branch instruction [26b8]
[    6.8915] microVU1: 3 cycle stall on branch instruction [26b8]
[    6.8915] microVU1: 3 cycle stall on branch instruction [26d0]
[    6.8915] microVU1: 3 cycle stall on branch instruction [26d0]
[    6.8915] microVU1: 3 cycle stall on branch instruction [2708]
[    6.8915] microVU1: 3 cycle stall on branch instruction [2708]
[    6.8915] microVU1: 3 cycle stall on branch instruction [2728]
[    6.8915] microVU1: 3 cycle stall on branch instruction [2728]
[    6.8916] microVU1: 3 cycle stall on branch instruction [26b8]
[    6.8916] microVU1: 3 cycle stall on branch instruction [26b8]
[    6.8916] microVU1: 3 cycle stall on branch instruction [26d0]
[    6.8916] microVU1: 3 cycle stall on branch instruction [26d0]
[    6.8917] microVU1: 3 cycle stall on branch instruction [2708]
[    6.8917] microVU1: 3 cycle stall on branch instruction [2708]
[    6.8917] microVU1: 3 cycle stall on branch instruction [2728]
[    6.8917] microVU1: 3 cycle stall on branch instruction [2728]
[    6.8920] microVU1: 3 cycle stall on branch instruction [26b8]
[    6.8920] microVU1: 3 cycle stall on branch instruction [26b8]
[    6.8920] microVU1: 3 cycle stall on branch instruction [26d0]
[    6.8920] microVU1: 3 cycle stall on branch instruction [26d0]
[    6.8920] microVU1: 3 cycle stall on branch instruction [2708]
[    6.8920] microVU1: 3 cycle stall on branch instruction [2708]
[    6.8920] microVU1: 3 cycle stall on branch instruction [2728]
[    6.8920] microVU1: 3 cycle stall on branch instruction [2728]
[    6.8921] microVU1: 3 cycle stall on branch instruction [26b8]
[    6.8921] microVU1: 3 cycle stall on branch instruction [26b8]
[    6.8921] microVU1: 3 cycle stall on branch instruction [26d0]
[    6.8922] microVU1: 3 cycle stall on branch instruction [26d0]
[    6.8922] microVU1: 3 cycle stall on branch instruction [2708]
[    6.8922] microVU1: 3 cycle stall on branch instruction [2708]
[    6.8922] microVU1: 3 cycle stall on branch instruction [2728]
[    6.8922] microVU1: 3 cycle stall on branch instruction [2728]
[    6.8923] microVU1: 3 cycle stall on branch instruction [26b8]
[    6.8923] microVU1: 3 cycle stall on branch instruction [26b8]
[    6.8923] microVU1: 3 cycle stall on branch instruction [26d0]
[    6.8923] microVU1: 3 cycle stall on branch instruction [26d0]
[    6.8923] microVU1: 3 cycle stall on branch instruction [2708]
[    6.8923] microVU1: 3 cycle stall on branch instruction [2708]
[    6.8923] microVU1: 3 cycle stall on branch instruction [2728]
[    6.8923] microVU1: 3 cycle stall on branch instruction [2728]
[    6.8924] microVU1: 3 cycle stall on branch instruction [26b8]
[    6.8924] microVU1: 3 cycle stall on branch instruction [26b8]
[    6.8924] microVU1: 3 cycle stall on branch instruction [26d0]
[    6.8924] microVU1: 3 cycle stall on branch instruction [26d0]
[    6.8925] microVU1: 3 cycle stall on branch instruction [2708]
[    6.8925] microVU1: 3 cycle stall on branch instruction [2708]
[    6.8925] microVU1: 3 cycle stall on branch instruction [2728]
[    6.8925] microVU1: 3 cycle stall on branch instruction [2728]
[    6.8928] microVU1: 3 cycle stall on branch instruction [26b8]
[    6.8928] microVU1: 3 cycle stall on branch instruction [26b8]
[    6.8928] microVU1: 3 cycle stall on branch instruction [26d0]
[    6.8928] microVU1: 3 cycle stall on branch instruction [26d0]
[    6.8929] microVU1: 3 cycle stall on branch instruction [2708]
[    6.8929] microVU1: 3 cycle stall on branch instruction [2708]
[    6.8929] microVU1: 3 cycle stall on branch instruction [2728]
[    6.8929] microVU1: 3 cycle stall on branch instruction [2728]
[    6.8930] microVU1: 3 cycle stall on branch instruction [26b8]
[    6.8930] microVU1: 3 cycle stall on branch instruction [26b8]
[    6.8930] microVU1: 3 cycle stall on branch instruction [26d0]
[    6.8930] microVU1: 3 cycle stall on branch instruction [26d0]
[    6.8930] microVU1: 3 cycle stall on branch instruction [2708]
[    6.8930] microVU1: 3 cycle stall on branch instruction [2708]
[    6.8930] microVU1: 3 cycle stall on branch instruction [2728]
[    6.8930] microVU1: 3 cycle stall on branch instruction [2728]
[    6.8931] microVU1: 3 cycle stall on branch instruction [26b8]
[    6.8931] microVU1: 3 cycle stall on branch instruction [26b8]
[    6.8931] microVU1: 3 cycle stall on branch instruction [26d0]
[    6.8931] microVU1: 3 cycle stall on branch instruction [26d0]
[    6.8931] microVU1: 3 cycle stall on branch instruction [2708]
[    6.8931] microVU1: 3 cycle stall on branch instruction [2708]
[    6.8931] microVU1: 3 cycle stall on branch instruction [2728]
[    6.8931] microVU1: 3 cycle stall on branch instruction [2728]
[    6.8932] microVU1: 3 cycle stall on branch instruction [26b8]
[    6.8932] microVU1: 3 cycle stall on branch instruction [26b8]
[    6.8932] microVU1: 3 cycle stall on branch instruction [26d0]
[    6.8932] microVU1: 3 cycle stall on branch instruction [26d0]
[    6.8933] microVU1: 3 cycle stall on branch instruction [2708]
[    6.8933] microVU1: 3 cycle stall on branch instruction [2708]
[    6.8933] microVU1: 3 cycle stall on branch instruction [2728]
[    6.8933] microVU1: 3 cycle stall on branch instruction [2728]
[    6.8939] microVU1: 3 cycle stall on branch instruction [1fa8]
[    6.9052] LOG: CORONAPROBE_FRAME frame=1 arm=1 case=2 generation=1 counters=0
[    6.9053] LOG: CORONAPROBE_READY arm=1 case=2 repeats=1 completed=1
[    6.9055] (VMManager) Pausing...
[    6.9472] PINE: New client with FD 12 connected.
[    6.9475] PINE: Client disconnected.
[    7.0671] PINE: New client with FD 12 connected.
[    7.0674] OSD [SaveStateSlot235]: Saving state to slot 235...
[    7.0968]   Saving SPU2
[    7.0974]   Saving GS
[    7.2013] OSD [SaveStateSlot235]: Saved state to slot 235.
[    7.2013] Zipping save state to '/home/spider/corona-probe-v3-case2-arm1-repeat1-20261005-v3/profile/PCSX2/sstates/vehicle-playground (8F787F06).235.p2s' took 98.11 ms
[    8.3432] PINE: Client disconnected.
