[    0.0162] Program Path: /home/spider/tyrax2-debugger-linux-v1/squashfs-root/usr/bin/pcsx2-qt
[    0.0162] AppRoot Directory: /home/spider/tyrax2-debugger-linux-v1/squashfs-root/usr/bin
[    0.0162] Resources Directory: /home/spider/tyrax2-debugger-linux-v1/squashfs-root/usr/bin/resources
[    0.0162] DataRoot Directory: /home/spider/pool2-static-b192-arm0-repeat2-20261005/profile/PCSX2
[    0.0162] Loading config from /home/spider/pool2-static-b192-arm0-repeat2-20261005/profile/PCSX2/inis/PCSX2.ini.
[    0.0164] Loading secrets from /home/spider/pool2-static-b192-arm0-repeat2-20261005/profile/PCSX2/inis/secrets.ini.
[    0.0173] BIOS Directory: /mnt/c/Users/pawel/OneDrive/Documents/PCSX2/bios
[    0.0173] Snapshots Directory: /home/spider/pool2-static-b192-arm0-repeat2-20261005/profile/PCSX2/snaps
[    0.0173] Savestates Directory: /home/spider/pool2-static-b192-arm0-repeat2-20261005/profile/PCSX2/sstates
[    0.0173] MemoryCards Directory: /home/spider/pool2-static-b192-arm0-repeat2-20261005/profile/PCSX2/memcards
[    0.0173] Logs Directory: /home/spider/pool2-static-b192-arm0-repeat2-20261005/profile/PCSX2/logs
[    0.0173] Cheats Directory: /home/spider/pool2-static-b192-arm0-repeat2-20261005/profile/PCSX2/cheats
[    0.0173] Patches Directory: /home/spider/pool2-static-b192-arm0-repeat2-20261005/profile/PCSX2/patches
[    0.0173] Covers Directory: /home/spider/pool2-static-b192-arm0-repeat2-20261005/profile/PCSX2/covers
[    0.0173] Game Settings Directory: /home/spider/pool2-static-b192-arm0-repeat2-20261005/profile/PCSX2/gamesettings
[    0.0173] Resources Directory: /home/spider/tyrax2-debugger-linux-v1/squashfs-root/usr/bin/resources
[    0.0173] User Resources Directory: /home/spider/pool2-static-b192-arm0-repeat2-20261005/profile/PCSX2/resources
[    0.0173] Cache Directory: /home/spider/pool2-static-b192-arm0-repeat2-20261005/profile/PCSX2/cache
[    0.0173] Textures Directory: /home/spider/pool2-static-b192-arm0-repeat2-20261005/profile/PCSX2/textures
[    0.0173] Input Profile Directory: /home/spider/pool2-static-b192-arm0-repeat2-20261005/profile/PCSX2/inputprofiles
[    0.0173] Video Dumping Directory: /home/spider/pool2-static-b192-arm0-repeat2-20261005/profile/PCSX2/videos
[    0.0173] Debugger Layouts Directory: /home/spider/pool2-static-b192-arm0-repeat2-20261005/profile/PCSX2/inis/debuggerlayouts
[    0.0174] Debugger Settings Directory: /home/spider/pool2-static-b192-arm0-repeat2-20261005/profile/PCSX2/inis/debuggersettings
[    0.0317] Loaded translation file for language en-US
[    0.0381] PCSX2 v2.9.93
[    0.0381] Savestate version: 0x9a590000
[    0.0381] 
[    0.0381] 
[    0.0381] Host Machine Init:
[    0.0382]   Operating System = Ubuntu 22.04
[    0.0382]   Available RAM    = 49098 MB (47.95 GB)
[    0.0382]   Physical RAM     = 50191 MB (49.02 GB)
[    0.0382] 
[    0.0382]   Processor        = AMD Ryzen Threadripper 1920X
[    0.0382]   Core Count       = 24 cores
[    0.0382]   Thread Count     = 24 threads
[    0.0383]   Cluster Count    = 1 clusters
[    0.0383] CPU Extensions Detected:
[    0.0383]   AVX AVX2
[    0.0383] 
[    0.0383] Allocating host memory for virtual systems...
[    0.0387]   EE Main Memory                   @ 0x00007F5FA3200000 -> 0x00007F5FAC100000 [143mb]
[    0.0387]   IOP Main Memory                  @ 0x00007F5FAC100000 -> 0x00007F5FB4200000 [129mb]
[    0.0387]   VU0/1 On-Chip Memory             @ 0x00007F5FB4200000 -> 0x00007F5FB4300000 [1mb]
[    0.0387]   VTLB Virtual Map                 @ 0x00007F5FB4300000 -> 0x00007F5FB4B00000 [8mb]
[    0.0387]   VTLB Address Map                 @ 0x00007F5FB4B00000 -> 0x00007F5FB4F00000 [4mb]
[    0.0387]   R5900 Recompiler Cache           @ 0x00007F5FB4F00000 -> 0x00007F5FB8F00000 [64mb]
[    0.0387]   R3000A Recompiler Cache          @ 0x00007F5FB8F00000 -> 0x00007F5FBAF00000 [32mb]
[    0.0387]   Micro VU0 Recompiler Cache       @ 0x00007F5FBBF00000 -> 0x00007F5FBFF00000 [64mb]
[    0.0387]   Micro VU1 Recompiler Cache       @ 0x00007F5FBFF00000 -> 0x00007F5FC3F00000 [64mb]
[    0.0387]   VIF0 Unpack Recompiler Cache     @ 0x00007F5FBAF00000 -> 0x00007F5FBB700000 [8mb]
[    0.0387]   VIF1 Unpack Recompiler Cache     @ 0x00007F5FBB700000 -> 0x00007F5FBBF00000 [8mb]
[    0.0387]   VIF Unpack Recompiler Cache      @ 0x00007F5FC3F00000 -> 0x00007F5FC4000000 [1mb]
[    0.0387]   GS Software Renderer             @ 0x00007F5FC4000000 -> 0x00007F5FC8000000 [64mb]
[    0.0401] Fastmem area: 0x7f5ea3200000 - 0x7f5fa31fffff
[    0.0417] Generating SSE-optimized unpacking functions for VIF interpreters...
[    0.0420] Unpack function generation complete.  Generated function statistics:
[    0.0421]   Reserved buffer    : 1048576 bytes @ 0x00007F5FC3F00000
[    0.0421]   x86 code generated : 7422 bytes
[    0.0421] 
[    0.0424] SDLInputSource: Using Controller DB from resources.
[    0.0598] SDLInputSource: 765 gamepad mappings are loaded.
[    0.0599] Invalid binding: 'XInput-0/DPadUp'
[    0.0599] Invalid binding: 'XInput-0/DPadRight'
[    0.0599] Invalid binding: 'XInput-0/DPadDown'
[    0.0599] Invalid binding: 'XInput-0/DPadLeft'
[    0.0599] Invalid binding: 'XInput-0/Y'
[    0.0599] Invalid binding: 'XInput-0/B'
[    0.0599] Invalid binding: 'XInput-0/A'
[    0.0599] Invalid binding: 'XInput-0/X'
[    0.0599] Invalid binding: 'XInput-0/Back'
[    0.0599] Invalid binding: 'XInput-0/Start'
[    0.0599] Invalid binding: 'XInput-0/LeftShoulder'
[    0.0599] Invalid binding: 'XInput-0/+LeftTrigger'
[    0.0599] Invalid binding: 'XInput-0/RightShoulder'
[    0.0600] Invalid binding: 'XInput-0/+RightTrigger'
[    0.0600] Invalid binding: 'XInput-0/LeftStick'
[    0.0600] Invalid binding: 'XInput-0/RightStick'
[    0.0600] Invalid binding: 'XInput-0/Guide'
[    0.0600] Invalid binding: 'XInput-0/-LeftY'
[    0.0600] Invalid binding: 'XInput-0/+LeftX'
[    0.0600] Invalid binding: 'XInput-0/+LeftY'
[    0.0600] Invalid binding: 'XInput-0/-LeftX'
[    0.0600] Invalid binding: 'XInput-0/-RightY'
[    0.0600] Invalid binding: 'XInput-0/+RightX'
[    0.0600] Invalid binding: 'XInput-0/+RightY'
[    0.0600] Invalid binding: 'XInput-0/-RightX'
[    0.0605] Settings: Advanced Settings are enabled; only proceed if you know what you're doing! No support will be provided if you have the option enabled.
[    0.1077] Scanning F:\PS2\Games (recursively)
[    0.2087] Loading BIOS...
[    0.2203] BIOS Found: Europe  v02.00(14/06/2004)  Console 20040614-100914
[    0.2777] Mechacon version: 0x00020603
[    0.2792] Opening CDVD...
[    0.3108] Initializing Elf: 4455708 bytes
[    0.3113] Disc changed to .
[    0.3114]   Name: vehicle-playground [?]
[    0.3114]   Serial: vehicle-playground
[    0.3114]   Version: 
[    0.3114]   CRC: 255D8279
[    0.3114] No game settings found (tried '/home/spider/pool2-static-b192-arm0-repeat2-20261005/profile/PCSX2/gamesettings/255D8279.ini')
[    0.3114] Applying settings...
[    0.3117] Invalid binding: 'XInput-0/DPadUp'
[    0.3117] Invalid binding: 'XInput-0/DPadRight'
[    0.3117] Invalid binding: 'XInput-0/DPadDown'
[    0.3118] Invalid binding: 'XInput-0/DPadLeft'
[    0.3118] Invalid binding: 'XInput-0/Y'
[    0.3118] Invalid binding: 'XInput-0/B'
[    0.3118] Invalid binding: 'XInput-0/A'
[    0.3118] Invalid binding: 'XInput-0/X'
[    0.3118] Invalid binding: 'XInput-0/Back'
[    0.3118] Invalid binding: 'XInput-0/Start'
[    0.3118] Invalid binding: 'XInput-0/LeftShoulder'
[    0.3118] Invalid binding: 'XInput-0/+LeftTrigger'
[    0.3118] Invalid binding: 'XInput-0/RightShoulder'
[    0.3118] Invalid binding: 'XInput-0/+RightTrigger'
[    0.3118] Invalid binding: 'XInput-0/LeftStick'
[    0.3118] Invalid binding: 'XInput-0/RightStick'
[    0.3118] Invalid binding: 'XInput-0/Guide'
[    0.3118] Invalid binding: 'XInput-0/-LeftY'
[    0.3118] Invalid binding: 'XInput-0/+LeftX'
[    0.3118] Invalid binding: 'XInput-0/+LeftY'
[    0.3118] Invalid binding: 'XInput-0/-LeftX'
[    0.3118] Invalid binding: 'XInput-0/-RightY'
[    0.3118] Invalid binding: 'XInput-0/+RightX'
[    0.3118] Invalid binding: 'XInput-0/+RightY'
[    0.3118] Invalid binding: 'XInput-0/-RightX'
[    0.3120] GameDB: Has not been initialized yet, initializing...
[    0.3559] GameDB: 12841 games on record (loaded in 43.90ms)
[    0.3588] Reopening memory cards...
[    0.3589] (FileMcd) Creating new 8MB memory card: /home/spider/pool2-static-b192-arm0-repeat2-20261005/profile/PCSX2/memcards/Mcd001.ps2
[    0.3686] McdSlot 0 [File]: Mcd001.ps2 [8 MB, UNFORMATTED]
[    0.3686] McdSlot 1 [File]: [disabled/empty filename]
[    0.3735] HLE Host: Set 'host:' root path to: /mnt/f/Projects/tyrax2-lab-20261001/wild-pool2-static-probe-physical-v1/game/bin
[    0.3739] EE/iR5900 Recompiler Reset
[    0.4197] iR3000A Recompiler reset.
[    0.4364] Resetting host memory for virtual systems...
[    0.6825] Time Zone Offset: GMT+01:00
[    0.6825] Time Zone Location: Berlin
[    0.6825] DST: Winter Time
[    0.6825] Time Format: 24-Hour
[    0.6825] Date Format: DD/MM/YYYY
[    0.6825] System Time Basis: Operating System Time
[    0.6826] Resulting System Time: 2026-10-05 11:05:02
[    0.6826] Close virtual disk tray
[    0.6826] Media already loaded (fast boot)
[    0.6826] Opening GS...
[    0.7222] VK: Enabling extension: VK_KHR_get_surface_capabilities2
[    0.7329] Using Vulkan GPU 'llvmpipe (LLVM 15.0.7, 256 bits)' for automatic renderer check.
[    0.7329] Not using Vulkan for software renderer.
[    0.7330] acquireRenderWindow() recreate=true fullscreen=false render_to_main=true surfaceless=false
[    0.7361] (GetRefreshRateFromXRandR) Modeline is invalid: 0/0/0
[    0.7361] Surface refresh rate: 60 Hz
[    0.7367] Loading EGL from libEGL.so...
[    0.7380] GLAD EGL Version: 1.0
[    0.7380] Using EGL platform EGL_EXT_platform_x11.
[    0.7467] eglInitialize() version: 1.5
[    0.7468] GLAD EGL Version: 1.5
[    0.7468] Trying GL version 4.6
[    0.7469] eglCreateContext() failed: 0x3009
[    0.7469] Trying GL version 4.5
[    0.7578] Got GL version 4.5
[    0.7578] EGL_MIN_SWAP_INTERVAL = 1
[    0.7578] EGL_MAX_SWAP_INTERVAL = 1
[    0.7578] Negative swap interval/tear-control is NOT supported
[    0.7609] GL_VENDOR: Mesa
[    0.7609] GL_VERSION: 4.5 (Core Profile) Mesa 23.2.1-1ubuntu3.1~22.04.4
[    0.7609] GL_RENDERER: llvmpipe (LLVM 15.0.7, 256 bits)
[    0.7609] GL_SHADING_LANGUAGE_VERSION: 4.50
[    0.7610] GL_MAX_VERTEX_SHADER_STORAGE_BLOCKS: 16
[    0.7610] GL: Viewport Array:            Supported       => Using: GL_ARB_viewport_array
[    0.7610] GL: Direct State Access:       Supported       => Using: OpenGL 4.5 Core
[    0.7610] GL: Copy Image:                Supported       => Using: OpenGL 4.3 Core
[    0.7610] GL: Clip Control:              Supported       => Using: OpenGL 4.5 Core
[    0.7610] GL: Conservative Depth:        Supported       => Using: OpenGL 4.2 Core
[    0.7610] GL: CAS Sharpening:            Supported       => Using: OpenGL 4.2 Core
[    0.7610] GL: Texture Barriers:          Auto            => Using: Framebuffer Fetch
[    0.7610] GL: RGBA16 HW Blending:        Supported       => Using: RGBA16 UNORM
[    0.7610] GL: Point Expansion:           Supported       => Using: Hardware
[    0.7610] GL: Line Expansion:            Fallback        => Using: Vertex Expansion
[    0.7610] GL: Sprite Expansion:          Supported       => Using: Vertex Expansion
[    0.7611] GL: DXTn Texture Compression:  Supported       => Using: GL_EXT_texture_compression_s3tc
[    0.7611] GL: BC6/7 Texture Compression: Supported       => Using: OpenGL 4.2 Core
[    0.7670] 1 program binary formats supported by driver
[    0.8032] Program binary retrieved, 4105 bytes, format 34655
[    0.8036] Program binary retrieved, 4121 bytes, format 34655
[    0.8040] Program binary retrieved, 4249 bytes, format 34655
[    0.8044] Program binary retrieved, 4013 bytes, format 34655
[    0.8048] Program binary retrieved, 4013 bytes, format 34655
[    0.8051] Program binary retrieved, 4017 bytes, format 34655
[    0.8055] Program binary retrieved, 4017 bytes, format 34655
[    0.8059] Program binary retrieved, 4185 bytes, format 34655
[    0.8063] Program binary retrieved, 4217 bytes, format 34655
[    0.8067] Program binary retrieved, 4137 bytes, format 34655
[    0.8071] Program binary retrieved, 4125 bytes, format 34655
[    0.8075] Program binary retrieved, 4121 bytes, format 34655
[    0.8081] Program binary retrieved, 4253 bytes, format 34655
[    0.8087] Program binary retrieved, 4237 bytes, format 34655
[    0.8091] Program binary retrieved, 4245 bytes, format 34655
[    0.8095] Program binary retrieved, 4261 bytes, format 34655
[    0.8100] Program binary retrieved, 4965 bytes, format 34655
[    0.8105] Program binary retrieved, 4981 bytes, format 34655
[    0.8109] Program binary retrieved, 4261 bytes, format 34655
[    0.8112] Program binary retrieved, 4277 bytes, format 34655
[    0.8118] Program binary retrieved, 5005 bytes, format 34655
[    0.8123] Program binary retrieved, 5021 bytes, format 34655
[    0.8127] Program binary retrieved, 4257 bytes, format 34655
[    0.8130] Program binary retrieved, 4273 bytes, format 34655
[    0.8135] Program binary retrieved, 5001 bytes, format 34655
[    0.8140] Program binary retrieved, 5017 bytes, format 34655
[    0.8144] Program binary retrieved, 4277 bytes, format 34655
[    0.8148] Program binary retrieved, 4293 bytes, format 34655
[    0.8153] Program binary retrieved, 5057 bytes, format 34655
[    0.8159] Program binary retrieved, 5073 bytes, format 34655
[    0.8163] Program binary retrieved, 4153 bytes, format 34655
[    0.8167] Program binary retrieved, 4169 bytes, format 34655
[    0.8172] Program binary retrieved, 4233 bytes, format 34655
[    0.8177] Program binary retrieved, 5781 bytes, format 34655
[    0.8182] Program binary retrieved, 5373 bytes, format 34655
[    0.8189] Program binary retrieved, 6389 bytes, format 34655
[    0.8193] Program binary retrieved, 4917 bytes, format 34655
[    0.8197] Program binary retrieved, 4845 bytes, format 34655
[    0.8202] Program binary retrieved, 4997 bytes, format 34655
[    0.8206] Program binary retrieved, 4101 bytes, format 34655
[    0.8237] Program binary retrieved, 4137 bytes, format 34655
[    0.8273] Program binary retrieved, 4109 bytes, format 34655
[    0.8278] Program binary retrieved, 5389 bytes, format 34655
[    0.8283] Program binary retrieved, 5829 bytes, format 34655
[    0.8287] Program binary retrieved, 5857 bytes, format 34655
[    0.8291] Program binary retrieved, 4289 bytes, format 34655
[    0.8321] Program binary retrieved, 21205 bytes, format 34655
[    0.8326] Program binary retrieved, 4765 bytes, format 34655
[    0.8331] Program binary retrieved, 5685 bytes, format 34655
[    0.8334] Program binary retrieved, 4141 bytes, format 34655
[    0.8337] Program binary retrieved, 4537 bytes, format 34655
[    0.8341] Program binary retrieved, 4889 bytes, format 34655
[    0.8345] Program binary retrieved, 4117 bytes, format 34655
[    0.8348] Program binary retrieved, 4741 bytes, format 34655
[    0.8352] Program binary retrieved, 4965 bytes, format 34655
[    0.8358] Program binary retrieved, 6613 bytes, format 34655
[    0.8362] Program binary retrieved, 4797 bytes, format 34655
[    0.8379] Program binary retrieved, 13085 bytes, format 34655
[    0.8446] Program binary retrieved, 7285 bytes, format 34655
[    0.8521] Program binary retrieved, 5497 bytes, format 34655
[    0.8525] Program binary retrieved, 4141 bytes, format 34655
[    0.8528] Program binary retrieved, 4141 bytes, format 34655
[    0.8532] Program binary retrieved, 4145 bytes, format 34655
[    0.8536] Program binary retrieved, 4145 bytes, format 34655
[    0.9059] Program binary retrieved, 5369 bytes, format 34655
[    0.9074] OpenGL Graphics Driver Info:
[    0.9074] OpenGL Context:
[    0.9074] 4.5 (Core Profile) Mesa 23.2.1-1ubuntu3.1~22.04.4
[    0.9074] Mesa llvmpipe (LLVM 15.0.7, 256 bits)
[    0.9074] GLSL: 4.50
[    0.9117] Processor count: 24 cores, 24 processors, 1 clusters
[    0.9118] Ordered processor list: 12, 23, 22, 21, 20, 19, 18, 17, 16, 15, 14, 13, 0, 11, 10, 9, 8, 7, 6, 5, 4, 3, 2, 1
[    0.9118] Not pinning SW threads, we need 4 processors, but only have 0
[    0.9123] Opening SPU2...
[    0.9129] Creating Null audio stream, sample rate = 48000, expansion = Disabled, buffer = 50, latency = 32, stretching enabled, driver = wasapi, device = 
[    0.9130] Allocated buffer of 2432 frames for buffer of 50 ms [expansion Disabled (block size 2048), stretch disabled, target size 2432].
[    0.9130] Initializing Pad...
[    0.9130] Initializing SIO2...
[    0.9130] Initializing SIO0...
[    0.9130] Opening DEV9...
[    0.9130] DEV9: DEV9init
[    0.9133] DEV9: DEV9init2
[    0.9133] DEV9: DEV9init3
[    0.9172] DEV9: DEV9init ok
[    0.9172] DEV9: DEV9open
[    0.9172] Opening USB...
[    0.9173] Opening FW...
[    0.9176] Frame rate: 59.94, target speed: 1, target frame rate: 59.94, ticks per frame: 16683350
[    0.9218] VM subsystems initialized in 717.72 ms
[    0.9220] MultiPause time: 150ns
[    0.9247] MultiPause time: 142ns
[    0.9249] MultiPause time: 142ns
[    0.9250] MultiPause time: 161ns
[    0.9328] Failed to inhibit screen saver.
[    0.9329] Processor order assignment: EE=12, VU=23, GS=23
[    0.9329]   EE thread is on processor 12 (0x1000)
[    0.9330]   GS thread is on processor 23 (0x800000)
[    0.9431] Failed to inhibit screen saver.
[    0.9711] # Initialize memory (rev:3.70, ctm:197Mhz, cpuclk:147Mhz detected)
[    0.9793] R3000 Debugger: Branch to 0x890 (SYSMEM). Clearing modules.
[    0.9809] RegisterLibraryEntries: excepman version 1.01
[    0.9819] RegisterLibraryEntries:  intrman version 1.02
[    0.9820] RegisterLibraryEntries:   ssbusc version 1.01
[    0.9824] RegisterLibraryEntries:  dmacman version 1.02
[    0.9828] RegisterLibraryEntries:  timrman version 1.01
[    0.9830] RegisterLibraryEntries:  sysclib version 1.01
[    0.9831] RegisterLibraryEntries:    stdio version 1.01
[    0.9832] RegisterLibraryEntries:  heaplib version 1.01
[    0.9836] FW: read mem 0x1f80847c: 0x10000001
[    0.9836] FW: write mem 0x1f808414: 0x417f0000
[    0.9837] FW: read mem 0x1f808400: 0xffc00001
[    0.9837] FW: write mem 0x1f80844c: 0xffffffff
[    0.9837] FW: write mem 0x1f808420: 0xffffffff
[    0.9837] FW: write mem 0x1f808428: 0xffffffff
[    0.9837] FW: write mem 0x1f808430: 0xffffffff
[    0.9847] RegisterLibraryEntries:   thbase version 1.01
[    0.9848] RegisterLibraryEntries:  thevent version 1.01
[    0.9848] RegisterLibraryEntries:  thsemap version 1.01
[    0.9848] RegisterLibraryEntries:  thmsgbx version 1.01
[    0.9849] RegisterLibraryEntries:  thfpool version 1.01
[    0.9849] RegisterLibraryEntries:  thvpool version 1.01
[    0.9858] RegisterLibraryEntries:   vblank version 1.01
[    0.9863] RegisterLibraryEntries:    ioman version 1.02
[    0.9870] RegisterLibraryEntries:  modload version 1.01
[    0.9874] RegisterLibraryEntries:   romdrv version 2.01
[    0.9876] RegisterLibraryEntries:    stdio version 1.02
[    0.9880] RegisterLibraryEntries:   sifman version 1.01
[    0.9883] 
[    0.9883] PlayStation 2 ======== Hard reset boot
[    0.9885]  ROMGEN=2004-0614, IOP info (CPUID=1f, CACH_CONFIG=0, 2MB, IOP mode)
[    0.9886]  <20040614-100914,ROMconf,PS20200EC20040614.bin:11696>
[    0.9975] # Total accessable memory size: 32 MB (B:2:8:0) (370:2:7c30)
[    0.9985] # TLB spad=0 kernel=1:12 default=13:30 extended=31:38
[    1.0596] # Initialize Start.
[    1.0601] # Initialize GS ...
[    1.0601] # Initialize INTC ...
[    1.0601] # Initialize TIMER ...
[    1.0602] # Initialize DMAC ...
[    1.0603] # Initialize VU1 ...
[    1.0605] # Initialize VIF1 ...
[    1.0606] # Initialize GIF ...
[    1.0606] # Initialize VU0 ...
[    1.0607] # Initialize VIF0 ...
[    1.0608] # Initialize IPU ...
[    1.0609] # Initialize FPU ...
[    1.0609] # Initialize User Memory ...
[    1.1295] # Initialize Scratch Pad ...
[    1.1296] # Initialize Done.
[    1.1305] 
[    1.1306] EE DECI2 Manager version 0.06 Feb  6 2003 08:38:48
[    1.1306]   CPUID=2e20, BoardID=0, ROMGEN=2004-0614, 32M
[    1.1306] 
[    1.1308] RegisterLibraryEntries:   sifcmd version 1.01
[    1.1625] Initializing Elf: 4455708 bytes
[    1.1664] ELF Loading: host:vehicle-playground.elf, Game CRC = 255D8279, EntryPoint = 0x00100E78
[    1.1694] RegisterLibraryEntries:  cdvdman version 1.01
[    1.1745] Imported 823 symbols.
[    1.1776] RegisterLibraryEntries:  cdvdfsv version 1.01
[    1.1803] RegisterLibraryEntries:  secrman version 1.03
[    1.1806] RegisterLibraryEntries:   eesync version 1.01
[    1.1808] 
[    1.1808] IOP Realtime Kernel Ver.0.9.1
[    1.1808]     Copyright 1999 (C) Sony Computer Entertainment Inc. 
[    1.1819] Reboot service module.(99/11/10)
[    1.1853] cdvd driver module version 0.1.1 (C)SCEI
[    1.1860] Load File service.(99/11/05)
[    1.1861] Multi Threaded Fileio module.(99/11/15) 
[    1.1862] iop heap service (99/11/03)
[    1.2176] loadelf: fname host:vehicle-playground.elf secname all
[    1.2176] loadelf version 3.30
[    1.2197] Input ELF format filename = host:vehicle-playground.elf
[    1.2258] PINE: New client with FD 14 connected.
[    1.2262] PINE: Client disconnected.
[    1.2689] 1 00100000 003f3d3c ................................................................
[    1.2690] Loaded, host:vehicle-playground.elf
[    1.2690] start address 0x100e78
[    1.2690] gp address 00000000
[    1.2699] (VMManager) Pausing...
[    1.2700] (VMManager) Resuming...
[    1.2846] Failed to inhibit screen saver.
[    1.2847] EE/iR5900 Recompiler Reset
[    1.3030] # Restart Without Memory Clear.
[    1.3125] # Initialize GS ...
[    1.3126] # Initialize INTC ...
[    1.3126] # Initialize TIMER ...
[    1.3126] # Initialize DMAC ...
[    1.3128] # Initialize VU1 ...
[    1.3129] # Initialize VIF1 ...
[    1.3130] # Initialize GIF ...
[    1.3130] # Initialize VU0 ...
[    1.3132] # Initialize VIF0 ...
[    1.3132] # Initialize IPU ...
[    1.3133] # Initialize FPU ...
[    1.3134] # Initialize Scratch Pad ...
[    1.3134] # Restart Without Memory Clear Done.
[    1.3136] ELF host:vehicle-playground.elf with entry point at 0x00100E78 is executing.
[    1.3138] ELF changed, active CRC 255D8279 (host:vehicle-playground.elf)
[    1.3140] Debugger Settings Manager: Failed to read Saved Addresses array from settings file: '/home/spider/pool2-static-b192-arm0-repeat2-20261005/profile/PCSX2/inis/debuggersettings/vehicle-playground_255D8279.json'
[    1.3140] Debugger Settings Manager: Failed to read Saved Addresses array from settings file: '/home/spider/pool2-static-b192-arm0-repeat2-20261005/profile/PCSX2/inis/debuggersettings/vehicle-playground_255D8279.json'
[    1.3141] Applying core settings...
[    1.3145] Updating CPU configuration...
[    1.3145] iR3000A Recompiler reset.
[    1.3267] PINE: New client with FD 14 connected.
[    1.3272] PINE: Client disconnected.
[    1.3374] iR3000A Recompiler reset.
[    1.3439] EE/iR5900 Recompiler Reset
[    1.3588] (VMManager) Pausing...
[    1.3591] EE/iR5900 Recompiler Reset
[    1.3740] EE/iR5900 Recompiler Reset
[    1.3881] iR3000A Recompiler reset.
[    1.3918] EE/iR5900 Recompiler Reset
[    1.4058] iR3000A Recompiler reset.
[    1.4103] EE/iR5900 Recompiler Reset
[    1.4241] iR3000A Recompiler reset.
[    1.4274] EE/iR5900 Recompiler Reset
[    1.4279] PINE: New client with FD 14 connected.
[    1.4283] PINE: Client disconnected.
[    1.4429] iR3000A Recompiler reset.
[    1.4462] EE/iR5900 Recompiler Reset
[    1.5545] PINE: New client with FD 14 connected.
[    1.5549] OSD [SaveStateSlot140]: Saving state to slot 140...
[    1.5854]   Saving SPU2
[    1.5859]   Saving GS
[    1.6967] OSD [SaveStateSlot140]: Saved state to slot 140.
[    1.6967] Zipping save state to '/home/spider/pool2-static-b192-arm0-repeat2-20261005/profile/PCSX2/sstates/vehicle-playground (255D8279).140.p2s' took 104.53 ms
[    2.8380] PINE: Client disconnected.
[    3.2973] PINE: New client with FD 14 connected.
[    3.3026] (VMManager) Resuming...
[    3.3144] Failed to inhibit screen saver.
[    3.3161] BIOS: Successfully found the instruction pattern. Assuming the thread list is here: 8001a640
[    3.3194] Warning: GetOsdConfigParam2 Reading extended language/version configs, may be incorrect!
[    3.3304] read/write allocate memory 4000
[    3.3305] open name host:/ps2link.run flag 1 data 41378
[    3.3310] open fd = -5
[    3.3337] Get Reboot Request From EE
[    3.3349] R3000 Debugger: Branch to 0x890 (SYSMEM). Clearing modules.
[    3.3368] RegisterLibraryEntries: excepman version 1.01
[    3.3379] RegisterLibraryEntries:  intrman version 1.02
[    3.3381] RegisterLibraryEntries:   ssbusc version 1.01
[    3.3386] RegisterLibraryEntries:  dmacman version 1.02
[    3.3391] RegisterLibraryEntries:  timrman version 1.01
[    3.3396] RegisterLibraryEntries:  sysclib version 1.01
[    3.3396] RegisterLibraryEntries:    stdio version 1.01
[    3.3398] RegisterLibraryEntries:  heaplib version 1.01
[    3.3419] RegisterLibraryEntries:   thbase version 1.01
[    3.3420] RegisterLibraryEntries:  thevent version 1.01
[    3.3420] RegisterLibraryEntries:  thsemap version 1.01
[    3.3421] RegisterLibraryEntries:  thmsgbx version 1.01
[    3.3421] RegisterLibraryEntries:  thfpool version 1.01
[    3.3421] RegisterLibraryEntries:  thvpool version 1.01
[    3.3430] RegisterLibraryEntries:   vblank version 1.01
[    3.3435] RegisterLibraryEntries:    ioman version 1.02
[    3.3446] RegisterLibraryEntries:  modload version 1.01
[    3.3521] RegisterLibraryEntries:   romdrv version 2.01
[    3.3524] RegisterLibraryEntries:    stdio version 1.02
[    3.3529] RegisterLibraryEntries:   sifman version 1.01
[    3.3533] 
[    3.3533] PlayStation 2 ======== Soft reboot
[    3.3541] RegisterLibraryEntries:   sifcmd version 1.01
[    3.3584] RegisterLibraryEntries:  cdvdman version 1.01
[    3.3602] RegisterLibraryEntries:  cdvdfsv version 1.01
[    3.3677] RegisterLibraryEntries:  secrman version 1.03
[    3.3679] RegisterLibraryEntries:   eesync version 1.01
[    3.3681] 
[    3.3681] IOP Realtime Kernel Ver.0.9.1
[    3.3682]     Copyright 1999 (C) Sony Computer Entertainment Inc. 
[    3.3686] Reboot service module.(99/11/10)
[    3.3706] [EE] Skipping timeout loop at 0x002D2FB0 -> 0x002D2FD0
[    3.3707] cdvd driver module version 0.1.1 (C)SCEI
[    3.3710] Load File service.(99/11/05)
[    3.3710] Multi Threaded Fileio module.(99/11/15) 
[    3.3711] iop heap service (99/11/03)
[    3.3910] RegisterLibraryEntries:   iomanx version 1.01
[    3.3924] fileXio: fileXio: fileXio RPC Server v1.00
[    3.3924] Copyright (c) 2003 adresd
[    3.3926] RegisterLibraryEntries:  sio2man version 2.07
[    3.3927] RegisterLibraryEntries:  sio2man version 1.02
[    3.3933] RegisterLibraryEntries:   padman version 1.02
[    3.3935] Pad Driver for OSD
[    3.3939] FREESD v1.01
[    3.3939] RegisterLibraryEntries:    libsd version 1.04
[    3.3943] debug_level = 1 (ps2snd 0.1
[    3.4030] PINE: Client disconnected.
[    3.4075] greetings from version 0.93 !
[    3.4075] RegisterLibraryEntries:   audsrv version 1.04
[    3.4076] audsrv_adpcm_init()
[    3.4088] UpdateVSyncRate: Mode Changed to SDTV 480p.
[    3.4089] Frame rate: 59.94, target speed: 1, target frame rate: 59.94, ticks per frame: 16683350
[    3.4089] Set GS CRTC configuration. SDTV   720x480 @ 59.94 Progressive (FRAME)
[    5.4791] read/write allocate memory 4000
[    5.4793] 
[    5.4797] -----------------------------------------
[    5.4798]         _____        ____   ___
[    5.4798]           |     /   ____| |___|
[    5.4799]           |     |   |     |   |
[    5.4799] -----------------------------------------
[    5.4800] Copyright 2022
[    5.4800] Repository: https://github.com/h4570/tyra
[    5.4801] Licensed under Apache License 2.0
[    5.4805] Version: 2.2.0
[    5.4806] -----------------------------------------
[    5.4806] 
[    5.6452] audsrv_adpcm_init()
[    5.6463] [EE] Skipping timeout loop at 0x00102CB0 -> 0x00102CD0
[    5.6787] Curent pad(0,0) status: EXECCMD
[    5.8772] Pad: DS2 Config Finished - P1/S1 - AL: Off - AB: Usable - VS: Disabled - VL: Disabled - RB: D (0x00000000)
[    5.9114] Curent pad(0,0) status: EXECCMD
[    5.9771] Pad: DS2 Config Finished - P1/S1 - AL: On - AB: Locked - VS: Disabled - VL: Disabled - RB: D (0x00000000)
[    6.1779] Pad: DS2 Config Finished - P1/S1 - AL: On - AB: Locked - VS: Disabled - VL: Disabled - RB: D (0x00000000)
[    6.2113] Curent pad(0,0) status: EXECCMD
[    6.4776] Pad: DS2 Config Finished - P1/S1 - AL: On - AB: Locked - VS: Disabled - VL: Disabled - RB: D+A+P (0x0003FFFF)
[    6.6783] Pad: DS2 Config Finished - P1/S1 - AL: On - AB: Locked - VS: Disabled - VL: Disabled - RB: D+A+P (0x0003FFFF)
[    6.7139] open name host:/pool2-probe.cfg flag 1 data 41378
[    6.7153] open fd = 256
[    6.7206] open name host:/hud/flare-corona.png flag 1 data 41378
[    6.7221] open fd = 256
[    6.7433] LOG: POOL2PROBE_CONFIG arm=0 vertices=192 members=2 repeats=2 package=75 alpha=128
[    6.7448] FRAMEARENA allocated=1 bytes=1048576
[    6.7562] microVU1: Cached Prog = [000] [PC=18e0] [List=01] (Cache=0.000%) [0.0mb]
[    6.7570] microVU1: 3 cycle stall on branch instruction [1f78]
[    6.7580] microVU1: Cached Prog = [001] [PC=2480] [List=01] (Cache=0.246%) [0.1mb]
[    6.7589] microVU1: 3 cycle stall on branch instruction [1f78]
[    6.7702] LOG: POOL2PROBE_FRAME frame=1 cold=1 arm=0 eligible=3 applied=0 compared=3 mismatches=0
[    6.7843] LOG: POOL2PROBE_FRAME frame=2 cold=0 arm=0 eligible=3 applied=0 compared=3 mismatches=0
[    6.7844] LOG: POOL2PROBE_READY arm=0 vertices=192 repeats=2 completed=2 warmBypass=0
[    6.7844] (VMManager) Pausing...
[    6.8266] PINE: New client with FD 14 connected.
[    6.8270] PINE: Client disconnected.
[    6.9444] PINE: New client with FD 14 connected.
[    6.9447] OSD [SaveStateSlot166]: Saving state to slot 166...
[    6.9744]   Saving SPU2
[    6.9750]   Saving GS
[    7.0783] OSD [SaveStateSlot166]: Saved state to slot 166.
[    7.0783] Zipping save state to '/home/spider/pool2-static-b192-arm0-repeat2-20261005/profile/PCSX2/sstates/vehicle-playground (255D8279).166.p2s' took 97.68 ms
[    8.2190] PINE: Client disconnected.
