[    0.0970] Program Path: /home/spider/tyrax2-debugger-linux-v1/squashfs-root/usr/bin/pcsx2-qt
[    0.0970] AppRoot Directory: /home/spider/tyrax2-debugger-linux-v1/squashfs-root/usr/bin
[    0.0970] Resources Directory: /home/spider/tyrax2-debugger-linux-v1/squashfs-root/usr/bin/resources
[    0.0970] DataRoot Directory: /home/spider/pool-lattice-probe-a96-arm0-repeat1-20261005-v1/profile/PCSX2
[    0.0970] Loading config from /home/spider/pool-lattice-probe-a96-arm0-repeat1-20261005-v1/profile/PCSX2/inis/PCSX2.ini.
[    0.0973] Loading secrets from /home/spider/pool-lattice-probe-a96-arm0-repeat1-20261005-v1/profile/PCSX2/inis/secrets.ini.
[    0.0978] BIOS Directory: /mnt/c/Users/pawel/OneDrive/Documents/PCSX2/bios
[    0.0978] Snapshots Directory: /home/spider/pool-lattice-probe-a96-arm0-repeat1-20261005-v1/profile/PCSX2/snaps
[    0.0978] Savestates Directory: /home/spider/pool-lattice-probe-a96-arm0-repeat1-20261005-v1/profile/PCSX2/sstates
[    0.0978] MemoryCards Directory: /home/spider/pool-lattice-probe-a96-arm0-repeat1-20261005-v1/profile/PCSX2/memcards
[    0.0978] Logs Directory: /home/spider/pool-lattice-probe-a96-arm0-repeat1-20261005-v1/profile/PCSX2/logs
[    0.0978] Cheats Directory: /home/spider/pool-lattice-probe-a96-arm0-repeat1-20261005-v1/profile/PCSX2/cheats
[    0.0978] Patches Directory: /home/spider/pool-lattice-probe-a96-arm0-repeat1-20261005-v1/profile/PCSX2/patches
[    0.0978] Covers Directory: /home/spider/pool-lattice-probe-a96-arm0-repeat1-20261005-v1/profile/PCSX2/covers
[    0.0978] Game Settings Directory: /home/spider/pool-lattice-probe-a96-arm0-repeat1-20261005-v1/profile/PCSX2/gamesettings
[    0.0978] Resources Directory: /home/spider/tyrax2-debugger-linux-v1/squashfs-root/usr/bin/resources
[    0.0978] User Resources Directory: /home/spider/pool-lattice-probe-a96-arm0-repeat1-20261005-v1/profile/PCSX2/resources
[    0.0978] Cache Directory: /home/spider/pool-lattice-probe-a96-arm0-repeat1-20261005-v1/profile/PCSX2/cache
[    0.0978] Textures Directory: /home/spider/pool-lattice-probe-a96-arm0-repeat1-20261005-v1/profile/PCSX2/textures
[    0.0978] Input Profile Directory: /home/spider/pool-lattice-probe-a96-arm0-repeat1-20261005-v1/profile/PCSX2/inputprofiles
[    0.0978] Video Dumping Directory: /home/spider/pool-lattice-probe-a96-arm0-repeat1-20261005-v1/profile/PCSX2/videos
[    0.0978] Debugger Layouts Directory: /home/spider/pool-lattice-probe-a96-arm0-repeat1-20261005-v1/profile/PCSX2/inis/debuggerlayouts
[    0.0978] Debugger Settings Directory: /home/spider/pool-lattice-probe-a96-arm0-repeat1-20261005-v1/profile/PCSX2/inis/debuggersettings
[    0.1148] Loaded translation file for language en-US
[    0.1610] PCSX2 v2.9.93
[    0.1610] Savestate version: 0x9a590000
[    0.1610] 
[    0.1610] 
[    0.1610] Host Machine Init:
[    0.1614]   Operating System = Ubuntu 22.04
[    0.1614]   Available RAM    = 49109 MB (47.96 GB)
[    0.1614]   Physical RAM     = 50191 MB (49.02 GB)
[    0.1614] 
[    0.1614]   Processor        = AMD Ryzen Threadripper 1920X
[    0.1615]   Core Count       = 24 cores
[    0.1615]   Thread Count     = 24 threads
[    0.1615]   Cluster Count    = 1 clusters
[    0.1615] CPU Extensions Detected:
[    0.1615]   AVX AVX2
[    0.1615] 
[    0.1615] Allocating host memory for virtual systems...
[    0.1616]   EE Main Memory                   @ 0x00007FF2FB200000 -> 0x00007FF304100000 [143mb]
[    0.1617]   IOP Main Memory                  @ 0x00007FF304100000 -> 0x00007FF30C200000 [129mb]
[    0.1617]   VU0/1 On-Chip Memory             @ 0x00007FF30C200000 -> 0x00007FF30C300000 [1mb]
[    0.1617]   VTLB Virtual Map                 @ 0x00007FF30C300000 -> 0x00007FF30CB00000 [8mb]
[    0.1617]   VTLB Address Map                 @ 0x00007FF30CB00000 -> 0x00007FF30CF00000 [4mb]
[    0.1617]   R5900 Recompiler Cache           @ 0x00007FF30CF00000 -> 0x00007FF310F00000 [64mb]
[    0.1617]   R3000A Recompiler Cache          @ 0x00007FF310F00000 -> 0x00007FF312F00000 [32mb]
[    0.1617]   Micro VU0 Recompiler Cache       @ 0x00007FF313F00000 -> 0x00007FF317F00000 [64mb]
[    0.1617]   Micro VU1 Recompiler Cache       @ 0x00007FF317F00000 -> 0x00007FF31BF00000 [64mb]
[    0.1617]   VIF0 Unpack Recompiler Cache     @ 0x00007FF312F00000 -> 0x00007FF313700000 [8mb]
[    0.1617]   VIF1 Unpack Recompiler Cache     @ 0x00007FF313700000 -> 0x00007FF313F00000 [8mb]
[    0.1617]   VIF Unpack Recompiler Cache      @ 0x00007FF31BF00000 -> 0x00007FF31C000000 [1mb]
[    0.1617]   GS Software Renderer             @ 0x00007FF31C000000 -> 0x00007FF320000000 [64mb]
[    0.1631] Fastmem area: 0x7ff1fb200000 - 0x7ff2fb1fffff
[    0.1636] Generating SSE-optimized unpacking functions for VIF interpreters...
[    0.1639] Unpack function generation complete.  Generated function statistics:
[    0.1639]   Reserved buffer    : 1048576 bytes @ 0x00007FF31BF00000
[    0.1639]   x86 code generated : 7422 bytes
[    0.1639] 
[    0.1641] SDLInputSource: Using Controller DB from resources.
[    0.2006] SDLInputSource: 765 gamepad mappings are loaded.
[    0.2007] Invalid binding: 'XInput-0/DPadUp'
[    0.2007] Invalid binding: 'XInput-0/DPadRight'
[    0.2007] Invalid binding: 'XInput-0/DPadDown'
[    0.2007] Invalid binding: 'XInput-0/DPadLeft'
[    0.2007] Invalid binding: 'XInput-0/Y'
[    0.2008] Invalid binding: 'XInput-0/B'
[    0.2008] Invalid binding: 'XInput-0/A'
[    0.2008] Invalid binding: 'XInput-0/X'
[    0.2008] Invalid binding: 'XInput-0/Back'
[    0.2008] Invalid binding: 'XInput-0/Start'
[    0.2008] Invalid binding: 'XInput-0/LeftShoulder'
[    0.2008] Invalid binding: 'XInput-0/+LeftTrigger'
[    0.2008] Invalid binding: 'XInput-0/RightShoulder'
[    0.2008] Invalid binding: 'XInput-0/+RightTrigger'
[    0.2008] Invalid binding: 'XInput-0/LeftStick'
[    0.2008] Invalid binding: 'XInput-0/RightStick'
[    0.2008] Invalid binding: 'XInput-0/Guide'
[    0.2008] Invalid binding: 'XInput-0/-LeftY'
[    0.2008] Invalid binding: 'XInput-0/+LeftX'
[    0.2008] Invalid binding: 'XInput-0/+LeftY'
[    0.2008] Invalid binding: 'XInput-0/-LeftX'
[    0.2008] Invalid binding: 'XInput-0/-RightY'
[    0.2008] Invalid binding: 'XInput-0/+RightX'
[    0.2008] Invalid binding: 'XInput-0/+RightY'
[    0.2008] Invalid binding: 'XInput-0/-RightX'
[    0.2013] Settings: Advanced Settings are enabled; only proceed if you know what you're doing! No support will be provided if you have the option enabled.
[    0.3322] Scanning F:\PS2\Games (recursively)
[    0.4520] Loading BIOS...
[    0.4707] BIOS Found: Europe  v02.00(14/06/2004)  Console 20040614-100914
[    0.5528] Mechacon version: 0x00020603
[    0.5543] Opening CDVD...
[    0.5858] Initializing Elf: 4470780 bytes
[    0.5865] Disc changed to .
[    0.5865]   Name: vehicle-playground [?]
[    0.5865]   Serial: vehicle-playground
[    0.5865]   Version: 
[    0.5865]   CRC: 57773078
[    0.5865] No game settings found (tried '/home/spider/pool-lattice-probe-a96-arm0-repeat1-20261005-v1/profile/PCSX2/gamesettings/57773078.ini')
[    0.5865] Applying settings...
[    0.5868] Invalid binding: 'XInput-0/DPadUp'
[    0.5868] Invalid binding: 'XInput-0/DPadRight'
[    0.5868] Invalid binding: 'XInput-0/DPadDown'
[    0.5868] Invalid binding: 'XInput-0/DPadLeft'
[    0.5868] Invalid binding: 'XInput-0/Y'
[    0.5868] Invalid binding: 'XInput-0/B'
[    0.5868] Invalid binding: 'XInput-0/A'
[    0.5868] Invalid binding: 'XInput-0/X'
[    0.5868] Invalid binding: 'XInput-0/Back'
[    0.5868] Invalid binding: 'XInput-0/Start'
[    0.5868] Invalid binding: 'XInput-0/LeftShoulder'
[    0.5868] Invalid binding: 'XInput-0/+LeftTrigger'
[    0.5868] Invalid binding: 'XInput-0/RightShoulder'
[    0.5868] Invalid binding: 'XInput-0/+RightTrigger'
[    0.5868] Invalid binding: 'XInput-0/LeftStick'
[    0.5868] Invalid binding: 'XInput-0/RightStick'
[    0.5868] Invalid binding: 'XInput-0/Guide'
[    0.5868] Invalid binding: 'XInput-0/-LeftY'
[    0.5868] Invalid binding: 'XInput-0/+LeftX'
[    0.5868] Invalid binding: 'XInput-0/+LeftY'
[    0.5868] Invalid binding: 'XInput-0/-LeftX'
[    0.5868] Invalid binding: 'XInput-0/-RightY'
[    0.5869] Invalid binding: 'XInput-0/+RightX'
[    0.5869] Invalid binding: 'XInput-0/+RightY'
[    0.5869] Invalid binding: 'XInput-0/-RightX'
[    0.5871] GameDB: Has not been initialized yet, initializing...
[    0.6497] GameDB: 12841 games on record (loaded in 62.60ms)
[    0.6548] Reopening memory cards...
[    0.6549] (FileMcd) Creating new 8MB memory card: /home/spider/pool-lattice-probe-a96-arm0-repeat1-20261005-v1/profile/PCSX2/memcards/Mcd001.ps2
[    0.6648] McdSlot 0 [File]: Mcd001.ps2 [8 MB, UNFORMATTED]
[    0.6649] McdSlot 1 [File]: [disabled/empty filename]
[    0.6692] HLE Host: Set 'host:' root path to: /mnt/f/Projects/tyrax2-lab-20261001/wild-pool-lattice-probe-physical-v1/game/bin
[    0.6694] EE/iR5900 Recompiler Reset
[    0.7188] iR3000A Recompiler reset.
[    0.7415] Resetting host memory for virtual systems...
[    1.0027] Time Zone Offset: GMT+01:00
[    1.0027] Time Zone Location: Berlin
[    1.0027] DST: Winter Time
[    1.0027] Time Format: 24-Hour
[    1.0027] Date Format: DD/MM/YYYY
[    1.0027] System Time Basis: Operating System Time
[    1.0028] Resulting System Time: 2026-10-05 13:39:07
[    1.0028] Close virtual disk tray
[    1.0028] Media already loaded (fast boot)
[    1.0028] Opening GS...
[    1.1789] VK: Enabling extension: VK_KHR_get_surface_capabilities2
[    1.2137] Using Vulkan GPU 'llvmpipe (LLVM 15.0.7, 256 bits)' for automatic renderer check.
[    1.2138] Not using Vulkan for software renderer.
[    1.2139] acquireRenderWindow() recreate=true fullscreen=false render_to_main=true surfaceless=false
[    1.2167] (GetRefreshRateFromXRandR) Modeline is invalid: 0/0/0
[    1.2168] Surface refresh rate: 60 Hz
[    1.2172] Loading EGL from libEGL.so...
[    1.2287] GLAD EGL Version: 1.0
[    1.2287] Using EGL platform EGL_EXT_platform_x11.
[    1.2478] eglInitialize() version: 1.5
[    1.2479] GLAD EGL Version: 1.5
[    1.2479] Trying GL version 4.6
[    1.2479] eglCreateContext() failed: 0x3009
[    1.2479] Trying GL version 4.5
[    1.3040] Got GL version 4.5
[    1.3040] EGL_MIN_SWAP_INTERVAL = 1
[    1.3040] EGL_MAX_SWAP_INTERVAL = 1
[    1.3040] Negative swap interval/tear-control is NOT supported
[    1.3067] GL_VENDOR: Mesa
[    1.3067] GL_VERSION: 4.5 (Core Profile) Mesa 23.2.1-1ubuntu3.1~22.04.4
[    1.3067] GL_RENDERER: llvmpipe (LLVM 15.0.7, 256 bits)
[    1.3067] GL_SHADING_LANGUAGE_VERSION: 4.50
[    1.3068] GL_MAX_VERTEX_SHADER_STORAGE_BLOCKS: 16
[    1.3068] GL: Viewport Array:            Supported       => Using: GL_ARB_viewport_array
[    1.3068] GL: Direct State Access:       Supported       => Using: OpenGL 4.5 Core
[    1.3068] GL: Copy Image:                Supported       => Using: OpenGL 4.3 Core
[    1.3068] GL: Clip Control:              Supported       => Using: OpenGL 4.5 Core
[    1.3068] GL: Conservative Depth:        Supported       => Using: OpenGL 4.2 Core
[    1.3068] GL: CAS Sharpening:            Supported       => Using: OpenGL 4.2 Core
[    1.3068] GL: Texture Barriers:          Auto            => Using: Framebuffer Fetch
[    1.3068] GL: RGBA16 HW Blending:        Supported       => Using: RGBA16 UNORM
[    1.3068] GL: Point Expansion:           Supported       => Using: Hardware
[    1.3068] GL: Line Expansion:            Fallback        => Using: Vertex Expansion
[    1.3068] GL: Sprite Expansion:          Supported       => Using: Vertex Expansion
[    1.3068] GL: DXTn Texture Compression:  Supported       => Using: GL_EXT_texture_compression_s3tc
[    1.3068] GL: BC6/7 Texture Compression: Supported       => Using: OpenGL 4.2 Core
[    1.3187] 1 program binary formats supported by driver
[    1.3877] Program binary retrieved, 4105 bytes, format 34655
[    1.3890] Program binary retrieved, 4121 bytes, format 34655
[    1.3901] Program binary retrieved, 4249 bytes, format 34655
[    1.3912] Program binary retrieved, 4013 bytes, format 34655
[    1.3922] Program binary retrieved, 4013 bytes, format 34655
[    1.3934] Program binary retrieved, 4017 bytes, format 34655
[    1.3942] Program binary retrieved, 4017 bytes, format 34655
[    1.3953] Program binary retrieved, 4185 bytes, format 34655
[    1.3978] Program binary retrieved, 4217 bytes, format 34655
[    1.3991] Program binary retrieved, 4137 bytes, format 34655
[    1.4000] Program binary retrieved, 4125 bytes, format 34655
[    1.4014] Program binary retrieved, 4121 bytes, format 34655
[    1.4025] Program binary retrieved, 4253 bytes, format 34655
[    1.4036] Program binary retrieved, 4237 bytes, format 34655
[    1.4045] Program binary retrieved, 4245 bytes, format 34655
[    1.4053] Program binary retrieved, 4261 bytes, format 34655
[    1.4061] Program binary retrieved, 4965 bytes, format 34655
[    1.4068] Program binary retrieved, 4981 bytes, format 34655
[    1.4077] Program binary retrieved, 4261 bytes, format 34655
[    1.4085] Program binary retrieved, 4277 bytes, format 34655
[    1.4098] Program binary retrieved, 5005 bytes, format 34655
[    1.4107] Program binary retrieved, 5021 bytes, format 34655
[    1.4113] Program binary retrieved, 4257 bytes, format 34655
[    1.4119] Program binary retrieved, 4273 bytes, format 34655
[    1.4127] Program binary retrieved, 5001 bytes, format 34655
[    1.4137] Program binary retrieved, 5017 bytes, format 34655
[    1.4146] Program binary retrieved, 4277 bytes, format 34655
[    1.4153] Program binary retrieved, 4293 bytes, format 34655
[    1.4163] Program binary retrieved, 5057 bytes, format 34655
[    1.4174] Program binary retrieved, 5073 bytes, format 34655
[    1.4184] Program binary retrieved, 4153 bytes, format 34655
[    1.4194] Program binary retrieved, 4169 bytes, format 34655
[    1.4206] Program binary retrieved, 4233 bytes, format 34655
[    1.4240] Program binary retrieved, 5781 bytes, format 34655
[    1.4264] Program binary retrieved, 5373 bytes, format 34655
[    1.4285] Program binary retrieved, 6389 bytes, format 34655
[    1.4296] Program binary retrieved, 4917 bytes, format 34655
[    1.4324] Program binary retrieved, 4845 bytes, format 34655
[    1.4336] Program binary retrieved, 4997 bytes, format 34655
[    1.4358] Program binary retrieved, 4101 bytes, format 34655
[    1.4400] Program binary retrieved, 4137 bytes, format 34655
[    1.4452] Program binary retrieved, 4109 bytes, format 34655
[    1.4461] Program binary retrieved, 5389 bytes, format 34655
[    1.4469] Program binary retrieved, 5829 bytes, format 34655
[    1.4475] Program binary retrieved, 5857 bytes, format 34655
[    1.4481] Program binary retrieved, 4289 bytes, format 34655
[    1.4513] Program binary retrieved, 21205 bytes, format 34655
[    1.4520] Program binary retrieved, 4765 bytes, format 34655
[    1.4527] Program binary retrieved, 5685 bytes, format 34655
[    1.4535] Program binary retrieved, 4141 bytes, format 34655
[    1.4540] Program binary retrieved, 4537 bytes, format 34655
[    1.4551] Program binary retrieved, 4889 bytes, format 34655
[    1.4557] Program binary retrieved, 4117 bytes, format 34655
[    1.4563] Program binary retrieved, 4741 bytes, format 34655
[    1.4571] Program binary retrieved, 4965 bytes, format 34655
[    1.4580] Program binary retrieved, 6613 bytes, format 34655
[    1.4588] Program binary retrieved, 4797 bytes, format 34655
[    1.4617] Program binary retrieved, 13085 bytes, format 34655
[    1.4717] Program binary retrieved, 7285 bytes, format 34655
[    1.4785] Program binary retrieved, 5497 bytes, format 34655
[    1.4794] Program binary retrieved, 4141 bytes, format 34655
[    1.4803] Program binary retrieved, 4141 bytes, format 34655
[    1.4812] Program binary retrieved, 4145 bytes, format 34655
[    1.4818] Program binary retrieved, 4145 bytes, format 34655
[    1.5610] Program binary retrieved, 5369 bytes, format 34655
[    1.5724] OpenGL Graphics Driver Info:
[    1.5725] OpenGL Context:
[    1.5725] 4.5 (Core Profile) Mesa 23.2.1-1ubuntu3.1~22.04.4
[    1.5725] Mesa llvmpipe (LLVM 15.0.7, 256 bits)
[    1.5725] GLSL: 4.50
[    1.5755] Processor count: 24 cores, 24 processors, 1 clusters
[    1.5756] Ordered processor list: 12, 23, 22, 21, 20, 19, 18, 17, 16, 15, 14, 13, 0, 11, 10, 9, 8, 7, 6, 5, 4, 3, 2, 1
[    1.5756] Not pinning SW threads, we need 4 processors, but only have 0
[    1.5773] Opening SPU2...
[    1.5776] Creating Null audio stream, sample rate = 48000, expansion = Disabled, buffer = 50, latency = 32, stretching enabled, driver = wasapi, device = 
[    1.5776] Allocated buffer of 2432 frames for buffer of 50 ms [expansion Disabled (block size 2048), stretch disabled, target size 2432].
[    1.5776] Initializing Pad...
[    1.5777] Initializing SIO2...
[    1.5777] Initializing SIO0...
[    1.5777] Opening DEV9...
[    1.5777] DEV9: DEV9init
[    1.5786] DEV9: DEV9init2
[    1.5786] DEV9: DEV9init3
[    1.5838] DEV9: DEV9init ok
[    1.5838] DEV9: DEV9open
[    1.5838] Opening USB...
[    1.5838] Opening FW...
[    1.5842] Frame rate: 59.94, target speed: 1, target frame rate: 59.94, ticks per frame: 16683350
[    1.5858] MultiPause time: 199ns
[    1.5871] MultiPause time: 150ns
[    1.5872] MultiPause time: 144ns
[    1.5873] MultiPause time: 253ns
[    1.5882] VM subsystems initialized in 1141.19 ms
[    1.5990] Failed to inhibit screen saver.
[    1.5991] Processor order assignment: EE=12, VU=23, GS=23
[    1.5991]   EE thread is on processor 12 (0x1000)
[    1.5992]   GS thread is on processor 23 (0x800000)
[    1.6090] Failed to inhibit screen saver.
[    1.7710] # Initialize memory (rev:3.70, ctm:197Mhz, cpuclk:147Mhz detected)
[    1.7799] R3000 Debugger: Branch to 0x890 (SYSMEM). Clearing modules.
[    1.7818] RegisterLibraryEntries: excepman version 1.01
[    1.7829] RegisterLibraryEntries:  intrman version 1.02
[    1.7831] RegisterLibraryEntries:   ssbusc version 1.01
[    1.7834] RegisterLibraryEntries:  dmacman version 1.02
[    1.7839] RegisterLibraryEntries:  timrman version 1.01
[    1.7841] RegisterLibraryEntries:  sysclib version 1.01
[    1.7842] RegisterLibraryEntries:    stdio version 1.01
[    1.7843] RegisterLibraryEntries:  heaplib version 1.01
[    1.7848] FW: read mem 0x1f80847c: 0x10000001
[    1.7848] FW: write mem 0x1f808414: 0x417f0000
[    1.7848] FW: read mem 0x1f808400: 0xffc00001
[    1.7848] FW: write mem 0x1f80844c: 0xffffffff
[    1.7848] FW: write mem 0x1f808420: 0xffffffff
[    1.7848] FW: write mem 0x1f808428: 0xffffffff
[    1.7848] FW: write mem 0x1f808430: 0xffffffff
[    1.7858] RegisterLibraryEntries:   thbase version 1.01
[    1.7859] RegisterLibraryEntries:  thevent version 1.01
[    1.7859] RegisterLibraryEntries:  thsemap version 1.01
[    1.7859] RegisterLibraryEntries:  thmsgbx version 1.01
[    1.7860] RegisterLibraryEntries:  thfpool version 1.01
[    1.7860] RegisterLibraryEntries:  thvpool version 1.01
[    1.7868] RegisterLibraryEntries:   vblank version 1.01
[    1.7873] RegisterLibraryEntries:    ioman version 1.02
[    1.7880] RegisterLibraryEntries:  modload version 1.01
[    1.7883] RegisterLibraryEntries:   romdrv version 2.01
[    1.7886] RegisterLibraryEntries:    stdio version 1.02
[    1.7890] RegisterLibraryEntries:   sifman version 1.01
[    1.7894] 
[    1.7894] PlayStation 2 ======== Hard reset boot
[    1.7896]  ROMGEN=2004-0614, IOP info (CPUID=1f, CACH_CONFIG=0, 2MB, IOP mode)
[    1.7897]  <20040614-100914,ROMconf,PS20200EC20040614.bin:11696>
[    1.7999] # Total accessable memory size: 32 MB (B:2:8:0) (370:2:7c30)
[    1.8010] # TLB spad=0 kernel=1:12 default=13:30 extended=31:38
[    1.8637] # Initialize Start.
[    1.8642] # Initialize GS ...
[    1.8642] # Initialize INTC ...
[    1.8642] # Initialize TIMER ...
[    1.8643] # Initialize DMAC ...
[    1.8644] # Initialize VU1 ...
[    1.8646] # Initialize VIF1 ...
[    1.8647] # Initialize GIF ...
[    1.8647] # Initialize VU0 ...
[    1.8648] # Initialize VIF0 ...
[    1.8648] # Initialize IPU ...
[    1.8650] # Initialize FPU ...
[    1.8651] # Initialize User Memory ...
[    1.9274] # Initialize Scratch Pad ...
[    1.9274] # Initialize Done.
[    1.9284] 
[    1.9284] EE DECI2 Manager version 0.06 Feb  6 2003 08:38:48
[    1.9284]   CPUID=2e20, BoardID=0, ROMGEN=2004-0614, 32M
[    1.9284] 
[    1.9287] RegisterLibraryEntries:   sifcmd version 1.01
[    1.9660] Initializing Elf: 4470780 bytes
[    1.9686] ELF Loading: host:vehicle-playground.elf, Game CRC = 57773078, EntryPoint = 0x00100E78
[    1.9714] RegisterLibraryEntries:  cdvdman version 1.01
[    1.9757] Imported 823 symbols.
[    1.9786] RegisterLibraryEntries:  cdvdfsv version 1.01
[    1.9800] RegisterLibraryEntries:  secrman version 1.03
[    1.9802] RegisterLibraryEntries:   eesync version 1.01
[    1.9803] 
[    1.9803] IOP Realtime Kernel Ver.0.9.1
[    1.9804]     Copyright 1999 (C) Sony Computer Entertainment Inc. 
[    1.9809] Reboot service module.(99/11/10)
[    1.9831] cdvd driver module version 0.1.1 (C)SCEI
[    1.9837] Load File service.(99/11/05)
[    1.9838] Multi Threaded Fileio module.(99/11/15) 
[    1.9838] iop heap service (99/11/03)
[    2.0055] loadelf: fname host:vehicle-playground.elf secname all
[    2.0055] loadelf version 3.30
[    2.0080] Input ELF format filename = host:vehicle-playground.elf
[    2.0538] PINE: New client with FD 14 connected.
[    2.0541] PINE: Client disconnected.
[    2.0589] 1 00100000 003f77bc ................................................................
[    2.0589] Loaded, host:vehicle-playground.elf
[    2.0590] start address 0x100e78
[    2.0590] gp address 00000000
[    2.0601] (VMManager) Pausing...
[    2.0604] (VMManager) Resuming...
[    2.0725] Failed to inhibit screen saver.
[    2.0726] EE/iR5900 Recompiler Reset
[    2.0926] # Restart Without Memory Clear.
[    2.1038] # Initialize GS ...
[    2.1038] # Initialize INTC ...
[    2.1038] # Initialize TIMER ...
[    2.1039] # Initialize DMAC ...
[    2.1040] # Initialize VU1 ...
[    2.1041] # Initialize VIF1 ...
[    2.1042] # Initialize GIF ...
[    2.1042] # Initialize VU0 ...
[    2.1043] # Initialize VIF0 ...
[    2.1044] # Initialize IPU ...
[    2.1046] # Initialize FPU ...
[    2.1046] # Initialize Scratch Pad ...
[    2.1047] # Restart Without Memory Clear Done.
[    2.1050] ELF host:vehicle-playground.elf with entry point at 0x00100E78 is executing.
[    2.1050] ELF changed, active CRC 57773078 (host:vehicle-playground.elf)
[    2.1054] Applying core settings...
[    2.1055] Debugger Settings Manager: Failed to read Saved Addresses array from settings file: '/home/spider/pool-lattice-probe-a96-arm0-repeat1-20261005-v1/profile/PCSX2/inis/debuggersettings/vehicle-playground_57773078.json'
[    2.1055] Debugger Settings Manager: Failed to read Saved Addresses array from settings file: '/home/spider/pool-lattice-probe-a96-arm0-repeat1-20261005-v1/profile/PCSX2/inis/debuggersettings/vehicle-playground_57773078.json'
[    2.1062] Updating CPU configuration...
[    2.1062] iR3000A Recompiler reset.
[    2.1298] iR3000A Recompiler reset.
[    2.1376] EE/iR5900 Recompiler Reset
[    2.1549] PINE: New client with FD 14 connected.
[    2.1553] PINE: Client disconnected.
[    2.1588] (VMManager) Pausing...
[    2.1591] EE/iR5900 Recompiler Reset
[    2.1822] EE/iR5900 Recompiler Reset
[    2.2039] iR3000A Recompiler reset.
[    2.2079] EE/iR5900 Recompiler Reset
[    2.2269] iR3000A Recompiler reset.
[    2.2326] EE/iR5900 Recompiler Reset
[    2.2530] iR3000A Recompiler reset.
[    2.2561] PINE: New client with FD 14 connected.
[    2.2564] PINE: Client disconnected.
[    2.2582] EE/iR5900 Recompiler Reset
[    2.2794] iR3000A Recompiler reset.
[    2.2847] EE/iR5900 Recompiler Reset
[    2.4203] PINE: New client with FD 14 connected.
[    2.4206] OSD [SaveStateSlot140]: Saving state to slot 140...
[    2.4663]   Saving SPU2
[    2.4668]   Saving GS
[    2.6027] OSD [SaveStateSlot140]: Saved state to slot 140.
[    2.6028] Zipping save state to '/home/spider/pool-lattice-probe-a96-arm0-repeat1-20261005-v1/profile/PCSX2/sstates/vehicle-playground (57773078).140.p2s' took 128.50 ms
[    3.7411] PINE: Client disconnected.
[    4.3350] PINE: New client with FD 14 connected.
[    4.3483] (VMManager) Resuming...
[    4.3609] Failed to inhibit screen saver.
[    4.3627] BIOS: Successfully found the instruction pattern. Assuming the thread list is here: 8001a640
[    4.3658] Warning: GetOsdConfigParam2 Reading extended language/version configs, may be incorrect!
[    4.3763] read/write allocate memory 4000
[    4.3764] open name host:/ps2link.run flag 1 data 41378
[    4.3770] open fd = -5
[    4.3798] Get Reboot Request From EE
[    4.3811] R3000 Debugger: Branch to 0x890 (SYSMEM). Clearing modules.
[    4.3830] RegisterLibraryEntries: excepman version 1.01
[    4.3841] RegisterLibraryEntries:  intrman version 1.02
[    4.3842] RegisterLibraryEntries:   ssbusc version 1.01
[    4.3848] RegisterLibraryEntries:  dmacman version 1.02
[    4.3852] RegisterLibraryEntries:  timrman version 1.01
[    4.3857] RegisterLibraryEntries:  sysclib version 1.01
[    4.3857] RegisterLibraryEntries:    stdio version 1.01
[    4.3859] RegisterLibraryEntries:  heaplib version 1.01
[    4.3881] RegisterLibraryEntries:   thbase version 1.01
[    4.3882] RegisterLibraryEntries:  thevent version 1.01
[    4.3882] RegisterLibraryEntries:  thsemap version 1.01
[    4.3882] RegisterLibraryEntries:  thmsgbx version 1.01
[    4.3882] RegisterLibraryEntries:  thfpool version 1.01
[    4.3883] RegisterLibraryEntries:  thvpool version 1.01
[    4.3899] RegisterLibraryEntries:   vblank version 1.01
[    4.3908] RegisterLibraryEntries:    ioman version 1.02
[    4.3919] RegisterLibraryEntries:  modload version 1.01
[    4.3991] RegisterLibraryEntries:   romdrv version 2.01
[    4.3995] RegisterLibraryEntries:    stdio version 1.02
[    4.4000] RegisterLibraryEntries:   sifman version 1.01
[    4.4005] 
[    4.4005] PlayStation 2 ======== Soft reboot
[    4.4013] RegisterLibraryEntries:   sifcmd version 1.01
[    4.4051] RegisterLibraryEntries:  cdvdman version 1.01
[    4.4067] RegisterLibraryEntries:  cdvdfsv version 1.01
[    4.4139] RegisterLibraryEntries:  secrman version 1.03
[    4.4141] RegisterLibraryEntries:   eesync version 1.01
[    4.4142] 
[    4.4142] IOP Realtime Kernel Ver.0.9.1
[    4.4142]     Copyright 1999 (C) Sony Computer Entertainment Inc. 
[    4.4147] Reboot service module.(99/11/10)
[    4.4166] [EE] Skipping timeout loop at 0x002D52D0 -> 0x002D52F0
[    4.4167] cdvd driver module version 0.1.1 (C)SCEI
[    4.4170] Load File service.(99/11/05)
[    4.4170] Multi Threaded Fileio module.(99/11/15) 
[    4.4171] iop heap service (99/11/03)
[    4.4372] RegisterLibraryEntries:   iomanx version 1.01
[    4.4384] fileXio: fileXio: fileXio RPC Server v1.00
[    4.4384] Copyright (c) 2003 adresd
[    4.4386] RegisterLibraryEntries:  sio2man version 2.07
[    4.4387] RegisterLibraryEntries:  sio2man version 1.02
[    4.4393] RegisterLibraryEntries:   padman version 1.02
[    4.4395] Pad Driver for OSD
[    4.4399] FREESD v1.01
[    4.4399] RegisterLibraryEntries:    libsd version 1.04
[    4.4410] PINE: Client disconnected.
[    4.4531] debug_level = 1 (ps2snd 0.1
[    4.4539] greetings from version 0.93 !
[    4.4540] RegisterLibraryEntries:   audsrv version 1.04
[    4.4540] audsrv_adpcm_init()
[    4.4552] UpdateVSyncRate: Mode Changed to SDTV 480p.
[    4.4552] Frame rate: 59.94, target speed: 1, target frame rate: 59.94, ticks per frame: 16683350
[    4.4552] Set GS CRTC configuration. SDTV   720x480 @ 59.94 Progressive (FRAME)
[    6.5423] read/write allocate memory 4000
[    6.5426] 
[    6.5429] -----------------------------------------
[    6.5429]         _____        ____   ___
[    6.5430]           |     /   ____| |___|
[    6.5430]           |     |   |     |   |
[    6.5431] -----------------------------------------
[    6.5431] Copyright 2022
[    6.5432] Repository: https://github.com/h4570/tyra
[    6.5433] Licensed under Apache License 2.0
[    6.5438] Version: 2.2.0
[    6.5438] -----------------------------------------
[    6.5439] 
[    6.7082] audsrv_adpcm_init()
[    6.7092] [EE] Skipping timeout loop at 0x00102CB0 -> 0x00102CD0
[    6.7422] Curent pad(0,0) status: EXECCMD
[    6.9398] Pad: DS2 Config Finished - P1/S1 - AL: Off - AB: Usable - VS: Disabled - VL: Disabled - RB: D (0x00000000)
[    6.9750] Curent pad(0,0) status: EXECCMD
[    7.0397] Pad: DS2 Config Finished - P1/S1 - AL: On - AB: Locked - VS: Disabled - VL: Disabled - RB: D (0x00000000)
[    7.2404] Pad: DS2 Config Finished - P1/S1 - AL: On - AB: Locked - VS: Disabled - VL: Disabled - RB: D (0x00000000)
[    7.2745] Curent pad(0,0) status: EXECCMD
[    7.5410] Pad: DS2 Config Finished - P1/S1 - AL: On - AB: Locked - VS: Disabled - VL: Disabled - RB: D+A+P (0x0003FFFF)
[    7.7413] Pad: DS2 Config Finished - P1/S1 - AL: On - AB: Locked - VS: Disabled - VL: Disabled - RB: D+A+P (0x0003FFFF)
[    7.7782] open name host:/pool2-probe.cfg flag 1 data 41378
[    7.7797] open fd = 256
[    7.7856] open name host:/hud/flare-corona.png flag 1 data 41378
[    7.7878] open fd = 256
[    7.8109] LOG: POOL2PROBE_CONFIG arm=0 vertices=96 members=1 repeats=1 package=75 alpha=128
[    7.8110] LOG: POOL2EEPROBE_CONFIG kind=8 clip=0 lazy=1 table=1 lattice=0 oracle=0
[    7.8121] FRAMEARENA allocated=1 bytes=1048576
[    7.8241] microVU1: Cached Prog = [000] [PC=18e0] [List=01] (Cache=0.000%) [0.0mb]
[    7.8252] microVU1: 3 cycle stall on branch instruction [2008]
[    7.8263] microVU1: Branch Optimization
[    7.8264] microVU1: Cached Prog = [001] [PC=2750] [List=01] (Cache=0.280%) [0.2mb]
[    7.8272] microVU1: 3 cycle stall on branch instruction [2008]
[    7.8285] microVU1: Branch Optimization
[    7.8406] LOG: POOL2EEPROBE_SOURCE clip=0 ready=0 total=96 generation=1 coldOracle=0
[    7.8407] LOG: POOL2PROBE_FRAME frame=1 cold=1 arm=0 eligible=0 applied=0 compared=0 mismatches=0
[    7.8408] LOG: POOL2PROBE_READY arm=0 vertices=96 repeats=1 completed=1 warmBypass=0
[    7.8408] (VMManager) Pausing...
[    7.8678] PINE: New client with FD 14 connected.
[    7.8684] PINE: Client disconnected.
[    8.0114] PINE: New client with FD 14 connected.
[    8.0117] OSD [SaveStateSlot184]: Saving state to slot 184...
[    8.0441]   Saving SPU2
[    8.0448]   Saving GS
[    8.1598] OSD [SaveStateSlot184]: Saved state to slot 184.
[    8.1598] Zipping save state to '/home/spider/pool-lattice-probe-a96-arm0-repeat1-20261005-v1/profile/PCSX2/sstates/vehicle-playground (57773078).184.p2s' took 107.84 ms
[    9.3125] PINE: Client disconnected.
