[    0.0158] Program Path: /home/spider/tyrax2-debugger-linux-v1/squashfs-root/usr/bin/pcsx2-qt
[    0.0158] AppRoot Directory: /home/spider/tyrax2-debugger-linux-v1/squashfs-root/usr/bin
[    0.0158] Resources Directory: /home/spider/tyrax2-debugger-linux-v1/squashfs-root/usr/bin/resources
[    0.0158] DataRoot Directory: /home/spider/pool-lattice-fog-probe-a96-arm0-repeat1-20261005-v1/profile/PCSX2
[    0.0158] Loading config from /home/spider/pool-lattice-fog-probe-a96-arm0-repeat1-20261005-v1/profile/PCSX2/inis/PCSX2.ini.
[    0.0160] Loading secrets from /home/spider/pool-lattice-fog-probe-a96-arm0-repeat1-20261005-v1/profile/PCSX2/inis/secrets.ini.
[    0.0165] BIOS Directory: /mnt/c/Users/pawel/OneDrive/Documents/PCSX2/bios
[    0.0165] Snapshots Directory: /home/spider/pool-lattice-fog-probe-a96-arm0-repeat1-20261005-v1/profile/PCSX2/snaps
[    0.0165] Savestates Directory: /home/spider/pool-lattice-fog-probe-a96-arm0-repeat1-20261005-v1/profile/PCSX2/sstates
[    0.0165] MemoryCards Directory: /home/spider/pool-lattice-fog-probe-a96-arm0-repeat1-20261005-v1/profile/PCSX2/memcards
[    0.0165] Logs Directory: /home/spider/pool-lattice-fog-probe-a96-arm0-repeat1-20261005-v1/profile/PCSX2/logs
[    0.0165] Cheats Directory: /home/spider/pool-lattice-fog-probe-a96-arm0-repeat1-20261005-v1/profile/PCSX2/cheats
[    0.0165] Patches Directory: /home/spider/pool-lattice-fog-probe-a96-arm0-repeat1-20261005-v1/profile/PCSX2/patches
[    0.0165] Covers Directory: /home/spider/pool-lattice-fog-probe-a96-arm0-repeat1-20261005-v1/profile/PCSX2/covers
[    0.0165] Game Settings Directory: /home/spider/pool-lattice-fog-probe-a96-arm0-repeat1-20261005-v1/profile/PCSX2/gamesettings
[    0.0165] Resources Directory: /home/spider/tyrax2-debugger-linux-v1/squashfs-root/usr/bin/resources
[    0.0165] User Resources Directory: /home/spider/pool-lattice-fog-probe-a96-arm0-repeat1-20261005-v1/profile/PCSX2/resources
[    0.0165] Cache Directory: /home/spider/pool-lattice-fog-probe-a96-arm0-repeat1-20261005-v1/profile/PCSX2/cache
[    0.0165] Textures Directory: /home/spider/pool-lattice-fog-probe-a96-arm0-repeat1-20261005-v1/profile/PCSX2/textures
[    0.0166] Input Profile Directory: /home/spider/pool-lattice-fog-probe-a96-arm0-repeat1-20261005-v1/profile/PCSX2/inputprofiles
[    0.0166] Video Dumping Directory: /home/spider/pool-lattice-fog-probe-a96-arm0-repeat1-20261005-v1/profile/PCSX2/videos
[    0.0166] Debugger Layouts Directory: /home/spider/pool-lattice-fog-probe-a96-arm0-repeat1-20261005-v1/profile/PCSX2/inis/debuggerlayouts
[    0.0166] Debugger Settings Directory: /home/spider/pool-lattice-fog-probe-a96-arm0-repeat1-20261005-v1/profile/PCSX2/inis/debuggersettings
[    0.0319] Loaded translation file for language en-US
[    0.0386] PCSX2 v2.9.93
[    0.0386] Savestate version: 0x9a590000
[    0.0386] 
[    0.0386] 
[    0.0386] Host Machine Init:
[    0.0387]   Operating System = Ubuntu 22.04
[    0.0387]   Available RAM    = 49085 MB (47.93 GB)
[    0.0387]   Physical RAM     = 50191 MB (49.02 GB)
[    0.0388] 
[    0.0388]   Processor        = AMD Ryzen Threadripper 1920X
[    0.0388]   Core Count       = 24 cores
[    0.0388]   Thread Count     = 24 threads
[    0.0388]   Cluster Count    = 1 clusters
[    0.0388] CPU Extensions Detected:
[    0.0388]   AVX AVX2
[    0.0388] 
[    0.0388] Allocating host memory for virtual systems...
[    0.0391]   EE Main Memory                   @ 0x00007FD507200000 -> 0x00007FD510100000 [143mb]
[    0.0391]   IOP Main Memory                  @ 0x00007FD510100000 -> 0x00007FD518200000 [129mb]
[    0.0391]   VU0/1 On-Chip Memory             @ 0x00007FD518200000 -> 0x00007FD518300000 [1mb]
[    0.0391]   VTLB Virtual Map                 @ 0x00007FD518300000 -> 0x00007FD518B00000 [8mb]
[    0.0391]   VTLB Address Map                 @ 0x00007FD518B00000 -> 0x00007FD518F00000 [4mb]
[    0.0391]   R5900 Recompiler Cache           @ 0x00007FD518F00000 -> 0x00007FD51CF00000 [64mb]
[    0.0391]   R3000A Recompiler Cache          @ 0x00007FD51CF00000 -> 0x00007FD51EF00000 [32mb]
[    0.0391]   Micro VU0 Recompiler Cache       @ 0x00007FD51FF00000 -> 0x00007FD523F00000 [64mb]
[    0.0391]   Micro VU1 Recompiler Cache       @ 0x00007FD523F00000 -> 0x00007FD527F00000 [64mb]
[    0.0391]   VIF0 Unpack Recompiler Cache     @ 0x00007FD51EF00000 -> 0x00007FD51F700000 [8mb]
[    0.0391]   VIF1 Unpack Recompiler Cache     @ 0x00007FD51F700000 -> 0x00007FD51FF00000 [8mb]
[    0.0392]   VIF Unpack Recompiler Cache      @ 0x00007FD527F00000 -> 0x00007FD528000000 [1mb]
[    0.0392]   GS Software Renderer             @ 0x00007FD528000000 -> 0x00007FD52C000000 [64mb]
[    0.0419] Fastmem area: 0x7fd407200000 - 0x7fd5071fffff
[    0.0435] Generating SSE-optimized unpacking functions for VIF interpreters...
[    0.0438] Unpack function generation complete.  Generated function statistics:
[    0.0439]   Reserved buffer    : 1048576 bytes @ 0x00007FD527F00000
[    0.0439]   x86 code generated : 7422 bytes
[    0.0439] 
[    0.0442] SDLInputSource: Using Controller DB from resources.
[    0.0621] SDLInputSource: 765 gamepad mappings are loaded.
[    0.0622] Invalid binding: 'XInput-0/DPadUp'
[    0.0622] Invalid binding: 'XInput-0/DPadRight'
[    0.0622] Invalid binding: 'XInput-0/DPadDown'
[    0.0622] Invalid binding: 'XInput-0/DPadLeft'
[    0.0622] Invalid binding: 'XInput-0/Y'
[    0.0622] Invalid binding: 'XInput-0/B'
[    0.0622] Invalid binding: 'XInput-0/A'
[    0.0622] Invalid binding: 'XInput-0/X'
[    0.0622] Invalid binding: 'XInput-0/Back'
[    0.0622] Invalid binding: 'XInput-0/Start'
[    0.0622] Invalid binding: 'XInput-0/LeftShoulder'
[    0.0622] Invalid binding: 'XInput-0/+LeftTrigger'
[    0.0622] Invalid binding: 'XInput-0/RightShoulder'
[    0.0622] Invalid binding: 'XInput-0/+RightTrigger'
[    0.0622] Invalid binding: 'XInput-0/LeftStick'
[    0.0622] Invalid binding: 'XInput-0/RightStick'
[    0.0622] Invalid binding: 'XInput-0/Guide'
[    0.0622] Invalid binding: 'XInput-0/-LeftY'
[    0.0622] Invalid binding: 'XInput-0/+LeftX'
[    0.0622] Invalid binding: 'XInput-0/+LeftY'
[    0.0622] Invalid binding: 'XInput-0/-LeftX'
[    0.0622] Invalid binding: 'XInput-0/-RightY'
[    0.0623] Invalid binding: 'XInput-0/+RightX'
[    0.0623] Invalid binding: 'XInput-0/+RightY'
[    0.0623] Invalid binding: 'XInput-0/-RightX'
[    0.0629] Settings: Advanced Settings are enabled; only proceed if you know what you're doing! No support will be provided if you have the option enabled.
[    0.1078] Scanning F:\PS2\Games (recursively)
[    0.2129] Loading BIOS...
[    0.2250] BIOS Found: Europe  v02.00(14/06/2004)  Console 20040614-100914
[    0.2854] Mechacon version: 0x00020603
[    0.2868] Opening CDVD...
[    0.3201] Initializing Elf: 4470908 bytes
[    0.3209] Disc changed to .
[    0.3210]   Name: vehicle-playground [?]
[    0.3210]   Serial: vehicle-playground
[    0.3210]   Version: 
[    0.3210]   CRC: 8967CAC6
[    0.3210] No game settings found (tried '/home/spider/pool-lattice-fog-probe-a96-arm0-repeat1-20261005-v1/profile/PCSX2/gamesettings/8967CAC6.ini')
[    0.3210] Applying settings...
[    0.3213] Invalid binding: 'XInput-0/DPadUp'
[    0.3213] Invalid binding: 'XInput-0/DPadRight'
[    0.3213] Invalid binding: 'XInput-0/DPadDown'
[    0.3213] Invalid binding: 'XInput-0/DPadLeft'
[    0.3213] Invalid binding: 'XInput-0/Y'
[    0.3213] Invalid binding: 'XInput-0/B'
[    0.3213] Invalid binding: 'XInput-0/A'
[    0.3213] Invalid binding: 'XInput-0/X'
[    0.3213] Invalid binding: 'XInput-0/Back'
[    0.3213] Invalid binding: 'XInput-0/Start'
[    0.3213] Invalid binding: 'XInput-0/LeftShoulder'
[    0.3213] Invalid binding: 'XInput-0/+LeftTrigger'
[    0.3213] Invalid binding: 'XInput-0/RightShoulder'
[    0.3213] Invalid binding: 'XInput-0/+RightTrigger'
[    0.3213] Invalid binding: 'XInput-0/LeftStick'
[    0.3213] Invalid binding: 'XInput-0/RightStick'
[    0.3213] Invalid binding: 'XInput-0/Guide'
[    0.3213] Invalid binding: 'XInput-0/-LeftY'
[    0.3213] Invalid binding: 'XInput-0/+LeftX'
[    0.3214] Invalid binding: 'XInput-0/+LeftY'
[    0.3214] Invalid binding: 'XInput-0/-LeftX'
[    0.3214] Invalid binding: 'XInput-0/-RightY'
[    0.3214] Invalid binding: 'XInput-0/+RightX'
[    0.3214] Invalid binding: 'XInput-0/+RightY'
[    0.3214] Invalid binding: 'XInput-0/-RightX'
[    0.3215] GameDB: Has not been initialized yet, initializing...
[    0.3641] GameDB: 12841 games on record (loaded in 42.62ms)
[    0.3665] Reopening memory cards...
[    0.3665] (FileMcd) Creating new 8MB memory card: /home/spider/pool-lattice-fog-probe-a96-arm0-repeat1-20261005-v1/profile/PCSX2/memcards/Mcd001.ps2
[    0.3761] McdSlot 0 [File]: Mcd001.ps2 [8 MB, UNFORMATTED]
[    0.3761] McdSlot 1 [File]: [disabled/empty filename]
[    0.3804] HLE Host: Set 'host:' root path to: /mnt/f/Projects/tyrax2-lab-20261001/wild-pool-lattice-fog-probe-physical-v1/game/bin
[    0.3809] EE/iR5900 Recompiler Reset
[    0.4239] iR3000A Recompiler reset.
[    0.4421] Resetting host memory for virtual systems...
[    0.6731] Time Zone Offset: GMT+01:00
[    0.6731] Time Zone Location: Berlin
[    0.6731] DST: Winter Time
[    0.6731] Time Format: 24-Hour
[    0.6731] Date Format: DD/MM/YYYY
[    0.6731] System Time Basis: Operating System Time
[    0.6732] Resulting System Time: 2026-10-05 13:54:52
[    0.6732] Close virtual disk tray
[    0.6732] Media already loaded (fast boot)
[    0.6732] Opening GS...
[    0.7111] VK: Enabling extension: VK_KHR_get_surface_capabilities2
[    0.7218] Using Vulkan GPU 'llvmpipe (LLVM 15.0.7, 256 bits)' for automatic renderer check.
[    0.7218] Not using Vulkan for software renderer.
[    0.7220] acquireRenderWindow() recreate=true fullscreen=false render_to_main=true surfaceless=false
[    0.7247] (GetRefreshRateFromXRandR) Modeline is invalid: 0/0/0
[    0.7247] Surface refresh rate: 60 Hz
[    0.7251] Loading EGL from libEGL.so...
[    0.7263] GLAD EGL Version: 1.0
[    0.7263] Using EGL platform EGL_EXT_platform_x11.
[    0.7348] eglInitialize() version: 1.5
[    0.7349] GLAD EGL Version: 1.5
[    0.7349] Trying GL version 4.6
[    0.7349] eglCreateContext() failed: 0x3009
[    0.7349] Trying GL version 4.5
[    0.7490] Got GL version 4.5
[    0.7490] EGL_MIN_SWAP_INTERVAL = 1
[    0.7490] EGL_MAX_SWAP_INTERVAL = 1
[    0.7490] Negative swap interval/tear-control is NOT supported
[    0.7515] GL_VENDOR: Mesa
[    0.7516] GL_VERSION: 4.5 (Core Profile) Mesa 23.2.1-1ubuntu3.1~22.04.4
[    0.7516] GL_RENDERER: llvmpipe (LLVM 15.0.7, 256 bits)
[    0.7516] GL_SHADING_LANGUAGE_VERSION: 4.50
[    0.7518] GL_MAX_VERTEX_SHADER_STORAGE_BLOCKS: 16
[    0.7518] GL: Viewport Array:            Supported       => Using: GL_ARB_viewport_array
[    0.7518] GL: Direct State Access:       Supported       => Using: OpenGL 4.5 Core
[    0.7518] GL: Copy Image:                Supported       => Using: OpenGL 4.3 Core
[    0.7518] GL: Clip Control:              Supported       => Using: OpenGL 4.5 Core
[    0.7518] GL: Conservative Depth:        Supported       => Using: OpenGL 4.2 Core
[    0.7518] GL: CAS Sharpening:            Supported       => Using: OpenGL 4.2 Core
[    0.7518] GL: Texture Barriers:          Auto            => Using: Framebuffer Fetch
[    0.7518] GL: RGBA16 HW Blending:        Supported       => Using: RGBA16 UNORM
[    0.7518] GL: Point Expansion:           Supported       => Using: Hardware
[    0.7518] GL: Line Expansion:            Fallback        => Using: Vertex Expansion
[    0.7518] GL: Sprite Expansion:          Supported       => Using: Vertex Expansion
[    0.7518] GL: DXTn Texture Compression:  Supported       => Using: GL_EXT_texture_compression_s3tc
[    0.7518] GL: BC6/7 Texture Compression: Supported       => Using: OpenGL 4.2 Core
[    0.7581] 1 program binary formats supported by driver
[    0.7917] Program binary retrieved, 4105 bytes, format 34655
[    0.7921] Program binary retrieved, 4121 bytes, format 34655
[    0.7925] Program binary retrieved, 4249 bytes, format 34655
[    0.7928] Program binary retrieved, 4013 bytes, format 34655
[    0.7932] Program binary retrieved, 4013 bytes, format 34655
[    0.7936] Program binary retrieved, 4017 bytes, format 34655
[    0.7940] Program binary retrieved, 4017 bytes, format 34655
[    0.7945] Program binary retrieved, 4185 bytes, format 34655
[    0.7948] Program binary retrieved, 4217 bytes, format 34655
[    0.7952] Program binary retrieved, 4137 bytes, format 34655
[    0.7955] Program binary retrieved, 4125 bytes, format 34655
[    0.7959] Program binary retrieved, 4121 bytes, format 34655
[    0.7964] Program binary retrieved, 4253 bytes, format 34655
[    0.7970] Program binary retrieved, 4237 bytes, format 34655
[    0.7973] Program binary retrieved, 4245 bytes, format 34655
[    0.7977] Program binary retrieved, 4261 bytes, format 34655
[    0.7982] Program binary retrieved, 4965 bytes, format 34655
[    0.7987] Program binary retrieved, 4981 bytes, format 34655
[    0.7991] Program binary retrieved, 4261 bytes, format 34655
[    0.7995] Program binary retrieved, 4277 bytes, format 34655
[    0.8000] Program binary retrieved, 5005 bytes, format 34655
[    0.8005] Program binary retrieved, 5021 bytes, format 34655
[    0.8009] Program binary retrieved, 4257 bytes, format 34655
[    0.8013] Program binary retrieved, 4273 bytes, format 34655
[    0.8018] Program binary retrieved, 5001 bytes, format 34655
[    0.8022] Program binary retrieved, 5017 bytes, format 34655
[    0.8026] Program binary retrieved, 4277 bytes, format 34655
[    0.8030] Program binary retrieved, 4293 bytes, format 34655
[    0.8034] Program binary retrieved, 5057 bytes, format 34655
[    0.8039] Program binary retrieved, 5073 bytes, format 34655
[    0.8043] Program binary retrieved, 4153 bytes, format 34655
[    0.8046] Program binary retrieved, 4169 bytes, format 34655
[    0.8050] Program binary retrieved, 4233 bytes, format 34655
[    0.8055] Program binary retrieved, 5781 bytes, format 34655
[    0.8060] Program binary retrieved, 5373 bytes, format 34655
[    0.8066] Program binary retrieved, 6389 bytes, format 34655
[    0.8070] Program binary retrieved, 4917 bytes, format 34655
[    0.8074] Program binary retrieved, 4845 bytes, format 34655
[    0.8079] Program binary retrieved, 4997 bytes, format 34655
[    0.8082] Program binary retrieved, 4101 bytes, format 34655
[    0.8114] Program binary retrieved, 4137 bytes, format 34655
[    0.8147] Program binary retrieved, 4109 bytes, format 34655
[    0.8152] Program binary retrieved, 5389 bytes, format 34655
[    0.8155] Program binary retrieved, 5829 bytes, format 34655
[    0.8160] Program binary retrieved, 5857 bytes, format 34655
[    0.8164] Program binary retrieved, 4289 bytes, format 34655
[    0.8187] Program binary retrieved, 21205 bytes, format 34655
[    0.8192] Program binary retrieved, 4765 bytes, format 34655
[    0.8196] Program binary retrieved, 5685 bytes, format 34655
[    0.8199] Program binary retrieved, 4141 bytes, format 34655
[    0.8202] Program binary retrieved, 4537 bytes, format 34655
[    0.8206] Program binary retrieved, 4889 bytes, format 34655
[    0.8209] Program binary retrieved, 4117 bytes, format 34655
[    0.8212] Program binary retrieved, 4741 bytes, format 34655
[    0.8216] Program binary retrieved, 4965 bytes, format 34655
[    0.8222] Program binary retrieved, 6613 bytes, format 34655
[    0.8225] Program binary retrieved, 4797 bytes, format 34655
[    0.8241] Program binary retrieved, 13085 bytes, format 34655
[    0.8303] Program binary retrieved, 7285 bytes, format 34655
[    0.8358] Program binary retrieved, 5497 bytes, format 34655
[    0.8361] Program binary retrieved, 4141 bytes, format 34655
[    0.8365] Program binary retrieved, 4141 bytes, format 34655
[    0.8368] Program binary retrieved, 4145 bytes, format 34655
[    0.8372] Program binary retrieved, 4145 bytes, format 34655
[    0.8813] Program binary retrieved, 5369 bytes, format 34655
[    0.8827] OpenGL Graphics Driver Info:
[    0.8827] OpenGL Context:
[    0.8827] 4.5 (Core Profile) Mesa 23.2.1-1ubuntu3.1~22.04.4
[    0.8827] Mesa llvmpipe (LLVM 15.0.7, 256 bits)
[    0.8827] GLSL: 4.50
[    0.8855] Processor count: 24 cores, 24 processors, 1 clusters
[    0.8856] Ordered processor list: 12, 23, 22, 21, 20, 19, 18, 17, 16, 15, 14, 13, 0, 11, 10, 9, 8, 7, 6, 5, 4, 3, 2, 1
[    0.8856] Not pinning SW threads, we need 4 processors, but only have 0
[    0.8865] Opening SPU2...
[    0.8867] Creating Null audio stream, sample rate = 48000, expansion = Disabled, buffer = 50, latency = 32, stretching enabled, driver = wasapi, device = 
[    0.8868] Allocated buffer of 2432 frames for buffer of 50 ms [expansion Disabled (block size 2048), stretch disabled, target size 2432].
[    0.8868] Initializing Pad...
[    0.8868] Initializing SIO2...
[    0.8868] Initializing SIO0...
[    0.8868] Opening DEV9...
[    0.8868] DEV9: DEV9init
[    0.8877] DEV9: DEV9init2
[    0.8877] DEV9: DEV9init3
[    0.8919] DEV9: DEV9init ok
[    0.8919] DEV9: DEV9open
[    0.8919] Opening USB...
[    0.8920] Opening FW...
[    0.8922] Frame rate: 59.94, target speed: 1, target frame rate: 59.94, ticks per frame: 16683350
[    0.8958] MultiPause time: 142ns
[    0.8958] VM subsystems initialized in 687.83 ms
[    0.8958] MultiPause time: 142ns
[    0.8959] MultiPause time: 142ns
[    0.8987] MultiPause time: 142ns
[    0.9061] Failed to inhibit screen saver.
[    0.9062] Processor order assignment: EE=12, VU=23, GS=23
[    0.9062]   EE thread is on processor 12 (0x1000)
[    0.9063]   GS thread is on processor 23 (0x800000)
[    0.9164] Failed to inhibit screen saver.
[    0.9429] # Initialize memory (rev:3.70, ctm:197Mhz, cpuclk:147Mhz detected)
[    0.9517] R3000 Debugger: Branch to 0x890 (SYSMEM). Clearing modules.
[    0.9532] RegisterLibraryEntries: excepman version 1.01
[    0.9541] RegisterLibraryEntries:  intrman version 1.02
[    0.9542] RegisterLibraryEntries:   ssbusc version 1.01
[    0.9546] RegisterLibraryEntries:  dmacman version 1.02
[    0.9550] RegisterLibraryEntries:  timrman version 1.01
[    0.9553] RegisterLibraryEntries:  sysclib version 1.01
[    0.9554] RegisterLibraryEntries:    stdio version 1.01
[    0.9555] RegisterLibraryEntries:  heaplib version 1.01
[    0.9559] FW: read mem 0x1f80847c: 0x10000001
[    0.9559] FW: write mem 0x1f808414: 0x417f0000
[    0.9559] FW: read mem 0x1f808400: 0xffc00001
[    0.9559] FW: write mem 0x1f80844c: 0xffffffff
[    0.9559] FW: write mem 0x1f808420: 0xffffffff
[    0.9559] FW: write mem 0x1f808428: 0xffffffff
[    0.9559] FW: write mem 0x1f808430: 0xffffffff
[    0.9569] RegisterLibraryEntries:   thbase version 1.01
[    0.9569] RegisterLibraryEntries:  thevent version 1.01
[    0.9570] RegisterLibraryEntries:  thsemap version 1.01
[    0.9570] RegisterLibraryEntries:  thmsgbx version 1.01
[    0.9570] RegisterLibraryEntries:  thfpool version 1.01
[    0.9571] RegisterLibraryEntries:  thvpool version 1.01
[    0.9578] RegisterLibraryEntries:   vblank version 1.01
[    0.9583] RegisterLibraryEntries:    ioman version 1.02
[    0.9590] RegisterLibraryEntries:  modload version 1.01
[    0.9593] RegisterLibraryEntries:   romdrv version 2.01
[    0.9596] RegisterLibraryEntries:    stdio version 1.02
[    0.9600] RegisterLibraryEntries:   sifman version 1.01
[    0.9604] 
[    0.9605] PlayStation 2 ======== Hard reset boot
[    0.9606]  ROMGEN=2004-0614, IOP info (CPUID=1f, CACH_CONFIG=0, 2MB, IOP mode)
[    0.9608]  <20040614-100914,ROMconf,PS20200EC20040614.bin:11696>
[    0.9694] # Total accessable memory size: 32 MB (B:2:8:0) (370:2:7c30)
[    0.9706] # TLB spad=0 kernel=1:12 default=13:30 extended=31:38
[    1.0339] # Initialize Start.
[    1.0345] # Initialize GS ...
[    1.0345] # Initialize INTC ...
[    1.0345] # Initialize TIMER ...
[    1.0347] # Initialize DMAC ...
[    1.0348] # Initialize VU1 ...
[    1.0349] # Initialize VIF1 ...
[    1.0350] # Initialize GIF ...
[    1.0350] # Initialize VU0 ...
[    1.0352] # Initialize VIF0 ...
[    1.0352] # Initialize IPU ...
[    1.0353] # Initialize FPU ...
[    1.0354] # Initialize User Memory ...
[    1.0943] # Initialize Scratch Pad ...
[    1.0944] # Initialize Done.
[    1.0953] 
[    1.0953] EE DECI2 Manager version 0.06 Feb  6 2003 08:38:48
[    1.0953]   CPUID=2e20, BoardID=0, ROMGEN=2004-0614, 32M
[    1.0953] 
[    1.0955] RegisterLibraryEntries:   sifcmd version 1.01
[    1.1270] Initializing Elf: 4470908 bytes
[    1.1304] ELF Loading: host:vehicle-playground.elf, Game CRC = 8967CAC6, EntryPoint = 0x00100E78
[    1.1333] RegisterLibraryEntries:  cdvdman version 1.01
[    1.1367] Imported 823 symbols.
[    1.1420] RegisterLibraryEntries:  cdvdfsv version 1.01
[    1.1436] RegisterLibraryEntries:  secrman version 1.03
[    1.1437] RegisterLibraryEntries:   eesync version 1.01
[    1.1438] 
[    1.1439] IOP Realtime Kernel Ver.0.9.1
[    1.1439]     Copyright 1999 (C) Sony Computer Entertainment Inc. 
[    1.1445] Reboot service module.(99/11/10)
[    1.1468] cdvd driver module version 0.1.1 (C)SCEI
[    1.1472] Load File service.(99/11/05)
[    1.1473] Multi Threaded Fileio module.(99/11/15) 
[    1.1473] iop heap service (99/11/03)
[    1.1635] loadelf: fname host:vehicle-playground.elf secname all
[    1.1636] loadelf version 3.30
[    1.1653] PINE: New client with FD 14 connected.
[    1.1658] PINE: Client disconnected.
[    1.1658] Input ELF format filename = host:vehicle-playground.elf
[    1.2121] 1 00100000 003f783c ................................................................
[    1.2122] Loaded, host:vehicle-playground.elf
[    1.2123] start address 0x100e78
[    1.2123] gp address 00000000
[    1.2129] (VMManager) Pausing...
[    1.2131] (VMManager) Resuming...
[    1.2248] Failed to inhibit screen saver.
[    1.2249] EE/iR5900 Recompiler Reset
[    1.2411] # Restart Without Memory Clear.
[    1.2525] # Initialize GS ...
[    1.2525] # Initialize INTC ...
[    1.2525] # Initialize TIMER ...
[    1.2526] # Initialize DMAC ...
[    1.2526] # Initialize VU1 ...
[    1.2527] # Initialize VIF1 ...
[    1.2528] # Initialize GIF ...
[    1.2528] # Initialize VU0 ...
[    1.2530] # Initialize VIF0 ...
[    1.2530] # Initialize IPU ...
[    1.2531] # Initialize FPU ...
[    1.2531] # Initialize Scratch Pad ...
[    1.2532] # Restart Without Memory Clear Done.
[    1.2534] ELF host:vehicle-playground.elf with entry point at 0x00100E78 is executing.
[    1.2534] ELF changed, active CRC 8967CAC6 (host:vehicle-playground.elf)
[    1.2538] Applying core settings...
[    1.2538] Debugger Settings Manager: Failed to read Saved Addresses array from settings file: '/home/spider/pool-lattice-fog-probe-a96-arm0-repeat1-20261005-v1/profile/PCSX2/inis/debuggersettings/vehicle-playground_8967CAC6.json'
[    1.2539] Debugger Settings Manager: Failed to read Saved Addresses array from settings file: '/home/spider/pool-lattice-fog-probe-a96-arm0-repeat1-20261005-v1/profile/PCSX2/inis/debuggersettings/vehicle-playground_8967CAC6.json'
[    1.2543] Updating CPU configuration...
[    1.2544] iR3000A Recompiler reset.
[    1.2661] PINE: New client with FD 14 connected.
[    1.2666] PINE: Client disconnected.
[    1.2768] iR3000A Recompiler reset.
[    1.2837] EE/iR5900 Recompiler Reset
[    1.2989] (VMManager) Pausing...
[    1.2996] EE/iR5900 Recompiler Reset
[    1.3161] EE/iR5900 Recompiler Reset
[    1.3311] iR3000A Recompiler reset.
[    1.3348] EE/iR5900 Recompiler Reset
[    1.3485] iR3000A Recompiler reset.
[    1.3527] EE/iR5900 Recompiler Reset
[    1.3668] iR3000A Recompiler reset.
[    1.3675] PINE: New client with FD 14 connected.
[    1.3679] PINE: Client disconnected.
[    1.3709] EE/iR5900 Recompiler Reset
[    1.3868] iR3000A Recompiler reset.
[    1.3908] EE/iR5900 Recompiler Reset
[    1.4820] PINE: New client with FD 14 connected.
[    1.4824] OSD [SaveStateSlot140]: Saving state to slot 140...
[    1.5083]   Saving SPU2
[    1.5088]   Saving GS
[    1.6099] OSD [SaveStateSlot140]: Saved state to slot 140.
[    1.6099] Zipping save state to '/home/spider/pool-lattice-fog-probe-a96-arm0-repeat1-20261005-v1/profile/PCSX2/sstates/vehicle-playground (8967CAC6).140.p2s' took 94.76 ms
[    2.7558] PINE: Client disconnected.
[    3.2361] PINE: New client with FD 14 connected.
[    3.2408] (VMManager) Resuming...
[    3.2530] Failed to inhibit screen saver.
[    3.2545] BIOS: Successfully found the instruction pattern. Assuming the thread list is here: 8001a640
[    3.2577] Warning: GetOsdConfigParam2 Reading extended language/version configs, may be incorrect!
[    3.2685] read/write allocate memory 4000
[    3.2685] open name host:/ps2link.run flag 1 data 41378
[    3.2691] open fd = -5
[    3.2720] Get Reboot Request From EE
[    3.2732] R3000 Debugger: Branch to 0x890 (SYSMEM). Clearing modules.
[    3.2753] RegisterLibraryEntries: excepman version 1.01
[    3.2763] RegisterLibraryEntries:  intrman version 1.02
[    3.2765] RegisterLibraryEntries:   ssbusc version 1.01
[    3.2770] RegisterLibraryEntries:  dmacman version 1.02
[    3.2775] RegisterLibraryEntries:  timrman version 1.01
[    3.2780] RegisterLibraryEntries:  sysclib version 1.01
[    3.2781] RegisterLibraryEntries:    stdio version 1.01
[    3.2782] RegisterLibraryEntries:  heaplib version 1.01
[    3.2805] RegisterLibraryEntries:   thbase version 1.01
[    3.2806] RegisterLibraryEntries:  thevent version 1.01
[    3.2806] RegisterLibraryEntries:  thsemap version 1.01
[    3.2806] RegisterLibraryEntries:  thmsgbx version 1.01
[    3.2807] RegisterLibraryEntries:  thfpool version 1.01
[    3.2807] RegisterLibraryEntries:  thvpool version 1.01
[    3.2816] RegisterLibraryEntries:   vblank version 1.01
[    3.2821] RegisterLibraryEntries:    ioman version 1.02
[    3.2831] RegisterLibraryEntries:  modload version 1.01
[    3.2930] RegisterLibraryEntries:   romdrv version 2.01
[    3.2933] RegisterLibraryEntries:    stdio version 1.02
[    3.2938] RegisterLibraryEntries:   sifman version 1.01
[    3.2943] 
[    3.2943] PlayStation 2 ======== Soft reboot
[    3.2951] RegisterLibraryEntries:   sifcmd version 1.01
[    3.2997] RegisterLibraryEntries:  cdvdman version 1.01
[    3.3016] RegisterLibraryEntries:  cdvdfsv version 1.01
[    3.3090] RegisterLibraryEntries:  secrman version 1.03
[    3.3092] RegisterLibraryEntries:   eesync version 1.01
[    3.3093] 
[    3.3093] IOP Realtime Kernel Ver.0.9.1
[    3.3093]     Copyright 1999 (C) Sony Computer Entertainment Inc. 
[    3.3099] Reboot service module.(99/11/10)
[    3.3119] [EE] Skipping timeout loop at 0x002D5340 -> 0x002D5360
[    3.3119] cdvd driver module version 0.1.1 (C)SCEI
[    3.3123] Load File service.(99/11/05)
[    3.3123] Multi Threaded Fileio module.(99/11/15) 
[    3.3124] iop heap service (99/11/03)
[    3.3295] RegisterLibraryEntries:   iomanx version 1.01
[    3.3308] fileXio: fileXio: fileXio RPC Server v1.00
[    3.3308] Copyright (c) 2003 adresd
[    3.3310] RegisterLibraryEntries:  sio2man version 2.07
[    3.3311] RegisterLibraryEntries:  sio2man version 1.02
[    3.3317] RegisterLibraryEntries:   padman version 1.02
[    3.3319] Pad Driver for OSD
[    3.3323] FREESD v1.01
[    3.3323] RegisterLibraryEntries:    libsd version 1.04
[    3.3413] PINE: Client disconnected.
[    3.3451] debug_level = 1 (ps2snd 0.1
[    3.3458] greetings from version 0.93 !
[    3.3458] RegisterLibraryEntries:   audsrv version 1.04
[    3.3459] audsrv_adpcm_init()
[    3.3470] UpdateVSyncRate: Mode Changed to SDTV 480p.
[    3.3470] Frame rate: 59.94, target speed: 1, target frame rate: 59.94, ticks per frame: 16683350
[    3.3471] Set GS CRTC configuration. SDTV   720x480 @ 59.94 Progressive (FRAME)
[    5.4173] read/write allocate memory 4000
[    5.4175] 
[    5.4178] -----------------------------------------
[    5.4179]         _____        ____   ___
[    5.4180]           |     /   ____| |___|
[    5.4180]           |     |   |     |   |
[    5.4181] -----------------------------------------
[    5.4181] Copyright 2022
[    5.4182] Repository: https://github.com/h4570/tyra
[    5.4182] Licensed under Apache License 2.0
[    5.4186] Version: 2.2.0
[    5.4187] -----------------------------------------
[    5.4188] 
[    5.5840] audsrv_adpcm_init()
[    5.5851] [EE] Skipping timeout loop at 0x00102CB0 -> 0x00102CD0
[    5.6179] Curent pad(0,0) status: EXECCMD
[    5.8152] Pad: DS2 Config Finished - P1/S1 - AL: Off - AB: Usable - VS: Disabled - VL: Disabled - RB: D (0x00000000)
[    5.8511] Curent pad(0,0) status: EXECCMD
[    5.9153] Pad: DS2 Config Finished - P1/S1 - AL: On - AB: Locked - VS: Disabled - VL: Disabled - RB: D (0x00000000)
[    6.1152] Pad: DS2 Config Finished - P1/S1 - AL: On - AB: Locked - VS: Disabled - VL: Disabled - RB: D (0x00000000)
[    6.1489] Curent pad(0,0) status: EXECCMD
[    6.4159] Pad: DS2 Config Finished - P1/S1 - AL: On - AB: Locked - VS: Disabled - VL: Disabled - RB: D+A+P (0x0003FFFF)
[    6.6159] Pad: DS2 Config Finished - P1/S1 - AL: On - AB: Locked - VS: Disabled - VL: Disabled - RB: D+A+P (0x0003FFFF)
[    6.6527] open name host:/pool2-probe.cfg flag 1 data 41378
[    6.6541] open fd = 256
[    6.6594] open name host:/hud/flare-corona.png flag 1 data 41378
[    6.6615] open fd = 256
[    6.6841] LOG: POOL2PROBE_CONFIG arm=0 vertices=96 members=1 repeats=1 package=75 alpha=128
[    6.6843] LOG: POOL2EEPROBE_CONFIG kind=8 clip=0 lazy=1 table=1 lattice=0 fog=1 fogStart=19 fogEnd=23 oracle=0
[    6.6853] FRAMEARENA allocated=1 bytes=1048576
[    6.6968] microVU1: Cached Prog = [000] [PC=18e0] [List=01] (Cache=0.000%) [0.0mb]
[    6.6980] microVU1: 3 cycle stall on branch instruction [2008]
[    6.6996] microVU1: Branch Optimization
[    6.6996] microVU1: Cached Prog = [001] [PC=2788] [List=01] (Cache=0.339%) [0.2mb]
[    6.7005] microVU1: 3 cycle stall on branch instruction [2008]
[    6.7020] microVU1: Branch Optimization
[    6.7130] LOG: POOL2EEPROBE_SOURCE clip=0 ready=0 total=96 generation=1 coldOracle=0
[    6.7131] LOG: POOL2PROBE_FRAME frame=1 cold=1 arm=0 eligible=0 applied=0 compared=0 mismatches=0
[    6.7132] LOG: POOL2PROBE_READY arm=0 vertices=96 repeats=1 completed=1 warmBypass=0
[    6.7132] (VMManager) Pausing...
[    6.7702] PINE: New client with FD 14 connected.
[    6.7705] PINE: Client disconnected.
[    6.8753] PINE: New client with FD 14 connected.
[    6.8758] OSD [SaveStateSlot196]: Saving state to slot 196...
[    6.9024]   Saving SPU2
[    6.9031]   Saving GS
[    7.0187] OSD [SaveStateSlot196]: Saved state to slot 196.
[    7.0187] Zipping save state to '/home/spider/pool-lattice-fog-probe-a96-arm0-repeat1-20261005-v1/profile/PCSX2/sstates/vehicle-playground (8967CAC6).196.p2s' took 109.55 ms
[    8.1716] PINE: Client disconnected.
