[    0.0143] Program Path: /home/spider/tyrax2-debugger-linux-v1/squashfs-root/usr/bin/pcsx2-qt
[    0.0143] AppRoot Directory: /home/spider/tyrax2-debugger-linux-v1/squashfs-root/usr/bin
[    0.0144] Resources Directory: /home/spider/tyrax2-debugger-linux-v1/squashfs-root/usr/bin/resources
[    0.0144] DataRoot Directory: /home/spider/pool-lattice-probe-b192-arm0-repeat1-20261005-v1/profile/PCSX2
[    0.0144] Loading config from /home/spider/pool-lattice-probe-b192-arm0-repeat1-20261005-v1/profile/PCSX2/inis/PCSX2.ini.
[    0.0146] Loading secrets from /home/spider/pool-lattice-probe-b192-arm0-repeat1-20261005-v1/profile/PCSX2/inis/secrets.ini.
[    0.0150] BIOS Directory: /mnt/c/Users/pawel/OneDrive/Documents/PCSX2/bios
[    0.0150] Snapshots Directory: /home/spider/pool-lattice-probe-b192-arm0-repeat1-20261005-v1/profile/PCSX2/snaps
[    0.0150] Savestates Directory: /home/spider/pool-lattice-probe-b192-arm0-repeat1-20261005-v1/profile/PCSX2/sstates
[    0.0150] MemoryCards Directory: /home/spider/pool-lattice-probe-b192-arm0-repeat1-20261005-v1/profile/PCSX2/memcards
[    0.0151] Logs Directory: /home/spider/pool-lattice-probe-b192-arm0-repeat1-20261005-v1/profile/PCSX2/logs
[    0.0151] Cheats Directory: /home/spider/pool-lattice-probe-b192-arm0-repeat1-20261005-v1/profile/PCSX2/cheats
[    0.0151] Patches Directory: /home/spider/pool-lattice-probe-b192-arm0-repeat1-20261005-v1/profile/PCSX2/patches
[    0.0151] Covers Directory: /home/spider/pool-lattice-probe-b192-arm0-repeat1-20261005-v1/profile/PCSX2/covers
[    0.0151] Game Settings Directory: /home/spider/pool-lattice-probe-b192-arm0-repeat1-20261005-v1/profile/PCSX2/gamesettings
[    0.0151] Resources Directory: /home/spider/tyrax2-debugger-linux-v1/squashfs-root/usr/bin/resources
[    0.0151] User Resources Directory: /home/spider/pool-lattice-probe-b192-arm0-repeat1-20261005-v1/profile/PCSX2/resources
[    0.0151] Cache Directory: /home/spider/pool-lattice-probe-b192-arm0-repeat1-20261005-v1/profile/PCSX2/cache
[    0.0151] Textures Directory: /home/spider/pool-lattice-probe-b192-arm0-repeat1-20261005-v1/profile/PCSX2/textures
[    0.0151] Input Profile Directory: /home/spider/pool-lattice-probe-b192-arm0-repeat1-20261005-v1/profile/PCSX2/inputprofiles
[    0.0151] Video Dumping Directory: /home/spider/pool-lattice-probe-b192-arm0-repeat1-20261005-v1/profile/PCSX2/videos
[    0.0151] Debugger Layouts Directory: /home/spider/pool-lattice-probe-b192-arm0-repeat1-20261005-v1/profile/PCSX2/inis/debuggerlayouts
[    0.0151] Debugger Settings Directory: /home/spider/pool-lattice-probe-b192-arm0-repeat1-20261005-v1/profile/PCSX2/inis/debuggersettings
[    0.0303] Loaded translation file for language en-US
[    0.0374] PCSX2 v2.9.93
[    0.0374] Savestate version: 0x9a590000
[    0.0374] 
[    0.0374] 
[    0.0374] Host Machine Init:
[    0.0375]   Operating System = Ubuntu 22.04
[    0.0375]   Available RAM    = 49076 MB (47.93 GB)
[    0.0375]   Physical RAM     = 50191 MB (49.02 GB)
[    0.0375] 
[    0.0375]   Processor        = AMD Ryzen Threadripper 1920X
[    0.0375]   Core Count       = 24 cores
[    0.0375]   Thread Count     = 24 threads
[    0.0375]   Cluster Count    = 1 clusters
[    0.0375] CPU Extensions Detected:
[    0.0376]   AVX AVX2
[    0.0376] 
[    0.0376] Allocating host memory for virtual systems...
[    0.0387]   EE Main Memory                   @ 0x00007F8B83200000 -> 0x00007F8B8C100000 [143mb]
[    0.0387]   IOP Main Memory                  @ 0x00007F8B8C100000 -> 0x00007F8B94200000 [129mb]
[    0.0387]   VU0/1 On-Chip Memory             @ 0x00007F8B94200000 -> 0x00007F8B94300000 [1mb]
[    0.0387]   VTLB Virtual Map                 @ 0x00007F8B94300000 -> 0x00007F8B94B00000 [8mb]
[    0.0387]   VTLB Address Map                 @ 0x00007F8B94B00000 -> 0x00007F8B94F00000 [4mb]
[    0.0387]   R5900 Recompiler Cache           @ 0x00007F8B94F00000 -> 0x00007F8B98F00000 [64mb]
[    0.0387]   R3000A Recompiler Cache          @ 0x00007F8B98F00000 -> 0x00007F8B9AF00000 [32mb]
[    0.0387]   Micro VU0 Recompiler Cache       @ 0x00007F8B9BF00000 -> 0x00007F8B9FF00000 [64mb]
[    0.0387]   Micro VU1 Recompiler Cache       @ 0x00007F8B9FF00000 -> 0x00007F8BA3F00000 [64mb]
[    0.0387]   VIF0 Unpack Recompiler Cache     @ 0x00007F8B9AF00000 -> 0x00007F8B9B700000 [8mb]
[    0.0387]   VIF1 Unpack Recompiler Cache     @ 0x00007F8B9B700000 -> 0x00007F8B9BF00000 [8mb]
[    0.0387]   VIF Unpack Recompiler Cache      @ 0x00007F8BA3F00000 -> 0x00007F8BA4000000 [1mb]
[    0.0388]   GS Software Renderer             @ 0x00007F8BA4000000 -> 0x00007F8BA8000000 [64mb]
[    0.0403] Fastmem area: 0x7f8a83200000 - 0x7f8b831fffff
[    0.0408] Generating SSE-optimized unpacking functions for VIF interpreters...
[    0.0412] Unpack function generation complete.  Generated function statistics:
[    0.0412]   Reserved buffer    : 1048576 bytes @ 0x00007F8BA3F00000
[    0.0412]   x86 code generated : 7422 bytes
[    0.0412] 
[    0.0427] SDLInputSource: Using Controller DB from resources.
[    0.0624] SDLInputSource: 765 gamepad mappings are loaded.
[    0.0626] Invalid binding: 'XInput-0/DPadUp'
[    0.0627] Invalid binding: 'XInput-0/DPadRight'
[    0.0627] Invalid binding: 'XInput-0/DPadDown'
[    0.0627] Invalid binding: 'XInput-0/DPadLeft'
[    0.0627] Invalid binding: 'XInput-0/Y'
[    0.0627] Invalid binding: 'XInput-0/B'
[    0.0627] Invalid binding: 'XInput-0/A'
[    0.0627] Invalid binding: 'XInput-0/X'
[    0.0627] Invalid binding: 'XInput-0/Back'
[    0.0627] Invalid binding: 'XInput-0/Start'
[    0.0627] Invalid binding: 'XInput-0/LeftShoulder'
[    0.0627] Invalid binding: 'XInput-0/+LeftTrigger'
[    0.0627] Invalid binding: 'XInput-0/RightShoulder'
[    0.0627] Invalid binding: 'XInput-0/+RightTrigger'
[    0.0627] Invalid binding: 'XInput-0/LeftStick'
[    0.0627] Invalid binding: 'XInput-0/RightStick'
[    0.0627] Invalid binding: 'XInput-0/Guide'
[    0.0627] Invalid binding: 'XInput-0/-LeftY'
[    0.0627] Invalid binding: 'XInput-0/+LeftX'
[    0.0627] Invalid binding: 'XInput-0/+LeftY'
[    0.0627] Invalid binding: 'XInput-0/-LeftX'
[    0.0627] Invalid binding: 'XInput-0/-RightY'
[    0.0627] Invalid binding: 'XInput-0/+RightX'
[    0.0627] Invalid binding: 'XInput-0/+RightY'
[    0.0627] Invalid binding: 'XInput-0/-RightX'
[    0.0636] Settings: Advanced Settings are enabled; only proceed if you know what you're doing! No support will be provided if you have the option enabled.
[    0.1086] Scanning F:\PS2\Games (recursively)
[    0.2207] Loading BIOS...
[    0.2330] BIOS Found: Europe  v02.00(14/06/2004)  Console 20040614-100914
[    0.2924] Mechacon version: 0x00020603
[    0.2939] Opening CDVD...
[    0.3251] Initializing Elf: 4470780 bytes
[    0.3260] Disc changed to .
[    0.3260]   Name: vehicle-playground [?]
[    0.3260]   Serial: vehicle-playground
[    0.3260]   Version: 
[    0.3260]   CRC: 57773078
[    0.3261] No game settings found (tried '/home/spider/pool-lattice-probe-b192-arm0-repeat1-20261005-v1/profile/PCSX2/gamesettings/57773078.ini')
[    0.3261] Applying settings...
[    0.3264] Invalid binding: 'XInput-0/DPadUp'
[    0.3264] Invalid binding: 'XInput-0/DPadRight'
[    0.3264] Invalid binding: 'XInput-0/DPadDown'
[    0.3264] Invalid binding: 'XInput-0/DPadLeft'
[    0.3264] Invalid binding: 'XInput-0/Y'
[    0.3264] Invalid binding: 'XInput-0/B'
[    0.3264] Invalid binding: 'XInput-0/A'
[    0.3264] Invalid binding: 'XInput-0/X'
[    0.3264] Invalid binding: 'XInput-0/Back'
[    0.3264] Invalid binding: 'XInput-0/Start'
[    0.3264] Invalid binding: 'XInput-0/LeftShoulder'
[    0.3264] Invalid binding: 'XInput-0/+LeftTrigger'
[    0.3264] Invalid binding: 'XInput-0/RightShoulder'
[    0.3264] Invalid binding: 'XInput-0/+RightTrigger'
[    0.3265] Invalid binding: 'XInput-0/LeftStick'
[    0.3265] Invalid binding: 'XInput-0/RightStick'
[    0.3265] Invalid binding: 'XInput-0/Guide'
[    0.3265] Invalid binding: 'XInput-0/-LeftY'
[    0.3265] Invalid binding: 'XInput-0/+LeftX'
[    0.3265] Invalid binding: 'XInput-0/+LeftY'
[    0.3265] Invalid binding: 'XInput-0/-LeftX'
[    0.3265] Invalid binding: 'XInput-0/-RightY'
[    0.3265] Invalid binding: 'XInput-0/+RightX'
[    0.3265] Invalid binding: 'XInput-0/+RightY'
[    0.3265] Invalid binding: 'XInput-0/-RightX'
[    0.3267] GameDB: Has not been initialized yet, initializing...
[    0.3717] GameDB: 12841 games on record (loaded in 45.06ms)
[    0.3745] Reopening memory cards...
[    0.3746] (FileMcd) Creating new 8MB memory card: /home/spider/pool-lattice-probe-b192-arm0-repeat1-20261005-v1/profile/PCSX2/memcards/Mcd001.ps2
[    0.3843] McdSlot 0 [File]: Mcd001.ps2 [8 MB, UNFORMATTED]
[    0.3843] McdSlot 1 [File]: [disabled/empty filename]
[    0.3899] HLE Host: Set 'host:' root path to: /mnt/f/Projects/tyrax2-lab-20261001/wild-pool-lattice-probe-physical-v1/game/bin
[    0.3900] EE/iR5900 Recompiler Reset
[    0.4313] iR3000A Recompiler reset.
[    0.4475] Resetting host memory for virtual systems...
[    0.6896] Time Zone Offset: GMT+01:00
[    0.6896] Time Zone Location: Berlin
[    0.6896] DST: Winter Time
[    0.6896] Time Format: 24-Hour
[    0.6896] Date Format: DD/MM/YYYY
[    0.6896] System Time Basis: Operating System Time
[    0.6896] Resulting System Time: 2026-10-05 13:41:17
[    0.6896] Close virtual disk tray
[    0.6896] Media already loaded (fast boot)
[    0.6897] Opening GS...
[    0.7280] VK: Enabling extension: VK_KHR_get_surface_capabilities2
[    0.7397] Using Vulkan GPU 'llvmpipe (LLVM 15.0.7, 256 bits)' for automatic renderer check.
[    0.7398] Not using Vulkan for software renderer.
[    0.7399] acquireRenderWindow() recreate=true fullscreen=false render_to_main=true surfaceless=false
[    0.7425] (GetRefreshRateFromXRandR) Modeline is invalid: 0/0/0
[    0.7425] Surface refresh rate: 60 Hz
[    0.7430] Loading EGL from libEGL.so...
[    0.7442] GLAD EGL Version: 1.0
[    0.7442] Using EGL platform EGL_EXT_platform_x11.
[    0.7528] eglInitialize() version: 1.5
[    0.7529] GLAD EGL Version: 1.5
[    0.7529] Trying GL version 4.6
[    0.7529] eglCreateContext() failed: 0x3009
[    0.7529] Trying GL version 4.5
[    0.7643] Got GL version 4.5
[    0.7643] EGL_MIN_SWAP_INTERVAL = 1
[    0.7643] EGL_MAX_SWAP_INTERVAL = 1
[    0.7643] Negative swap interval/tear-control is NOT supported
[    0.7676] GL_VENDOR: Mesa
[    0.7676] GL_VERSION: 4.5 (Core Profile) Mesa 23.2.1-1ubuntu3.1~22.04.4
[    0.7676] GL_RENDERER: llvmpipe (LLVM 15.0.7, 256 bits)
[    0.7676] GL_SHADING_LANGUAGE_VERSION: 4.50
[    0.7677] GL_MAX_VERTEX_SHADER_STORAGE_BLOCKS: 16
[    0.7677] GL: Viewport Array:            Supported       => Using: GL_ARB_viewport_array
[    0.7677] GL: Direct State Access:       Supported       => Using: OpenGL 4.5 Core
[    0.7677] GL: Copy Image:                Supported       => Using: OpenGL 4.3 Core
[    0.7677] GL: Clip Control:              Supported       => Using: OpenGL 4.5 Core
[    0.7677] GL: Conservative Depth:        Supported       => Using: OpenGL 4.2 Core
[    0.7677] GL: CAS Sharpening:            Supported       => Using: OpenGL 4.2 Core
[    0.7677] GL: Texture Barriers:          Auto            => Using: Framebuffer Fetch
[    0.7677] GL: RGBA16 HW Blending:        Supported       => Using: RGBA16 UNORM
[    0.7677] GL: Point Expansion:           Supported       => Using: Hardware
[    0.7677] GL: Line Expansion:            Fallback        => Using: Vertex Expansion
[    0.7677] GL: Sprite Expansion:          Supported       => Using: Vertex Expansion
[    0.7677] GL: DXTn Texture Compression:  Supported       => Using: GL_EXT_texture_compression_s3tc
[    0.7677] GL: BC6/7 Texture Compression: Supported       => Using: OpenGL 4.2 Core
[    0.7755] 1 program binary formats supported by driver
[    0.8128] Program binary retrieved, 4105 bytes, format 34655
[    0.8134] Program binary retrieved, 4121 bytes, format 34655
[    0.8138] Program binary retrieved, 4249 bytes, format 34655
[    0.8142] Program binary retrieved, 4013 bytes, format 34655
[    0.8147] Program binary retrieved, 4013 bytes, format 34655
[    0.8150] Program binary retrieved, 4017 bytes, format 34655
[    0.8154] Program binary retrieved, 4017 bytes, format 34655
[    0.8159] Program binary retrieved, 4185 bytes, format 34655
[    0.8163] Program binary retrieved, 4217 bytes, format 34655
[    0.8167] Program binary retrieved, 4137 bytes, format 34655
[    0.8171] Program binary retrieved, 4125 bytes, format 34655
[    0.8175] Program binary retrieved, 4121 bytes, format 34655
[    0.8181] Program binary retrieved, 4253 bytes, format 34655
[    0.8187] Program binary retrieved, 4237 bytes, format 34655
[    0.8191] Program binary retrieved, 4245 bytes, format 34655
[    0.8196] Program binary retrieved, 4261 bytes, format 34655
[    0.8201] Program binary retrieved, 4965 bytes, format 34655
[    0.8207] Program binary retrieved, 4981 bytes, format 34655
[    0.8211] Program binary retrieved, 4261 bytes, format 34655
[    0.8216] Program binary retrieved, 4277 bytes, format 34655
[    0.8221] Program binary retrieved, 5005 bytes, format 34655
[    0.8227] Program binary retrieved, 5021 bytes, format 34655
[    0.8232] Program binary retrieved, 4257 bytes, format 34655
[    0.8236] Program binary retrieved, 4273 bytes, format 34655
[    0.8242] Program binary retrieved, 5001 bytes, format 34655
[    0.8247] Program binary retrieved, 5017 bytes, format 34655
[    0.8250] Program binary retrieved, 4277 bytes, format 34655
[    0.8254] Program binary retrieved, 4293 bytes, format 34655
[    0.8262] Program binary retrieved, 5057 bytes, format 34655
[    0.8268] Program binary retrieved, 5073 bytes, format 34655
[    0.8272] Program binary retrieved, 4153 bytes, format 34655
[    0.8275] Program binary retrieved, 4169 bytes, format 34655
[    0.8280] Program binary retrieved, 4233 bytes, format 34655
[    0.8285] Program binary retrieved, 5781 bytes, format 34655
[    0.8291] Program binary retrieved, 5373 bytes, format 34655
[    0.8298] Program binary retrieved, 6389 bytes, format 34655
[    0.8303] Program binary retrieved, 4917 bytes, format 34655
[    0.8307] Program binary retrieved, 4845 bytes, format 34655
[    0.8312] Program binary retrieved, 4997 bytes, format 34655
[    0.8316] Program binary retrieved, 4101 bytes, format 34655
[    0.8349] Program binary retrieved, 4137 bytes, format 34655
[    0.8385] Program binary retrieved, 4109 bytes, format 34655
[    0.8390] Program binary retrieved, 5389 bytes, format 34655
[    0.8394] Program binary retrieved, 5829 bytes, format 34655
[    0.8399] Program binary retrieved, 5857 bytes, format 34655
[    0.8402] Program binary retrieved, 4289 bytes, format 34655
[    0.8432] Program binary retrieved, 21205 bytes, format 34655
[    0.8437] Program binary retrieved, 4765 bytes, format 34655
[    0.8442] Program binary retrieved, 5685 bytes, format 34655
[    0.8446] Program binary retrieved, 4141 bytes, format 34655
[    0.8449] Program binary retrieved, 4537 bytes, format 34655
[    0.8452] Program binary retrieved, 4889 bytes, format 34655
[    0.8456] Program binary retrieved, 4117 bytes, format 34655
[    0.8460] Program binary retrieved, 4741 bytes, format 34655
[    0.8466] Program binary retrieved, 4965 bytes, format 34655
[    0.8472] Program binary retrieved, 6613 bytes, format 34655
[    0.8475] Program binary retrieved, 4797 bytes, format 34655
[    0.8492] Program binary retrieved, 13085 bytes, format 34655
[    0.8561] Program binary retrieved, 7285 bytes, format 34655
[    0.8625] Program binary retrieved, 5497 bytes, format 34655
[    0.8630] Program binary retrieved, 4141 bytes, format 34655
[    0.8634] Program binary retrieved, 4141 bytes, format 34655
[    0.8638] Program binary retrieved, 4145 bytes, format 34655
[    0.8643] Program binary retrieved, 4145 bytes, format 34655
[    0.9157] Program binary retrieved, 5369 bytes, format 34655
[    0.9172] OpenGL Graphics Driver Info:
[    0.9172] OpenGL Context:
[    0.9173] 4.5 (Core Profile) Mesa 23.2.1-1ubuntu3.1~22.04.4
[    0.9173] Mesa llvmpipe (LLVM 15.0.7, 256 bits)
[    0.9173] GLSL: 4.50
[    0.9201] Processor count: 24 cores, 24 processors, 1 clusters
[    0.9201] Ordered processor list: 12, 23, 22, 21, 20, 19, 18, 17, 16, 15, 14, 13, 0, 11, 10, 9, 8, 7, 6, 5, 4, 3, 2, 1
[    0.9201] Not pinning SW threads, we need 4 processors, but only have 0
[    0.9206] Opening SPU2...
[    0.9209] Creating Null audio stream, sample rate = 48000, expansion = Disabled, buffer = 50, latency = 32, stretching enabled, driver = wasapi, device = 
[    0.9209] Allocated buffer of 2432 frames for buffer of 50 ms [expansion Disabled (block size 2048), stretch disabled, target size 2432].
[    0.9209] Initializing Pad...
[    0.9210] Initializing SIO2...
[    0.9210] Initializing SIO0...
[    0.9210] Opening DEV9...
[    0.9210] DEV9: DEV9init
[    0.9214] DEV9: DEV9init2
[    0.9215] DEV9: DEV9init3
[    0.9276] DEV9: DEV9init ok
[    0.9277] DEV9: DEV9open
[    0.9277] Opening USB...
[    0.9277] Opening FW...
[    0.9280] Frame rate: 59.94, target speed: 1, target frame rate: 59.94, ticks per frame: 16683350
[    0.9305] MultiPause time: 200ns
[    0.9305] MultiPause time: 169ns
[    0.9306] MultiPause time: 142ns
[    0.9306] MultiPause time: 162ns
[    0.9319] VM subsystems initialized in 715.38 ms
[    0.9428] Failed to inhibit screen saver.
[    0.9428] Processor order assignment: EE=12, VU=23, GS=23
[    0.9428]   EE thread is on processor 12 (0x1000)
[    0.9430]   GS thread is on processor 23 (0x800000)
[    0.9528] Failed to inhibit screen saver.
[    0.9792] # Initialize memory (rev:3.70, ctm:197Mhz, cpuclk:147Mhz detected)
[    0.9879] R3000 Debugger: Branch to 0x890 (SYSMEM). Clearing modules.
[    0.9896] RegisterLibraryEntries: excepman version 1.01
[    0.9906] RegisterLibraryEntries:  intrman version 1.02
[    0.9908] RegisterLibraryEntries:   ssbusc version 1.01
[    0.9911] RegisterLibraryEntries:  dmacman version 1.02
[    0.9915] RegisterLibraryEntries:  timrman version 1.01
[    0.9918] RegisterLibraryEntries:  sysclib version 1.01
[    0.9919] RegisterLibraryEntries:    stdio version 1.01
[    0.9920] RegisterLibraryEntries:  heaplib version 1.01
[    0.9924] FW: read mem 0x1f80847c: 0x10000001
[    0.9924] FW: write mem 0x1f808414: 0x417f0000
[    0.9924] FW: read mem 0x1f808400: 0xffc00001
[    0.9925] FW: write mem 0x1f80844c: 0xffffffff
[    0.9925] FW: write mem 0x1f808420: 0xffffffff
[    0.9925] FW: write mem 0x1f808428: 0xffffffff
[    0.9925] FW: write mem 0x1f808430: 0xffffffff
[    0.9934] RegisterLibraryEntries:   thbase version 1.01
[    0.9935] RegisterLibraryEntries:  thevent version 1.01
[    0.9935] RegisterLibraryEntries:  thsemap version 1.01
[    0.9936] RegisterLibraryEntries:  thmsgbx version 1.01
[    0.9936] RegisterLibraryEntries:  thfpool version 1.01
[    0.9936] RegisterLibraryEntries:  thvpool version 1.01
[    0.9944] RegisterLibraryEntries:   vblank version 1.01
[    0.9950] RegisterLibraryEntries:    ioman version 1.02
[    0.9958] RegisterLibraryEntries:  modload version 1.01
[    0.9961] RegisterLibraryEntries:   romdrv version 2.01
[    0.9964] RegisterLibraryEntries:    stdio version 1.02
[    0.9968] RegisterLibraryEntries:   sifman version 1.01
[    0.9971] 
[    0.9971] PlayStation 2 ======== Hard reset boot
[    0.9973]  ROMGEN=2004-0614, IOP info (CPUID=1f, CACH_CONFIG=0, 2MB, IOP mode)
[    0.9975]  <20040614-100914,ROMconf,PS20200EC20040614.bin:11696>
[    1.0074] # Total accessable memory size: 32 MB (B:2:8:0) (370:2:7c30)
[    1.0084] # TLB spad=0 kernel=1:12 default=13:30 extended=31:38
[    1.0704] # Initialize Start.
[    1.0709] # Initialize GS ...
[    1.0709] # Initialize INTC ...
[    1.0709] # Initialize TIMER ...
[    1.0710] # Initialize DMAC ...
[    1.0711] # Initialize VU1 ...
[    1.0713] # Initialize VIF1 ...
[    1.0715] # Initialize GIF ...
[    1.0715] # Initialize VU0 ...
[    1.0716] # Initialize VIF0 ...
[    1.0717] # Initialize IPU ...
[    1.0718] # Initialize FPU ...
[    1.0718] # Initialize User Memory ...
[    1.1307] # Initialize Scratch Pad ...
[    1.1308] # Initialize Done.
[    1.1316] 
[    1.1317] EE DECI2 Manager version 0.06 Feb  6 2003 08:38:48
[    1.1317]   CPUID=2e20, BoardID=0, ROMGEN=2004-0614, 32M
[    1.1317] 
[    1.1320] RegisterLibraryEntries:   sifcmd version 1.01
[    1.1626] Initializing Elf: 4470780 bytes
[    1.1655] ELF Loading: host:vehicle-playground.elf, Game CRC = 57773078, EntryPoint = 0x00100E78
[    1.1688] RegisterLibraryEntries:  cdvdman version 1.01
[    1.1741] Imported 823 symbols.
[    1.1765] RegisterLibraryEntries:  cdvdfsv version 1.01
[    1.1780] RegisterLibraryEntries:  secrman version 1.03
[    1.1782] RegisterLibraryEntries:   eesync version 1.01
[    1.1783] 
[    1.1783] IOP Realtime Kernel Ver.0.9.1
[    1.1783]     Copyright 1999 (C) Sony Computer Entertainment Inc. 
[    1.1789] Reboot service module.(99/11/10)
[    1.1816] cdvd driver module version 0.1.1 (C)SCEI
[    1.1821] Load File service.(99/11/05)
[    1.1822] Multi Threaded Fileio module.(99/11/15) 
[    1.1822] iop heap service (99/11/03)
[    1.1978] loadelf: fname host:vehicle-playground.elf secname all
[    1.1978] loadelf version 3.30
[    1.1999] Input ELF format filename = host:vehicle-playground.elf
[    1.2453] 1 00100000 003f77bc ................................................................
[    1.2453] Loaded, host:vehicle-playground.elf
[    1.2454] start address 0x100e78
[    1.2454] gp address 00000000
[    1.2462] (VMManager) Pausing...
[    1.2464] (VMManager) Resuming...
[    1.2577] Failed to inhibit screen saver.
[    1.2578] EE/iR5900 Recompiler Reset
[    1.2588] PINE: New client with FD 14 connected.
[    1.2592] PINE: Client disconnected.
[    1.2758] # Restart Without Memory Clear.
[    1.2867] # Initialize GS ...
[    1.2867] # Initialize INTC ...
[    1.2868] # Initialize TIMER ...
[    1.2868] # Initialize DMAC ...
[    1.2869] # Initialize VU1 ...
[    1.2870] # Initialize VIF1 ...
[    1.2871] # Initialize GIF ...
[    1.2871] # Initialize VU0 ...
[    1.2873] # Initialize VIF0 ...
[    1.2873] # Initialize IPU ...
[    1.2874] # Initialize FPU ...
[    1.2874] # Initialize Scratch Pad ...
[    1.2875] # Restart Without Memory Clear Done.
[    1.2877] ELF host:vehicle-playground.elf with entry point at 0x00100E78 is executing.
[    1.2878] ELF changed, active CRC 57773078 (host:vehicle-playground.elf)
[    1.2881] Applying core settings...
[    1.2881] Debugger Settings Manager: Failed to read Saved Addresses array from settings file: '/home/spider/pool-lattice-probe-b192-arm0-repeat1-20261005-v1/profile/PCSX2/inis/debuggersettings/vehicle-playground_57773078.json'
[    1.2881] Debugger Settings Manager: Failed to read Saved Addresses array from settings file: '/home/spider/pool-lattice-probe-b192-arm0-repeat1-20261005-v1/profile/PCSX2/inis/debuggersettings/vehicle-playground_57773078.json'
[    1.2885] Updating CPU configuration...
[    1.2885] iR3000A Recompiler reset.
[    1.3107] iR3000A Recompiler reset.
[    1.3185] EE/iR5900 Recompiler Reset
[    1.3350] (VMManager) Pausing...
[    1.3352] EE/iR5900 Recompiler Reset
[    1.3532] EE/iR5900 Recompiler Reset
[    1.3600] PINE: New client with FD 14 connected.
[    1.3605] PINE: Client disconnected.
[    1.3694] iR3000A Recompiler reset.
[    1.3738] EE/iR5900 Recompiler Reset
[    1.3899] iR3000A Recompiler reset.
[    1.3944] EE/iR5900 Recompiler Reset
[    1.4119] iR3000A Recompiler reset.
[    1.4168] EE/iR5900 Recompiler Reset
[    1.4346] iR3000A Recompiler reset.
[    1.4384] EE/iR5900 Recompiler Reset
[    1.5026] PINE: New client with FD 14 connected.
[    1.5030] OSD [SaveStateSlot140]: Saving state to slot 140...
[    1.5330]   Saving SPU2
[    1.5337]   Saving GS
[    1.6378] OSD [SaveStateSlot140]: Saved state to slot 140.
[    1.6378] Zipping save state to '/home/spider/pool-lattice-probe-b192-arm0-repeat1-20261005-v1/profile/PCSX2/sstates/vehicle-playground (57773078).140.p2s' took 97.39 ms
[    2.7982] PINE: Client disconnected.
[    3.2882] PINE: New client with FD 14 connected.
[    3.2934] (VMManager) Resuming...
[    3.3049] Failed to inhibit screen saver.
[    3.3064] BIOS: Successfully found the instruction pattern. Assuming the thread list is here: 8001a640
[    3.3103] Warning: GetOsdConfigParam2 Reading extended language/version configs, may be incorrect!
[    3.3246] read/write allocate memory 4000
[    3.3247] open name host:/ps2link.run flag 1 data 41378
[    3.3255] open fd = -5
[    3.3284] Get Reboot Request From EE
[    3.3297] R3000 Debugger: Branch to 0x890 (SYSMEM). Clearing modules.
[    3.3316] RegisterLibraryEntries: excepman version 1.01
[    3.3326] RegisterLibraryEntries:  intrman version 1.02
[    3.3327] RegisterLibraryEntries:   ssbusc version 1.01
[    3.3333] RegisterLibraryEntries:  dmacman version 1.02
[    3.3338] RegisterLibraryEntries:  timrman version 1.01
[    3.3342] RegisterLibraryEntries:  sysclib version 1.01
[    3.3342] RegisterLibraryEntries:    stdio version 1.01
[    3.3344] RegisterLibraryEntries:  heaplib version 1.01
[    3.3366] RegisterLibraryEntries:   thbase version 1.01
[    3.3366] RegisterLibraryEntries:  thevent version 1.01
[    3.3366] RegisterLibraryEntries:  thsemap version 1.01
[    3.3367] RegisterLibraryEntries:  thmsgbx version 1.01
[    3.3367] RegisterLibraryEntries:  thfpool version 1.01
[    3.3367] RegisterLibraryEntries:  thvpool version 1.01
[    3.3377] RegisterLibraryEntries:   vblank version 1.01
[    3.3381] RegisterLibraryEntries:    ioman version 1.02
[    3.3391] RegisterLibraryEntries:  modload version 1.01
[    3.3469] RegisterLibraryEntries:   romdrv version 2.01
[    3.3473] RegisterLibraryEntries:    stdio version 1.02
[    3.3477] RegisterLibraryEntries:   sifman version 1.01
[    3.3481] 
[    3.3481] PlayStation 2 ======== Soft reboot
[    3.3488] RegisterLibraryEntries:   sifcmd version 1.01
[    3.3523] RegisterLibraryEntries:  cdvdman version 1.01
[    3.3540] RegisterLibraryEntries:  cdvdfsv version 1.01
[    3.3613] RegisterLibraryEntries:  secrman version 1.03
[    3.3615] RegisterLibraryEntries:   eesync version 1.01
[    3.3617] 
[    3.3617] IOP Realtime Kernel Ver.0.9.1
[    3.3617]     Copyright 1999 (C) Sony Computer Entertainment Inc. 
[    3.3622] Reboot service module.(99/11/10)
[    3.3641] [EE] Skipping timeout loop at 0x002D52D0 -> 0x002D52F0
[    3.3641] cdvd driver module version 0.1.1 (C)SCEI
[    3.3645] Load File service.(99/11/05)
[    3.3646] Multi Threaded Fileio module.(99/11/15) 
[    3.3646] iop heap service (99/11/03)
[    3.3821] RegisterLibraryEntries:   iomanx version 1.01
[    3.3834] fileXio: fileXio: fileXio RPC Server v1.00
[    3.3834] Copyright (c) 2003 adresd
[    3.3836] RegisterLibraryEntries:  sio2man version 2.07
[    3.3838] RegisterLibraryEntries:  sio2man version 1.02
[    3.3846] RegisterLibraryEntries:   padman version 1.02
[    3.3847] Pad Driver for OSD
[    3.3853] FREESD v1.01
[    3.3853] RegisterLibraryEntries:    libsd version 1.04
[    3.3937] PINE: Client disconnected.
[    3.3970] debug_level = 1 (ps2snd 0.1
[    3.3977] greetings from version 0.93 !
[    3.3977] RegisterLibraryEntries:   audsrv version 1.04
[    3.3977] audsrv_adpcm_init()
[    3.3989] UpdateVSyncRate: Mode Changed to SDTV 480p.
[    3.3990] Frame rate: 59.94, target speed: 1, target frame rate: 59.94, ticks per frame: 16683350
[    3.3990] Set GS CRTC configuration. SDTV   720x480 @ 59.94 Progressive (FRAME)
[    5.4705] read/write allocate memory 4000
[    5.4707] 
[    5.4711] -----------------------------------------
[    5.4713]         _____        ____   ___
[    5.4713]           |     /   ____| |___|
[    5.4714]           |     |   |     |   |
[    5.4714] -----------------------------------------
[    5.4715] Copyright 2022
[    5.4715] Repository: https://github.com/h4570/tyra
[    5.4716] Licensed under Apache License 2.0
[    5.4721] Version: 2.2.0
[    5.4721] -----------------------------------------
[    5.4722] 
[    5.6361] audsrv_adpcm_init()
[    5.6372] [EE] Skipping timeout loop at 0x00102CB0 -> 0x00102CD0
[    5.6703] Curent pad(0,0) status: EXECCMD
[    5.8683] Pad: DS2 Config Finished - P1/S1 - AL: Off - AB: Usable - VS: Disabled - VL: Disabled - RB: D (0x00000000)
[    5.9023] Curent pad(0,0) status: EXECCMD
[    5.9680] Pad: DS2 Config Finished - P1/S1 - AL: On - AB: Locked - VS: Disabled - VL: Disabled - RB: D (0x00000000)
[    6.1681] Pad: DS2 Config Finished - P1/S1 - AL: On - AB: Locked - VS: Disabled - VL: Disabled - RB: D (0x00000000)
[    6.2019] Curent pad(0,0) status: EXECCMD
[    6.4690] Pad: DS2 Config Finished - P1/S1 - AL: On - AB: Locked - VS: Disabled - VL: Disabled - RB: D+A+P (0x0003FFFF)
[    6.6692] Pad: DS2 Config Finished - P1/S1 - AL: On - AB: Locked - VS: Disabled - VL: Disabled - RB: D+A+P (0x0003FFFF)
[    6.7055] open name host:/pool2-probe.cfg flag 1 data 41378
[    6.7067] open fd = 256
[    6.7118] open name host:/hud/flare-corona.png flag 1 data 41378
[    6.7137] open fd = 256
[    6.7363] LOG: POOL2PROBE_CONFIG arm=0 vertices=192 members=2 repeats=1 package=75 alpha=128
[    6.7365] LOG: POOL2EEPROBE_CONFIG kind=8 clip=0 lazy=1 table=1 lattice=0 oracle=0
[    6.7375] FRAMEARENA allocated=1 bytes=1048576
[    6.7490] microVU1: Cached Prog = [000] [PC=18e0] [List=01] (Cache=0.000%) [0.0mb]
[    6.7499] microVU1: 3 cycle stall on branch instruction [2008]
[    6.7510] microVU1: Branch Optimization
[    6.7511] microVU1: Cached Prog = [001] [PC=2750] [List=01] (Cache=0.280%) [0.2mb]
[    6.7519] microVU1: 3 cycle stall on branch instruction [2008]
[    6.7531] microVU1: Branch Optimization
[    6.7644] LOG: POOL2EEPROBE_SOURCE clip=0 ready=0 total=192 generation=1 coldOracle=0
[    6.7645] LOG: POOL2PROBE_FRAME frame=1 cold=1 arm=0 eligible=0 applied=0 compared=0 mismatches=0
[    6.7646] LOG: POOL2PROBE_READY arm=0 vertices=192 repeats=1 completed=1 warmBypass=0
[    6.7646] (VMManager) Pausing...
[    6.8208] PINE: New client with FD 14 connected.
[    6.8212] PINE: Client disconnected.
[    6.9390] PINE: New client with FD 14 connected.
[    6.9393] OSD [SaveStateSlot190]: Saving state to slot 190...
[    6.9700]   Saving SPU2
[    6.9705]   Saving GS
[    7.0865] OSD [SaveStateSlot190]: Saved state to slot 190.
[    7.0865] Zipping save state to '/home/spider/pool-lattice-probe-b192-arm0-repeat1-20261005-v1/profile/PCSX2/sstates/vehicle-playground (57773078).190.p2s' took 110.05 ms
[    8.2242] PINE: Client disconnected.
