[    0.0156] Program Path: /home/spider/tyrax2-debugger-linux-v1/squashfs-root/usr/bin/pcsx2-qt
[    0.0156] AppRoot Directory: /home/spider/tyrax2-debugger-linux-v1/squashfs-root/usr/bin
[    0.0156] Resources Directory: /home/spider/tyrax2-debugger-linux-v1/squashfs-root/usr/bin/resources
[    0.0157] DataRoot Directory: /home/spider/pool2-ee-probe-b192-arm0-repeat1-20261005-v1/profile/PCSX2
[    0.0157] Loading config from /home/spider/pool2-ee-probe-b192-arm0-repeat1-20261005-v1/profile/PCSX2/inis/PCSX2.ini.
[    0.0160] Loading secrets from /home/spider/pool2-ee-probe-b192-arm0-repeat1-20261005-v1/profile/PCSX2/inis/secrets.ini.
[    0.0165] BIOS Directory: /mnt/c/Users/pawel/OneDrive/Documents/PCSX2/bios
[    0.0165] Snapshots Directory: /home/spider/pool2-ee-probe-b192-arm0-repeat1-20261005-v1/profile/PCSX2/snaps
[    0.0165] Savestates Directory: /home/spider/pool2-ee-probe-b192-arm0-repeat1-20261005-v1/profile/PCSX2/sstates
[    0.0165] MemoryCards Directory: /home/spider/pool2-ee-probe-b192-arm0-repeat1-20261005-v1/profile/PCSX2/memcards
[    0.0165] Logs Directory: /home/spider/pool2-ee-probe-b192-arm0-repeat1-20261005-v1/profile/PCSX2/logs
[    0.0165] Cheats Directory: /home/spider/pool2-ee-probe-b192-arm0-repeat1-20261005-v1/profile/PCSX2/cheats
[    0.0165] Patches Directory: /home/spider/pool2-ee-probe-b192-arm0-repeat1-20261005-v1/profile/PCSX2/patches
[    0.0165] Covers Directory: /home/spider/pool2-ee-probe-b192-arm0-repeat1-20261005-v1/profile/PCSX2/covers
[    0.0165] Game Settings Directory: /home/spider/pool2-ee-probe-b192-arm0-repeat1-20261005-v1/profile/PCSX2/gamesettings
[    0.0165] Resources Directory: /home/spider/tyrax2-debugger-linux-v1/squashfs-root/usr/bin/resources
[    0.0165] User Resources Directory: /home/spider/pool2-ee-probe-b192-arm0-repeat1-20261005-v1/profile/PCSX2/resources
[    0.0165] Cache Directory: /home/spider/pool2-ee-probe-b192-arm0-repeat1-20261005-v1/profile/PCSX2/cache
[    0.0166] Textures Directory: /home/spider/pool2-ee-probe-b192-arm0-repeat1-20261005-v1/profile/PCSX2/textures
[    0.0166] Input Profile Directory: /home/spider/pool2-ee-probe-b192-arm0-repeat1-20261005-v1/profile/PCSX2/inputprofiles
[    0.0166] Video Dumping Directory: /home/spider/pool2-ee-probe-b192-arm0-repeat1-20261005-v1/profile/PCSX2/videos
[    0.0166] Debugger Layouts Directory: /home/spider/pool2-ee-probe-b192-arm0-repeat1-20261005-v1/profile/PCSX2/inis/debuggerlayouts
[    0.0166] Debugger Settings Directory: /home/spider/pool2-ee-probe-b192-arm0-repeat1-20261005-v1/profile/PCSX2/inis/debuggersettings
[    0.0322] Loaded translation file for language en-US
[    0.0385] PCSX2 v2.9.93
[    0.0385] Savestate version: 0x9a590000
[    0.0385] 
[    0.0385] 
[    0.0385] Host Machine Init:
[    0.0386]   Operating System = Ubuntu 22.04
[    0.0386]   Available RAM    = 49098 MB (47.95 GB)
[    0.0386]   Physical RAM     = 50191 MB (49.02 GB)
[    0.0386] 
[    0.0386]   Processor        = AMD Ryzen Threadripper 1920X
[    0.0386]   Core Count       = 24 cores
[    0.0386]   Thread Count     = 24 threads
[    0.0386]   Cluster Count    = 1 clusters
[    0.0386] CPU Extensions Detected:
[    0.0386]   AVX AVX2
[    0.0386] 
[    0.0386] Allocating host memory for virtual systems...
[    0.0389]   EE Main Memory                   @ 0x00007FACB3200000 -> 0x00007FACBC100000 [143mb]
[    0.0389]   IOP Main Memory                  @ 0x00007FACBC100000 -> 0x00007FACC4200000 [129mb]
[    0.0389]   VU0/1 On-Chip Memory             @ 0x00007FACC4200000 -> 0x00007FACC4300000 [1mb]
[    0.0389]   VTLB Virtual Map                 @ 0x00007FACC4300000 -> 0x00007FACC4B00000 [8mb]
[    0.0389]   VTLB Address Map                 @ 0x00007FACC4B00000 -> 0x00007FACC4F00000 [4mb]
[    0.0389]   R5900 Recompiler Cache           @ 0x00007FACC4F00000 -> 0x00007FACC8F00000 [64mb]
[    0.0389]   R3000A Recompiler Cache          @ 0x00007FACC8F00000 -> 0x00007FACCAF00000 [32mb]
[    0.0389]   Micro VU0 Recompiler Cache       @ 0x00007FACCBF00000 -> 0x00007FACCFF00000 [64mb]
[    0.0389]   Micro VU1 Recompiler Cache       @ 0x00007FACCFF00000 -> 0x00007FACD3F00000 [64mb]
[    0.0389]   VIF0 Unpack Recompiler Cache     @ 0x00007FACCAF00000 -> 0x00007FACCB700000 [8mb]
[    0.0389]   VIF1 Unpack Recompiler Cache     @ 0x00007FACCB700000 -> 0x00007FACCBF00000 [8mb]
[    0.0389]   VIF Unpack Recompiler Cache      @ 0x00007FACD3F00000 -> 0x00007FACD4000000 [1mb]
[    0.0389]   GS Software Renderer             @ 0x00007FACD4000000 -> 0x00007FACD8000000 [64mb]
[    0.0416] Fastmem area: 0x7fabb3200000 - 0x7facb31fffff
[    0.0435] Generating SSE-optimized unpacking functions for VIF interpreters...
[    0.0438] Unpack function generation complete.  Generated function statistics:
[    0.0438]   Reserved buffer    : 1048576 bytes @ 0x00007FACD3F00000
[    0.0438]   x86 code generated : 7422 bytes
[    0.0438] 
[    0.0441] SDLInputSource: Using Controller DB from resources.
[    0.0614] SDLInputSource: 765 gamepad mappings are loaded.
[    0.0615] Invalid binding: 'XInput-0/DPadUp'
[    0.0616] Invalid binding: 'XInput-0/DPadRight'
[    0.0616] Invalid binding: 'XInput-0/DPadDown'
[    0.0616] Invalid binding: 'XInput-0/DPadLeft'
[    0.0616] Invalid binding: 'XInput-0/Y'
[    0.0616] Invalid binding: 'XInput-0/B'
[    0.0616] Invalid binding: 'XInput-0/A'
[    0.0616] Invalid binding: 'XInput-0/X'
[    0.0616] Invalid binding: 'XInput-0/Back'
[    0.0616] Invalid binding: 'XInput-0/Start'
[    0.0616] Invalid binding: 'XInput-0/LeftShoulder'
[    0.0616] Invalid binding: 'XInput-0/+LeftTrigger'
[    0.0616] Invalid binding: 'XInput-0/RightShoulder'
[    0.0616] Invalid binding: 'XInput-0/+RightTrigger'
[    0.0616] Invalid binding: 'XInput-0/LeftStick'
[    0.0616] Invalid binding: 'XInput-0/RightStick'
[    0.0616] Invalid binding: 'XInput-0/Guide'
[    0.0616] Invalid binding: 'XInput-0/-LeftY'
[    0.0616] Invalid binding: 'XInput-0/+LeftX'
[    0.0616] Invalid binding: 'XInput-0/+LeftY'
[    0.0616] Invalid binding: 'XInput-0/-LeftX'
[    0.0616] Invalid binding: 'XInput-0/-RightY'
[    0.0616] Invalid binding: 'XInput-0/+RightX'
[    0.0616] Invalid binding: 'XInput-0/+RightY'
[    0.0616] Invalid binding: 'XInput-0/-RightX'
[    0.0622] Settings: Advanced Settings are enabled; only proceed if you know what you're doing! No support will be provided if you have the option enabled.
[    0.1104] Scanning F:\PS2\Games (recursively)
[    0.2089] Loading BIOS...
[    0.2210] BIOS Found: Europe  v02.00(14/06/2004)  Console 20040614-100914
[    0.2807] Mechacon version: 0x00020603
[    0.2821] Opening CDVD...
[    0.3194] Initializing Elf: 4464732 bytes
[    0.3202] Disc changed to .
[    0.3202]   Name: vehicle-playground [?]
[    0.3202]   Serial: vehicle-playground
[    0.3202]   Version: 
[    0.3202]   CRC: 1C2826FE
[    0.3202] No game settings found (tried '/home/spider/pool2-ee-probe-b192-arm0-repeat1-20261005-v1/profile/PCSX2/gamesettings/1C2826FE.ini')
[    0.3202] Applying settings...
[    0.3205] Invalid binding: 'XInput-0/DPadUp'
[    0.3205] Invalid binding: 'XInput-0/DPadRight'
[    0.3205] Invalid binding: 'XInput-0/DPadDown'
[    0.3205] Invalid binding: 'XInput-0/DPadLeft'
[    0.3205] Invalid binding: 'XInput-0/Y'
[    0.3205] Invalid binding: 'XInput-0/B'
[    0.3205] Invalid binding: 'XInput-0/A'
[    0.3205] Invalid binding: 'XInput-0/X'
[    0.3205] Invalid binding: 'XInput-0/Back'
[    0.3205] Invalid binding: 'XInput-0/Start'
[    0.3205] Invalid binding: 'XInput-0/LeftShoulder'
[    0.3205] Invalid binding: 'XInput-0/+LeftTrigger'
[    0.3205] Invalid binding: 'XInput-0/RightShoulder'
[    0.3205] Invalid binding: 'XInput-0/+RightTrigger'
[    0.3205] Invalid binding: 'XInput-0/LeftStick'
[    0.3205] Invalid binding: 'XInput-0/RightStick'
[    0.3205] Invalid binding: 'XInput-0/Guide'
[    0.3205] Invalid binding: 'XInput-0/-LeftY'
[    0.3205] Invalid binding: 'XInput-0/+LeftX'
[    0.3205] Invalid binding: 'XInput-0/+LeftY'
[    0.3205] Invalid binding: 'XInput-0/-LeftX'
[    0.3205] Invalid binding: 'XInput-0/-RightY'
[    0.3205] Invalid binding: 'XInput-0/+RightX'
[    0.3205] Invalid binding: 'XInput-0/+RightY'
[    0.3206] Invalid binding: 'XInput-0/-RightX'
[    0.3207] GameDB: Has not been initialized yet, initializing...
[    0.3745] GameDB: 12841 games on record (loaded in 53.74ms)
[    0.3794] Reopening memory cards...
[    0.3794] (FileMcd) Creating new 8MB memory card: /home/spider/pool2-ee-probe-b192-arm0-repeat1-20261005-v1/profile/PCSX2/memcards/Mcd001.ps2
[    0.3905] McdSlot 0 [File]: Mcd001.ps2 [8 MB, UNFORMATTED]
[    0.3906] McdSlot 1 [File]: [disabled/empty filename]
[    0.3968] HLE Host: Set 'host:' root path to: /mnt/f/Projects/tyrax2-lab-20261001/wild-pool2-ee-probe-physical-v1/game/bin
[    0.3971] EE/iR5900 Recompiler Reset
[    0.4569] iR3000A Recompiler reset.
[    0.4767] Resetting host memory for virtual systems...
[    0.7265] Time Zone Offset: GMT+01:00
[    0.7265] Time Zone Location: Berlin
[    0.7266] DST: Winter Time
[    0.7266] Time Format: 24-Hour
[    0.7266] Date Format: DD/MM/YYYY
[    0.7266] System Time Basis: Operating System Time
[    0.7266] Resulting System Time: 2026-10-05 12:54:17
[    0.7266] Close virtual disk tray
[    0.7266] Media already loaded (fast boot)
[    0.7266] Opening GS...
[    0.7643] VK: Enabling extension: VK_KHR_get_surface_capabilities2
[    0.7750] Using Vulkan GPU 'llvmpipe (LLVM 15.0.7, 256 bits)' for automatic renderer check.
[    0.7750] Not using Vulkan for software renderer.
[    0.7752] acquireRenderWindow() recreate=true fullscreen=false render_to_main=true surfaceless=false
[    0.7787] (GetRefreshRateFromXRandR) Modeline is invalid: 0/0/0
[    0.7788] Surface refresh rate: 60 Hz
[    0.7793] Loading EGL from libEGL.so...
[    0.7805] GLAD EGL Version: 1.0
[    0.7805] Using EGL platform EGL_EXT_platform_x11.
[    0.7890] eglInitialize() version: 1.5
[    0.7891] GLAD EGL Version: 1.5
[    0.7891] Trying GL version 4.6
[    0.7892] eglCreateContext() failed: 0x3009
[    0.7892] Trying GL version 4.5
[    0.7995] Got GL version 4.5
[    0.7995] EGL_MIN_SWAP_INTERVAL = 1
[    0.7995] EGL_MAX_SWAP_INTERVAL = 1
[    0.7995] Negative swap interval/tear-control is NOT supported
[    0.8022] GL_VENDOR: Mesa
[    0.8022] GL_VERSION: 4.5 (Core Profile) Mesa 23.2.1-1ubuntu3.1~22.04.4
[    0.8022] GL_RENDERER: llvmpipe (LLVM 15.0.7, 256 bits)
[    0.8022] GL_SHADING_LANGUAGE_VERSION: 4.50
[    0.8022] GL_MAX_VERTEX_SHADER_STORAGE_BLOCKS: 16
[    0.8022] GL: Viewport Array:            Supported       => Using: GL_ARB_viewport_array
[    0.8022] GL: Direct State Access:       Supported       => Using: OpenGL 4.5 Core
[    0.8022] GL: Copy Image:                Supported       => Using: OpenGL 4.3 Core
[    0.8023] GL: Clip Control:              Supported       => Using: OpenGL 4.5 Core
[    0.8023] GL: Conservative Depth:        Supported       => Using: OpenGL 4.2 Core
[    0.8023] GL: CAS Sharpening:            Supported       => Using: OpenGL 4.2 Core
[    0.8023] GL: Texture Barriers:          Auto            => Using: Framebuffer Fetch
[    0.8023] GL: RGBA16 HW Blending:        Supported       => Using: RGBA16 UNORM
[    0.8023] GL: Point Expansion:           Supported       => Using: Hardware
[    0.8023] GL: Line Expansion:            Fallback        => Using: Vertex Expansion
[    0.8023] GL: Sprite Expansion:          Supported       => Using: Vertex Expansion
[    0.8023] GL: DXTn Texture Compression:  Supported       => Using: GL_EXT_texture_compression_s3tc
[    0.8023] GL: BC6/7 Texture Compression: Supported       => Using: OpenGL 4.2 Core
[    0.8083] 1 program binary formats supported by driver
[    0.8430] Program binary retrieved, 4105 bytes, format 34655
[    0.8434] Program binary retrieved, 4121 bytes, format 34655
[    0.8439] Program binary retrieved, 4249 bytes, format 34655
[    0.8443] Program binary retrieved, 4013 bytes, format 34655
[    0.8446] Program binary retrieved, 4013 bytes, format 34655
[    0.8450] Program binary retrieved, 4017 bytes, format 34655
[    0.8453] Program binary retrieved, 4017 bytes, format 34655
[    0.8457] Program binary retrieved, 4185 bytes, format 34655
[    0.8462] Program binary retrieved, 4217 bytes, format 34655
[    0.8466] Program binary retrieved, 4137 bytes, format 34655
[    0.8470] Program binary retrieved, 4125 bytes, format 34655
[    0.8473] Program binary retrieved, 4121 bytes, format 34655
[    0.8479] Program binary retrieved, 4253 bytes, format 34655
[    0.8486] Program binary retrieved, 4237 bytes, format 34655
[    0.8489] Program binary retrieved, 4245 bytes, format 34655
[    0.8493] Program binary retrieved, 4261 bytes, format 34655
[    0.8498] Program binary retrieved, 4965 bytes, format 34655
[    0.8502] Program binary retrieved, 4981 bytes, format 34655
[    0.8506] Program binary retrieved, 4261 bytes, format 34655
[    0.8510] Program binary retrieved, 4277 bytes, format 34655
[    0.8533] Program binary retrieved, 5005 bytes, format 34655
[    0.8539] Program binary retrieved, 5021 bytes, format 34655
[    0.8543] Program binary retrieved, 4257 bytes, format 34655
[    0.8547] Program binary retrieved, 4273 bytes, format 34655
[    0.8552] Program binary retrieved, 5001 bytes, format 34655
[    0.8556] Program binary retrieved, 5017 bytes, format 34655
[    0.8560] Program binary retrieved, 4277 bytes, format 34655
[    0.8563] Program binary retrieved, 4293 bytes, format 34655
[    0.8569] Program binary retrieved, 5057 bytes, format 34655
[    0.8574] Program binary retrieved, 5073 bytes, format 34655
[    0.8577] Program binary retrieved, 4153 bytes, format 34655
[    0.8582] Program binary retrieved, 4169 bytes, format 34655
[    0.8586] Program binary retrieved, 4233 bytes, format 34655
[    0.8592] Program binary retrieved, 5781 bytes, format 34655
[    0.8596] Program binary retrieved, 5373 bytes, format 34655
[    0.8603] Program binary retrieved, 6389 bytes, format 34655
[    0.8607] Program binary retrieved, 4917 bytes, format 34655
[    0.8612] Program binary retrieved, 4845 bytes, format 34655
[    0.8617] Program binary retrieved, 4997 bytes, format 34655
[    0.8620] Program binary retrieved, 4101 bytes, format 34655
[    0.8652] Program binary retrieved, 4137 bytes, format 34655
[    0.8684] Program binary retrieved, 4109 bytes, format 34655
[    0.8688] Program binary retrieved, 5389 bytes, format 34655
[    0.8692] Program binary retrieved, 5829 bytes, format 34655
[    0.8696] Program binary retrieved, 5857 bytes, format 34655
[    0.8700] Program binary retrieved, 4289 bytes, format 34655
[    0.8724] Program binary retrieved, 21205 bytes, format 34655
[    0.8728] Program binary retrieved, 4765 bytes, format 34655
[    0.8733] Program binary retrieved, 5685 bytes, format 34655
[    0.8736] Program binary retrieved, 4141 bytes, format 34655
[    0.8739] Program binary retrieved, 4537 bytes, format 34655
[    0.8743] Program binary retrieved, 4889 bytes, format 34655
[    0.8746] Program binary retrieved, 4117 bytes, format 34655
[    0.8749] Program binary retrieved, 4741 bytes, format 34655
[    0.8754] Program binary retrieved, 4965 bytes, format 34655
[    0.8759] Program binary retrieved, 6613 bytes, format 34655
[    0.8763] Program binary retrieved, 4797 bytes, format 34655
[    0.8779] Program binary retrieved, 13085 bytes, format 34655
[    0.8841] Program binary retrieved, 7285 bytes, format 34655
[    0.8896] Program binary retrieved, 5497 bytes, format 34655
[    0.8899] Program binary retrieved, 4141 bytes, format 34655
[    0.8903] Program binary retrieved, 4141 bytes, format 34655
[    0.8907] Program binary retrieved, 4145 bytes, format 34655
[    0.8912] Program binary retrieved, 4145 bytes, format 34655
[    0.9398] Program binary retrieved, 5369 bytes, format 34655
[    0.9413] OpenGL Graphics Driver Info:
[    0.9413] OpenGL Context:
[    0.9413] 4.5 (Core Profile) Mesa 23.2.1-1ubuntu3.1~22.04.4
[    0.9413] Mesa llvmpipe (LLVM 15.0.7, 256 bits)
[    0.9413] GLSL: 4.50
[    0.9441] Processor count: 24 cores, 24 processors, 1 clusters
[    0.9442] Ordered processor list: 12, 23, 22, 21, 20, 19, 18, 17, 16, 15, 14, 13, 0, 11, 10, 9, 8, 7, 6, 5, 4, 3, 2, 1
[    0.9442] Not pinning SW threads, we need 4 processors, but only have 0
[    0.9451] Opening SPU2...
[    0.9492] Creating Null audio stream, sample rate = 48000, expansion = Disabled, buffer = 50, latency = 32, stretching enabled, driver = wasapi, device = 
[    0.9492] Allocated buffer of 2432 frames for buffer of 50 ms [expansion Disabled (block size 2048), stretch disabled, target size 2432].
[    0.9492] Initializing Pad...
[    0.9492] Initializing SIO2...
[    0.9492] Initializing SIO0...
[    0.9492] Opening DEV9...
[    0.9493] DEV9: DEV9init
[    0.9495] DEV9: DEV9init2
[    0.9495] DEV9: DEV9init3
[    0.9532] DEV9: DEV9init ok
[    0.9532] DEV9: DEV9open
[    0.9532] Opening USB...
[    0.9532] Opening FW...
[    0.9535] Frame rate: 59.94, target speed: 1, target frame rate: 59.94, ticks per frame: 16683350
[    0.9544] MultiPause time: 191ns
[    0.9549] MultiPause time: 142ns
[    0.9550] MultiPause time: 142ns
[    0.9551] MultiPause time: 142ns
[    0.9571] VM subsystems initialized in 752.20 ms
[    0.9680] Failed to inhibit screen saver.
[    0.9680] Processor order assignment: EE=12, VU=23, GS=23
[    0.9680]   EE thread is on processor 12 (0x1000)
[    0.9682]   GS thread is on processor 23 (0x800000)
[    0.9780] Failed to inhibit screen saver.
[    1.0048] # Initialize memory (rev:3.70, ctm:197Mhz, cpuclk:147Mhz detected)
[    1.0131] R3000 Debugger: Branch to 0x890 (SYSMEM). Clearing modules.
[    1.0148] RegisterLibraryEntries: excepman version 1.01
[    1.0158] RegisterLibraryEntries:  intrman version 1.02
[    1.0159] RegisterLibraryEntries:   ssbusc version 1.01
[    1.0163] RegisterLibraryEntries:  dmacman version 1.02
[    1.0167] RegisterLibraryEntries:  timrman version 1.01
[    1.0170] RegisterLibraryEntries:  sysclib version 1.01
[    1.0170] RegisterLibraryEntries:    stdio version 1.01
[    1.0171] RegisterLibraryEntries:  heaplib version 1.01
[    1.0176] FW: read mem 0x1f80847c: 0x10000001
[    1.0176] FW: write mem 0x1f808414: 0x417f0000
[    1.0176] FW: read mem 0x1f808400: 0xffc00001
[    1.0176] FW: write mem 0x1f80844c: 0xffffffff
[    1.0176] FW: write mem 0x1f808420: 0xffffffff
[    1.0176] FW: write mem 0x1f808428: 0xffffffff
[    1.0176] FW: write mem 0x1f808430: 0xffffffff
[    1.0186] RegisterLibraryEntries:   thbase version 1.01
[    1.0187] RegisterLibraryEntries:  thevent version 1.01
[    1.0187] RegisterLibraryEntries:  thsemap version 1.01
[    1.0187] RegisterLibraryEntries:  thmsgbx version 1.01
[    1.0188] RegisterLibraryEntries:  thfpool version 1.01
[    1.0189] RegisterLibraryEntries:  thvpool version 1.01
[    1.0196] RegisterLibraryEntries:   vblank version 1.01
[    1.0201] RegisterLibraryEntries:    ioman version 1.02
[    1.0207] RegisterLibraryEntries:  modload version 1.01
[    1.0211] RegisterLibraryEntries:   romdrv version 2.01
[    1.0213] RegisterLibraryEntries:    stdio version 1.02
[    1.0216] RegisterLibraryEntries:   sifman version 1.01
[    1.0219] 
[    1.0220] PlayStation 2 ======== Hard reset boot
[    1.0221]  ROMGEN=2004-0614, IOP info (CPUID=1f, CACH_CONFIG=0, 2MB, IOP mode)
[    1.0223]  <20040614-100914,ROMconf,PS20200EC20040614.bin:11696>
[    1.0316] # Total accessable memory size: 32 MB (B:2:8:0) (370:2:7c30)
[    1.0325] # TLB spad=0 kernel=1:12 default=13:30 extended=31:38
[    1.0937] # Initialize Start.
[    1.0942] # Initialize GS ...
[    1.0942] # Initialize INTC ...
[    1.0942] # Initialize TIMER ...
[    1.0943] # Initialize DMAC ...
[    1.0944] # Initialize VU1 ...
[    1.0945] # Initialize VIF1 ...
[    1.0946] # Initialize GIF ...
[    1.0946] # Initialize VU0 ...
[    1.0948] # Initialize VIF0 ...
[    1.0949] # Initialize IPU ...
[    1.0950] # Initialize FPU ...
[    1.0951] # Initialize User Memory ...
[    1.1528] # Initialize Scratch Pad ...
[    1.1529] # Initialize Done.
[    1.1537] 
[    1.1537] EE DECI2 Manager version 0.06 Feb  6 2003 08:38:48
[    1.1537]   CPUID=2e20, BoardID=0, ROMGEN=2004-0614, 32M
[    1.1537] 
[    1.1539] RegisterLibraryEntries:   sifcmd version 1.01
[    1.1853] Initializing Elf: 4464732 bytes
[    1.1883] ELF Loading: host:vehicle-playground.elf, Game CRC = 1C2826FE, EntryPoint = 0x00100E78
[    1.1913] RegisterLibraryEntries:  cdvdman version 1.01
[    1.1944] Imported 823 symbols.
[    1.1995] RegisterLibraryEntries:  cdvdfsv version 1.01
[    1.2013] RegisterLibraryEntries:  secrman version 1.03
[    1.2014] RegisterLibraryEntries:   eesync version 1.01
[    1.2016] 
[    1.2016] IOP Realtime Kernel Ver.0.9.1
[    1.2016]     Copyright 1999 (C) Sony Computer Entertainment Inc. 
[    1.2024] Reboot service module.(99/11/10)
[    1.2049] cdvd driver module version 0.1.1 (C)SCEI
[    1.2054] Load File service.(99/11/05)
[    1.2055] Multi Threaded Fileio module.(99/11/15) 
[    1.2055] iop heap service (99/11/03)
[    1.2225] loadelf: fname host:vehicle-playground.elf secname all
[    1.2226] loadelf version 3.30
[    1.2249] Input ELF format filename = host:vehicle-playground.elf
[    1.2599] PINE: New client with FD 11 connected.
[    1.2601] PINE: Client disconnected.
[    1.2735] 1 00100000 003f603c ................................................................
[    1.2736] Loaded, host:vehicle-playground.elf
[    1.2737] start address 0x100e78
[    1.2737] gp address 00000000
[    1.2746] (VMManager) Pausing...
[    1.2748] (VMManager) Resuming...
[    1.2854] Failed to inhibit screen saver.
[    1.2855] EE/iR5900 Recompiler Reset
[    1.3033] # Restart Without Memory Clear.
[    1.3151] # Initialize GS ...
[    1.3151] # Initialize INTC ...
[    1.3151] # Initialize TIMER ...
[    1.3152] # Initialize DMAC ...
[    1.3153] # Initialize VU1 ...
[    1.3155] # Initialize VIF1 ...
[    1.3156] # Initialize GIF ...
[    1.3156] # Initialize VU0 ...
[    1.3157] # Initialize VIF0 ...
[    1.3157] # Initialize IPU ...
[    1.3158] # Initialize FPU ...
[    1.3159] # Initialize Scratch Pad ...
[    1.3159] # Restart Without Memory Clear Done.
[    1.3161] ELF host:vehicle-playground.elf with entry point at 0x00100E78 is executing.
[    1.3162] ELF changed, active CRC 1C2826FE (host:vehicle-playground.elf)
[    1.3166] Applying core settings...
[    1.3167] Debugger Settings Manager: Failed to read Saved Addresses array from settings file: '/home/spider/pool2-ee-probe-b192-arm0-repeat1-20261005-v1/profile/PCSX2/inis/debuggersettings/vehicle-playground_1C2826FE.json'
[    1.3167] Debugger Settings Manager: Failed to read Saved Addresses array from settings file: '/home/spider/pool2-ee-probe-b192-arm0-repeat1-20261005-v1/profile/PCSX2/inis/debuggersettings/vehicle-playground_1C2826FE.json'
[    1.3172] Updating CPU configuration...
[    1.3172] iR3000A Recompiler reset.
[    1.3413] iR3000A Recompiler reset.
[    1.3497] EE/iR5900 Recompiler Reset
[    1.3608] PINE: New client with FD 11 connected.
[    1.3613] PINE: Client disconnected.
[    1.3691] (VMManager) Pausing...
[    1.3696] EE/iR5900 Recompiler Reset
[    1.3844] EE/iR5900 Recompiler Reset
[    1.4002] iR3000A Recompiler reset.
[    1.4035] EE/iR5900 Recompiler Reset
[    1.4176] iR3000A Recompiler reset.
[    1.4208] EE/iR5900 Recompiler Reset
[    1.4351] iR3000A Recompiler reset.
[    1.4391] EE/iR5900 Recompiler Reset
[    1.4530] iR3000A Recompiler reset.
[    1.4560] EE/iR5900 Recompiler Reset
[    1.4619] PINE: New client with FD 11 connected.
[    1.4621] PINE: Client disconnected.
[    1.5826] PINE: New client with FD 11 connected.
[    1.5830] OSD [SaveStateSlot140]: Saving state to slot 140...
[    1.6114]   Saving SPU2
[    1.6119]   Saving GS
[    1.7099] OSD [SaveStateSlot140]: Saved state to slot 140.
[    1.7099] Zipping save state to '/home/spider/pool2-ee-probe-b192-arm0-repeat1-20261005-v1/profile/PCSX2/sstates/vehicle-playground (1C2826FE).140.p2s' took 91.66 ms
[    2.8496] PINE: Client disconnected.
[    3.3251] PINE: New client with FD 11 connected.
[    3.3304] (VMManager) Resuming...
[    3.3577] Failed to inhibit screen saver.
[    3.3594] BIOS: Successfully found the instruction pattern. Assuming the thread list is here: 8001a640
[    3.3619] Warning: GetOsdConfigParam2 Reading extended language/version configs, may be incorrect!
[    3.3735] read/write allocate memory 4000
[    3.3735] open name host:/ps2link.run flag 1 data 41378
[    3.3743] open fd = -5
[    3.3773] Get Reboot Request From EE
[    3.3785] R3000 Debugger: Branch to 0x890 (SYSMEM). Clearing modules.
[    3.3804] RegisterLibraryEntries: excepman version 1.01
[    3.3816] RegisterLibraryEntries:  intrman version 1.02
[    3.3817] RegisterLibraryEntries:   ssbusc version 1.01
[    3.3823] RegisterLibraryEntries:  dmacman version 1.02
[    3.3828] RegisterLibraryEntries:  timrman version 1.01
[    3.3832] RegisterLibraryEntries:  sysclib version 1.01
[    3.3833] RegisterLibraryEntries:    stdio version 1.01
[    3.3835] RegisterLibraryEntries:  heaplib version 1.01
[    3.3856] RegisterLibraryEntries:   thbase version 1.01
[    3.3857] RegisterLibraryEntries:  thevent version 1.01
[    3.3857] RegisterLibraryEntries:  thsemap version 1.01
[    3.3857] RegisterLibraryEntries:  thmsgbx version 1.01
[    3.3857] RegisterLibraryEntries:  thfpool version 1.01
[    3.3858] RegisterLibraryEntries:  thvpool version 1.01
[    3.3867] RegisterLibraryEntries:   vblank version 1.01
[    3.3871] RegisterLibraryEntries:    ioman version 1.02
[    3.3881] RegisterLibraryEntries:  modload version 1.01
[    3.3952] RegisterLibraryEntries:   romdrv version 2.01
[    3.3955] RegisterLibraryEntries:    stdio version 1.02
[    3.3960] RegisterLibraryEntries:   sifman version 1.01
[    3.3966] 
[    3.3966] PlayStation 2 ======== Soft reboot
[    3.3973] RegisterLibraryEntries:   sifcmd version 1.01
[    3.4009] RegisterLibraryEntries:  cdvdman version 1.01
[    3.4024] RegisterLibraryEntries:  cdvdfsv version 1.01
[    3.4100] RegisterLibraryEntries:  secrman version 1.03
[    3.4102] RegisterLibraryEntries:   eesync version 1.01
[    3.4103] 
[    3.4103] IOP Realtime Kernel Ver.0.9.1
[    3.4103]     Copyright 1999 (C) Sony Computer Entertainment Inc. 
[    3.4108] Reboot service module.(99/11/10)
[    3.4127] [EE] Skipping timeout loop at 0x002D4180 -> 0x002D41A0
[    3.4127] cdvd driver module version 0.1.1 (C)SCEI
[    3.4130] Load File service.(99/11/05)
[    3.4131] Multi Threaded Fileio module.(99/11/15) 
[    3.4131] iop heap service (99/11/03)
[    3.4307] PINE: Client disconnected.
[    3.4357] RegisterLibraryEntries:   iomanx version 1.01
[    3.4372] fileXio: fileXio: fileXio RPC Server v1.00
[    3.4372] Copyright (c) 2003 adresd
[    3.4375] RegisterLibraryEntries:  sio2man version 2.07
[    3.4376] RegisterLibraryEntries:  sio2man version 1.02
[    3.4383] RegisterLibraryEntries:   padman version 1.02
[    3.4384] Pad Driver for OSD
[    3.4389] FREESD v1.01
[    3.4389] RegisterLibraryEntries:    libsd version 1.04
[    3.4393] debug_level = 1 (ps2snd 0.1
[    3.4520] greetings from version 0.93 !
[    3.4521] RegisterLibraryEntries:   audsrv version 1.04
[    3.4521] audsrv_adpcm_init()
[    3.4533] UpdateVSyncRate: Mode Changed to SDTV 480p.
[    3.4533] Frame rate: 59.94, target speed: 1, target frame rate: 59.94, ticks per frame: 16683350
[    3.4533] Set GS CRTC configuration. SDTV   720x480 @ 59.94 Progressive (FRAME)
[    5.5237] read/write allocate memory 4000
[    5.5239] 
[    5.5243] -----------------------------------------
[    5.5244]         _____        ____   ___
[    5.5244]           |     /   ____| |___|
[    5.5245]           |     |   |     |   |
[    5.5245] -----------------------------------------
[    5.5247] Copyright 2022
[    5.5247] Repository: https://github.com/h4570/tyra
[    5.5248] Licensed under Apache License 2.0
[    5.5251] Version: 2.2.0
[    5.5252] -----------------------------------------
[    5.5252] 
[    5.6913] audsrv_adpcm_init()
[    5.6925] [EE] Skipping timeout loop at 0x00102CB0 -> 0x00102CD0
[    5.7252] Curent pad(0,0) status: EXECCMD
[    5.9216] Pad: DS2 Config Finished - P1/S1 - AL: Off - AB: Usable - VS: Disabled - VL: Disabled - RB: D (0x00000000)
[    5.9595] Curent pad(0,0) status: EXECCMD
[    6.0223] Pad: DS2 Config Finished - P1/S1 - AL: On - AB: Locked - VS: Disabled - VL: Disabled - RB: D (0x00000000)
[    6.2232] Pad: DS2 Config Finished - P1/S1 - AL: On - AB: Locked - VS: Disabled - VL: Disabled - RB: D (0x00000000)
[    6.2566] Curent pad(0,0) status: EXECCMD
[    6.5234] Pad: DS2 Config Finished - P1/S1 - AL: On - AB: Locked - VS: Disabled - VL: Disabled - RB: D+A+P (0x0003FFFF)
[    6.7240] Pad: DS2 Config Finished - P1/S1 - AL: On - AB: Locked - VS: Disabled - VL: Disabled - RB: D+A+P (0x0003FFFF)
[    6.7600] open name host:/pool2-probe.cfg flag 1 data 41378
[    6.7614] open fd = 256
[    6.7670] open name host:/hud/flare-corona.png flag 1 data 41378
[    6.7686] open fd = 256
[    6.7911] LOG: POOL2PROBE_CONFIG arm=0 vertices=192 members=2 repeats=1 package=75 alpha=128
[    6.7913] LOG: POOL2EEPROBE_CONFIG kind=7 clip=0 lazy=0 oracle=0
[    6.7923] FRAMEARENA allocated=1 bytes=1048576
[    6.8038] microVU1: Cached Prog = [000] [PC=18e0] [List=01] (Cache=0.000%) [0.0mb]
[    6.8048] microVU1: 3 cycle stall on branch instruction [1f78]
[    6.8062] microVU1: Cached Prog = [001] [PC=2480] [List=01] (Cache=0.246%) [0.1mb]
[    6.8072] microVU1: 3 cycle stall on branch instruction [1f78]
[    6.8208] LOG: POOL2EEPROBE_SOURCE clip=0 ready=0 total=192 generation=1 coldOracle=0
[    6.8210] LOG: POOL2PROBE_FRAME frame=1 cold=1 arm=0 eligible=0 applied=0 compared=0 mismatches=0
[    6.8210] LOG: POOL2PROBE_READY arm=0 vertices=192 repeats=1 completed=1 warmBypass=0
[    6.8211] (VMManager) Pausing...
[    6.8565] PINE: New client with FD 11 connected.
[    6.8569] PINE: Client disconnected.
[    6.9825] PINE: New client with FD 11 connected.
[    6.9828] OSD [SaveStateSlot178]: Saving state to slot 178...
[    7.0154]   Saving SPU2
[    7.0159]   Saving GS
[    7.1362] OSD [SaveStateSlot178]: Saved state to slot 178.
[    7.1362] Zipping save state to '/home/spider/pool2-ee-probe-b192-arm0-repeat1-20261005-v1/profile/PCSX2/sstates/vehicle-playground (1C2826FE).178.p2s' took 114.18 ms
[    8.2903] PINE: Client disconnected.
