[    0.0159] Program Path: /home/spider/tyrax2-debugger-linux-v1/squashfs-root/usr/bin/pcsx2-qt
[    0.0160] AppRoot Directory: /home/spider/tyrax2-debugger-linux-v1/squashfs-root/usr/bin
[    0.0160] Resources Directory: /home/spider/tyrax2-debugger-linux-v1/squashfs-root/usr/bin/resources
[    0.0160] DataRoot Directory: /home/spider/corona-probe-v3-case3-arm0-repeat1-20261005-v3/profile/PCSX2
[    0.0160] Loading config from /home/spider/corona-probe-v3-case3-arm0-repeat1-20261005-v3/profile/PCSX2/inis/PCSX2.ini.
[    0.0162] Loading secrets from /home/spider/corona-probe-v3-case3-arm0-repeat1-20261005-v3/profile/PCSX2/inis/secrets.ini.
[    0.0166] BIOS Directory: /mnt/c/Users/pawel/OneDrive/Documents/PCSX2/bios
[    0.0166] Snapshots Directory: /home/spider/corona-probe-v3-case3-arm0-repeat1-20261005-v3/profile/PCSX2/snaps
[    0.0166] Savestates Directory: /home/spider/corona-probe-v3-case3-arm0-repeat1-20261005-v3/profile/PCSX2/sstates
[    0.0166] MemoryCards Directory: /home/spider/corona-probe-v3-case3-arm0-repeat1-20261005-v3/profile/PCSX2/memcards
[    0.0166] Logs Directory: /home/spider/corona-probe-v3-case3-arm0-repeat1-20261005-v3/profile/PCSX2/logs
[    0.0166] Cheats Directory: /home/spider/corona-probe-v3-case3-arm0-repeat1-20261005-v3/profile/PCSX2/cheats
[    0.0166] Patches Directory: /home/spider/corona-probe-v3-case3-arm0-repeat1-20261005-v3/profile/PCSX2/patches
[    0.0166] Covers Directory: /home/spider/corona-probe-v3-case3-arm0-repeat1-20261005-v3/profile/PCSX2/covers
[    0.0166] Game Settings Directory: /home/spider/corona-probe-v3-case3-arm0-repeat1-20261005-v3/profile/PCSX2/gamesettings
[    0.0166] Resources Directory: /home/spider/tyrax2-debugger-linux-v1/squashfs-root/usr/bin/resources
[    0.0166] User Resources Directory: /home/spider/corona-probe-v3-case3-arm0-repeat1-20261005-v3/profile/PCSX2/resources
[    0.0166] Cache Directory: /home/spider/corona-probe-v3-case3-arm0-repeat1-20261005-v3/profile/PCSX2/cache
[    0.0166] Textures Directory: /home/spider/corona-probe-v3-case3-arm0-repeat1-20261005-v3/profile/PCSX2/textures
[    0.0166] Input Profile Directory: /home/spider/corona-probe-v3-case3-arm0-repeat1-20261005-v3/profile/PCSX2/inputprofiles
[    0.0166] Video Dumping Directory: /home/spider/corona-probe-v3-case3-arm0-repeat1-20261005-v3/profile/PCSX2/videos
[    0.0166] Debugger Layouts Directory: /home/spider/corona-probe-v3-case3-arm0-repeat1-20261005-v3/profile/PCSX2/inis/debuggerlayouts
[    0.0166] Debugger Settings Directory: /home/spider/corona-probe-v3-case3-arm0-repeat1-20261005-v3/profile/PCSX2/inis/debuggersettings
[    0.0326] Loaded translation file for language en-US
[    0.0391] PCSX2 v2.9.93
[    0.0392] Savestate version: 0x9a590000
[    0.0392] 
[    0.0392] 
[    0.0392] Host Machine Init:
[    0.0393]   Operating System = Ubuntu 22.04
[    0.0393]   Available RAM    = 49079 MB (47.93 GB)
[    0.0393]   Physical RAM     = 50191 MB (49.02 GB)
[    0.0393] 
[    0.0394]   Processor        = AMD Ryzen Threadripper 1920X
[    0.0394]   Core Count       = 24 cores
[    0.0394]   Thread Count     = 24 threads
[    0.0394]   Cluster Count    = 1 clusters
[    0.0394] CPU Extensions Detected:
[    0.0394]   AVX AVX2
[    0.0394] 
[    0.0394] Allocating host memory for virtual systems...
[    0.0398]   EE Main Memory                   @ 0x00007FE98B200000 -> 0x00007FE994100000 [143mb]
[    0.0398]   IOP Main Memory                  @ 0x00007FE994100000 -> 0x00007FE99C200000 [129mb]
[    0.0398]   VU0/1 On-Chip Memory             @ 0x00007FE99C200000 -> 0x00007FE99C300000 [1mb]
[    0.0398]   VTLB Virtual Map                 @ 0x00007FE99C300000 -> 0x00007FE99CB00000 [8mb]
[    0.0398]   VTLB Address Map                 @ 0x00007FE99CB00000 -> 0x00007FE99CF00000 [4mb]
[    0.0398]   R5900 Recompiler Cache           @ 0x00007FE99CF00000 -> 0x00007FE9A0F00000 [64mb]
[    0.0398]   R3000A Recompiler Cache          @ 0x00007FE9A0F00000 -> 0x00007FE9A2F00000 [32mb]
[    0.0398]   Micro VU0 Recompiler Cache       @ 0x00007FE9A3F00000 -> 0x00007FE9A7F00000 [64mb]
[    0.0398]   Micro VU1 Recompiler Cache       @ 0x00007FE9A7F00000 -> 0x00007FE9ABF00000 [64mb]
[    0.0398]   VIF0 Unpack Recompiler Cache     @ 0x00007FE9A2F00000 -> 0x00007FE9A3700000 [8mb]
[    0.0398]   VIF1 Unpack Recompiler Cache     @ 0x00007FE9A3700000 -> 0x00007FE9A3F00000 [8mb]
[    0.0398]   VIF Unpack Recompiler Cache      @ 0x00007FE9ABF00000 -> 0x00007FE9AC000000 [1mb]
[    0.0398]   GS Software Renderer             @ 0x00007FE9AC000000 -> 0x00007FE9B0000000 [64mb]
[    0.0426] Fastmem area: 0x7fe88b200000 - 0x7fe98b1fffff
[    0.0434] Generating SSE-optimized unpacking functions for VIF interpreters...
[    0.0436] Unpack function generation complete.  Generated function statistics:
[    0.0436]   Reserved buffer    : 1048576 bytes @ 0x00007FE9ABF00000
[    0.0437]   x86 code generated : 7422 bytes
[    0.0437] 
[    0.0440] SDLInputSource: Using Controller DB from resources.
[    0.0617] SDLInputSource: 765 gamepad mappings are loaded.
[    0.0618] Invalid binding: 'XInput-0/DPadUp'
[    0.0618] Invalid binding: 'XInput-0/DPadRight'
[    0.0618] Invalid binding: 'XInput-0/DPadDown'
[    0.0618] Invalid binding: 'XInput-0/DPadLeft'
[    0.0618] Invalid binding: 'XInput-0/Y'
[    0.0618] Invalid binding: 'XInput-0/B'
[    0.0618] Invalid binding: 'XInput-0/A'
[    0.0618] Invalid binding: 'XInput-0/X'
[    0.0619] Invalid binding: 'XInput-0/Back'
[    0.0619] Invalid binding: 'XInput-0/Start'
[    0.0619] Invalid binding: 'XInput-0/LeftShoulder'
[    0.0619] Invalid binding: 'XInput-0/+LeftTrigger'
[    0.0619] Invalid binding: 'XInput-0/RightShoulder'
[    0.0619] Invalid binding: 'XInput-0/+RightTrigger'
[    0.0619] Invalid binding: 'XInput-0/LeftStick'
[    0.0619] Invalid binding: 'XInput-0/RightStick'
[    0.0619] Invalid binding: 'XInput-0/Guide'
[    0.0619] Invalid binding: 'XInput-0/-LeftY'
[    0.0619] Invalid binding: 'XInput-0/+LeftX'
[    0.0619] Invalid binding: 'XInput-0/+LeftY'
[    0.0619] Invalid binding: 'XInput-0/-LeftX'
[    0.0619] Invalid binding: 'XInput-0/-RightY'
[    0.0619] Invalid binding: 'XInput-0/+RightX'
[    0.0619] Invalid binding: 'XInput-0/+RightY'
[    0.0619] Invalid binding: 'XInput-0/-RightX'
[    0.0624] Settings: Advanced Settings are enabled; only proceed if you know what you're doing! No support will be provided if you have the option enabled.
[    0.1137] Scanning F:\PS2\Games (recursively)
[    0.2205] Loading BIOS...
[    0.2341] BIOS Found: Europe  v02.00(14/06/2004)  Console 20040614-100914
[    0.3049] Mechacon version: 0x00020603
[    0.3069] Opening CDVD...
[    0.3456] Initializing Elf: 4467516 bytes
[    0.3461] Disc changed to .
[    0.3461]   Name: vehicle-playground [?]
[    0.3461]   Serial: vehicle-playground
[    0.3461]   Version: 
[    0.3461]   CRC: 8F787F06
[    0.3461] No game settings found (tried '/home/spider/corona-probe-v3-case3-arm0-repeat1-20261005-v3/profile/PCSX2/gamesettings/8F787F06.ini')
[    0.3462] Applying settings...
[    0.3465] Invalid binding: 'XInput-0/DPadUp'
[    0.3465] Invalid binding: 'XInput-0/DPadRight'
[    0.3465] Invalid binding: 'XInput-0/DPadDown'
[    0.3465] Invalid binding: 'XInput-0/DPadLeft'
[    0.3465] Invalid binding: 'XInput-0/Y'
[    0.3465] Invalid binding: 'XInput-0/B'
[    0.3465] Invalid binding: 'XInput-0/A'
[    0.3465] Invalid binding: 'XInput-0/X'
[    0.3465] Invalid binding: 'XInput-0/Back'
[    0.3466] Invalid binding: 'XInput-0/Start'
[    0.3466] Invalid binding: 'XInput-0/LeftShoulder'
[    0.3466] Invalid binding: 'XInput-0/+LeftTrigger'
[    0.3466] Invalid binding: 'XInput-0/RightShoulder'
[    0.3466] Invalid binding: 'XInput-0/+RightTrigger'
[    0.3466] Invalid binding: 'XInput-0/LeftStick'
[    0.3466] Invalid binding: 'XInput-0/RightStick'
[    0.3466] Invalid binding: 'XInput-0/Guide'
[    0.3466] Invalid binding: 'XInput-0/-LeftY'
[    0.3466] Invalid binding: 'XInput-0/+LeftX'
[    0.3466] Invalid binding: 'XInput-0/+LeftY'
[    0.3466] Invalid binding: 'XInput-0/-LeftX'
[    0.3466] Invalid binding: 'XInput-0/-RightY'
[    0.3466] Invalid binding: 'XInput-0/+RightX'
[    0.3466] Invalid binding: 'XInput-0/+RightY'
[    0.3466] Invalid binding: 'XInput-0/-RightX'
[    0.3468] GameDB: Has not been initialized yet, initializing...
[    0.3962] GameDB: 12841 games on record (loaded in 49.38ms)
[    0.3989] Reopening memory cards...
[    0.3989] (FileMcd) Creating new 8MB memory card: /home/spider/corona-probe-v3-case3-arm0-repeat1-20261005-v3/profile/PCSX2/memcards/Mcd001.ps2
[    0.4095] McdSlot 0 [File]: Mcd001.ps2 [8 MB, UNFORMATTED]
[    0.4095] McdSlot 1 [File]: [disabled/empty filename]
[    0.4138] HLE Host: Set 'host:' root path to: /mnt/f/Projects/tyrax2-lab-20261001/corona24-probe-physical-v1/game/bin
[    0.4139] EE/iR5900 Recompiler Reset
[    0.4542] iR3000A Recompiler reset.
[    0.4705] Resetting host memory for virtual systems...
[    0.7418] Time Zone Offset: GMT+01:00
[    0.7418] Time Zone Location: Berlin
[    0.7418] DST: Winter Time
[    0.7418] Time Format: 24-Hour
[    0.7418] Date Format: DD/MM/YYYY
[    0.7418] System Time Basis: Operating System Time
[    0.7419] Resulting System Time: 2026-10-05 16:02:56
[    0.7419] Close virtual disk tray
[    0.7419] Media already loaded (fast boot)
[    0.7419] Opening GS...
[    0.7847] VK: Enabling extension: VK_KHR_get_surface_capabilities2
[    0.7984] Using Vulkan GPU 'llvmpipe (LLVM 15.0.7, 256 bits)' for automatic renderer check.
[    0.7984] Not using Vulkan for software renderer.
[    0.7986] acquireRenderWindow() recreate=true fullscreen=false render_to_main=true surfaceless=false
[    0.8015] (GetRefreshRateFromXRandR) Modeline is invalid: 0/0/0
[    0.8015] Surface refresh rate: 60 Hz
[    0.8022] Loading EGL from libEGL.so...
[    0.8038] GLAD EGL Version: 1.0
[    0.8038] Using EGL platform EGL_EXT_platform_x11.
[    0.8126] eglInitialize() version: 1.5
[    0.8127] GLAD EGL Version: 1.5
[    0.8127] Trying GL version 4.6
[    0.8127] eglCreateContext() failed: 0x3009
[    0.8127] Trying GL version 4.5
[    0.8274] Got GL version 4.5
[    0.8275] EGL_MIN_SWAP_INTERVAL = 1
[    0.8275] EGL_MAX_SWAP_INTERVAL = 1
[    0.8275] Negative swap interval/tear-control is NOT supported
[    0.8301] GL_VENDOR: Mesa
[    0.8301] GL_VERSION: 4.5 (Core Profile) Mesa 23.2.1-1ubuntu3.1~22.04.4
[    0.8301] GL_RENDERER: llvmpipe (LLVM 15.0.7, 256 bits)
[    0.8301] GL_SHADING_LANGUAGE_VERSION: 4.50
[    0.8302] GL_MAX_VERTEX_SHADER_STORAGE_BLOCKS: 16
[    0.8302] GL: Viewport Array:            Supported       => Using: GL_ARB_viewport_array
[    0.8302] GL: Direct State Access:       Supported       => Using: OpenGL 4.5 Core
[    0.8302] GL: Copy Image:                Supported       => Using: OpenGL 4.3 Core
[    0.8302] GL: Clip Control:              Supported       => Using: OpenGL 4.5 Core
[    0.8302] GL: Conservative Depth:        Supported       => Using: OpenGL 4.2 Core
[    0.8302] GL: CAS Sharpening:            Supported       => Using: OpenGL 4.2 Core
[    0.8302] GL: Texture Barriers:          Auto            => Using: Framebuffer Fetch
[    0.8302] GL: RGBA16 HW Blending:        Supported       => Using: RGBA16 UNORM
[    0.8302] GL: Point Expansion:           Supported       => Using: Hardware
[    0.8302] GL: Line Expansion:            Fallback        => Using: Vertex Expansion
[    0.8302] GL: Sprite Expansion:          Supported       => Using: Vertex Expansion
[    0.8302] GL: DXTn Texture Compression:  Supported       => Using: GL_EXT_texture_compression_s3tc
[    0.8302] GL: BC6/7 Texture Compression: Supported       => Using: OpenGL 4.2 Core
[    0.8368] 1 program binary formats supported by driver
[    0.8753] Program binary retrieved, 4105 bytes, format 34655
[    0.8758] Program binary retrieved, 4121 bytes, format 34655
[    0.8763] Program binary retrieved, 4249 bytes, format 34655
[    0.8766] Program binary retrieved, 4013 bytes, format 34655
[    0.8770] Program binary retrieved, 4013 bytes, format 34655
[    0.8774] Program binary retrieved, 4017 bytes, format 34655
[    0.8778] Program binary retrieved, 4017 bytes, format 34655
[    0.8782] Program binary retrieved, 4185 bytes, format 34655
[    0.8786] Program binary retrieved, 4217 bytes, format 34655
[    0.8791] Program binary retrieved, 4137 bytes, format 34655
[    0.8794] Program binary retrieved, 4125 bytes, format 34655
[    0.8798] Program binary retrieved, 4121 bytes, format 34655
[    0.8808] Program binary retrieved, 4253 bytes, format 34655
[    0.8815] Program binary retrieved, 4237 bytes, format 34655
[    0.8820] Program binary retrieved, 4245 bytes, format 34655
[    0.8824] Program binary retrieved, 4261 bytes, format 34655
[    0.8829] Program binary retrieved, 4965 bytes, format 34655
[    0.8835] Program binary retrieved, 4981 bytes, format 34655
[    0.8838] Program binary retrieved, 4261 bytes, format 34655
[    0.8842] Program binary retrieved, 4277 bytes, format 34655
[    0.8847] Program binary retrieved, 5005 bytes, format 34655
[    0.8852] Program binary retrieved, 5021 bytes, format 34655
[    0.8856] Program binary retrieved, 4257 bytes, format 34655
[    0.8860] Program binary retrieved, 4273 bytes, format 34655
[    0.8867] Program binary retrieved, 5001 bytes, format 34655
[    0.8872] Program binary retrieved, 5017 bytes, format 34655
[    0.8877] Program binary retrieved, 4277 bytes, format 34655
[    0.8881] Program binary retrieved, 4293 bytes, format 34655
[    0.8886] Program binary retrieved, 5057 bytes, format 34655
[    0.8891] Program binary retrieved, 5073 bytes, format 34655
[    0.8896] Program binary retrieved, 4153 bytes, format 34655
[    0.8900] Program binary retrieved, 4169 bytes, format 34655
[    0.8904] Program binary retrieved, 4233 bytes, format 34655
[    0.8909] Program binary retrieved, 5781 bytes, format 34655
[    0.8914] Program binary retrieved, 5373 bytes, format 34655
[    0.8920] Program binary retrieved, 6389 bytes, format 34655
[    0.8924] Program binary retrieved, 4917 bytes, format 34655
[    0.8928] Program binary retrieved, 4845 bytes, format 34655
[    0.8933] Program binary retrieved, 4997 bytes, format 34655
[    0.8939] Program binary retrieved, 4101 bytes, format 34655
[    0.8974] Program binary retrieved, 4137 bytes, format 34655
[    0.9008] Program binary retrieved, 4109 bytes, format 34655
[    0.9013] Program binary retrieved, 5389 bytes, format 34655
[    0.9017] Program binary retrieved, 5829 bytes, format 34655
[    0.9021] Program binary retrieved, 5857 bytes, format 34655
[    0.9025] Program binary retrieved, 4289 bytes, format 34655
[    0.9051] Program binary retrieved, 21205 bytes, format 34655
[    0.9056] Program binary retrieved, 4765 bytes, format 34655
[    0.9060] Program binary retrieved, 5685 bytes, format 34655
[    0.9064] Program binary retrieved, 4141 bytes, format 34655
[    0.9067] Program binary retrieved, 4537 bytes, format 34655
[    0.9070] Program binary retrieved, 4889 bytes, format 34655
[    0.9074] Program binary retrieved, 4117 bytes, format 34655
[    0.9078] Program binary retrieved, 4741 bytes, format 34655
[    0.9082] Program binary retrieved, 4965 bytes, format 34655
[    0.9089] Program binary retrieved, 6613 bytes, format 34655
[    0.9092] Program binary retrieved, 4797 bytes, format 34655
[    0.9109] Program binary retrieved, 13085 bytes, format 34655
[    0.9174] Program binary retrieved, 7285 bytes, format 34655
[    0.9233] Program binary retrieved, 5497 bytes, format 34655
[    0.9237] Program binary retrieved, 4141 bytes, format 34655
[    0.9241] Program binary retrieved, 4141 bytes, format 34655
[    0.9245] Program binary retrieved, 4145 bytes, format 34655
[    0.9249] Program binary retrieved, 4145 bytes, format 34655
[    0.9795] Program binary retrieved, 5369 bytes, format 34655
[    0.9811] OpenGL Graphics Driver Info:
[    0.9811] OpenGL Context:
[    0.9811] 4.5 (Core Profile) Mesa 23.2.1-1ubuntu3.1~22.04.4
[    0.9811] Mesa llvmpipe (LLVM 15.0.7, 256 bits)
[    0.9811] GLSL: 4.50
[    0.9845] Processor count: 24 cores, 24 processors, 1 clusters
[    0.9845] Ordered processor list: 12, 23, 22, 21, 20, 19, 18, 17, 16, 15, 14, 13, 0, 11, 10, 9, 8, 7, 6, 5, 4, 3, 2, 1
[    0.9846] Not pinning SW threads, we need 4 processors, but only have 0
[    0.9860] Opening SPU2...
[    0.9863] Creating Null audio stream, sample rate = 48000, expansion = Disabled, buffer = 50, latency = 32, stretching enabled, driver = wasapi, device = 
[    0.9863] Allocated buffer of 2432 frames for buffer of 50 ms [expansion Disabled (block size 2048), stretch disabled, target size 2432].
[    0.9863] Initializing Pad...
[    0.9863] Initializing SIO2...
[    0.9864] Initializing SIO0...
[    0.9864] Opening DEV9...
[    0.9864] DEV9: DEV9init
[    0.9872] DEV9: DEV9init2
[    0.9872] DEV9: DEV9init3
[    0.9910] DEV9: DEV9init ok
[    0.9910] DEV9: DEV9open
[    0.9910] Opening USB...
[    0.9911] Opening FW...
[    0.9913] Frame rate: 59.94, target speed: 1, target frame rate: 59.94, ticks per frame: 16683350
[    0.9948] MultiPause time: 144ns
[    0.9954] VM subsystems initialized in 778.79 ms
[    0.9961] MultiPause time: 142ns
[    0.9988] MultiPause time: 142ns
[    0.9989] MultiPause time: 142ns
[    1.0065] Failed to inhibit screen saver.
[    1.0065] Processor order assignment: EE=12, VU=23, GS=23
[    1.0065]   EE thread is on processor 12 (0x1000)
[    1.0066]   GS thread is on processor 23 (0x800000)
[    1.0164] Failed to inhibit screen saver.
[    1.0451] # Initialize memory (rev:3.70, ctm:197Mhz, cpuclk:147Mhz detected)
[    1.0547] R3000 Debugger: Branch to 0x890 (SYSMEM). Clearing modules.
[    1.0574] RegisterLibraryEntries: excepman version 1.01
[    1.0586] RegisterLibraryEntries:  intrman version 1.02
[    1.0589] RegisterLibraryEntries:   ssbusc version 1.01
[    1.0592] RegisterLibraryEntries:  dmacman version 1.02
[    1.0596] RegisterLibraryEntries:  timrman version 1.01
[    1.0599] RegisterLibraryEntries:  sysclib version 1.01
[    1.0600] RegisterLibraryEntries:    stdio version 1.01
[    1.0601] RegisterLibraryEntries:  heaplib version 1.01
[    1.0606] FW: read mem 0x1f80847c: 0x10000001
[    1.0607] FW: write mem 0x1f808414: 0x417f0000
[    1.0607] FW: read mem 0x1f808400: 0xffc00001
[    1.0607] FW: write mem 0x1f80844c: 0xffffffff
[    1.0607] FW: write mem 0x1f808420: 0xffffffff
[    1.0607] FW: write mem 0x1f808428: 0xffffffff
[    1.0607] FW: write mem 0x1f808430: 0xffffffff
[    1.0618] RegisterLibraryEntries:   thbase version 1.01
[    1.0620] RegisterLibraryEntries:  thevent version 1.01
[    1.0620] RegisterLibraryEntries:  thsemap version 1.01
[    1.0621] RegisterLibraryEntries:  thmsgbx version 1.01
[    1.0621] RegisterLibraryEntries:  thfpool version 1.01
[    1.0622] RegisterLibraryEntries:  thvpool version 1.01
[    1.0633] RegisterLibraryEntries:   vblank version 1.01
[    1.0639] RegisterLibraryEntries:    ioman version 1.02
[    1.0648] RegisterLibraryEntries:  modload version 1.01
[    1.0651] RegisterLibraryEntries:   romdrv version 2.01
[    1.0653] RegisterLibraryEntries:    stdio version 1.02
[    1.0657] RegisterLibraryEntries:   sifman version 1.01
[    1.0660] 
[    1.0660] PlayStation 2 ======== Hard reset boot
[    1.0662]  ROMGEN=2004-0614, IOP info (CPUID=1f, CACH_CONFIG=0, 2MB, IOP mode)
[    1.0664]  <20040614-100914,ROMconf,PS20200EC20040614.bin:11696>
[    1.0769] # Total accessable memory size: 32 MB (B:2:8:0) (370:2:7c30)
[    1.0782] # TLB spad=0 kernel=1:12 default=13:30 extended=31:38
[    1.1453] # Initialize Start.
[    1.1459] # Initialize GS ...
[    1.1459] # Initialize INTC ...
[    1.1459] # Initialize TIMER ...
[    1.1460] # Initialize DMAC ...
[    1.1461] # Initialize VU1 ...
[    1.1463] # Initialize VIF1 ...
[    1.1464] # Initialize GIF ...
[    1.1464] # Initialize VU0 ...
[    1.1466] # Initialize VIF0 ...
[    1.1466] # Initialize IPU ...
[    1.1467] # Initialize FPU ...
[    1.1468] # Initialize User Memory ...
[    1.2105] # Initialize Scratch Pad ...
[    1.2106] # Initialize Done.
[    1.2114] 
[    1.2114] EE DECI2 Manager version 0.06 Feb  6 2003 08:38:48
[    1.2114]   CPUID=2e20, BoardID=0, ROMGEN=2004-0614, 32M
[    1.2114] 
[    1.2117] RegisterLibraryEntries:   sifcmd version 1.01
[    1.2432] Initializing Elf: 4467516 bytes
[    1.2466] ELF Loading: host:vehicle-playground.elf, Game CRC = 8F787F06, EntryPoint = 0x00100E78
[    1.2494] RegisterLibraryEntries:  cdvdman version 1.01
[    1.2501] PINE: New client with FD 14 connected.
[    1.2505] PINE: Client disconnected.
[    1.2528] Imported 823 symbols.
[    1.2563] RegisterLibraryEntries:  cdvdfsv version 1.01
[    1.2580] RegisterLibraryEntries:  secrman version 1.03
[    1.2581] RegisterLibraryEntries:   eesync version 1.01
[    1.2582] 
[    1.2582] IOP Realtime Kernel Ver.0.9.1
[    1.2582]     Copyright 1999 (C) Sony Computer Entertainment Inc. 
[    1.2588] Reboot service module.(99/11/10)
[    1.2609] cdvd driver module version 0.1.1 (C)SCEI
[    1.2614] Load File service.(99/11/05)
[    1.2614] Multi Threaded Fileio module.(99/11/15) 
[    1.2615] iop heap service (99/11/03)
[    1.2779] loadelf: fname host:vehicle-playground.elf secname all
[    1.2779] loadelf version 3.30
[    1.2798] Input ELF format filename = host:vehicle-playground.elf
[    1.3371] 1 00100000 003f6b3c ................................................................
[    1.3371] Loaded, host:vehicle-playground.elf
[    1.3372] start address 0x100e78
[    1.3372] gp address 00000000
[    1.3382] (VMManager) Pausing...
[    1.3383] (VMManager) Resuming...
[    1.3510] PINE: New client with FD 14 connected.
[    1.3513] PINE: Client disconnected.
[    1.3514] Failed to inhibit screen saver.
[    1.3515] EE/iR5900 Recompiler Reset
[    1.3709] # Restart Without Memory Clear.
[    1.3812] # Initialize GS ...
[    1.3812] # Initialize INTC ...
[    1.3812] # Initialize TIMER ...
[    1.3813] # Initialize DMAC ...
[    1.3814] # Initialize VU1 ...
[    1.3816] # Initialize VIF1 ...
[    1.3816] # Initialize GIF ...
[    1.3817] # Initialize VU0 ...
[    1.3819] # Initialize VIF0 ...
[    1.3819] # Initialize IPU ...
[    1.3820] # Initialize FPU ...
[    1.3820] # Initialize Scratch Pad ...
[    1.3821] # Restart Without Memory Clear Done.
[    1.3823] ELF host:vehicle-playground.elf with entry point at 0x00100E78 is executing.
[    1.3824] ELF changed, active CRC 8F787F06 (host:vehicle-playground.elf)
[    1.3827] Applying core settings...
[    1.3828] Debugger Settings Manager: Failed to read Saved Addresses array from settings file: '/home/spider/corona-probe-v3-case3-arm0-repeat1-20261005-v3/profile/PCSX2/inis/debuggersettings/vehicle-playground_8F787F06.json'
[    1.3828] Debugger Settings Manager: Failed to read Saved Addresses array from settings file: '/home/spider/corona-probe-v3-case3-arm0-repeat1-20261005-v3/profile/PCSX2/inis/debuggersettings/vehicle-playground_8F787F06.json'
[    1.3834] Updating CPU configuration...
[    1.3834] iR3000A Recompiler reset.
[    1.4074] iR3000A Recompiler reset.
[    1.4139] EE/iR5900 Recompiler Reset
[    1.4313] (VMManager) Pausing...
[    1.4316] EE/iR5900 Recompiler Reset
[    1.4506] EE/iR5900 Recompiler Reset
[    1.4518] PINE: New client with FD 14 connected.
[    1.4521] PINE: Client disconnected.
[    1.4712] iR3000A Recompiler reset.
[    1.4759] EE/iR5900 Recompiler Reset
[    1.4966] iR3000A Recompiler reset.
[    1.5011] EE/iR5900 Recompiler Reset
[    1.5206] iR3000A Recompiler reset.
[    1.5248] EE/iR5900 Recompiler Reset
[    1.5405] iR3000A Recompiler reset.
[    1.5453] EE/iR5900 Recompiler Reset
[    1.6057] PINE: New client with FD 14 connected.
[    1.6061] OSD [SaveStateSlot140]: Saving state to slot 140...
[    1.6381]   Saving SPU2
[    1.6385]   Saving GS
[    1.7617] OSD [SaveStateSlot140]: Saved state to slot 140.
[    1.7617] Zipping save state to '/home/spider/corona-probe-v3-case3-arm0-repeat1-20261005-v3/profile/PCSX2/sstates/vehicle-playground (8F787F06).140.p2s' took 116.28 ms
[    2.9101] PINE: Client disconnected.
[    3.4093] PINE: New client with FD 14 connected.
[    3.4148] (VMManager) Resuming...
[    3.4270] Failed to inhibit screen saver.
[    3.4284] BIOS: Successfully found the instruction pattern. Assuming the thread list is here: 8001a640
[    3.4315] Warning: GetOsdConfigParam2 Reading extended language/version configs, may be incorrect!
[    3.4420] read/write allocate memory 4000
[    3.4420] open name host:/ps2link.run flag 1 data 41378
[    3.4427] open fd = -5
[    3.4460] Get Reboot Request From EE
[    3.4472] R3000 Debugger: Branch to 0x890 (SYSMEM). Clearing modules.
[    3.4493] RegisterLibraryEntries: excepman version 1.01
[    3.4504] RegisterLibraryEntries:  intrman version 1.02
[    3.4505] RegisterLibraryEntries:   ssbusc version 1.01
[    3.4511] RegisterLibraryEntries:  dmacman version 1.02
[    3.4515] RegisterLibraryEntries:  timrman version 1.01
[    3.4520] RegisterLibraryEntries:  sysclib version 1.01
[    3.4521] RegisterLibraryEntries:    stdio version 1.01
[    3.4522] RegisterLibraryEntries:  heaplib version 1.01
[    3.4544] RegisterLibraryEntries:   thbase version 1.01
[    3.4545] RegisterLibraryEntries:  thevent version 1.01
[    3.4545] RegisterLibraryEntries:  thsemap version 1.01
[    3.4545] RegisterLibraryEntries:  thmsgbx version 1.01
[    3.4546] RegisterLibraryEntries:  thfpool version 1.01
[    3.4546] RegisterLibraryEntries:  thvpool version 1.01
[    3.4556] RegisterLibraryEntries:   vblank version 1.01
[    3.4561] RegisterLibraryEntries:    ioman version 1.02
[    3.4570] RegisterLibraryEntries:  modload version 1.01
[    3.4661] RegisterLibraryEntries:   romdrv version 2.01
[    3.4665] RegisterLibraryEntries:    stdio version 1.02
[    3.4669] RegisterLibraryEntries:   sifman version 1.01
[    3.4673] 
[    3.4674] PlayStation 2 ======== Soft reboot
[    3.4681] RegisterLibraryEntries:   sifcmd version 1.01
[    3.4717] RegisterLibraryEntries:  cdvdman version 1.01
[    3.4733] RegisterLibraryEntries:  cdvdfsv version 1.01
[    3.4815] RegisterLibraryEntries:  secrman version 1.03
[    3.4817] RegisterLibraryEntries:   eesync version 1.01
[    3.4818] 
[    3.4818] IOP Realtime Kernel Ver.0.9.1
[    3.4819]     Copyright 1999 (C) Sony Computer Entertainment Inc. 
[    3.4824] Reboot service module.(99/11/10)
[    3.4850] [EE] Skipping timeout loop at 0x002D4D60 -> 0x002D4D80
[    3.4851] cdvd driver module version 0.1.1 (C)SCEI
[    3.4855] Load File service.(99/11/05)
[    3.4856] Multi Threaded Fileio module.(99/11/15) 
[    3.4856] iop heap service (99/11/03)
[    3.5053] RegisterLibraryEntries:   iomanx version 1.01
[    3.5066] fileXio: fileXio: fileXio RPC Server v1.00
[    3.5067] Copyright (c) 2003 adresd
[    3.5069] RegisterLibraryEntries:  sio2man version 2.07
[    3.5070] RegisterLibraryEntries:  sio2man version 1.02
[    3.5079] RegisterLibraryEntries:   padman version 1.02
[    3.5080] Pad Driver for OSD
[    3.5085] FREESD v1.01
[    3.5085] RegisterLibraryEntries:    libsd version 1.04
[    3.5089] debug_level = 1 (ps2snd 0.1
[    3.5156] PINE: Client disconnected.
[    3.5209] greetings from version 0.93 !
[    3.5210] RegisterLibraryEntries:   audsrv version 1.04
[    3.5211] audsrv_adpcm_init()
[    3.5228] UpdateVSyncRate: Mode Changed to SDTV 480p.
[    3.5228] Frame rate: 59.94, target speed: 1, target frame rate: 59.94, ticks per frame: 16683350
[    3.5228] Set GS CRTC configuration. SDTV   720x480 @ 59.94 Progressive (FRAME)
[    5.6080] read/write allocate memory 4000
[    5.6082] 
[    5.6086] -----------------------------------------
[    5.6086]         _____        ____   ___
[    5.6087]           |     /   ____| |___|
[    5.6087]           |     |   |     |   |
[    5.6088] -----------------------------------------
[    5.6088] Copyright 2022
[    5.6088] Repository: https://github.com/h4570/tyra
[    5.6089] Licensed under Apache License 2.0
[    5.6093] Version: 2.2.0
[    5.6093] -----------------------------------------
[    5.6094] 
[    5.7748] audsrv_adpcm_init()
[    5.7760] [EE] Skipping timeout loop at 0x00102CB0 -> 0x00102CD0
[    5.8086] Curent pad(0,0) status: EXECCMD
[    6.0065] Pad: DS2 Config Finished - P1/S1 - AL: Off - AB: Usable - VS: Disabled - VL: Disabled - RB: D (0x00000000)
[    6.0410] Curent pad(0,0) status: EXECCMD
[    6.1065] Pad: DS2 Config Finished - P1/S1 - AL: On - AB: Locked - VS: Disabled - VL: Disabled - RB: D (0x00000000)
[    6.3068] Pad: DS2 Config Finished - P1/S1 - AL: On - AB: Locked - VS: Disabled - VL: Disabled - RB: D (0x00000000)
[    6.3409] Curent pad(0,0) status: EXECCMD
[    6.6069] Pad: DS2 Config Finished - P1/S1 - AL: On - AB: Locked - VS: Disabled - VL: Disabled - RB: D+A+P (0x0003FFFF)
[    6.8072] Pad: DS2 Config Finished - P1/S1 - AL: On - AB: Locked - VS: Disabled - VL: Disabled - RB: D+A+P (0x0003FFFF)
[    6.8433] open name host:/pool2-probe.cfg flag 1 data 41378
[    6.8448] open fd = 256
[    6.8503] open name host:/hud/flare-corona.png flag 1 data 41378
[    6.8521] open fd = 256
[    6.8728] LOG: CORONAPROBE_CONFIG arm=0 case=3 vertices=72 repeats=1 package=72 fog=1 light=1 oracle=0 depth=24 capability=1
[    6.8741] FRAMEARENA allocated=1 bytes=1048576
[    6.8857] microVU1: Cached Prog = [000] [PC=18e0] [List=01] (Cache=0.000%) [0.0mb]
[    6.8860] microVU1: 3 cycle stall on branch instruction [26b8]
[    6.8860] microVU1: 3 cycle stall on branch instruction [26b8]
[    6.8860] microVU1: 3 cycle stall on branch instruction [26d0]
[    6.8860] microVU1: 3 cycle stall on branch instruction [26d0]
[    6.8860] microVU1: 3 cycle stall on branch instruction [2708]
[    6.8860] microVU1: 3 cycle stall on branch instruction [2708]
[    6.8860] microVU1: 3 cycle stall on branch instruction [2728]
[    6.8860] microVU1: 3 cycle stall on branch instruction [2728]
[    6.8861] microVU1: 3 cycle stall on branch instruction [26b8]
[    6.8861] microVU1: 3 cycle stall on branch instruction [26b8]
[    6.8861] microVU1: 3 cycle stall on branch instruction [26d0]
[    6.8861] microVU1: 3 cycle stall on branch instruction [26d0]
[    6.8861] microVU1: 3 cycle stall on branch instruction [2708]
[    6.8862] microVU1: 3 cycle stall on branch instruction [2708]
[    6.8862] microVU1: 3 cycle stall on branch instruction [2728]
[    6.8862] microVU1: 3 cycle stall on branch instruction [2728]
[    6.8863] microVU1: 3 cycle stall on branch instruction [26b8]
[    6.8863] microVU1: 3 cycle stall on branch instruction [26b8]
[    6.8863] microVU1: 3 cycle stall on branch instruction [26d0]
[    6.8863] microVU1: 3 cycle stall on branch instruction [26d0]
[    6.8863] microVU1: 3 cycle stall on branch instruction [2708]
[    6.8863] microVU1: 3 cycle stall on branch instruction [2708]
[    6.8863] microVU1: 3 cycle stall on branch instruction [2728]
[    6.8863] microVU1: 3 cycle stall on branch instruction [2728]
[    6.8864] microVU1: 3 cycle stall on branch instruction [26b8]
[    6.8864] microVU1: 3 cycle stall on branch instruction [26b8]
[    6.8864] microVU1: 3 cycle stall on branch instruction [26d0]
[    6.8864] microVU1: 3 cycle stall on branch instruction [26d0]
[    6.8865] microVU1: 3 cycle stall on branch instruction [2708]
[    6.8865] microVU1: 3 cycle stall on branch instruction [2708]
[    6.8865] microVU1: 3 cycle stall on branch instruction [2728]
[    6.8865] microVU1: 3 cycle stall on branch instruction [2728]
[    6.8868] microVU1: 3 cycle stall on branch instruction [26b8]
[    6.8868] microVU1: 3 cycle stall on branch instruction [26b8]
[    6.8868] microVU1: 3 cycle stall on branch instruction [26d0]
[    6.8868] microVU1: 3 cycle stall on branch instruction [26d0]
[    6.8868] microVU1: 3 cycle stall on branch instruction [2708]
[    6.8868] microVU1: 3 cycle stall on branch instruction [2708]
[    6.8868] microVU1: 3 cycle stall on branch instruction [2728]
[    6.8868] microVU1: 3 cycle stall on branch instruction [2728]
[    6.8869] microVU1: 3 cycle stall on branch instruction [26b8]
[    6.8869] microVU1: 3 cycle stall on branch instruction [26b8]
[    6.8869] microVU1: 3 cycle stall on branch instruction [26d0]
[    6.8869] microVU1: 3 cycle stall on branch instruction [26d0]
[    6.8870] microVU1: 3 cycle stall on branch instruction [2708]
[    6.8870] microVU1: 3 cycle stall on branch instruction [2708]
[    6.8870] microVU1: 3 cycle stall on branch instruction [2728]
[    6.8870] microVU1: 3 cycle stall on branch instruction [2728]
[    6.8871] microVU1: 3 cycle stall on branch instruction [26b8]
[    6.8871] microVU1: 3 cycle stall on branch instruction [26b8]
[    6.8871] microVU1: 3 cycle stall on branch instruction [26d0]
[    6.8871] microVU1: 3 cycle stall on branch instruction [26d0]
[    6.8871] microVU1: 3 cycle stall on branch instruction [2708]
[    6.8871] microVU1: 3 cycle stall on branch instruction [2708]
[    6.8871] microVU1: 3 cycle stall on branch instruction [2728]
[    6.8871] microVU1: 3 cycle stall on branch instruction [2728]
[    6.8872] microVU1: 3 cycle stall on branch instruction [26b8]
[    6.8872] microVU1: 3 cycle stall on branch instruction [26b8]
[    6.8872] microVU1: 3 cycle stall on branch instruction [26d0]
[    6.8872] microVU1: 3 cycle stall on branch instruction [26d0]
[    6.8873] microVU1: 3 cycle stall on branch instruction [2708]
[    6.8873] microVU1: 3 cycle stall on branch instruction [2708]
[    6.8873] microVU1: 3 cycle stall on branch instruction [2728]
[    6.8873] microVU1: 3 cycle stall on branch instruction [2728]
[    6.8877] microVU1: 3 cycle stall on branch instruction [26b8]
[    6.8877] microVU1: 3 cycle stall on branch instruction [26b8]
[    6.8877] microVU1: 3 cycle stall on branch instruction [26d0]
[    6.8877] microVU1: 3 cycle stall on branch instruction [26d0]
[    6.8877] microVU1: 3 cycle stall on branch instruction [2708]
[    6.8877] microVU1: 3 cycle stall on branch instruction [2708]
[    6.8877] microVU1: 3 cycle stall on branch instruction [2728]
[    6.8877] microVU1: 3 cycle stall on branch instruction [2728]
[    6.8878] microVU1: 3 cycle stall on branch instruction [26b8]
[    6.8878] microVU1: 3 cycle stall on branch instruction [26b8]
[    6.8878] microVU1: 3 cycle stall on branch instruction [26d0]
[    6.8878] microVU1: 3 cycle stall on branch instruction [26d0]
[    6.8878] microVU1: 3 cycle stall on branch instruction [2708]
[    6.8878] microVU1: 3 cycle stall on branch instruction [2708]
[    6.8878] microVU1: 3 cycle stall on branch instruction [2728]
[    6.8879] microVU1: 3 cycle stall on branch instruction [2728]
[    6.8879] microVU1: 3 cycle stall on branch instruction [26b8]
[    6.8879] microVU1: 3 cycle stall on branch instruction [26b8]
[    6.8879] microVU1: 3 cycle stall on branch instruction [26d0]
[    6.8880] microVU1: 3 cycle stall on branch instruction [26d0]
[    6.8880] microVU1: 3 cycle stall on branch instruction [2708]
[    6.8880] microVU1: 3 cycle stall on branch instruction [2708]
[    6.8880] microVU1: 3 cycle stall on branch instruction [2728]
[    6.8880] microVU1: 3 cycle stall on branch instruction [2728]
[    6.8881] microVU1: 3 cycle stall on branch instruction [26b8]
[    6.8881] microVU1: 3 cycle stall on branch instruction [26b8]
[    6.8881] microVU1: 3 cycle stall on branch instruction [26d0]
[    6.8881] microVU1: 3 cycle stall on branch instruction [26d0]
[    6.8881] microVU1: 3 cycle stall on branch instruction [2708]
[    6.8881] microVU1: 3 cycle stall on branch instruction [2708]
[    6.8881] microVU1: 3 cycle stall on branch instruction [2728]
[    6.8881] microVU1: 3 cycle stall on branch instruction [2728]
[    6.8885] microVU1: 3 cycle stall on branch instruction [26b8]
[    6.8885] microVU1: 3 cycle stall on branch instruction [26b8]
[    6.8885] microVU1: 3 cycle stall on branch instruction [26d0]
[    6.8885] microVU1: 3 cycle stall on branch instruction [26d0]
[    6.8885] microVU1: 3 cycle stall on branch instruction [2708]
[    6.8885] microVU1: 3 cycle stall on branch instruction [2708]
[    6.8886] microVU1: 3 cycle stall on branch instruction [2728]
[    6.8886] microVU1: 3 cycle stall on branch instruction [2728]
[    6.8886] microVU1: 3 cycle stall on branch instruction [26b8]
[    6.8887] microVU1: 3 cycle stall on branch instruction [26b8]
[    6.8887] microVU1: 3 cycle stall on branch instruction [26d0]
[    6.8887] microVU1: 3 cycle stall on branch instruction [26d0]
[    6.8887] microVU1: 3 cycle stall on branch instruction [2708]
[    6.8887] microVU1: 3 cycle stall on branch instruction [2708]
[    6.8887] microVU1: 3 cycle stall on branch instruction [2728]
[    6.8887] microVU1: 3 cycle stall on branch instruction [2728]
[    6.8889] microVU1: 3 cycle stall on branch instruction [26b8]
[    6.8889] microVU1: 3 cycle stall on branch instruction [26b8]
[    6.8889] microVU1: 3 cycle stall on branch instruction [26d0]
[    6.8889] microVU1: 3 cycle stall on branch instruction [26d0]
[    6.8889] microVU1: 3 cycle stall on branch instruction [2708]
[    6.8889] microVU1: 3 cycle stall on branch instruction [2708]
[    6.8889] microVU1: 3 cycle stall on branch instruction [2728]
[    6.8889] microVU1: 3 cycle stall on branch instruction [2728]
[    6.8890] microVU1: 3 cycle stall on branch instruction [26b8]
[    6.8890] microVU1: 3 cycle stall on branch instruction [26b8]
[    6.8890] microVU1: 3 cycle stall on branch instruction [26d0]
[    6.8890] microVU1: 3 cycle stall on branch instruction [26d0]
[    6.8890] microVU1: 3 cycle stall on branch instruction [2708]
[    6.8890] microVU1: 3 cycle stall on branch instruction [2708]
[    6.8891] microVU1: 3 cycle stall on branch instruction [2728]
[    6.8891] microVU1: 3 cycle stall on branch instruction [2728]
[    6.8896] microVU1: 3 cycle stall on branch instruction [1fa8]
[    6.9022] LOG: CORONAPROBE_FRAME frame=1 arm=0 case=3 generation=1 counters=0
[    6.9024] LOG: CORONAPROBE_READY arm=0 case=3 repeats=1 completed=1
[    6.9024] (VMManager) Pausing...
[    6.9429] PINE: New client with FD 14 connected.
[    6.9433] PINE: Client disconnected.
[    7.0653] PINE: New client with FD 14 connected.
[    7.0656] OSD [SaveStateSlot236]: Saving state to slot 236...
[    7.0946]   Saving SPU2
[    7.0953]   Saving GS
[    7.1990] OSD [SaveStateSlot236]: Saved state to slot 236.
[    7.1990] Zipping save state to '/home/spider/corona-probe-v3-case3-arm0-repeat1-20261005-v3/profile/PCSX2/sstates/vehicle-playground (8F787F06).236.p2s' took 98.09 ms
[    8.3577] PINE: Client disconnected.
