[    0.0141] Program Path: /home/spider/tyrax2-debugger-linux-v1/squashfs-root/usr/bin/pcsx2-qt
[    0.0141] AppRoot Directory: /home/spider/tyrax2-debugger-linux-v1/squashfs-root/usr/bin
[    0.0141] Resources Directory: /home/spider/tyrax2-debugger-linux-v1/squashfs-root/usr/bin/resources
[    0.0141] DataRoot Directory: /home/spider/pool2-ee-probe-a96-arm0-repeat2-20261005-v1/profile/PCSX2
[    0.0142] Loading config from /home/spider/pool2-ee-probe-a96-arm0-repeat2-20261005-v1/profile/PCSX2/inis/PCSX2.ini.
[    0.0144] Loading secrets from /home/spider/pool2-ee-probe-a96-arm0-repeat2-20261005-v1/profile/PCSX2/inis/secrets.ini.
[    0.0149] BIOS Directory: /mnt/c/Users/pawel/OneDrive/Documents/PCSX2/bios
[    0.0149] Snapshots Directory: /home/spider/pool2-ee-probe-a96-arm0-repeat2-20261005-v1/profile/PCSX2/snaps
[    0.0150] Savestates Directory: /home/spider/pool2-ee-probe-a96-arm0-repeat2-20261005-v1/profile/PCSX2/sstates
[    0.0150] MemoryCards Directory: /home/spider/pool2-ee-probe-a96-arm0-repeat2-20261005-v1/profile/PCSX2/memcards
[    0.0150] Logs Directory: /home/spider/pool2-ee-probe-a96-arm0-repeat2-20261005-v1/profile/PCSX2/logs
[    0.0150] Cheats Directory: /home/spider/pool2-ee-probe-a96-arm0-repeat2-20261005-v1/profile/PCSX2/cheats
[    0.0150] Patches Directory: /home/spider/pool2-ee-probe-a96-arm0-repeat2-20261005-v1/profile/PCSX2/patches
[    0.0150] Covers Directory: /home/spider/pool2-ee-probe-a96-arm0-repeat2-20261005-v1/profile/PCSX2/covers
[    0.0150] Game Settings Directory: /home/spider/pool2-ee-probe-a96-arm0-repeat2-20261005-v1/profile/PCSX2/gamesettings
[    0.0150] Resources Directory: /home/spider/tyrax2-debugger-linux-v1/squashfs-root/usr/bin/resources
[    0.0150] User Resources Directory: /home/spider/pool2-ee-probe-a96-arm0-repeat2-20261005-v1/profile/PCSX2/resources
[    0.0150] Cache Directory: /home/spider/pool2-ee-probe-a96-arm0-repeat2-20261005-v1/profile/PCSX2/cache
[    0.0150] Textures Directory: /home/spider/pool2-ee-probe-a96-arm0-repeat2-20261005-v1/profile/PCSX2/textures
[    0.0150] Input Profile Directory: /home/spider/pool2-ee-probe-a96-arm0-repeat2-20261005-v1/profile/PCSX2/inputprofiles
[    0.0150] Video Dumping Directory: /home/spider/pool2-ee-probe-a96-arm0-repeat2-20261005-v1/profile/PCSX2/videos
[    0.0150] Debugger Layouts Directory: /home/spider/pool2-ee-probe-a96-arm0-repeat2-20261005-v1/profile/PCSX2/inis/debuggerlayouts
[    0.0150] Debugger Settings Directory: /home/spider/pool2-ee-probe-a96-arm0-repeat2-20261005-v1/profile/PCSX2/inis/debuggersettings
[    0.0327] Loaded translation file for language en-US
[    0.0404] PCSX2 v2.9.93
[    0.0404] Savestate version: 0x9a590000
[    0.0404] 
[    0.0404] 
[    0.0404] Host Machine Init:
[    0.0405]   Operating System = Ubuntu 22.04
[    0.0405]   Available RAM    = 49105 MB (47.95 GB)
[    0.0405]   Physical RAM     = 50191 MB (49.02 GB)
[    0.0405] 
[    0.0405]   Processor        = AMD Ryzen Threadripper 1920X
[    0.0405]   Core Count       = 24 cores
[    0.0405]   Thread Count     = 24 threads
[    0.0405]   Cluster Count    = 1 clusters
[    0.0406] CPU Extensions Detected:
[    0.0406]   AVX AVX2
[    0.0406] 
[    0.0406] Allocating host memory for virtual systems...
[    0.0410]   EE Main Memory                   @ 0x00007FECE7200000 -> 0x00007FECF0100000 [143mb]
[    0.0410]   IOP Main Memory                  @ 0x00007FECF0100000 -> 0x00007FECF8200000 [129mb]
[    0.0410]   VU0/1 On-Chip Memory             @ 0x00007FECF8200000 -> 0x00007FECF8300000 [1mb]
[    0.0410]   VTLB Virtual Map                 @ 0x00007FECF8300000 -> 0x00007FECF8B00000 [8mb]
[    0.0410]   VTLB Address Map                 @ 0x00007FECF8B00000 -> 0x00007FECF8F00000 [4mb]
[    0.0411]   R5900 Recompiler Cache           @ 0x00007FECF8F00000 -> 0x00007FECFCF00000 [64mb]
[    0.0411]   R3000A Recompiler Cache          @ 0x00007FECFCF00000 -> 0x00007FECFEF00000 [32mb]
[    0.0411]   Micro VU0 Recompiler Cache       @ 0x00007FECFFF00000 -> 0x00007FED03F00000 [64mb]
[    0.0411]   Micro VU1 Recompiler Cache       @ 0x00007FED03F00000 -> 0x00007FED07F00000 [64mb]
[    0.0411]   VIF0 Unpack Recompiler Cache     @ 0x00007FECFEF00000 -> 0x00007FECFF700000 [8mb]
[    0.0411]   VIF1 Unpack Recompiler Cache     @ 0x00007FECFF700000 -> 0x00007FECFFF00000 [8mb]
[    0.0411]   VIF Unpack Recompiler Cache      @ 0x00007FED07F00000 -> 0x00007FED08000000 [1mb]
[    0.0411]   GS Software Renderer             @ 0x00007FED08000000 -> 0x00007FED0C000000 [64mb]
[    0.0429] Fastmem area: 0x7febe7200000 - 0x7fece71fffff
[    0.0451] Generating SSE-optimized unpacking functions for VIF interpreters...
[    0.0456] Unpack function generation complete.  Generated function statistics:
[    0.0456]   Reserved buffer    : 1048576 bytes @ 0x00007FED07F00000
[    0.0456]   x86 code generated : 7422 bytes
[    0.0456] 
[    0.0459] SDLInputSource: Using Controller DB from resources.
[    0.0652] SDLInputSource: 765 gamepad mappings are loaded.
[    0.0653] Invalid binding: 'XInput-0/DPadUp'
[    0.0653] Invalid binding: 'XInput-0/DPadRight'
[    0.0653] Invalid binding: 'XInput-0/DPadDown'
[    0.0653] Invalid binding: 'XInput-0/DPadLeft'
[    0.0653] Invalid binding: 'XInput-0/Y'
[    0.0653] Invalid binding: 'XInput-0/B'
[    0.0653] Invalid binding: 'XInput-0/A'
[    0.0653] Invalid binding: 'XInput-0/X'
[    0.0653] Invalid binding: 'XInput-0/Back'
[    0.0653] Invalid binding: 'XInput-0/Start'
[    0.0653] Invalid binding: 'XInput-0/LeftShoulder'
[    0.0653] Invalid binding: 'XInput-0/+LeftTrigger'
[    0.0653] Invalid binding: 'XInput-0/RightShoulder'
[    0.0653] Invalid binding: 'XInput-0/+RightTrigger'
[    0.0653] Invalid binding: 'XInput-0/LeftStick'
[    0.0653] Invalid binding: 'XInput-0/RightStick'
[    0.0653] Invalid binding: 'XInput-0/Guide'
[    0.0653] Invalid binding: 'XInput-0/-LeftY'
[    0.0653] Invalid binding: 'XInput-0/+LeftX'
[    0.0653] Invalid binding: 'XInput-0/+LeftY'
[    0.0654] Invalid binding: 'XInput-0/-LeftX'
[    0.0654] Invalid binding: 'XInput-0/-RightY'
[    0.0654] Invalid binding: 'XInput-0/+RightX'
[    0.0654] Invalid binding: 'XInput-0/+RightY'
[    0.0654] Invalid binding: 'XInput-0/-RightX'
[    0.0659] Settings: Advanced Settings are enabled; only proceed if you know what you're doing! No support will be provided if you have the option enabled.
[    0.1116] Scanning F:\PS2\Games (recursively)
[    0.2206] Loading BIOS...
[    0.2322] BIOS Found: Europe  v02.00(14/06/2004)  Console 20040614-100914
[    0.2882] Mechacon version: 0x00020603
[    0.2895] Opening CDVD...
[    0.3212] Initializing Elf: 4464732 bytes
[    0.3219] Disc changed to .
[    0.3220]   Name: vehicle-playground [?]
[    0.3220]   Serial: vehicle-playground
[    0.3220]   Version: 
[    0.3220]   CRC: 1C2826FE
[    0.3220] No game settings found (tried '/home/spider/pool2-ee-probe-a96-arm0-repeat2-20261005-v1/profile/PCSX2/gamesettings/1C2826FE.ini')
[    0.3220] Applying settings...
[    0.3222] Invalid binding: 'XInput-0/DPadUp'
[    0.3222] Invalid binding: 'XInput-0/DPadRight'
[    0.3223] Invalid binding: 'XInput-0/DPadDown'
[    0.3223] Invalid binding: 'XInput-0/DPadLeft'
[    0.3223] Invalid binding: 'XInput-0/Y'
[    0.3223] Invalid binding: 'XInput-0/B'
[    0.3223] Invalid binding: 'XInput-0/A'
[    0.3223] Invalid binding: 'XInput-0/X'
[    0.3223] Invalid binding: 'XInput-0/Back'
[    0.3223] Invalid binding: 'XInput-0/Start'
[    0.3223] Invalid binding: 'XInput-0/LeftShoulder'
[    0.3223] Invalid binding: 'XInput-0/+LeftTrigger'
[    0.3223] Invalid binding: 'XInput-0/RightShoulder'
[    0.3223] Invalid binding: 'XInput-0/+RightTrigger'
[    0.3223] Invalid binding: 'XInput-0/LeftStick'
[    0.3223] Invalid binding: 'XInput-0/RightStick'
[    0.3224] Invalid binding: 'XInput-0/Guide'
[    0.3224] Invalid binding: 'XInput-0/-LeftY'
[    0.3224] Invalid binding: 'XInput-0/+LeftX'
[    0.3224] Invalid binding: 'XInput-0/+LeftY'
[    0.3224] Invalid binding: 'XInput-0/-LeftX'
[    0.3224] Invalid binding: 'XInput-0/-RightY'
[    0.3224] Invalid binding: 'XInput-0/+RightX'
[    0.3224] Invalid binding: 'XInput-0/+RightY'
[    0.3224] Invalid binding: 'XInput-0/-RightX'
[    0.3225] GameDB: Has not been initialized yet, initializing...
[    0.3655] GameDB: 12841 games on record (loaded in 42.93ms)
[    0.3681] Reopening memory cards...
[    0.3682] (FileMcd) Creating new 8MB memory card: /home/spider/pool2-ee-probe-a96-arm0-repeat2-20261005-v1/profile/PCSX2/memcards/Mcd001.ps2
[    0.3774] McdSlot 0 [File]: Mcd001.ps2 [8 MB, UNFORMATTED]
[    0.3774] McdSlot 1 [File]: [disabled/empty filename]
[    0.3819] HLE Host: Set 'host:' root path to: /mnt/f/Projects/tyrax2-lab-20261001/wild-pool2-ee-probe-physical-v1/game/bin
[    0.3819] EE/iR5900 Recompiler Reset
[    0.4208] iR3000A Recompiler reset.
[    0.4391] Resetting host memory for virtual systems...
[    0.6787] Time Zone Offset: GMT+01:00
[    0.6788] Time Zone Location: Berlin
[    0.6788] DST: Winter Time
[    0.6788] Time Format: 24-Hour
[    0.6788] Date Format: DD/MM/YYYY
[    0.6788] System Time Basis: Operating System Time
[    0.6788] Resulting System Time: 2026-10-05 12:53:06
[    0.6788] Close virtual disk tray
[    0.6788] Media already loaded (fast boot)
[    0.6788] Opening GS...
[    0.7201] VK: Enabling extension: VK_KHR_get_surface_capabilities2
[    0.7308] Using Vulkan GPU 'llvmpipe (LLVM 15.0.7, 256 bits)' for automatic renderer check.
[    0.7309] Not using Vulkan for software renderer.
[    0.7310] acquireRenderWindow() recreate=true fullscreen=false render_to_main=true surfaceless=false
[    0.7335] (GetRefreshRateFromXRandR) Modeline is invalid: 0/0/0
[    0.7336] Surface refresh rate: 60 Hz
[    0.7340] Loading EGL from libEGL.so...
[    0.7352] GLAD EGL Version: 1.0
[    0.7352] Using EGL platform EGL_EXT_platform_x11.
[    0.7481] eglInitialize() version: 1.5
[    0.7481] GLAD EGL Version: 1.5
[    0.7481] Trying GL version 4.6
[    0.7482] eglCreateContext() failed: 0x3009
[    0.7482] Trying GL version 4.5
[    0.7589] Got GL version 4.5
[    0.7589] EGL_MIN_SWAP_INTERVAL = 1
[    0.7589] EGL_MAX_SWAP_INTERVAL = 1
[    0.7589] Negative swap interval/tear-control is NOT supported
[    0.7613] GL_VENDOR: Mesa
[    0.7614] GL_VERSION: 4.5 (Core Profile) Mesa 23.2.1-1ubuntu3.1~22.04.4
[    0.7614] GL_RENDERER: llvmpipe (LLVM 15.0.7, 256 bits)
[    0.7614] GL_SHADING_LANGUAGE_VERSION: 4.50
[    0.7614] GL_MAX_VERTEX_SHADER_STORAGE_BLOCKS: 16
[    0.7614] GL: Viewport Array:            Supported       => Using: GL_ARB_viewport_array
[    0.7614] GL: Direct State Access:       Supported       => Using: OpenGL 4.5 Core
[    0.7614] GL: Copy Image:                Supported       => Using: OpenGL 4.3 Core
[    0.7614] GL: Clip Control:              Supported       => Using: OpenGL 4.5 Core
[    0.7614] GL: Conservative Depth:        Supported       => Using: OpenGL 4.2 Core
[    0.7614] GL: CAS Sharpening:            Supported       => Using: OpenGL 4.2 Core
[    0.7614] GL: Texture Barriers:          Auto            => Using: Framebuffer Fetch
[    0.7615] GL: RGBA16 HW Blending:        Supported       => Using: RGBA16 UNORM
[    0.7615] GL: Point Expansion:           Supported       => Using: Hardware
[    0.7615] GL: Line Expansion:            Fallback        => Using: Vertex Expansion
[    0.7615] GL: Sprite Expansion:          Supported       => Using: Vertex Expansion
[    0.7615] GL: DXTn Texture Compression:  Supported       => Using: GL_EXT_texture_compression_s3tc
[    0.7615] GL: BC6/7 Texture Compression: Supported       => Using: OpenGL 4.2 Core
[    0.7684] 1 program binary formats supported by driver
[    0.8061] Program binary retrieved, 4105 bytes, format 34655
[    0.8065] Program binary retrieved, 4121 bytes, format 34655
[    0.8069] Program binary retrieved, 4249 bytes, format 34655
[    0.8073] Program binary retrieved, 4013 bytes, format 34655
[    0.8076] Program binary retrieved, 4013 bytes, format 34655
[    0.8080] Program binary retrieved, 4017 bytes, format 34655
[    0.8084] Program binary retrieved, 4017 bytes, format 34655
[    0.8088] Program binary retrieved, 4185 bytes, format 34655
[    0.8091] Program binary retrieved, 4217 bytes, format 34655
[    0.8095] Program binary retrieved, 4137 bytes, format 34655
[    0.8099] Program binary retrieved, 4125 bytes, format 34655
[    0.8103] Program binary retrieved, 4121 bytes, format 34655
[    0.8108] Program binary retrieved, 4253 bytes, format 34655
[    0.8114] Program binary retrieved, 4237 bytes, format 34655
[    0.8117] Program binary retrieved, 4245 bytes, format 34655
[    0.8122] Program binary retrieved, 4261 bytes, format 34655
[    0.8126] Program binary retrieved, 4965 bytes, format 34655
[    0.8133] Program binary retrieved, 4981 bytes, format 34655
[    0.8137] Program binary retrieved, 4261 bytes, format 34655
[    0.8142] Program binary retrieved, 4277 bytes, format 34655
[    0.8147] Program binary retrieved, 5005 bytes, format 34655
[    0.8152] Program binary retrieved, 5021 bytes, format 34655
[    0.8157] Program binary retrieved, 4257 bytes, format 34655
[    0.8161] Program binary retrieved, 4273 bytes, format 34655
[    0.8166] Program binary retrieved, 5001 bytes, format 34655
[    0.8171] Program binary retrieved, 5017 bytes, format 34655
[    0.8175] Program binary retrieved, 4277 bytes, format 34655
[    0.8179] Program binary retrieved, 4293 bytes, format 34655
[    0.8184] Program binary retrieved, 5057 bytes, format 34655
[    0.8189] Program binary retrieved, 5073 bytes, format 34655
[    0.8193] Program binary retrieved, 4153 bytes, format 34655
[    0.8197] Program binary retrieved, 4169 bytes, format 34655
[    0.8200] Program binary retrieved, 4233 bytes, format 34655
[    0.8205] Program binary retrieved, 5781 bytes, format 34655
[    0.8211] Program binary retrieved, 5373 bytes, format 34655
[    0.8217] Program binary retrieved, 6389 bytes, format 34655
[    0.8221] Program binary retrieved, 4917 bytes, format 34655
[    0.8225] Program binary retrieved, 4845 bytes, format 34655
[    0.8230] Program binary retrieved, 4997 bytes, format 34655
[    0.8233] Program binary retrieved, 4101 bytes, format 34655
[    0.8264] Program binary retrieved, 4137 bytes, format 34655
[    0.8298] Program binary retrieved, 4109 bytes, format 34655
[    0.8302] Program binary retrieved, 5389 bytes, format 34655
[    0.8306] Program binary retrieved, 5829 bytes, format 34655
[    0.8310] Program binary retrieved, 5857 bytes, format 34655
[    0.8313] Program binary retrieved, 4289 bytes, format 34655
[    0.8340] Program binary retrieved, 21205 bytes, format 34655
[    0.8346] Program binary retrieved, 4765 bytes, format 34655
[    0.8351] Program binary retrieved, 5685 bytes, format 34655
[    0.8354] Program binary retrieved, 4141 bytes, format 34655
[    0.8357] Program binary retrieved, 4537 bytes, format 34655
[    0.8361] Program binary retrieved, 4889 bytes, format 34655
[    0.8364] Program binary retrieved, 4117 bytes, format 34655
[    0.8368] Program binary retrieved, 4741 bytes, format 34655
[    0.8371] Program binary retrieved, 4965 bytes, format 34655
[    0.8377] Program binary retrieved, 6613 bytes, format 34655
[    0.8381] Program binary retrieved, 4797 bytes, format 34655
[    0.8396] Program binary retrieved, 13085 bytes, format 34655
[    0.8461] Program binary retrieved, 7285 bytes, format 34655
[    0.8520] Program binary retrieved, 5497 bytes, format 34655
[    0.8523] Program binary retrieved, 4141 bytes, format 34655
[    0.8527] Program binary retrieved, 4141 bytes, format 34655
[    0.8531] Program binary retrieved, 4145 bytes, format 34655
[    0.8534] Program binary retrieved, 4145 bytes, format 34655
[    0.8995] Program binary retrieved, 5369 bytes, format 34655
[    0.9009] OpenGL Graphics Driver Info:
[    0.9009] OpenGL Context:
[    0.9009] 4.5 (Core Profile) Mesa 23.2.1-1ubuntu3.1~22.04.4
[    0.9009] Mesa llvmpipe (LLVM 15.0.7, 256 bits)
[    0.9009] GLSL: 4.50
[    0.9039] Processor count: 24 cores, 24 processors, 1 clusters
[    0.9040] Ordered processor list: 12, 23, 22, 21, 20, 19, 18, 17, 16, 15, 14, 13, 0, 11, 10, 9, 8, 7, 6, 5, 4, 3, 2, 1
[    0.9040] Not pinning SW threads, we need 4 processors, but only have 0
[    0.9044] Opening SPU2...
[    0.9054] Creating Null audio stream, sample rate = 48000, expansion = Disabled, buffer = 50, latency = 32, stretching enabled, driver = wasapi, device = 
[    0.9055] Allocated buffer of 2432 frames for buffer of 50 ms [expansion Disabled (block size 2048), stretch disabled, target size 2432].
[    0.9055] Initializing Pad...
[    0.9055] Initializing SIO2...
[    0.9055] Initializing SIO0...
[    0.9055] Opening DEV9...
[    0.9055] DEV9: DEV9init
[    0.9062] DEV9: DEV9init2
[    0.9062] DEV9: DEV9init3
[    0.9107] DEV9: DEV9init ok
[    0.9107] DEV9: DEV9open
[    0.9107] Opening USB...
[    0.9107] Opening FW...
[    0.9111] Frame rate: 59.94, target speed: 1, target frame rate: 59.94, ticks per frame: 16683350
[    0.9142] MultiPause time: 142ns
[    0.9143] MultiPause time: 150ns
[    0.9144] MultiPause time: 202ns
[    0.9145] MultiPause time: 144ns
[    0.9159] VM subsystems initialized in 699.62 ms
[    0.9286] Failed to inhibit screen saver.
[    0.9286] Processor order assignment: EE=12, VU=23, GS=23
[    0.9286]   EE thread is on processor 12 (0x1000)
[    0.9287]   GS thread is on processor 23 (0x800000)
[    0.9399] Failed to inhibit screen saver.
[    0.9675] # Initialize memory (rev:3.70, ctm:197Mhz, cpuclk:147Mhz detected)
[    0.9764] R3000 Debugger: Branch to 0x890 (SYSMEM). Clearing modules.
[    0.9782] RegisterLibraryEntries: excepman version 1.01
[    0.9791] RegisterLibraryEntries:  intrman version 1.02
[    0.9792] RegisterLibraryEntries:   ssbusc version 1.01
[    0.9796] RegisterLibraryEntries:  dmacman version 1.02
[    0.9800] RegisterLibraryEntries:  timrman version 1.01
[    0.9803] RegisterLibraryEntries:  sysclib version 1.01
[    0.9804] RegisterLibraryEntries:    stdio version 1.01
[    0.9805] RegisterLibraryEntries:  heaplib version 1.01
[    0.9809] FW: read mem 0x1f80847c: 0x10000001
[    0.9809] FW: write mem 0x1f808414: 0x417f0000
[    0.9809] FW: read mem 0x1f808400: 0xffc00001
[    0.9809] FW: write mem 0x1f80844c: 0xffffffff
[    0.9809] FW: write mem 0x1f808420: 0xffffffff
[    0.9809] FW: write mem 0x1f808428: 0xffffffff
[    0.9809] FW: write mem 0x1f808430: 0xffffffff
[    0.9819] RegisterLibraryEntries:   thbase version 1.01
[    0.9820] RegisterLibraryEntries:  thevent version 1.01
[    0.9820] RegisterLibraryEntries:  thsemap version 1.01
[    0.9821] RegisterLibraryEntries:  thmsgbx version 1.01
[    0.9822] RegisterLibraryEntries:  thfpool version 1.01
[    0.9822] RegisterLibraryEntries:  thvpool version 1.01
[    0.9830] RegisterLibraryEntries:   vblank version 1.01
[    0.9839] RegisterLibraryEntries:    ioman version 1.02
[    0.9847] RegisterLibraryEntries:  modload version 1.01
[    0.9851] RegisterLibraryEntries:   romdrv version 2.01
[    0.9853] RegisterLibraryEntries:    stdio version 1.02
[    0.9857] RegisterLibraryEntries:   sifman version 1.01
[    0.9860] 
[    0.9860] PlayStation 2 ======== Hard reset boot
[    0.9862]  ROMGEN=2004-0614, IOP info (CPUID=1f, CACH_CONFIG=0, 2MB, IOP mode)
[    0.9863]  <20040614-100914,ROMconf,PS20200EC20040614.bin:11696>
[    0.9958] # Total accessable memory size: 32 MB (B:2:8:0) (370:2:7c30)
[    0.9968] # TLB spad=0 kernel=1:12 default=13:30 extended=31:38
[    1.0625] # Initialize Start.
[    1.0632] # Initialize GS ...
[    1.0633] # Initialize INTC ...
[    1.0633] # Initialize TIMER ...
[    1.0634] # Initialize DMAC ...
[    1.0635] # Initialize VU1 ...
[    1.0638] # Initialize VIF1 ...
[    1.0639] # Initialize GIF ...
[    1.0640] # Initialize VU0 ...
[    1.0642] # Initialize VIF0 ...
[    1.0642] # Initialize IPU ...
[    1.0644] # Initialize FPU ...
[    1.0645] # Initialize User Memory ...
[    1.1219] # Initialize Scratch Pad ...
[    1.1220] # Initialize Done.
[    1.1228] 
[    1.1228] EE DECI2 Manager version 0.06 Feb  6 2003 08:38:48
[    1.1229]   CPUID=2e20, BoardID=0, ROMGEN=2004-0614, 32M
[    1.1229] 
[    1.1231] RegisterLibraryEntries:   sifcmd version 1.01
[    1.1525] Initializing Elf: 4464732 bytes
[    1.1548] ELF Loading: host:vehicle-playground.elf, Game CRC = 1C2826FE, EntryPoint = 0x00100E78
[    1.1579] RegisterLibraryEntries:  cdvdman version 1.01
[    1.1614] Imported 823 symbols.
[    1.1649] RegisterLibraryEntries:  cdvdfsv version 1.01
[    1.1666] RegisterLibraryEntries:  secrman version 1.03
[    1.1667] RegisterLibraryEntries:   eesync version 1.01
[    1.1668] 
[    1.1668] IOP Realtime Kernel Ver.0.9.1
[    1.1668]     Copyright 1999 (C) Sony Computer Entertainment Inc. 
[    1.1674] Reboot service module.(99/11/10)
[    1.1696] cdvd driver module version 0.1.1 (C)SCEI
[    1.1700] Load File service.(99/11/05)
[    1.1701] Multi Threaded Fileio module.(99/11/15) 
[    1.1702] iop heap service (99/11/03)
[    1.1859] loadelf: fname host:vehicle-playground.elf secname all
[    1.1860] loadelf version 3.30
[    1.1881] Input ELF format filename = host:vehicle-playground.elf
[    1.2327] 1 00100000 003f603c ................................................................
[    1.2327] Loaded, host:vehicle-playground.elf
[    1.2328] start address 0x100e78
[    1.2328] gp address 00000000
[    1.2336] (VMManager) Pausing...
[    1.2338] (VMManager) Resuming...
[    1.2459] Failed to inhibit screen saver.
[    1.2460] EE/iR5900 Recompiler Reset
[    1.2463] PINE: New client with FD 14 connected.
[    1.2467] PINE: Client disconnected.
[    1.2629] # Restart Without Memory Clear.
[    1.2735] # Initialize GS ...
[    1.2736] # Initialize INTC ...
[    1.2736] # Initialize TIMER ...
[    1.2736] # Initialize DMAC ...
[    1.2737] # Initialize VU1 ...
[    1.2738] # Initialize VIF1 ...
[    1.2739] # Initialize GIF ...
[    1.2740] # Initialize VU0 ...
[    1.2741] # Initialize VIF0 ...
[    1.2741] # Initialize IPU ...
[    1.2743] # Initialize FPU ...
[    1.2744] # Initialize Scratch Pad ...
[    1.2746] # Restart Without Memory Clear Done.
[    1.2748] ELF host:vehicle-playground.elf with entry point at 0x00100E78 is executing.
[    1.2749] ELF changed, active CRC 1C2826FE (host:vehicle-playground.elf)
[    1.2754] Debugger Settings Manager: Failed to read Saved Addresses array from settings file: '/home/spider/pool2-ee-probe-a96-arm0-repeat2-20261005-v1/profile/PCSX2/inis/debuggersettings/vehicle-playground_1C2826FE.json'
[    1.2754] Applying core settings...
[    1.2754] Debugger Settings Manager: Failed to read Saved Addresses array from settings file: '/home/spider/pool2-ee-probe-a96-arm0-repeat2-20261005-v1/profile/PCSX2/inis/debuggersettings/vehicle-playground_1C2826FE.json'
[    1.2759] Updating CPU configuration...
[    1.2760] iR3000A Recompiler reset.
[    1.2971] iR3000A Recompiler reset.
[    1.3031] EE/iR5900 Recompiler Reset
[    1.3207] (VMManager) Pausing...
[    1.3210] EE/iR5900 Recompiler Reset
[    1.3378] EE/iR5900 Recompiler Reset
[    1.3473] PINE: New client with FD 14 connected.
[    1.3476] PINE: Client disconnected.
[    1.3524] iR3000A Recompiler reset.
[    1.3571] EE/iR5900 Recompiler Reset
[    1.3717] iR3000A Recompiler reset.
[    1.3756] EE/iR5900 Recompiler Reset
[    1.3903] iR3000A Recompiler reset.
[    1.3941] EE/iR5900 Recompiler Reset
[    1.4086] iR3000A Recompiler reset.
[    1.4117] EE/iR5900 Recompiler Reset
[    1.4805] PINE: New client with FD 14 connected.
[    1.4809] OSD [SaveStateSlot140]: Saving state to slot 140...
[    1.5072]   Saving SPU2
[    1.5081]   Saving GS
[    1.6065] OSD [SaveStateSlot140]: Saved state to slot 140.
[    1.6066] Zipping save state to '/home/spider/pool2-ee-probe-a96-arm0-repeat2-20261005-v1/profile/PCSX2/sstates/vehicle-playground (1C2826FE).140.p2s' took 91.82 ms
[    2.7628] PINE: Client disconnected.
[    3.2611] PINE: New client with FD 14 connected.
[    3.2661] (VMManager) Resuming...
[    3.2790] Failed to inhibit screen saver.
[    3.2803] BIOS: Successfully found the instruction pattern. Assuming the thread list is here: 8001a640
[    3.2833] Warning: GetOsdConfigParam2 Reading extended language/version configs, may be incorrect!
[    3.2944] read/write allocate memory 4000
[    3.2944] open name host:/ps2link.run flag 1 data 41378
[    3.2951] open fd = -5
[    3.2979] Get Reboot Request From EE
[    3.2991] R3000 Debugger: Branch to 0x890 (SYSMEM). Clearing modules.
[    3.3011] RegisterLibraryEntries: excepman version 1.01
[    3.3021] RegisterLibraryEntries:  intrman version 1.02
[    3.3023] RegisterLibraryEntries:   ssbusc version 1.01
[    3.3029] RegisterLibraryEntries:  dmacman version 1.02
[    3.3035] RegisterLibraryEntries:  timrman version 1.01
[    3.3039] RegisterLibraryEntries:  sysclib version 1.01
[    3.3040] RegisterLibraryEntries:    stdio version 1.01
[    3.3041] RegisterLibraryEntries:  heaplib version 1.01
[    3.3064] RegisterLibraryEntries:   thbase version 1.01
[    3.3064] RegisterLibraryEntries:  thevent version 1.01
[    3.3065] RegisterLibraryEntries:  thsemap version 1.01
[    3.3065] RegisterLibraryEntries:  thmsgbx version 1.01
[    3.3065] RegisterLibraryEntries:  thfpool version 1.01
[    3.3066] RegisterLibraryEntries:  thvpool version 1.01
[    3.3075] RegisterLibraryEntries:   vblank version 1.01
[    3.3080] RegisterLibraryEntries:    ioman version 1.02
[    3.3090] RegisterLibraryEntries:  modload version 1.01
[    3.3168] RegisterLibraryEntries:   romdrv version 2.01
[    3.3172] RegisterLibraryEntries:    stdio version 1.02
[    3.3177] RegisterLibraryEntries:   sifman version 1.01
[    3.3183] 
[    3.3184] PlayStation 2 ======== Soft reboot
[    3.3191] RegisterLibraryEntries:   sifcmd version 1.01
[    3.3226] RegisterLibraryEntries:  cdvdman version 1.01
[    3.3241] RegisterLibraryEntries:  cdvdfsv version 1.01
[    3.3314] RegisterLibraryEntries:  secrman version 1.03
[    3.3316] RegisterLibraryEntries:   eesync version 1.01
[    3.3318] 
[    3.3318] IOP Realtime Kernel Ver.0.9.1
[    3.3318]     Copyright 1999 (C) Sony Computer Entertainment Inc. 
[    3.3323] Reboot service module.(99/11/10)
[    3.3341] [EE] Skipping timeout loop at 0x002D4180 -> 0x002D41A0
[    3.3341] cdvd driver module version 0.1.1 (C)SCEI
[    3.3345] Load File service.(99/11/05)
[    3.3345] Multi Threaded Fileio module.(99/11/15) 
[    3.3346] iop heap service (99/11/03)
[    3.3547] RegisterLibraryEntries:   iomanx version 1.01
[    3.3559] fileXio: fileXio: fileXio RPC Server v1.00
[    3.3560] Copyright (c) 2003 adresd
[    3.3562] RegisterLibraryEntries:  sio2man version 2.07
[    3.3563] RegisterLibraryEntries:  sio2man version 1.02
[    3.3569] RegisterLibraryEntries:   padman version 1.02
[    3.3570] Pad Driver for OSD
[    3.3574] FREESD v1.01
[    3.3574] RegisterLibraryEntries:    libsd version 1.04
[    3.3580] debug_level = 1 (ps2snd 0.1
[    3.3666] PINE: Client disconnected.
[    3.3705] greetings from version 0.93 !
[    3.3705] RegisterLibraryEntries:   audsrv version 1.04
[    3.3706] audsrv_adpcm_init()
[    3.3717] UpdateVSyncRate: Mode Changed to SDTV 480p.
[    3.3717] Frame rate: 59.94, target speed: 1, target frame rate: 59.94, ticks per frame: 16683350
[    3.3717] Set GS CRTC configuration. SDTV   720x480 @ 59.94 Progressive (FRAME)
[    5.4425] read/write allocate memory 4000
[    5.4428] 
[    5.4432] -----------------------------------------
[    5.4433]         _____        ____   ___
[    5.4433]           |     /   ____| |___|
[    5.4434]           |     |   |     |   |
[    5.4434] -----------------------------------------
[    5.4435] Copyright 2022
[    5.4435] Repository: https://github.com/h4570/tyra
[    5.4436] Licensed under Apache License 2.0
[    5.4441] Version: 2.2.0
[    5.4441] -----------------------------------------
[    5.4442] 
[    5.6104] audsrv_adpcm_init()
[    5.6114] [EE] Skipping timeout loop at 0x00102CB0 -> 0x00102CD0
[    5.6425] Curent pad(0,0) status: EXECCMD
[    5.8411] Pad: DS2 Config Finished - P1/S1 - AL: Off - AB: Usable - VS: Disabled - VL: Disabled - RB: D (0x00000000)
[    5.8766] Curent pad(0,0) status: EXECCMD
[    5.9411] Pad: DS2 Config Finished - P1/S1 - AL: On - AB: Locked - VS: Disabled - VL: Disabled - RB: D (0x00000000)
[    6.1412] Pad: DS2 Config Finished - P1/S1 - AL: On - AB: Locked - VS: Disabled - VL: Disabled - RB: D (0x00000000)
[    6.1749] Curent pad(0,0) status: EXECCMD
[    6.4411] Pad: DS2 Config Finished - P1/S1 - AL: On - AB: Locked - VS: Disabled - VL: Disabled - RB: D+A+P (0x0003FFFF)
[    6.6409] Pad: DS2 Config Finished - P1/S1 - AL: On - AB: Locked - VS: Disabled - VL: Disabled - RB: D+A+P (0x0003FFFF)
[    6.6781] open name host:/pool2-probe.cfg flag 1 data 41378
[    6.6793] open fd = 256
[    6.6847] open name host:/hud/flare-corona.png flag 1 data 41378
[    6.6864] open fd = 256
[    6.7090] LOG: POOL2PROBE_CONFIG arm=0 vertices=96 members=1 repeats=2 package=75 alpha=128
[    6.7092] LOG: POOL2EEPROBE_CONFIG kind=7 clip=0 lazy=0 oracle=0
[    6.7103] FRAMEARENA allocated=1 bytes=1048576
[    6.7215] microVU1: Cached Prog = [000] [PC=18e0] [List=01] (Cache=0.000%) [0.0mb]
[    6.7224] microVU1: 3 cycle stall on branch instruction [1f78]
[    6.7234] microVU1: Cached Prog = [001] [PC=2480] [List=01] (Cache=0.246%) [0.1mb]
[    6.7243] microVU1: 3 cycle stall on branch instruction [1f78]
[    6.7360] LOG: POOL2EEPROBE_SOURCE clip=0 ready=0 total=96 generation=1 coldOracle=0
[    6.7361] LOG: POOL2PROBE_FRAME frame=1 cold=1 arm=0 eligible=0 applied=0 compared=0 mismatches=0
[    6.7498] LOG: POOL2EEPROBE_SOURCE clip=0 ready=0 total=96 generation=2 coldOracle=0
[    6.7499] LOG: POOL2PROBE_FRAME frame=2 cold=0 arm=0 eligible=0 applied=0 compared=0 mismatches=0
[    6.7500] LOG: POOL2PROBE_READY arm=0 vertices=96 repeats=2 completed=2 warmBypass=0
[    6.7501] (VMManager) Pausing...
[    6.7934] PINE: New client with FD 14 connected.
[    6.7938] PINE: Client disconnected.
[    6.9192] PINE: New client with FD 14 connected.
[    6.9195] OSD [SaveStateSlot174]: Saving state to slot 174...
[    6.9473]   Saving SPU2
[    6.9478]   Saving GS
[    7.0523] OSD [SaveStateSlot174]: Saved state to slot 174.
[    7.0524] Zipping save state to '/home/spider/pool2-ee-probe-a96-arm0-repeat2-20261005-v1/profile/PCSX2/sstates/vehicle-playground (1C2826FE).174.p2s' took 99.76 ms
[    8.1963] PINE: Client disconnected.
