[    0.0143] Program Path: /home/spider/tyrax2-debugger-linux-v1/squashfs-root/usr/bin/pcsx2-qt
[    0.0144] AppRoot Directory: /home/spider/tyrax2-debugger-linux-v1/squashfs-root/usr/bin
[    0.0144] Resources Directory: /home/spider/tyrax2-debugger-linux-v1/squashfs-root/usr/bin/resources
[    0.0144] DataRoot Directory: /home/spider/night-ablation-emulator-clip-plane-order0-20261005/profile/PCSX2
[    0.0144] Loading config from /home/spider/night-ablation-emulator-clip-plane-order0-20261005/profile/PCSX2/inis/PCSX2.ini.
[    0.0146] Loading secrets from /home/spider/night-ablation-emulator-clip-plane-order0-20261005/profile/PCSX2/inis/secrets.ini.
[    0.0150] BIOS Directory: /mnt/c/Users/pawel/OneDrive/Documents/PCSX2/bios
[    0.0150] Snapshots Directory: /home/spider/night-ablation-emulator-clip-plane-order0-20261005/profile/PCSX2/snaps
[    0.0150] Savestates Directory: /home/spider/night-ablation-emulator-clip-plane-order0-20261005/profile/PCSX2/sstates
[    0.0150] MemoryCards Directory: /home/spider/night-ablation-emulator-clip-plane-order0-20261005/profile/PCSX2/memcards
[    0.0150] Logs Directory: /home/spider/night-ablation-emulator-clip-plane-order0-20261005/profile/PCSX2/logs
[    0.0151] Cheats Directory: /home/spider/night-ablation-emulator-clip-plane-order0-20261005/profile/PCSX2/cheats
[    0.0151] Patches Directory: /home/spider/night-ablation-emulator-clip-plane-order0-20261005/profile/PCSX2/patches
[    0.0151] Covers Directory: /home/spider/night-ablation-emulator-clip-plane-order0-20261005/profile/PCSX2/covers
[    0.0151] Game Settings Directory: /home/spider/night-ablation-emulator-clip-plane-order0-20261005/profile/PCSX2/gamesettings
[    0.0151] Resources Directory: /home/spider/tyrax2-debugger-linux-v1/squashfs-root/usr/bin/resources
[    0.0151] User Resources Directory: /home/spider/night-ablation-emulator-clip-plane-order0-20261005/profile/PCSX2/resources
[    0.0151] Cache Directory: /home/spider/night-ablation-emulator-clip-plane-order0-20261005/profile/PCSX2/cache
[    0.0151] Textures Directory: /home/spider/night-ablation-emulator-clip-plane-order0-20261005/profile/PCSX2/textures
[    0.0151] Input Profile Directory: /home/spider/night-ablation-emulator-clip-plane-order0-20261005/profile/PCSX2/inputprofiles
[    0.0151] Video Dumping Directory: /home/spider/night-ablation-emulator-clip-plane-order0-20261005/profile/PCSX2/videos
[    0.0151] Debugger Layouts Directory: /home/spider/night-ablation-emulator-clip-plane-order0-20261005/profile/PCSX2/inis/debuggerlayouts
[    0.0151] Debugger Settings Directory: /home/spider/night-ablation-emulator-clip-plane-order0-20261005/profile/PCSX2/inis/debuggersettings
[    0.0270] Loaded translation file for language en-US
[    0.0345] PCSX2 v2.9.93
[    0.0345] Savestate version: 0x9a590000
[    0.0345] 
[    0.0345] 
[    0.0345] Host Machine Init:
[    0.0348]   Operating System = Ubuntu 22.04
[    0.0348]   Available RAM    = 49184 MB (48.03 GB)
[    0.0348]   Physical RAM     = 50191 MB (49.02 GB)
[    0.0348] 
[    0.0348]   Processor        = AMD Ryzen Threadripper 1920X
[    0.0348]   Core Count       = 24 cores
[    0.0348]   Thread Count     = 24 threads
[    0.0348]   Cluster Count    = 1 clusters
[    0.0348] CPU Extensions Detected:
[    0.0348]   AVX AVX2
[    0.0348] 
[    0.0348] Allocating host memory for virtual systems...
[    0.0351]   EE Main Memory                   @ 0x00007F35D7200000 -> 0x00007F35E0100000 [143mb]
[    0.0352]   IOP Main Memory                  @ 0x00007F35E0100000 -> 0x00007F35E8200000 [129mb]
[    0.0352]   VU0/1 On-Chip Memory             @ 0x00007F35E8200000 -> 0x00007F35E8300000 [1mb]
[    0.0352]   VTLB Virtual Map                 @ 0x00007F35E8300000 -> 0x00007F35E8B00000 [8mb]
[    0.0352]   VTLB Address Map                 @ 0x00007F35E8B00000 -> 0x00007F35E8F00000 [4mb]
[    0.0352]   R5900 Recompiler Cache           @ 0x00007F35E8F00000 -> 0x00007F35ECF00000 [64mb]
[    0.0352]   R3000A Recompiler Cache          @ 0x00007F35ECF00000 -> 0x00007F35EEF00000 [32mb]
[    0.0352]   Micro VU0 Recompiler Cache       @ 0x00007F35EFF00000 -> 0x00007F35F3F00000 [64mb]
[    0.0352]   Micro VU1 Recompiler Cache       @ 0x00007F35F3F00000 -> 0x00007F35F7F00000 [64mb]
[    0.0353]   VIF0 Unpack Recompiler Cache     @ 0x00007F35EEF00000 -> 0x00007F35EF700000 [8mb]
[    0.0353]   VIF1 Unpack Recompiler Cache     @ 0x00007F35EF700000 -> 0x00007F35EFF00000 [8mb]
[    0.0353]   VIF Unpack Recompiler Cache      @ 0x00007F35F7F00000 -> 0x00007F35F8000000 [1mb]
[    0.0353]   GS Software Renderer             @ 0x00007F35F8000000 -> 0x00007F35FC000000 [64mb]
[    0.0383] Fastmem area: 0x7f34d7200000 - 0x7f35d71fffff
[    0.0390] Generating SSE-optimized unpacking functions for VIF interpreters...
[    0.0396] Unpack function generation complete.  Generated function statistics:
[    0.0396]   Reserved buffer    : 1048576 bytes @ 0x00007F35F7F00000
[    0.0396]   x86 code generated : 7422 bytes
[    0.0396] 
[    0.0401] SDLInputSource: Using Controller DB from resources.
[    0.0571] SDLInputSource: 765 gamepad mappings are loaded.
[    0.0572] Invalid binding: 'XInput-0/DPadUp'
[    0.0572] Invalid binding: 'XInput-0/DPadRight'
[    0.0572] Invalid binding: 'XInput-0/DPadDown'
[    0.0572] Invalid binding: 'XInput-0/DPadLeft'
[    0.0572] Invalid binding: 'XInput-0/Y'
[    0.0572] Invalid binding: 'XInput-0/B'
[    0.0572] Invalid binding: 'XInput-0/A'
[    0.0572] Invalid binding: 'XInput-0/X'
[    0.0572] Invalid binding: 'XInput-0/Back'
[    0.0573] Invalid binding: 'XInput-0/Start'
[    0.0573] Invalid binding: 'XInput-0/LeftShoulder'
[    0.0573] Invalid binding: 'XInput-0/+LeftTrigger'
[    0.0573] Invalid binding: 'XInput-0/RightShoulder'
[    0.0573] Invalid binding: 'XInput-0/+RightTrigger'
[    0.0573] Invalid binding: 'XInput-0/LeftStick'
[    0.0573] Invalid binding: 'XInput-0/RightStick'
[    0.0573] Invalid binding: 'XInput-0/Guide'
[    0.0573] Invalid binding: 'XInput-0/-LeftY'
[    0.0573] Invalid binding: 'XInput-0/+LeftX'
[    0.0573] Invalid binding: 'XInput-0/+LeftY'
[    0.0573] Invalid binding: 'XInput-0/-LeftX'
[    0.0573] Invalid binding: 'XInput-0/-RightY'
[    0.0573] Invalid binding: 'XInput-0/+RightX'
[    0.0573] Invalid binding: 'XInput-0/+RightY'
[    0.0573] Invalid binding: 'XInput-0/-RightX'
[    0.0578] Settings: Advanced Settings are enabled; only proceed if you know what you're doing! No support will be provided if you have the option enabled.
[    0.1073] Scanning F:\PS2\Games (recursively)
[    0.1116] Loading BIOS...
[    0.1290] BIOS Found: Europe  v02.00(14/06/2004)  Console 20040614-100914
[    0.1997] Mechacon version: 0x00020603
[    0.2014] Opening CDVD...
[    0.2356] Initializing Elf: 4493148 bytes
[    0.2366] Disc changed to .
[    0.2366]   Name: vehicle-playground [?]
[    0.2366]   Serial: vehicle-playground
[    0.2366]   Version: 
[    0.2366]   CRC: 139343D8
[    0.2367] No game settings found (tried '/home/spider/night-ablation-emulator-clip-plane-order0-20261005/profile/PCSX2/gamesettings/139343D8.ini')
[    0.2367] Applying settings...
[    0.2369] Invalid binding: 'XInput-0/DPadUp'
[    0.2369] Invalid binding: 'XInput-0/DPadRight'
[    0.2369] Invalid binding: 'XInput-0/DPadDown'
[    0.2369] Invalid binding: 'XInput-0/DPadLeft'
[    0.2369] Invalid binding: 'XInput-0/Y'
[    0.2369] Invalid binding: 'XInput-0/B'
[    0.2369] Invalid binding: 'XInput-0/A'
[    0.2369] Invalid binding: 'XInput-0/X'
[    0.2369] Invalid binding: 'XInput-0/Back'
[    0.2369] Invalid binding: 'XInput-0/Start'
[    0.2369] Invalid binding: 'XInput-0/LeftShoulder'
[    0.2369] Invalid binding: 'XInput-0/+LeftTrigger'
[    0.2369] Invalid binding: 'XInput-0/RightShoulder'
[    0.2369] Invalid binding: 'XInput-0/+RightTrigger'
[    0.2370] Invalid binding: 'XInput-0/LeftStick'
[    0.2370] Invalid binding: 'XInput-0/RightStick'
[    0.2370] Invalid binding: 'XInput-0/Guide'
[    0.2370] Invalid binding: 'XInput-0/-LeftY'
[    0.2370] Invalid binding: 'XInput-0/+LeftX'
[    0.2370] Invalid binding: 'XInput-0/+LeftY'
[    0.2370] Invalid binding: 'XInput-0/-LeftX'
[    0.2370] Invalid binding: 'XInput-0/-RightY'
[    0.2370] Invalid binding: 'XInput-0/+RightX'
[    0.2370] Invalid binding: 'XInput-0/+RightY'
[    0.2370] Invalid binding: 'XInput-0/-RightX'
[    0.2372] GameDB: Has not been initialized yet, initializing...
[    0.2807] GameDB: 12841 games on record (loaded in 43.53ms)
[    0.2833] Reopening memory cards...
[    0.2833] (FileMcd) Creating new 8MB memory card: /home/spider/night-ablation-emulator-clip-plane-order0-20261005/profile/PCSX2/memcards/Mcd001.ps2
[    0.2926] McdSlot 0 [File]: Mcd001.ps2 [8 MB, UNFORMATTED]
[    0.2926] McdSlot 1 [File]: [disabled/empty filename]
[    0.2976] HLE Host: Set 'host:' root path to: /mnt/f/Projects/tyrax2-lab-20261001/clip-plane-specialize-physical-v2/game/bin
[    0.2977] EE/iR5900 Recompiler Reset
[    0.3332] iR3000A Recompiler reset.
[    0.3439] mVU Reset
[    0.3446] mVU Reset
[    0.3493] Resetting host memory for virtual systems...
[    0.5919] Time Zone Offset: GMT+01:00
[    0.5920] Time Zone Location: Berlin
[    0.5920] DST: Winter Time
[    0.5920] Time Format: 24-Hour
[    0.5920] Date Format: DD/MM/YYYY
[    0.5920] System Time Basis: Operating System Time
[    0.5920] Resulting System Time: 2026-10-05 21:00:11
[    0.5920] Close virtual disk tray
[    0.5920] Media already loaded (fast boot)
[    0.5920] Opening GS...
[    0.6303] VK: Enabling extension: VK_KHR_get_surface_capabilities2
[    0.6410] Using Vulkan GPU 'llvmpipe (LLVM 15.0.7, 256 bits)' for automatic renderer check.
[    0.6411] Not using Vulkan for software renderer.
[    0.6412] acquireRenderWindow() recreate=true fullscreen=false render_to_main=false surfaceless=false
[    0.6459] (GetRefreshRateFromXRandR) Modeline is invalid: 0/0/0
[    0.6460] Surface refresh rate: 60 Hz
[    0.6461] Loading EGL from libEGL.so...
[    0.6472] GLAD EGL Version: 1.0
[    0.6472] Using EGL platform EGL_EXT_platform_x11.
[    0.6552] eglInitialize() version: 1.5
[    0.6553] GLAD EGL Version: 1.5
[    0.6553] Trying GL version 4.6
[    0.6554] eglCreateContext() failed: 0x3009
[    0.6554] Trying GL version 4.5
[    0.6650] Got GL version 4.5
[    0.6651] EGL_MIN_SWAP_INTERVAL = 1
[    0.6651] EGL_MAX_SWAP_INTERVAL = 1
[    0.6651] Negative swap interval/tear-control is NOT supported
[    0.6678] GL_VENDOR: Mesa
[    0.6678] GL_VERSION: 4.5 (Core Profile) Mesa 23.2.1-1ubuntu3.1~22.04.4
[    0.6678] GL_RENDERER: llvmpipe (LLVM 15.0.7, 256 bits)
[    0.6679] GL_SHADING_LANGUAGE_VERSION: 4.50
[    0.6679] GL_MAX_VERTEX_SHADER_STORAGE_BLOCKS: 16
[    0.6679] GL: Viewport Array:            Supported       => Using: GL_ARB_viewport_array
[    0.6679] GL: Direct State Access:       Supported       => Using: OpenGL 4.5 Core
[    0.6679] GL: Copy Image:                Supported       => Using: OpenGL 4.3 Core
[    0.6679] GL: Clip Control:              Supported       => Using: OpenGL 4.5 Core
[    0.6679] GL: Conservative Depth:        Supported       => Using: OpenGL 4.2 Core
[    0.6679] GL: CAS Sharpening:            Supported       => Using: OpenGL 4.2 Core
[    0.6679] GL: Texture Barriers:          Auto            => Using: Framebuffer Fetch
[    0.6679] GL: RGBA16 HW Blending:        Supported       => Using: RGBA16 UNORM
[    0.6679] GL: Point Expansion:           Supported       => Using: Hardware
[    0.6680] GL: Line Expansion:            Fallback        => Using: Vertex Expansion
[    0.6680] GL: Sprite Expansion:          Supported       => Using: Vertex Expansion
[    0.6680] GL: DXTn Texture Compression:  Supported       => Using: GL_EXT_texture_compression_s3tc
[    0.6680] GL: BC6/7 Texture Compression: Supported       => Using: OpenGL 4.2 Core
[    0.6705] 1 program binary formats supported by driver
[    0.7065] Program binary retrieved, 4105 bytes, format 34655
[    0.7070] Program binary retrieved, 4121 bytes, format 34655
[    0.7074] Program binary retrieved, 4249 bytes, format 34655
[    0.7077] Program binary retrieved, 4013 bytes, format 34655
[    0.7081] Program binary retrieved, 4013 bytes, format 34655
[    0.7084] Program binary retrieved, 4017 bytes, format 34655
[    0.7088] Program binary retrieved, 4017 bytes, format 34655
[    0.7092] Program binary retrieved, 4185 bytes, format 34655
[    0.7096] Program binary retrieved, 4217 bytes, format 34655
[    0.7100] Program binary retrieved, 4137 bytes, format 34655
[    0.7104] Program binary retrieved, 4125 bytes, format 34655
[    0.7107] Program binary retrieved, 4121 bytes, format 34655
[    0.7113] Program binary retrieved, 4253 bytes, format 34655
[    0.7120] Program binary retrieved, 4237 bytes, format 34655
[    0.7124] Program binary retrieved, 4245 bytes, format 34655
[    0.7128] Program binary retrieved, 4261 bytes, format 34655
[    0.7134] Program binary retrieved, 4965 bytes, format 34655
[    0.7139] Program binary retrieved, 4981 bytes, format 34655
[    0.7143] Program binary retrieved, 4261 bytes, format 34655
[    0.7147] Program binary retrieved, 4277 bytes, format 34655
[    0.7152] Program binary retrieved, 5005 bytes, format 34655
[    0.7157] Program binary retrieved, 5021 bytes, format 34655
[    0.7162] Program binary retrieved, 4257 bytes, format 34655
[    0.7166] Program binary retrieved, 4273 bytes, format 34655
[    0.7171] Program binary retrieved, 5001 bytes, format 34655
[    0.7176] Program binary retrieved, 5017 bytes, format 34655
[    0.7180] Program binary retrieved, 4277 bytes, format 34655
[    0.7184] Program binary retrieved, 4293 bytes, format 34655
[    0.7189] Program binary retrieved, 5057 bytes, format 34655
[    0.7194] Program binary retrieved, 5073 bytes, format 34655
[    0.7198] Program binary retrieved, 4153 bytes, format 34655
[    0.7202] Program binary retrieved, 4169 bytes, format 34655
[    0.7205] Program binary retrieved, 4233 bytes, format 34655
[    0.7211] Program binary retrieved, 5781 bytes, format 34655
[    0.7216] Program binary retrieved, 5373 bytes, format 34655
[    0.7222] Program binary retrieved, 6389 bytes, format 34655
[    0.7226] Program binary retrieved, 4917 bytes, format 34655
[    0.7229] Program binary retrieved, 4845 bytes, format 34655
[    0.7234] Program binary retrieved, 4997 bytes, format 34655
[    0.7238] Program binary retrieved, 4101 bytes, format 34655
[    0.7267] Program binary retrieved, 4137 bytes, format 34655
[    0.7300] Program binary retrieved, 4109 bytes, format 34655
[    0.7304] Program binary retrieved, 5389 bytes, format 34655
[    0.7308] Program binary retrieved, 5829 bytes, format 34655
[    0.7312] Program binary retrieved, 5857 bytes, format 34655
[    0.7316] Program binary retrieved, 4289 bytes, format 34655
[    0.7339] Program binary retrieved, 21205 bytes, format 34655
[    0.7343] Program binary retrieved, 4765 bytes, format 34655
[    0.7347] Program binary retrieved, 5685 bytes, format 34655
[    0.7350] Program binary retrieved, 4141 bytes, format 34655
[    0.7353] Program binary retrieved, 4537 bytes, format 34655
[    0.7357] Program binary retrieved, 4889 bytes, format 34655
[    0.7360] Program binary retrieved, 4117 bytes, format 34655
[    0.7365] Program binary retrieved, 4741 bytes, format 34655
[    0.7368] Program binary retrieved, 4965 bytes, format 34655
[    0.7374] Program binary retrieved, 6613 bytes, format 34655
[    0.7378] Program binary retrieved, 4797 bytes, format 34655
[    0.7393] Program binary retrieved, 13085 bytes, format 34655
[    0.7455] Program binary retrieved, 7285 bytes, format 34655
[    0.7511] Program binary retrieved, 5497 bytes, format 34655
[    0.7514] Program binary retrieved, 4141 bytes, format 34655
[    0.7518] Program binary retrieved, 4141 bytes, format 34655
[    0.7521] Program binary retrieved, 4145 bytes, format 34655
[    0.7525] Program binary retrieved, 4145 bytes, format 34655
[    0.7933] Program binary retrieved, 5369 bytes, format 34655
[    0.7947] OpenGL Graphics Driver Info:
[    0.7947] OpenGL Context:
[    0.7947] 4.5 (Core Profile) Mesa 23.2.1-1ubuntu3.1~22.04.4
[    0.7947] Mesa llvmpipe (LLVM 15.0.7, 256 bits)
[    0.7947] GLSL: 4.50
[    0.7975] Processor count: 24 cores, 24 processors, 1 clusters
[    0.7976] Ordered processor list: 12, 23, 22, 21, 20, 19, 18, 17, 16, 15, 14, 13, 0, 11, 10, 9, 8, 7, 6, 5, 4, 3, 2, 1
[    0.7976] Not pinning SW threads, we need 4 processors, but only have 0
[    0.7980] Opening SPU2...
[    0.7982] Creating Null audio stream, sample rate = 48000, expansion = Disabled, buffer = 50, latency = 32, stretching enabled, driver = wasapi, device = 
[    0.7982] Allocated buffer of 2432 frames for buffer of 50 ms [expansion Disabled (block size 2048), stretch disabled, target size 2432].
[    0.7982] Initializing Pad...
[    0.7982] Initializing SIO2...
[    0.7982] Initializing SIO0...
[    0.7982] Opening DEV9...
[    0.7983] DEV9: DEV9init
[    0.7988] DEV9: DEV9init2
[    0.7988] DEV9: DEV9init3
[    0.8015] DEV9: DEV9init ok
[    0.8016] DEV9: DEV9open
[    0.8016] Opening USB...
[    0.8016] Opening FW...
[    0.8019] Frame rate: 59.94, target speed: 1, target frame rate: 59.94, ticks per frame: 16683350
[    0.8053] VM subsystems initialized in 694.05 ms
[    0.8079] MultiPause time: 199ns
[    0.8080] MultiPause time: 161ns
[    0.8081] MultiPause time: 142ns
[    0.8081] MultiPause time: 206ns
[    0.8143] Failed to inhibit screen saver.
[    0.8143] Processor order assignment: EE=12, VU=23, GS=22
[    0.8143]   EE thread is on processor 12 (0x1000)
[    0.8144]   VU thread is on processor 23 (0x800000)
[    0.8144]   GS thread is on processor 22 (0x400000)
[    0.8235] Failed to inhibit screen saver.
[    0.8481] # Initialize memory (rev:3.70, ctm:197Mhz, cpuclk:147Mhz detected)
[    0.8565] R3000 Debugger: Branch to 0x890 (SYSMEM). Clearing modules.
[    0.8580] RegisterLibraryEntries: excepman version 1.01
[    0.8589] RegisterLibraryEntries:  intrman version 1.02
[    0.8590] RegisterLibraryEntries:   ssbusc version 1.01
[    0.8593] RegisterLibraryEntries:  dmacman version 1.02
[    0.8597] RegisterLibraryEntries:  timrman version 1.01
[    0.8600] RegisterLibraryEntries:  sysclib version 1.01
[    0.8600] RegisterLibraryEntries:    stdio version 1.01
[    0.8601] RegisterLibraryEntries:  heaplib version 1.01
[    0.8605] FW: read mem 0x1f80847c: 0x10000001
[    0.8605] FW: write mem 0x1f808414: 0x417f0000
[    0.8605] FW: read mem 0x1f808400: 0xffc00001
[    0.8605] FW: write mem 0x1f80844c: 0xffffffff
[    0.8605] FW: write mem 0x1f808420: 0xffffffff
[    0.8605] FW: write mem 0x1f808428: 0xffffffff
[    0.8605] FW: write mem 0x1f808430: 0xffffffff
[    0.8615] RegisterLibraryEntries:   thbase version 1.01
[    0.8616] RegisterLibraryEntries:  thevent version 1.01
[    0.8616] RegisterLibraryEntries:  thsemap version 1.01
[    0.8617] RegisterLibraryEntries:  thmsgbx version 1.01
[    0.8617] RegisterLibraryEntries:  thfpool version 1.01
[    0.8617] RegisterLibraryEntries:  thvpool version 1.01
[    0.8624] RegisterLibraryEntries:   vblank version 1.01
[    0.8630] RegisterLibraryEntries:    ioman version 1.02
[    0.8637] RegisterLibraryEntries:  modload version 1.01
[    0.8640] RegisterLibraryEntries:   romdrv version 2.01
[    0.8642] RegisterLibraryEntries:    stdio version 1.02
[    0.8646] RegisterLibraryEntries:   sifman version 1.01
[    0.8649] 
[    0.8649] PlayStation 2 ======== Hard reset boot
[    0.8651]  ROMGEN=2004-0614, IOP info (CPUID=1f, CACH_CONFIG=0, 2MB, IOP mode)
[    0.8653]  <20040614-100914,ROMconf,PS20200EC20040614.bin:11696>
[    0.8738] # Total accessable memory size: 32 MB (B:2:8:0) (370:2:7c30)
[    0.8748] # TLB spad=0 kernel=1:12 default=13:30 extended=31:38
[    0.9376] # Initialize Start.
[    0.9382] # Initialize GS ...
[    0.9382] # Initialize INTC ...
[    0.9382] # Initialize TIMER ...
[    0.9383] # Initialize DMAC ...
[    0.9384] # Initialize VU1 ...
[    0.9386] # Initialize VIF1 ...
[    0.9386] # Initialize GIF ...
[    0.9387] # Initialize VU0 ...
[    0.9388] # Initialize VIF0 ...
[    0.9388] # Initialize IPU ...
[    0.9390] # Initialize FPU ...
[    0.9390] # Initialize User Memory ...
[    0.9940] # Initialize Scratch Pad ...
[    0.9941] # Initialize Done.
[    0.9948] 
[    0.9949] EE DECI2 Manager version 0.06 Feb  6 2003 08:38:48
[    0.9949]   CPUID=2e20, BoardID=0, ROMGEN=2004-0614, 32M
[    0.9949] 
[    0.9951] RegisterLibraryEntries:   sifcmd version 1.01
[    1.0256] Initializing Elf: 4493148 bytes
[    1.0283] ELF Loading: host:vehicle-playground.elf, Game CRC = 139343D8, EntryPoint = 0x00100E78
[    1.0312] RegisterLibraryEntries:  cdvdman version 1.01
[    1.0376] RegisterLibraryEntries:  cdvdfsv version 1.01
[    1.0391] RegisterLibraryEntries:  secrman version 1.03
[    1.0392] RegisterLibraryEntries:   eesync version 1.01
[    1.0394] 
[    1.0394] IOP Realtime Kernel Ver.0.9.1
[    1.0394]     Copyright 1999 (C) Sony Computer Entertainment Inc. 
[    1.0400] Reboot service module.(99/11/10)
[    1.0420] cdvd driver module version 0.1.1 (C)SCEI
[    1.0425] Load File service.(99/11/05)
[    1.0426] Multi Threaded Fileio module.(99/11/15) 
[    1.0426] iop heap service (99/11/03)
[    1.0685] loadelf: fname host:vehicle-playground.elf secname all
[    1.0685] loadelf version 3.30
[    1.0709] Input ELF format filename = host:vehicle-playground.elf
[    1.1153] 1 00100000 003fcebc ................................................................
[    1.1154] Loaded, host:vehicle-playground.elf
[    1.1154] start address 0x100e78
[    1.1154] gp address 00000000
[    1.1163] # Restart Without Memory Clear.
[    1.1219] # Initialize GS ...
[    1.1219] # Initialize INTC ...
[    1.1219] # Initialize TIMER ...
[    1.1220] # Initialize DMAC ...
[    1.1220] # Initialize VU1 ...
[    1.1221] # Initialize VIF1 ...
[    1.1222] # Initialize GIF ...
[    1.1222] # Initialize VU0 ...
[    1.1222] # Initialize VIF0 ...
[    1.1222] # Initialize IPU ...
[    1.1222] # Initialize FPU ...
[    1.1222] # Initialize Scratch Pad ...
[    1.1222] # Restart Without Memory Clear Done.
[    1.1223] ELF host:vehicle-playground.elf with entry point at 0x00100E78 is executing.
[    1.1224] ELF changed, active CRC 139343D8 (host:vehicle-playground.elf)
[    1.1226] Applying core settings...
[    1.1230] Updating CPU configuration...
[    1.1230] iR3000A Recompiler reset.
[    1.1263] mVU Reset
[    1.1267] mVU Reset
[    1.1430] iR3000A Recompiler reset.
[    1.1459] mVU Reset
[    1.1459] mVU Reset
[    1.1493] EE/iR5900 Recompiler Reset
[    1.1639] BIOS: Successfully found the instruction pattern. Assuming the thread list is here: 8001a640
[    1.1661] Warning: GetOsdConfigParam2 Reading extended language/version configs, may be incorrect!
[    1.1770] read/write allocate memory 4000
[    1.1770] open name host:/ps2link.run flag 1 data 41378
[    1.1777] open fd = -5
[    1.1803] Get Reboot Request From EE
[    1.1816] R3000 Debugger: Branch to 0x890 (SYSMEM). Clearing modules.
[    1.1835] RegisterLibraryEntries: excepman version 1.01
[    1.1845] RegisterLibraryEntries:  intrman version 1.02
[    1.1846] RegisterLibraryEntries:   ssbusc version 1.01
[    1.1851] RegisterLibraryEntries:  dmacman version 1.02
[    1.1856] RegisterLibraryEntries:  timrman version 1.01
[    1.1861] RegisterLibraryEntries:  sysclib version 1.01
[    1.1862] RegisterLibraryEntries:    stdio version 1.01
[    1.1864] RegisterLibraryEntries:  heaplib version 1.01
[    1.1885] RegisterLibraryEntries:   thbase version 1.01
[    1.1885] RegisterLibraryEntries:  thevent version 1.01
[    1.1886] RegisterLibraryEntries:  thsemap version 1.01
[    1.1886] RegisterLibraryEntries:  thmsgbx version 1.01
[    1.1886] RegisterLibraryEntries:  thfpool version 1.01
[    1.1886] RegisterLibraryEntries:  thvpool version 1.01
[    1.1896] RegisterLibraryEntries:   vblank version 1.01
[    1.1900] RegisterLibraryEntries:    ioman version 1.02
[    1.1910] RegisterLibraryEntries:  modload version 1.01
[    1.1964] RegisterLibraryEntries:   romdrv version 2.01
[    1.1968] RegisterLibraryEntries:    stdio version 1.02
[    1.1972] RegisterLibraryEntries:   sifman version 1.01
[    1.1976] 
[    1.1977] PlayStation 2 ======== Soft reboot
[    1.1983] RegisterLibraryEntries:   sifcmd version 1.01
[    1.2019] RegisterLibraryEntries:  cdvdman version 1.01
[    1.2034] RegisterLibraryEntries:  cdvdfsv version 1.01
[    1.2101] RegisterLibraryEntries:  secrman version 1.03
[    1.2103] RegisterLibraryEntries:   eesync version 1.01
[    1.2104] 
[    1.2104] IOP Realtime Kernel Ver.0.9.1
[    1.2105]     Copyright 1999 (C) Sony Computer Entertainment Inc. 
[    1.2109] Reboot service module.(99/11/10)
[    1.2127] [EE] Skipping timeout loop at 0x002DA4D0 -> 0x002DA4F0
[    1.2127] cdvd driver module version 0.1.1 (C)SCEI
[    1.2131] Load File service.(99/11/05)
[    1.2131] Multi Threaded Fileio module.(99/11/15) 
[    1.2131] iop heap service (99/11/03)
[    1.2360] RegisterLibraryEntries:   iomanx version 1.01
[    1.2375] fileXio: fileXio: fileXio RPC Server v1.00
[    1.2375] Copyright (c) 2003 adresd
[    1.2377] RegisterLibraryEntries:  sio2man version 2.07
[    1.2378] RegisterLibraryEntries:  sio2man version 1.02
[    1.2384] RegisterLibraryEntries:   padman version 1.02
[    1.2385] Pad Driver for OSD
[    1.2390] FREESD v1.01
[    1.2390] RegisterLibraryEntries:    libsd version 1.04
[    1.2394] debug_level = 1 (ps2snd 0.1
[    1.2519] greetings from version 0.93 !
[    1.2520] RegisterLibraryEntries:   audsrv version 1.04
[    1.2520] audsrv_adpcm_init()
[    1.2532] UpdateVSyncRate: Mode Changed to SDTV 480p.
[    1.2532] Frame rate: 59.94, target speed: 1, target frame rate: 59.94, ticks per frame: 16683350
[    1.2533] Set GS CRTC configuration. SDTV   720x480 @ 59.94 Progressive (FRAME)
[    3.3237] read/write allocate memory 4000
[    3.3239] 
[    3.3242] -----------------------------------------
[    3.3243]         _____        ____   ___
[    3.3243]           |     /   ____| |___|
[    3.3243]           |     |   |     |   |
[    3.3244] -----------------------------------------
[    3.3245] Copyright 2022
[    3.3245] Repository: https://github.com/h4570/tyra
[    3.3246] Licensed under Apache License 2.0
[    3.3250] Version: 2.2.0
[    3.3250] -----------------------------------------
[    3.3251] 
[    3.4903] audsrv_adpcm_init()
[    3.4912] [EE] Skipping timeout loop at 0x00102CB0 -> 0x00102CD0
[    3.5238] Curent pad(0,0) status: EXECCMD
[    3.7220] Pad: DS2 Config Finished - P1/S1 - AL: Off - AB: Usable - VS: Disabled - VL: Disabled - RB: D (0x00000000)
[    3.7572] Curent pad(0,0) status: EXECCMD
[    3.8230] Pad: DS2 Config Finished - P1/S1 - AL: On - AB: Locked - VS: Disabled - VL: Disabled - RB: D (0x00000000)
[    4.0220] Pad: DS2 Config Finished - P1/S1 - AL: On - AB: Locked - VS: Disabled - VL: Disabled - RB: D (0x00000000)
[    4.0573] Curent pad(0,0) status: EXECCMD
[    4.3227] Pad: DS2 Config Finished - P1/S1 - AL: On - AB: Locked - VS: Disabled - VL: Disabled - RB: D+A+P (0x0003FFFF)
[    4.5229] Pad: DS2 Config Finished - P1/S1 - AL: On - AB: Locked - VS: Disabled - VL: Disabled - RB: D+A+P (0x0003FFFF)
[    4.5588] open name host:/night-ablation.cfg flag 1 data 41378
[    4.5604] open fd = 256
[    4.5638] open name host:/night-ablation.log flag 602 data 41378
[    4.5653] open fd = 256
[    4.5712] loadmodule: fname rom0:XMCMAN args 0 arg 
[    4.5806] RegisterLibraryEntries:    mcman version 2.03
[    4.5814] loadmodule: id 32, ret 0
[    4.5815] loadmodule: fname rom0:XMCSERV args 0 arg 
[    4.5818] RegisterLibraryEntries:   mcserv version 1.01
[    4.5820] loadmodule: id 33, ret 0
[    4.5821] [EE] Skipping timeout loop at 0x00104820 -> 0x00104840
[    4.9584] (FileMcd) Warning: checksum sector overwritten. (0)
[    4.9585] OSD [MemoryCardSave0]: Memory Card 'Mcd001.ps2' was saved to storage.
[    5.4260] (FileMcd) Warning: checksum sector overwritten. (0)
[    5.5407] open name host:/save/icon.sys flag 1 data 41378
[    5.5426] open fd = 257
[    5.6123] open name host:/save/list.icn flag 1 data 41378
[    5.6142] open fd = 257
[    5.7812] open name host:/menus/save.png flag 1 data 41378
[    5.7832] open fd = 257
[    5.8269] open name host:/hud/save-cursor.png flag 1 data 41378
[    5.8287] open fd = 257
[    5.8312] open name host:/hud/save-used.png flag 1 data 41378
[    5.8331] open fd = 257
[    5.8363] open name host:/hud/save-saved.png flag 1 data 41378
[    5.8377] open fd = 257
[    5.8468] open name host:/hud/save-loaded.png flag 1 data 41378
[    5.8483] open fd = 257
[    5.8514] open name host:/hud/save-error.png flag 1 data 41378
[    5.8529] open fd = 257
[    5.8555] open name host:/hud/save-busy.png flag 1 data 41378
[    5.8570] open fd = 257
[    5.8924] open name host:/hud/save-spinner.png flag 1 data 41378
[    5.8942] open fd = 257
[    5.9077] open name host:/menus/save.png flag 1 data 41378
[    5.9094] open fd = 257
[    5.9433] open name host:/menus/district-pause.png flag 1 data 41378
[    5.9451] open fd = 257
[    5.9754] open name host:/menus/district-pause-values.png flag 1 data 41378
[    5.9774] open fd = 257
[    5.9812] open name host:/hud/save-cursor.png flag 1 data 41378
[    5.9829] open fd = 257
[    5.9922] open name host:/hud/save-cursor.png flag 1 data 41378
[    5.9938] open fd = 257
[    5.9957] open name host:/hud/save-cursor.png flag 1 data 41378
[    5.9972] open fd = 257
[    5.9990] open name host:/hud/menu-dim.png flag 1 data 41378
[    6.0005] open fd = 257
[    6.0028] open name host:/hud/flare-corona.png flag 1 data 41378
[    6.0044] open fd = 257
[    6.0174] open name host:/hud/flashlight-gobo.png flag 1 data 41378
[    6.0192] open fd = 257
[    6.0315] open name host:/hud/flare-glow.png flag 1 data 41378
[    6.0336] open fd = 257
[    6.0435] open name host:/hud/sun-disc.png flag 1 data 41378
[    6.0451] open fd = 257
[    6.0484] open name host:/hud/moon-disc.png flag 1 data 41378
[    6.0499] open fd = 257
[    6.0781] open name host:/quiet-night.cfg flag 1 data 41378
[    6.0793] open fd = 257
[    6.0814] LOG: NIGHTPLAN schema=1 kind=17 order=0 joint=0 restored=0 phases=3
[    6.0815] LOG: NIGHTCONFIG order=0 valid=1 profile=0 hardwareTrace=0 ringBytes=0 ordinaryClocks=1 fixedDt=0 sampleBytes=6144 chunkBytes=420 phases=3 phaseFrames=1800 taxFirst=800 taxLoops=320 chunkFrames=64 sampleFirst=900 sampleCount=128 video=1 display=1 depth=2 width=448 height=448 refreshMilliHz=60000 requested=1 night=1
[    6.0816] LOG: NIGHTQUALITY rasterWidth=448 rasterHeight=448 scaleX=1 scaleY=1
[    6.0818] open name host:/hud/use-text.png flag 1 data 41378
[    6.0838] open fd = 257
[    6.0866] open name host:/hud/pick-text.png flag 1 data 41378
[    6.0881] open fd = 257
[    6.0908] open name host:/sfx/engine_idle.adpcm flag 1 data 41378
[    6.0923] open fd = 257
[    6.1094] open name host:/sfx/engine_high.adpcm flag 1 data 41378
[    6.1112] open fd = 257
[    6.1270] open name host:/sfx/tires_screech.adpcm flag 1 data 41378
[    6.1289] open fd = 257
[    6.1332] open name host:/sfx/gear-shift.adpcm flag 1 data 41378
[    6.1349] open fd = 257
[    6.1371] LOG: NIGHTPRODPHASE phase=0 enabled=0
[    6.1372] LOG: NIGHTCORONAPHASE phase=0 first=0 selected=0 enabled=0
[    6.1374] LOG: NIGHTPHASE phase=0 first=0 mask=0 appliedMask=0 sampler=1 countReads=262 samplePtr=0052e688
[    6.1375] LOG: NIGHTEXTRAPHASE phase=0 first=0 extraMask=0 appliedExtraMask=0
[    6.1376] LOG: NIGHTWILDPHASE phase=0 first=0 variant=0 enabled=0 appliedVariant=0 appliedEnabled=0
[    6.1377] LOG: NIGHTTABLEPHASE phase=0 first=0 selected=1 enabled=1 appliedSelected=1 appliedEnabled=1
[    6.1384] open name host:/launch.scene flag 1 data 41378
[    6.1391] open fd = -5
[    6.1394] open name host:/hud/loading.png flag 1 data 41378
[    6.1408] open fd = 257
[    6.1530] FRAMEARENA allocated=1 bytes=1048576
[    6.2136] open name host:/vehicles/veh-ravager000001-shadow.png flag 1 data 41378
[    6.2154] open fd = 257
[    6.2162] open name host:/vehicles/veh-ravager000001-shadow.png flag 1 data 41378
[    6.2178] open fd = 257
[    6.2424] open name host:/vehicles/veh-pica00000001-shadow.png flag 1 data 41378
[    6.2444] open fd = 257
[    6.2451] open name host:/vehicles/veh-pica00000001-shadow.png flag 1 data 41378
[    6.2465] open fd = 257
[    6.2515] open name host:/vehicles/veh-strix0000001-shadow.png flag 1 data 41378
[    6.2537] open fd = 257
[    6.2544] open name host:/vehicles/veh-strix0000001-shadow.png flag 1 data 41378
[    6.2557] open fd = 257
[    6.2687] open name host:/shadowatlas/scene0-0.png flag 1 data 41378
[    6.2706] open fd = 257
[    6.2713] open name host:/shadowatlas/scene0-0.png flag 1 data 41378
[    6.2730] open fd = 257
[    6.2868] open name host:/shadowatlas/scene0-1.png flag 1 data 41378
[    6.2884] open fd = 257
[    6.2891] open name host:/shadowatlas/scene0-1.png flag 1 data 41378
[    6.2906] open fd = 257
[    6.3046] open name host:/textures/district-ground.png flag 1 data 41378
[    6.3064] open fd = 257
[    6.3070] open name host:/textures/district-ground.png flag 1 data 41378
[    6.3084] open fd = 257
[    6.3289] open name host:/materials/district-asphalt.mtl flag 1 data 41378
[    6.3307] open fd = 257
[    6.3372] open name host:/textures/district-asphalt.png flag 1 data 41378
[    6.3390] open fd = 257
[    6.3397] open name host:/textures/district-asphalt.png flag 1 data 41378
[    6.3410] open fd = 257
[    6.3564] open name host:/materials/district-sign.mtl flag 1 data 41378
[    6.3579] open fd = 257
[    6.3598] open name host:/textures/district-sign.png flag 1 data 41378
[    6.3615] open fd = 257
[    6.3623] open name host:/textures/district-sign.png flag 1 data 41378
[    6.3638] open fd = 257
[    6.3675] open name host:/materials/night-warm.mtl flag 1 data 41378
[    6.3690] open fd = 257
[    6.3715] open name host:/materials/night-cyan.mtl flag 1 data 41378
[    6.3729] open fd = 257
[    6.3748] open name host:/materials/night-pink.mtl flag 1 data 41378
[    6.3763] open fd = 257
[    6.3784] open name host:/models/urban/district-workshop.tmdl flag 1 data 41378
[    6.3802] open fd = 257
[    6.3842] open name host:/models/urban/Textures/district-facades.png flag 1 data 41378
[    6.3870] open fd = 257
[    6.3879] open name host:/models/urban/Textures/district-facades.png flag 1 data 41378
[    6.3902] open fd = 257
[    6.4156] open name host:/models/urban/district-tower.tmdl flag 1 data 41378
[    6.4178] open fd = 257
[    6.4203] open name host:/models/urban/district-loft.tmdl flag 1 data 41378
[    6.4222] open fd = 257
[    6.4248] open name host:/models/urban/detail-light-double.tmdl flag 1 data 41378
[    6.4269] open fd = 257
[    6.4364] open name host:/models/urban/Textures/metal.png flag 1 data 41378
[    6.4388] open fd = 257
[    6.4399] open name host:/models/urban/Textures/metal.png flag 1 data 41378
[    6.4421] open fd = 257
[    6.4521] open name host:/models/urban/detail-light-traffic.tmdl flag 1 data 41378
[    6.4543] open fd = 257
[    6.4644] open name host:/models/urban/Textures/roof.png flag 1 data 41378
[    6.4672] open fd = 257
[    6.4681] open name host:/models/urban/Textures/roof.png flag 1 data 41378
[    6.4706] open fd = 257
[    6.4738] open name host:/models/urban/tree-park-large.tmdl flag 1 data 41378
[    6.4759] open fd = 257
[    6.4835] open name host:/models/urban/Textures/treeA.png flag 1 data 41378
[    6.4860] open fd = 257
[    6.4869] open name host:/models/urban/Textures/treeA.png flag 1 data 41378
[    6.4893] open fd = 257
[    6.5006] open name host:/models/urban/Textures/tiles.png flag 1 data 41378
[    6.5036] open fd = 257
[    6.5049] open name host:/models/urban/Textures/tiles.png flag 1 data 41378
[    6.5072] open fd = 257
[    6.5103] open name host:/models/urban/Textures/dirt.png flag 1 data 41378
[    6.5127] open fd = 257
[    6.5136] open name host:/models/urban/Textures/dirt.png flag 1 data 41378
[    6.5169] open fd = 257
[    6.5200] open name host:/models/urban/tree-park-pine-large.tmdl flag 1 data 41378
[    6.5219] open fd = 257
[    6.5291] open name host:/models/urban/Textures/treeB.png flag 1 data 41378
[    6.5319] open fd = 257
[    6.5331] open name host:/models/urban/Textures/treeB.png flag 1 data 41378
[    6.5357] open fd = 257
[    6.5382] open name host:/models/urban/detail-barrier-type-a.tmdl flag 1 data 41378
[    6.5402] open fd = 257
[    6.5529] open name host:/models/urban/Textures/signs.png flag 1 data 41378
[    6.5555] open fd = 257
[    6.5565] open name host:/models/urban/Textures/signs.png flag 1 data 41378
[    6.5587] open fd = 257
[    6.5613] open name host:/models/urban/detail-dumpster-closed.tmdl flag 1 data 41378
[    6.5635] open fd = 257
[    6.5674] open name host:/models/urban/Textures/metal_wall.png flag 1 data 41378
[    6.5698] open fd = 257
[    6.5706] open name host:/models/urban/Textures/metal_wall.png flag 1 data 41378
[    6.5729] open fd = 257
[    6.5759] open name host:/models/urban/Textures/wall.png flag 1 data 41378
[    6.5783] open fd = 257
[    6.5791] open name host:/models/urban/Textures/wall.png flag 1 data 41378
[    6.5814] open fd = 257
[    6.5842] open name host:/models/urban/detail-bench.tmdl flag 1 data 41378
[    6.5863] open fd = 257
[    6.6012] open name host:/models/urban/Textures/planks.png flag 1 data 41378
[    6.6038] open fd = 257
[    6.6049] open name host:/models/urban/Textures/planks.png flag 1 data 41378
[    6.6076] open fd = 257
[    6.6106] open name host:/models/urban/pallet.tmdl flag 1 data 41378
[    6.6126] open fd = 257
[    6.6206] open name host:/vehicles/veh-ravager000001-body.tmdl flag 1 data 41378
[    6.6221] open fd = 257
[    6.7345] open name host:/vehicles/veh-ravager000001-palette.png flag 1 data 41378
[    6.7362] open fd = 257
[    6.7442] open name host:/vehicles/veh-ravager000001-palette.png flag 1 data 41378
[    6.7458] open fd = 257
[    6.7585] open name host:/vehicles/veh-ravager000001-palette-image-0.png flag 1 data 41378
[    6.7603] open fd = 257
[    6.7610] open name host:/vehicles/veh-ravager000001-palette-image-0.png flag 1 data 41378
[    6.7623] open fd = 257
[    6.7823] open name host:/vehicles/veh-pica00000001-body.tmdl flag 1 data 41378
[    6.7840] open fd = 257
[    6.8898] open name host:/vehicles/veh-pica00000001-palette.png flag 1 data 41378
[    6.8914] open fd = 257
[    6.8919] open name host:/vehicles/veh-pica00000001-palette.png flag 1 data 41378
[    6.8934] open fd = 257
[    6.8952] open name host:/vehicles/veh-pica00000001-palette-image-0.png flag 1 data 41378
[    6.8966] open fd = 257
[    6.8972] open name host:/vehicles/veh-pica00000001-palette-image-0.png flag 1 data 41378
[    6.8986] open fd = 257
[    6.9263] open name host:/vehicles/veh-strix0000001-body.tmdl flag 1 data 41378
[    6.9284] open fd = 257
[    7.0461] open name host:/vehicles/veh-strix0000001-palette.png flag 1 data 41378
[    7.0477] open fd = 257
[    7.0483] open name host:/vehicles/veh-strix0000001-palette.png flag 1 data 41378
[    7.0497] open fd = 257
[    7.0516] open name host:/vehicles/veh-strix0000001-palette-image-0.png flag 1 data 41378
[    7.0531] open fd = 257
[    7.0540] open name host:/vehicles/veh-strix0000001-palette-image-0.png flag 1 data 41378
[    7.0554] open fd = 257
[    7.0815] open name host:/sky/scene0.png flag 1 data 41378
[    7.0833] open fd = 257
[    7.0842] open name host:/sky/scene0.png flag 1 data 41378
[    7.0857] open fd = 257
[    7.3625] open name host:/vehicles/fx-skid.png flag 1 data 41378
[    7.3644] open fd = 257
[    7.3653] open name host:/vehicles/fx-skid.png flag 1 data 41378
[    7.3669] open fd = 257
[    7.3809] open name host:/vehicles/fx-smoke.png flag 1 data 41378
[    7.3825] open fd = 257
[    7.3832] open name host:/vehicles/fx-smoke.png flag 1 data 41378
[    7.3847] open fd = 257
[    7.3885] open name host:/vehicles/veh-ravager000001-wheel.tmdl flag 1 data 41378
[    7.3900] open fd = 257
[    7.3968] open name host:/vehicles/veh-ravager000001-wheelfast.tmdl flag 1 data 41378
[    7.3982] open fd = 257
[    7.4050] open name host:/fonts/atlas-default.png flag 1 data 41378
[    7.4068] open fd = 257
[    7.4207] open name host:/hud/icons.png flag 1 data 41378
[    7.4224] open fd = 257
[    7.4360] open name host:/hud/loading-white.png flag 1 data 41378
[    7.4378] open fd = 257
[    7.4398] open name host:/vehicles/veh-pica00000001-wheel.tmdl flag 1 data 41378
[    7.4413] open fd = 257
[    7.4481] open name host:/vehicles/veh-pica00000001-wheelfast.tmdl flag 1 data 41378
[    7.4495] open fd = 257
[    7.4558] open name host:/vehicles/veh-strix0000001-wheel.tmdl flag 1 data 41378
[    7.4572] open fd = 257
[    7.4710] open name host:/vehicles/veh-strix0000001-wheelfast.tmdl flag 1 data 41378
[    7.4726] open fd = 257
[    7.4838] open name host:/textures/district-road.png flag 1 data 41378
[    7.4853] open fd = 257
[    7.4859] open name host:/textures/district-road.png flag 1 data 41378
[    7.4873] open fd = 257
[    7.5964] open name host:/textures/district-asphalt.png flag 1 data 41378
[    7.5980] open fd = 257
[    7.5987] open name host:/textures/district-asphalt.png flag 1 data 41378
[    7.6005] open fd = 257
[    7.6125] open name host:/textures/district-plaza.png flag 1 data 41378
[    7.6145] open fd = 257
[    7.6152] open name host:/textures/district-plaza.png flag 1 data 41378
[    7.6166] open fd = 257
[    7.6512] open name host:/gshadow/s0_2_1.png flag 1 data 41378
[    7.6532] open fd = 257
[    7.6541] open name host:/gshadow/s0_2_1.png flag 1 data 41378
[    7.6557] open fd = 257
[    7.6705] open name host:/gshadow/s0_1_1.png flag 1 data 41378
[    7.6722] open fd = 257
[    7.6729] open name host:/gshadow/s0_1_1.png flag 1 data 41378
[    7.6744] open fd = 257
[    7.6777] open name host:/gshadow/s0_3_1.png flag 1 data 41378
[    7.6792] open fd = 257
[    7.6798] open name host:/gshadow/s0_3_1.png flag 1 data 41378
[    7.6812] open fd = 257
[    7.6915] open name host:/gshadow/s0_2_2.png flag 1 data 41378
[    7.6931] open fd = 257
[    7.6938] open name host:/gshadow/s0_2_2.png flag 1 data 41378
[    7.6953] open fd = 257
[    7.6985] open name host:/gshadow/s0_1_2.png flag 1 data 41378
[    7.7000] open fd = 257
[    7.7007] open name host:/gshadow/s0_1_2.png flag 1 data 41378
[    7.7020] open fd = 257
[    7.7052] open name host:/gshadow/s0_3_2.png flag 1 data 41378
[    7.7068] open fd = 257
[    7.7074] open name host:/gshadow/s0_3_2.png flag 1 data 41378
[    7.7090] open fd = 257
[    7.7297] open name host:/gshadow/s0_0_1.png flag 1 data 41378
[    7.7314] open fd = 257
[    7.7322] open name host:/gshadow/s0_0_1.png flag 1 data 41378
[    7.7337] open fd = 257
[    7.7370] open name host:/gshadow/s0_4_1.png flag 1 data 41378
[    7.7389] open fd = 257
[    7.7395] open name host:/gshadow/s0_4_1.png flag 1 data 41378
[    7.7409] open fd = 257
[    7.7437] open name host:/gshadow/s0_4_0.png flag 1 data 41378
[    7.7456] open fd = 257
[    7.7462] open name host:/gshadow/s0_4_0.png flag 1 data 41378
[    7.7477] open fd = 257
[    7.7584] open name host:/gshadow/s0_2_3.png flag 1 data 41378
[    7.7602] open fd = 257
[    7.7609] open name host:/gshadow/s0_2_3.png flag 1 data 41378
[    7.7624] open fd = 257
[    7.7658] open name host:/gshadow/s0_0_2.png flag 1 data 41378
[    7.7675] open fd = 257
[    7.7682] open name host:/gshadow/s0_0_2.png flag 1 data 41378
[    7.7697] open fd = 257
[    7.7795] open name host:/gshadow/s0_4_2.png flag 1 data 41378
[    7.7814] open fd = 257
[    7.7821] open name host:/gshadow/s0_4_2.png flag 1 data 41378
[    7.7836] open fd = 257
[    7.7868] open name host:/gshadow/s0_1_3.png flag 1 data 41378
[    7.7884] open fd = 257
[    7.7890] open name host:/gshadow/s0_1_3.png flag 1 data 41378
[    7.7905] open fd = 257
[    7.8018] open name host:/gshadow/s0_3_3.png flag 1 data 41378
[    7.8035] open fd = 257
[    7.8042] open name host:/gshadow/s0_3_3.png flag 1 data 41378
[    7.8057] open fd = 257
[    7.8087] open name host:/gshadow/s0_0_3.png flag 1 data 41378
[    7.8104] open fd = 257
[    7.8110] open name host:/gshadow/s0_0_3.png flag 1 data 41378
[    7.8123] open fd = 257
[    7.8155] open name host:/gshadow/s0_4_3.png flag 1 data 41378
[    7.8169] open fd = 257
[    7.8175] open name host:/gshadow/s0_4_3.png flag 1 data 41378
[    7.8189] open fd = 257
[    8.5773] microVU1: Cached Prog = [000] [PC=2590] [List=01] (Cache=0.000%) [0.0mb]
[    8.5778] microVU1: 3 cycle stall on branch instruction [3368]
[    8.5778] microVU1: 3 cycle stall on branch instruction [3368]
[    8.5778] microVU1: 3 cycle stall on branch instruction [3380]
[    8.5778] microVU1: 3 cycle stall on branch instruction [3380]
[    8.5778] microVU1: 3 cycle stall on branch instruction [33b8]
[    8.5779] microVU1: 3 cycle stall on branch instruction [33b8]
[    8.5779] microVU1: 3 cycle stall on branch instruction [33d8]
[    8.5779] microVU1: 3 cycle stall on branch instruction [33d8]
[    8.5780] microVU1: 3 cycle stall on branch instruction [3368]
[    8.5780] microVU1: 3 cycle stall on branch instruction [3368]
[    8.5780] microVU1: 3 cycle stall on branch instruction [3380]
[    8.5780] microVU1: 3 cycle stall on branch instruction [3380]
[    8.5780] microVU1: 3 cycle stall on branch instruction [33b8]
[    8.5780] microVU1: 3 cycle stall on branch instruction [33b8]
[    8.5781] microVU1: 3 cycle stall on branch instruction [33d8]
[    8.5781] microVU1: 3 cycle stall on branch instruction [33d8]
[    8.5782] microVU1: 3 cycle stall on branch instruction [3368]
[    8.5782] microVU1: 3 cycle stall on branch instruction [3368]
[    8.5782] microVU1: 3 cycle stall on branch instruction [3380]
[    8.5782] microVU1: 3 cycle stall on branch instruction [3380]
[    8.5783] microVU1: 3 cycle stall on branch instruction [33b8]
[    8.5783] microVU1: 3 cycle stall on branch instruction [33b8]
[    8.5783] microVU1: 3 cycle stall on branch instruction [33d8]
[    8.5783] microVU1: 3 cycle stall on branch instruction [33d8]
[    8.5784] microVU1: 3 cycle stall on branch instruction [3368]
[    8.5784] microVU1: 3 cycle stall on branch instruction [3368]
[    8.5784] microVU1: 3 cycle stall on branch instruction [3380]
[    8.5784] microVU1: 3 cycle stall on branch instruction [3380]
[    8.5784] microVU1: 3 cycle stall on branch instruction [33b8]
[    8.5785] microVU1: 3 cycle stall on branch instruction [33b8]
[    8.5785] microVU1: 3 cycle stall on branch instruction [33d8]
[    8.5785] microVU1: 3 cycle stall on branch instruction [33d8]
[    8.5791] microVU1: 3 cycle stall on branch instruction [3368]
[    8.5791] microVU1: 3 cycle stall on branch instruction [3368]
[    8.5791] microVU1: 3 cycle stall on branch instruction [3380]
[    8.5791] microVU1: 3 cycle stall on branch instruction [3380]
[    8.5791] microVU1: 3 cycle stall on branch instruction [33b8]
[    8.5791] microVU1: 3 cycle stall on branch instruction [33b8]
[    8.5791] microVU1: 3 cycle stall on branch instruction [33d8]
[    8.5791] microVU1: 3 cycle stall on branch instruction [33d8]
[    8.5793] microVU1: 3 cycle stall on branch instruction [3368]
[    8.5793] microVU1: 3 cycle stall on branch instruction [3368]
[    8.5793] microVU1: 3 cycle stall on branch instruction [3380]
[    8.5793] microVU1: 3 cycle stall on branch instruction [3380]
[    8.5794] microVU1: 3 cycle stall on branch instruction [33b8]
[    8.5794] microVU1: 3 cycle stall on branch instruction [33b8]
[    8.5794] microVU1: 3 cycle stall on branch instruction [33d8]
[    8.5794] microVU1: 3 cycle stall on branch instruction [33d8]
[    8.5795] microVU1: 3 cycle stall on branch instruction [3368]
[    8.5795] microVU1: 3 cycle stall on branch instruction [3368]
[    8.5795] microVU1: 3 cycle stall on branch instruction [3380]
[    8.5795] microVU1: 3 cycle stall on branch instruction [3380]
[    8.5795] microVU1: 3 cycle stall on branch instruction [33b8]
[    8.5795] microVU1: 3 cycle stall on branch instruction [33b8]
[    8.5795] microVU1: 3 cycle stall on branch instruction [33d8]
[    8.5795] microVU1: 3 cycle stall on branch instruction [33d8]
[    8.5797] microVU1: 3 cycle stall on branch instruction [3368]
[    8.5797] microVU1: 3 cycle stall on branch instruction [3368]
[    8.5797] microVU1: 3 cycle stall on branch instruction [3380]
[    8.5797] microVU1: 3 cycle stall on branch instruction [3380]
[    8.5798] microVU1: 3 cycle stall on branch instruction [33b8]
[    8.5798] microVU1: 3 cycle stall on branch instruction [33b8]
[    8.5798] microVU1: 3 cycle stall on branch instruction [33d8]
[    8.5798] microVU1: 3 cycle stall on branch instruction [33d8]
[    8.5803] microVU1: 3 cycle stall on branch instruction [3368]
[    8.5803] microVU1: 3 cycle stall on branch instruction [3368]
[    8.5803] microVU1: 3 cycle stall on branch instruction [3380]
[    8.5804] microVU1: 3 cycle stall on branch instruction [3380]
[    8.5804] microVU1: 3 cycle stall on branch instruction [33b8]
[    8.5804] microVU1: 3 cycle stall on branch instruction [33b8]
[    8.5804] microVU1: 3 cycle stall on branch instruction [33d8]
[    8.5804] microVU1: 3 cycle stall on branch instruction [33d8]
[    8.5805] microVU1: 3 cycle stall on branch instruction [3368]
[    8.5805] microVU1: 3 cycle stall on branch instruction [3368]
[    8.5805] microVU1: 3 cycle stall on branch instruction [3380]
[    8.5805] microVU1: 3 cycle stall on branch instruction [3380]
[    8.5806] microVU1: 3 cycle stall on branch instruction [33b8]
[    8.5806] microVU1: 3 cycle stall on branch instruction [33b8]
[    8.5806] microVU1: 3 cycle stall on branch instruction [33d8]
[    8.5806] microVU1: 3 cycle stall on branch instruction [33d8]
[    8.5807] microVU1: 3 cycle stall on branch instruction [3368]
[    8.5807] microVU1: 3 cycle stall on branch instruction [3368]
[    8.5808] microVU1: 3 cycle stall on branch instruction [3380]
[    8.5808] microVU1: 3 cycle stall on branch instruction [3380]
[    8.5808] microVU1: 3 cycle stall on branch instruction [33b8]
[    8.5808] microVU1: 3 cycle stall on branch instruction [33b8]
[    8.5808] microVU1: 3 cycle stall on branch instruction [33d8]
[    8.5808] microVU1: 3 cycle stall on branch instruction [33d8]
[    8.5809] microVU1: 3 cycle stall on branch instruction [3368]
[    8.5810] microVU1: 3 cycle stall on branch instruction [3368]
[    8.5810] microVU1: 3 cycle stall on branch instruction [3380]
[    8.5810] microVU1: 3 cycle stall on branch instruction [3380]
[    8.5810] microVU1: 3 cycle stall on branch instruction [33b8]
[    8.5810] microVU1: 3 cycle stall on branch instruction [33b8]
[    8.5810] microVU1: 3 cycle stall on branch instruction [33d8]
[    8.5810] microVU1: 3 cycle stall on branch instruction [33d8]
[    8.5815] microVU1: 3 cycle stall on branch instruction [3368]
[    8.5815] microVU1: 3 cycle stall on branch instruction [3368]
[    8.5815] microVU1: 3 cycle stall on branch instruction [3380]
[    8.5815] microVU1: 3 cycle stall on branch instruction [3380]
[    8.5816] microVU1: 3 cycle stall on branch instruction [33b8]
[    8.5816] microVU1: 3 cycle stall on branch instruction [33b8]
[    8.5816] microVU1: 3 cycle stall on branch instruction [33d8]
[    8.5816] microVU1: 3 cycle stall on branch instruction [33d8]
[    8.5818] microVU1: 3 cycle stall on branch instruction [3368]
[    8.5818] microVU1: 3 cycle stall on branch instruction [3368]
[    8.5818] microVU1: 3 cycle stall on branch instruction [3380]
[    8.5818] microVU1: 3 cycle stall on branch instruction [3380]
[    8.5818] microVU1: 3 cycle stall on branch instruction [33b8]
[    8.5818] microVU1: 3 cycle stall on branch instruction [33b8]
[    8.5818] microVU1: 3 cycle stall on branch instruction [33d8]
[    8.5819] microVU1: 3 cycle stall on branch instruction [33d8]
[    8.5820] microVU1: 3 cycle stall on branch instruction [3368]
[    8.5820] microVU1: 3 cycle stall on branch instruction [3368]
[    8.5820] microVU1: 3 cycle stall on branch instruction [3380]
[    8.5820] microVU1: 3 cycle stall on branch instruction [3380]
[    8.5820] microVU1: 3 cycle stall on branch instruction [33b8]
[    8.5820] microVU1: 3 cycle stall on branch instruction [33b8]
[    8.5820] microVU1: 3 cycle stall on branch instruction [33d8]
[    8.5820] microVU1: 3 cycle stall on branch instruction [33d8]
[    8.5822] microVU1: 3 cycle stall on branch instruction [3368]
[    8.5822] microVU1: 3 cycle stall on branch instruction [3368]
[    8.5822] microVU1: 3 cycle stall on branch instruction [3380]
[    8.5822] microVU1: 3 cycle stall on branch instruction [3380]
[    8.5822] microVU1: 3 cycle stall on branch instruction [33b8]
[    8.5822] microVU1: 3 cycle stall on branch instruction [33b8]
[    8.5823] microVU1: 3 cycle stall on branch instruction [33d8]
[    8.5823] microVU1: 3 cycle stall on branch instruction [33d8]
[    8.5831] microVU1: 3 cycle stall on branch instruction [2c58]
[    8.5846] microVU1: Cached Prog = [001] [PC=1a30] [List=01] (Cache=0.677%) [0.4mb]
[    8.5846] microVU1: 1 cycle stall on branch instruction [1ae8]
[    8.5846] microVU1: 3 cycle stall on branch instruction [1ba0]
[    8.5850] microVU1: 3 cycle stall on branch instruction [2520]
[    8.5851] microVU1: 3 cycle stall on branch instruction [1ba0]
[    8.5854] microVU1: 3 cycle stall on branch instruction [2520]
[    8.5855] microVU1: 3 cycle stall on branch instruction [1ba0]
[    8.5856] microVU1: 3 cycle stall on branch instruction [2520]
[    8.5857] microVU1: 3 cycle stall on branch instruction [1ba0]
[    8.5862] microVU1: 3 cycle stall on branch instruction [2520]
[    8.5862] microVU1: 3 cycle stall on branch instruction [1ba0]
[    8.5866] microVU1: 3 cycle stall on branch instruction [2520]
[    8.5866] microVU1: 3 cycle stall on branch instruction [1ba0]
[    8.5867] microVU1: 3 cycle stall on branch instruction [2520]
[    8.5868] microVU1: 3 cycle stall on branch instruction [1ba0]
[    8.5870] microVU1: 3 cycle stall on branch instruction [2520]
[    8.5871] microVU1: 3 cycle stall on branch instruction [1ba0]
[    8.5871] microVU1: 3 cycle stall on branch instruction [1fc0]
[    8.5873] microVU1: 3 cycle stall on branch instruction [2520]
[    8.5873] microVU1: 3 cycle stall on branch instruction [1ba0]
[    8.5875] microVU1: 3 cycle stall on branch instruction [2520]
[    8.5875] microVU1: 3 cycle stall on branch instruction [1ba0]
[    8.5881] microVU1: 3 cycle stall on branch instruction [2520]
[    8.5881] microVU1: 3 cycle stall on branch instruction [1ba0]
[    8.5882] microVU1: 3 cycle stall on branch instruction [2520]
[    8.5883] microVU1: 3 cycle stall on branch instruction [1ba0]
[    8.5889] microVU1: 3 cycle stall on branch instruction [2520]
[    8.5889] microVU1: 3 cycle stall on branch instruction [1ba0]
[    8.5891] microVU1: 3 cycle stall on branch instruction [2520]
[    8.5892] microVU1: 3 cycle stall on branch instruction [1ba0]
[    8.5897] microVU1: 3 cycle stall on branch instruction [2520]
[    8.5897] microVU1: 3 cycle stall on branch instruction [1ba0]
[    8.5904] microVU1: 3 cycle stall on branch instruction [1fc0]
[    8.5905] microVU1: 3 cycle stall on branch instruction [2520]
[    8.5905] microVU1: 3 cycle stall on branch instruction [1ba0]
[    8.5907] microVU1: 3 cycle stall on branch instruction [1fc0]
[    8.5909] microVU1: 3 cycle stall on branch instruction [1fc0]
[    8.5910] microVU1: 3 cycle stall on branch instruction [2520]
[    8.5910] microVU1: 3 cycle stall on branch instruction [1ba0]
[    8.5911] microVU1: 3 cycle stall on branch instruction [1fc0]
[    8.5913] microVU1: 3 cycle stall on branch instruction [1fc0]
[    8.5915] microVU1: 3 cycle stall on branch instruction [1fc0]
[    8.5917] microVU1: 3 cycle stall on branch instruction [1fc0]
[    8.5919] microVU1: 3 cycle stall on branch instruction [1fc0]
[    8.5920] microVU1: 3 cycle stall on branch instruction [1fc0]
[    8.5922] microVU1: 3 cycle stall on branch instruction [1fc0]
[    8.5924] microVU1: 3 cycle stall on branch instruction [1fc0]
[    8.5925] microVU1: 3 cycle stall on branch instruction [1fc0]
[    8.5927] microVU1: 3 cycle stall on branch instruction [1fc0]
[    8.5928] microVU1: 3 cycle stall on branch instruction [1fc0]
[    8.5929] microVU1: 3 cycle stall on branch instruction [1fc0]
[    8.5931] microVU1: 3 cycle stall on branch instruction [1ba0]
[    8.5932] microVU1: Cached Prog = [002] [PC=2578] [List=01] (Cache=1.397%) [0.9mb]
[    8.5932] microVU1: 1 cycle stall on branch instruction [1ae8]
[    8.5932] microVU1: 3 cycle stall on branch instruction [1ba0]
[    8.5937] microVU1: 3 cycle stall on branch instruction [2520]
[    8.5937] microVU1: 3 cycle stall on branch instruction [1ba0]
[    8.5941] microVU1: 3 cycle stall on branch instruction [2520]
[    8.5941] microVU1: 3 cycle stall on branch instruction [1ba0]
[    8.5943] microVU1: 3 cycle stall on branch instruction [2520]
[    8.5943] microVU1: 3 cycle stall on branch instruction [1ba0]
[    8.5948] microVU1: 3 cycle stall on branch instruction [2520]
[    8.5949] microVU1: 3 cycle stall on branch instruction [1ba0]
[    8.5952] microVU1: 3 cycle stall on branch instruction [2520]
[    8.5952] microVU1: 3 cycle stall on branch instruction [1ba0]
[    8.5953] microVU1: 3 cycle stall on branch instruction [2520]
[    8.5954] microVU1: 3 cycle stall on branch instruction [1ba0]
[    8.5955] microVU1: 3 cycle stall on branch instruction [2520]
[    8.5955] microVU1: 3 cycle stall on branch instruction [1ba0]
[    8.5956] microVU1: 3 cycle stall on branch instruction [1fc0]
[    8.5957] microVU1: 3 cycle stall on branch instruction [2520]
[    8.5957] microVU1: 3 cycle stall on branch instruction [1ba0]
[    8.5958] microVU1: 3 cycle stall on branch instruction [2520]
[    8.5964] microVU1: 3 cycle stall on branch instruction [1ba0]
[    8.5968] microVU1: 3 cycle stall on branch instruction [2520]
[    8.5968] microVU1: 3 cycle stall on branch instruction [1ba0]
[    8.5969] microVU1: 3 cycle stall on branch instruction [2520]
[    8.5969] microVU1: 3 cycle stall on branch instruction [1ba0]
[    8.5974] microVU1: 3 cycle stall on branch instruction [2520]
[    8.5974] microVU1: 3 cycle stall on branch instruction [1ba0]
[    8.5975] microVU1: 3 cycle stall on branch instruction [2520]
[    8.5976] microVU1: 3 cycle stall on branch instruction [1ba0]
[    8.5979] microVU1: 3 cycle stall on branch instruction [2520]
[    8.5979] microVU1: 3 cycle stall on branch instruction [1ba0]
[    8.5984] microVU1: 3 cycle stall on branch instruction [1fc0]
[    8.5985] microVU1: 3 cycle stall on branch instruction [2520]
[    8.5985] microVU1: 3 cycle stall on branch instruction [1ba0]
[    8.5986] microVU1: 3 cycle stall on branch instruction [1fc0]
[    8.5988] microVU1: 3 cycle stall on branch instruction [1fc0]
[    8.5988] microVU1: 3 cycle stall on branch instruction [2520]
[    8.5988] microVU1: 3 cycle stall on branch instruction [1ba0]
[    8.5990] microVU1: 3 cycle stall on branch instruction [1fc0]
[    8.5991] microVU1: 3 cycle stall on branch instruction [1fc0]
[    8.5993] microVU1: 3 cycle stall on branch instruction [1fc0]
[    8.5993] microVU1: 3 cycle stall on branch instruction [1fc0]
[    8.5995] microVU1: 3 cycle stall on branch instruction [1fc0]
[    8.5996] microVU1: 3 cycle stall on branch instruction [1fc0]
[    8.5997] microVU1: 3 cycle stall on branch instruction [1fc0]
[    8.5998] microVU1: 3 cycle stall on branch instruction [1fc0]
[    8.5999] microVU1: 3 cycle stall on branch instruction [1fc0]
[    8.6000] microVU1: 3 cycle stall on branch instruction [1fc0]
[    8.6001] microVU1: 3 cycle stall on branch instruction [1fc0]
[    8.6002] microVU1: 3 cycle stall on branch instruction [1fc0]
[    8.6003] microVU1: 3 cycle stall on branch instruction [1ba0]
[    8.6005] microVU1: Cached Prog = [003] [PC=3550] [List=01] (Cache=2.117%) [1.3mb]
[    8.6007] microVU1: 3 cycle stall on branch instruction [3368]
[    8.6007] microVU1: 3 cycle stall on branch instruction [3368]
[    8.6007] microVU1: 3 cycle stall on branch instruction [3380]
[    8.6007] microVU1: 3 cycle stall on branch instruction [3380]
[    8.6007] microVU1: 3 cycle stall on branch instruction [33b8]
[    8.6007] microVU1: 3 cycle stall on branch instruction [33b8]
[    8.6007] microVU1: 3 cycle stall on branch instruction [33d8]
[    8.6007] microVU1: 3 cycle stall on branch instruction [33d8]
[    8.6008] microVU1: 3 cycle stall on branch instruction [3368]
[    8.6008] microVU1: 3 cycle stall on branch instruction [3368]
[    8.6008] microVU1: 3 cycle stall on branch instruction [3380]
[    8.6009] microVU1: 3 cycle stall on branch instruction [3380]
[    8.6009] microVU1: 3 cycle stall on branch instruction [33b8]
[    8.6009] microVU1: 3 cycle stall on branch instruction [33b8]
[    8.6009] microVU1: 3 cycle stall on branch instruction [33d8]
[    8.6009] microVU1: 3 cycle stall on branch instruction [33d8]
[    8.6010] microVU1: 3 cycle stall on branch instruction [3368]
[    8.6010] microVU1: 3 cycle stall on branch instruction [3368]
[    8.6010] microVU1: 3 cycle stall on branch instruction [3380]
[    8.6010] microVU1: 3 cycle stall on branch instruction [3380]
[    8.6010] microVU1: 3 cycle stall on branch instruction [33b8]
[    8.6010] microVU1: 3 cycle stall on branch instruction [33b8]
[    8.6011] microVU1: 3 cycle stall on branch instruction [33d8]
[    8.6011] microVU1: 3 cycle stall on branch instruction [33d8]
[    8.6012] microVU1: 3 cycle stall on branch instruction [3368]
[    8.6012] microVU1: 3 cycle stall on branch instruction [3368]
[    8.6012] microVU1: 3 cycle stall on branch instruction [3380]
[    8.6012] microVU1: 3 cycle stall on branch instruction [3380]
[    8.6012] microVU1: 3 cycle stall on branch instruction [33b8]
[    8.6012] microVU1: 3 cycle stall on branch instruction [33b8]
[    8.6012] microVU1: 3 cycle stall on branch instruction [33d8]
[    8.6012] microVU1: 3 cycle stall on branch instruction [33d8]
[    8.6016] microVU1: 3 cycle stall on branch instruction [3368]
[    8.6016] microVU1: 3 cycle stall on branch instruction [3368]
[    8.6016] microVU1: 3 cycle stall on branch instruction [3380]
[    8.6016] microVU1: 3 cycle stall on branch instruction [3380]
[    8.6016] microVU1: 3 cycle stall on branch instruction [33b8]
[    8.6016] microVU1: 3 cycle stall on branch instruction [33b8]
[    8.6016] microVU1: 3 cycle stall on branch instruction [33d8]
[    8.6016] microVU1: 3 cycle stall on branch instruction [33d8]
[    8.6017] microVU1: 3 cycle stall on branch instruction [3368]
[    8.6017] microVU1: 3 cycle stall on branch instruction [3368]
[    8.6017] microVU1: 3 cycle stall on branch instruction [3380]
[    8.6017] microVU1: 3 cycle stall on branch instruction [3380]
[    8.6018] microVU1: 3 cycle stall on branch instruction [33b8]
[    8.6018] microVU1: 3 cycle stall on branch instruction [33b8]
[    8.6018] microVU1: 3 cycle stall on branch instruction [33d8]
[    8.6018] microVU1: 3 cycle stall on branch instruction [33d8]
[    8.6019] microVU1: 3 cycle stall on branch instruction [3368]
[    8.6019] microVU1: 3 cycle stall on branch instruction [3368]
[    8.6019] microVU1: 3 cycle stall on branch instruction [3380]
[    8.6019] microVU1: 3 cycle stall on branch instruction [3380]
[    8.6019] microVU1: 3 cycle stall on branch instruction [33b8]
[    8.6019] microVU1: 3 cycle stall on branch instruction [33b8]
[    8.6020] microVU1: 3 cycle stall on branch instruction [33d8]
[    8.6020] microVU1: 3 cycle stall on branch instruction [33d8]
[    8.6021] microVU1: 3 cycle stall on branch instruction [3368]
[    8.6021] microVU1: 3 cycle stall on branch instruction [3368]
[    8.6021] microVU1: 3 cycle stall on branch instruction [3380]
[    8.6021] microVU1: 3 cycle stall on branch instruction [3380]
[    8.6021] microVU1: 3 cycle stall on branch instruction [33b8]
[    8.6021] microVU1: 3 cycle stall on branch instruction [33b8]
[    8.6021] microVU1: 3 cycle stall on branch instruction [33d8]
[    8.6021] microVU1: 3 cycle stall on branch instruction [33d8]
[    8.6025] microVU1: 3 cycle stall on branch instruction [3368]
[    8.6025] microVU1: 3 cycle stall on branch instruction [3368]
[    8.6025] microVU1: 3 cycle stall on branch instruction [3380]
[    8.6025] microVU1: 3 cycle stall on branch instruction [3380]
[    8.6025] microVU1: 3 cycle stall on branch instruction [33b8]
[    8.6025] microVU1: 3 cycle stall on branch instruction [33b8]
[    8.6025] microVU1: 3 cycle stall on branch instruction [33d8]
[    8.6025] microVU1: 3 cycle stall on branch instruction [33d8]
[    8.6026] microVU1: 3 cycle stall on branch instruction [3368]
[    8.6026] microVU1: 3 cycle stall on branch instruction [3368]
[    8.6026] microVU1: 3 cycle stall on branch instruction [3380]
[    8.6026] microVU1: 3 cycle stall on branch instruction [3380]
[    8.6027] microVU1: 3 cycle stall on branch instruction [33b8]
[    8.6027] microVU1: 3 cycle stall on branch instruction [33b8]
[    8.6027] microVU1: 3 cycle stall on branch instruction [33d8]
[    8.6027] microVU1: 3 cycle stall on branch instruction [33d8]
[    8.6028] microVU1: 3 cycle stall on branch instruction [3368]
[    8.6028] microVU1: 3 cycle stall on branch instruction [3368]
[    8.6028] microVU1: 3 cycle stall on branch instruction [3380]
[    8.6028] microVU1: 3 cycle stall on branch instruction [3380]
[    8.6028] microVU1: 3 cycle stall on branch instruction [33b8]
[    8.6028] microVU1: 3 cycle stall on branch instruction [33b8]
[    8.6028] microVU1: 3 cycle stall on branch instruction [33d8]
[    8.6028] microVU1: 3 cycle stall on branch instruction [33d8]
[    8.6029] microVU1: 3 cycle stall on branch instruction [3368]
[    8.6029] microVU1: 3 cycle stall on branch instruction [3368]
[    8.6029] microVU1: 3 cycle stall on branch instruction [3380]
[    8.6029] microVU1: 3 cycle stall on branch instruction [3380]
[    8.6029] microVU1: 3 cycle stall on branch instruction [33b8]
[    8.6029] microVU1: 3 cycle stall on branch instruction [33b8]
[    8.6029] microVU1: 3 cycle stall on branch instruction [33d8]
[    8.6029] microVU1: 3 cycle stall on branch instruction [33d8]
[    8.6033] microVU1: 3 cycle stall on branch instruction [3368]
[    8.6033] microVU1: 3 cycle stall on branch instruction [3368]
[    8.6033] microVU1: 3 cycle stall on branch instruction [3380]
[    8.6033] microVU1: 3 cycle stall on branch instruction [3380]
[    8.6033] microVU1: 3 cycle stall on branch instruction [33b8]
[    8.6033] microVU1: 3 cycle stall on branch instruction [33b8]
[    8.6033] microVU1: 3 cycle stall on branch instruction [33d8]
[    8.6033] microVU1: 3 cycle stall on branch instruction [33d8]
[    8.6034] microVU1: 3 cycle stall on branch instruction [3368]
[    8.6034] microVU1: 3 cycle stall on branch instruction [3368]
[    8.6034] microVU1: 3 cycle stall on branch instruction [3380]
[    8.6034] microVU1: 3 cycle stall on branch instruction [3380]
[    8.6035] microVU1: 3 cycle stall on branch instruction [33b8]
[    8.6035] microVU1: 3 cycle stall on branch instruction [33b8]
[    8.6035] microVU1: 3 cycle stall on branch instruction [33d8]
[    8.6035] microVU1: 3 cycle stall on branch instruction [33d8]
[    8.6036] microVU1: 3 cycle stall on branch instruction [3368]
[    8.6036] microVU1: 3 cycle stall on branch instruction [3368]
[    8.6036] microVU1: 3 cycle stall on branch instruction [3380]
[    8.6036] microVU1: 3 cycle stall on branch instruction [3380]
[    8.6037] microVU1: 3 cycle stall on branch instruction [33b8]
[    8.6037] microVU1: 3 cycle stall on branch instruction [33b8]
[    8.6037] microVU1: 3 cycle stall on branch instruction [33d8]
[    8.6037] microVU1: 3 cycle stall on branch instruction [33d8]
[    8.6038] microVU1: 3 cycle stall on branch instruction [3368]
[    8.6038] microVU1: 3 cycle stall on branch instruction [3368]
[    8.6038] microVU1: 3 cycle stall on branch instruction [3380]
[    8.6038] microVU1: 3 cycle stall on branch instruction [3380]
[    8.6038] microVU1: 3 cycle stall on branch instruction [33b8]
[    8.6038] microVU1: 3 cycle stall on branch instruction [33b8]
[    8.6038] microVU1: 3 cycle stall on branch instruction [33d8]
[    8.6038] microVU1: 3 cycle stall on branch instruction [33d8]
[    8.6044] microVU1: 3 cycle stall on branch instruction [2c58]
[    8.6058] microVU1: Cached Prog = [004] [PC=0000] [List=01] (Cache=2.794%) [1.7mb]
[    8.6071] microVU1: Cached Prog = [005] [PC=0710] [List=01] (Cache=2.887%) [1.8mb]
[    8.6071] microVU1: 2 cycle stall on branch instruction [07c8]
[    8.6074] microVU1: 3 cycle stall on branch instruction [1108]
[    8.6074] microVU1: 3 cycle stall on branch instruction [1130]
[    8.6076] microVU1: 3 cycle stall on branch instruction [1108]
[    8.6077] microVU1: 3 cycle stall on branch instruction [1130]
[    8.6078] microVU1: 3 cycle stall on branch instruction [1108]
[    8.6078] microVU1: 3 cycle stall on branch instruction [1130]
[    8.6081] microVU1: 3 cycle stall on branch instruction [1108]
[    8.6081] microVU1: 3 cycle stall on branch instruction [1130]
[    8.6084] microVU1: 3 cycle stall on branch instruction [1108]
[    8.6084] microVU1: 3 cycle stall on branch instruction [1130]
[    8.6085] microVU1: 3 cycle stall on branch instruction [1108]
[    8.6085] microVU1: 3 cycle stall on branch instruction [1130]
[    8.6087] microVU1: 3 cycle stall on branch instruction [1108]
[    8.6087] microVU1: 3 cycle stall on branch instruction [1130]
[    8.6087] microVU1: 3 cycle stall on branch instruction [09e8]
[    8.6087] microVU1: 3 cycle stall on branch instruction [0a70]
[    8.6088] microVU1: 3 cycle stall on branch instruction [1108]
[    8.6088] microVU1: 3 cycle stall on branch instruction [1130]
[    8.6092] microVU1: 3 cycle stall on branch instruction [1108]
[    8.6092] microVU1: 3 cycle stall on branch instruction [1130]
[    8.6093] microVU1: 3 cycle stall on branch instruction [1108]
[    8.6093] microVU1: 3 cycle stall on branch instruction [1130]
[    8.6097] microVU1: 3 cycle stall on branch instruction [1108]
[    8.6097] microVU1: 3 cycle stall on branch instruction [1130]
[    8.6099] microVU1: 3 cycle stall on branch instruction [1108]
[    8.6100] microVU1: 3 cycle stall on branch instruction [1130]
[    8.6101] microVU1: 3 cycle stall on branch instruction [1108]
[    8.6102] microVU1: 3 cycle stall on branch instruction [1130]
[    8.6108] microVU1: 3 cycle stall on branch instruction [1108]
[    8.6108] microVU1: 3 cycle stall on branch instruction [1130]
[    8.6109] microVU1: 3 cycle stall on branch instruction [09e8]
[    8.6109] microVU1: 3 cycle stall on branch instruction [0a70]
[    8.6112] microVU1: 3 cycle stall on branch instruction [09e8]
[    8.6112] microVU1: 3 cycle stall on branch instruction [0a70]
[    8.6113] microVU1: 3 cycle stall on branch instruction [09e8]
[    8.6113] microVU1: 3 cycle stall on branch instruction [0a70]
[    8.6115] microVU1: 3 cycle stall on branch instruction [1108]
[    8.6116] microVU1: 3 cycle stall on branch instruction [1130]
[    8.6117] microVU1: 3 cycle stall on branch instruction [09e8]
[    8.6117] microVU1: 3 cycle stall on branch instruction [0a70]
[    8.6118] microVU1: 3 cycle stall on branch instruction [09e8]
[    8.6119] microVU1: 3 cycle stall on branch instruction [0a70]
[    8.6120] microVU1: 3 cycle stall on branch instruction [1108]
[    8.6121] microVU1: 3 cycle stall on branch instruction [1130]
[    8.6121] microVU1: 3 cycle stall on branch instruction [09e8]
[    8.6122] microVU1: 3 cycle stall on branch instruction [0a70]
[    8.6123] microVU1: 3 cycle stall on branch instruction [09e8]
[    8.6123] microVU1: 3 cycle stall on branch instruction [0a70]
[    8.6125] microVU1: 3 cycle stall on branch instruction [09e8]
[    8.6125] microVU1: 3 cycle stall on branch instruction [0a70]
[    8.6127] microVU1: 3 cycle stall on branch instruction [09e8]
[    8.6127] microVU1: 3 cycle stall on branch instruction [0a70]
[    8.6129] microVU1: 3 cycle stall on branch instruction [09e8]
[    8.6129] microVU1: 3 cycle stall on branch instruction [0a70]
[    8.6131] microVU1: 3 cycle stall on branch instruction [09e8]
[    8.6131] microVU1: 3 cycle stall on branch instruction [0a70]
[    8.6132] microVU1: 3 cycle stall on branch instruction [09e8]
[    8.6133] microVU1: 3 cycle stall on branch instruction [0a70]
[    8.6134] microVU1: 3 cycle stall on branch instruction [09e8]
[    8.6134] microVU1: 3 cycle stall on branch instruction [0a70]
[    8.6136] microVU1: 3 cycle stall on branch instruction [09e8]
[    8.6136] microVU1: 3 cycle stall on branch instruction [0a70]
[    8.6138] microVU1: 3 cycle stall on branch instruction [09e8]
[    8.6138] microVU1: 3 cycle stall on branch instruction [0a70]
[    8.6139] microVU1: 3 cycle stall on branch instruction [07f0]
[    8.6140] microVU1: Cached Prog = [006] [PC=1188] [List=01] (Cache=3.688%) [2.2mb]
[    8.6140] microVU1: 2 cycle stall on branch instruction [07c8]
[    8.6143] microVU1: 3 cycle stall on branch instruction [1108]
[    8.6143] microVU1: 3 cycle stall on branch instruction [1130]
[    8.6146] microVU1: 3 cycle stall on branch instruction [1108]
[    8.6146] microVU1: 3 cycle stall on branch instruction [1130]
[    8.6147] microVU1: 3 cycle stall on branch instruction [1108]
[    8.6147] microVU1: 3 cycle stall on branch instruction [1130]
[    8.6151] microVU1: 3 cycle stall on branch instruction [1108]
[    8.6151] microVU1: 3 cycle stall on branch instruction [1130]
[    8.6153] microVU1: 3 cycle stall on branch instruction [1108]
[    8.6154] microVU1: 3 cycle stall on branch instruction [1130]
[    8.6155] microVU1: 3 cycle stall on branch instruction [1108]
[    8.6155] microVU1: 3 cycle stall on branch instruction [1130]
[    8.6156] microVU1: 3 cycle stall on branch instruction [1108]
[    8.6156] microVU1: 3 cycle stall on branch instruction [1130]
[    8.6157] microVU1: 3 cycle stall on branch instruction [09e8]
[    8.6157] microVU1: 3 cycle stall on branch instruction [0a70]
[    8.6158] microVU1: 3 cycle stall on branch instruction [1108]
[    8.6158] microVU1: 3 cycle stall on branch instruction [1130]
[    8.6161] microVU1: 3 cycle stall on branch instruction [1108]
[    8.6161] microVU1: 3 cycle stall on branch instruction [1130]
[    8.6162] microVU1: 3 cycle stall on branch instruction [1108]
[    8.6163] microVU1: 3 cycle stall on branch instruction [1130]
[    8.6167] microVU1: 3 cycle stall on branch instruction [1108]
[    8.6167] microVU1: 3 cycle stall on branch instruction [1130]
[    8.6169] microVU1: 3 cycle stall on branch instruction [1108]
[    8.6169] microVU1: 3 cycle stall on branch instruction [1130]
[    8.6170] microVU1: 3 cycle stall on branch instruction [1108]
[    8.6171] microVU1: 3 cycle stall on branch instruction [1130]
[    8.6176] microVU1: 3 cycle stall on branch instruction [1108]
[    8.6177] microVU1: 3 cycle stall on branch instruction [1130]
[    8.6177] microVU1: 3 cycle stall on branch instruction [09e8]
[    8.6178] microVU1: 3 cycle stall on branch instruction [0a70]
[    8.6180] microVU1: 3 cycle stall on branch instruction [09e8]
[    8.6181] microVU1: 3 cycle stall on branch instruction [0a70]
[    8.6182] microVU1: 3 cycle stall on branch instruction [09e8]
[    8.6182] microVU1: 3 cycle stall on branch instruction [0a70]
[    8.6185] microVU1: 3 cycle stall on branch instruction [1108]
[    8.6185] microVU1: 3 cycle stall on branch instruction [1130]
[    8.6186] microVU1: 3 cycle stall on branch instruction [09e8]
[    8.6186] microVU1: 3 cycle stall on branch instruction [0a70]
[    8.6188] microVU1: 3 cycle stall on branch instruction [09e8]
[    8.6188] microVU1: 3 cycle stall on branch instruction [0a70]
[    8.6190] microVU1: 3 cycle stall on branch instruction [1108]
[    8.6190] microVU1: 3 cycle stall on branch instruction [1130]
[    8.6191] microVU1: 3 cycle stall on branch instruction [09e8]
[    8.6191] microVU1: 3 cycle stall on branch instruction [0a70]
[    8.6193] microVU1: 3 cycle stall on branch instruction [09e8]
[    8.6194] microVU1: 3 cycle stall on branch instruction [0a70]
[    8.6195] microVU1: 3 cycle stall on branch instruction [09e8]
[    8.6196] microVU1: 3 cycle stall on branch instruction [0a70]
[    8.6197] microVU1: 3 cycle stall on branch instruction [09e8]
[    8.6198] microVU1: 3 cycle stall on branch instruction [0a70]
[    8.6200] microVU1: 3 cycle stall on branch instruction [09e8]
[    8.6200] microVU1: 3 cycle stall on branch instruction [0a70]
[    8.6201] microVU1: 3 cycle stall on branch instruction [09e8]
[    8.6201] microVU1: 3 cycle stall on branch instruction [0a70]
[    8.6203] microVU1: 3 cycle stall on branch instruction [09e8]
[    8.6203] microVU1: 3 cycle stall on branch instruction [0a70]
[    8.6205] microVU1: 3 cycle stall on branch instruction [09e8]
[    8.6205] microVU1: 3 cycle stall on branch instruction [0a70]
[    8.6206] microVU1: 3 cycle stall on branch instruction [09e8]
[    8.6206] microVU1: 3 cycle stall on branch instruction [0a70]
[    8.6208] microVU1: 3 cycle stall on branch instruction [09e8]
[    8.6208] microVU1: 3 cycle stall on branch instruction [0a70]
[    8.6209] microVU1: 3 cycle stall on branch instruction [07f0]
[    8.7153] microVU1: Cached Prog = [007] [PC=0700] [List=01] (Cache=4.490%) [2.7mb]
[    8.7163] microVU1: Cached Prog = [008] [PC=3560] [List=01] (Cache=4.583%) [2.8mb]
[    8.7168] microVU1: Cached Prog = [009] [PC=3940] [List=01] (Cache=4.635%) [2.8mb]
[    8.9892] microVU1: Cached Prog = [010] [PC=3c50] [List=01] (Cache=4.687%) [2.9mb]
[    8.9894] microVU1: Cached Prog = [011] [PC=3fb0] [List=01] (Cache=4.703%) [2.9mb]
[   21.3778] LOG: NIGHTCAMERA phase=0 offset=750 positionX=00000000 positionY=4028b437 positionZ=c2a19b64 lookX=00000000 lookY=3f9a5e32 lookZ=c2949b64 sceneGeneration=1 mask=0
[   21.3783] LOG: NIGHTCONTEXT phase=0 offset=750 scene=0 night=1 video=1 display=1 depth=2 width=448 height=448 refreshMilliHz=60000 requested=1 dtBits=3c888889 clockBits=00000000 rasterWidth=448 rasterHeight=448 scaleX=1 scaleY=1 ilChoice=0 ilProbing=0 ilBlock=0 ilFrame=58 ilAccepted=0 ilPipelined=1 frameYield=0
[   21.3969] LOG: NIGHTPROD phase=0 offset=750 stage=0 enabled=0 calls=74 units1=0 units2=0 units3=0 units4=0 timedCalls=0 reads=0 ticks=0
[   21.3971] LOG: NIGHTPROD phase=0 offset=750 stage=1 enabled=0 calls=0 units1=0 units2=0 units3=0 units4=0 timedCalls=0 reads=0 ticks=0
[   21.3973] LOG: NIGHTPROD phase=0 offset=750 stage=2 enabled=0 calls=0 units1=0 units2=0 units3=0 units4=0 timedCalls=0 reads=0 ticks=0
[   21.3975] LOG: NIGHTPROD phase=0 offset=750 stage=3 enabled=0 calls=0 units1=0 units2=0 units3=0 units4=0 timedCalls=0 reads=0 ticks=0
[   21.3977] LOG: NIGHTPROD phase=0 offset=750 stage=4 enabled=0 calls=0 units1=0 units2=0 units3=0 units4=0 timedCalls=0 reads=0 ticks=0
[   21.3979] LOG: NIGHTCORONAGATES phase=0 offset=750 selected=0 enabled=0 coldPackets=0 eligible=0 requested=0 fallback=0 sourceVertices=0 requestedVertices=0 fogOn=0 shaderLit=0 invalid=0 acceptedOutputKnown=0
[   21.3984] LOG: NIGHTGATES phase=0 offset=750 first=750 frames=1 mask=0 attempted1=8 executed1=8 skipped1=0 submitted1=8 attempted2=4 executed2=4 skipped2=0 submitted2=5 attempted4=3 executed4=3 skipped4=0 submitted4=5 attempted8=4 executed8=4 skipped8=0 submitted8=1 attempted16=2 executed16=2 skipped16=0 submitted16=1 attempted32=0 executed32=0 skipped32=0 submitted32=0 attempted64=0 executed64=0 skipped64=0 submitted64=0
[   21.3985] LOG: NIGHTEXTRAGATES phase=0 offset=750 first=750 frames=1 extraMask=0 attempted1=1 executed1=1 skipped1=0 submitted1=1 attempted2=1 executed2=1 skipped2=0 submitted2=2 attempted4=2 executed4=2 skipped4=0 submitted4=2
[   21.3986] LOG: NIGHTWILDGATES phase=0 offset=750 first=750 frames=1 variant=0 enabled=0 planeInvocations=0 planeEligible=0 planeApplied=0 planeFallback=0 planeBoundary=0 planeNonfinite=0 planeColdCompared=0 planeColdMismatches=0 planeInputUnits=0 planeOutputUnits=0 planeInvalid=0 coneInvocations=0 coneEligible=0 coneApplied=0 coneFallback=0 coneBoundary=0 coneNonfinite=0 coneColdCompared=0 coneColdMismatches=0 coneInputUnits=0 coneOutputUnits=0 coneInvalid=0
[   21.3987] LOG: NIGHTTABLEGATES phase=0 offset=750 first=750 frames=1 selected=1 enabled=1 invocations=19 eligible=9 applied=9 fallback=10 sourceVertices=753 admittedVertices=618 baselineColorQwords=753 tableColorQwords=18 coldCompared=9 coldMismatches=0 invalid=0
[   28.5048] LOG: NIGHTCAMERA phase=0 offset=1155 positionX=00000000 positionY=4028b437 positionZ=c2a19b64 lookX=00000000 lookY=3f9a5e32 lookZ=c2949b64 sceneGeneration=1 mask=0
[   28.5051] LOG: NIGHTCONTEXT phase=0 offset=1155 scene=0 night=1 video=1 display=1 depth=2 width=448 height=448 refreshMilliHz=60000 requested=1 dtBits=3c888889 clockBits=00000000 rasterWidth=448 rasterHeight=448 scaleX=1 scaleY=1 ilChoice=0 ilProbing=0 ilBlock=0 ilFrame=13 ilAccepted=0 ilPipelined=1 frameYield=0
[   28.5222] LOG: NIGHTPROD phase=0 offset=1155 stage=0 enabled=0 calls=74 units1=0 units2=0 units3=0 units4=0 timedCalls=0 reads=0 ticks=0
[   28.5225] LOG: NIGHTPROD phase=0 offset=1155 stage=1 enabled=0 calls=0 units1=0 units2=0 units3=0 units4=0 timedCalls=0 reads=0 ticks=0
[   28.5227] LOG: NIGHTPROD phase=0 offset=1155 stage=2 enabled=0 calls=0 units1=0 units2=0 units3=0 units4=0 timedCalls=0 reads=0 ticks=0
[   28.5229] LOG: NIGHTPROD phase=0 offset=1155 stage=3 enabled=0 calls=0 units1=0 units2=0 units3=0 units4=0 timedCalls=0 reads=0 ticks=0
[   28.5230] LOG: NIGHTPROD phase=0 offset=1155 stage=4 enabled=0 calls=0 units1=0 units2=0 units3=0 units4=0 timedCalls=0 reads=0 ticks=0
[   28.5233] LOG: NIGHTCORONAGATES phase=0 offset=1155 selected=0 enabled=0 coldPackets=0 eligible=0 requested=0 fallback=0 sourceVertices=0 requestedVertices=0 fogOn=0 shaderLit=0 invalid=0 acceptedOutputKnown=0
[   28.5235] LOG: NIGHTGATES phase=0 offset=1155 first=1155 frames=1 mask=0 attempted1=8 executed1=8 skipped1=0 submitted1=8 attempted2=4 executed2=4 skipped2=0 submitted2=5 attempted4=3 executed4=3 skipped4=0 submitted4=5 attempted8=4 executed8=4 skipped8=0 submitted8=1 attempted16=2 executed16=2 skipped16=0 submitted16=1 attempted32=0 executed32=0 skipped32=0 submitted32=0 attempted64=0 executed64=0 skipped64=0 submitted64=0
[   28.5236] LOG: NIGHTEXTRAGATES phase=0 offset=1155 first=1155 frames=1 extraMask=0 attempted1=1 executed1=1 skipped1=0 submitted1=1 attempted2=1 executed2=1 skipped2=0 submitted2=2 attempted4=2 executed4=2 skipped4=0 submitted4=2
[   28.5237] LOG: NIGHTWILDGATES phase=0 offset=1155 first=1155 frames=1 variant=0 enabled=0 planeInvocations=0 planeEligible=0 planeApplied=0 planeFallback=0 planeBoundary=0 planeNonfinite=0 planeColdCompared=0 planeColdMismatches=0 planeInputUnits=0 planeOutputUnits=0 planeInvalid=0 coneInvocations=0 coneEligible=0 coneApplied=0 coneFallback=0 coneBoundary=0 coneNonfinite=0 coneColdCompared=0 coneColdMismatches=0 coneInputUnits=0 coneOutputUnits=0 coneInvalid=0
[   28.5238] LOG: NIGHTTABLEGATES phase=0 offset=1155 first=1155 frames=1 selected=1 enabled=1 invocations=19 eligible=9 applied=9 fallback=10 sourceVertices=753 admittedVertices=618 baselineColorQwords=753 tableColorQwords=18 coldCompared=9 coldMismatches=0 invalid=0
[   39.9283] LOG: NIGHTPRODPHASE phase=1 enabled=1
[   39.9285] LOG: NIGHTCORONAPHASE phase=1 first=1800 selected=0 enabled=0
[   39.9287] LOG: NIGHTPHASE phase=1 first=1800 mask=0 appliedMask=0 sampler=1 countReads=262 samplePtr=0052e688
[   39.9289] LOG: NIGHTEXTRAPHASE phase=1 first=1800 extraMask=0 appliedExtraMask=0
[   39.9291] LOG: NIGHTWILDPHASE phase=1 first=1800 variant=0 enabled=0 appliedVariant=0 appliedEnabled=0
[   39.9292] LOG: NIGHTTABLEPHASE phase=1 first=1800 selected=1 enabled=1 appliedSelected=1 appliedEnabled=1
[   53.1537] LOG: NIGHTCAMERA phase=1 offset=750 positionX=00000000 positionY=4028b437 positionZ=c2a19b64 lookX=00000000 lookY=3f9a5e32 lookZ=c2949b64 sceneGeneration=1 mask=0
[   53.1541] LOG: NIGHTCONTEXT phase=1 offset=750 scene=0 night=1 video=1 display=1 depth=2 width=448 height=448 refreshMilliHz=60000 requested=1 dtBits=3c888889 clockBits=00000000 rasterWidth=448 rasterHeight=448 scaleX=1 scaleY=1 ilChoice=0 ilProbing=0 ilBlock=0 ilFrame=58 ilAccepted=0 ilPipelined=1 frameYield=0
[   53.1713] LOG: NIGHTPROD phase=1 offset=750 stage=0 enabled=1 calls=74 units1=74 units2=74 units3=0 units4=0 timedCalls=0 reads=0 ticks=0
[   53.1715] LOG: NIGHTPROD phase=1 offset=750 stage=1 enabled=1 calls=0 units1=0 units2=0 units3=0 units4=0 timedCalls=0 reads=0 ticks=0
[   53.1716] LOG: NIGHTPROD phase=1 offset=750 stage=2 enabled=1 calls=0 units1=0 units2=0 units3=0 units4=0 timedCalls=0 reads=0 ticks=0
[   53.1718] LOG: NIGHTPROD phase=1 offset=750 stage=3 enabled=1 calls=0 units1=0 units2=0 units3=0 units4=0 timedCalls=0 reads=0 ticks=0
[   53.1720] LOG: NIGHTPROD phase=1 offset=750 stage=4 enabled=1 calls=0 units1=0 units2=0 units3=0 units4=0 timedCalls=0 reads=0 ticks=0
[   53.1722] LOG: NIGHTCORONAGATES phase=1 offset=750 selected=0 enabled=0 coldPackets=0 eligible=0 requested=0 fallback=0 sourceVertices=0 requestedVertices=0 fogOn=0 shaderLit=0 invalid=0 acceptedOutputKnown=0
[   53.1724] LOG: NIGHTGATES phase=1 offset=750 first=750 frames=1 mask=0 attempted1=8 executed1=8 skipped1=0 submitted1=8 attempted2=4 executed2=4 skipped2=0 submitted2=5 attempted4=3 executed4=3 skipped4=0 submitted4=5 attempted8=4 executed8=4 skipped8=0 submitted8=1 attempted16=2 executed16=2 skipped16=0 submitted16=1 attempted32=0 executed32=0 skipped32=0 submitted32=0 attempted64=0 executed64=0 skipped64=0 submitted64=0
[   53.1725] LOG: NIGHTEXTRAGATES phase=1 offset=750 first=750 frames=1 extraMask=0 attempted1=1 executed1=1 skipped1=0 submitted1=1 attempted2=1 executed2=1 skipped2=0 submitted2=2 attempted4=2 executed4=2 skipped4=0 submitted4=2
[   53.1725] LOG: NIGHTWILDGATES phase=1 offset=750 first=750 frames=1 variant=0 enabled=0 planeInvocations=0 planeEligible=0 planeApplied=0 planeFallback=0 planeBoundary=0 planeNonfinite=0 planeColdCompared=0 planeColdMismatches=0 planeInputUnits=0 planeOutputUnits=0 planeInvalid=0 coneInvocations=0 coneEligible=0 coneApplied=0 coneFallback=0 coneBoundary=0 coneNonfinite=0 coneColdCompared=0 coneColdMismatches=0 coneInputUnits=0 coneOutputUnits=0 coneInvalid=0
[   53.1726] LOG: NIGHTTABLEGATES phase=1 offset=750 first=750 frames=1 selected=1 enabled=1 invocations=19 eligible=9 applied=9 fallback=10 sourceVertices=753 admittedVertices=618 baselineColorQwords=753 tableColorQwords=18 coldCompared=9 coldMismatches=0 invalid=0
[   60.6281] LOG: NIGHTCAMERA phase=1 offset=1155 positionX=00000000 positionY=4028b437 positionZ=c2a19b64 lookX=00000000 lookY=3f9a5e32 lookZ=c2949b64 sceneGeneration=1 mask=0
[   60.6284] LOG: NIGHTCONTEXT phase=1 offset=1155 scene=0 night=1 video=1 display=1 depth=2 width=448 height=448 refreshMilliHz=60000 requested=1 dtBits=3c888889 clockBits=00000000 rasterWidth=448 rasterHeight=448 scaleX=1 scaleY=1 ilChoice=0 ilProbing=0 ilBlock=0 ilFrame=13 ilAccepted=0 ilPipelined=1 frameYield=0
[   60.6456] LOG: NIGHTPROD phase=1 offset=1155 stage=0 enabled=1 calls=74 units1=74 units2=74 units3=0 units4=0 timedCalls=0 reads=0 ticks=0
[   60.6458] LOG: NIGHTPROD phase=1 offset=1155 stage=1 enabled=1 calls=0 units1=0 units2=0 units3=0 units4=0 timedCalls=0 reads=0 ticks=0
[   60.6460] LOG: NIGHTPROD phase=1 offset=1155 stage=2 enabled=1 calls=0 units1=0 units2=0 units3=0 units4=0 timedCalls=0 reads=0 ticks=0
[   60.6465] LOG: NIGHTPROD phase=1 offset=1155 stage=3 enabled=1 calls=0 units1=0 units2=0 units3=0 units4=0 timedCalls=0 reads=0 ticks=0
[   60.6468] LOG: NIGHTPROD phase=1 offset=1155 stage=4 enabled=1 calls=0 units1=0 units2=0 units3=0 units4=0 timedCalls=0 reads=0 ticks=0
[   60.6470] LOG: NIGHTCORONAGATES phase=1 offset=1155 selected=0 enabled=0 coldPackets=0 eligible=0 requested=0 fallback=0 sourceVertices=0 requestedVertices=0 fogOn=0 shaderLit=0 invalid=0 acceptedOutputKnown=0
[   60.6471] LOG: NIGHTGATES phase=1 offset=1155 first=1155 frames=1 mask=0 attempted1=8 executed1=8 skipped1=0 submitted1=8 attempted2=4 executed2=4 skipped2=0 submitted2=5 attempted4=3 executed4=3 skipped4=0 submitted4=5 attempted8=4 executed8=4 skipped8=0 submitted8=1 attempted16=2 executed16=2 skipped16=0 submitted16=1 attempted32=0 executed32=0 skipped32=0 submitted32=0 attempted64=0 executed64=0 skipped64=0 submitted64=0
[   60.6472] LOG: NIGHTEXTRAGATES phase=1 offset=1155 first=1155 frames=1 extraMask=0 attempted1=1 executed1=1 skipped1=0 submitted1=1 attempted2=1 executed2=1 skipped2=0 submitted2=2 attempted4=2 executed4=2 skipped4=0 submitted4=2
[   60.6472] LOG: NIGHTWILDGATES phase=1 offset=1155 first=1155 frames=1 variant=0 enabled=0 planeInvocations=0 planeEligible=0 planeApplied=0 planeFallback=0 planeBoundary=0 planeNonfinite=0 planeColdCompared=0 planeColdMismatches=0 planeInputUnits=0 planeOutputUnits=0 planeInvalid=0 coneInvocations=0 coneEligible=0 coneApplied=0 coneFallback=0 coneBoundary=0 coneNonfinite=0 coneColdCompared=0 coneColdMismatches=0 coneInputUnits=0 coneOutputUnits=0 coneInvalid=0
[   60.6473] LOG: NIGHTTABLEGATES phase=1 offset=1155 first=1155 frames=1 selected=1 enabled=1 invocations=19 eligible=9 applied=9 fallback=10 sourceVertices=753 admittedVertices=618 baselineColorQwords=753 tableColorQwords=18 coldCompared=9 coldMismatches=0 invalid=0
[   72.1094] LOG: NIGHTPRODPHASE phase=2 enabled=0
[   72.1096] LOG: NIGHTCORONAPHASE phase=2 first=3600 selected=0 enabled=0
[   72.1098] LOG: NIGHTPHASE phase=2 first=3600 mask=0 appliedMask=0 sampler=1 countReads=262 samplePtr=0052e688
[   72.1099] LOG: NIGHTEXTRAPHASE phase=2 first=3600 extraMask=0 appliedExtraMask=0
[   72.1101] LOG: NIGHTWILDPHASE phase=2 first=3600 variant=0 enabled=0 appliedVariant=0 appliedEnabled=0
[   72.1102] LOG: NIGHTTABLEPHASE phase=2 first=3600 selected=1 enabled=1 appliedSelected=1 appliedEnabled=1
[   85.3165] LOG: NIGHTCAMERA phase=2 offset=750 positionX=00000000 positionY=4028b437 positionZ=c2a19b64 lookX=00000000 lookY=3f9a5e32 lookZ=c2949b64 sceneGeneration=1 mask=0
[   85.3168] LOG: NIGHTCONTEXT phase=2 offset=750 scene=0 night=1 video=1 display=1 depth=2 width=448 height=448 refreshMilliHz=60000 requested=1 dtBits=3c888889 clockBits=00000000 rasterWidth=448 rasterHeight=448 scaleX=1 scaleY=1 ilChoice=0 ilProbing=0 ilBlock=0 ilFrame=58 ilAccepted=0 ilPipelined=1 frameYield=0
[   85.3339] LOG: NIGHTPROD phase=2 offset=750 stage=0 enabled=0 calls=74 units1=0 units2=0 units3=0 units4=0 timedCalls=0 reads=0 ticks=0
[   85.3341] LOG: NIGHTPROD phase=2 offset=750 stage=1 enabled=0 calls=0 units1=0 units2=0 units3=0 units4=0 timedCalls=0 reads=0 ticks=0
[   85.3342] LOG: NIGHTPROD phase=2 offset=750 stage=2 enabled=0 calls=0 units1=0 units2=0 units3=0 units4=0 timedCalls=0 reads=0 ticks=0
[   85.3344] LOG: NIGHTPROD phase=2 offset=750 stage=3 enabled=0 calls=0 units1=0 units2=0 units3=0 units4=0 timedCalls=0 reads=0 ticks=0
[   85.3345] LOG: NIGHTPROD phase=2 offset=750 stage=4 enabled=0 calls=0 units1=0 units2=0 units3=0 units4=0 timedCalls=0 reads=0 ticks=0
[   85.3347] LOG: NIGHTCORONAGATES phase=2 offset=750 selected=0 enabled=0 coldPackets=0 eligible=0 requested=0 fallback=0 sourceVertices=0 requestedVertices=0 fogOn=0 shaderLit=0 invalid=0 acceptedOutputKnown=0
[   85.3350] LOG: NIGHTGATES phase=2 offset=750 first=750 frames=1 mask=0 attempted1=8 executed1=8 skipped1=0 submitted1=8 attempted2=4 executed2=4 skipped2=0 submitted2=5 attempted4=3 executed4=3 skipped4=0 submitted4=5 attempted8=4 executed8=4 skipped8=0 submitted8=1 attempted16=2 executed16=2 skipped16=0 submitted16=1 attempted32=0 executed32=0 skipped32=0 submitted32=0 attempted64=0 executed64=0 skipped64=0 submitted64=0
[   85.3350] LOG: NIGHTEXTRAGATES phase=2 offset=750 first=750 frames=1 extraMask=0 attempted1=1 executed1=1 skipped1=0 submitted1=1 attempted2=1 executed2=1 skipped2=0 submitted2=2 attempted4=2 executed4=2 skipped4=0 submitted4=2
[   85.3351] LOG: NIGHTWILDGATES phase=2 offset=750 first=750 frames=1 variant=0 enabled=0 planeInvocations=0 planeEligible=0 planeApplied=0 planeFallback=0 planeBoundary=0 planeNonfinite=0 planeColdCompared=0 planeColdMismatches=0 planeInputUnits=0 planeOutputUnits=0 planeInvalid=0 coneInvocations=0 coneEligible=0 coneApplied=0 coneFallback=0 coneBoundary=0 coneNonfinite=0 coneColdCompared=0 coneColdMismatches=0 coneInputUnits=0 coneOutputUnits=0 coneInvalid=0
[   85.3352] LOG: NIGHTTABLEGATES phase=2 offset=750 first=750 frames=1 selected=1 enabled=1 invocations=19 eligible=9 applied=9 fallback=10 sourceVertices=753 admittedVertices=618 baselineColorQwords=753 tableColorQwords=18 coldCompared=9 coldMismatches=0 invalid=0
[   92.4312] LOG: NIGHTCAMERA phase=2 offset=1155 positionX=00000000 positionY=4028b437 positionZ=c2a19b64 lookX=00000000 lookY=3f9a5e32 lookZ=c2949b64 sceneGeneration=1 mask=0
[   92.4315] LOG: NIGHTCONTEXT phase=2 offset=1155 scene=0 night=1 video=1 display=1 depth=2 width=448 height=448 refreshMilliHz=60000 requested=1 dtBits=3c888889 clockBits=00000000 rasterWidth=448 rasterHeight=448 scaleX=1 scaleY=1 ilChoice=0 ilProbing=0 ilBlock=0 ilFrame=13 ilAccepted=0 ilPipelined=1 frameYield=0
[   92.4480] LOG: NIGHTPROD phase=2 offset=1155 stage=0 enabled=0 calls=74 units1=0 units2=0 units3=0 units4=0 timedCalls=0 reads=0 ticks=0
[   92.4482] LOG: NIGHTPROD phase=2 offset=1155 stage=1 enabled=0 calls=0 units1=0 units2=0 units3=0 units4=0 timedCalls=0 reads=0 ticks=0
[   92.4484] LOG: NIGHTPROD phase=2 offset=1155 stage=2 enabled=0 calls=0 units1=0 units2=0 units3=0 units4=0 timedCalls=0 reads=0 ticks=0
[   92.4488] LOG: NIGHTPROD phase=2 offset=1155 stage=3 enabled=0 calls=0 units1=0 units2=0 units3=0 units4=0 timedCalls=0 reads=0 ticks=0
[   92.4489] LOG: NIGHTPROD phase=2 offset=1155 stage=4 enabled=0 calls=0 units1=0 units2=0 units3=0 units4=0 timedCalls=0 reads=0 ticks=0
[   92.4491] LOG: NIGHTCORONAGATES phase=2 offset=1155 selected=0 enabled=0 coldPackets=0 eligible=0 requested=0 fallback=0 sourceVertices=0 requestedVertices=0 fogOn=0 shaderLit=0 invalid=0 acceptedOutputKnown=0
[   92.4492] LOG: NIGHTGATES phase=2 offset=1155 first=1155 frames=1 mask=0 attempted1=8 executed1=8 skipped1=0 submitted1=8 attempted2=4 executed2=4 skipped2=0 submitted2=5 attempted4=3 executed4=3 skipped4=0 submitted4=5 attempted8=4 executed8=4 skipped8=0 submitted8=1 attempted16=2 executed16=2 skipped16=0 submitted16=1 attempted32=0 executed32=0 skipped32=0 submitted32=0 attempted64=0 executed64=0 skipped64=0 submitted64=0
[   92.4493] LOG: NIGHTEXTRAGATES phase=2 offset=1155 first=1155 frames=1 extraMask=0 attempted1=1 executed1=1 skipped1=0 submitted1=1 attempted2=1 executed2=1 skipped2=0 submitted2=2 attempted4=2 executed4=2 skipped4=0 submitted4=2
[   92.4494] LOG: NIGHTWILDGATES phase=2 offset=1155 first=1155 frames=1 variant=0 enabled=0 planeInvocations=0 planeEligible=0 planeApplied=0 planeFallback=0 planeBoundary=0 planeNonfinite=0 planeColdCompared=0 planeColdMismatches=0 planeInputUnits=0 planeOutputUnits=0 planeInvalid=0 coneInvocations=0 coneEligible=0 coneApplied=0 coneFallback=0 coneBoundary=0 coneNonfinite=0 coneColdCompared=0 coneColdMismatches=0 coneInputUnits=0 coneOutputUnits=0 coneInvalid=0
[   92.4495] LOG: NIGHTTABLEGATES phase=2 offset=1155 first=1155 frames=1 selected=1 enabled=1 invocations=19 eligible=9 applied=9 fallback=10 sourceVertices=753 admittedVertices=618 baselineColorQwords=753 tableColorQwords=18 coldCompared=9 coldMismatches=0 invalid=0
[  103.8149] LOG: NIGHTDONE order=0 valid=1 loops=5400
