[    0.0149] Program Path: /home/spider/tyrax2-debugger-linux-v1/squashfs-root/usr/bin/pcsx2-qt
[    0.0149] AppRoot Directory: /home/spider/tyrax2-debugger-linux-v1/squashfs-root/usr/bin
[    0.0149] Resources Directory: /home/spider/tyrax2-debugger-linux-v1/squashfs-root/usr/bin/resources
[    0.0150] DataRoot Directory: /home/spider/pool-lattice-probe-a96-arm1-repeat1-20261005-v1/profile/PCSX2
[    0.0150] Loading config from /home/spider/pool-lattice-probe-a96-arm1-repeat1-20261005-v1/profile/PCSX2/inis/PCSX2.ini.
[    0.0152] Loading secrets from /home/spider/pool-lattice-probe-a96-arm1-repeat1-20261005-v1/profile/PCSX2/inis/secrets.ini.
[    0.0156] BIOS Directory: /mnt/c/Users/pawel/OneDrive/Documents/PCSX2/bios
[    0.0156] Snapshots Directory: /home/spider/pool-lattice-probe-a96-arm1-repeat1-20261005-v1/profile/PCSX2/snaps
[    0.0156] Savestates Directory: /home/spider/pool-lattice-probe-a96-arm1-repeat1-20261005-v1/profile/PCSX2/sstates
[    0.0156] MemoryCards Directory: /home/spider/pool-lattice-probe-a96-arm1-repeat1-20261005-v1/profile/PCSX2/memcards
[    0.0156] Logs Directory: /home/spider/pool-lattice-probe-a96-arm1-repeat1-20261005-v1/profile/PCSX2/logs
[    0.0156] Cheats Directory: /home/spider/pool-lattice-probe-a96-arm1-repeat1-20261005-v1/profile/PCSX2/cheats
[    0.0156] Patches Directory: /home/spider/pool-lattice-probe-a96-arm1-repeat1-20261005-v1/profile/PCSX2/patches
[    0.0156] Covers Directory: /home/spider/pool-lattice-probe-a96-arm1-repeat1-20261005-v1/profile/PCSX2/covers
[    0.0156] Game Settings Directory: /home/spider/pool-lattice-probe-a96-arm1-repeat1-20261005-v1/profile/PCSX2/gamesettings
[    0.0156] Resources Directory: /home/spider/tyrax2-debugger-linux-v1/squashfs-root/usr/bin/resources
[    0.0156] User Resources Directory: /home/spider/pool-lattice-probe-a96-arm1-repeat1-20261005-v1/profile/PCSX2/resources
[    0.0156] Cache Directory: /home/spider/pool-lattice-probe-a96-arm1-repeat1-20261005-v1/profile/PCSX2/cache
[    0.0156] Textures Directory: /home/spider/pool-lattice-probe-a96-arm1-repeat1-20261005-v1/profile/PCSX2/textures
[    0.0156] Input Profile Directory: /home/spider/pool-lattice-probe-a96-arm1-repeat1-20261005-v1/profile/PCSX2/inputprofiles
[    0.0156] Video Dumping Directory: /home/spider/pool-lattice-probe-a96-arm1-repeat1-20261005-v1/profile/PCSX2/videos
[    0.0156] Debugger Layouts Directory: /home/spider/pool-lattice-probe-a96-arm1-repeat1-20261005-v1/profile/PCSX2/inis/debuggerlayouts
[    0.0156] Debugger Settings Directory: /home/spider/pool-lattice-probe-a96-arm1-repeat1-20261005-v1/profile/PCSX2/inis/debuggersettings
[    0.0309] Loaded translation file for language en-US
[    0.0380] PCSX2 v2.9.93
[    0.0381] Savestate version: 0x9a590000
[    0.0381] 
[    0.0381] 
[    0.0381] Host Machine Init:
[    0.0382]   Operating System = Ubuntu 22.04
[    0.0382]   Available RAM    = 49088 MB (47.94 GB)
[    0.0383]   Physical RAM     = 50191 MB (49.02 GB)
[    0.0383] 
[    0.0383]   Processor        = AMD Ryzen Threadripper 1920X
[    0.0383]   Core Count       = 24 cores
[    0.0383]   Thread Count     = 24 threads
[    0.0383]   Cluster Count    = 1 clusters
[    0.0383] CPU Extensions Detected:
[    0.0383]   AVX AVX2
[    0.0383] 
[    0.0383] Allocating host memory for virtual systems...
[    0.0387]   EE Main Memory                   @ 0x00007FDCAB200000 -> 0x00007FDCB4100000 [143mb]
[    0.0388]   IOP Main Memory                  @ 0x00007FDCB4100000 -> 0x00007FDCBC200000 [129mb]
[    0.0388]   VU0/1 On-Chip Memory             @ 0x00007FDCBC200000 -> 0x00007FDCBC300000 [1mb]
[    0.0388]   VTLB Virtual Map                 @ 0x00007FDCBC300000 -> 0x00007FDCBCB00000 [8mb]
[    0.0388]   VTLB Address Map                 @ 0x00007FDCBCB00000 -> 0x00007FDCBCF00000 [4mb]
[    0.0388]   R5900 Recompiler Cache           @ 0x00007FDCBCF00000 -> 0x00007FDCC0F00000 [64mb]
[    0.0388]   R3000A Recompiler Cache          @ 0x00007FDCC0F00000 -> 0x00007FDCC2F00000 [32mb]
[    0.0388]   Micro VU0 Recompiler Cache       @ 0x00007FDCC3F00000 -> 0x00007FDCC7F00000 [64mb]
[    0.0389]   Micro VU1 Recompiler Cache       @ 0x00007FDCC7F00000 -> 0x00007FDCCBF00000 [64mb]
[    0.0389]   VIF0 Unpack Recompiler Cache     @ 0x00007FDCC2F00000 -> 0x00007FDCC3700000 [8mb]
[    0.0389]   VIF1 Unpack Recompiler Cache     @ 0x00007FDCC3700000 -> 0x00007FDCC3F00000 [8mb]
[    0.0389]   VIF Unpack Recompiler Cache      @ 0x00007FDCCBF00000 -> 0x00007FDCCC000000 [1mb]
[    0.0389]   GS Software Renderer             @ 0x00007FDCCC000000 -> 0x00007FDCD0000000 [64mb]
[    0.0416] Fastmem area: 0x7fdbab200000 - 0x7fdcab1fffff
[    0.0420] Generating SSE-optimized unpacking functions for VIF interpreters...
[    0.0423] Unpack function generation complete.  Generated function statistics:
[    0.0423]   Reserved buffer    : 1048576 bytes @ 0x00007FDCCBF00000
[    0.0424]   x86 code generated : 7422 bytes
[    0.0424] 
[    0.0426] SDLInputSource: Using Controller DB from resources.
[    0.0619] SDLInputSource: 765 gamepad mappings are loaded.
[    0.0619] Invalid binding: 'XInput-0/DPadUp'
[    0.0620] Invalid binding: 'XInput-0/DPadRight'
[    0.0620] Invalid binding: 'XInput-0/DPadDown'
[    0.0620] Invalid binding: 'XInput-0/DPadLeft'
[    0.0620] Invalid binding: 'XInput-0/Y'
[    0.0620] Invalid binding: 'XInput-0/B'
[    0.0620] Invalid binding: 'XInput-0/A'
[    0.0620] Invalid binding: 'XInput-0/X'
[    0.0620] Invalid binding: 'XInput-0/Back'
[    0.0621] Invalid binding: 'XInput-0/Start'
[    0.0621] Invalid binding: 'XInput-0/LeftShoulder'
[    0.0621] Invalid binding: 'XInput-0/+LeftTrigger'
[    0.0621] Invalid binding: 'XInput-0/RightShoulder'
[    0.0621] Invalid binding: 'XInput-0/+RightTrigger'
[    0.0621] Invalid binding: 'XInput-0/LeftStick'
[    0.0621] Invalid binding: 'XInput-0/RightStick'
[    0.0621] Invalid binding: 'XInput-0/Guide'
[    0.0621] Invalid binding: 'XInput-0/-LeftY'
[    0.0621] Invalid binding: 'XInput-0/+LeftX'
[    0.0621] Invalid binding: 'XInput-0/+LeftY'
[    0.0621] Invalid binding: 'XInput-0/-LeftX'
[    0.0621] Invalid binding: 'XInput-0/-RightY'
[    0.0621] Invalid binding: 'XInput-0/+RightX'
[    0.0621] Invalid binding: 'XInput-0/+RightY'
[    0.0621] Invalid binding: 'XInput-0/-RightX'
[    0.0627] Settings: Advanced Settings are enabled; only proceed if you know what you're doing! No support will be provided if you have the option enabled.
[    0.1140] Scanning F:\PS2\Games (recursively)
[    0.2261] Loading BIOS...
[    0.2380] BIOS Found: Europe  v02.00(14/06/2004)  Console 20040614-100914
[    0.2959] Mechacon version: 0x00020603
[    0.2975] Opening CDVD...
[    0.3302] Initializing Elf: 4470780 bytes
[    0.3308] Disc changed to .
[    0.3308]   Name: vehicle-playground [?]
[    0.3308]   Serial: vehicle-playground
[    0.3308]   Version: 
[    0.3308]   CRC: 57773078
[    0.3309] No game settings found (tried '/home/spider/pool-lattice-probe-a96-arm1-repeat1-20261005-v1/profile/PCSX2/gamesettings/57773078.ini')
[    0.3309] Applying settings...
[    0.3311] Invalid binding: 'XInput-0/DPadUp'
[    0.3311] Invalid binding: 'XInput-0/DPadRight'
[    0.3311] Invalid binding: 'XInput-0/DPadDown'
[    0.3311] Invalid binding: 'XInput-0/DPadLeft'
[    0.3312] Invalid binding: 'XInput-0/Y'
[    0.3312] Invalid binding: 'XInput-0/B'
[    0.3312] Invalid binding: 'XInput-0/A'
[    0.3312] Invalid binding: 'XInput-0/X'
[    0.3312] Invalid binding: 'XInput-0/Back'
[    0.3312] Invalid binding: 'XInput-0/Start'
[    0.3312] Invalid binding: 'XInput-0/LeftShoulder'
[    0.3312] Invalid binding: 'XInput-0/+LeftTrigger'
[    0.3312] Invalid binding: 'XInput-0/RightShoulder'
[    0.3312] Invalid binding: 'XInput-0/+RightTrigger'
[    0.3312] Invalid binding: 'XInput-0/LeftStick'
[    0.3312] Invalid binding: 'XInput-0/RightStick'
[    0.3312] Invalid binding: 'XInput-0/Guide'
[    0.3312] Invalid binding: 'XInput-0/-LeftY'
[    0.3312] Invalid binding: 'XInput-0/+LeftX'
[    0.3312] Invalid binding: 'XInput-0/+LeftY'
[    0.3312] Invalid binding: 'XInput-0/-LeftX'
[    0.3312] Invalid binding: 'XInput-0/-RightY'
[    0.3312] Invalid binding: 'XInput-0/+RightX'
[    0.3312] Invalid binding: 'XInput-0/+RightY'
[    0.3312] Invalid binding: 'XInput-0/-RightX'
[    0.3314] GameDB: Has not been initialized yet, initializing...
[    0.3782] GameDB: 12841 games on record (loaded in 46.82ms)
[    0.3807] Reopening memory cards...
[    0.3807] (FileMcd) Creating new 8MB memory card: /home/spider/pool-lattice-probe-a96-arm1-repeat1-20261005-v1/profile/PCSX2/memcards/Mcd001.ps2
[    0.3901] McdSlot 0 [File]: Mcd001.ps2 [8 MB, UNFORMATTED]
[    0.3901] McdSlot 1 [File]: [disabled/empty filename]
[    0.3947] HLE Host: Set 'host:' root path to: /mnt/f/Projects/tyrax2-lab-20261001/wild-pool-lattice-probe-physical-v1/game/bin
[    0.3948] EE/iR5900 Recompiler Reset
[    0.4389] iR3000A Recompiler reset.
[    0.4571] Resetting host memory for virtual systems...
[    0.7040] Time Zone Offset: GMT+01:00
[    0.7041] Time Zone Location: Berlin
[    0.7041] DST: Winter Time
[    0.7041] Time Format: 24-Hour
[    0.7041] Date Format: DD/MM/YYYY
[    0.7041] System Time Basis: Operating System Time
[    0.7041] Resulting System Time: 2026-10-05 13:39:45
[    0.7041] Close virtual disk tray
[    0.7041] Media already loaded (fast boot)
[    0.7041] Opening GS...
[    0.7432] VK: Enabling extension: VK_KHR_get_surface_capabilities2
[    0.7542] Using Vulkan GPU 'llvmpipe (LLVM 15.0.7, 256 bits)' for automatic renderer check.
[    0.7542] Not using Vulkan for software renderer.
[    0.7544] acquireRenderWindow() recreate=true fullscreen=false render_to_main=true surfaceless=false
[    0.7570] (GetRefreshRateFromXRandR) Modeline is invalid: 0/0/0
[    0.7570] Surface refresh rate: 60 Hz
[    0.7577] Loading EGL from libEGL.so...
[    0.7592] GLAD EGL Version: 1.0
[    0.7592] Using EGL platform EGL_EXT_platform_x11.
[    0.7680] eglInitialize() version: 1.5
[    0.7681] GLAD EGL Version: 1.5
[    0.7681] Trying GL version 4.6
[    0.7681] eglCreateContext() failed: 0x3009
[    0.7681] Trying GL version 4.5
[    0.7797] Got GL version 4.5
[    0.7797] EGL_MIN_SWAP_INTERVAL = 1
[    0.7797] EGL_MAX_SWAP_INTERVAL = 1
[    0.7797] Negative swap interval/tear-control is NOT supported
[    0.7821] GL_VENDOR: Mesa
[    0.7821] GL_VERSION: 4.5 (Core Profile) Mesa 23.2.1-1ubuntu3.1~22.04.4
[    0.7821] GL_RENDERER: llvmpipe (LLVM 15.0.7, 256 bits)
[    0.7821] GL_SHADING_LANGUAGE_VERSION: 4.50
[    0.7822] GL_MAX_VERTEX_SHADER_STORAGE_BLOCKS: 16
[    0.7822] GL: Viewport Array:            Supported       => Using: GL_ARB_viewport_array
[    0.7822] GL: Direct State Access:       Supported       => Using: OpenGL 4.5 Core
[    0.7822] GL: Copy Image:                Supported       => Using: OpenGL 4.3 Core
[    0.7822] GL: Clip Control:              Supported       => Using: OpenGL 4.5 Core
[    0.7822] GL: Conservative Depth:        Supported       => Using: OpenGL 4.2 Core
[    0.7822] GL: CAS Sharpening:            Supported       => Using: OpenGL 4.2 Core
[    0.7822] GL: Texture Barriers:          Auto            => Using: Framebuffer Fetch
[    0.7822] GL: RGBA16 HW Blending:        Supported       => Using: RGBA16 UNORM
[    0.7822] GL: Point Expansion:           Supported       => Using: Hardware
[    0.7822] GL: Line Expansion:            Fallback        => Using: Vertex Expansion
[    0.7822] GL: Sprite Expansion:          Supported       => Using: Vertex Expansion
[    0.7822] GL: DXTn Texture Compression:  Supported       => Using: GL_EXT_texture_compression_s3tc
[    0.7822] GL: BC6/7 Texture Compression: Supported       => Using: OpenGL 4.2 Core
[    0.7896] 1 program binary formats supported by driver
[    0.8253] Program binary retrieved, 4105 bytes, format 34655
[    0.8257] Program binary retrieved, 4121 bytes, format 34655
[    0.8261] Program binary retrieved, 4249 bytes, format 34655
[    0.8265] Program binary retrieved, 4013 bytes, format 34655
[    0.8268] Program binary retrieved, 4013 bytes, format 34655
[    0.8272] Program binary retrieved, 4017 bytes, format 34655
[    0.8276] Program binary retrieved, 4017 bytes, format 34655
[    0.8280] Program binary retrieved, 4185 bytes, format 34655
[    0.8284] Program binary retrieved, 4217 bytes, format 34655
[    0.8288] Program binary retrieved, 4137 bytes, format 34655
[    0.8292] Program binary retrieved, 4125 bytes, format 34655
[    0.8298] Program binary retrieved, 4121 bytes, format 34655
[    0.8305] Program binary retrieved, 4253 bytes, format 34655
[    0.8311] Program binary retrieved, 4237 bytes, format 34655
[    0.8315] Program binary retrieved, 4245 bytes, format 34655
[    0.8319] Program binary retrieved, 4261 bytes, format 34655
[    0.8324] Program binary retrieved, 4965 bytes, format 34655
[    0.8329] Program binary retrieved, 4981 bytes, format 34655
[    0.8333] Program binary retrieved, 4261 bytes, format 34655
[    0.8338] Program binary retrieved, 4277 bytes, format 34655
[    0.8343] Program binary retrieved, 5005 bytes, format 34655
[    0.8348] Program binary retrieved, 5021 bytes, format 34655
[    0.8352] Program binary retrieved, 4257 bytes, format 34655
[    0.8356] Program binary retrieved, 4273 bytes, format 34655
[    0.8361] Program binary retrieved, 5001 bytes, format 34655
[    0.8365] Program binary retrieved, 5017 bytes, format 34655
[    0.8370] Program binary retrieved, 4277 bytes, format 34655
[    0.8374] Program binary retrieved, 4293 bytes, format 34655
[    0.8379] Program binary retrieved, 5057 bytes, format 34655
[    0.8384] Program binary retrieved, 5073 bytes, format 34655
[    0.8388] Program binary retrieved, 4153 bytes, format 34655
[    0.8392] Program binary retrieved, 4169 bytes, format 34655
[    0.8396] Program binary retrieved, 4233 bytes, format 34655
[    0.8401] Program binary retrieved, 5781 bytes, format 34655
[    0.8405] Program binary retrieved, 5373 bytes, format 34655
[    0.8412] Program binary retrieved, 6389 bytes, format 34655
[    0.8417] Program binary retrieved, 4917 bytes, format 34655
[    0.8422] Program binary retrieved, 4845 bytes, format 34655
[    0.8426] Program binary retrieved, 4997 bytes, format 34655
[    0.8431] Program binary retrieved, 4101 bytes, format 34655
[    0.8464] Program binary retrieved, 4137 bytes, format 34655
[    0.8499] Program binary retrieved, 4109 bytes, format 34655
[    0.8503] Program binary retrieved, 5389 bytes, format 34655
[    0.8507] Program binary retrieved, 5829 bytes, format 34655
[    0.8512] Program binary retrieved, 5857 bytes, format 34655
[    0.8516] Program binary retrieved, 4289 bytes, format 34655
[    0.8543] Program binary retrieved, 21205 bytes, format 34655
[    0.8548] Program binary retrieved, 4765 bytes, format 34655
[    0.8552] Program binary retrieved, 5685 bytes, format 34655
[    0.8556] Program binary retrieved, 4141 bytes, format 34655
[    0.8559] Program binary retrieved, 4537 bytes, format 34655
[    0.8563] Program binary retrieved, 4889 bytes, format 34655
[    0.8566] Program binary retrieved, 4117 bytes, format 34655
[    0.8570] Program binary retrieved, 4741 bytes, format 34655
[    0.8574] Program binary retrieved, 4965 bytes, format 34655
[    0.8581] Program binary retrieved, 6613 bytes, format 34655
[    0.8584] Program binary retrieved, 4797 bytes, format 34655
[    0.8600] Program binary retrieved, 13085 bytes, format 34655
[    0.8667] Program binary retrieved, 7285 bytes, format 34655
[    0.8726] Program binary retrieved, 5497 bytes, format 34655
[    0.8731] Program binary retrieved, 4141 bytes, format 34655
[    0.8734] Program binary retrieved, 4141 bytes, format 34655
[    0.8738] Program binary retrieved, 4145 bytes, format 34655
[    0.8742] Program binary retrieved, 4145 bytes, format 34655
[    0.9205] Program binary retrieved, 5369 bytes, format 34655
[    0.9221] OpenGL Graphics Driver Info:
[    0.9221] OpenGL Context:
[    0.9221] 4.5 (Core Profile) Mesa 23.2.1-1ubuntu3.1~22.04.4
[    0.9221] Mesa llvmpipe (LLVM 15.0.7, 256 bits)
[    0.9221] GLSL: 4.50
[    0.9255] Processor count: 24 cores, 24 processors, 1 clusters
[    0.9255] Ordered processor list: 12, 23, 22, 21, 20, 19, 18, 17, 16, 15, 14, 13, 0, 11, 10, 9, 8, 7, 6, 5, 4, 3, 2, 1
[    0.9255] Not pinning SW threads, we need 4 processors, but only have 0
[    0.9265] Opening SPU2...
[    0.9267] Creating Null audio stream, sample rate = 48000, expansion = Disabled, buffer = 50, latency = 32, stretching enabled, driver = wasapi, device = 
[    0.9267] Allocated buffer of 2432 frames for buffer of 50 ms [expansion Disabled (block size 2048), stretch disabled, target size 2432].
[    0.9267] Initializing Pad...
[    0.9267] Initializing SIO2...
[    0.9267] Initializing SIO0...
[    0.9267] Opening DEV9...
[    0.9267] DEV9: DEV9init
[    0.9269] DEV9: DEV9init2
[    0.9269] DEV9: DEV9init3
[    0.9302] DEV9: DEV9init ok
[    0.9303] DEV9: DEV9open
[    0.9303] Opening USB...
[    0.9303] Opening FW...
[    0.9306] Frame rate: 59.94, target speed: 1, target frame rate: 59.94, ticks per frame: 16683350
[    0.9342] VM subsystems initialized in 712.52 ms
[    0.9373] MultiPause time: 142ns
[    0.9378] MultiPause time: 142ns
[    0.9379] MultiPause time: 202ns
[    0.9380] MultiPause time: 170ns
[    0.9455] Failed to inhibit screen saver.
[    0.9455] Processor order assignment: EE=12, VU=23, GS=23
[    0.9455]   EE thread is on processor 12 (0x1000)
[    0.9456]   GS thread is on processor 23 (0x800000)
[    0.9558] Failed to inhibit screen saver.
[    0.9818] # Initialize memory (rev:3.70, ctm:197Mhz, cpuclk:147Mhz detected)
[    0.9915] R3000 Debugger: Branch to 0x890 (SYSMEM). Clearing modules.
[    0.9931] RegisterLibraryEntries: excepman version 1.01
[    0.9942] RegisterLibraryEntries:  intrman version 1.02
[    0.9943] RegisterLibraryEntries:   ssbusc version 1.01
[    0.9946] RegisterLibraryEntries:  dmacman version 1.02
[    0.9950] RegisterLibraryEntries:  timrman version 1.01
[    0.9953] RegisterLibraryEntries:  sysclib version 1.01
[    0.9954] RegisterLibraryEntries:    stdio version 1.01
[    0.9955] RegisterLibraryEntries:  heaplib version 1.01
[    0.9959] FW: read mem 0x1f80847c: 0x10000001
[    0.9959] FW: write mem 0x1f808414: 0x417f0000
[    0.9959] FW: read mem 0x1f808400: 0xffc00001
[    0.9959] FW: write mem 0x1f80844c: 0xffffffff
[    0.9959] FW: write mem 0x1f808420: 0xffffffff
[    0.9959] FW: write mem 0x1f808428: 0xffffffff
[    0.9959] FW: write mem 0x1f808430: 0xffffffff
[    0.9970] RegisterLibraryEntries:   thbase version 1.01
[    0.9971] RegisterLibraryEntries:  thevent version 1.01
[    0.9971] RegisterLibraryEntries:  thsemap version 1.01
[    0.9971] RegisterLibraryEntries:  thmsgbx version 1.01
[    0.9972] RegisterLibraryEntries:  thfpool version 1.01
[    0.9972] RegisterLibraryEntries:  thvpool version 1.01
[    0.9980] RegisterLibraryEntries:   vblank version 1.01
[    0.9985] RegisterLibraryEntries:    ioman version 1.02
[    0.9992] RegisterLibraryEntries:  modload version 1.01
[    0.9995] RegisterLibraryEntries:   romdrv version 2.01
[    0.9997] RegisterLibraryEntries:    stdio version 1.02
[    1.0002] RegisterLibraryEntries:   sifman version 1.01
[    1.0004] 
[    1.0005] PlayStation 2 ======== Hard reset boot
[    1.0006]  ROMGEN=2004-0614, IOP info (CPUID=1f, CACH_CONFIG=0, 2MB, IOP mode)
[    1.0008]  <20040614-100914,ROMconf,PS20200EC20040614.bin:11696>
[    1.0100] # Total accessable memory size: 32 MB (B:2:8:0) (370:2:7c30)
[    1.0111] # TLB spad=0 kernel=1:12 default=13:30 extended=31:38
[    1.0743] # Initialize Start.
[    1.0748] # Initialize GS ...
[    1.0748] # Initialize INTC ...
[    1.0748] # Initialize TIMER ...
[    1.0749] # Initialize DMAC ...
[    1.0750] # Initialize VU1 ...
[    1.0752] # Initialize VIF1 ...
[    1.0753] # Initialize GIF ...
[    1.0753] # Initialize VU0 ...
[    1.0755] # Initialize VIF0 ...
[    1.0755] # Initialize IPU ...
[    1.0756] # Initialize FPU ...
[    1.0756] # Initialize User Memory ...
[    1.1375] # Initialize Scratch Pad ...
[    1.1376] # Initialize Done.
[    1.1384] 
[    1.1384] EE DECI2 Manager version 0.06 Feb  6 2003 08:38:48
[    1.1384]   CPUID=2e20, BoardID=0, ROMGEN=2004-0614, 32M
[    1.1384] 
[    1.1387] RegisterLibraryEntries:   sifcmd version 1.01
[    1.1705] Initializing Elf: 4470780 bytes
[    1.1736] ELF Loading: host:vehicle-playground.elf, Game CRC = 57773078, EntryPoint = 0x00100E78
[    1.1766] RegisterLibraryEntries:  cdvdman version 1.01
[    1.1806] Imported 823 symbols.
[    1.1837] RegisterLibraryEntries:  cdvdfsv version 1.01
[    1.1854] RegisterLibraryEntries:  secrman version 1.03
[    1.1855] RegisterLibraryEntries:   eesync version 1.01
[    1.1856] 
[    1.1856] IOP Realtime Kernel Ver.0.9.1
[    1.1857]     Copyright 1999 (C) Sony Computer Entertainment Inc. 
[    1.1862] Reboot service module.(99/11/10)
[    1.1887] cdvd driver module version 0.1.1 (C)SCEI
[    1.1893] Load File service.(99/11/05)
[    1.1894] Multi Threaded Fileio module.(99/11/15) 
[    1.1895] iop heap service (99/11/03)
[    1.2063] loadelf: fname host:vehicle-playground.elf secname all
[    1.2064] loadelf version 3.30
[    1.2087] Input ELF format filename = host:vehicle-playground.elf
[    1.2547] 1 00100000 003f77bc ................................................................
[    1.2547] Loaded, host:vehicle-playground.elf
[    1.2548] start address 0x100e78
[    1.2548] gp address 00000000
[    1.2556] (VMManager) Pausing...
[    1.2557] (VMManager) Resuming...
[    1.2588] PINE: New client with FD 12 connected.
[    1.2602] PINE: Client disconnected.
[    1.2677] Failed to inhibit screen saver.
[    1.2678] EE/iR5900 Recompiler Reset
[    1.2860] # Restart Without Memory Clear.
[    1.2957] # Initialize GS ...
[    1.2957] # Initialize INTC ...
[    1.2957] # Initialize TIMER ...
[    1.2958] # Initialize DMAC ...
[    1.2959] # Initialize VU1 ...
[    1.2960] # Initialize VIF1 ...
[    1.2961] # Initialize GIF ...
[    1.2961] # Initialize VU0 ...
[    1.2962] # Initialize VIF0 ...
[    1.2963] # Initialize IPU ...
[    1.2964] # Initialize FPU ...
[    1.2964] # Initialize Scratch Pad ...
[    1.2964] # Restart Without Memory Clear Done.
[    1.2967] ELF host:vehicle-playground.elf with entry point at 0x00100E78 is executing.
[    1.2968] ELF changed, active CRC 57773078 (host:vehicle-playground.elf)
[    1.2972] Applying core settings...
[    1.2972] Debugger Settings Manager: Failed to read Saved Addresses array from settings file: '/home/spider/pool-lattice-probe-a96-arm1-repeat1-20261005-v1/profile/PCSX2/inis/debuggersettings/vehicle-playground_57773078.json'
[    1.2972] Debugger Settings Manager: Failed to read Saved Addresses array from settings file: '/home/spider/pool-lattice-probe-a96-arm1-repeat1-20261005-v1/profile/PCSX2/inis/debuggersettings/vehicle-playground_57773078.json'
[    1.2978] Updating CPU configuration...
[    1.2978] iR3000A Recompiler reset.
[    1.3201] iR3000A Recompiler reset.
[    1.3276] EE/iR5900 Recompiler Reset
[    1.3436] (VMManager) Pausing...
[    1.3439] EE/iR5900 Recompiler Reset
[    1.3609] PINE: New client with FD 12 connected.
[    1.3611] EE/iR5900 Recompiler Reset
[    1.3613] PINE: Client disconnected.
[    1.3787] iR3000A Recompiler reset.
[    1.3822] EE/iR5900 Recompiler Reset
[    1.3989] iR3000A Recompiler reset.
[    1.4024] EE/iR5900 Recompiler Reset
[    1.4195] iR3000A Recompiler reset.
[    1.4232] EE/iR5900 Recompiler Reset
[    1.4404] iR3000A Recompiler reset.
[    1.4452] EE/iR5900 Recompiler Reset
[    1.5080] PINE: New client with FD 12 connected.
[    1.5085] OSD [SaveStateSlot140]: Saving state to slot 140...
[    1.5371]   Saving SPU2
[    1.5378]   Saving GS
[    1.6574] OSD [SaveStateSlot140]: Saved state to slot 140.
[    1.6574] Zipping save state to '/home/spider/pool-lattice-probe-a96-arm1-repeat1-20261005-v1/profile/PCSX2/sstates/vehicle-playground (57773078).140.p2s' took 113.19 ms
[    2.7944] PINE: Client disconnected.
[    3.2972] PINE: New client with FD 12 connected.
[    3.3023] (VMManager) Resuming...
[    3.3150] Failed to inhibit screen saver.
[    3.3166] BIOS: Successfully found the instruction pattern. Assuming the thread list is here: 8001a640
[    3.3198] Warning: GetOsdConfigParam2 Reading extended language/version configs, may be incorrect!
[    3.3309] read/write allocate memory 4000
[    3.3309] open name host:/ps2link.run flag 1 data 41378
[    3.3316] open fd = -5
[    3.3343] Get Reboot Request From EE
[    3.3356] R3000 Debugger: Branch to 0x890 (SYSMEM). Clearing modules.
[    3.3376] RegisterLibraryEntries: excepman version 1.01
[    3.3386] RegisterLibraryEntries:  intrman version 1.02
[    3.3388] RegisterLibraryEntries:   ssbusc version 1.01
[    3.3393] RegisterLibraryEntries:  dmacman version 1.02
[    3.3398] RegisterLibraryEntries:  timrman version 1.01
[    3.3403] RegisterLibraryEntries:  sysclib version 1.01
[    3.3404] RegisterLibraryEntries:    stdio version 1.01
[    3.3406] RegisterLibraryEntries:  heaplib version 1.01
[    3.3430] RegisterLibraryEntries:   thbase version 1.01
[    3.3431] RegisterLibraryEntries:  thevent version 1.01
[    3.3431] RegisterLibraryEntries:  thsemap version 1.01
[    3.3431] RegisterLibraryEntries:  thmsgbx version 1.01
[    3.3432] RegisterLibraryEntries:  thfpool version 1.01
[    3.3432] RegisterLibraryEntries:  thvpool version 1.01
[    3.3442] RegisterLibraryEntries:   vblank version 1.01
[    3.3446] RegisterLibraryEntries:    ioman version 1.02
[    3.3456] RegisterLibraryEntries:  modload version 1.01
[    3.3543] RegisterLibraryEntries:   romdrv version 2.01
[    3.3546] RegisterLibraryEntries:    stdio version 1.02
[    3.3551] RegisterLibraryEntries:   sifman version 1.01
[    3.3555] 
[    3.3555] PlayStation 2 ======== Soft reboot
[    3.3562] RegisterLibraryEntries:   sifcmd version 1.01
[    3.3605] RegisterLibraryEntries:  cdvdman version 1.01
[    3.3625] RegisterLibraryEntries:  cdvdfsv version 1.01
[    3.3698] RegisterLibraryEntries:  secrman version 1.03
[    3.3701] RegisterLibraryEntries:   eesync version 1.01
[    3.3702] 
[    3.3702] IOP Realtime Kernel Ver.0.9.1
[    3.3702]     Copyright 1999 (C) Sony Computer Entertainment Inc. 
[    3.3707] Reboot service module.(99/11/10)
[    3.3729] [EE] Skipping timeout loop at 0x002D52D0 -> 0x002D52F0
[    3.3729] cdvd driver module version 0.1.1 (C)SCEI
[    3.3734] Load File service.(99/11/05)
[    3.3735] Multi Threaded Fileio module.(99/11/15) 
[    3.3736] iop heap service (99/11/03)
[    3.3910] RegisterLibraryEntries:   iomanx version 1.01
[    3.3922] fileXio: fileXio: fileXio RPC Server v1.00
[    3.3922] Copyright (c) 2003 adresd
[    3.3924] RegisterLibraryEntries:  sio2man version 2.07
[    3.3925] RegisterLibraryEntries:  sio2man version 1.02
[    3.3931] RegisterLibraryEntries:   padman version 1.02
[    3.3933] Pad Driver for OSD
[    3.3937] FREESD v1.01
[    3.3938] RegisterLibraryEntries:    libsd version 1.04
[    3.4027] PINE: Client disconnected.
[    3.4077] debug_level = 1 (ps2snd 0.1
[    3.4085] greetings from version 0.93 !
[    3.4085] RegisterLibraryEntries:   audsrv version 1.04
[    3.4085] audsrv_adpcm_init()
[    3.4098] UpdateVSyncRate: Mode Changed to SDTV 480p.
[    3.4099] Frame rate: 59.94, target speed: 1, target frame rate: 59.94, ticks per frame: 16683350
[    3.4099] Set GS CRTC configuration. SDTV   720x480 @ 59.94 Progressive (FRAME)
[    5.4790] read/write allocate memory 4000
[    5.4792] 
[    5.4796] -----------------------------------------
[    5.4796]         _____        ____   ___
[    5.4797]           |     /   ____| |___|
[    5.4797]           |     |   |     |   |
[    5.4798] -----------------------------------------
[    5.4798] Copyright 2022
[    5.4799] Repository: https://github.com/h4570/tyra
[    5.4799] Licensed under Apache License 2.0
[    5.4803] Version: 2.2.0
[    5.4804] -----------------------------------------
[    5.4804] 
[    5.6458] audsrv_adpcm_init()
[    5.6468] [EE] Skipping timeout loop at 0x00102CB0 -> 0x00102CD0
[    5.6796] Curent pad(0,0) status: EXECCMD
[    5.8771] Pad: DS2 Config Finished - P1/S1 - AL: Off - AB: Usable - VS: Disabled - VL: Disabled - RB: D (0x00000000)
[    5.9112] Curent pad(0,0) status: EXECCMD
[    5.9771] Pad: DS2 Config Finished - P1/S1 - AL: On - AB: Locked - VS: Disabled - VL: Disabled - RB: D (0x00000000)
[    6.1776] Pad: DS2 Config Finished - P1/S1 - AL: On - AB: Locked - VS: Disabled - VL: Disabled - RB: D (0x00000000)
[    6.2107] Curent pad(0,0) status: EXECCMD
[    6.4775] Pad: DS2 Config Finished - P1/S1 - AL: On - AB: Locked - VS: Disabled - VL: Disabled - RB: D+A+P (0x0003FFFF)
[    6.6779] Pad: DS2 Config Finished - P1/S1 - AL: On - AB: Locked - VS: Disabled - VL: Disabled - RB: D+A+P (0x0003FFFF)
[    6.7151] open name host:/pool2-probe.cfg flag 1 data 41378
[    6.7163] open fd = 256
[    6.7216] open name host:/hud/flare-corona.png flag 1 data 41378
[    6.7235] open fd = 256
[    6.7447] LOG: POOL2PROBE_CONFIG arm=1 vertices=96 members=1 repeats=1 package=75 alpha=128
[    6.7449] LOG: POOL2EEPROBE_CONFIG kind=8 clip=0 lazy=1 table=1 lattice=1 oracle=0
[    6.7459] FRAMEARENA allocated=1 bytes=1048576
[    6.7574] microVU1: Cached Prog = [000] [PC=18e0] [List=01] (Cache=0.000%) [0.0mb]
[    6.7585] microVU1: 3 cycle stall on branch instruction [2008]
[    6.7596] microVU1: Branch Optimization
[    6.7597] microVU1: Cached Prog = [001] [PC=2750] [List=01] (Cache=0.280%) [0.2mb]
[    6.7605] microVU1: 3 cycle stall on branch instruction [2008]
[    6.7617] microVU1: Branch Optimization
[    6.7728] LOG: POOL2EEPROBE_SOURCE clip=0 ready=0 total=96 generation=1 coldOracle=0
[    6.7730] LOG: POOL2PROBE_FRAME frame=1 cold=1 arm=1 eligible=0 applied=0 compared=0 mismatches=0
[    6.7731] LOG: POOL2PROBE_READY arm=1 vertices=96 repeats=1 completed=1 warmBypass=0
[    6.7732] (VMManager) Pausing...
[    6.8297] PINE: New client with FD 12 connected.
[    6.8302] PINE: Client disconnected.
[    6.9574] PINE: New client with FD 12 connected.
[    6.9578] OSD [SaveStateSlot185]: Saving state to slot 185...
[    6.9866]   Saving SPU2
[    6.9871]   Saving GS
[    7.0981] OSD [SaveStateSlot185]: Saved state to slot 185.
[    7.0981] Zipping save state to '/home/spider/pool-lattice-probe-a96-arm1-repeat1-20261005-v1/profile/PCSX2/sstates/vehicle-playground (57773078).185.p2s' took 105.31 ms
[    8.2392] PINE: Client disconnected.
