[    0.0174] Program Path: /home/spider/tyrax2-debugger-linux-v1/squashfs-root/usr/bin/pcsx2-qt
[    0.0175] AppRoot Directory: /home/spider/tyrax2-debugger-linux-v1/squashfs-root/usr/bin
[    0.0175] Resources Directory: /home/spider/tyrax2-debugger-linux-v1/squashfs-root/usr/bin/resources
[    0.0175] DataRoot Directory: /home/spider/night-ablation-emulator-pool-lattice-fog-order1-20261005/profile/PCSX2
[    0.0175] Loading config from /home/spider/night-ablation-emulator-pool-lattice-fog-order1-20261005/profile/PCSX2/inis/PCSX2.ini.
[    0.0177] Loading secrets from /home/spider/night-ablation-emulator-pool-lattice-fog-order1-20261005/profile/PCSX2/inis/secrets.ini.
[    0.0181] BIOS Directory: /mnt/c/Users/pawel/OneDrive/Documents/PCSX2/bios
[    0.0182] Snapshots Directory: /home/spider/night-ablation-emulator-pool-lattice-fog-order1-20261005/profile/PCSX2/snaps
[    0.0182] Savestates Directory: /home/spider/night-ablation-emulator-pool-lattice-fog-order1-20261005/profile/PCSX2/sstates
[    0.0182] MemoryCards Directory: /home/spider/night-ablation-emulator-pool-lattice-fog-order1-20261005/profile/PCSX2/memcards
[    0.0182] Logs Directory: /home/spider/night-ablation-emulator-pool-lattice-fog-order1-20261005/profile/PCSX2/logs
[    0.0182] Cheats Directory: /home/spider/night-ablation-emulator-pool-lattice-fog-order1-20261005/profile/PCSX2/cheats
[    0.0182] Patches Directory: /home/spider/night-ablation-emulator-pool-lattice-fog-order1-20261005/profile/PCSX2/patches
[    0.0182] Covers Directory: /home/spider/night-ablation-emulator-pool-lattice-fog-order1-20261005/profile/PCSX2/covers
[    0.0182] Game Settings Directory: /home/spider/night-ablation-emulator-pool-lattice-fog-order1-20261005/profile/PCSX2/gamesettings
[    0.0182] Resources Directory: /home/spider/tyrax2-debugger-linux-v1/squashfs-root/usr/bin/resources
[    0.0182] User Resources Directory: /home/spider/night-ablation-emulator-pool-lattice-fog-order1-20261005/profile/PCSX2/resources
[    0.0182] Cache Directory: /home/spider/night-ablation-emulator-pool-lattice-fog-order1-20261005/profile/PCSX2/cache
[    0.0182] Textures Directory: /home/spider/night-ablation-emulator-pool-lattice-fog-order1-20261005/profile/PCSX2/textures
[    0.0182] Input Profile Directory: /home/spider/night-ablation-emulator-pool-lattice-fog-order1-20261005/profile/PCSX2/inputprofiles
[    0.0182] Video Dumping Directory: /home/spider/night-ablation-emulator-pool-lattice-fog-order1-20261005/profile/PCSX2/videos
[    0.0182] Debugger Layouts Directory: /home/spider/night-ablation-emulator-pool-lattice-fog-order1-20261005/profile/PCSX2/inis/debuggerlayouts
[    0.0182] Debugger Settings Directory: /home/spider/night-ablation-emulator-pool-lattice-fog-order1-20261005/profile/PCSX2/inis/debuggersettings
[    0.0333] Loaded translation file for language en-US
[    0.0398] PCSX2 v2.9.93
[    0.0399] Savestate version: 0x9a590000
[    0.0399] 
[    0.0399] 
[    0.0399] Host Machine Init:
[    0.0400]   Operating System = Ubuntu 22.04
[    0.0400]   Available RAM    = 49089 MB (47.94 GB)
[    0.0400]   Physical RAM     = 50191 MB (49.02 GB)
[    0.0401] 
[    0.0401]   Processor        = AMD Ryzen Threadripper 1920X
[    0.0401]   Core Count       = 24 cores
[    0.0401]   Thread Count     = 24 threads
[    0.0401]   Cluster Count    = 1 clusters
[    0.0401] CPU Extensions Detected:
[    0.0401]   AVX AVX2
[    0.0401] 
[    0.0401] Allocating host memory for virtual systems...
[    0.0411]   EE Main Memory                   @ 0x00007F1EFB200000 -> 0x00007F1F04100000 [143mb]
[    0.0412]   IOP Main Memory                  @ 0x00007F1F04100000 -> 0x00007F1F0C200000 [129mb]
[    0.0412]   VU0/1 On-Chip Memory             @ 0x00007F1F0C200000 -> 0x00007F1F0C300000 [1mb]
[    0.0412]   VTLB Virtual Map                 @ 0x00007F1F0C300000 -> 0x00007F1F0CB00000 [8mb]
[    0.0412]   VTLB Address Map                 @ 0x00007F1F0CB00000 -> 0x00007F1F0CF00000 [4mb]
[    0.0412]   R5900 Recompiler Cache           @ 0x00007F1F0CF00000 -> 0x00007F1F10F00000 [64mb]
[    0.0412]   R3000A Recompiler Cache          @ 0x00007F1F10F00000 -> 0x00007F1F12F00000 [32mb]
[    0.0412]   Micro VU0 Recompiler Cache       @ 0x00007F1F13F00000 -> 0x00007F1F17F00000 [64mb]
[    0.0413]   Micro VU1 Recompiler Cache       @ 0x00007F1F17F00000 -> 0x00007F1F1BF00000 [64mb]
[    0.0413]   VIF0 Unpack Recompiler Cache     @ 0x00007F1F12F00000 -> 0x00007F1F13700000 [8mb]
[    0.0413]   VIF1 Unpack Recompiler Cache     @ 0x00007F1F13700000 -> 0x00007F1F13F00000 [8mb]
[    0.0413]   VIF Unpack Recompiler Cache      @ 0x00007F1F1BF00000 -> 0x00007F1F1C000000 [1mb]
[    0.0413]   GS Software Renderer             @ 0x00007F1F1C000000 -> 0x00007F1F20000000 [64mb]
[    0.0436] Fastmem area: 0x7f1dfb200000 - 0x7f1efb1fffff
[    0.0441] Generating SSE-optimized unpacking functions for VIF interpreters...
[    0.0444] Unpack function generation complete.  Generated function statistics:
[    0.0444]   Reserved buffer    : 1048576 bytes @ 0x00007F1F1BF00000
[    0.0444]   x86 code generated : 7422 bytes
[    0.0444] 
[    0.0446] SDLInputSource: Using Controller DB from resources.
[    0.0627] SDLInputSource: 765 gamepad mappings are loaded.
[    0.0627] Invalid binding: 'XInput-0/DPadUp'
[    0.0627] Invalid binding: 'XInput-0/DPadRight'
[    0.0627] Invalid binding: 'XInput-0/DPadDown'
[    0.0627] Invalid binding: 'XInput-0/DPadLeft'
[    0.0627] Invalid binding: 'XInput-0/Y'
[    0.0628] Invalid binding: 'XInput-0/B'
[    0.0628] Invalid binding: 'XInput-0/A'
[    0.0628] Invalid binding: 'XInput-0/X'
[    0.0628] Invalid binding: 'XInput-0/Back'
[    0.0628] Invalid binding: 'XInput-0/Start'
[    0.0628] Invalid binding: 'XInput-0/LeftShoulder'
[    0.0628] Invalid binding: 'XInput-0/+LeftTrigger'
[    0.0628] Invalid binding: 'XInput-0/RightShoulder'
[    0.0628] Invalid binding: 'XInput-0/+RightTrigger'
[    0.0628] Invalid binding: 'XInput-0/LeftStick'
[    0.0628] Invalid binding: 'XInput-0/RightStick'
[    0.0628] Invalid binding: 'XInput-0/Guide'
[    0.0628] Invalid binding: 'XInput-0/-LeftY'
[    0.0628] Invalid binding: 'XInput-0/+LeftX'
[    0.0628] Invalid binding: 'XInput-0/+LeftY'
[    0.0628] Invalid binding: 'XInput-0/-LeftX'
[    0.0628] Invalid binding: 'XInput-0/-RightY'
[    0.0628] Invalid binding: 'XInput-0/+RightX'
[    0.0628] Invalid binding: 'XInput-0/+RightY'
[    0.0628] Invalid binding: 'XInput-0/-RightX'
[    0.0632] Settings: Advanced Settings are enabled; only proceed if you know what you're doing! No support will be provided if you have the option enabled.
[    0.1111] Scanning F:\PS2\Games (recursively)
[    0.1147] Loading BIOS...
[    0.1276] BIOS Found: Europe  v02.00(14/06/2004)  Console 20040614-100914
[    0.1840] Mechacon version: 0x00020603
[    0.1855] Opening CDVD...
[    0.2165] Initializing Elf: 4490620 bytes
[    0.2175] Disc changed to .
[    0.2175]   Name: vehicle-playground [?]
[    0.2175]   Serial: vehicle-playground
[    0.2175]   Version: 
[    0.2175]   CRC: A00FF65E
[    0.2176] No game settings found (tried '/home/spider/night-ablation-emulator-pool-lattice-fog-order1-20261005/profile/PCSX2/gamesettings/A00FF65E.ini')
[    0.2176] Applying settings...
[    0.2178] Invalid binding: 'XInput-0/DPadUp'
[    0.2178] Invalid binding: 'XInput-0/DPadRight'
[    0.2179] Invalid binding: 'XInput-0/DPadDown'
[    0.2179] Invalid binding: 'XInput-0/DPadLeft'
[    0.2179] Invalid binding: 'XInput-0/Y'
[    0.2179] Invalid binding: 'XInput-0/B'
[    0.2179] Invalid binding: 'XInput-0/A'
[    0.2179] Invalid binding: 'XInput-0/X'
[    0.2179] Invalid binding: 'XInput-0/Back'
[    0.2179] Invalid binding: 'XInput-0/Start'
[    0.2179] Invalid binding: 'XInput-0/LeftShoulder'
[    0.2179] Invalid binding: 'XInput-0/+LeftTrigger'
[    0.2179] Invalid binding: 'XInput-0/RightShoulder'
[    0.2179] Invalid binding: 'XInput-0/+RightTrigger'
[    0.2179] Invalid binding: 'XInput-0/LeftStick'
[    0.2179] Invalid binding: 'XInput-0/RightStick'
[    0.2179] Invalid binding: 'XInput-0/Guide'
[    0.2179] Invalid binding: 'XInput-0/-LeftY'
[    0.2179] Invalid binding: 'XInput-0/+LeftX'
[    0.2179] Invalid binding: 'XInput-0/+LeftY'
[    0.2179] Invalid binding: 'XInput-0/-LeftX'
[    0.2179] Invalid binding: 'XInput-0/-RightY'
[    0.2179] Invalid binding: 'XInput-0/+RightX'
[    0.2179] Invalid binding: 'XInput-0/+RightY'
[    0.2180] Invalid binding: 'XInput-0/-RightX'
[    0.2181] GameDB: Has not been initialized yet, initializing...
[    0.2664] GameDB: 12841 games on record (loaded in 48.28ms)
[    0.2692] Reopening memory cards...
[    0.2693] (FileMcd) Creating new 8MB memory card: /home/spider/night-ablation-emulator-pool-lattice-fog-order1-20261005/profile/PCSX2/memcards/Mcd001.ps2
[    0.2787] McdSlot 0 [File]: Mcd001.ps2 [8 MB, UNFORMATTED]
[    0.2787] McdSlot 1 [File]: [disabled/empty filename]
[    0.2845] HLE Host: Set 'host:' root path to: /mnt/f/Projects/tyrax2-lab-20261001/wild-pool-lattice-physical-v7/game/bin
[    0.2845] EE/iR5900 Recompiler Reset
[    0.3257] iR3000A Recompiler reset.
[    0.3339] mVU Reset
[    0.3347] mVU Reset
[    0.3392] Resetting host memory for virtual systems...
[    0.5829] Time Zone Offset: GMT+01:00
[    0.5829] Time Zone Location: Berlin
[    0.5829] DST: Winter Time
[    0.5829] Time Format: 24-Hour
[    0.5829] Date Format: DD/MM/YYYY
[    0.5829] System Time Basis: Operating System Time
[    0.5829] Resulting System Time: 2026-10-05 14:01:57
[    0.5830] Close virtual disk tray
[    0.5830] Media already loaded (fast boot)
[    0.5830] Opening GS...
[    0.6209] VK: Enabling extension: VK_KHR_get_surface_capabilities2
[    0.6324] Using Vulkan GPU 'llvmpipe (LLVM 15.0.7, 256 bits)' for automatic renderer check.
[    0.6325] Not using Vulkan for software renderer.
[    0.6326] acquireRenderWindow() recreate=true fullscreen=false render_to_main=false surfaceless=false
[    0.6369] (GetRefreshRateFromXRandR) Modeline is invalid: 0/0/0
[    0.6370] Surface refresh rate: 60 Hz
[    0.6371] Loading EGL from libEGL.so...
[    0.6384] GLAD EGL Version: 1.0
[    0.6384] Using EGL platform EGL_EXT_platform_x11.
[    0.6469] eglInitialize() version: 1.5
[    0.6470] GLAD EGL Version: 1.5
[    0.6470] Trying GL version 4.6
[    0.6470] eglCreateContext() failed: 0x3009
[    0.6470] Trying GL version 4.5
[    0.6573] Got GL version 4.5
[    0.6574] EGL_MIN_SWAP_INTERVAL = 1
[    0.6574] EGL_MAX_SWAP_INTERVAL = 1
[    0.6574] Negative swap interval/tear-control is NOT supported
[    0.6600] GL_VENDOR: Mesa
[    0.6600] GL_VERSION: 4.5 (Core Profile) Mesa 23.2.1-1ubuntu3.1~22.04.4
[    0.6600] GL_RENDERER: llvmpipe (LLVM 15.0.7, 256 bits)
[    0.6600] GL_SHADING_LANGUAGE_VERSION: 4.50
[    0.6600] GL_MAX_VERTEX_SHADER_STORAGE_BLOCKS: 16
[    0.6600] GL: Viewport Array:            Supported       => Using: GL_ARB_viewport_array
[    0.6601] GL: Direct State Access:       Supported       => Using: OpenGL 4.5 Core
[    0.6601] GL: Copy Image:                Supported       => Using: OpenGL 4.3 Core
[    0.6601] GL: Clip Control:              Supported       => Using: OpenGL 4.5 Core
[    0.6601] GL: Conservative Depth:        Supported       => Using: OpenGL 4.2 Core
[    0.6601] GL: CAS Sharpening:            Supported       => Using: OpenGL 4.2 Core
[    0.6601] GL: Texture Barriers:          Auto            => Using: Framebuffer Fetch
[    0.6601] GL: RGBA16 HW Blending:        Supported       => Using: RGBA16 UNORM
[    0.6601] GL: Point Expansion:           Supported       => Using: Hardware
[    0.6601] GL: Line Expansion:            Fallback        => Using: Vertex Expansion
[    0.6601] GL: Sprite Expansion:          Supported       => Using: Vertex Expansion
[    0.6601] GL: DXTn Texture Compression:  Supported       => Using: GL_EXT_texture_compression_s3tc
[    0.6601] GL: BC6/7 Texture Compression: Supported       => Using: OpenGL 4.2 Core
[    0.6626] 1 program binary formats supported by driver
[    0.6998] Program binary retrieved, 4105 bytes, format 34655
[    0.7005] Program binary retrieved, 4121 bytes, format 34655
[    0.7009] Program binary retrieved, 4249 bytes, format 34655
[    0.7013] Program binary retrieved, 4013 bytes, format 34655
[    0.7017] Program binary retrieved, 4013 bytes, format 34655
[    0.7020] Program binary retrieved, 4017 bytes, format 34655
[    0.7024] Program binary retrieved, 4017 bytes, format 34655
[    0.7028] Program binary retrieved, 4185 bytes, format 34655
[    0.7032] Program binary retrieved, 4217 bytes, format 34655
[    0.7037] Program binary retrieved, 4137 bytes, format 34655
[    0.7041] Program binary retrieved, 4125 bytes, format 34655
[    0.7045] Program binary retrieved, 4121 bytes, format 34655
[    0.7051] Program binary retrieved, 4253 bytes, format 34655
[    0.7057] Program binary retrieved, 4237 bytes, format 34655
[    0.7061] Program binary retrieved, 4245 bytes, format 34655
[    0.7065] Program binary retrieved, 4261 bytes, format 34655
[    0.7069] Program binary retrieved, 4965 bytes, format 34655
[    0.7075] Program binary retrieved, 4981 bytes, format 34655
[    0.7078] Program binary retrieved, 4261 bytes, format 34655
[    0.7082] Program binary retrieved, 4277 bytes, format 34655
[    0.7087] Program binary retrieved, 5005 bytes, format 34655
[    0.7092] Program binary retrieved, 5021 bytes, format 34655
[    0.7096] Program binary retrieved, 4257 bytes, format 34655
[    0.7100] Program binary retrieved, 4273 bytes, format 34655
[    0.7105] Program binary retrieved, 5001 bytes, format 34655
[    0.7110] Program binary retrieved, 5017 bytes, format 34655
[    0.7114] Program binary retrieved, 4277 bytes, format 34655
[    0.7119] Program binary retrieved, 4293 bytes, format 34655
[    0.7124] Program binary retrieved, 5057 bytes, format 34655
[    0.7129] Program binary retrieved, 5073 bytes, format 34655
[    0.7133] Program binary retrieved, 4153 bytes, format 34655
[    0.7136] Program binary retrieved, 4169 bytes, format 34655
[    0.7140] Program binary retrieved, 4233 bytes, format 34655
[    0.7145] Program binary retrieved, 5781 bytes, format 34655
[    0.7152] Program binary retrieved, 5373 bytes, format 34655
[    0.7159] Program binary retrieved, 6389 bytes, format 34655
[    0.7163] Program binary retrieved, 4917 bytes, format 34655
[    0.7167] Program binary retrieved, 4845 bytes, format 34655
[    0.7172] Program binary retrieved, 4997 bytes, format 34655
[    0.7175] Program binary retrieved, 4101 bytes, format 34655
[    0.7206] Program binary retrieved, 4137 bytes, format 34655
[    0.7239] Program binary retrieved, 4109 bytes, format 34655
[    0.7243] Program binary retrieved, 5389 bytes, format 34655
[    0.7247] Program binary retrieved, 5829 bytes, format 34655
[    0.7252] Program binary retrieved, 5857 bytes, format 34655
[    0.7256] Program binary retrieved, 4289 bytes, format 34655
[    0.7279] Program binary retrieved, 21205 bytes, format 34655
[    0.7284] Program binary retrieved, 4765 bytes, format 34655
[    0.7288] Program binary retrieved, 5685 bytes, format 34655
[    0.7292] Program binary retrieved, 4141 bytes, format 34655
[    0.7295] Program binary retrieved, 4537 bytes, format 34655
[    0.7298] Program binary retrieved, 4889 bytes, format 34655
[    0.7304] Program binary retrieved, 4117 bytes, format 34655
[    0.7309] Program binary retrieved, 4741 bytes, format 34655
[    0.7314] Program binary retrieved, 4965 bytes, format 34655
[    0.7323] Program binary retrieved, 6613 bytes, format 34655
[    0.7327] Program binary retrieved, 4797 bytes, format 34655
[    0.7343] Program binary retrieved, 13085 bytes, format 34655
[    0.7411] Program binary retrieved, 7285 bytes, format 34655
[    0.7479] Program binary retrieved, 5497 bytes, format 34655
[    0.7486] Program binary retrieved, 4141 bytes, format 34655
[    0.7490] Program binary retrieved, 4141 bytes, format 34655
[    0.7495] Program binary retrieved, 4145 bytes, format 34655
[    0.7499] Program binary retrieved, 4145 bytes, format 34655
[    0.8089] Program binary retrieved, 5369 bytes, format 34655
[    0.8118] OpenGL Graphics Driver Info:
[    0.8119] OpenGL Context:
[    0.8119] 4.5 (Core Profile) Mesa 23.2.1-1ubuntu3.1~22.04.4
[    0.8119] Mesa llvmpipe (LLVM 15.0.7, 256 bits)
[    0.8119] GLSL: 4.50
[    0.8164] Processor count: 24 cores, 24 processors, 1 clusters
[    0.8165] Ordered processor list: 12, 23, 22, 21, 20, 19, 18, 17, 16, 15, 14, 13, 0, 11, 10, 9, 8, 7, 6, 5, 4, 3, 2, 1
[    0.8165] Not pinning SW threads, we need 4 processors, but only have 0
[    0.8178] Opening SPU2...
[    0.8180] Creating Null audio stream, sample rate = 48000, expansion = Disabled, buffer = 50, latency = 32, stretching enabled, driver = wasapi, device = 
[    0.8180] Allocated buffer of 2432 frames for buffer of 50 ms [expansion Disabled (block size 2048), stretch disabled, target size 2432].
[    0.8180] Initializing Pad...
[    0.8181] Initializing SIO2...
[    0.8181] Initializing SIO0...
[    0.8181] Opening DEV9...
[    0.8181] DEV9: DEV9init
[    0.8188] DEV9: DEV9init2
[    0.8188] DEV9: DEV9init3
[    0.8224] DEV9: DEV9init ok
[    0.8225] DEV9: DEV9open
[    0.8225] Opening USB...
[    0.8225] Opening FW...
[    0.8228] Frame rate: 59.94, target speed: 1, target frame rate: 59.94, ticks per frame: 16683350
[    0.8268] MultiPause time: 142ns
[    0.8269] MultiPause time: 142ns
[    0.8269] MultiPause time: 252ns
[    0.8270] VM subsystems initialized in 712.67 ms
[    0.8295] MultiPause time: 142ns
[    0.8364] Failed to inhibit screen saver.
[    0.8364] Processor order assignment: EE=12, VU=23, GS=22
[    0.8364]   EE thread is on processor 12 (0x1000)
[    0.8365]   VU thread is on processor 23 (0x800000)
[    0.8365]   GS thread is on processor 22 (0x400000)
[    0.8460] Failed to inhibit screen saver.
[    0.8718] # Initialize memory (rev:3.70, ctm:197Mhz, cpuclk:147Mhz detected)
[    0.8803] R3000 Debugger: Branch to 0x890 (SYSMEM). Clearing modules.
[    0.8818] RegisterLibraryEntries: excepman version 1.01
[    0.8828] RegisterLibraryEntries:  intrman version 1.02
[    0.8829] RegisterLibraryEntries:   ssbusc version 1.01
[    0.8832] RegisterLibraryEntries:  dmacman version 1.02
[    0.8836] RegisterLibraryEntries:  timrman version 1.01
[    0.8839] RegisterLibraryEntries:  sysclib version 1.01
[    0.8840] RegisterLibraryEntries:    stdio version 1.01
[    0.8841] RegisterLibraryEntries:  heaplib version 1.01
[    0.8844] FW: read mem 0x1f80847c: 0x10000001
[    0.8845] FW: write mem 0x1f808414: 0x417f0000
[    0.8845] FW: read mem 0x1f808400: 0xffc00001
[    0.8845] FW: write mem 0x1f80844c: 0xffffffff
[    0.8845] FW: write mem 0x1f808420: 0xffffffff
[    0.8845] FW: write mem 0x1f808428: 0xffffffff
[    0.8845] FW: write mem 0x1f808430: 0xffffffff
[    0.8855] RegisterLibraryEntries:   thbase version 1.01
[    0.8856] RegisterLibraryEntries:  thevent version 1.01
[    0.8856] RegisterLibraryEntries:  thsemap version 1.01
[    0.8857] RegisterLibraryEntries:  thmsgbx version 1.01
[    0.8857] RegisterLibraryEntries:  thfpool version 1.01
[    0.8857] RegisterLibraryEntries:  thvpool version 1.01
[    0.8869] RegisterLibraryEntries:   vblank version 1.01
[    0.8875] RegisterLibraryEntries:    ioman version 1.02
[    0.8883] RegisterLibraryEntries:  modload version 1.01
[    0.8887] RegisterLibraryEntries:   romdrv version 2.01
[    0.8889] RegisterLibraryEntries:    stdio version 1.02
[    0.8893] RegisterLibraryEntries:   sifman version 1.01
[    0.8897] 
[    0.8897] PlayStation 2 ======== Hard reset boot
[    0.8899]  ROMGEN=2004-0614, IOP info (CPUID=1f, CACH_CONFIG=0, 2MB, IOP mode)
[    0.8900]  <20040614-100914,ROMconf,PS20200EC20040614.bin:11696>
[    0.8988] # Total accessable memory size: 32 MB (B:2:8:0) (370:2:7c30)
[    0.8997] # TLB spad=0 kernel=1:12 default=13:30 extended=31:38
[    0.9675] # Initialize Start.
[    0.9681] # Initialize GS ...
[    0.9681] # Initialize INTC ...
[    0.9681] # Initialize TIMER ...
[    0.9682] # Initialize DMAC ...
[    0.9683] # Initialize VU1 ...
[    0.9686] # Initialize VIF1 ...
[    0.9688] # Initialize GIF ...
[    0.9688] # Initialize VU0 ...
[    0.9690] # Initialize VIF0 ...
[    0.9690] # Initialize IPU ...
[    0.9692] # Initialize FPU ...
[    0.9692] # Initialize User Memory ...
[    1.0281] # Initialize Scratch Pad ...
[    1.0282] # Initialize Done.
[    1.0290] 
[    1.0290] EE DECI2 Manager version 0.06 Feb  6 2003 08:38:48
[    1.0290]   CPUID=2e20, BoardID=0, ROMGEN=2004-0614, 32M
[    1.0291] 
[    1.0293] RegisterLibraryEntries:   sifcmd version 1.01
[    1.0634] Initializing Elf: 4490620 bytes
[    1.0657] ELF Loading: host:vehicle-playground.elf, Game CRC = A00FF65E, EntryPoint = 0x00100E78
[    1.0684] RegisterLibraryEntries:  cdvdman version 1.01
[    1.0745] RegisterLibraryEntries:  cdvdfsv version 1.01
[    1.0761] RegisterLibraryEntries:  secrman version 1.03
[    1.0762] RegisterLibraryEntries:   eesync version 1.01
[    1.0763] 
[    1.0763] IOP Realtime Kernel Ver.0.9.1
[    1.0763]     Copyright 1999 (C) Sony Computer Entertainment Inc. 
[    1.0769] Reboot service module.(99/11/10)
[    1.0791] cdvd driver module version 0.1.1 (C)SCEI
[    1.0796] Load File service.(99/11/05)
[    1.0797] Multi Threaded Fileio module.(99/11/15) 
[    1.0797] iop heap service (99/11/03)
[    1.1072] loadelf: fname host:vehicle-playground.elf secname all
[    1.1072] loadelf version 3.30
[    1.1095] Input ELF format filename = host:vehicle-playground.elf
[    1.1627] 1 00100000 003fc4bc ................................................................
[    1.1627] Loaded, host:vehicle-playground.elf
[    1.1628] start address 0x100e78
[    1.1628] gp address 00000000
[    1.1638] # Restart Without Memory Clear.
[    1.1734] # Initialize GS ...
[    1.1734] # Initialize INTC ...
[    1.1734] # Initialize TIMER ...
[    1.1734] # Initialize DMAC ...
[    1.1734] # Initialize VU1 ...
[    1.1739] # Initialize VIF1 ...
[    1.1739] # Initialize GIF ...
[    1.1740] # Initialize VU0 ...
[    1.1740] # Initialize VIF0 ...
[    1.1740] # Initialize IPU ...
[    1.1740] # Initialize FPU ...
[    1.1740] # Initialize Scratch Pad ...
[    1.1740] # Restart Without Memory Clear Done.
[    1.1741] ELF host:vehicle-playground.elf with entry point at 0x00100E78 is executing.
[    1.1742] ELF changed, active CRC A00FF65E (host:vehicle-playground.elf)
[    1.1744] Applying core settings...
[    1.1748] Updating CPU configuration...
[    1.1748] iR3000A Recompiler reset.
[    1.1787] mVU Reset
[    1.1792] mVU Reset
[    1.1978] iR3000A Recompiler reset.
[    1.2018] mVU Reset
[    1.2019] mVU Reset
[    1.2052] EE/iR5900 Recompiler Reset
[    1.2227] BIOS: Successfully found the instruction pattern. Assuming the thread list is here: 8001a640
[    1.2249] Warning: GetOsdConfigParam2 Reading extended language/version configs, may be incorrect!
[    1.2353] read/write allocate memory 4000
[    1.2354] open name host:/ps2link.run flag 1 data 41378
[    1.2358] open fd = -5
[    1.2386] Get Reboot Request From EE
[    1.2401] R3000 Debugger: Branch to 0x890 (SYSMEM). Clearing modules.
[    1.2420] RegisterLibraryEntries: excepman version 1.01
[    1.2431] RegisterLibraryEntries:  intrman version 1.02
[    1.2432] RegisterLibraryEntries:   ssbusc version 1.01
[    1.2438] RegisterLibraryEntries:  dmacman version 1.02
[    1.2442] RegisterLibraryEntries:  timrman version 1.01
[    1.2447] RegisterLibraryEntries:  sysclib version 1.01
[    1.2448] RegisterLibraryEntries:    stdio version 1.01
[    1.2449] RegisterLibraryEntries:  heaplib version 1.01
[    1.2471] RegisterLibraryEntries:   thbase version 1.01
[    1.2471] RegisterLibraryEntries:  thevent version 1.01
[    1.2472] RegisterLibraryEntries:  thsemap version 1.01
[    1.2472] RegisterLibraryEntries:  thmsgbx version 1.01
[    1.2472] RegisterLibraryEntries:  thfpool version 1.01
[    1.2473] RegisterLibraryEntries:  thvpool version 1.01
[    1.2482] RegisterLibraryEntries:   vblank version 1.01
[    1.2486] RegisterLibraryEntries:    ioman version 1.02
[    1.2497] RegisterLibraryEntries:  modload version 1.01
[    1.2549] RegisterLibraryEntries:   romdrv version 2.01
[    1.2553] RegisterLibraryEntries:    stdio version 1.02
[    1.2558] RegisterLibraryEntries:   sifman version 1.01
[    1.2564] 
[    1.2564] PlayStation 2 ======== Soft reboot
[    1.2571] RegisterLibraryEntries:   sifcmd version 1.01
[    1.2606] RegisterLibraryEntries:  cdvdman version 1.01
[    1.2621] RegisterLibraryEntries:  cdvdfsv version 1.01
[    1.2682] RegisterLibraryEntries:  secrman version 1.03
[    1.2684] RegisterLibraryEntries:   eesync version 1.01
[    1.2685] 
[    1.2685] IOP Realtime Kernel Ver.0.9.1
[    1.2685]     Copyright 1999 (C) Sony Computer Entertainment Inc. 
[    1.2690] Reboot service module.(99/11/10)
[    1.2714] [EE] Skipping timeout loop at 0x002D9ED0 -> 0x002D9EF0
[    1.2715] cdvd driver module version 0.1.1 (C)SCEI
[    1.2719] Load File service.(99/11/05)
[    1.2720] Multi Threaded Fileio module.(99/11/15) 
[    1.2720] iop heap service (99/11/03)
[    1.2915] RegisterLibraryEntries:   iomanx version 1.01
[    1.2926] fileXio: fileXio: fileXio RPC Server v1.00
[    1.2926] Copyright (c) 2003 adresd
[    1.2929] RegisterLibraryEntries:  sio2man version 2.07
[    1.2930] RegisterLibraryEntries:  sio2man version 1.02
[    1.2936] RegisterLibraryEntries:   padman version 1.02
[    1.2938] Pad Driver for OSD
[    1.2942] FREESD v1.01
[    1.2942] RegisterLibraryEntries:    libsd version 1.04
[    1.3068] debug_level = 1 (ps2snd 0.1
[    1.3075] greetings from version 0.93 !
[    1.3075] RegisterLibraryEntries:   audsrv version 1.04
[    1.3076] audsrv_adpcm_init()
[    1.3087] UpdateVSyncRate: Mode Changed to SDTV 480p.
[    1.3087] Frame rate: 59.94, target speed: 1, target frame rate: 59.94, ticks per frame: 16683350
[    1.3087] Set GS CRTC configuration. SDTV   720x480 @ 59.94 Progressive (FRAME)
[    3.3968] read/write allocate memory 4000
[    3.3970] 
[    3.3973] -----------------------------------------
[    3.3974]         _____        ____   ___
[    3.3974]           |     /   ____| |___|
[    3.3974]           |     |   |     |   |
[    3.3975] -----------------------------------------
[    3.3975] Copyright 2022
[    3.3976] Repository: https://github.com/h4570/tyra
[    3.3977] Licensed under Apache License 2.0
[    3.3981] Version: 2.2.0
[    3.3981] -----------------------------------------
[    3.3983] 
[    3.5626] audsrv_adpcm_init()
[    3.5637] [EE] Skipping timeout loop at 0x00102CB0 -> 0x00102CD0
[    3.5959] Curent pad(0,0) status: EXECCMD
[    3.7946] Pad: DS2 Config Finished - P1/S1 - AL: Off - AB: Usable - VS: Disabled - VL: Disabled - RB: D (0x00000000)
[    3.8308] Curent pad(0,0) status: EXECCMD
[    3.8941] Pad: DS2 Config Finished - P1/S1 - AL: On - AB: Locked - VS: Disabled - VL: Disabled - RB: D (0x00000000)
[    4.0949] Pad: DS2 Config Finished - P1/S1 - AL: On - AB: Locked - VS: Disabled - VL: Disabled - RB: D (0x00000000)
[    4.1281] Curent pad(0,0) status: EXECCMD
[    4.3951] Pad: DS2 Config Finished - P1/S1 - AL: On - AB: Locked - VS: Disabled - VL: Disabled - RB: D+A+P (0x0003FFFF)
[    4.5946] Pad: DS2 Config Finished - P1/S1 - AL: On - AB: Locked - VS: Disabled - VL: Disabled - RB: D+A+P (0x0003FFFF)
[    4.6314] open name host:/night-ablation.cfg flag 1 data 41378
[    4.6327] open fd = 256
[    4.6366] open name host:/night-ablation.log flag 602 data 41378
[    4.6382] open fd = 256
[    4.6447] loadmodule: fname rom0:XMCMAN args 0 arg 
[    4.6545] RegisterLibraryEntries:    mcman version 2.03
[    4.6553] loadmodule: id 32, ret 0
[    4.6554] loadmodule: fname rom0:XMCSERV args 0 arg 
[    4.6558] RegisterLibraryEntries:   mcserv version 1.01
[    4.6559] loadmodule: id 33, ret 0
[    4.6561] [EE] Skipping timeout loop at 0x00104820 -> 0x00104840
[    5.0306] (FileMcd) Warning: checksum sector overwritten. (0)
[    5.0307] OSD [MemoryCardSave0]: Memory Card 'Mcd001.ps2' was saved to storage.
[    5.4980] (FileMcd) Warning: checksum sector overwritten. (0)
[    5.6030] open name host:/save/icon.sys flag 1 data 41378
[    5.6049] open fd = 257
[    5.6853] open name host:/save/list.icn flag 1 data 41378
[    5.6872] open fd = 257
[    5.8540] open name host:/menus/save.png flag 1 data 41378
[    5.8558] open fd = 257
[    5.9000] open name host:/hud/save-cursor.png flag 1 data 41378
[    5.9018] open fd = 257
[    5.9040] open name host:/hud/save-used.png flag 1 data 41378
[    5.9062] open fd = 257
[    5.9161] open name host:/hud/save-saved.png flag 1 data 41378
[    5.9181] open fd = 257
[    5.9221] open name host:/hud/save-loaded.png flag 1 data 41378
[    5.9238] open fd = 257
[    5.9269] open name host:/hud/save-error.png flag 1 data 41378
[    5.9284] open fd = 257
[    5.9312] open name host:/hud/save-busy.png flag 1 data 41378
[    5.9331] open fd = 257
[    5.9649] open name host:/hud/save-spinner.png flag 1 data 41378
[    5.9673] open fd = 257
[    5.9801] open name host:/menus/save.png flag 1 data 41378
[    5.9822] open fd = 257
[    6.0155] open name host:/menus/district-pause.png flag 1 data 41378
[    6.0173] open fd = 257
[    6.0482] open name host:/menus/district-pause-values.png flag 1 data 41378
[    6.0505] open fd = 257
[    6.0541] open name host:/hud/save-cursor.png flag 1 data 41378
[    6.0558] open fd = 257
[    6.0663] open name host:/hud/save-cursor.png flag 1 data 41378
[    6.0680] open fd = 257
[    6.0707] open name host:/hud/save-cursor.png flag 1 data 41378
[    6.0725] open fd = 257
[    6.0746] open name host:/hud/menu-dim.png flag 1 data 41378
[    6.0763] open fd = 257
[    6.0792] open name host:/hud/flare-corona.png flag 1 data 41378
[    6.0810] open fd = 257
[    6.0947] open name host:/hud/flashlight-gobo.png flag 1 data 41378
[    6.0965] open fd = 257
[    6.1101] open name host:/hud/flare-glow.png flag 1 data 41378
[    6.1119] open fd = 257
[    6.1219] open name host:/hud/sun-disc.png flag 1 data 41378
[    6.1239] open fd = 257
[    6.1277] open name host:/hud/moon-disc.png flag 1 data 41378
[    6.1297] open fd = 257
[    6.1643] open name host:/quiet-night.cfg flag 1 data 41378
[    6.1656] open fd = 257
[    6.1678] LOG: NIGHTPLAN schema=1 kind=8 order=1 joint=0 restored=0 phases=3
[    6.1681] LOG: NIGHTCONFIG order=1 valid=1 profile=0 hardwareTrace=0 ringBytes=0 ordinaryClocks=1 fixedDt=0 sampleBytes=6144 chunkBytes=420 phases=3 phaseFrames=1800 taxFirst=800 taxLoops=320 chunkFrames=64 sampleFirst=900 sampleCount=128 video=1 display=1 depth=2 width=448 height=448 refreshMilliHz=60000 requested=1 night=1
[    6.1682] LOG: NIGHTQUALITY rasterWidth=448 rasterHeight=448 scaleX=1 scaleY=1
[    6.1684] open name host:/hud/use-text.png flag 1 data 41378
[    6.1706] open fd = 257
[    6.1742] open name host:/hud/pick-text.png flag 1 data 41378
[    6.1763] open fd = 257
[    6.1795] open name host:/sfx/engine_idle.adpcm flag 1 data 41378
[    6.1811] open fd = 257
[    6.1997] open name host:/sfx/engine_high.adpcm flag 1 data 41378
[    6.2016] open fd = 257
[    6.2207] open name host:/sfx/tires_screech.adpcm flag 1 data 41378
[    6.2230] open fd = 257
[    6.2283] open name host:/sfx/gear-shift.adpcm flag 1 data 41378
[    6.2308] open fd = 257
[    6.2338] LOG: NIGHTLATTICEPHASE phase=0 selected=1 enabled=1
[    6.2341] LOG: NIGHTPHASE phase=0 first=0 mask=0 appliedMask=0 sampler=1 countReads=262 samplePtr=005548c8
[    6.2341] LOG: NIGHTEXTRAPHASE phase=0 first=0 extraMask=0 appliedExtraMask=0
[    6.2342] LOG: NIGHTWILDPHASE phase=0 first=0 variant=0 enabled=0 appliedVariant=0 appliedEnabled=0
[    6.2343] LOG: NIGHTTABLEPHASE phase=0 first=0 selected=1 enabled=1 appliedSelected=1 appliedEnabled=1
[    6.2353] open name host:/launch.scene flag 1 data 41378
[    6.2357] open fd = -5
[    6.2360] open name host:/hud/loading.png flag 1 data 41378
[    6.2376] open fd = 257
[    6.2508] FRAMEARENA allocated=1 bytes=1048576
[    6.3091] open name host:/vehicles/veh-ravager000001-shadow.png flag 1 data 41378
[    6.3111] open fd = 257
[    6.3120] open name host:/vehicles/veh-ravager000001-shadow.png flag 1 data 41378
[    6.3136] open fd = 257
[    6.3413] open name host:/vehicles/veh-pica00000001-shadow.png flag 1 data 41378
[    6.3432] open fd = 257
[    6.3440] open name host:/vehicles/veh-pica00000001-shadow.png flag 1 data 41378
[    6.3459] open fd = 257
[    6.3515] open name host:/vehicles/veh-strix0000001-shadow.png flag 1 data 41378
[    6.3538] open fd = 257
[    6.3546] open name host:/vehicles/veh-strix0000001-shadow.png flag 1 data 41378
[    6.3561] open fd = 257
[    6.3702] open name host:/shadowatlas/scene0-0.png flag 1 data 41378
[    6.3722] open fd = 257
[    6.3732] open name host:/shadowatlas/scene0-0.png flag 1 data 41378
[    6.3755] open fd = 257
[    6.3914] open name host:/shadowatlas/scene0-1.png flag 1 data 41378
[    6.3932] open fd = 257
[    6.3938] open name host:/shadowatlas/scene0-1.png flag 1 data 41378
[    6.3955] open fd = 257
[    6.4109] open name host:/textures/district-ground.png flag 1 data 41378
[    6.4132] open fd = 257
[    6.4214] open name host:/textures/district-ground.png flag 1 data 41378
[    6.4233] open fd = 257
[    6.4379] open name host:/materials/district-asphalt.mtl flag 1 data 41378
[    6.4398] open fd = 257
[    6.4471] open name host:/textures/district-asphalt.png flag 1 data 41378
[    6.4489] open fd = 257
[    6.4497] open name host:/textures/district-asphalt.png flag 1 data 41378
[    6.4517] open fd = 257
[    6.4683] open name host:/materials/district-sign.mtl flag 1 data 41378
[    6.4705] open fd = 257
[    6.4733] open name host:/textures/district-sign.png flag 1 data 41378
[    6.4751] open fd = 257
[    6.4760] open name host:/textures/district-sign.png flag 1 data 41378
[    6.4778] open fd = 257
[    6.4822] open name host:/materials/night-warm.mtl flag 1 data 41378
[    6.4843] open fd = 257
[    6.4870] open name host:/materials/night-cyan.mtl flag 1 data 41378
[    6.4889] open fd = 257
[    6.4911] open name host:/materials/night-pink.mtl flag 1 data 41378
[    6.4931] open fd = 257
[    6.4958] open name host:/models/urban/district-workshop.tmdl flag 1 data 41378
[    6.4980] open fd = 257
[    6.5026] open name host:/models/urban/Textures/district-facades.png flag 1 data 41378
[    6.5058] open fd = 257
[    6.5070] open name host:/models/urban/Textures/district-facades.png flag 1 data 41378
[    6.5103] open fd = 257
[    6.5357] open name host:/models/urban/district-tower.tmdl flag 1 data 41378
[    6.5380] open fd = 257
[    6.5414] open name host:/models/urban/district-loft.tmdl flag 1 data 41378
[    6.5436] open fd = 257
[    6.5461] open name host:/models/urban/detail-light-double.tmdl flag 1 data 41378
[    6.5485] open fd = 257
[    6.5592] open name host:/models/urban/Textures/metal.png flag 1 data 41378
[    6.5618] open fd = 257
[    6.5629] open name host:/models/urban/Textures/metal.png flag 1 data 41378
[    6.5654] open fd = 257
[    6.5792] open name host:/models/urban/detail-light-traffic.tmdl flag 1 data 41378
[    6.5816] open fd = 257
[    6.5928] open name host:/models/urban/Textures/roof.png flag 1 data 41378
[    6.5954] open fd = 257
[    6.5965] open name host:/models/urban/Textures/roof.png flag 1 data 41378
[    6.5989] open fd = 257
[    6.6028] open name host:/models/urban/tree-park-large.tmdl flag 1 data 41378
[    6.6052] open fd = 257
[    6.6137] open name host:/models/urban/Textures/treeA.png flag 1 data 41378
[    6.6167] open fd = 257
[    6.6177] open name host:/models/urban/Textures/treeA.png flag 1 data 41378
[    6.6204] open fd = 257
[    6.6333] open name host:/models/urban/Textures/tiles.png flag 1 data 41378
[    6.6363] open fd = 257
[    6.6374] open name host:/models/urban/Textures/tiles.png flag 1 data 41378
[    6.6404] open fd = 257
[    6.6447] open name host:/models/urban/Textures/dirt.png flag 1 data 41378
[    6.6477] open fd = 257
[    6.6488] open name host:/models/urban/Textures/dirt.png flag 1 data 41378
[    6.6520] open fd = 257
[    6.6557] open name host:/models/urban/tree-park-pine-large.tmdl flag 1 data 41378
[    6.6578] open fd = 257
[    6.6655] open name host:/models/urban/Textures/treeB.png flag 1 data 41378
[    6.6682] open fd = 257
[    6.6692] open name host:/models/urban/Textures/treeB.png flag 1 data 41378
[    6.6722] open fd = 257
[    6.6750] open name host:/models/urban/detail-barrier-type-a.tmdl flag 1 data 41378
[    6.6772] open fd = 257
[    6.6899] open name host:/models/urban/Textures/signs.png flag 1 data 41378
[    6.6933] open fd = 257
[    6.6942] open name host:/models/urban/Textures/signs.png flag 1 data 41378
[    6.6968] open fd = 257
[    6.6997] open name host:/models/urban/detail-dumpster-closed.tmdl flag 1 data 41378
[    6.7023] open fd = 257
[    6.7061] open name host:/models/urban/Textures/metal_wall.png flag 1 data 41378
[    6.7089] open fd = 257
[    6.7099] open name host:/models/urban/Textures/metal_wall.png flag 1 data 41378
[    6.7124] open fd = 257
[    6.7159] open name host:/models/urban/Textures/wall.png flag 1 data 41378
[    6.7188] open fd = 257
[    6.7200] open name host:/models/urban/Textures/wall.png flag 1 data 41378
[    6.7233] open fd = 257
[    6.7266] open name host:/models/urban/detail-bench.tmdl flag 1 data 41378
[    6.7287] open fd = 257
[    6.7443] open name host:/models/urban/Textures/planks.png flag 1 data 41378
[    6.7472] open fd = 257
[    6.7486] open name host:/models/urban/Textures/planks.png flag 1 data 41378
[    6.7519] open fd = 257
[    6.7558] open name host:/models/urban/pallet.tmdl flag 1 data 41378
[    6.7578] open fd = 257
[    6.7672] open name host:/vehicles/veh-ravager000001-body.tmdl flag 1 data 41378
[    6.7692] open fd = 257
[    6.8964] open name host:/vehicles/veh-ravager000001-palette.png flag 1 data 41378
[    6.8980] open fd = 257
[    6.9057] open name host:/vehicles/veh-ravager000001-palette.png flag 1 data 41378
[    6.9076] open fd = 257
[    6.9215] open name host:/vehicles/veh-ravager000001-palette-image-0.png flag 1 data 41378
[    6.9238] open fd = 257
[    6.9246] open name host:/vehicles/veh-ravager000001-palette-image-0.png flag 1 data 41378
[    6.9264] open fd = 257
[    6.9474] open name host:/vehicles/veh-pica00000001-body.tmdl flag 1 data 41378
[    6.9493] open fd = 257
[    7.0685] open name host:/vehicles/veh-pica00000001-palette.png flag 1 data 41378
[    7.0702] open fd = 257
[    7.0710] open name host:/vehicles/veh-pica00000001-palette.png flag 1 data 41378
[    7.0726] open fd = 257
[    7.0752] open name host:/vehicles/veh-pica00000001-palette-image-0.png flag 1 data 41378
[    7.0770] open fd = 257
[    7.0777] open name host:/vehicles/veh-pica00000001-palette-image-0.png flag 1 data 41378
[    7.0793] open fd = 257
[    7.1054] open name host:/vehicles/veh-strix0000001-body.tmdl flag 1 data 41378
[    7.1074] open fd = 257
[    7.2365] open name host:/vehicles/veh-strix0000001-palette.png flag 1 data 41378
[    7.2383] open fd = 257
[    7.2391] open name host:/vehicles/veh-strix0000001-palette.png flag 1 data 41378
[    7.2409] open fd = 257
[    7.2438] open name host:/vehicles/veh-strix0000001-palette-image-0.png flag 1 data 41378
[    7.2455] open fd = 257
[    7.2461] open name host:/vehicles/veh-strix0000001-palette-image-0.png flag 1 data 41378
[    7.2479] open fd = 257
[    7.2757] open name host:/sky/scene0.png flag 1 data 41378
[    7.2776] open fd = 257
[    7.2783] open name host:/sky/scene0.png flag 1 data 41378
[    7.2800] open fd = 257
[    7.5512] open name host:/vehicles/fx-skid.png flag 1 data 41378
[    7.5534] open fd = 257
[    7.5544] open name host:/vehicles/fx-skid.png flag 1 data 41378
[    7.5560] open fd = 257
[    7.5720] open name host:/vehicles/fx-smoke.png flag 1 data 41378
[    7.5743] open fd = 257
[    7.5752] open name host:/vehicles/fx-smoke.png flag 1 data 41378
[    7.5771] open fd = 257
[    7.5824] open name host:/vehicles/veh-ravager000001-wheel.tmdl flag 1 data 41378
[    7.5845] open fd = 257
[    7.5933] open name host:/vehicles/veh-ravager000001-wheelfast.tmdl flag 1 data 41378
[    7.5951] open fd = 257
[    7.6027] open name host:/fonts/atlas-default.png flag 1 data 41378
[    7.6048] open fd = 257
[    7.6186] open name host:/hud/icons.png flag 1 data 41378
[    7.6204] open fd = 257
[    7.6349] open name host:/hud/loading-white.png flag 1 data 41378
[    7.6370] open fd = 257
[    7.6395] open name host:/vehicles/veh-pica00000001-wheel.tmdl flag 1 data 41378
[    7.6414] open fd = 257
[    7.6507] open name host:/vehicles/veh-pica00000001-wheelfast.tmdl flag 1 data 41378
[    7.6526] open fd = 257
[    7.6599] open name host:/vehicles/veh-strix0000001-wheel.tmdl flag 1 data 41378
[    7.6622] open fd = 257
[    7.6772] open name host:/vehicles/veh-strix0000001-wheelfast.tmdl flag 1 data 41378
[    7.6791] open fd = 257
[    7.6913] open name host:/textures/district-road.png flag 1 data 41378
[    7.6936] open fd = 257
[    7.6943] open name host:/textures/district-road.png flag 1 data 41378
[    7.6961] open fd = 257
[    7.8026] open name host:/textures/district-asphalt.png flag 1 data 41378
[    7.8045] open fd = 257
[    7.8054] open name host:/textures/district-asphalt.png flag 1 data 41378
[    7.8073] open fd = 257
[    7.8197] open name host:/textures/district-plaza.png flag 1 data 41378
[    7.8223] open fd = 257
[    7.8232] open name host:/textures/district-plaza.png flag 1 data 41378
[    7.8249] open fd = 257
[    7.8599] open name host:/gshadow/s0_2_1.png flag 1 data 41378
[    7.8618] open fd = 257
[    7.8627] open name host:/gshadow/s0_2_1.png flag 1 data 41378
[    7.8645] open fd = 257
[    7.8777] open name host:/gshadow/s0_1_1.png flag 1 data 41378
[    7.8798] open fd = 257
[    7.8811] open name host:/gshadow/s0_1_1.png flag 1 data 41378
[    7.8827] open fd = 257
[    7.8867] open name host:/gshadow/s0_3_1.png flag 1 data 41378
[    7.8883] open fd = 257
[    7.8894] open name host:/gshadow/s0_3_1.png flag 1 data 41378
[    7.8912] open fd = 257
[    7.9020] open name host:/gshadow/s0_2_2.png flag 1 data 41378
[    7.9042] open fd = 257
[    7.9049] open name host:/gshadow/s0_2_2.png flag 1 data 41378
[    7.9068] open fd = 257
[    7.9117] open name host:/gshadow/s0_1_2.png flag 1 data 41378
[    7.9137] open fd = 257
[    7.9145] open name host:/gshadow/s0_1_2.png flag 1 data 41378
[    7.9160] open fd = 257
[    7.9200] open name host:/gshadow/s0_3_2.png flag 1 data 41378
[    7.9221] open fd = 257
[    7.9229] open name host:/gshadow/s0_3_2.png flag 1 data 41378
[    7.9247] open fd = 257
[    7.9495] open name host:/gshadow/s0_0_1.png flag 1 data 41378
[    7.9516] open fd = 257
[    7.9526] open name host:/gshadow/s0_0_1.png flag 1 data 41378
[    7.9545] open fd = 257
[    7.9583] open name host:/gshadow/s0_4_1.png flag 1 data 41378
[    7.9603] open fd = 257
[    7.9612] open name host:/gshadow/s0_4_1.png flag 1 data 41378
[    7.9629] open fd = 257
[    7.9667] open name host:/gshadow/s0_4_0.png flag 1 data 41378
[    7.9686] open fd = 257
[    7.9695] open name host:/gshadow/s0_4_0.png flag 1 data 41378
[    7.9718] open fd = 257
[    7.9840] open name host:/gshadow/s0_2_3.png flag 1 data 41378
[    7.9861] open fd = 257
[    7.9869] open name host:/gshadow/s0_2_3.png flag 1 data 41378
[    7.9887] open fd = 257
[    7.9923] open name host:/gshadow/s0_0_2.png flag 1 data 41378
[    7.9940] open fd = 257
[    7.9947] open name host:/gshadow/s0_0_2.png flag 1 data 41378
[    7.9963] open fd = 257
[    8.0068] open name host:/gshadow/s0_4_2.png flag 1 data 41378
[    8.0087] open fd = 257
[    8.0096] open name host:/gshadow/s0_4_2.png flag 1 data 41378
[    8.0117] open fd = 257
[    8.0152] open name host:/gshadow/s0_1_3.png flag 1 data 41378
[    8.0169] open fd = 257
[    8.0175] open name host:/gshadow/s0_1_3.png flag 1 data 41378
[    8.0191] open fd = 257
[    8.0309] open name host:/gshadow/s0_3_3.png flag 1 data 41378
[    8.0328] open fd = 257
[    8.0335] open name host:/gshadow/s0_3_3.png flag 1 data 41378
[    8.0352] open fd = 257
[    8.0387] open name host:/gshadow/s0_0_3.png flag 1 data 41378
[    8.0405] open fd = 257
[    8.0415] open name host:/gshadow/s0_0_3.png flag 1 data 41378
[    8.0432] open fd = 257
[    8.0464] open name host:/gshadow/s0_4_3.png flag 1 data 41378
[    8.0484] open fd = 257
[    8.0494] open name host:/gshadow/s0_4_3.png flag 1 data 41378
[    8.0511] open fd = 257
[    8.8174] microVU1: Cached Prog = [000] [PC=2590] [List=01] (Cache=0.000%) [0.0mb]
[    8.8185] microVU1: 3 cycle stall on branch instruction [2cb8]
[    8.8203] microVU1: Branch Optimization
[    8.8203] microVU1: Cached Prog = [001] [PC=1a30] [List=01] (Cache=0.337%) [0.2mb]
[    8.8203] microVU1: 1 cycle stall on branch instruction [1ae8]
[    8.8204] microVU1: 3 cycle stall on branch instruction [1ba0]
[    8.8207] microVU1: 3 cycle stall on branch instruction [2520]
[    8.8207] microVU1: 3 cycle stall on branch instruction [1ba0]
[    8.8211] microVU1: 3 cycle stall on branch instruction [2520]
[    8.8211] microVU1: 3 cycle stall on branch instruction [1ba0]
[    8.8212] microVU1: 3 cycle stall on branch instruction [2520]
[    8.8213] microVU1: 3 cycle stall on branch instruction [1ba0]
[    8.8218] microVU1: 3 cycle stall on branch instruction [2520]
[    8.8218] microVU1: 3 cycle stall on branch instruction [1ba0]
[    8.8221] microVU1: 3 cycle stall on branch instruction [2520]
[    8.8222] microVU1: 3 cycle stall on branch instruction [1ba0]
[    8.8223] microVU1: 3 cycle stall on branch instruction [2520]
[    8.8223] microVU1: 3 cycle stall on branch instruction [1ba0]
[    8.8226] microVU1: 3 cycle stall on branch instruction [2520]
[    8.8226] microVU1: 3 cycle stall on branch instruction [1ba0]
[    8.8226] microVU1: 3 cycle stall on branch instruction [1fc0]
[    8.8228] microVU1: 3 cycle stall on branch instruction [2520]
[    8.8228] microVU1: 3 cycle stall on branch instruction [1ba0]
[    8.8230] microVU1: 3 cycle stall on branch instruction [2520]
[    8.8230] microVU1: 3 cycle stall on branch instruction [1ba0]
[    8.8235] microVU1: 3 cycle stall on branch instruction [2520]
[    8.8235] microVU1: 3 cycle stall on branch instruction [1ba0]
[    8.8236] microVU1: 3 cycle stall on branch instruction [2520]
[    8.8236] microVU1: 3 cycle stall on branch instruction [1ba0]
[    8.8241] microVU1: 3 cycle stall on branch instruction [2520]
[    8.8241] microVU1: 3 cycle stall on branch instruction [1ba0]
[    8.8243] microVU1: 3 cycle stall on branch instruction [2520]
[    8.8243] microVU1: 3 cycle stall on branch instruction [1ba0]
[    8.8246] microVU1: 3 cycle stall on branch instruction [2520]
[    8.8246] microVU1: 3 cycle stall on branch instruction [1ba0]
[    8.8252] microVU1: 3 cycle stall on branch instruction [1fc0]
[    8.8253] microVU1: 3 cycle stall on branch instruction [2520]
[    8.8253] microVU1: 3 cycle stall on branch instruction [1ba0]
[    8.8254] microVU1: 3 cycle stall on branch instruction [1fc0]
[    8.8255] microVU1: 3 cycle stall on branch instruction [1fc0]
[    8.8256] microVU1: 3 cycle stall on branch instruction [2520]
[    8.8256] microVU1: 3 cycle stall on branch instruction [1ba0]
[    8.8257] microVU1: 3 cycle stall on branch instruction [1fc0]
[    8.8258] microVU1: 3 cycle stall on branch instruction [1fc0]
[    8.8260] microVU1: 3 cycle stall on branch instruction [1fc0]
[    8.8261] microVU1: 3 cycle stall on branch instruction [1fc0]
[    8.8263] microVU1: 3 cycle stall on branch instruction [1fc0]
[    8.8264] microVU1: 3 cycle stall on branch instruction [1fc0]
[    8.8265] microVU1: 3 cycle stall on branch instruction [1fc0]
[    8.8266] microVU1: 3 cycle stall on branch instruction [1fc0]
[    8.8267] microVU1: 3 cycle stall on branch instruction [1fc0]
[    8.8268] microVU1: 3 cycle stall on branch instruction [1fc0]
[    8.8268] microVU1: 3 cycle stall on branch instruction [1fc0]
[    8.8270] microVU1: 3 cycle stall on branch instruction [1fc0]
[    8.8271] microVU1: 3 cycle stall on branch instruction [1ba0]
[    8.8271] microVU1: Cached Prog = [002] [PC=2578] [List=01] (Cache=1.056%) [0.6mb]
[    8.8271] microVU1: 1 cycle stall on branch instruction [1ae8]
[    8.8272] microVU1: 3 cycle stall on branch instruction [1ba0]
[    8.8274] microVU1: 3 cycle stall on branch instruction [2520]
[    8.8275] microVU1: 3 cycle stall on branch instruction [1ba0]
[    8.8278] microVU1: 3 cycle stall on branch instruction [2520]
[    8.8279] microVU1: 3 cycle stall on branch instruction [1ba0]
[    8.8280] microVU1: 3 cycle stall on branch instruction [2520]
[    8.8281] microVU1: 3 cycle stall on branch instruction [1ba0]
[    8.8285] microVU1: 3 cycle stall on branch instruction [2520]
[    8.8285] microVU1: 3 cycle stall on branch instruction [1ba0]
[    8.8288] microVU1: 3 cycle stall on branch instruction [2520]
[    8.8289] microVU1: 3 cycle stall on branch instruction [1ba0]
[    8.8290] microVU1: 3 cycle stall on branch instruction [2520]
[    8.8290] microVU1: 3 cycle stall on branch instruction [1ba0]
[    8.8292] microVU1: 3 cycle stall on branch instruction [2520]
[    8.8292] microVU1: 3 cycle stall on branch instruction [1ba0]
[    8.8292] microVU1: 3 cycle stall on branch instruction [1fc0]
[    8.8294] microVU1: 3 cycle stall on branch instruction [2520]
[    8.8295] microVU1: 3 cycle stall on branch instruction [1ba0]
[    8.8296] microVU1: 3 cycle stall on branch instruction [2520]
[    8.8296] microVU1: 3 cycle stall on branch instruction [1ba0]
[    8.8301] microVU1: 3 cycle stall on branch instruction [2520]
[    8.8301] microVU1: 3 cycle stall on branch instruction [1ba0]
[    8.8302] microVU1: 3 cycle stall on branch instruction [2520]
[    8.8302] microVU1: 3 cycle stall on branch instruction [1ba0]
[    8.8308] microVU1: 3 cycle stall on branch instruction [2520]
[    8.8308] microVU1: 3 cycle stall on branch instruction [1ba0]
[    8.8310] microVU1: 3 cycle stall on branch instruction [2520]
[    8.8310] microVU1: 3 cycle stall on branch instruction [1ba0]
[    8.8314] microVU1: 3 cycle stall on branch instruction [2520]
[    8.8314] microVU1: 3 cycle stall on branch instruction [1ba0]
[    8.8320] microVU1: 3 cycle stall on branch instruction [1fc0]
[    8.8321] microVU1: 3 cycle stall on branch instruction [2520]
[    8.8321] microVU1: 3 cycle stall on branch instruction [1ba0]
[    8.8322] microVU1: 3 cycle stall on branch instruction [1fc0]
[    8.8324] microVU1: 3 cycle stall on branch instruction [1fc0]
[    8.8324] microVU1: 3 cycle stall on branch instruction [2520]
[    8.8325] microVU1: 3 cycle stall on branch instruction [1ba0]
[    8.8326] microVU1: 3 cycle stall on branch instruction [1fc0]
[    8.8327] microVU1: 3 cycle stall on branch instruction [1fc0]
[    8.8329] microVU1: 3 cycle stall on branch instruction [1fc0]
[    8.8337] microVU1: 3 cycle stall on branch instruction [1fc0]
[    8.8339] microVU1: 3 cycle stall on branch instruction [1fc0]
[    8.8340] microVU1: 3 cycle stall on branch instruction [1fc0]
[    8.8342] microVU1: 3 cycle stall on branch instruction [1fc0]
[    8.8343] microVU1: 3 cycle stall on branch instruction [1fc0]
[    8.8344] microVU1: 3 cycle stall on branch instruction [1fc0]
[    8.8345] microVU1: 3 cycle stall on branch instruction [1fc0]
[    8.8346] microVU1: 3 cycle stall on branch instruction [1fc0]
[    8.8347] microVU1: 3 cycle stall on branch instruction [1fc0]
[    8.8349] microVU1: 3 cycle stall on branch instruction [1ba0]
[    8.8350] microVU1: Cached Prog = [003] [PC=3438] [List=01] (Cache=1.776%) [1.1mb]
[    8.8360] microVU1: 3 cycle stall on branch instruction [2cb8]
[    8.8377] microVU1: Branch Optimization
[    8.8384] microVU1: Cached Prog = [004] [PC=0000] [List=01] (Cache=2.113%) [1.3mb]
[    8.8396] microVU1: Cached Prog = [005] [PC=0710] [List=01] (Cache=2.206%) [1.3mb]
[    8.8397] microVU1: 2 cycle stall on branch instruction [07c8]
[    8.8400] microVU1: 3 cycle stall on branch instruction [1108]
[    8.8400] microVU1: 3 cycle stall on branch instruction [1130]
[    8.8403] microVU1: 3 cycle stall on branch instruction [1108]
[    8.8403] microVU1: 3 cycle stall on branch instruction [1130]
[    8.8405] microVU1: 3 cycle stall on branch instruction [1108]
[    8.8405] microVU1: 3 cycle stall on branch instruction [1130]
[    8.8409] microVU1: 3 cycle stall on branch instruction [1108]
[    8.8409] microVU1: 3 cycle stall on branch instruction [1130]
[    8.8412] microVU1: 3 cycle stall on branch instruction [1108]
[    8.8412] microVU1: 3 cycle stall on branch instruction [1130]
[    8.8413] microVU1: 3 cycle stall on branch instruction [1108]
[    8.8414] microVU1: 3 cycle stall on branch instruction [1130]
[    8.8415] microVU1: 3 cycle stall on branch instruction [1108]
[    8.8416] microVU1: 3 cycle stall on branch instruction [1130]
[    8.8416] microVU1: 3 cycle stall on branch instruction [09e8]
[    8.8416] microVU1: 3 cycle stall on branch instruction [0a70]
[    8.8417] microVU1: 3 cycle stall on branch instruction [1108]
[    8.8418] microVU1: 3 cycle stall on branch instruction [1130]
[    8.8421] microVU1: 3 cycle stall on branch instruction [1108]
[    8.8421] microVU1: 3 cycle stall on branch instruction [1130]
[    8.8423] microVU1: 3 cycle stall on branch instruction [1108]
[    8.8423] microVU1: 3 cycle stall on branch instruction [1130]
[    8.8427] microVU1: 3 cycle stall on branch instruction [1108]
[    8.8427] microVU1: 3 cycle stall on branch instruction [1130]
[    8.8430] microVU1: 3 cycle stall on branch instruction [1108]
[    8.8430] microVU1: 3 cycle stall on branch instruction [1130]
[    8.8431] microVU1: 3 cycle stall on branch instruction [1108]
[    8.8431] microVU1: 3 cycle stall on branch instruction [1130]
[    8.8437] microVU1: 3 cycle stall on branch instruction [1108]
[    8.8437] microVU1: 3 cycle stall on branch instruction [1130]
[    8.8438] microVU1: 3 cycle stall on branch instruction [09e8]
[    8.8439] microVU1: 3 cycle stall on branch instruction [0a70]
[    8.8441] microVU1: 3 cycle stall on branch instruction [09e8]
[    8.8442] microVU1: 3 cycle stall on branch instruction [0a70]
[    8.8443] microVU1: 3 cycle stall on branch instruction [09e8]
[    8.8444] microVU1: 3 cycle stall on branch instruction [0a70]
[    8.8445] microVU1: 3 cycle stall on branch instruction [1108]
[    8.8446] microVU1: 3 cycle stall on branch instruction [1130]
[    8.8447] microVU1: 3 cycle stall on branch instruction [09e8]
[    8.8447] microVU1: 3 cycle stall on branch instruction [0a70]
[    8.8448] microVU1: 3 cycle stall on branch instruction [09e8]
[    8.8448] microVU1: 3 cycle stall on branch instruction [0a70]
[    8.8450] microVU1: 3 cycle stall on branch instruction [1108]
[    8.8450] microVU1: 3 cycle stall on branch instruction [1130]
[    8.8451] microVU1: 3 cycle stall on branch instruction [09e8]
[    8.8451] microVU1: 3 cycle stall on branch instruction [0a70]
[    8.8454] microVU1: 3 cycle stall on branch instruction [09e8]
[    8.8454] microVU1: 3 cycle stall on branch instruction [0a70]
[    8.8455] microVU1: 3 cycle stall on branch instruction [09e8]
[    8.8455] microVU1: 3 cycle stall on branch instruction [0a70]
[    8.8457] microVU1: 3 cycle stall on branch instruction [09e8]
[    8.8457] microVU1: 3 cycle stall on branch instruction [0a70]
[    8.8459] microVU1: 3 cycle stall on branch instruction [09e8]
[    8.8460] microVU1: 3 cycle stall on branch instruction [0a70]
[    8.8461] microVU1: 3 cycle stall on branch instruction [09e8]
[    8.8461] microVU1: 3 cycle stall on branch instruction [0a70]
[    8.8463] microVU1: 3 cycle stall on branch instruction [09e8]
[    8.8463] microVU1: 3 cycle stall on branch instruction [0a70]
[    8.8465] microVU1: 3 cycle stall on branch instruction [09e8]
[    8.8465] microVU1: 3 cycle stall on branch instruction [0a70]
[    8.8467] microVU1: 3 cycle stall on branch instruction [09e8]
[    8.8467] microVU1: 3 cycle stall on branch instruction [0a70]
[    8.8469] microVU1: 3 cycle stall on branch instruction [09e8]
[    8.8469] microVU1: 3 cycle stall on branch instruction [0a70]
[    8.8471] microVU1: 3 cycle stall on branch instruction [07f0]
[    8.8472] microVU1: Cached Prog = [006] [PC=1188] [List=01] (Cache=3.007%) [1.8mb]
[    8.8472] microVU1: 2 cycle stall on branch instruction [07c8]
[    8.8474] microVU1: 3 cycle stall on branch instruction [1108]
[    8.8475] microVU1: 3 cycle stall on branch instruction [1130]
[    8.8477] microVU1: 3 cycle stall on branch instruction [1108]
[    8.8477] microVU1: 3 cycle stall on branch instruction [1130]
[    8.8479] microVU1: 3 cycle stall on branch instruction [1108]
[    8.8479] microVU1: 3 cycle stall on branch instruction [1130]
[    8.8482] microVU1: 3 cycle stall on branch instruction [1108]
[    8.8482] microVU1: 3 cycle stall on branch instruction [1130]
[    8.8484] microVU1: 3 cycle stall on branch instruction [1108]
[    8.8485] microVU1: 3 cycle stall on branch instruction [1130]
[    8.8486] microVU1: 3 cycle stall on branch instruction [1108]
[    8.8486] microVU1: 3 cycle stall on branch instruction [1130]
[    8.8487] microVU1: 3 cycle stall on branch instruction [1108]
[    8.8488] microVU1: 3 cycle stall on branch instruction [1130]
[    8.8489] microVU1: 3 cycle stall on branch instruction [09e8]
[    8.8489] microVU1: 3 cycle stall on branch instruction [0a70]
[    8.8490] microVU1: 3 cycle stall on branch instruction [1108]
[    8.8490] microVU1: 3 cycle stall on branch instruction [1130]
[    8.8493] microVU1: 3 cycle stall on branch instruction [1108]
[    8.8493] microVU1: 3 cycle stall on branch instruction [1130]
[    8.8494] microVU1: 3 cycle stall on branch instruction [1108]
[    8.8494] microVU1: 3 cycle stall on branch instruction [1130]
[    8.8499] microVU1: 3 cycle stall on branch instruction [1108]
[    8.8499] microVU1: 3 cycle stall on branch instruction [1130]
[    8.8501] microVU1: 3 cycle stall on branch instruction [1108]
[    8.8501] microVU1: 3 cycle stall on branch instruction [1130]
[    8.8502] microVU1: 3 cycle stall on branch instruction [1108]
[    8.8502] microVU1: 3 cycle stall on branch instruction [1130]
[    8.8508] microVU1: 3 cycle stall on branch instruction [1108]
[    8.8509] microVU1: 3 cycle stall on branch instruction [1130]
[    8.8510] microVU1: 3 cycle stall on branch instruction [09e8]
[    8.8510] microVU1: 3 cycle stall on branch instruction [0a70]
[    8.8513] microVU1: 3 cycle stall on branch instruction [09e8]
[    8.8513] microVU1: 3 cycle stall on branch instruction [0a70]
[    8.8514] microVU1: 3 cycle stall on branch instruction [09e8]
[    8.8514] microVU1: 3 cycle stall on branch instruction [0a70]
[    8.8516] microVU1: 3 cycle stall on branch instruction [1108]
[    8.8516] microVU1: 3 cycle stall on branch instruction [1130]
[    8.8517] microVU1: 3 cycle stall on branch instruction [09e8]
[    8.8518] microVU1: 3 cycle stall on branch instruction [0a70]
[    8.8519] microVU1: 3 cycle stall on branch instruction [09e8]
[    8.8520] microVU1: 3 cycle stall on branch instruction [0a70]
[    8.8521] microVU1: 3 cycle stall on branch instruction [1108]
[    8.8521] microVU1: 3 cycle stall on branch instruction [1130]
[    8.8522] microVU1: 3 cycle stall on branch instruction [09e8]
[    8.8522] microVU1: 3 cycle stall on branch instruction [0a70]
[    8.8525] microVU1: 3 cycle stall on branch instruction [09e8]
[    8.8525] microVU1: 3 cycle stall on branch instruction [0a70]
[    8.8527] microVU1: 3 cycle stall on branch instruction [09e8]
[    8.8527] microVU1: 3 cycle stall on branch instruction [0a70]
[    8.8529] microVU1: 3 cycle stall on branch instruction [09e8]
[    8.8529] microVU1: 3 cycle stall on branch instruction [0a70]
[    8.8531] microVU1: 3 cycle stall on branch instruction [09e8]
[    8.8531] microVU1: 3 cycle stall on branch instruction [0a70]
[    8.8532] microVU1: 3 cycle stall on branch instruction [09e8]
[    8.8533] microVU1: 3 cycle stall on branch instruction [0a70]
[    8.8534] microVU1: 3 cycle stall on branch instruction [09e8]
[    8.8535] microVU1: 3 cycle stall on branch instruction [0a70]
[    8.8536] microVU1: 3 cycle stall on branch instruction [09e8]
[    8.8536] microVU1: 3 cycle stall on branch instruction [0a70]
[    8.8538] microVU1: 3 cycle stall on branch instruction [09e8]
[    8.8538] microVU1: 3 cycle stall on branch instruction [0a70]
[    8.8539] microVU1: 3 cycle stall on branch instruction [09e8]
[    8.8539] microVU1: 3 cycle stall on branch instruction [0a70]
[    8.8541] microVU1: 3 cycle stall on branch instruction [07f0]
[    8.9543] microVU1: Cached Prog = [007] [PC=0700] [List=01] (Cache=3.808%) [2.3mb]
[    8.9553] microVU1: Cached Prog = [008] [PC=3450] [List=01] (Cache=3.902%) [2.4mb]
[    8.9557] microVU1: Cached Prog = [009] [PC=3830] [List=01] (Cache=3.954%) [2.4mb]
[    9.2407] microVU1: Cached Prog = [010] [PC=3b40] [List=01] (Cache=4.006%) [2.4mb]
[    9.2410] microVU1: Cached Prog = [011] [PC=3ea0] [List=01] (Cache=4.022%) [2.5mb]
[   22.0979] LOG: NIGHTCAMERA phase=0 offset=750 positionX=00000000 positionY=4028b437 positionZ=c2a19b64 lookX=00000000 lookY=3f9a5e32 lookZ=c2949b64 sceneGeneration=1 mask=0
[   22.0984] LOG: NIGHTCONTEXT phase=0 offset=750 scene=0 night=1 video=1 display=1 depth=2 width=448 height=448 refreshMilliHz=60000 requested=1 dtBits=3c888889 clockBits=00000000 rasterWidth=448 rasterHeight=448 scaleX=1 scaleY=1 ilChoice=0 ilProbing=0 ilBlock=0 ilFrame=58 ilAccepted=0 ilPipelined=1 frameYield=0
[   22.1171] LOG: NIGHTLATTICEGATES phase=0 offset=750 selected=1 enabled=1 invocations=65 eligible=4 applied=4 fallback=61 source=4185 unique=4015 invalid=0
[   22.1178] LOG: NIGHTGATES phase=0 offset=750 first=750 frames=1 mask=0 attempted1=8 executed1=8 skipped1=0 submitted1=8 attempted2=4 executed2=4 skipped2=0 submitted2=5 attempted4=3 executed4=3 skipped4=0 submitted4=5 attempted8=4 executed8=4 skipped8=0 submitted8=1 attempted16=2 executed16=2 skipped16=0 submitted16=1 attempted32=0 executed32=0 skipped32=0 submitted32=0 attempted64=0 executed64=0 skipped64=0 submitted64=0
[   22.1181] LOG: NIGHTEXTRAGATES phase=0 offset=750 first=750 frames=1 extraMask=0 attempted1=1 executed1=1 skipped1=0 submitted1=1 attempted2=1 executed2=1 skipped2=0 submitted2=2 attempted4=2 executed4=2 skipped4=0 submitted4=2
[   22.1184] LOG: NIGHTWILDGATES phase=0 offset=750 first=750 frames=1 variant=0 enabled=0 planeInvocations=0 planeEligible=0 planeApplied=0 planeFallback=0 planeBoundary=0 planeNonfinite=0 planeColdCompared=0 planeColdMismatches=0 planeInputUnits=0 planeOutputUnits=0 planeInvalid=0 coneInvocations=0 coneEligible=0 coneApplied=0 coneFallback=0 coneBoundary=0 coneNonfinite=0 coneColdCompared=0 coneColdMismatches=0 coneInputUnits=0 coneOutputUnits=0 coneInvalid=0
[   22.1186] LOG: NIGHTTABLEGATES phase=0 offset=750 first=750 frames=1 selected=1 enabled=1 invocations=19 eligible=9 applied=9 fallback=10 sourceVertices=753 admittedVertices=618 baselineColorQwords=753 tableColorQwords=18 coldCompared=9 coldMismatches=0 invalid=0
[   29.8898] LOG: NIGHTCAMERA phase=0 offset=1155 positionX=00000000 positionY=4028b437 positionZ=c2a19b64 lookX=00000000 lookY=3f9a5e32 lookZ=c2949b64 sceneGeneration=1 mask=0
[   29.8902] LOG: NIGHTCONTEXT phase=0 offset=1155 scene=0 night=1 video=1 display=1 depth=2 width=448 height=448 refreshMilliHz=60000 requested=1 dtBits=3c888889 clockBits=00000000 rasterWidth=448 rasterHeight=448 scaleX=1 scaleY=1 ilChoice=0 ilProbing=0 ilBlock=0 ilFrame=13 ilAccepted=0 ilPipelined=1 frameYield=0
[   29.9071] LOG: NIGHTLATTICEGATES phase=0 offset=1155 selected=1 enabled=1 invocations=65 eligible=4 applied=4 fallback=61 source=4185 unique=4015 invalid=0
[   29.9077] LOG: NIGHTGATES phase=0 offset=1155 first=1155 frames=1 mask=0 attempted1=8 executed1=8 skipped1=0 submitted1=8 attempted2=4 executed2=4 skipped2=0 submitted2=5 attempted4=3 executed4=3 skipped4=0 submitted4=5 attempted8=4 executed8=4 skipped8=0 submitted8=1 attempted16=2 executed16=2 skipped16=0 submitted16=1 attempted32=0 executed32=0 skipped32=0 submitted32=0 attempted64=0 executed64=0 skipped64=0 submitted64=0
[   29.9079] LOG: NIGHTEXTRAGATES phase=0 offset=1155 first=1155 frames=1 extraMask=0 attempted1=1 executed1=1 skipped1=0 submitted1=1 attempted2=1 executed2=1 skipped2=0 submitted2=2 attempted4=2 executed4=2 skipped4=0 submitted4=2
[   29.9082] LOG: NIGHTWILDGATES phase=0 offset=1155 first=1155 frames=1 variant=0 enabled=0 planeInvocations=0 planeEligible=0 planeApplied=0 planeFallback=0 planeBoundary=0 planeNonfinite=0 planeColdCompared=0 planeColdMismatches=0 planeInputUnits=0 planeOutputUnits=0 planeInvalid=0 coneInvocations=0 coneEligible=0 coneApplied=0 coneFallback=0 coneBoundary=0 coneNonfinite=0 coneColdCompared=0 coneColdMismatches=0 coneInputUnits=0 coneOutputUnits=0 coneInvalid=0
[   29.9084] LOG: NIGHTTABLEGATES phase=0 offset=1155 first=1155 frames=1 selected=1 enabled=1 invocations=19 eligible=9 applied=9 fallback=10 sourceVertices=753 admittedVertices=618 baselineColorQwords=753 tableColorQwords=18 coldCompared=9 coldMismatches=0 invalid=0
[   41.8462] LOG: NIGHTLATTICEPHASE phase=1 selected=1 enabled=0
[   41.8465] LOG: NIGHTPHASE phase=1 first=1800 mask=0 appliedMask=0 sampler=1 countReads=262 samplePtr=005548c8
[   41.8467] LOG: NIGHTEXTRAPHASE phase=1 first=1800 extraMask=0 appliedExtraMask=0
[   41.8469] LOG: NIGHTWILDPHASE phase=1 first=1800 variant=0 enabled=0 appliedVariant=0 appliedEnabled=0
[   41.8470] LOG: NIGHTTABLEPHASE phase=1 first=1800 selected=1 enabled=1 appliedSelected=1 appliedEnabled=1
[   55.3748] LOG: NIGHTCAMERA phase=1 offset=750 positionX=00000000 positionY=4028b437 positionZ=c2a19b64 lookX=00000000 lookY=3f9a5e32 lookZ=c2949b64 sceneGeneration=1 mask=0
[   55.3753] LOG: NIGHTCONTEXT phase=1 offset=750 scene=0 night=1 video=1 display=1 depth=2 width=448 height=448 refreshMilliHz=60000 requested=1 dtBits=3c888889 clockBits=00000000 rasterWidth=448 rasterHeight=448 scaleX=1 scaleY=1 ilChoice=0 ilProbing=0 ilBlock=0 ilFrame=58 ilAccepted=0 ilPipelined=1 frameYield=0
[   55.3941] LOG: NIGHTLATTICEGATES phase=1 offset=750 selected=1 enabled=0 invocations=65 eligible=0 applied=0 fallback=65 source=4185 unique=4185 invalid=0
[   55.3946] LOG: NIGHTGATES phase=1 offset=750 first=750 frames=1 mask=0 attempted1=8 executed1=8 skipped1=0 submitted1=8 attempted2=4 executed2=4 skipped2=0 submitted2=5 attempted4=3 executed4=3 skipped4=0 submitted4=5 attempted8=4 executed8=4 skipped8=0 submitted8=1 attempted16=2 executed16=2 skipped16=0 submitted16=1 attempted32=0 executed32=0 skipped32=0 submitted32=0 attempted64=0 executed64=0 skipped64=0 submitted64=0
[   55.3949] LOG: NIGHTEXTRAGATES phase=1 offset=750 first=750 frames=1 extraMask=0 attempted1=1 executed1=1 skipped1=0 submitted1=1 attempted2=1 executed2=1 skipped2=0 submitted2=2 attempted4=2 executed4=2 skipped4=0 submitted4=2
[   55.3953] LOG: NIGHTWILDGATES phase=1 offset=750 first=750 frames=1 variant=0 enabled=0 planeInvocations=0 planeEligible=0 planeApplied=0 planeFallback=0 planeBoundary=0 planeNonfinite=0 planeColdCompared=0 planeColdMismatches=0 planeInputUnits=0 planeOutputUnits=0 planeInvalid=0 coneInvocations=0 coneEligible=0 coneApplied=0 coneFallback=0 coneBoundary=0 coneNonfinite=0 coneColdCompared=0 coneColdMismatches=0 coneInputUnits=0 coneOutputUnits=0 coneInvalid=0
[   55.3955] LOG: NIGHTTABLEGATES phase=1 offset=750 first=750 frames=1 selected=1 enabled=1 invocations=19 eligible=9 applied=9 fallback=10 sourceVertices=753 admittedVertices=618 baselineColorQwords=753 tableColorQwords=18 coldCompared=9 coldMismatches=0 invalid=0
[   62.7940] LOG: NIGHTCAMERA phase=1 offset=1155 positionX=00000000 positionY=4028b437 positionZ=c2a19b64 lookX=00000000 lookY=3f9a5e32 lookZ=c2949b64 sceneGeneration=1 mask=0
[   62.7944] LOG: NIGHTCONTEXT phase=1 offset=1155 scene=0 night=1 video=1 display=1 depth=2 width=448 height=448 refreshMilliHz=60000 requested=1 dtBits=3c888889 clockBits=00000000 rasterWidth=448 rasterHeight=448 scaleX=1 scaleY=1 ilChoice=0 ilProbing=0 ilBlock=0 ilFrame=13 ilAccepted=0 ilPipelined=1 frameYield=0
[   62.8113] LOG: NIGHTLATTICEGATES phase=1 offset=1155 selected=1 enabled=0 invocations=65 eligible=0 applied=0 fallback=65 source=4185 unique=4185 invalid=0
[   62.8118] LOG: NIGHTGATES phase=1 offset=1155 first=1155 frames=1 mask=0 attempted1=8 executed1=8 skipped1=0 submitted1=8 attempted2=4 executed2=4 skipped2=0 submitted2=5 attempted4=3 executed4=3 skipped4=0 submitted4=5 attempted8=4 executed8=4 skipped8=0 submitted8=1 attempted16=2 executed16=2 skipped16=0 submitted16=1 attempted32=0 executed32=0 skipped32=0 submitted32=0 attempted64=0 executed64=0 skipped64=0 submitted64=0
[   62.8124] LOG: NIGHTEXTRAGATES phase=1 offset=1155 first=1155 frames=1 extraMask=0 attempted1=1 executed1=1 skipped1=0 submitted1=1 attempted2=1 executed2=1 skipped2=0 submitted2=2 attempted4=2 executed4=2 skipped4=0 submitted4=2
[   62.8127] LOG: NIGHTWILDGATES phase=1 offset=1155 first=1155 frames=1 variant=0 enabled=0 planeInvocations=0 planeEligible=0 planeApplied=0 planeFallback=0 planeBoundary=0 planeNonfinite=0 planeColdCompared=0 planeColdMismatches=0 planeInputUnits=0 planeOutputUnits=0 planeInvalid=0 coneInvocations=0 coneEligible=0 coneApplied=0 coneFallback=0 coneBoundary=0 coneNonfinite=0 coneColdCompared=0 coneColdMismatches=0 coneInputUnits=0 coneOutputUnits=0 coneInvalid=0
[   62.8128] LOG: NIGHTTABLEGATES phase=1 offset=1155 first=1155 frames=1 selected=1 enabled=1 invocations=19 eligible=9 applied=9 fallback=10 sourceVertices=753 admittedVertices=618 baselineColorQwords=753 tableColorQwords=18 coldCompared=9 coldMismatches=0 invalid=0
[   74.7542] LOG: NIGHTLATTICEPHASE phase=2 selected=1 enabled=1
[   74.7545] LOG: NIGHTPHASE phase=2 first=3600 mask=0 appliedMask=0 sampler=1 countReads=262 samplePtr=005548c8
[   74.7549] LOG: NIGHTEXTRAPHASE phase=2 first=3600 extraMask=0 appliedExtraMask=0
[   74.7552] LOG: NIGHTWILDPHASE phase=2 first=3600 variant=0 enabled=0 appliedVariant=0 appliedEnabled=0
[   74.7555] LOG: NIGHTTABLEPHASE phase=2 first=3600 selected=1 enabled=1 appliedSelected=1 appliedEnabled=1
[   88.5928] LOG: NIGHTCAMERA phase=2 offset=750 positionX=00000000 positionY=4028b437 positionZ=c2a19b64 lookX=00000000 lookY=3f9a5e32 lookZ=c2949b64 sceneGeneration=1 mask=0
[   88.5932] LOG: NIGHTCONTEXT phase=2 offset=750 scene=0 night=1 video=1 display=1 depth=2 width=448 height=448 refreshMilliHz=60000 requested=1 dtBits=3c888889 clockBits=00000000 rasterWidth=448 rasterHeight=448 scaleX=1 scaleY=1 ilChoice=0 ilProbing=0 ilBlock=0 ilFrame=58 ilAccepted=0 ilPipelined=1 frameYield=0
[   88.6111] LOG: NIGHTLATTICEGATES phase=2 offset=750 selected=1 enabled=1 invocations=65 eligible=4 applied=4 fallback=61 source=4185 unique=4015 invalid=0
[   88.6120] LOG: NIGHTGATES phase=2 offset=750 first=750 frames=1 mask=0 attempted1=8 executed1=8 skipped1=0 submitted1=8 attempted2=4 executed2=4 skipped2=0 submitted2=5 attempted4=3 executed4=3 skipped4=0 submitted4=5 attempted8=4 executed8=4 skipped8=0 submitted8=1 attempted16=2 executed16=2 skipped16=0 submitted16=1 attempted32=0 executed32=0 skipped32=0 submitted32=0 attempted64=0 executed64=0 skipped64=0 submitted64=0
[   88.6126] LOG: NIGHTEXTRAGATES phase=2 offset=750 first=750 frames=1 extraMask=0 attempted1=1 executed1=1 skipped1=0 submitted1=1 attempted2=1 executed2=1 skipped2=0 submitted2=2 attempted4=2 executed4=2 skipped4=0 submitted4=2
[   88.6128] LOG: NIGHTWILDGATES phase=2 offset=750 first=750 frames=1 variant=0 enabled=0 planeInvocations=0 planeEligible=0 planeApplied=0 planeFallback=0 planeBoundary=0 planeNonfinite=0 planeColdCompared=0 planeColdMismatches=0 planeInputUnits=0 planeOutputUnits=0 planeInvalid=0 coneInvocations=0 coneEligible=0 coneApplied=0 coneFallback=0 coneBoundary=0 coneNonfinite=0 coneColdCompared=0 coneColdMismatches=0 coneInputUnits=0 coneOutputUnits=0 coneInvalid=0
[   88.6131] LOG: NIGHTTABLEGATES phase=2 offset=750 first=750 frames=1 selected=1 enabled=1 invocations=19 eligible=9 applied=9 fallback=10 sourceVertices=753 admittedVertices=618 baselineColorQwords=753 tableColorQwords=18 coldCompared=9 coldMismatches=0 invalid=0
[   96.3352] LOG: NIGHTCAMERA phase=2 offset=1155 positionX=00000000 positionY=4028b437 positionZ=c2a19b64 lookX=00000000 lookY=3f9a5e32 lookZ=c2949b64 sceneGeneration=1 mask=0
[   96.3356] LOG: NIGHTCONTEXT phase=2 offset=1155 scene=0 night=1 video=1 display=1 depth=2 width=448 height=448 refreshMilliHz=60000 requested=1 dtBits=3c888889 clockBits=00000000 rasterWidth=448 rasterHeight=448 scaleX=1 scaleY=1 ilChoice=0 ilProbing=0 ilBlock=0 ilFrame=13 ilAccepted=0 ilPipelined=1 frameYield=0
[   96.3580] LOG: NIGHTLATTICEGATES phase=2 offset=1155 selected=1 enabled=1 invocations=65 eligible=4 applied=4 fallback=61 source=4185 unique=4015 invalid=0
[   96.3587] LOG: NIGHTGATES phase=2 offset=1155 first=1155 frames=1 mask=0 attempted1=8 executed1=8 skipped1=0 submitted1=8 attempted2=4 executed2=4 skipped2=0 submitted2=5 attempted4=3 executed4=3 skipped4=0 submitted4=5 attempted8=4 executed8=4 skipped8=0 submitted8=1 attempted16=2 executed16=2 skipped16=0 submitted16=1 attempted32=0 executed32=0 skipped32=0 submitted32=0 attempted64=0 executed64=0 skipped64=0 submitted64=0
[   96.3591] LOG: NIGHTEXTRAGATES phase=2 offset=1155 first=1155 frames=1 extraMask=0 attempted1=1 executed1=1 skipped1=0 submitted1=1 attempted2=1 executed2=1 skipped2=0 submitted2=2 attempted4=2 executed4=2 skipped4=0 submitted4=2
[   96.3594] LOG: NIGHTWILDGATES phase=2 offset=1155 first=1155 frames=1 variant=0 enabled=0 planeInvocations=0 planeEligible=0 planeApplied=0 planeFallback=0 planeBoundary=0 planeNonfinite=0 planeColdCompared=0 planeColdMismatches=0 planeInputUnits=0 planeOutputUnits=0 planeInvalid=0 coneInvocations=0 coneEligible=0 coneApplied=0 coneFallback=0 coneBoundary=0 coneNonfinite=0 coneColdCompared=0 coneColdMismatches=0 coneInputUnits=0 coneOutputUnits=0 coneInvalid=0
[   96.3596] LOG: NIGHTTABLEGATES phase=2 offset=1155 first=1155 frames=1 selected=1 enabled=1 invocations=19 eligible=9 applied=9 fallback=10 sourceVertices=753 admittedVertices=618 baselineColorQwords=753 tableColorQwords=18 coldCompared=9 coldMismatches=0 invalid=0
[  108.3504] LOG: NIGHTDONE order=1 valid=1 loops=5400
