[    0.0147] Program Path: /home/spider/tyrax2-debugger-linux-v1/squashfs-root/usr/bin/pcsx2-qt
[    0.0147] AppRoot Directory: /home/spider/tyrax2-debugger-linux-v1/squashfs-root/usr/bin
[    0.0147] Resources Directory: /home/spider/tyrax2-debugger-linux-v1/squashfs-root/usr/bin/resources
[    0.0147] DataRoot Directory: /home/spider/corona-probe-case1-arm1-repeat1-20261005-v1/profile/PCSX2
[    0.0147] Loading config from /home/spider/corona-probe-case1-arm1-repeat1-20261005-v1/profile/PCSX2/inis/PCSX2.ini.
[    0.0150] Loading secrets from /home/spider/corona-probe-case1-arm1-repeat1-20261005-v1/profile/PCSX2/inis/secrets.ini.
[    0.0154] BIOS Directory: /mnt/c/Users/pawel/OneDrive/Documents/PCSX2/bios
[    0.0154] Snapshots Directory: /home/spider/corona-probe-case1-arm1-repeat1-20261005-v1/profile/PCSX2/snaps
[    0.0154] Savestates Directory: /home/spider/corona-probe-case1-arm1-repeat1-20261005-v1/profile/PCSX2/sstates
[    0.0154] MemoryCards Directory: /home/spider/corona-probe-case1-arm1-repeat1-20261005-v1/profile/PCSX2/memcards
[    0.0154] Logs Directory: /home/spider/corona-probe-case1-arm1-repeat1-20261005-v1/profile/PCSX2/logs
[    0.0154] Cheats Directory: /home/spider/corona-probe-case1-arm1-repeat1-20261005-v1/profile/PCSX2/cheats
[    0.0154] Patches Directory: /home/spider/corona-probe-case1-arm1-repeat1-20261005-v1/profile/PCSX2/patches
[    0.0154] Covers Directory: /home/spider/corona-probe-case1-arm1-repeat1-20261005-v1/profile/PCSX2/covers
[    0.0154] Game Settings Directory: /home/spider/corona-probe-case1-arm1-repeat1-20261005-v1/profile/PCSX2/gamesettings
[    0.0154] Resources Directory: /home/spider/tyrax2-debugger-linux-v1/squashfs-root/usr/bin/resources
[    0.0154] User Resources Directory: /home/spider/corona-probe-case1-arm1-repeat1-20261005-v1/profile/PCSX2/resources
[    0.0154] Cache Directory: /home/spider/corona-probe-case1-arm1-repeat1-20261005-v1/profile/PCSX2/cache
[    0.0154] Textures Directory: /home/spider/corona-probe-case1-arm1-repeat1-20261005-v1/profile/PCSX2/textures
[    0.0155] Input Profile Directory: /home/spider/corona-probe-case1-arm1-repeat1-20261005-v1/profile/PCSX2/inputprofiles
[    0.0155] Video Dumping Directory: /home/spider/corona-probe-case1-arm1-repeat1-20261005-v1/profile/PCSX2/videos
[    0.0155] Debugger Layouts Directory: /home/spider/corona-probe-case1-arm1-repeat1-20261005-v1/profile/PCSX2/inis/debuggerlayouts
[    0.0155] Debugger Settings Directory: /home/spider/corona-probe-case1-arm1-repeat1-20261005-v1/profile/PCSX2/inis/debuggersettings
[    0.0300] Loaded translation file for language en-US
[    0.0371] PCSX2 v2.9.93
[    0.0372] Savestate version: 0x9a590000
[    0.0372] 
[    0.0372] 
[    0.0372] Host Machine Init:
[    0.0373]   Operating System = Ubuntu 22.04
[    0.0373]   Available RAM    = 49082 MB (47.93 GB)
[    0.0373]   Physical RAM     = 50191 MB (49.02 GB)
[    0.0373] 
[    0.0373]   Processor        = AMD Ryzen Threadripper 1920X
[    0.0373]   Core Count       = 24 cores
[    0.0373]   Thread Count     = 24 threads
[    0.0373]   Cluster Count    = 1 clusters
[    0.0373] CPU Extensions Detected:
[    0.0373]   AVX AVX2
[    0.0373] 
[    0.0373] Allocating host memory for virtual systems...
[    0.0376]   EE Main Memory                   @ 0x00007F4C9B200000 -> 0x00007F4CA4100000 [143mb]
[    0.0377]   IOP Main Memory                  @ 0x00007F4CA4100000 -> 0x00007F4CAC200000 [129mb]
[    0.0377]   VU0/1 On-Chip Memory             @ 0x00007F4CAC200000 -> 0x00007F4CAC300000 [1mb]
[    0.0377]   VTLB Virtual Map                 @ 0x00007F4CAC300000 -> 0x00007F4CACB00000 [8mb]
[    0.0377]   VTLB Address Map                 @ 0x00007F4CACB00000 -> 0x00007F4CACF00000 [4mb]
[    0.0377]   R5900 Recompiler Cache           @ 0x00007F4CACF00000 -> 0x00007F4CB0F00000 [64mb]
[    0.0377]   R3000A Recompiler Cache          @ 0x00007F4CB0F00000 -> 0x00007F4CB2F00000 [32mb]
[    0.0377]   Micro VU0 Recompiler Cache       @ 0x00007F4CB3F00000 -> 0x00007F4CB7F00000 [64mb]
[    0.0377]   Micro VU1 Recompiler Cache       @ 0x00007F4CB7F00000 -> 0x00007F4CBBF00000 [64mb]
[    0.0377]   VIF0 Unpack Recompiler Cache     @ 0x00007F4CB2F00000 -> 0x00007F4CB3700000 [8mb]
[    0.0377]   VIF1 Unpack Recompiler Cache     @ 0x00007F4CB3700000 -> 0x00007F4CB3F00000 [8mb]
[    0.0377]   VIF Unpack Recompiler Cache      @ 0x00007F4CBBF00000 -> 0x00007F4CBC000000 [1mb]
[    0.0377]   GS Software Renderer             @ 0x00007F4CBC000000 -> 0x00007F4CC0000000 [64mb]
[    0.0394] Fastmem area: 0x7f4b9b200000 - 0x7f4c9b1fffff
[    0.0411] Generating SSE-optimized unpacking functions for VIF interpreters...
[    0.0415] Unpack function generation complete.  Generated function statistics:
[    0.0415]   Reserved buffer    : 1048576 bytes @ 0x00007F4CBBF00000
[    0.0415]   x86 code generated : 7422 bytes
[    0.0415] 
[    0.0419] SDLInputSource: Using Controller DB from resources.
[    0.0598] SDLInputSource: 765 gamepad mappings are loaded.
[    0.0599] Invalid binding: 'XInput-0/DPadUp'
[    0.0599] Invalid binding: 'XInput-0/DPadRight'
[    0.0599] Invalid binding: 'XInput-0/DPadDown'
[    0.0599] Invalid binding: 'XInput-0/DPadLeft'
[    0.0599] Invalid binding: 'XInput-0/Y'
[    0.0599] Invalid binding: 'XInput-0/B'
[    0.0599] Invalid binding: 'XInput-0/A'
[    0.0599] Invalid binding: 'XInput-0/X'
[    0.0599] Invalid binding: 'XInput-0/Back'
[    0.0599] Invalid binding: 'XInput-0/Start'
[    0.0599] Invalid binding: 'XInput-0/LeftShoulder'
[    0.0599] Invalid binding: 'XInput-0/+LeftTrigger'
[    0.0599] Invalid binding: 'XInput-0/RightShoulder'
[    0.0599] Invalid binding: 'XInput-0/+RightTrigger'
[    0.0599] Invalid binding: 'XInput-0/LeftStick'
[    0.0599] Invalid binding: 'XInput-0/RightStick'
[    0.0599] Invalid binding: 'XInput-0/Guide'
[    0.0599] Invalid binding: 'XInput-0/-LeftY'
[    0.0599] Invalid binding: 'XInput-0/+LeftX'
[    0.0600] Invalid binding: 'XInput-0/+LeftY'
[    0.0600] Invalid binding: 'XInput-0/-LeftX'
[    0.0600] Invalid binding: 'XInput-0/-RightY'
[    0.0600] Invalid binding: 'XInput-0/+RightX'
[    0.0600] Invalid binding: 'XInput-0/+RightY'
[    0.0600] Invalid binding: 'XInput-0/-RightX'
[    0.0604] Settings: Advanced Settings are enabled; only proceed if you know what you're doing! No support will be provided if you have the option enabled.
[    0.1061] Scanning F:\PS2\Games (recursively)
[    0.2063] Loading BIOS...
[    0.2194] BIOS Found: Europe  v02.00(14/06/2004)  Console 20040614-100914
[    0.2797] Mechacon version: 0x00020603
[    0.2814] Opening CDVD...
[    0.3138] Initializing Elf: 4467132 bytes
[    0.3144] Disc changed to .
[    0.3144]   Name: vehicle-playground [?]
[    0.3144]   Serial: vehicle-playground
[    0.3144]   Version: 
[    0.3144]   CRC: 9DB8C1BD
[    0.3144] No game settings found (tried '/home/spider/corona-probe-case1-arm1-repeat1-20261005-v1/profile/PCSX2/gamesettings/9DB8C1BD.ini')
[    0.3144] Applying settings...
[    0.3147] Invalid binding: 'XInput-0/DPadUp'
[    0.3147] Invalid binding: 'XInput-0/DPadRight'
[    0.3147] Invalid binding: 'XInput-0/DPadDown'
[    0.3148] Invalid binding: 'XInput-0/DPadLeft'
[    0.3148] Invalid binding: 'XInput-0/Y'
[    0.3148] Invalid binding: 'XInput-0/B'
[    0.3148] Invalid binding: 'XInput-0/A'
[    0.3148] Invalid binding: 'XInput-0/X'
[    0.3148] Invalid binding: 'XInput-0/Back'
[    0.3148] Invalid binding: 'XInput-0/Start'
[    0.3148] Invalid binding: 'XInput-0/LeftShoulder'
[    0.3148] Invalid binding: 'XInput-0/+LeftTrigger'
[    0.3148] Invalid binding: 'XInput-0/RightShoulder'
[    0.3148] Invalid binding: 'XInput-0/+RightTrigger'
[    0.3148] Invalid binding: 'XInput-0/LeftStick'
[    0.3148] Invalid binding: 'XInput-0/RightStick'
[    0.3148] Invalid binding: 'XInput-0/Guide'
[    0.3148] Invalid binding: 'XInput-0/-LeftY'
[    0.3148] Invalid binding: 'XInput-0/+LeftX'
[    0.3148] Invalid binding: 'XInput-0/+LeftY'
[    0.3148] Invalid binding: 'XInput-0/-LeftX'
[    0.3148] Invalid binding: 'XInput-0/-RightY'
[    0.3148] Invalid binding: 'XInput-0/+RightX'
[    0.3148] Invalid binding: 'XInput-0/+RightY'
[    0.3148] Invalid binding: 'XInput-0/-RightX'
[    0.3150] GameDB: Has not been initialized yet, initializing...
[    0.3580] GameDB: 12841 games on record (loaded in 43.05ms)
[    0.3606] Reopening memory cards...
[    0.3606] (FileMcd) Creating new 8MB memory card: /home/spider/corona-probe-case1-arm1-repeat1-20261005-v1/profile/PCSX2/memcards/Mcd001.ps2
[    0.3698] McdSlot 0 [File]: Mcd001.ps2 [8 MB, UNFORMATTED]
[    0.3699] McdSlot 1 [File]: [disabled/empty filename]
[    0.3740] HLE Host: Set 'host:' root path to: /mnt/f/Projects/tyrax2-lab-20261001/wild-gs-sprite-corona-probe-physical-v1/game/bin
[    0.3743] EE/iR5900 Recompiler Reset
[    0.3950] iR3000A Recompiler reset.
[    0.4053] Resetting host memory for virtual systems...
[    0.6401] Time Zone Offset: GMT+01:00
[    0.6401] Time Zone Location: Berlin
[    0.6401] DST: Winter Time
[    0.6401] Time Format: 24-Hour
[    0.6401] Date Format: DD/MM/YYYY
[    0.6401] System Time Basis: Operating System Time
[    0.6402] Resulting System Time: 2026-10-05 14:48:26
[    0.6402] Close virtual disk tray
[    0.6402] Media already loaded (fast boot)
[    0.6402] Opening GS...
[    0.6788] VK: Enabling extension: VK_KHR_get_surface_capabilities2
[    0.6900] Using Vulkan GPU 'llvmpipe (LLVM 15.0.7, 256 bits)' for automatic renderer check.
[    0.6900] Not using Vulkan for software renderer.
[    0.6901] acquireRenderWindow() recreate=true fullscreen=false render_to_main=true surfaceless=false
[    0.6928] (GetRefreshRateFromXRandR) Modeline is invalid: 0/0/0
[    0.6928] Surface refresh rate: 60 Hz
[    0.6934] Loading EGL from libEGL.so...
[    0.6945] GLAD EGL Version: 1.0
[    0.6945] Using EGL platform EGL_EXT_platform_x11.
[    0.7026] eglInitialize() version: 1.5
[    0.7026] GLAD EGL Version: 1.5
[    0.7026] Trying GL version 4.6
[    0.7027] eglCreateContext() failed: 0x3009
[    0.7027] Trying GL version 4.5
[    0.7123] Got GL version 4.5
[    0.7123] EGL_MIN_SWAP_INTERVAL = 1
[    0.7123] EGL_MAX_SWAP_INTERVAL = 1
[    0.7123] Negative swap interval/tear-control is NOT supported
[    0.7150] GL_VENDOR: Mesa
[    0.7150] GL_VERSION: 4.5 (Core Profile) Mesa 23.2.1-1ubuntu3.1~22.04.4
[    0.7150] GL_RENDERER: llvmpipe (LLVM 15.0.7, 256 bits)
[    0.7150] GL_SHADING_LANGUAGE_VERSION: 4.50
[    0.7151] GL_MAX_VERTEX_SHADER_STORAGE_BLOCKS: 16
[    0.7151] GL: Viewport Array:            Supported       => Using: GL_ARB_viewport_array
[    0.7151] GL: Direct State Access:       Supported       => Using: OpenGL 4.5 Core
[    0.7151] GL: Copy Image:                Supported       => Using: OpenGL 4.3 Core
[    0.7151] GL: Clip Control:              Supported       => Using: OpenGL 4.5 Core
[    0.7151] GL: Conservative Depth:        Supported       => Using: OpenGL 4.2 Core
[    0.7151] GL: CAS Sharpening:            Supported       => Using: OpenGL 4.2 Core
[    0.7151] GL: Texture Barriers:          Auto            => Using: Framebuffer Fetch
[    0.7151] GL: RGBA16 HW Blending:        Supported       => Using: RGBA16 UNORM
[    0.7151] GL: Point Expansion:           Supported       => Using: Hardware
[    0.7151] GL: Line Expansion:            Fallback        => Using: Vertex Expansion
[    0.7151] GL: Sprite Expansion:          Supported       => Using: Vertex Expansion
[    0.7151] GL: DXTn Texture Compression:  Supported       => Using: GL_EXT_texture_compression_s3tc
[    0.7151] GL: BC6/7 Texture Compression: Supported       => Using: OpenGL 4.2 Core
[    0.7211] 1 program binary formats supported by driver
[    0.7456] Program binary retrieved, 4105 bytes, format 34655
[    0.7460] Program binary retrieved, 4121 bytes, format 34655
[    0.7465] Program binary retrieved, 4249 bytes, format 34655
[    0.7468] Program binary retrieved, 4013 bytes, format 34655
[    0.7472] Program binary retrieved, 4013 bytes, format 34655
[    0.7475] Program binary retrieved, 4017 bytes, format 34655
[    0.7478] Program binary retrieved, 4017 bytes, format 34655
[    0.7482] Program binary retrieved, 4185 bytes, format 34655
[    0.7487] Program binary retrieved, 4217 bytes, format 34655
[    0.7492] Program binary retrieved, 4137 bytes, format 34655
[    0.7496] Program binary retrieved, 4125 bytes, format 34655
[    0.7501] Program binary retrieved, 4121 bytes, format 34655
[    0.7507] Program binary retrieved, 4253 bytes, format 34655
[    0.7513] Program binary retrieved, 4237 bytes, format 34655
[    0.7516] Program binary retrieved, 4245 bytes, format 34655
[    0.7520] Program binary retrieved, 4261 bytes, format 34655
[    0.7525] Program binary retrieved, 4965 bytes, format 34655
[    0.7530] Program binary retrieved, 4981 bytes, format 34655
[    0.7535] Program binary retrieved, 4261 bytes, format 34655
[    0.7538] Program binary retrieved, 4277 bytes, format 34655
[    0.7543] Program binary retrieved, 5005 bytes, format 34655
[    0.7550] Program binary retrieved, 5021 bytes, format 34655
[    0.7555] Program binary retrieved, 4257 bytes, format 34655
[    0.7559] Program binary retrieved, 4273 bytes, format 34655
[    0.7564] Program binary retrieved, 5001 bytes, format 34655
[    0.7569] Program binary retrieved, 5017 bytes, format 34655
[    0.7572] Program binary retrieved, 4277 bytes, format 34655
[    0.7576] Program binary retrieved, 4293 bytes, format 34655
[    0.7582] Program binary retrieved, 5057 bytes, format 34655
[    0.7588] Program binary retrieved, 5073 bytes, format 34655
[    0.7593] Program binary retrieved, 4153 bytes, format 34655
[    0.7596] Program binary retrieved, 4169 bytes, format 34655
[    0.7600] Program binary retrieved, 4233 bytes, format 34655
[    0.7605] Program binary retrieved, 5781 bytes, format 34655
[    0.7610] Program binary retrieved, 5373 bytes, format 34655
[    0.7616] Program binary retrieved, 6389 bytes, format 34655
[    0.7619] Program binary retrieved, 4917 bytes, format 34655
[    0.7624] Program binary retrieved, 4845 bytes, format 34655
[    0.7629] Program binary retrieved, 4997 bytes, format 34655
[    0.7633] Program binary retrieved, 4101 bytes, format 34655
[    0.7663] Program binary retrieved, 4137 bytes, format 34655
[    0.7695] Program binary retrieved, 4109 bytes, format 34655
[    0.7700] Program binary retrieved, 5389 bytes, format 34655
[    0.7704] Program binary retrieved, 5829 bytes, format 34655
[    0.7708] Program binary retrieved, 5857 bytes, format 34655
[    0.7712] Program binary retrieved, 4289 bytes, format 34655
[    0.7737] Program binary retrieved, 21205 bytes, format 34655
[    0.7741] Program binary retrieved, 4765 bytes, format 34655
[    0.7745] Program binary retrieved, 5685 bytes, format 34655
[    0.7748] Program binary retrieved, 4141 bytes, format 34655
[    0.7751] Program binary retrieved, 4537 bytes, format 34655
[    0.7755] Program binary retrieved, 4889 bytes, format 34655
[    0.7759] Program binary retrieved, 4117 bytes, format 34655
[    0.7763] Program binary retrieved, 4741 bytes, format 34655
[    0.7766] Program binary retrieved, 4965 bytes, format 34655
[    0.7772] Program binary retrieved, 6613 bytes, format 34655
[    0.7776] Program binary retrieved, 4797 bytes, format 34655
[    0.7794] Program binary retrieved, 13085 bytes, format 34655
[    0.7856] Program binary retrieved, 7285 bytes, format 34655
[    0.7913] Program binary retrieved, 5497 bytes, format 34655
[    0.7916] Program binary retrieved, 4141 bytes, format 34655
[    0.7920] Program binary retrieved, 4141 bytes, format 34655
[    0.7923] Program binary retrieved, 4145 bytes, format 34655
[    0.7927] Program binary retrieved, 4145 bytes, format 34655
[    0.8342] Program binary retrieved, 5369 bytes, format 34655
[    0.8356] OpenGL Graphics Driver Info:
[    0.8356] OpenGL Context:
[    0.8356] 4.5 (Core Profile) Mesa 23.2.1-1ubuntu3.1~22.04.4
[    0.8356] Mesa llvmpipe (LLVM 15.0.7, 256 bits)
[    0.8356] GLSL: 4.50
[    0.8385] Processor count: 24 cores, 24 processors, 1 clusters
[    0.8385] Ordered processor list: 12, 23, 22, 21, 20, 19, 18, 17, 16, 15, 14, 13, 0, 11, 10, 9, 8, 7, 6, 5, 4, 3, 2, 1
[    0.8385] Not pinning SW threads, we need 4 processors, but only have 0
[    0.8395] Opening SPU2...
[    0.8408] Creating Null audio stream, sample rate = 48000, expansion = Disabled, buffer = 50, latency = 32, stretching enabled, driver = wasapi, device = 
[    0.8409] Allocated buffer of 2432 frames for buffer of 50 ms [expansion Disabled (block size 2048), stretch disabled, target size 2432].
[    0.8409] Initializing Pad...
[    0.8409] Initializing SIO2...
[    0.8409] Initializing SIO0...
[    0.8409] Opening DEV9...
[    0.8409] DEV9: DEV9init
[    0.8411] DEV9: DEV9init2
[    0.8411] DEV9: DEV9init3
[    0.8449] DEV9: DEV9init ok
[    0.8449] DEV9: DEV9open
[    0.8450] Opening USB...
[    0.8450] Opening FW...
[    0.8453] Frame rate: 59.94, target speed: 1, target frame rate: 59.94, ticks per frame: 16683350
[    0.8489] VM subsystems initialized in 646.40 ms
[    0.8493] MultiPause time: 202ns
[    0.8521] MultiPause time: 200ns
[    0.8521] MultiPause time: 142ns
[    0.8524] MultiPause time: 142ns
[    0.8592] Failed to inhibit screen saver.
[    0.8593] Processor order assignment: EE=12, VU=23, GS=23
[    0.8593]   EE thread is on processor 12 (0x1000)
[    0.8595]   GS thread is on processor 23 (0x800000)
[    0.8699] Failed to inhibit screen saver.
[    0.8945] # Initialize memory (rev:3.70, ctm:197Mhz, cpuclk:147Mhz detected)
[    0.9029] R3000 Debugger: Branch to 0x890 (SYSMEM). Clearing modules.
[    0.9045] RegisterLibraryEntries: excepman version 1.01
[    0.9054] RegisterLibraryEntries:  intrman version 1.02
[    0.9055] RegisterLibraryEntries:   ssbusc version 1.01
[    0.9059] RegisterLibraryEntries:  dmacman version 1.02
[    0.9063] RegisterLibraryEntries:  timrman version 1.01
[    0.9065] RegisterLibraryEntries:  sysclib version 1.01
[    0.9066] RegisterLibraryEntries:    stdio version 1.01
[    0.9067] RegisterLibraryEntries:  heaplib version 1.01
[    0.9071] FW: read mem 0x1f80847c: 0x10000001
[    0.9072] FW: write mem 0x1f808414: 0x417f0000
[    0.9072] FW: read mem 0x1f808400: 0xffc00001
[    0.9072] FW: write mem 0x1f80844c: 0xffffffff
[    0.9072] FW: write mem 0x1f808420: 0xffffffff
[    0.9072] FW: write mem 0x1f808428: 0xffffffff
[    0.9072] FW: write mem 0x1f808430: 0xffffffff
[    0.9082] RegisterLibraryEntries:   thbase version 1.01
[    0.9082] RegisterLibraryEntries:  thevent version 1.01
[    0.9083] RegisterLibraryEntries:  thsemap version 1.01
[    0.9083] RegisterLibraryEntries:  thmsgbx version 1.01
[    0.9083] RegisterLibraryEntries:  thfpool version 1.01
[    0.9084] RegisterLibraryEntries:  thvpool version 1.01
[    0.9093] RegisterLibraryEntries:   vblank version 1.01
[    0.9099] RegisterLibraryEntries:    ioman version 1.02
[    0.9106] RegisterLibraryEntries:  modload version 1.01
[    0.9109] RegisterLibraryEntries:   romdrv version 2.01
[    0.9112] RegisterLibraryEntries:    stdio version 1.02
[    0.9116] RegisterLibraryEntries:   sifman version 1.01
[    0.9118] 
[    0.9119] PlayStation 2 ======== Hard reset boot
[    0.9121]  ROMGEN=2004-0614, IOP info (CPUID=1f, CACH_CONFIG=0, 2MB, IOP mode)
[    0.9123]  <20040614-100914,ROMconf,PS20200EC20040614.bin:11696>
[    0.9216] # Total accessable memory size: 32 MB (B:2:8:0) (370:2:7c30)
[    0.9226] # TLB spad=0 kernel=1:12 default=13:30 extended=31:38
[    0.9821] # Initialize Start.
[    0.9826] # Initialize GS ...
[    0.9826] # Initialize INTC ...
[    0.9826] # Initialize TIMER ...
[    0.9827] # Initialize DMAC ...
[    0.9828] # Initialize VU1 ...
[    0.9829] # Initialize VIF1 ...
[    0.9830] # Initialize GIF ...
[    0.9830] # Initialize VU0 ...
[    0.9832] # Initialize VIF0 ...
[    0.9833] # Initialize IPU ...
[    0.9834] # Initialize FPU ...
[    0.9834] # Initialize User Memory ...
[    1.0410] # Initialize Scratch Pad ...
[    1.0410] # Initialize Done.
[    1.0419] 
[    1.0419] EE DECI2 Manager version 0.06 Feb  6 2003 08:38:48
[    1.0419]   CPUID=2e20, BoardID=0, ROMGEN=2004-0614, 32M
[    1.0419] 
[    1.0421] RegisterLibraryEntries:   sifcmd version 1.01
[    1.0736] Initializing Elf: 4467132 bytes
[    1.0761] ELF Loading: host:vehicle-playground.elf, Game CRC = 9DB8C1BD, EntryPoint = 0x00100E78
[    1.0792] RegisterLibraryEntries:  cdvdman version 1.01
[    1.0833] Imported 823 symbols.
[    1.0858] RegisterLibraryEntries:  cdvdfsv version 1.01
[    1.0874] RegisterLibraryEntries:  secrman version 1.03
[    1.0876] RegisterLibraryEntries:   eesync version 1.01
[    1.0877] 
[    1.0877] IOP Realtime Kernel Ver.0.9.1
[    1.0878]     Copyright 1999 (C) Sony Computer Entertainment Inc. 
[    1.0885] Reboot service module.(99/11/10)
[    1.0909] cdvd driver module version 0.1.1 (C)SCEI
[    1.0914] Load File service.(99/11/05)
[    1.0915] Multi Threaded Fileio module.(99/11/15) 
[    1.0916] iop heap service (99/11/03)
[    1.1145] loadelf: fname host:vehicle-playground.elf secname all
[    1.1145] loadelf version 3.30
[    1.1169] Input ELF format filename = host:vehicle-playground.elf
[    1.1486] PINE: New client with FD 14 connected.
[    1.1489] PINE: Client disconnected.
[    1.1652] 1 00100000 003f69bc ................................................................
[    1.1652] Loaded, host:vehicle-playground.elf
[    1.1653] start address 0x100e78
[    1.1653] gp address 00000000
[    1.1660] (VMManager) Pausing...
[    1.1661] (VMManager) Resuming...
[    1.1786] Failed to inhibit screen saver.
[    1.1787] EE/iR5900 Recompiler Reset
[    1.1957] # Restart Without Memory Clear.
[    1.2065] # Initialize GS ...
[    1.2065] # Initialize INTC ...
[    1.2065] # Initialize TIMER ...
[    1.2066] # Initialize DMAC ...
[    1.2067] # Initialize VU1 ...
[    1.2068] # Initialize VIF1 ...
[    1.2068] # Initialize GIF ...
[    1.2069] # Initialize VU0 ...
[    1.2071] # Initialize VIF0 ...
[    1.2071] # Initialize IPU ...
[    1.2072] # Initialize FPU ...
[    1.2073] # Initialize Scratch Pad ...
[    1.2073] # Restart Without Memory Clear Done.
[    1.2076] ELF host:vehicle-playground.elf with entry point at 0x00100E78 is executing.
[    1.2076] ELF changed, active CRC 9DB8C1BD (host:vehicle-playground.elf)
[    1.2080] Applying core settings...
[    1.2080] Debugger Settings Manager: Failed to read Saved Addresses array from settings file: '/home/spider/corona-probe-case1-arm1-repeat1-20261005-v1/profile/PCSX2/inis/debuggersettings/vehicle-playground_9DB8C1BD.json'
[    1.2081] Debugger Settings Manager: Failed to read Saved Addresses array from settings file: '/home/spider/corona-probe-case1-arm1-repeat1-20261005-v1/profile/PCSX2/inis/debuggersettings/vehicle-playground_9DB8C1BD.json'
[    1.2086] Updating CPU configuration...
[    1.2086] iR3000A Recompiler reset.
[    1.2313] iR3000A Recompiler reset.
[    1.2376] EE/iR5900 Recompiler Reset
[    1.2497] PINE: New client with FD 14 connected.
[    1.2503] PINE: Client disconnected.
[    1.2530] (VMManager) Pausing...
[    1.2533] EE/iR5900 Recompiler Reset
[    1.2708] EE/iR5900 Recompiler Reset
[    1.2912] iR3000A Recompiler reset.
[    1.2961] EE/iR5900 Recompiler Reset
[    1.3160] iR3000A Recompiler reset.
[    1.3213] EE/iR5900 Recompiler Reset
[    1.3402] iR3000A Recompiler reset.
[    1.3448] EE/iR5900 Recompiler Reset
[    1.3511] PINE: New client with FD 14 connected.
[    1.3514] PINE: Client disconnected.
[    1.3621] iR3000A Recompiler reset.
[    1.3662] EE/iR5900 Recompiler Reset
[    1.4809] PINE: New client with FD 14 connected.
[    1.4812] OSD [SaveStateSlot140]: Saving state to slot 140...
[    1.5071]   Saving SPU2
[    1.5075]   Saving GS
[    1.6146] OSD [SaveStateSlot140]: Saved state to slot 140.
[    1.6146] Zipping save state to '/home/spider/corona-probe-case1-arm1-repeat1-20261005-v1/profile/PCSX2/sstates/vehicle-playground (9DB8C1BD).140.p2s' took 100.51 ms
[    2.7546] PINE: Client disconnected.
[    3.2374] PINE: New client with FD 14 connected.
[    3.2424] (VMManager) Resuming...
[    3.2544] Failed to inhibit screen saver.
[    3.2561] BIOS: Successfully found the instruction pattern. Assuming the thread list is here: 8001a640
[    3.2590] Warning: GetOsdConfigParam2 Reading extended language/version configs, may be incorrect!
[    3.2702] read/write allocate memory 4000
[    3.2703] open name host:/ps2link.run flag 1 data 41378
[    3.2708] open fd = -5
[    3.2736] Get Reboot Request From EE
[    3.2748] R3000 Debugger: Branch to 0x890 (SYSMEM). Clearing modules.
[    3.2767] RegisterLibraryEntries: excepman version 1.01
[    3.2777] RegisterLibraryEntries:  intrman version 1.02
[    3.2778] RegisterLibraryEntries:   ssbusc version 1.01
[    3.2784] RegisterLibraryEntries:  dmacman version 1.02
[    3.2789] RegisterLibraryEntries:  timrman version 1.01
[    3.2794] RegisterLibraryEntries:  sysclib version 1.01
[    3.2795] RegisterLibraryEntries:    stdio version 1.01
[    3.2797] RegisterLibraryEntries:  heaplib version 1.01
[    3.2817] RegisterLibraryEntries:   thbase version 1.01
[    3.2818] RegisterLibraryEntries:  thevent version 1.01
[    3.2818] RegisterLibraryEntries:  thsemap version 1.01
[    3.2818] RegisterLibraryEntries:  thmsgbx version 1.01
[    3.2819] RegisterLibraryEntries:  thfpool version 1.01
[    3.2819] RegisterLibraryEntries:  thvpool version 1.01
[    3.2828] RegisterLibraryEntries:   vblank version 1.01
[    3.2837] RegisterLibraryEntries:    ioman version 1.02
[    3.2848] RegisterLibraryEntries:  modload version 1.01
[    3.2921] RegisterLibraryEntries:   romdrv version 2.01
[    3.2925] RegisterLibraryEntries:    stdio version 1.02
[    3.2929] RegisterLibraryEntries:   sifman version 1.01
[    3.2934] 
[    3.2934] PlayStation 2 ======== Soft reboot
[    3.2941] RegisterLibraryEntries:   sifcmd version 1.01
[    3.2980] RegisterLibraryEntries:  cdvdman version 1.01
[    3.3001] RegisterLibraryEntries:  cdvdfsv version 1.01
[    3.3075] RegisterLibraryEntries:  secrman version 1.03
[    3.3076] RegisterLibraryEntries:   eesync version 1.01
[    3.3078] 
[    3.3078] IOP Realtime Kernel Ver.0.9.1
[    3.3078]     Copyright 1999 (C) Sony Computer Entertainment Inc. 
[    3.3083] Reboot service module.(99/11/10)
[    3.3102] [EE] Skipping timeout loop at 0x002D4D00 -> 0x002D4D20
[    3.3103] cdvd driver module version 0.1.1 (C)SCEI
[    3.3106] Load File service.(99/11/05)
[    3.3106] Multi Threaded Fileio module.(99/11/15) 
[    3.3107] iop heap service (99/11/03)
[    3.3314] RegisterLibraryEntries:   iomanx version 1.01
[    3.3326] fileXio: fileXio: fileXio RPC Server v1.00
[    3.3326] Copyright (c) 2003 adresd
[    3.3328] RegisterLibraryEntries:  sio2man version 2.07
[    3.3329] RegisterLibraryEntries:  sio2man version 1.02
[    3.3336] RegisterLibraryEntries:   padman version 1.02
[    3.3338] Pad Driver for OSD
[    3.3342] FREESD v1.01
[    3.3342] RegisterLibraryEntries:    libsd version 1.04
[    3.3345] debug_level = 1 (ps2snd 0.1
[    3.3428] PINE: Client disconnected.
[    3.3468] greetings from version 0.93 !
[    3.3468] RegisterLibraryEntries:   audsrv version 1.04
[    3.3469] audsrv_adpcm_init()
[    3.3483] UpdateVSyncRate: Mode Changed to SDTV 480p.
[    3.3483] Frame rate: 59.94, target speed: 1, target frame rate: 59.94, ticks per frame: 16683350
[    3.3483] Set GS CRTC configuration. SDTV   720x480 @ 59.94 Progressive (FRAME)
[    5.4187] read/write allocate memory 4000
[    5.4190] 
[    5.4193] -----------------------------------------
[    5.4193]         _____        ____   ___
[    5.4194]           |     /   ____| |___|
[    5.4194]           |     |   |     |   |
[    5.4195] -----------------------------------------
[    5.4195] Copyright 2022
[    5.4196] Repository: https://github.com/h4570/tyra
[    5.4196] Licensed under Apache License 2.0
[    5.4200] Version: 2.2.0
[    5.4201] -----------------------------------------
[    5.4201] 
[    5.5859] audsrv_adpcm_init()
[    5.5869] [EE] Skipping timeout loop at 0x00102CB0 -> 0x00102CD0
[    5.6198] Curent pad(0,0) status: EXECCMD
[    5.8172] Pad: DS2 Config Finished - P1/S1 - AL: Off - AB: Usable - VS: Disabled - VL: Disabled - RB: D (0x00000000)
[    5.8541] Curent pad(0,0) status: EXECCMD
[    5.9169] Pad: DS2 Config Finished - P1/S1 - AL: On - AB: Locked - VS: Disabled - VL: Disabled - RB: D (0x00000000)
[    6.1173] Pad: DS2 Config Finished - P1/S1 - AL: On - AB: Locked - VS: Disabled - VL: Disabled - RB: D (0x00000000)
[    6.1519] Curent pad(0,0) status: EXECCMD
[    6.4178] Pad: DS2 Config Finished - P1/S1 - AL: On - AB: Locked - VS: Disabled - VL: Disabled - RB: D+A+P (0x0003FFFF)
[    6.6176] Pad: DS2 Config Finished - P1/S1 - AL: On - AB: Locked - VS: Disabled - VL: Disabled - RB: D+A+P (0x0003FFFF)
[    6.6557] open name host:/pool2-probe.cfg flag 1 data 41378
[    6.6571] open fd = 256
[    6.6631] open name host:/hud/flare-corona.png flag 1 data 41378
[    6.6651] open fd = 256
[    6.6870] LOG: CORONAPROBE_CONFIG arm=1 case=1 vertices=72 repeats=1 package=72 fog=1 light=1 oracle=0
[    6.6884] FRAMEARENA allocated=1 bytes=1048576
[    6.7004] microVU1: Cached Prog = [000] [PC=18e0] [List=01] (Cache=0.000%) [0.0mb]
[    6.7007] microVU1: 3 cycle stall on branch instruction [26b8]
[    6.7007] microVU1: 3 cycle stall on branch instruction [26b8]
[    6.7007] microVU1: 3 cycle stall on branch instruction [26d0]
[    6.7007] microVU1: 3 cycle stall on branch instruction [26d0]
[    6.7007] microVU1: 3 cycle stall on branch instruction [2708]
[    6.7007] microVU1: 3 cycle stall on branch instruction [2708]
[    6.7007] microVU1: 3 cycle stall on branch instruction [2728]
[    6.7007] microVU1: 3 cycle stall on branch instruction [2728]
[    6.7009] microVU1: 3 cycle stall on branch instruction [26b8]
[    6.7009] microVU1: 3 cycle stall on branch instruction [26b8]
[    6.7009] microVU1: 3 cycle stall on branch instruction [26d0]
[    6.7009] microVU1: 3 cycle stall on branch instruction [26d0]
[    6.7009] microVU1: 3 cycle stall on branch instruction [2708]
[    6.7009] microVU1: 3 cycle stall on branch instruction [2708]
[    6.7009] microVU1: 3 cycle stall on branch instruction [2728]
[    6.7009] microVU1: 3 cycle stall on branch instruction [2728]
[    6.7010] microVU1: 3 cycle stall on branch instruction [26b8]
[    6.7010] microVU1: 3 cycle stall on branch instruction [26b8]
[    6.7010] microVU1: 3 cycle stall on branch instruction [26d0]
[    6.7010] microVU1: 3 cycle stall on branch instruction [26d0]
[    6.7010] microVU1: 3 cycle stall on branch instruction [2708]
[    6.7011] microVU1: 3 cycle stall on branch instruction [2708]
[    6.7011] microVU1: 3 cycle stall on branch instruction [2728]
[    6.7011] microVU1: 3 cycle stall on branch instruction [2728]
[    6.7011] microVU1: 3 cycle stall on branch instruction [26b8]
[    6.7012] microVU1: 3 cycle stall on branch instruction [26b8]
[    6.7012] microVU1: 3 cycle stall on branch instruction [26d0]
[    6.7012] microVU1: 3 cycle stall on branch instruction [26d0]
[    6.7012] microVU1: 3 cycle stall on branch instruction [2708]
[    6.7012] microVU1: 3 cycle stall on branch instruction [2708]
[    6.7012] microVU1: 3 cycle stall on branch instruction [2728]
[    6.7012] microVU1: 3 cycle stall on branch instruction [2728]
[    6.7015] microVU1: 3 cycle stall on branch instruction [26b8]
[    6.7015] microVU1: 3 cycle stall on branch instruction [26b8]
[    6.7015] microVU1: 3 cycle stall on branch instruction [26d0]
[    6.7015] microVU1: 3 cycle stall on branch instruction [26d0]
[    6.7015] microVU1: 3 cycle stall on branch instruction [2708]
[    6.7016] microVU1: 3 cycle stall on branch instruction [2708]
[    6.7016] microVU1: 3 cycle stall on branch instruction [2728]
[    6.7016] microVU1: 3 cycle stall on branch instruction [2728]
[    6.7017] microVU1: 3 cycle stall on branch instruction [26b8]
[    6.7017] microVU1: 3 cycle stall on branch instruction [26b8]
[    6.7017] microVU1: 3 cycle stall on branch instruction [26d0]
[    6.7017] microVU1: 3 cycle stall on branch instruction [26d0]
[    6.7017] microVU1: 3 cycle stall on branch instruction [2708]
[    6.7017] microVU1: 3 cycle stall on branch instruction [2708]
[    6.7017] microVU1: 3 cycle stall on branch instruction [2728]
[    6.7017] microVU1: 3 cycle stall on branch instruction [2728]
[    6.7018] microVU1: 3 cycle stall on branch instruction [26b8]
[    6.7018] microVU1: 3 cycle stall on branch instruction [26b8]
[    6.7018] microVU1: 3 cycle stall on branch instruction [26d0]
[    6.7019] microVU1: 3 cycle stall on branch instruction [26d0]
[    6.7019] microVU1: 3 cycle stall on branch instruction [2708]
[    6.7019] microVU1: 3 cycle stall on branch instruction [2708]
[    6.7019] microVU1: 3 cycle stall on branch instruction [2728]
[    6.7019] microVU1: 3 cycle stall on branch instruction [2728]
[    6.7020] microVU1: 3 cycle stall on branch instruction [26b8]
[    6.7020] microVU1: 3 cycle stall on branch instruction [26b8]
[    6.7020] microVU1: 3 cycle stall on branch instruction [26d0]
[    6.7020] microVU1: 3 cycle stall on branch instruction [26d0]
[    6.7020] microVU1: 3 cycle stall on branch instruction [2708]
[    6.7020] microVU1: 3 cycle stall on branch instruction [2708]
[    6.7020] microVU1: 3 cycle stall on branch instruction [2728]
[    6.7020] microVU1: 3 cycle stall on branch instruction [2728]
[    6.7023] microVU1: 3 cycle stall on branch instruction [26b8]
[    6.7023] microVU1: 3 cycle stall on branch instruction [26b8]
[    6.7023] microVU1: 3 cycle stall on branch instruction [26d0]
[    6.7024] microVU1: 3 cycle stall on branch instruction [26d0]
[    6.7024] microVU1: 3 cycle stall on branch instruction [2708]
[    6.7024] microVU1: 3 cycle stall on branch instruction [2708]
[    6.7024] microVU1: 3 cycle stall on branch instruction [2728]
[    6.7024] microVU1: 3 cycle stall on branch instruction [2728]
[    6.7025] microVU1: 3 cycle stall on branch instruction [26b8]
[    6.7025] microVU1: 3 cycle stall on branch instruction [26b8]
[    6.7025] microVU1: 3 cycle stall on branch instruction [26d0]
[    6.7025] microVU1: 3 cycle stall on branch instruction [26d0]
[    6.7025] microVU1: 3 cycle stall on branch instruction [2708]
[    6.7025] microVU1: 3 cycle stall on branch instruction [2708]
[    6.7025] microVU1: 3 cycle stall on branch instruction [2728]
[    6.7025] microVU1: 3 cycle stall on branch instruction [2728]
[    6.7026] microVU1: 3 cycle stall on branch instruction [26b8]
[    6.7026] microVU1: 3 cycle stall on branch instruction [26b8]
[    6.7026] microVU1: 3 cycle stall on branch instruction [26d0]
[    6.7026] microVU1: 3 cycle stall on branch instruction [26d0]
[    6.7026] microVU1: 3 cycle stall on branch instruction [2708]
[    6.7026] microVU1: 3 cycle stall on branch instruction [2708]
[    6.7026] microVU1: 3 cycle stall on branch instruction [2728]
[    6.7026] microVU1: 3 cycle stall on branch instruction [2728]
[    6.7028] microVU1: 3 cycle stall on branch instruction [26b8]
[    6.7028] microVU1: 3 cycle stall on branch instruction [26b8]
[    6.7028] microVU1: 3 cycle stall on branch instruction [26d0]
[    6.7028] microVU1: 3 cycle stall on branch instruction [26d0]
[    6.7028] microVU1: 3 cycle stall on branch instruction [2708]
[    6.7028] microVU1: 3 cycle stall on branch instruction [2708]
[    6.7028] microVU1: 3 cycle stall on branch instruction [2728]
[    6.7028] microVU1: 3 cycle stall on branch instruction [2728]
[    6.7032] microVU1: 3 cycle stall on branch instruction [26b8]
[    6.7032] microVU1: 3 cycle stall on branch instruction [26b8]
[    6.7032] microVU1: 3 cycle stall on branch instruction [26d0]
[    6.7032] microVU1: 3 cycle stall on branch instruction [26d0]
[    6.7032] microVU1: 3 cycle stall on branch instruction [2708]
[    6.7032] microVU1: 3 cycle stall on branch instruction [2708]
[    6.7032] microVU1: 3 cycle stall on branch instruction [2728]
[    6.7032] microVU1: 3 cycle stall on branch instruction [2728]
[    6.7033] microVU1: 3 cycle stall on branch instruction [26b8]
[    6.7033] microVU1: 3 cycle stall on branch instruction [26b8]
[    6.7033] microVU1: 3 cycle stall on branch instruction [26d0]
[    6.7033] microVU1: 3 cycle stall on branch instruction [26d0]
[    6.7034] microVU1: 3 cycle stall on branch instruction [2708]
[    6.7034] microVU1: 3 cycle stall on branch instruction [2708]
[    6.7034] microVU1: 3 cycle stall on branch instruction [2728]
[    6.7034] microVU1: 3 cycle stall on branch instruction [2728]
[    6.7035] microVU1: 3 cycle stall on branch instruction [26b8]
[    6.7035] microVU1: 3 cycle stall on branch instruction [26b8]
[    6.7035] microVU1: 3 cycle stall on branch instruction [26d0]
[    6.7035] microVU1: 3 cycle stall on branch instruction [26d0]
[    6.7035] microVU1: 3 cycle stall on branch instruction [2708]
[    6.7035] microVU1: 3 cycle stall on branch instruction [2708]
[    6.7035] microVU1: 3 cycle stall on branch instruction [2728]
[    6.7035] microVU1: 3 cycle stall on branch instruction [2728]
[    6.7036] microVU1: 3 cycle stall on branch instruction [26b8]
[    6.7036] microVU1: 3 cycle stall on branch instruction [26b8]
[    6.7036] microVU1: 3 cycle stall on branch instruction [26d0]
[    6.7036] microVU1: 3 cycle stall on branch instruction [26d0]
[    6.7036] microVU1: 3 cycle stall on branch instruction [2708]
[    6.7036] microVU1: 3 cycle stall on branch instruction [2708]
[    6.7036] microVU1: 3 cycle stall on branch instruction [2728]
[    6.7036] microVU1: 3 cycle stall on branch instruction [2728]
[    6.7044] microVU1: 3 cycle stall on branch instruction [1fa8]
[    6.7164] LOG: CORONAPROBE_FRAME frame=1 arm=1 case=1 generation=1 counters=0
[    6.7165] LOG: CORONAPROBE_READY arm=1 case=1 repeats=1 completed=1
[    6.7165] (VMManager) Pausing...
[    6.7682] PINE: New client with FD 14 connected.
[    6.7685] PINE: Client disconnected.
[    6.8880] PINE: New client with FD 14 connected.
[    6.8883] OSD [SaveStateSlot209]: Saving state to slot 209...
[    6.9188]   Saving SPU2
[    6.9198]   Saving GS
[    7.0463] OSD [SaveStateSlot209]: Saved state to slot 209.
[    7.0464] Zipping save state to '/home/spider/corona-probe-case1-arm1-repeat1-20261005-v1/profile/PCSX2/sstates/vehicle-playground (9DB8C1BD).209.p2s' took 120.73 ms
[    8.1793] PINE: Client disconnected.
