[    0.0164] Program Path: /home/spider/tyrax2-debugger-linux-v1/squashfs-root/usr/bin/pcsx2-qt
[    0.0164] AppRoot Directory: /home/spider/tyrax2-debugger-linux-v1/squashfs-root/usr/bin
[    0.0165] Resources Directory: /home/spider/tyrax2-debugger-linux-v1/squashfs-root/usr/bin/resources
[    0.0165] DataRoot Directory: /home/spider/night-ablation-emulator-player-receivers-kind11-order0-20261005/profile/PCSX2
[    0.0165] Loading config from /home/spider/night-ablation-emulator-player-receivers-kind11-order0-20261005/profile/PCSX2/inis/PCSX2.ini.
[    0.0167] Loading secrets from /home/spider/night-ablation-emulator-player-receivers-kind11-order0-20261005/profile/PCSX2/inis/secrets.ini.
[    0.0171] BIOS Directory: /mnt/c/Users/pawel/OneDrive/Documents/PCSX2/bios
[    0.0171] Snapshots Directory: /home/spider/night-ablation-emulator-player-receivers-kind11-order0-20261005/profile/PCSX2/snaps
[    0.0171] Savestates Directory: /home/spider/night-ablation-emulator-player-receivers-kind11-order0-20261005/profile/PCSX2/sstates
[    0.0171] MemoryCards Directory: /home/spider/night-ablation-emulator-player-receivers-kind11-order0-20261005/profile/PCSX2/memcards
[    0.0171] Logs Directory: /home/spider/night-ablation-emulator-player-receivers-kind11-order0-20261005/profile/PCSX2/logs
[    0.0171] Cheats Directory: /home/spider/night-ablation-emulator-player-receivers-kind11-order0-20261005/profile/PCSX2/cheats
[    0.0171] Patches Directory: /home/spider/night-ablation-emulator-player-receivers-kind11-order0-20261005/profile/PCSX2/patches
[    0.0171] Covers Directory: /home/spider/night-ablation-emulator-player-receivers-kind11-order0-20261005/profile/PCSX2/covers
[    0.0171] Game Settings Directory: /home/spider/night-ablation-emulator-player-receivers-kind11-order0-20261005/profile/PCSX2/gamesettings
[    0.0171] Resources Directory: /home/spider/tyrax2-debugger-linux-v1/squashfs-root/usr/bin/resources
[    0.0171] User Resources Directory: /home/spider/night-ablation-emulator-player-receivers-kind11-order0-20261005/profile/PCSX2/resources
[    0.0171] Cache Directory: /home/spider/night-ablation-emulator-player-receivers-kind11-order0-20261005/profile/PCSX2/cache
[    0.0171] Textures Directory: /home/spider/night-ablation-emulator-player-receivers-kind11-order0-20261005/profile/PCSX2/textures
[    0.0171] Input Profile Directory: /home/spider/night-ablation-emulator-player-receivers-kind11-order0-20261005/profile/PCSX2/inputprofiles
[    0.0171] Video Dumping Directory: /home/spider/night-ablation-emulator-player-receivers-kind11-order0-20261005/profile/PCSX2/videos
[    0.0171] Debugger Layouts Directory: /home/spider/night-ablation-emulator-player-receivers-kind11-order0-20261005/profile/PCSX2/inis/debuggerlayouts
[    0.0171] Debugger Settings Directory: /home/spider/night-ablation-emulator-player-receivers-kind11-order0-20261005/profile/PCSX2/inis/debuggersettings
[    0.0337] Loaded translation file for language en-US
[    0.0408] PCSX2 v2.9.93
[    0.0409] Savestate version: 0x9a590000
[    0.0409] 
[    0.0409] 
[    0.0409] Host Machine Init:
[    0.0410]   Operating System = Ubuntu 22.04
[    0.0410]   Available RAM    = 49080 MB (47.93 GB)
[    0.0410]   Physical RAM     = 50191 MB (49.02 GB)
[    0.0410] 
[    0.0410]   Processor        = AMD Ryzen Threadripper 1920X
[    0.0410]   Core Count       = 24 cores
[    0.0410]   Thread Count     = 24 threads
[    0.0410]   Cluster Count    = 1 clusters
[    0.0410] CPU Extensions Detected:
[    0.0410]   AVX AVX2
[    0.0410] 
[    0.0410] Allocating host memory for virtual systems...
[    0.0418]   EE Main Memory                   @ 0x00007F7987200000 -> 0x00007F7990100000 [143mb]
[    0.0418]   IOP Main Memory                  @ 0x00007F7990100000 -> 0x00007F7998200000 [129mb]
[    0.0418]   VU0/1 On-Chip Memory             @ 0x00007F7998200000 -> 0x00007F7998300000 [1mb]
[    0.0418]   VTLB Virtual Map                 @ 0x00007F7998300000 -> 0x00007F7998B00000 [8mb]
[    0.0418]   VTLB Address Map                 @ 0x00007F7998B00000 -> 0x00007F7998F00000 [4mb]
[    0.0418]   R5900 Recompiler Cache           @ 0x00007F7998F00000 -> 0x00007F799CF00000 [64mb]
[    0.0418]   R3000A Recompiler Cache          @ 0x00007F799CF00000 -> 0x00007F799EF00000 [32mb]
[    0.0418]   Micro VU0 Recompiler Cache       @ 0x00007F799FF00000 -> 0x00007F79A3F00000 [64mb]
[    0.0418]   Micro VU1 Recompiler Cache       @ 0x00007F79A3F00000 -> 0x00007F79A7F00000 [64mb]
[    0.0418]   VIF0 Unpack Recompiler Cache     @ 0x00007F799EF00000 -> 0x00007F799F700000 [8mb]
[    0.0418]   VIF1 Unpack Recompiler Cache     @ 0x00007F799F700000 -> 0x00007F799FF00000 [8mb]
[    0.0418]   VIF Unpack Recompiler Cache      @ 0x00007F79A7F00000 -> 0x00007F79A8000000 [1mb]
[    0.0418]   GS Software Renderer             @ 0x00007F79A8000000 -> 0x00007F79AC000000 [64mb]
[    0.0425] Fastmem area: 0x7f7887200000 - 0x7f79871fffff
[    0.0428] Generating SSE-optimized unpacking functions for VIF interpreters...
[    0.0431] Unpack function generation complete.  Generated function statistics:
[    0.0431]   Reserved buffer    : 1048576 bytes @ 0x00007F79A7F00000
[    0.0431]   x86 code generated : 7422 bytes
[    0.0431] 
[    0.0448] SDLInputSource: Using Controller DB from resources.
[    0.0658] SDLInputSource: 765 gamepad mappings are loaded.
[    0.0659] Invalid binding: 'XInput-0/DPadUp'
[    0.0659] Invalid binding: 'XInput-0/DPadRight'
[    0.0659] Invalid binding: 'XInput-0/DPadDown'
[    0.0659] Invalid binding: 'XInput-0/DPadLeft'
[    0.0659] Invalid binding: 'XInput-0/Y'
[    0.0659] Invalid binding: 'XInput-0/B'
[    0.0659] Invalid binding: 'XInput-0/A'
[    0.0659] Invalid binding: 'XInput-0/X'
[    0.0659] Invalid binding: 'XInput-0/Back'
[    0.0659] Invalid binding: 'XInput-0/Start'
[    0.0660] Invalid binding: 'XInput-0/LeftShoulder'
[    0.0660] Invalid binding: 'XInput-0/+LeftTrigger'
[    0.0660] Invalid binding: 'XInput-0/RightShoulder'
[    0.0660] Invalid binding: 'XInput-0/+RightTrigger'
[    0.0660] Invalid binding: 'XInput-0/LeftStick'
[    0.0660] Invalid binding: 'XInput-0/RightStick'
[    0.0660] Invalid binding: 'XInput-0/Guide'
[    0.0660] Invalid binding: 'XInput-0/-LeftY'
[    0.0660] Invalid binding: 'XInput-0/+LeftX'
[    0.0660] Invalid binding: 'XInput-0/+LeftY'
[    0.0660] Invalid binding: 'XInput-0/-LeftX'
[    0.0660] Invalid binding: 'XInput-0/-RightY'
[    0.0660] Invalid binding: 'XInput-0/+RightX'
[    0.0660] Invalid binding: 'XInput-0/+RightY'
[    0.0660] Invalid binding: 'XInput-0/-RightX'
[    0.0665] Settings: Advanced Settings are enabled; only proceed if you know what you're doing! No support will be provided if you have the option enabled.
[    0.1129] Scanning F:\PS2\Games (recursively)
[    0.1162] Loading BIOS...
[    0.1280] BIOS Found: Europe  v02.00(14/06/2004)  Console 20040614-100914
[    0.1819] Mechacon version: 0x00020603
[    0.1833] Opening CDVD...
[    0.2155] Initializing Elf: 4489308 bytes
[    0.2166] Disc changed to .
[    0.2166]   Name: vehicle-playground [?]
[    0.2166]   Serial: vehicle-playground
[    0.2166]   Version: 
[    0.2166]   CRC: 6C4DDCA6
[    0.2167] No game settings found (tried '/home/spider/night-ablation-emulator-player-receivers-kind11-order0-20261005/profile/PCSX2/gamesettings/6C4DDCA6.ini')
[    0.2167] Applying settings...
[    0.2170] Invalid binding: 'XInput-0/DPadUp'
[    0.2170] Invalid binding: 'XInput-0/DPadRight'
[    0.2170] Invalid binding: 'XInput-0/DPadDown'
[    0.2171] Invalid binding: 'XInput-0/DPadLeft'
[    0.2171] Invalid binding: 'XInput-0/Y'
[    0.2171] Invalid binding: 'XInput-0/B'
[    0.2171] Invalid binding: 'XInput-0/A'
[    0.2171] Invalid binding: 'XInput-0/X'
[    0.2171] Invalid binding: 'XInput-0/Back'
[    0.2171] Invalid binding: 'XInput-0/Start'
[    0.2171] Invalid binding: 'XInput-0/LeftShoulder'
[    0.2171] Invalid binding: 'XInput-0/+LeftTrigger'
[    0.2171] Invalid binding: 'XInput-0/RightShoulder'
[    0.2171] Invalid binding: 'XInput-0/+RightTrigger'
[    0.2171] Invalid binding: 'XInput-0/LeftStick'
[    0.2171] Invalid binding: 'XInput-0/RightStick'
[    0.2171] Invalid binding: 'XInput-0/Guide'
[    0.2171] Invalid binding: 'XInput-0/-LeftY'
[    0.2171] Invalid binding: 'XInput-0/+LeftX'
[    0.2171] Invalid binding: 'XInput-0/+LeftY'
[    0.2171] Invalid binding: 'XInput-0/-LeftX'
[    0.2171] Invalid binding: 'XInput-0/-RightY'
[    0.2171] Invalid binding: 'XInput-0/+RightX'
[    0.2171] Invalid binding: 'XInput-0/+RightY'
[    0.2172] Invalid binding: 'XInput-0/-RightX'
[    0.2173] GameDB: Has not been initialized yet, initializing...
[    0.2714] GameDB: 12841 games on record (loaded in 54.08ms)
[    0.2742] Reopening memory cards...
[    0.2742] (FileMcd) Creating new 8MB memory card: /home/spider/night-ablation-emulator-player-receivers-kind11-order0-20261005/profile/PCSX2/memcards/Mcd001.ps2
[    0.2841] McdSlot 0 [File]: Mcd001.ps2 [8 MB, UNFORMATTED]
[    0.2842] McdSlot 1 [File]: [disabled/empty filename]
[    0.2900] HLE Host: Set 'host:' root path to: /mnt/f/Projects/tyrax2-lab-20261001/player-light-receivers-physical-v2/game/bin
[    0.2901] EE/iR5900 Recompiler Reset
[    0.3299] iR3000A Recompiler reset.
[    0.3398] mVU Reset
[    0.3411] mVU Reset
[    0.3459] Resetting host memory for virtual systems...
[    0.5987] Time Zone Offset: GMT+01:00
[    0.5988] Time Zone Location: Berlin
[    0.5988] DST: Winter Time
[    0.5988] Time Format: 24-Hour
[    0.5988] Date Format: DD/MM/YYYY
[    0.5988] System Time Basis: Operating System Time
[    0.5988] Resulting System Time: 2026-10-05 17:15:24
[    0.5988] Close virtual disk tray
[    0.5988] Media already loaded (fast boot)
[    0.5989] Opening GS...
[    0.6401] VK: Enabling extension: VK_KHR_get_surface_capabilities2
[    0.6520] Using Vulkan GPU 'llvmpipe (LLVM 15.0.7, 256 bits)' for automatic renderer check.
[    0.6520] Not using Vulkan for software renderer.
[    0.6522] acquireRenderWindow() recreate=true fullscreen=false render_to_main=false surfaceless=false
[    0.6564] (GetRefreshRateFromXRandR) Modeline is invalid: 0/0/0
[    0.6565] Surface refresh rate: 60 Hz
[    0.6566] Loading EGL from libEGL.so...
[    0.6577] GLAD EGL Version: 1.0
[    0.6577] Using EGL platform EGL_EXT_platform_x11.
[    0.6662] eglInitialize() version: 1.5
[    0.6663] GLAD EGL Version: 1.5
[    0.6663] Trying GL version 4.6
[    0.6664] eglCreateContext() failed: 0x3009
[    0.6664] Trying GL version 4.5
[    0.6772] Got GL version 4.5
[    0.6772] EGL_MIN_SWAP_INTERVAL = 1
[    0.6772] EGL_MAX_SWAP_INTERVAL = 1
[    0.6772] Negative swap interval/tear-control is NOT supported
[    0.6801] GL_VENDOR: Mesa
[    0.6801] GL_VERSION: 4.5 (Core Profile) Mesa 23.2.1-1ubuntu3.1~22.04.4
[    0.6801] GL_RENDERER: llvmpipe (LLVM 15.0.7, 256 bits)
[    0.6801] GL_SHADING_LANGUAGE_VERSION: 4.50
[    0.6802] GL_MAX_VERTEX_SHADER_STORAGE_BLOCKS: 16
[    0.6802] GL: Viewport Array:            Supported       => Using: GL_ARB_viewport_array
[    0.6802] GL: Direct State Access:       Supported       => Using: OpenGL 4.5 Core
[    0.6802] GL: Copy Image:                Supported       => Using: OpenGL 4.3 Core
[    0.6802] GL: Clip Control:              Supported       => Using: OpenGL 4.5 Core
[    0.6802] GL: Conservative Depth:        Supported       => Using: OpenGL 4.2 Core
[    0.6802] GL: CAS Sharpening:            Supported       => Using: OpenGL 4.2 Core
[    0.6802] GL: Texture Barriers:          Auto            => Using: Framebuffer Fetch
[    0.6802] GL: RGBA16 HW Blending:        Supported       => Using: RGBA16 UNORM
[    0.6802] GL: Point Expansion:           Supported       => Using: Hardware
[    0.6802] GL: Line Expansion:            Fallback        => Using: Vertex Expansion
[    0.6802] GL: Sprite Expansion:          Supported       => Using: Vertex Expansion
[    0.6802] GL: DXTn Texture Compression:  Supported       => Using: GL_EXT_texture_compression_s3tc
[    0.6802] GL: BC6/7 Texture Compression: Supported       => Using: OpenGL 4.2 Core
[    0.6826] 1 program binary formats supported by driver
[    0.7194] Program binary retrieved, 4105 bytes, format 34655
[    0.7198] Program binary retrieved, 4121 bytes, format 34655
[    0.7203] Program binary retrieved, 4249 bytes, format 34655
[    0.7207] Program binary retrieved, 4013 bytes, format 34655
[    0.7211] Program binary retrieved, 4013 bytes, format 34655
[    0.7214] Program binary retrieved, 4017 bytes, format 34655
[    0.7218] Program binary retrieved, 4017 bytes, format 34655
[    0.7222] Program binary retrieved, 4185 bytes, format 34655
[    0.7226] Program binary retrieved, 4217 bytes, format 34655
[    0.7230] Program binary retrieved, 4137 bytes, format 34655
[    0.7234] Program binary retrieved, 4125 bytes, format 34655
[    0.7238] Program binary retrieved, 4121 bytes, format 34655
[    0.7244] Program binary retrieved, 4253 bytes, format 34655
[    0.7251] Program binary retrieved, 4237 bytes, format 34655
[    0.7255] Program binary retrieved, 4245 bytes, format 34655
[    0.7258] Program binary retrieved, 4261 bytes, format 34655
[    0.7263] Program binary retrieved, 4965 bytes, format 34655
[    0.7268] Program binary retrieved, 4981 bytes, format 34655
[    0.7272] Program binary retrieved, 4261 bytes, format 34655
[    0.7275] Program binary retrieved, 4277 bytes, format 34655
[    0.7281] Program binary retrieved, 5005 bytes, format 34655
[    0.7286] Program binary retrieved, 5021 bytes, format 34655
[    0.7289] Program binary retrieved, 4257 bytes, format 34655
[    0.7293] Program binary retrieved, 4273 bytes, format 34655
[    0.7298] Program binary retrieved, 5001 bytes, format 34655
[    0.7303] Program binary retrieved, 5017 bytes, format 34655
[    0.7308] Program binary retrieved, 4277 bytes, format 34655
[    0.7313] Program binary retrieved, 4293 bytes, format 34655
[    0.7319] Program binary retrieved, 5057 bytes, format 34655
[    0.7324] Program binary retrieved, 5073 bytes, format 34655
[    0.7328] Program binary retrieved, 4153 bytes, format 34655
[    0.7331] Program binary retrieved, 4169 bytes, format 34655
[    0.7335] Program binary retrieved, 4233 bytes, format 34655
[    0.7340] Program binary retrieved, 5781 bytes, format 34655
[    0.7345] Program binary retrieved, 5373 bytes, format 34655
[    0.7351] Program binary retrieved, 6389 bytes, format 34655
[    0.7355] Program binary retrieved, 4917 bytes, format 34655
[    0.7359] Program binary retrieved, 4845 bytes, format 34655
[    0.7364] Program binary retrieved, 4997 bytes, format 34655
[    0.7367] Program binary retrieved, 4101 bytes, format 34655
[    0.7400] Program binary retrieved, 4137 bytes, format 34655
[    0.7435] Program binary retrieved, 4109 bytes, format 34655
[    0.7439] Program binary retrieved, 5389 bytes, format 34655
[    0.7443] Program binary retrieved, 5829 bytes, format 34655
[    0.7448] Program binary retrieved, 5857 bytes, format 34655
[    0.7452] Program binary retrieved, 4289 bytes, format 34655
[    0.7476] Program binary retrieved, 21205 bytes, format 34655
[    0.7480] Program binary retrieved, 4765 bytes, format 34655
[    0.7485] Program binary retrieved, 5685 bytes, format 34655
[    0.7489] Program binary retrieved, 4141 bytes, format 34655
[    0.7493] Program binary retrieved, 4537 bytes, format 34655
[    0.7496] Program binary retrieved, 4889 bytes, format 34655
[    0.7500] Program binary retrieved, 4117 bytes, format 34655
[    0.7504] Program binary retrieved, 4741 bytes, format 34655
[    0.7508] Program binary retrieved, 4965 bytes, format 34655
[    0.7514] Program binary retrieved, 6613 bytes, format 34655
[    0.7517] Program binary retrieved, 4797 bytes, format 34655
[    0.7532] Program binary retrieved, 13085 bytes, format 34655
[    0.7596] Program binary retrieved, 7285 bytes, format 34655
[    0.7653] Program binary retrieved, 5497 bytes, format 34655
[    0.7656] Program binary retrieved, 4141 bytes, format 34655
[    0.7659] Program binary retrieved, 4141 bytes, format 34655
[    0.7663] Program binary retrieved, 4145 bytes, format 34655
[    0.7667] Program binary retrieved, 4145 bytes, format 34655
[    0.8130] Program binary retrieved, 5369 bytes, format 34655
[    0.8145] OpenGL Graphics Driver Info:
[    0.8145] OpenGL Context:
[    0.8146] 4.5 (Core Profile) Mesa 23.2.1-1ubuntu3.1~22.04.4
[    0.8146] Mesa llvmpipe (LLVM 15.0.7, 256 bits)
[    0.8146] GLSL: 4.50
[    0.8178] Processor count: 24 cores, 24 processors, 1 clusters
[    0.8178] Ordered processor list: 12, 23, 22, 21, 20, 19, 18, 17, 16, 15, 14, 13, 0, 11, 10, 9, 8, 7, 6, 5, 4, 3, 2, 1
[    0.8178] Not pinning SW threads, we need 4 processors, but only have 0
[    0.8182] Opening SPU2...
[    0.8185] Creating Null audio stream, sample rate = 48000, expansion = Disabled, buffer = 50, latency = 32, stretching enabled, driver = wasapi, device = 
[    0.8185] Allocated buffer of 2432 frames for buffer of 50 ms [expansion Disabled (block size 2048), stretch disabled, target size 2432].
[    0.8185] Initializing Pad...
[    0.8185] Initializing SIO2...
[    0.8185] Initializing SIO0...
[    0.8185] Opening DEV9...
[    0.8185] DEV9: DEV9init
[    0.8193] DEV9: DEV9init2
[    0.8193] DEV9: DEV9init3
[    0.8227] DEV9: DEV9init ok
[    0.8227] DEV9: DEV9open
[    0.8227] Opening USB...
[    0.8227] Opening FW...
[    0.8230] Frame rate: 59.94, target speed: 1, target frame rate: 59.94, ticks per frame: 16683350
[    0.8264] VM subsystems initialized in 710.40 ms
[    0.8280] MultiPause time: 201ns
[    0.8292] MultiPause time: 142ns
[    0.8292] MultiPause time: 168ns
[    0.8293] MultiPause time: 142ns
[    0.8364] Failed to inhibit screen saver.
[    0.8365] Processor order assignment: EE=12, VU=23, GS=22
[    0.8365]   EE thread is on processor 12 (0x1000)
[    0.8365]   VU thread is on processor 23 (0x800000)
[    0.8365]   GS thread is on processor 22 (0x400000)
[    0.8466] Failed to inhibit screen saver.
[    0.8702] # Initialize memory (rev:3.70, ctm:197Mhz, cpuclk:147Mhz detected)
[    0.8787] R3000 Debugger: Branch to 0x890 (SYSMEM). Clearing modules.
[    0.8803] RegisterLibraryEntries: excepman version 1.01
[    0.8812] RegisterLibraryEntries:  intrman version 1.02
[    0.8813] RegisterLibraryEntries:   ssbusc version 1.01
[    0.8816] RegisterLibraryEntries:  dmacman version 1.02
[    0.8820] RegisterLibraryEntries:  timrman version 1.01
[    0.8822] RegisterLibraryEntries:  sysclib version 1.01
[    0.8823] RegisterLibraryEntries:    stdio version 1.01
[    0.8824] RegisterLibraryEntries:  heaplib version 1.01
[    0.8828] FW: read mem 0x1f80847c: 0x10000001
[    0.8829] FW: write mem 0x1f808414: 0x417f0000
[    0.8829] FW: read mem 0x1f808400: 0xffc00001
[    0.8829] FW: write mem 0x1f80844c: 0xffffffff
[    0.8829] FW: write mem 0x1f808420: 0xffffffff
[    0.8829] FW: write mem 0x1f808428: 0xffffffff
[    0.8829] FW: write mem 0x1f808430: 0xffffffff
[    0.8839] RegisterLibraryEntries:   thbase version 1.01
[    0.8839] RegisterLibraryEntries:  thevent version 1.01
[    0.8840] RegisterLibraryEntries:  thsemap version 1.01
[    0.8840] RegisterLibraryEntries:  thmsgbx version 1.01
[    0.8840] RegisterLibraryEntries:  thfpool version 1.01
[    0.8841] RegisterLibraryEntries:  thvpool version 1.01
[    0.8848] RegisterLibraryEntries:   vblank version 1.01
[    0.8853] RegisterLibraryEntries:    ioman version 1.02
[    0.8860] RegisterLibraryEntries:  modload version 1.01
[    0.8864] RegisterLibraryEntries:   romdrv version 2.01
[    0.8866] RegisterLibraryEntries:    stdio version 1.02
[    0.8869] RegisterLibraryEntries:   sifman version 1.01
[    0.8872] 
[    0.8872] PlayStation 2 ======== Hard reset boot
[    0.8874]  ROMGEN=2004-0614, IOP info (CPUID=1f, CACH_CONFIG=0, 2MB, IOP mode)
[    0.8876]  <20040614-100914,ROMconf,PS20200EC20040614.bin:11696>
[    0.8962] # Total accessable memory size: 32 MB (B:2:8:0) (370:2:7c30)
[    0.8972] # TLB spad=0 kernel=1:12 default=13:30 extended=31:38
[    0.9606] # Initialize Start.
[    0.9613] # Initialize GS ...
[    0.9613] # Initialize INTC ...
[    0.9613] # Initialize TIMER ...
[    0.9613] # Initialize DMAC ...
[    0.9615] # Initialize VU1 ...
[    0.9617] # Initialize VIF1 ...
[    0.9618] # Initialize GIF ...
[    0.9619] # Initialize VU0 ...
[    0.9620] # Initialize VIF0 ...
[    0.9620] # Initialize IPU ...
[    0.9622] # Initialize FPU ...
[    0.9622] # Initialize User Memory ...
[    1.0173] # Initialize Scratch Pad ...
[    1.0174] # Initialize Done.
[    1.0183] 
[    1.0183] EE DECI2 Manager version 0.06 Feb  6 2003 08:38:48
[    1.0183]   CPUID=2e20, BoardID=0, ROMGEN=2004-0614, 32M
[    1.0183] 
[    1.0187] RegisterLibraryEntries:   sifcmd version 1.01
[    1.0514] Initializing Elf: 4489308 bytes
[    1.0536] ELF Loading: host:vehicle-playground.elf, Game CRC = 6C4DDCA6, EntryPoint = 0x00100E78
[    1.0564] RegisterLibraryEntries:  cdvdman version 1.01
[    1.0632] RegisterLibraryEntries:  cdvdfsv version 1.01
[    1.0646] RegisterLibraryEntries:  secrman version 1.03
[    1.0648] RegisterLibraryEntries:   eesync version 1.01
[    1.0650] 
[    1.0650] IOP Realtime Kernel Ver.0.9.1
[    1.0650]     Copyright 1999 (C) Sony Computer Entertainment Inc. 
[    1.0656] Reboot service module.(99/11/10)
[    1.0676] cdvd driver module version 0.1.1 (C)SCEI
[    1.0681] Load File service.(99/11/05)
[    1.0681] Multi Threaded Fileio module.(99/11/15) 
[    1.0682] iop heap service (99/11/03)
[    1.0906] loadelf: fname host:vehicle-playground.elf secname all
[    1.0907] loadelf version 3.30
[    1.0929] Input ELF format filename = host:vehicle-playground.elf
[    1.1379] 1 00100000 003fbfbc ................................................................
[    1.1379] Loaded, host:vehicle-playground.elf
[    1.1380] start address 0x100e78
[    1.1380] gp address 00000000
[    1.1389] # Restart Without Memory Clear.
[    1.1453] # Initialize GS ...
[    1.1453] # Initialize INTC ...
[    1.1453] # Initialize TIMER ...
[    1.1453] # Initialize DMAC ...
[    1.1453] # Initialize VU1 ...
[    1.1457] # Initialize VIF1 ...
[    1.1457] # Initialize GIF ...
[    1.1457] # Initialize VU0 ...
[    1.1457] # Initialize VIF0 ...
[    1.1458] # Initialize IPU ...
[    1.1458] # Initialize FPU ...
[    1.1458] # Initialize Scratch Pad ...
[    1.1458] # Restart Without Memory Clear Done.
[    1.1459] ELF host:vehicle-playground.elf with entry point at 0x00100E78 is executing.
[    1.1459] ELF changed, active CRC 6C4DDCA6 (host:vehicle-playground.elf)
[    1.1462] Applying core settings...
[    1.1466] Updating CPU configuration...
[    1.1466] iR3000A Recompiler reset.
[    1.1505] mVU Reset
[    1.1505] mVU Reset
[    1.1666] iR3000A Recompiler reset.
[    1.1694] mVU Reset
[    1.1695] mVU Reset
[    1.1729] EE/iR5900 Recompiler Reset
[    1.1899] BIOS: Successfully found the instruction pattern. Assuming the thread list is here: 8001a640
[    1.1921] Warning: GetOsdConfigParam2 Reading extended language/version configs, may be incorrect!
[    1.2021] read/write allocate memory 4000
[    1.2022] open name host:/ps2link.run flag 1 data 41378
[    1.2028] open fd = -5
[    1.2056] Get Reboot Request From EE
[    1.2069] R3000 Debugger: Branch to 0x890 (SYSMEM). Clearing modules.
[    1.2086] RegisterLibraryEntries: excepman version 1.01
[    1.2097] RegisterLibraryEntries:  intrman version 1.02
[    1.2098] RegisterLibraryEntries:   ssbusc version 1.01
[    1.2104] RegisterLibraryEntries:  dmacman version 1.02
[    1.2109] RegisterLibraryEntries:  timrman version 1.01
[    1.2113] RegisterLibraryEntries:  sysclib version 1.01
[    1.2114] RegisterLibraryEntries:    stdio version 1.01
[    1.2116] RegisterLibraryEntries:  heaplib version 1.01
[    1.2137] RegisterLibraryEntries:   thbase version 1.01
[    1.2138] RegisterLibraryEntries:  thevent version 1.01
[    1.2138] RegisterLibraryEntries:  thsemap version 1.01
[    1.2138] RegisterLibraryEntries:  thmsgbx version 1.01
[    1.2138] RegisterLibraryEntries:  thfpool version 1.01
[    1.2139] RegisterLibraryEntries:  thvpool version 1.01
[    1.2148] RegisterLibraryEntries:   vblank version 1.01
[    1.2153] RegisterLibraryEntries:    ioman version 1.02
[    1.2164] RegisterLibraryEntries:  modload version 1.01
[    1.2221] RegisterLibraryEntries:   romdrv version 2.01
[    1.2225] RegisterLibraryEntries:    stdio version 1.02
[    1.2230] RegisterLibraryEntries:   sifman version 1.01
[    1.2235] 
[    1.2236] PlayStation 2 ======== Soft reboot
[    1.2243] RegisterLibraryEntries:   sifcmd version 1.01
[    1.2278] RegisterLibraryEntries:  cdvdman version 1.01
[    1.2294] RegisterLibraryEntries:  cdvdfsv version 1.01
[    1.2362] RegisterLibraryEntries:  secrman version 1.03
[    1.2363] RegisterLibraryEntries:   eesync version 1.01
[    1.2365] 
[    1.2365] IOP Realtime Kernel Ver.0.9.1
[    1.2365]     Copyright 1999 (C) Sony Computer Entertainment Inc. 
[    1.2369] Reboot service module.(99/11/10)
[    1.2389] [EE] Skipping timeout loop at 0x002D9650 -> 0x002D9670
[    1.2389] cdvd driver module version 0.1.1 (C)SCEI
[    1.2393] Load File service.(99/11/05)
[    1.2394] Multi Threaded Fileio module.(99/11/15) 
[    1.2394] iop heap service (99/11/03)
[    1.2581] RegisterLibraryEntries:   iomanx version 1.01
[    1.2596] fileXio: fileXio: fileXio RPC Server v1.00
[    1.2596] Copyright (c) 2003 adresd
[    1.2599] RegisterLibraryEntries:  sio2man version 2.07
[    1.2599] RegisterLibraryEntries:  sio2man version 1.02
[    1.2606] RegisterLibraryEntries:   padman version 1.02
[    1.2608] Pad Driver for OSD
[    1.2611] FREESD v1.01
[    1.2612] RegisterLibraryEntries:    libsd version 1.04
[    1.2616] debug_level = 1 (ps2snd 0.1
[    1.2739] greetings from version 0.93 !
[    1.2739] RegisterLibraryEntries:   audsrv version 1.04
[    1.2740] audsrv_adpcm_init()
[    1.2752] UpdateVSyncRate: Mode Changed to SDTV 480p.
[    1.2752] Frame rate: 59.94, target speed: 1, target frame rate: 59.94, ticks per frame: 16683350
[    1.2752] Set GS CRTC configuration. SDTV   720x480 @ 59.94 Progressive (FRAME)
[    3.3472] read/write allocate memory 4000
[    3.3474] 
[    3.3478] -----------------------------------------
[    3.3479]         _____        ____   ___
[    3.3479]           |     /   ____| |___|
[    3.3480]           |     |   |     |   |
[    3.3480] -----------------------------------------
[    3.3481] Copyright 2022
[    3.3481] Repository: https://github.com/h4570/tyra
[    3.3482] Licensed under Apache License 2.0
[    3.3486] Version: 2.2.0
[    3.3486] -----------------------------------------
[    3.3487] 
[    3.5133] audsrv_adpcm_init()
[    3.5143] [EE] Skipping timeout loop at 0x00102CB0 -> 0x00102CD0
[    3.5468] Curent pad(0,0) status: EXECCMD
[    3.7440] Pad: DS2 Config Finished - P1/S1 - AL: Off - AB: Usable - VS: Disabled - VL: Disabled - RB: D (0x00000000)
[    3.7791] Curent pad(0,0) status: EXECCMD
[    3.8442] Pad: DS2 Config Finished - P1/S1 - AL: On - AB: Locked - VS: Disabled - VL: Disabled - RB: D (0x00000000)
[    4.0445] Pad: DS2 Config Finished - P1/S1 - AL: On - AB: Locked - VS: Disabled - VL: Disabled - RB: D (0x00000000)
[    4.0782] Curent pad(0,0) status: EXECCMD
[    4.3456] Pad: DS2 Config Finished - P1/S1 - AL: On - AB: Locked - VS: Disabled - VL: Disabled - RB: D+A+P (0x0003FFFF)
[    4.5449] Pad: DS2 Config Finished - P1/S1 - AL: On - AB: Locked - VS: Disabled - VL: Disabled - RB: D+A+P (0x0003FFFF)
[    4.5816] open name host:/night-ablation.cfg flag 1 data 41378
[    4.5831] open fd = 256
[    4.5872] open name host:/night-ablation.log flag 602 data 41378
[    4.5889] open fd = 256
[    4.5955] loadmodule: fname rom0:XMCMAN args 0 arg 
[    4.6054] RegisterLibraryEntries:    mcman version 2.03
[    4.6062] loadmodule: id 32, ret 0
[    4.6064] loadmodule: fname rom0:XMCSERV args 0 arg 
[    4.6067] RegisterLibraryEntries:   mcserv version 1.01
[    4.6069] loadmodule: id 33, ret 0
[    4.6070] [EE] Skipping timeout loop at 0x00104820 -> 0x00104840
[    4.9819] (FileMcd) Warning: checksum sector overwritten. (0)
[    4.9819] OSD [MemoryCardSave0]: Memory Card 'Mcd001.ps2' was saved to storage.
[    5.4482] (FileMcd) Warning: checksum sector overwritten. (0)
[    5.5526] open name host:/save/icon.sys flag 1 data 41378
[    5.5545] open fd = 257
[    5.6345] open name host:/save/list.icn flag 1 data 41378
[    5.6362] open fd = 257
[    5.8033] open name host:/menus/save.png flag 1 data 41378
[    5.8052] open fd = 257
[    5.8503] open name host:/hud/save-cursor.png flag 1 data 41378
[    5.8522] open fd = 257
[    5.8546] open name host:/hud/save-used.png flag 1 data 41378
[    5.8568] open fd = 257
[    5.8599] open name host:/hud/save-saved.png flag 1 data 41378
[    5.8618] open fd = 257
[    5.8720] open name host:/hud/save-loaded.png flag 1 data 41378
[    5.8736] open fd = 257
[    5.8767] open name host:/hud/save-error.png flag 1 data 41378
[    5.8783] open fd = 257
[    5.8811] open name host:/hud/save-busy.png flag 1 data 41378
[    5.8830] open fd = 257
[    5.9150] open name host:/hud/save-spinner.png flag 1 data 41378
[    5.9173] open fd = 257
[    5.9229] open name host:/menus/save.png flag 1 data 41378
[    5.9246] open fd = 257
[    5.9660] open name host:/menus/district-pause.png flag 1 data 41378
[    5.9678] open fd = 257
[    5.9986] open name host:/menus/district-pause-values.png flag 1 data 41378
[    6.0009] open fd = 257
[    6.0051] open name host:/hud/save-cursor.png flag 1 data 41378
[    6.0067] open fd = 257
[    6.0158] open name host:/hud/save-cursor.png flag 1 data 41378
[    6.0179] open fd = 257
[    6.0203] open name host:/hud/save-cursor.png flag 1 data 41378
[    6.0222] open fd = 257
[    6.0243] open name host:/hud/menu-dim.png flag 1 data 41378
[    6.0262] open fd = 257
[    6.0287] open name host:/hud/flare-corona.png flag 1 data 41378
[    6.0306] open fd = 257
[    6.0441] open name host:/hud/flashlight-gobo.png flag 1 data 41378
[    6.0461] open fd = 257
[    6.0596] open name host:/hud/flare-glow.png flag 1 data 41378
[    6.0616] open fd = 257
[    6.0652] open name host:/hud/sun-disc.png flag 1 data 41378
[    6.0669] open fd = 257
[    6.0769] open name host:/hud/moon-disc.png flag 1 data 41378
[    6.0785] open fd = 257
[    6.1077] open name host:/quiet-night.cfg flag 1 data 41378
[    6.1089] open fd = 257
[    6.1114] LOG: NIGHTPLAN schema=1 kind=11 order=0 joint=0 restored=0 phases=3
[    6.1115] LOG: NIGHTCONFIG order=0 valid=1 profile=0 hardwareTrace=0 ringBytes=0 ordinaryClocks=1 fixedDt=0 sampleBytes=6144 chunkBytes=420 phases=3 phaseFrames=1800 taxFirst=800 taxLoops=320 chunkFrames=64 sampleFirst=900 sampleCount=128 video=1 display=1 depth=2 width=448 height=448 refreshMilliHz=60000 requested=1 night=1
[    6.1116] LOG: NIGHTQUALITY rasterWidth=448 rasterHeight=448 scaleX=1 scaleY=1
[    6.1118] open name host:/hud/use-text.png flag 1 data 41378
[    6.1133] open fd = 257
[    6.1167] open name host:/hud/pick-text.png flag 1 data 41378
[    6.1184] open fd = 257
[    6.1214] open name host:/sfx/engine_idle.adpcm flag 1 data 41378
[    6.1232] open fd = 257
[    6.1395] open name host:/sfx/engine_high.adpcm flag 1 data 41378
[    6.1417] open fd = 257
[    6.1597] open name host:/sfx/tires_screech.adpcm flag 1 data 41378
[    6.1617] open fd = 257
[    6.1665] open name host:/sfx/gear-shift.adpcm flag 1 data 41378
[    6.1682] open fd = 257
[    6.1711] LOG: NIGHTRECEIVERPHASE phase=0 mode=0
[    6.1713] LOG: NIGHTCORONAPHASE phase=0 first=0 selected=0 enabled=0
[    6.1718] LOG: NIGHTPHASE phase=0 first=0 mask=0 appliedMask=0 sampler=1 countReads=262 samplePtr=0052d7a0
[    6.1720] LOG: NIGHTEXTRAPHASE phase=0 first=0 extraMask=0 appliedExtraMask=0
[    6.1721] LOG: NIGHTWILDPHASE phase=0 first=0 variant=0 enabled=0 appliedVariant=0 appliedEnabled=0
[    6.1722] LOG: NIGHTTABLEPHASE phase=0 first=0 selected=1 enabled=1 appliedSelected=1 appliedEnabled=1
[    6.1732] open name host:/launch.scene flag 1 data 41378
[    6.1738] open fd = -5
[    6.1741] open name host:/hud/loading.png flag 1 data 41378
[    6.1757] open fd = 257
[    6.1885] FRAMEARENA allocated=1 bytes=1048576
[    6.2532] open name host:/vehicles/veh-ravager000001-shadow.png flag 1 data 41378
[    6.2554] open fd = 257
[    6.2563] open name host:/vehicles/veh-ravager000001-shadow.png flag 1 data 41378
[    6.2580] open fd = 257
[    6.2845] open name host:/vehicles/veh-pica00000001-shadow.png flag 1 data 41378
[    6.2865] open fd = 257
[    6.2873] open name host:/vehicles/veh-pica00000001-shadow.png flag 1 data 41378
[    6.2889] open fd = 257
[    6.2944] open name host:/vehicles/veh-strix0000001-shadow.png flag 1 data 41378
[    6.2961] open fd = 257
[    6.2968] open name host:/vehicles/veh-strix0000001-shadow.png flag 1 data 41378
[    6.3058] open fd = 257
[    6.3116] open name host:/shadowatlas/scene0-0.png flag 1 data 41378
[    6.3134] open fd = 257
[    6.3142] open name host:/shadowatlas/scene0-0.png flag 1 data 41378
[    6.3160] open fd = 257
[    6.3304] open name host:/shadowatlas/scene0-1.png flag 1 data 41378
[    6.3326] open fd = 257
[    6.3334] open name host:/shadowatlas/scene0-1.png flag 1 data 41378
[    6.3350] open fd = 257
[    6.3501] open name host:/textures/district-ground.png flag 1 data 41378
[    6.3523] open fd = 257
[    6.3530] open name host:/textures/district-ground.png flag 1 data 41378
[    6.3546] open fd = 257
[    6.3761] open name host:/materials/district-asphalt.mtl flag 1 data 41378
[    6.3780] open fd = 257
[    6.3852] open name host:/textures/district-asphalt.png flag 1 data 41378
[    6.3869] open fd = 257
[    6.3878] open name host:/textures/district-asphalt.png flag 1 data 41378
[    6.3893] open fd = 257
[    6.4054] open name host:/materials/district-sign.mtl flag 1 data 41378
[    6.4073] open fd = 257
[    6.4096] open name host:/textures/district-sign.png flag 1 data 41378
[    6.4115] open fd = 257
[    6.4122] open name host:/textures/district-sign.png flag 1 data 41378
[    6.4139] open fd = 257
[    6.4178] open name host:/materials/night-warm.mtl flag 1 data 41378
[    6.4197] open fd = 257
[    6.4227] open name host:/materials/night-cyan.mtl flag 1 data 41378
[    6.4250] open fd = 257
[    6.4272] open name host:/materials/night-pink.mtl flag 1 data 41378
[    6.4289] open fd = 257
[    6.4315] open name host:/models/urban/district-workshop.tmdl flag 1 data 41378
[    6.4337] open fd = 257
[    6.4378] open name host:/models/urban/Textures/district-facades.png flag 1 data 41378
[    6.4413] open fd = 257
[    6.4425] open name host:/models/urban/Textures/district-facades.png flag 1 data 41378
[    6.4451] open fd = 257
[    6.4710] open name host:/models/urban/district-tower.tmdl flag 1 data 41378
[    6.4736] open fd = 257
[    6.4767] open name host:/models/urban/district-loft.tmdl flag 1 data 41378
[    6.4791] open fd = 257
[    6.4820] open name host:/models/urban/detail-light-double.tmdl flag 1 data 41378
[    6.4845] open fd = 257
[    6.4942] open name host:/models/urban/Textures/metal.png flag 1 data 41378
[    6.4973] open fd = 257
[    6.4983] open name host:/models/urban/Textures/metal.png flag 1 data 41378
[    6.5013] open fd = 257
[    6.5132] open name host:/models/urban/detail-light-traffic.tmdl flag 1 data 41378
[    6.5160] open fd = 257
[    6.5276] open name host:/models/urban/Textures/roof.png flag 1 data 41378
[    6.5308] open fd = 257
[    6.5321] open name host:/models/urban/Textures/roof.png flag 1 data 41378
[    6.5349] open fd = 257
[    6.5380] open name host:/models/urban/tree-park-large.tmdl flag 1 data 41378
[    6.5401] open fd = 257
[    6.5490] open name host:/models/urban/Textures/treeA.png flag 1 data 41378
[    6.5523] open fd = 257
[    6.5535] open name host:/models/urban/Textures/treeA.png flag 1 data 41378
[    6.5563] open fd = 257
[    6.5688] open name host:/models/urban/Textures/tiles.png flag 1 data 41378
[    6.5721] open fd = 257
[    6.5732] open name host:/models/urban/Textures/tiles.png flag 1 data 41378
[    6.5761] open fd = 257
[    6.5794] open name host:/models/urban/Textures/dirt.png flag 1 data 41378
[    6.5827] open fd = 257
[    6.5838] open name host:/models/urban/Textures/dirt.png flag 1 data 41378
[    6.5864] open fd = 257
[    6.5898] open name host:/models/urban/tree-park-pine-large.tmdl flag 1 data 41378
[    6.5924] open fd = 257
[    6.6009] open name host:/models/urban/Textures/treeB.png flag 1 data 41378
[    6.6040] open fd = 257
[    6.6052] open name host:/models/urban/Textures/treeB.png flag 1 data 41378
[    6.6081] open fd = 257
[    6.6114] open name host:/models/urban/detail-barrier-type-a.tmdl flag 1 data 41378
[    6.6136] open fd = 257
[    6.6278] open name host:/models/urban/Textures/signs.png flag 1 data 41378
[    6.6308] open fd = 257
[    6.6324] open name host:/models/urban/Textures/signs.png flag 1 data 41378
[    6.6350] open fd = 257
[    6.6384] open name host:/models/urban/detail-dumpster-closed.tmdl flag 1 data 41378
[    6.6408] open fd = 257
[    6.6453] open name host:/models/urban/Textures/metal_wall.png flag 1 data 41378
[    6.6484] open fd = 257
[    6.6494] open name host:/models/urban/Textures/metal_wall.png flag 1 data 41378
[    6.6524] open fd = 257
[    6.6570] open name host:/models/urban/Textures/wall.png flag 1 data 41378
[    6.6604] open fd = 257
[    6.6616] open name host:/models/urban/Textures/wall.png flag 1 data 41378
[    6.6647] open fd = 257
[    6.6683] open name host:/models/urban/detail-bench.tmdl flag 1 data 41378
[    6.6711] open fd = 257
[    6.6892] open name host:/models/urban/Textures/planks.png flag 1 data 41378
[    6.6924] open fd = 257
[    6.6936] open name host:/models/urban/Textures/planks.png flag 1 data 41378
[    6.6965] open fd = 257
[    6.7006] open name host:/models/urban/pallet.tmdl flag 1 data 41378
[    6.7032] open fd = 257
[    6.7126] open name host:/vehicles/veh-ravager000001-body.tmdl flag 1 data 41378
[    6.7147] open fd = 257
[    6.8457] open name host:/vehicles/veh-ravager000001-palette.png flag 1 data 41378
[    6.8474] open fd = 257
[    6.8551] open name host:/vehicles/veh-ravager000001-palette.png flag 1 data 41378
[    6.8568] open fd = 257
[    6.8705] open name host:/vehicles/veh-ravager000001-palette-image-0.png flag 1 data 41378
[    6.8728] open fd = 257
[    6.8736] open name host:/vehicles/veh-ravager000001-palette-image-0.png flag 1 data 41378
[    6.8753] open fd = 257
[    6.8966] open name host:/vehicles/veh-pica00000001-body.tmdl flag 1 data 41378
[    6.8984] open fd = 257
[    7.0164] open name host:/vehicles/veh-pica00000001-palette.png flag 1 data 41378
[    7.0185] open fd = 257
[    7.0196] open name host:/vehicles/veh-pica00000001-palette.png flag 1 data 41378
[    7.0214] open fd = 257
[    7.0236] open name host:/vehicles/veh-pica00000001-palette-image-0.png flag 1 data 41378
[    7.0251] open fd = 257
[    7.0258] open name host:/vehicles/veh-pica00000001-palette-image-0.png flag 1 data 41378
[    7.0278] open fd = 257
[    7.0529] open name host:/vehicles/veh-strix0000001-body.tmdl flag 1 data 41378
[    7.0549] open fd = 257
[    7.1832] open name host:/vehicles/veh-strix0000001-palette.png flag 1 data 41378
[    7.1851] open fd = 257
[    7.1858] open name host:/vehicles/veh-strix0000001-palette.png flag 1 data 41378
[    7.1878] open fd = 257
[    7.1906] open name host:/vehicles/veh-strix0000001-palette-image-0.png flag 1 data 41378
[    7.1926] open fd = 257
[    7.1936] open name host:/vehicles/veh-strix0000001-palette-image-0.png flag 1 data 41378
[    7.1953] open fd = 257
[    7.2226] open name host:/sky/scene0.png flag 1 data 41378
[    7.2245] open fd = 257
[    7.2252] open name host:/sky/scene0.png flag 1 data 41378
[    7.2268] open fd = 257
[    7.5026] open name host:/vehicles/fx-skid.png flag 1 data 41378
[    7.5045] open fd = 257
[    7.5054] open name host:/vehicles/fx-skid.png flag 1 data 41378
[    7.5070] open fd = 257
[    7.5222] open name host:/vehicles/fx-smoke.png flag 1 data 41378
[    7.5242] open fd = 257
[    7.5249] open name host:/vehicles/fx-smoke.png flag 1 data 41378
[    7.5266] open fd = 257
[    7.5307] open name host:/vehicles/veh-ravager000001-wheel.tmdl flag 1 data 41378
[    7.5325] open fd = 257
[    7.5396] open name host:/vehicles/veh-ravager000001-wheelfast.tmdl flag 1 data 41378
[    7.5416] open fd = 257
[    7.5490] open name host:/fonts/atlas-default.png flag 1 data 41378
[    7.5506] open fd = 257
[    7.5644] open name host:/hud/icons.png flag 1 data 41378
[    7.5661] open fd = 257
[    7.5800] open name host:/hud/loading-white.png flag 1 data 41378
[    7.5820] open fd = 257
[    7.5844] open name host:/vehicles/veh-pica00000001-wheel.tmdl flag 1 data 41378
[    7.5863] open fd = 257
[    7.5945] open name host:/vehicles/veh-pica00000001-wheelfast.tmdl flag 1 data 41378
[    7.5962] open fd = 257
[    7.6037] open name host:/vehicles/veh-strix0000001-wheel.tmdl flag 1 data 41378
[    7.6054] open fd = 257
[    7.6208] open name host:/vehicles/veh-strix0000001-wheelfast.tmdl flag 1 data 41378
[    7.6228] open fd = 257
[    7.6352] open name host:/textures/district-road.png flag 1 data 41378
[    7.6370] open fd = 257
[    7.6378] open name host:/textures/district-road.png flag 1 data 41378
[    7.6393] open fd = 257
[    7.7521] open name host:/textures/district-asphalt.png flag 1 data 41378
[    7.7539] open fd = 257
[    7.7546] open name host:/textures/district-asphalt.png flag 1 data 41378
[    7.7566] open fd = 257
[    7.7696] open name host:/textures/district-plaza.png flag 1 data 41378
[    7.7719] open fd = 257
[    7.7728] open name host:/textures/district-plaza.png flag 1 data 41378
[    7.7746] open fd = 257
[    7.8106] open name host:/gshadow/s0_2_1.png flag 1 data 41378
[    7.8126] open fd = 257
[    7.8133] open name host:/gshadow/s0_2_1.png flag 1 data 41378
[    7.8149] open fd = 257
[    7.8283] open name host:/gshadow/s0_1_1.png flag 1 data 41378
[    7.8302] open fd = 257
[    7.8312] open name host:/gshadow/s0_1_1.png flag 1 data 41378
[    7.8336] open fd = 257
[    7.8375] open name host:/gshadow/s0_3_1.png flag 1 data 41378
[    7.8394] open fd = 257
[    7.8403] open name host:/gshadow/s0_3_1.png flag 1 data 41378
[    7.8421] open fd = 257
[    7.8525] open name host:/gshadow/s0_2_2.png flag 1 data 41378
[    7.8542] open fd = 257
[    7.8552] open name host:/gshadow/s0_2_2.png flag 1 data 41378
[    7.8567] open fd = 257
[    7.8600] open name host:/gshadow/s0_1_2.png flag 1 data 41378
[    7.8619] open fd = 257
[    7.8628] open name host:/gshadow/s0_1_2.png flag 1 data 41378
[    7.8647] open fd = 257
[    7.8681] open name host:/gshadow/s0_3_2.png flag 1 data 41378
[    7.8696] open fd = 257
[    7.8703] open name host:/gshadow/s0_3_2.png flag 1 data 41378
[    7.8725] open fd = 257
[    7.8940] open name host:/gshadow/s0_0_1.png flag 1 data 41378
[    7.8958] open fd = 257
[    7.8965] open name host:/gshadow/s0_0_1.png flag 1 data 41378
[    7.8979] open fd = 257
[    7.9014] open name host:/gshadow/s0_4_1.png flag 1 data 41378
[    7.9034] open fd = 257
[    7.9041] open name host:/gshadow/s0_4_1.png flag 1 data 41378
[    7.9059] open fd = 257
[    7.9093] open name host:/gshadow/s0_4_0.png flag 1 data 41378
[    7.9113] open fd = 257
[    7.9118] open name host:/gshadow/s0_4_0.png flag 1 data 41378
[    7.9137] open fd = 257
[    7.9254] open name host:/gshadow/s0_2_3.png flag 1 data 41378
[    7.9274] open fd = 257
[    7.9282] open name host:/gshadow/s0_2_3.png flag 1 data 41378
[    7.9300] open fd = 257
[    7.9333] open name host:/gshadow/s0_0_2.png flag 1 data 41378
[    7.9354] open fd = 257
[    7.9362] open name host:/gshadow/s0_0_2.png flag 1 data 41378
[    7.9379] open fd = 257
[    7.9498] open name host:/gshadow/s0_4_2.png flag 1 data 41378
[    7.9521] open fd = 257
[    7.9530] open name host:/gshadow/s0_4_2.png flag 1 data 41378
[    7.9550] open fd = 257
[    7.9586] open name host:/gshadow/s0_1_3.png flag 1 data 41378
[    7.9603] open fd = 257
[    7.9612] open name host:/gshadow/s0_1_3.png flag 1 data 41378
[    7.9627] open fd = 257
[    7.9744] open name host:/gshadow/s0_3_3.png flag 1 data 41378
[    7.9763] open fd = 257
[    7.9771] open name host:/gshadow/s0_3_3.png flag 1 data 41378
[    7.9789] open fd = 257
[    7.9822] open name host:/gshadow/s0_0_3.png flag 1 data 41378
[    7.9840] open fd = 257
[    7.9852] open name host:/gshadow/s0_0_3.png flag 1 data 41378
[    7.9870] open fd = 257
[    7.9906] open name host:/gshadow/s0_4_3.png flag 1 data 41378
[    7.9928] open fd = 257
[    7.9937] open name host:/gshadow/s0_4_3.png flag 1 data 41378
[    7.9952] open fd = 257
[    8.7676] microVU1: Cached Prog = [000] [PC=2590] [List=01] (Cache=0.000%) [0.0mb]
[    8.7678] microVU1: 3 cycle stall on branch instruction [3368]
[    8.7678] microVU1: 3 cycle stall on branch instruction [3368]
[    8.7679] microVU1: 3 cycle stall on branch instruction [3380]
[    8.7679] microVU1: 3 cycle stall on branch instruction [3380]
[    8.7679] microVU1: 3 cycle stall on branch instruction [33b8]
[    8.7679] microVU1: 3 cycle stall on branch instruction [33b8]
[    8.7679] microVU1: 3 cycle stall on branch instruction [33d8]
[    8.7679] microVU1: 3 cycle stall on branch instruction [33d8]
[    8.7680] microVU1: 3 cycle stall on branch instruction [3368]
[    8.7680] microVU1: 3 cycle stall on branch instruction [3368]
[    8.7680] microVU1: 3 cycle stall on branch instruction [3380]
[    8.7680] microVU1: 3 cycle stall on branch instruction [3380]
[    8.7680] microVU1: 3 cycle stall on branch instruction [33b8]
[    8.7680] microVU1: 3 cycle stall on branch instruction [33b8]
[    8.7681] microVU1: 3 cycle stall on branch instruction [33d8]
[    8.7681] microVU1: 3 cycle stall on branch instruction [33d8]
[    8.7682] microVU1: 3 cycle stall on branch instruction [3368]
[    8.7682] microVU1: 3 cycle stall on branch instruction [3368]
[    8.7682] microVU1: 3 cycle stall on branch instruction [3380]
[    8.7682] microVU1: 3 cycle stall on branch instruction [3380]
[    8.7682] microVU1: 3 cycle stall on branch instruction [33b8]
[    8.7683] microVU1: 3 cycle stall on branch instruction [33b8]
[    8.7683] microVU1: 3 cycle stall on branch instruction [33d8]
[    8.7683] microVU1: 3 cycle stall on branch instruction [33d8]
[    8.7684] microVU1: 3 cycle stall on branch instruction [3368]
[    8.7684] microVU1: 3 cycle stall on branch instruction [3368]
[    8.7684] microVU1: 3 cycle stall on branch instruction [3380]
[    8.7684] microVU1: 3 cycle stall on branch instruction [3380]
[    8.7684] microVU1: 3 cycle stall on branch instruction [33b8]
[    8.7684] microVU1: 3 cycle stall on branch instruction [33b8]
[    8.7684] microVU1: 3 cycle stall on branch instruction [33d8]
[    8.7684] microVU1: 3 cycle stall on branch instruction [33d8]
[    8.7688] microVU1: 3 cycle stall on branch instruction [3368]
[    8.7688] microVU1: 3 cycle stall on branch instruction [3368]
[    8.7688] microVU1: 3 cycle stall on branch instruction [3380]
[    8.7688] microVU1: 3 cycle stall on branch instruction [3380]
[    8.7688] microVU1: 3 cycle stall on branch instruction [33b8]
[    8.7688] microVU1: 3 cycle stall on branch instruction [33b8]
[    8.7688] microVU1: 3 cycle stall on branch instruction [33d8]
[    8.7688] microVU1: 3 cycle stall on branch instruction [33d8]
[    8.7690] microVU1: 3 cycle stall on branch instruction [3368]
[    8.7690] microVU1: 3 cycle stall on branch instruction [3368]
[    8.7690] microVU1: 3 cycle stall on branch instruction [3380]
[    8.7690] microVU1: 3 cycle stall on branch instruction [3380]
[    8.7690] microVU1: 3 cycle stall on branch instruction [33b8]
[    8.7690] microVU1: 3 cycle stall on branch instruction [33b8]
[    8.7690] microVU1: 3 cycle stall on branch instruction [33d8]
[    8.7690] microVU1: 3 cycle stall on branch instruction [33d8]
[    8.7692] microVU1: 3 cycle stall on branch instruction [3368]
[    8.7692] microVU1: 3 cycle stall on branch instruction [3368]
[    8.7692] microVU1: 3 cycle stall on branch instruction [3380]
[    8.7692] microVU1: 3 cycle stall on branch instruction [3380]
[    8.7692] microVU1: 3 cycle stall on branch instruction [33b8]
[    8.7692] microVU1: 3 cycle stall on branch instruction [33b8]
[    8.7692] microVU1: 3 cycle stall on branch instruction [33d8]
[    8.7692] microVU1: 3 cycle stall on branch instruction [33d8]
[    8.7693] microVU1: 3 cycle stall on branch instruction [3368]
[    8.7693] microVU1: 3 cycle stall on branch instruction [3368]
[    8.7693] microVU1: 3 cycle stall on branch instruction [3380]
[    8.7693] microVU1: 3 cycle stall on branch instruction [3380]
[    8.7694] microVU1: 3 cycle stall on branch instruction [33b8]
[    8.7694] microVU1: 3 cycle stall on branch instruction [33b8]
[    8.7694] microVU1: 3 cycle stall on branch instruction [33d8]
[    8.7694] microVU1: 3 cycle stall on branch instruction [33d8]
[    8.7698] microVU1: 3 cycle stall on branch instruction [3368]
[    8.7698] microVU1: 3 cycle stall on branch instruction [3368]
[    8.7699] microVU1: 3 cycle stall on branch instruction [3380]
[    8.7699] microVU1: 3 cycle stall on branch instruction [3380]
[    8.7699] microVU1: 3 cycle stall on branch instruction [33b8]
[    8.7699] microVU1: 3 cycle stall on branch instruction [33b8]
[    8.7699] microVU1: 3 cycle stall on branch instruction [33d8]
[    8.7699] microVU1: 3 cycle stall on branch instruction [33d8]
[    8.7700] microVU1: 3 cycle stall on branch instruction [3368]
[    8.7700] microVU1: 3 cycle stall on branch instruction [3368]
[    8.7700] microVU1: 3 cycle stall on branch instruction [3380]
[    8.7701] microVU1: 3 cycle stall on branch instruction [3380]
[    8.7701] microVU1: 3 cycle stall on branch instruction [33b8]
[    8.7701] microVU1: 3 cycle stall on branch instruction [33b8]
[    8.7701] microVU1: 3 cycle stall on branch instruction [33d8]
[    8.7701] microVU1: 3 cycle stall on branch instruction [33d8]
[    8.7702] microVU1: 3 cycle stall on branch instruction [3368]
[    8.7702] microVU1: 3 cycle stall on branch instruction [3368]
[    8.7702] microVU1: 3 cycle stall on branch instruction [3380]
[    8.7702] microVU1: 3 cycle stall on branch instruction [3380]
[    8.7703] microVU1: 3 cycle stall on branch instruction [33b8]
[    8.7703] microVU1: 3 cycle stall on branch instruction [33b8]
[    8.7703] microVU1: 3 cycle stall on branch instruction [33d8]
[    8.7703] microVU1: 3 cycle stall on branch instruction [33d8]
[    8.7704] microVU1: 3 cycle stall on branch instruction [3368]
[    8.7704] microVU1: 3 cycle stall on branch instruction [3368]
[    8.7704] microVU1: 3 cycle stall on branch instruction [3380]
[    8.7704] microVU1: 3 cycle stall on branch instruction [3380]
[    8.7704] microVU1: 3 cycle stall on branch instruction [33b8]
[    8.7704] microVU1: 3 cycle stall on branch instruction [33b8]
[    8.7704] microVU1: 3 cycle stall on branch instruction [33d8]
[    8.7704] microVU1: 3 cycle stall on branch instruction [33d8]
[    8.7709] microVU1: 3 cycle stall on branch instruction [3368]
[    8.7709] microVU1: 3 cycle stall on branch instruction [3368]
[    8.7709] microVU1: 3 cycle stall on branch instruction [3380]
[    8.7709] microVU1: 3 cycle stall on branch instruction [3380]
[    8.7709] microVU1: 3 cycle stall on branch instruction [33b8]
[    8.7709] microVU1: 3 cycle stall on branch instruction [33b8]
[    8.7709] microVU1: 3 cycle stall on branch instruction [33d8]
[    8.7709] microVU1: 3 cycle stall on branch instruction [33d8]
[    8.7710] microVU1: 3 cycle stall on branch instruction [3368]
[    8.7710] microVU1: 3 cycle stall on branch instruction [3368]
[    8.7710] microVU1: 3 cycle stall on branch instruction [3380]
[    8.7710] microVU1: 3 cycle stall on branch instruction [3380]
[    8.7711] microVU1: 3 cycle stall on branch instruction [33b8]
[    8.7711] microVU1: 3 cycle stall on branch instruction [33b8]
[    8.7711] microVU1: 3 cycle stall on branch instruction [33d8]
[    8.7711] microVU1: 3 cycle stall on branch instruction [33d8]
[    8.7712] microVU1: 3 cycle stall on branch instruction [3368]
[    8.7712] microVU1: 3 cycle stall on branch instruction [3368]
[    8.7712] microVU1: 3 cycle stall on branch instruction [3380]
[    8.7712] microVU1: 3 cycle stall on branch instruction [3380]
[    8.7712] microVU1: 3 cycle stall on branch instruction [33b8]
[    8.7712] microVU1: 3 cycle stall on branch instruction [33b8]
[    8.7712] microVU1: 3 cycle stall on branch instruction [33d8]
[    8.7712] microVU1: 3 cycle stall on branch instruction [33d8]
[    8.7713] microVU1: 3 cycle stall on branch instruction [3368]
[    8.7713] microVU1: 3 cycle stall on branch instruction [3368]
[    8.7713] microVU1: 3 cycle stall on branch instruction [3380]
[    8.7713] microVU1: 3 cycle stall on branch instruction [3380]
[    8.7713] microVU1: 3 cycle stall on branch instruction [33b8]
[    8.7713] microVU1: 3 cycle stall on branch instruction [33b8]
[    8.7714] microVU1: 3 cycle stall on branch instruction [33d8]
[    8.7714] microVU1: 3 cycle stall on branch instruction [33d8]
[    8.7720] microVU1: 3 cycle stall on branch instruction [2c58]
[    8.7734] microVU1: Cached Prog = [001] [PC=1a30] [List=01] (Cache=0.677%) [0.4mb]
[    8.7735] microVU1: 1 cycle stall on branch instruction [1ae8]
[    8.7735] microVU1: 3 cycle stall on branch instruction [1ba0]
[    8.7739] microVU1: 3 cycle stall on branch instruction [2520]
[    8.7739] microVU1: 3 cycle stall on branch instruction [1ba0]
[    8.7742] microVU1: 3 cycle stall on branch instruction [2520]
[    8.7742] microVU1: 3 cycle stall on branch instruction [1ba0]
[    8.7743] microVU1: 3 cycle stall on branch instruction [2520]
[    8.7744] microVU1: 3 cycle stall on branch instruction [1ba0]
[    8.7748] microVU1: 3 cycle stall on branch instruction [2520]
[    8.7748] microVU1: 3 cycle stall on branch instruction [1ba0]
[    8.7751] microVU1: 3 cycle stall on branch instruction [2520]
[    8.7751] microVU1: 3 cycle stall on branch instruction [1ba0]
[    8.7752] microVU1: 3 cycle stall on branch instruction [2520]
[    8.7752] microVU1: 3 cycle stall on branch instruction [1ba0]
[    8.7754] microVU1: 3 cycle stall on branch instruction [2520]
[    8.7754] microVU1: 3 cycle stall on branch instruction [1ba0]
[    8.7754] microVU1: 3 cycle stall on branch instruction [1fc0]
[    8.7756] microVU1: 3 cycle stall on branch instruction [2520]
[    8.7756] microVU1: 3 cycle stall on branch instruction [1ba0]
[    8.7757] microVU1: 3 cycle stall on branch instruction [2520]
[    8.7757] microVU1: 3 cycle stall on branch instruction [1ba0]
[    8.7761] microVU1: 3 cycle stall on branch instruction [2520]
[    8.7761] microVU1: 3 cycle stall on branch instruction [1ba0]
[    8.7762] microVU1: 3 cycle stall on branch instruction [2520]
[    8.7762] microVU1: 3 cycle stall on branch instruction [1ba0]
[    8.7768] microVU1: 3 cycle stall on branch instruction [2520]
[    8.7769] microVU1: 3 cycle stall on branch instruction [1ba0]
[    8.7771] microVU1: 3 cycle stall on branch instruction [2520]
[    8.7771] microVU1: 3 cycle stall on branch instruction [1ba0]
[    8.7775] microVU1: 3 cycle stall on branch instruction [2520]
[    8.7776] microVU1: 3 cycle stall on branch instruction [1ba0]
[    8.7782] microVU1: 3 cycle stall on branch instruction [1fc0]
[    8.7783] microVU1: 3 cycle stall on branch instruction [2520]
[    8.7783] microVU1: 3 cycle stall on branch instruction [1ba0]
[    8.7784] microVU1: 3 cycle stall on branch instruction [1fc0]
[    8.7785] microVU1: 3 cycle stall on branch instruction [1fc0]
[    8.7786] microVU1: 3 cycle stall on branch instruction [2520]
[    8.7786] microVU1: 3 cycle stall on branch instruction [1ba0]
[    8.7787] microVU1: 3 cycle stall on branch instruction [1fc0]
[    8.7788] microVU1: 3 cycle stall on branch instruction [1fc0]
[    8.7790] microVU1: 3 cycle stall on branch instruction [1fc0]
[    8.7791] microVU1: 3 cycle stall on branch instruction [1fc0]
[    8.7793] microVU1: 3 cycle stall on branch instruction [1fc0]
[    8.7794] microVU1: 3 cycle stall on branch instruction [1fc0]
[    8.7795] microVU1: 3 cycle stall on branch instruction [1fc0]
[    8.7797] microVU1: 3 cycle stall on branch instruction [1fc0]
[    8.7798] microVU1: 3 cycle stall on branch instruction [1fc0]
[    8.7799] microVU1: 3 cycle stall on branch instruction [1fc0]
[    8.7800] microVU1: 3 cycle stall on branch instruction [1fc0]
[    8.7801] microVU1: 3 cycle stall on branch instruction [1fc0]
[    8.7802] microVU1: 3 cycle stall on branch instruction [1ba0]
[    8.7803] microVU1: Cached Prog = [002] [PC=2578] [List=01] (Cache=1.397%) [0.9mb]
[    8.7803] microVU1: 1 cycle stall on branch instruction [1ae8]
[    8.7803] microVU1: 3 cycle stall on branch instruction [1ba0]
[    8.7810] microVU1: 3 cycle stall on branch instruction [2520]
[    8.7811] microVU1: 3 cycle stall on branch instruction [1ba0]
[    8.7816] microVU1: 3 cycle stall on branch instruction [2520]
[    8.7816] microVU1: 3 cycle stall on branch instruction [1ba0]
[    8.7817] microVU1: 3 cycle stall on branch instruction [2520]
[    8.7817] microVU1: 3 cycle stall on branch instruction [1ba0]
[    8.7822] microVU1: 3 cycle stall on branch instruction [2520]
[    8.7822] microVU1: 3 cycle stall on branch instruction [1ba0]
[    8.7825] microVU1: 3 cycle stall on branch instruction [2520]
[    8.7825] microVU1: 3 cycle stall on branch instruction [1ba0]
[    8.7826] microVU1: 3 cycle stall on branch instruction [2520]
[    8.7826] microVU1: 3 cycle stall on branch instruction [1ba0]
[    8.7828] microVU1: 3 cycle stall on branch instruction [2520]
[    8.7828] microVU1: 3 cycle stall on branch instruction [1ba0]
[    8.7828] microVU1: 3 cycle stall on branch instruction [1fc0]
[    8.7830] microVU1: 3 cycle stall on branch instruction [2520]
[    8.7830] microVU1: 3 cycle stall on branch instruction [1ba0]
[    8.7831] microVU1: 3 cycle stall on branch instruction [2520]
[    8.7839] microVU1: 3 cycle stall on branch instruction [1ba0]
[    8.7843] microVU1: 3 cycle stall on branch instruction [2520]
[    8.7843] microVU1: 3 cycle stall on branch instruction [1ba0]
[    8.7844] microVU1: 3 cycle stall on branch instruction [2520]
[    8.7845] microVU1: 3 cycle stall on branch instruction [1ba0]
[    8.7850] microVU1: 3 cycle stall on branch instruction [2520]
[    8.7850] microVU1: 3 cycle stall on branch instruction [1ba0]
[    8.7852] microVU1: 3 cycle stall on branch instruction [2520]
[    8.7852] microVU1: 3 cycle stall on branch instruction [1ba0]
[    8.7856] microVU1: 3 cycle stall on branch instruction [2520]
[    8.7857] microVU1: 3 cycle stall on branch instruction [1ba0]
[    8.7861] microVU1: 3 cycle stall on branch instruction [1fc0]
[    8.7862] microVU1: 3 cycle stall on branch instruction [2520]
[    8.7862] microVU1: 3 cycle stall on branch instruction [1ba0]
[    8.7863] microVU1: 3 cycle stall on branch instruction [1fc0]
[    8.7865] microVU1: 3 cycle stall on branch instruction [1fc0]
[    8.7866] microVU1: 3 cycle stall on branch instruction [2520]
[    8.7866] microVU1: 3 cycle stall on branch instruction [1ba0]
[    8.7867] microVU1: 3 cycle stall on branch instruction [1fc0]
[    8.7868] microVU1: 3 cycle stall on branch instruction [1fc0]
[    8.7870] microVU1: 3 cycle stall on branch instruction [1fc0]
[    8.7871] microVU1: 3 cycle stall on branch instruction [1fc0]
[    8.7872] microVU1: 3 cycle stall on branch instruction [1fc0]
[    8.7873] microVU1: 3 cycle stall on branch instruction [1fc0]
[    8.7875] microVU1: 3 cycle stall on branch instruction [1fc0]
[    8.7876] microVU1: 3 cycle stall on branch instruction [1fc0]
[    8.7877] microVU1: 3 cycle stall on branch instruction [1fc0]
[    8.7878] microVU1: 3 cycle stall on branch instruction [1fc0]
[    8.7879] microVU1: 3 cycle stall on branch instruction [1fc0]
[    8.7880] microVU1: 3 cycle stall on branch instruction [1fc0]
[    8.7881] microVU1: 3 cycle stall on branch instruction [1ba0]
[    8.7883] microVU1: Cached Prog = [003] [PC=3550] [List=01] (Cache=2.117%) [1.3mb]
[    8.7885] microVU1: 3 cycle stall on branch instruction [3368]
[    8.7886] microVU1: 3 cycle stall on branch instruction [3368]
[    8.7886] microVU1: 3 cycle stall on branch instruction [3380]
[    8.7886] microVU1: 3 cycle stall on branch instruction [3380]
[    8.7886] microVU1: 3 cycle stall on branch instruction [33b8]
[    8.7886] microVU1: 3 cycle stall on branch instruction [33b8]
[    8.7886] microVU1: 3 cycle stall on branch instruction [33d8]
[    8.7886] microVU1: 3 cycle stall on branch instruction [33d8]
[    8.7887] microVU1: 3 cycle stall on branch instruction [3368]
[    8.7887] microVU1: 3 cycle stall on branch instruction [3368]
[    8.7887] microVU1: 3 cycle stall on branch instruction [3380]
[    8.7887] microVU1: 3 cycle stall on branch instruction [3380]
[    8.7887] microVU1: 3 cycle stall on branch instruction [33b8]
[    8.7887] microVU1: 3 cycle stall on branch instruction [33b8]
[    8.7887] microVU1: 3 cycle stall on branch instruction [33d8]
[    8.7888] microVU1: 3 cycle stall on branch instruction [33d8]
[    8.7889] microVU1: 3 cycle stall on branch instruction [3368]
[    8.7889] microVU1: 3 cycle stall on branch instruction [3368]
[    8.7889] microVU1: 3 cycle stall on branch instruction [3380]
[    8.7889] microVU1: 3 cycle stall on branch instruction [3380]
[    8.7889] microVU1: 3 cycle stall on branch instruction [33b8]
[    8.7889] microVU1: 3 cycle stall on branch instruction [33b8]
[    8.7889] microVU1: 3 cycle stall on branch instruction [33d8]
[    8.7889] microVU1: 3 cycle stall on branch instruction [33d8]
[    8.7890] microVU1: 3 cycle stall on branch instruction [3368]
[    8.7890] microVU1: 3 cycle stall on branch instruction [3368]
[    8.7890] microVU1: 3 cycle stall on branch instruction [3380]
[    8.7890] microVU1: 3 cycle stall on branch instruction [3380]
[    8.7890] microVU1: 3 cycle stall on branch instruction [33b8]
[    8.7890] microVU1: 3 cycle stall on branch instruction [33b8]
[    8.7891] microVU1: 3 cycle stall on branch instruction [33d8]
[    8.7891] microVU1: 3 cycle stall on branch instruction [33d8]
[    8.7898] microVU1: 3 cycle stall on branch instruction [3368]
[    8.7899] microVU1: 3 cycle stall on branch instruction [3368]
[    8.7899] microVU1: 3 cycle stall on branch instruction [3380]
[    8.7899] microVU1: 3 cycle stall on branch instruction [3380]
[    8.7900] microVU1: 3 cycle stall on branch instruction [33b8]
[    8.7900] microVU1: 3 cycle stall on branch instruction [33b8]
[    8.7900] microVU1: 3 cycle stall on branch instruction [33d8]
[    8.7900] microVU1: 3 cycle stall on branch instruction [33d8]
[    8.7903] microVU1: 3 cycle stall on branch instruction [3368]
[    8.7903] microVU1: 3 cycle stall on branch instruction [3368]
[    8.7903] microVU1: 3 cycle stall on branch instruction [3380]
[    8.7903] microVU1: 3 cycle stall on branch instruction [3380]
[    8.7904] microVU1: 3 cycle stall on branch instruction [33b8]
[    8.7904] microVU1: 3 cycle stall on branch instruction [33b8]
[    8.7904] microVU1: 3 cycle stall on branch instruction [33d8]
[    8.7904] microVU1: 3 cycle stall on branch instruction [33d8]
[    8.7906] microVU1: 3 cycle stall on branch instruction [3368]
[    8.7906] microVU1: 3 cycle stall on branch instruction [3368]
[    8.7907] microVU1: 3 cycle stall on branch instruction [3380]
[    8.7907] microVU1: 3 cycle stall on branch instruction [3380]
[    8.7907] microVU1: 3 cycle stall on branch instruction [33b8]
[    8.7907] microVU1: 3 cycle stall on branch instruction [33b8]
[    8.7907] microVU1: 3 cycle stall on branch instruction [33d8]
[    8.7907] microVU1: 3 cycle stall on branch instruction [33d8]
[    8.7909] microVU1: 3 cycle stall on branch instruction [3368]
[    8.7909] microVU1: 3 cycle stall on branch instruction [3368]
[    8.7910] microVU1: 3 cycle stall on branch instruction [3380]
[    8.7910] microVU1: 3 cycle stall on branch instruction [3380]
[    8.7910] microVU1: 3 cycle stall on branch instruction [33b8]
[    8.7910] microVU1: 3 cycle stall on branch instruction [33b8]
[    8.7910] microVU1: 3 cycle stall on branch instruction [33d8]
[    8.7910] microVU1: 3 cycle stall on branch instruction [33d8]
[    8.7919] microVU1: 3 cycle stall on branch instruction [3368]
[    8.7920] microVU1: 3 cycle stall on branch instruction [3368]
[    8.7920] microVU1: 3 cycle stall on branch instruction [3380]
[    8.7920] microVU1: 3 cycle stall on branch instruction [3380]
[    8.7920] microVU1: 3 cycle stall on branch instruction [33b8]
[    8.7920] microVU1: 3 cycle stall on branch instruction [33b8]
[    8.7920] microVU1: 3 cycle stall on branch instruction [33d8]
[    8.7921] microVU1: 3 cycle stall on branch instruction [33d8]
[    8.7922] microVU1: 3 cycle stall on branch instruction [3368]
[    8.7922] microVU1: 3 cycle stall on branch instruction [3368]
[    8.7923] microVU1: 3 cycle stall on branch instruction [3380]
[    8.7923] microVU1: 3 cycle stall on branch instruction [3380]
[    8.7923] microVU1: 3 cycle stall on branch instruction [33b8]
[    8.7923] microVU1: 3 cycle stall on branch instruction [33b8]
[    8.7923] microVU1: 3 cycle stall on branch instruction [33d8]
[    8.7923] microVU1: 3 cycle stall on branch instruction [33d8]
[    8.7924] microVU1: 3 cycle stall on branch instruction [3368]
[    8.7925] microVU1: 3 cycle stall on branch instruction [3368]
[    8.7925] microVU1: 3 cycle stall on branch instruction [3380]
[    8.7925] microVU1: 3 cycle stall on branch instruction [3380]
[    8.7925] microVU1: 3 cycle stall on branch instruction [33b8]
[    8.7925] microVU1: 3 cycle stall on branch instruction [33b8]
[    8.7925] microVU1: 3 cycle stall on branch instruction [33d8]
[    8.7925] microVU1: 3 cycle stall on branch instruction [33d8]
[    8.7926] microVU1: 3 cycle stall on branch instruction [3368]
[    8.7926] microVU1: 3 cycle stall on branch instruction [3368]
[    8.7926] microVU1: 3 cycle stall on branch instruction [3380]
[    8.7927] microVU1: 3 cycle stall on branch instruction [3380]
[    8.7927] microVU1: 3 cycle stall on branch instruction [33b8]
[    8.7927] microVU1: 3 cycle stall on branch instruction [33b8]
[    8.7927] microVU1: 3 cycle stall on branch instruction [33d8]
[    8.7927] microVU1: 3 cycle stall on branch instruction [33d8]
[    8.7930] microVU1: 3 cycle stall on branch instruction [3368]
[    8.7930] microVU1: 3 cycle stall on branch instruction [3368]
[    8.7930] microVU1: 3 cycle stall on branch instruction [3380]
[    8.7931] microVU1: 3 cycle stall on branch instruction [3380]
[    8.7931] microVU1: 3 cycle stall on branch instruction [33b8]
[    8.7931] microVU1: 3 cycle stall on branch instruction [33b8]
[    8.7931] microVU1: 3 cycle stall on branch instruction [33d8]
[    8.7931] microVU1: 3 cycle stall on branch instruction [33d8]
[    8.7932] microVU1: 3 cycle stall on branch instruction [3368]
[    8.7932] microVU1: 3 cycle stall on branch instruction [3368]
[    8.7932] microVU1: 3 cycle stall on branch instruction [3380]
[    8.7932] microVU1: 3 cycle stall on branch instruction [3380]
[    8.7933] microVU1: 3 cycle stall on branch instruction [33b8]
[    8.7933] microVU1: 3 cycle stall on branch instruction [33b8]
[    8.7933] microVU1: 3 cycle stall on branch instruction [33d8]
[    8.7933] microVU1: 3 cycle stall on branch instruction [33d8]
[    8.7934] microVU1: 3 cycle stall on branch instruction [3368]
[    8.7934] microVU1: 3 cycle stall on branch instruction [3368]
[    8.7934] microVU1: 3 cycle stall on branch instruction [3380]
[    8.7934] microVU1: 3 cycle stall on branch instruction [3380]
[    8.7934] microVU1: 3 cycle stall on branch instruction [33b8]
[    8.7934] microVU1: 3 cycle stall on branch instruction [33b8]
[    8.7934] microVU1: 3 cycle stall on branch instruction [33d8]
[    8.7934] microVU1: 3 cycle stall on branch instruction [33d8]
[    8.7935] microVU1: 3 cycle stall on branch instruction [3368]
[    8.7935] microVU1: 3 cycle stall on branch instruction [3368]
[    8.7935] microVU1: 3 cycle stall on branch instruction [3380]
[    8.7935] microVU1: 3 cycle stall on branch instruction [3380]
[    8.7935] microVU1: 3 cycle stall on branch instruction [33b8]
[    8.7935] microVU1: 3 cycle stall on branch instruction [33b8]
[    8.7935] microVU1: 3 cycle stall on branch instruction [33d8]
[    8.7935] microVU1: 3 cycle stall on branch instruction [33d8]
[    8.7941] microVU1: 3 cycle stall on branch instruction [2c58]
[    8.7959] microVU1: Cached Prog = [004] [PC=0000] [List=01] (Cache=2.794%) [1.7mb]
[    8.7975] microVU1: Cached Prog = [005] [PC=0710] [List=01] (Cache=2.887%) [1.8mb]
[    8.7975] microVU1: 2 cycle stall on branch instruction [07c8]
[    8.7978] microVU1: 3 cycle stall on branch instruction [1108]
[    8.7978] microVU1: 3 cycle stall on branch instruction [1130]
[    8.7980] microVU1: 3 cycle stall on branch instruction [1108]
[    8.7981] microVU1: 3 cycle stall on branch instruction [1130]
[    8.7982] microVU1: 3 cycle stall on branch instruction [1108]
[    8.7982] microVU1: 3 cycle stall on branch instruction [1130]
[    8.7986] microVU1: 3 cycle stall on branch instruction [1108]
[    8.7987] microVU1: 3 cycle stall on branch instruction [1130]
[    8.7990] microVU1: 3 cycle stall on branch instruction [1108]
[    8.7990] microVU1: 3 cycle stall on branch instruction [1130]
[    8.7991] microVU1: 3 cycle stall on branch instruction [1108]
[    8.7991] microVU1: 3 cycle stall on branch instruction [1130]
[    8.7993] microVU1: 3 cycle stall on branch instruction [1108]
[    8.7993] microVU1: 3 cycle stall on branch instruction [1130]
[    8.7993] microVU1: 3 cycle stall on branch instruction [09e8]
[    8.7994] microVU1: 3 cycle stall on branch instruction [0a70]
[    8.7995] microVU1: 3 cycle stall on branch instruction [1108]
[    8.7996] microVU1: 3 cycle stall on branch instruction [1130]
[    8.7999] microVU1: 3 cycle stall on branch instruction [1108]
[    8.7999] microVU1: 3 cycle stall on branch instruction [1130]
[    8.8001] microVU1: 3 cycle stall on branch instruction [1108]
[    8.8002] microVU1: 3 cycle stall on branch instruction [1130]
[    8.8007] microVU1: 3 cycle stall on branch instruction [1108]
[    8.8007] microVU1: 3 cycle stall on branch instruction [1130]
[    8.8010] microVU1: 3 cycle stall on branch instruction [1108]
[    8.8010] microVU1: 3 cycle stall on branch instruction [1130]
[    8.8012] microVU1: 3 cycle stall on branch instruction [1108]
[    8.8012] microVU1: 3 cycle stall on branch instruction [1130]
[    8.8019] microVU1: 3 cycle stall on branch instruction [1108]
[    8.8020] microVU1: 3 cycle stall on branch instruction [1130]
[    8.8020] microVU1: 3 cycle stall on branch instruction [09e8]
[    8.8021] microVU1: 3 cycle stall on branch instruction [0a70]
[    8.8023] microVU1: 3 cycle stall on branch instruction [09e8]
[    8.8024] microVU1: 3 cycle stall on branch instruction [0a70]
[    8.8025] microVU1: 3 cycle stall on branch instruction [09e8]
[    8.8026] microVU1: 3 cycle stall on branch instruction [0a70]
[    8.8027] microVU1: 3 cycle stall on branch instruction [1108]
[    8.8028] microVU1: 3 cycle stall on branch instruction [1130]
[    8.8029] microVU1: 3 cycle stall on branch instruction [09e8]
[    8.8029] microVU1: 3 cycle stall on branch instruction [0a70]
[    8.8030] microVU1: 3 cycle stall on branch instruction [09e8]
[    8.8030] microVU1: 3 cycle stall on branch instruction [0a70]
[    8.8032] microVU1: 3 cycle stall on branch instruction [1108]
[    8.8032] microVU1: 3 cycle stall on branch instruction [1130]
[    8.8033] microVU1: 3 cycle stall on branch instruction [09e8]
[    8.8033] microVU1: 3 cycle stall on branch instruction [0a70]
[    8.8035] microVU1: 3 cycle stall on branch instruction [09e8]
[    8.8036] microVU1: 3 cycle stall on branch instruction [0a70]
[    8.8037] microVU1: 3 cycle stall on branch instruction [09e8]
[    8.8037] microVU1: 3 cycle stall on branch instruction [0a70]
[    8.8039] microVU1: 3 cycle stall on branch instruction [09e8]
[    8.8039] microVU1: 3 cycle stall on branch instruction [0a70]
[    8.8041] microVU1: 3 cycle stall on branch instruction [09e8]
[    8.8041] microVU1: 3 cycle stall on branch instruction [0a70]
[    8.8043] microVU1: 3 cycle stall on branch instruction [09e8]
[    8.8043] microVU1: 3 cycle stall on branch instruction [0a70]
[    8.8044] microVU1: 3 cycle stall on branch instruction [09e8]
[    8.8045] microVU1: 3 cycle stall on branch instruction [0a70]
[    8.8047] microVU1: 3 cycle stall on branch instruction [09e8]
[    8.8048] microVU1: 3 cycle stall on branch instruction [0a70]
[    8.8049] microVU1: 3 cycle stall on branch instruction [09e8]
[    8.8049] microVU1: 3 cycle stall on branch instruction [0a70]
[    8.8051] microVU1: 3 cycle stall on branch instruction [09e8]
[    8.8051] microVU1: 3 cycle stall on branch instruction [0a70]
[    8.8052] microVU1: 3 cycle stall on branch instruction [07f0]
[    8.8053] microVU1: Cached Prog = [006] [PC=1188] [List=01] (Cache=3.688%) [2.2mb]
[    8.8054] microVU1: 2 cycle stall on branch instruction [07c8]
[    8.8057] microVU1: 3 cycle stall on branch instruction [1108]
[    8.8057] microVU1: 3 cycle stall on branch instruction [1130]
[    8.8060] microVU1: 3 cycle stall on branch instruction [1108]
[    8.8060] microVU1: 3 cycle stall on branch instruction [1130]
[    8.8061] microVU1: 3 cycle stall on branch instruction [1108]
[    8.8061] microVU1: 3 cycle stall on branch instruction [1130]
[    8.8065] microVU1: 3 cycle stall on branch instruction [1108]
[    8.8065] microVU1: 3 cycle stall on branch instruction [1130]
[    8.8068] microVU1: 3 cycle stall on branch instruction [1108]
[    8.8068] microVU1: 3 cycle stall on branch instruction [1130]
[    8.8069] microVU1: 3 cycle stall on branch instruction [1108]
[    8.8070] microVU1: 3 cycle stall on branch instruction [1130]
[    8.8071] microVU1: 3 cycle stall on branch instruction [1108]
[    8.8071] microVU1: 3 cycle stall on branch instruction [1130]
[    8.8072] microVU1: 3 cycle stall on branch instruction [09e8]
[    8.8072] microVU1: 3 cycle stall on branch instruction [0a70]
[    8.8073] microVU1: 3 cycle stall on branch instruction [1108]
[    8.8073] microVU1: 3 cycle stall on branch instruction [1130]
[    8.8076] microVU1: 3 cycle stall on branch instruction [1108]
[    8.8076] microVU1: 3 cycle stall on branch instruction [1130]
[    8.8077] microVU1: 3 cycle stall on branch instruction [1108]
[    8.8077] microVU1: 3 cycle stall on branch instruction [1130]
[    8.8082] microVU1: 3 cycle stall on branch instruction [1108]
[    8.8083] microVU1: 3 cycle stall on branch instruction [1130]
[    8.8086] microVU1: 3 cycle stall on branch instruction [1108]
[    8.8086] microVU1: 3 cycle stall on branch instruction [1130]
[    8.8087] microVU1: 3 cycle stall on branch instruction [1108]
[    8.8087] microVU1: 3 cycle stall on branch instruction [1130]
[    8.8094] microVU1: 3 cycle stall on branch instruction [1108]
[    8.8094] microVU1: 3 cycle stall on branch instruction [1130]
[    8.8095] microVU1: 3 cycle stall on branch instruction [09e8]
[    8.8095] microVU1: 3 cycle stall on branch instruction [0a70]
[    8.8098] microVU1: 3 cycle stall on branch instruction [09e8]
[    8.8098] microVU1: 3 cycle stall on branch instruction [0a70]
[    8.8101] microVU1: 3 cycle stall on branch instruction [09e8]
[    8.8101] microVU1: 3 cycle stall on branch instruction [0a70]
[    8.8103] microVU1: 3 cycle stall on branch instruction [1108]
[    8.8103] microVU1: 3 cycle stall on branch instruction [1130]
[    8.8104] microVU1: 3 cycle stall on branch instruction [09e8]
[    8.8104] microVU1: 3 cycle stall on branch instruction [0a70]
[    8.8106] microVU1: 3 cycle stall on branch instruction [09e8]
[    8.8106] microVU1: 3 cycle stall on branch instruction [0a70]
[    8.8108] microVU1: 3 cycle stall on branch instruction [1108]
[    8.8108] microVU1: 3 cycle stall on branch instruction [1130]
[    8.8109] microVU1: 3 cycle stall on branch instruction [09e8]
[    8.8109] microVU1: 3 cycle stall on branch instruction [0a70]
[    8.8112] microVU1: 3 cycle stall on branch instruction [09e8]
[    8.8112] microVU1: 3 cycle stall on branch instruction [0a70]
[    8.8114] microVU1: 3 cycle stall on branch instruction [09e8]
[    8.8114] microVU1: 3 cycle stall on branch instruction [0a70]
[    8.8117] microVU1: 3 cycle stall on branch instruction [09e8]
[    8.8118] microVU1: 3 cycle stall on branch instruction [0a70]
[    8.8120] microVU1: 3 cycle stall on branch instruction [09e8]
[    8.8120] microVU1: 3 cycle stall on branch instruction [0a70]
[    8.8122] microVU1: 3 cycle stall on branch instruction [09e8]
[    8.8122] microVU1: 3 cycle stall on branch instruction [0a70]
[    8.8123] microVU1: 3 cycle stall on branch instruction [09e8]
[    8.8123] microVU1: 3 cycle stall on branch instruction [0a70]
[    8.8126] microVU1: 3 cycle stall on branch instruction [09e8]
[    8.8126] microVU1: 3 cycle stall on branch instruction [0a70]
[    8.8127] microVU1: 3 cycle stall on branch instruction [09e8]
[    8.8128] microVU1: 3 cycle stall on branch instruction [0a70]
[    8.8129] microVU1: 3 cycle stall on branch instruction [09e8]
[    8.8130] microVU1: 3 cycle stall on branch instruction [0a70]
[    8.8131] microVU1: 3 cycle stall on branch instruction [07f0]
[    8.9213] microVU1: Cached Prog = [007] [PC=0700] [List=01] (Cache=4.490%) [2.7mb]
[    8.9224] microVU1: Cached Prog = [008] [PC=3560] [List=01] (Cache=4.583%) [2.8mb]
[    8.9229] microVU1: Cached Prog = [009] [PC=3940] [List=01] (Cache=4.635%) [2.8mb]
[    9.2231] microVU1: Cached Prog = [010] [PC=3c50] [List=01] (Cache=4.687%) [2.9mb]
[    9.2234] microVU1: Cached Prog = [011] [PC=3fb0] [List=01] (Cache=4.703%) [2.9mb]
[   23.2358] LOG: NIGHTCAMERA phase=0 offset=750 positionX=00000000 positionY=4028b437 positionZ=c2a19b64 lookX=00000000 lookY=3f9a5e32 lookZ=c2949b64 sceneGeneration=1 mask=0
[   23.2363] LOG: NIGHTCONTEXT phase=0 offset=750 scene=0 night=1 video=1 display=1 depth=2 width=448 height=448 refreshMilliHz=60000 requested=1 dtBits=3c888889 clockBits=00000000 rasterWidth=448 rasterHeight=448 scaleX=1 scaleY=1 ilChoice=0 ilProbing=0 ilBlock=0 ilFrame=58 ilAccepted=0 ilPipelined=1 frameYield=0
[   23.2605] LOG: NIGHTRECEIVERGATES phase=0 offset=750 mode=0 bagAllowed=134 bagRejected=0 sampleAllowed=0 sampleRejected=0
[   23.2610] LOG: NIGHTCORONAGATES phase=0 offset=750 selected=0 enabled=0 coldPackets=0 eligible=0 requested=0 fallback=0 sourceVertices=0 requestedVertices=0 fogOn=0 shaderLit=0 invalid=0 acceptedOutputKnown=0
[   23.2621] LOG: NIGHTGATES phase=0 offset=750 first=750 frames=1 mask=0 attempted1=8 executed1=8 skipped1=0 submitted1=8 attempted2=4 executed2=4 skipped2=0 submitted2=5 attempted4=3 executed4=3 skipped4=0 submitted4=5 attempted8=4 executed8=4 skipped8=0 submitted8=1 attempted16=2 executed16=2 skipped16=0 submitted16=1 attempted32=0 executed32=0 skipped32=0 submitted32=0 attempted64=0 executed64=0 skipped64=0 submitted64=0
[   23.2626] LOG: NIGHTEXTRAGATES phase=0 offset=750 first=750 frames=1 extraMask=0 attempted1=1 executed1=1 skipped1=0 submitted1=1 attempted2=1 executed2=1 skipped2=0 submitted2=2 attempted4=2 executed4=2 skipped4=0 submitted4=2
[   23.2629] LOG: NIGHTWILDGATES phase=0 offset=750 first=750 frames=1 variant=0 enabled=0 planeInvocations=0 planeEligible=0 planeApplied=0 planeFallback=0 planeBoundary=0 planeNonfinite=0 planeColdCompared=0 planeColdMismatches=0 planeInputUnits=0 planeOutputUnits=0 planeInvalid=0 coneInvocations=0 coneEligible=0 coneApplied=0 coneFallback=0 coneBoundary=0 coneNonfinite=0 coneColdCompared=0 coneColdMismatches=0 coneInputUnits=0 coneOutputUnits=0 coneInvalid=0
[   23.2631] LOG: NIGHTTABLEGATES phase=0 offset=750 first=750 frames=1 selected=1 enabled=1 invocations=19 eligible=9 applied=9 fallback=10 sourceVertices=753 admittedVertices=618 baselineColorQwords=753 tableColorQwords=18 coldCompared=9 coldMismatches=0 invalid=0
[   31.7130] LOG: NIGHTCAMERA phase=0 offset=1155 positionX=00000000 positionY=4028b437 positionZ=c2a19b64 lookX=00000000 lookY=3f9a5e32 lookZ=c2949b64 sceneGeneration=1 mask=0
[   31.7134] LOG: NIGHTCONTEXT phase=0 offset=1155 scene=0 night=1 video=1 display=1 depth=2 width=448 height=448 refreshMilliHz=60000 requested=1 dtBits=3c888889 clockBits=00000000 rasterWidth=448 rasterHeight=448 scaleX=1 scaleY=1 ilChoice=0 ilProbing=0 ilBlock=0 ilFrame=13 ilAccepted=0 ilPipelined=1 frameYield=0
[   31.7333] LOG: NIGHTRECEIVERGATES phase=0 offset=1155 mode=0 bagAllowed=134 bagRejected=0 sampleAllowed=0 sampleRejected=0
[   31.7336] LOG: NIGHTCORONAGATES phase=0 offset=1155 selected=0 enabled=0 coldPackets=0 eligible=0 requested=0 fallback=0 sourceVertices=0 requestedVertices=0 fogOn=0 shaderLit=0 invalid=0 acceptedOutputKnown=0
[   31.7340] LOG: NIGHTGATES phase=0 offset=1155 first=1155 frames=1 mask=0 attempted1=8 executed1=8 skipped1=0 submitted1=8 attempted2=4 executed2=4 skipped2=0 submitted2=5 attempted4=3 executed4=3 skipped4=0 submitted4=5 attempted8=4 executed8=4 skipped8=0 submitted8=1 attempted16=2 executed16=2 skipped16=0 submitted16=1 attempted32=0 executed32=0 skipped32=0 submitted32=0 attempted64=0 executed64=0 skipped64=0 submitted64=0
[   31.7343] LOG: NIGHTEXTRAGATES phase=0 offset=1155 first=1155 frames=1 extraMask=0 attempted1=1 executed1=1 skipped1=0 submitted1=1 attempted2=1 executed2=1 skipped2=0 submitted2=2 attempted4=2 executed4=2 skipped4=0 submitted4=2
[   31.7347] LOG: NIGHTWILDGATES phase=0 offset=1155 first=1155 frames=1 variant=0 enabled=0 planeInvocations=0 planeEligible=0 planeApplied=0 planeFallback=0 planeBoundary=0 planeNonfinite=0 planeColdCompared=0 planeColdMismatches=0 planeInputUnits=0 planeOutputUnits=0 planeInvalid=0 coneInvocations=0 coneEligible=0 coneApplied=0 coneFallback=0 coneBoundary=0 coneNonfinite=0 coneColdCompared=0 coneColdMismatches=0 coneInputUnits=0 coneOutputUnits=0 coneInvalid=0
[   31.7348] LOG: NIGHTTABLEGATES phase=0 offset=1155 first=1155 frames=1 selected=1 enabled=1 invocations=19 eligible=9 applied=9 fallback=10 sourceVertices=753 admittedVertices=618 baselineColorQwords=753 tableColorQwords=18 coldCompared=9 coldMismatches=0 invalid=0
[   44.9192] LOG: NIGHTRECEIVERPHASE phase=1 mode=2
[   44.9194] LOG: NIGHTCORONAPHASE phase=1 first=1800 selected=0 enabled=0
[   44.9197] LOG: NIGHTPHASE phase=1 first=1800 mask=0 appliedMask=0 sampler=1 countReads=262 samplePtr=0052d7a0
[   44.9201] LOG: NIGHTEXTRAPHASE phase=1 first=1800 extraMask=1 appliedExtraMask=1
[   44.9204] LOG: NIGHTWILDPHASE phase=1 first=1800 variant=0 enabled=0 appliedVariant=0 appliedEnabled=0
[   44.9207] LOG: NIGHTTABLEPHASE phase=1 first=1800 selected=1 enabled=1 appliedSelected=1 appliedEnabled=1
[   59.9139] LOG: NIGHTCAMERA phase=1 offset=750 positionX=00000000 positionY=4028b437 positionZ=c2a19b64 lookX=00000000 lookY=3f9a5e32 lookZ=c2949b64 sceneGeneration=1 mask=0
[   59.9144] LOG: NIGHTCONTEXT phase=1 offset=750 scene=0 night=1 video=1 display=1 depth=2 width=448 height=448 refreshMilliHz=60000 requested=1 dtBits=3c888889 clockBits=00000000 rasterWidth=448 rasterHeight=448 scaleX=1 scaleY=1 ilChoice=0 ilProbing=0 ilBlock=0 ilFrame=58 ilAccepted=0 ilPipelined=1 frameYield=0
[   59.9365] LOG: NIGHTRECEIVERGATES phase=1 offset=750 mode=2 bagAllowed=5 bagRejected=128 sampleAllowed=0 sampleRejected=0
[   59.9368] LOG: NIGHTCORONAGATES phase=1 offset=750 selected=0 enabled=0 coldPackets=0 eligible=0 requested=0 fallback=0 sourceVertices=0 requestedVertices=0 fogOn=0 shaderLit=0 invalid=0 acceptedOutputKnown=0
[   59.9373] LOG: NIGHTGATES phase=1 offset=750 first=750 frames=1 mask=0 attempted1=8 executed1=8 skipped1=0 submitted1=8 attempted2=4 executed2=4 skipped2=0 submitted2=4 attempted4=3 executed4=3 skipped4=0 submitted4=5 attempted8=4 executed8=4 skipped8=0 submitted8=1 attempted16=2 executed16=2 skipped16=0 submitted16=1 attempted32=0 executed32=0 skipped32=0 submitted32=0 attempted64=0 executed64=0 skipped64=0 submitted64=0
[   59.9376] LOG: NIGHTEXTRAGATES phase=1 offset=750 first=750 frames=1 extraMask=1 attempted1=1 executed1=0 skipped1=1 submitted1=0 attempted2=1 executed2=1 skipped2=0 submitted2=2 attempted4=2 executed4=2 skipped4=0 submitted4=2
[   59.9378] LOG: NIGHTWILDGATES phase=1 offset=750 first=750 frames=1 variant=0 enabled=0 planeInvocations=0 planeEligible=0 planeApplied=0 planeFallback=0 planeBoundary=0 planeNonfinite=0 planeColdCompared=0 planeColdMismatches=0 planeInputUnits=0 planeOutputUnits=0 planeInvalid=0 coneInvocations=0 coneEligible=0 coneApplied=0 coneFallback=0 coneBoundary=0 coneNonfinite=0 coneColdCompared=0 coneColdMismatches=0 coneInputUnits=0 coneOutputUnits=0 coneInvalid=0
[   59.9379] LOG: NIGHTTABLEGATES phase=1 offset=750 first=750 frames=1 selected=1 enabled=1 invocations=0 eligible=0 applied=0 fallback=0 sourceVertices=0 admittedVertices=0 baselineColorQwords=0 tableColorQwords=0 coldCompared=0 coldMismatches=0 invalid=0
[   68.0592] LOG: NIGHTCAMERA phase=1 offset=1155 positionX=00000000 positionY=4028b437 positionZ=c2a19b64 lookX=00000000 lookY=3f9a5e32 lookZ=c2949b64 sceneGeneration=1 mask=0
[   68.0595] LOG: NIGHTCONTEXT phase=1 offset=1155 scene=0 night=1 video=1 display=1 depth=2 width=448 height=448 refreshMilliHz=60000 requested=1 dtBits=3c888889 clockBits=00000000 rasterWidth=448 rasterHeight=448 scaleX=1 scaleY=1 ilChoice=0 ilProbing=0 ilBlock=0 ilFrame=13 ilAccepted=0 ilPipelined=1 frameYield=0
[   68.0776] LOG: NIGHTRECEIVERGATES phase=1 offset=1155 mode=2 bagAllowed=5 bagRejected=128 sampleAllowed=0 sampleRejected=0
[   68.0779] LOG: NIGHTCORONAGATES phase=1 offset=1155 selected=0 enabled=0 coldPackets=0 eligible=0 requested=0 fallback=0 sourceVertices=0 requestedVertices=0 fogOn=0 shaderLit=0 invalid=0 acceptedOutputKnown=0
[   68.0784] LOG: NIGHTGATES phase=1 offset=1155 first=1155 frames=1 mask=0 attempted1=8 executed1=8 skipped1=0 submitted1=8 attempted2=4 executed2=4 skipped2=0 submitted2=4 attempted4=3 executed4=3 skipped4=0 submitted4=5 attempted8=4 executed8=4 skipped8=0 submitted8=1 attempted16=2 executed16=2 skipped16=0 submitted16=1 attempted32=0 executed32=0 skipped32=0 submitted32=0 attempted64=0 executed64=0 skipped64=0 submitted64=0
[   68.0789] LOG: NIGHTEXTRAGATES phase=1 offset=1155 first=1155 frames=1 extraMask=1 attempted1=1 executed1=0 skipped1=1 submitted1=0 attempted2=1 executed2=1 skipped2=0 submitted2=2 attempted4=2 executed4=2 skipped4=0 submitted4=2
[   68.0791] LOG: NIGHTWILDGATES phase=1 offset=1155 first=1155 frames=1 variant=0 enabled=0 planeInvocations=0 planeEligible=0 planeApplied=0 planeFallback=0 planeBoundary=0 planeNonfinite=0 planeColdCompared=0 planeColdMismatches=0 planeInputUnits=0 planeOutputUnits=0 planeInvalid=0 coneInvocations=0 coneEligible=0 coneApplied=0 coneFallback=0 coneBoundary=0 coneNonfinite=0 coneColdCompared=0 coneColdMismatches=0 coneInputUnits=0 coneOutputUnits=0 coneInvalid=0
[   68.0792] LOG: NIGHTTABLEGATES phase=1 offset=1155 first=1155 frames=1 selected=1 enabled=1 invocations=0 eligible=0 applied=0 fallback=0 sourceVertices=0 admittedVertices=0 baselineColorQwords=0 tableColorQwords=0 coldCompared=0 coldMismatches=0 invalid=0
[   80.5226] LOG: NIGHTRECEIVERPHASE phase=2 mode=0
[   80.5229] LOG: NIGHTCORONAPHASE phase=2 first=3600 selected=0 enabled=0
[   80.5232] LOG: NIGHTPHASE phase=2 first=3600 mask=0 appliedMask=0 sampler=1 countReads=262 samplePtr=0052d7a0
[   80.5233] LOG: NIGHTEXTRAPHASE phase=2 first=3600 extraMask=0 appliedExtraMask=0
[   80.5235] LOG: NIGHTWILDPHASE phase=2 first=3600 variant=0 enabled=0 appliedVariant=0 appliedEnabled=0
[   80.5237] LOG: NIGHTTABLEPHASE phase=2 first=3600 selected=1 enabled=1 appliedSelected=1 appliedEnabled=1
[   94.9546] LOG: NIGHTCAMERA phase=2 offset=750 positionX=00000000 positionY=4028b437 positionZ=c2a19b64 lookX=00000000 lookY=3f9a5e32 lookZ=c2949b64 sceneGeneration=1 mask=0
[   94.9553] LOG: NIGHTCONTEXT phase=2 offset=750 scene=0 night=1 video=1 display=1 depth=2 width=448 height=448 refreshMilliHz=60000 requested=1 dtBits=3c888889 clockBits=00000000 rasterWidth=448 rasterHeight=448 scaleX=1 scaleY=1 ilChoice=0 ilProbing=0 ilBlock=0 ilFrame=58 ilAccepted=0 ilPipelined=1 frameYield=0
[   94.9744] LOG: NIGHTRECEIVERGATES phase=2 offset=750 mode=0 bagAllowed=134 bagRejected=0 sampleAllowed=0 sampleRejected=0
[   94.9747] LOG: NIGHTCORONAGATES phase=2 offset=750 selected=0 enabled=0 coldPackets=0 eligible=0 requested=0 fallback=0 sourceVertices=0 requestedVertices=0 fogOn=0 shaderLit=0 invalid=0 acceptedOutputKnown=0
[   94.9752] LOG: NIGHTGATES phase=2 offset=750 first=750 frames=1 mask=0 attempted1=8 executed1=8 skipped1=0 submitted1=8 attempted2=4 executed2=4 skipped2=0 submitted2=5 attempted4=3 executed4=3 skipped4=0 submitted4=5 attempted8=4 executed8=4 skipped8=0 submitted8=1 attempted16=2 executed16=2 skipped16=0 submitted16=1 attempted32=0 executed32=0 skipped32=0 submitted32=0 attempted64=0 executed64=0 skipped64=0 submitted64=0
[   94.9755] LOG: NIGHTEXTRAGATES phase=2 offset=750 first=750 frames=1 extraMask=0 attempted1=1 executed1=1 skipped1=0 submitted1=1 attempted2=1 executed2=1 skipped2=0 submitted2=2 attempted4=2 executed4=2 skipped4=0 submitted4=2
[   94.9757] LOG: NIGHTWILDGATES phase=2 offset=750 first=750 frames=1 variant=0 enabled=0 planeInvocations=0 planeEligible=0 planeApplied=0 planeFallback=0 planeBoundary=0 planeNonfinite=0 planeColdCompared=0 planeColdMismatches=0 planeInputUnits=0 planeOutputUnits=0 planeInvalid=0 coneInvocations=0 coneEligible=0 coneApplied=0 coneFallback=0 coneBoundary=0 coneNonfinite=0 coneColdCompared=0 coneColdMismatches=0 coneInputUnits=0 coneOutputUnits=0 coneInvalid=0
[   94.9759] LOG: NIGHTTABLEGATES phase=2 offset=750 first=750 frames=1 selected=1 enabled=1 invocations=19 eligible=9 applied=9 fallback=10 sourceVertices=753 admittedVertices=618 baselineColorQwords=753 tableColorQwords=18 coldCompared=9 coldMismatches=0 invalid=0
[  102.8550] LOG: NIGHTCAMERA phase=2 offset=1155 positionX=00000000 positionY=4028b437 positionZ=c2a19b64 lookX=00000000 lookY=3f9a5e32 lookZ=c2949b64 sceneGeneration=1 mask=0
[  102.8553] LOG: NIGHTCONTEXT phase=2 offset=1155 scene=0 night=1 video=1 display=1 depth=2 width=448 height=448 refreshMilliHz=60000 requested=1 dtBits=3c888889 clockBits=00000000 rasterWidth=448 rasterHeight=448 scaleX=1 scaleY=1 ilChoice=0 ilProbing=0 ilBlock=0 ilFrame=13 ilAccepted=0 ilPipelined=1 frameYield=0
[  102.8743] LOG: NIGHTRECEIVERGATES phase=2 offset=1155 mode=0 bagAllowed=134 bagRejected=0 sampleAllowed=0 sampleRejected=0
[  102.8745] LOG: NIGHTCORONAGATES phase=2 offset=1155 selected=0 enabled=0 coldPackets=0 eligible=0 requested=0 fallback=0 sourceVertices=0 requestedVertices=0 fogOn=0 shaderLit=0 invalid=0 acceptedOutputKnown=0
[  102.8749] LOG: NIGHTGATES phase=2 offset=1155 first=1155 frames=1 mask=0 attempted1=8 executed1=8 skipped1=0 submitted1=8 attempted2=4 executed2=4 skipped2=0 submitted2=5 attempted4=3 executed4=3 skipped4=0 submitted4=5 attempted8=4 executed8=4 skipped8=0 submitted8=1 attempted16=2 executed16=2 skipped16=0 submitted16=1 attempted32=0 executed32=0 skipped32=0 submitted32=0 attempted64=0 executed64=0 skipped64=0 submitted64=0
[  102.8751] LOG: NIGHTEXTRAGATES phase=2 offset=1155 first=1155 frames=1 extraMask=0 attempted1=1 executed1=1 skipped1=0 submitted1=1 attempted2=1 executed2=1 skipped2=0 submitted2=2 attempted4=2 executed4=2 skipped4=0 submitted4=2
[  102.8754] LOG: NIGHTWILDGATES phase=2 offset=1155 first=1155 frames=1 variant=0 enabled=0 planeInvocations=0 planeEligible=0 planeApplied=0 planeFallback=0 planeBoundary=0 planeNonfinite=0 planeColdCompared=0 planeColdMismatches=0 planeInputUnits=0 planeOutputUnits=0 planeInvalid=0 coneInvocations=0 coneEligible=0 coneApplied=0 coneFallback=0 coneBoundary=0 coneNonfinite=0 coneColdCompared=0 coneColdMismatches=0 coneInputUnits=0 coneOutputUnits=0 coneInvalid=0
[  102.8755] LOG: NIGHTTABLEGATES phase=2 offset=1155 first=1155 frames=1 selected=1 enabled=1 invocations=19 eligible=9 applied=9 fallback=10 sourceVertices=753 admittedVertices=618 baselineColorQwords=753 tableColorQwords=18 coldCompared=9 coldMismatches=0 invalid=0
[  115.4642] LOG: NIGHTDONE order=0 valid=1 loops=5400
