[    0.0148] Program Path: /home/spider/tyrax2-debugger-linux-v1/squashfs-root/usr/bin/pcsx2-qt
[    0.0148] AppRoot Directory: /home/spider/tyrax2-debugger-linux-v1/squashfs-root/usr/bin
[    0.0148] Resources Directory: /home/spider/tyrax2-debugger-linux-v1/squashfs-root/usr/bin/resources
[    0.0149] DataRoot Directory: /home/spider/pool2-ee-probe-a96-arm1-repeat2-20261005-v1/profile/PCSX2
[    0.0149] Loading config from /home/spider/pool2-ee-probe-a96-arm1-repeat2-20261005-v1/profile/PCSX2/inis/PCSX2.ini.
[    0.0151] Loading secrets from /home/spider/pool2-ee-probe-a96-arm1-repeat2-20261005-v1/profile/PCSX2/inis/secrets.ini.
[    0.0155] BIOS Directory: /mnt/c/Users/pawel/OneDrive/Documents/PCSX2/bios
[    0.0155] Snapshots Directory: /home/spider/pool2-ee-probe-a96-arm1-repeat2-20261005-v1/profile/PCSX2/snaps
[    0.0155] Savestates Directory: /home/spider/pool2-ee-probe-a96-arm1-repeat2-20261005-v1/profile/PCSX2/sstates
[    0.0155] MemoryCards Directory: /home/spider/pool2-ee-probe-a96-arm1-repeat2-20261005-v1/profile/PCSX2/memcards
[    0.0155] Logs Directory: /home/spider/pool2-ee-probe-a96-arm1-repeat2-20261005-v1/profile/PCSX2/logs
[    0.0155] Cheats Directory: /home/spider/pool2-ee-probe-a96-arm1-repeat2-20261005-v1/profile/PCSX2/cheats
[    0.0155] Patches Directory: /home/spider/pool2-ee-probe-a96-arm1-repeat2-20261005-v1/profile/PCSX2/patches
[    0.0155] Covers Directory: /home/spider/pool2-ee-probe-a96-arm1-repeat2-20261005-v1/profile/PCSX2/covers
[    0.0155] Game Settings Directory: /home/spider/pool2-ee-probe-a96-arm1-repeat2-20261005-v1/profile/PCSX2/gamesettings
[    0.0155] Resources Directory: /home/spider/tyrax2-debugger-linux-v1/squashfs-root/usr/bin/resources
[    0.0155] User Resources Directory: /home/spider/pool2-ee-probe-a96-arm1-repeat2-20261005-v1/profile/PCSX2/resources
[    0.0155] Cache Directory: /home/spider/pool2-ee-probe-a96-arm1-repeat2-20261005-v1/profile/PCSX2/cache
[    0.0155] Textures Directory: /home/spider/pool2-ee-probe-a96-arm1-repeat2-20261005-v1/profile/PCSX2/textures
[    0.0155] Input Profile Directory: /home/spider/pool2-ee-probe-a96-arm1-repeat2-20261005-v1/profile/PCSX2/inputprofiles
[    0.0155] Video Dumping Directory: /home/spider/pool2-ee-probe-a96-arm1-repeat2-20261005-v1/profile/PCSX2/videos
[    0.0155] Debugger Layouts Directory: /home/spider/pool2-ee-probe-a96-arm1-repeat2-20261005-v1/profile/PCSX2/inis/debuggerlayouts
[    0.0155] Debugger Settings Directory: /home/spider/pool2-ee-probe-a96-arm1-repeat2-20261005-v1/profile/PCSX2/inis/debuggersettings
[    0.0309] Loaded translation file for language en-US
[    0.0375] PCSX2 v2.9.93
[    0.0375] Savestate version: 0x9a590000
[    0.0375] 
[    0.0376] 
[    0.0376] Host Machine Init:
[    0.0377]   Operating System = Ubuntu 22.04
[    0.0377]   Available RAM    = 49096 MB (47.95 GB)
[    0.0377]   Physical RAM     = 50191 MB (49.02 GB)
[    0.0377] 
[    0.0377]   Processor        = AMD Ryzen Threadripper 1920X
[    0.0377]   Core Count       = 24 cores
[    0.0377]   Thread Count     = 24 threads
[    0.0377]   Cluster Count    = 1 clusters
[    0.0377] CPU Extensions Detected:
[    0.0377]   AVX AVX2
[    0.0377] 
[    0.0377] Allocating host memory for virtual systems...
[    0.0380]   EE Main Memory                   @ 0x00007FB5BB200000 -> 0x00007FB5C4100000 [143mb]
[    0.0380]   IOP Main Memory                  @ 0x00007FB5C4100000 -> 0x00007FB5CC200000 [129mb]
[    0.0380]   VU0/1 On-Chip Memory             @ 0x00007FB5CC200000 -> 0x00007FB5CC300000 [1mb]
[    0.0380]   VTLB Virtual Map                 @ 0x00007FB5CC300000 -> 0x00007FB5CCB00000 [8mb]
[    0.0380]   VTLB Address Map                 @ 0x00007FB5CCB00000 -> 0x00007FB5CCF00000 [4mb]
[    0.0380]   R5900 Recompiler Cache           @ 0x00007FB5CCF00000 -> 0x00007FB5D0F00000 [64mb]
[    0.0380]   R3000A Recompiler Cache          @ 0x00007FB5D0F00000 -> 0x00007FB5D2F00000 [32mb]
[    0.0380]   Micro VU0 Recompiler Cache       @ 0x00007FB5D3F00000 -> 0x00007FB5D7F00000 [64mb]
[    0.0380]   Micro VU1 Recompiler Cache       @ 0x00007FB5D7F00000 -> 0x00007FB5DBF00000 [64mb]
[    0.0380]   VIF0 Unpack Recompiler Cache     @ 0x00007FB5D2F00000 -> 0x00007FB5D3700000 [8mb]
[    0.0380]   VIF1 Unpack Recompiler Cache     @ 0x00007FB5D3700000 -> 0x00007FB5D3F00000 [8mb]
[    0.0380]   VIF Unpack Recompiler Cache      @ 0x00007FB5DBF00000 -> 0x00007FB5DC000000 [1mb]
[    0.0380]   GS Software Renderer             @ 0x00007FB5DC000000 -> 0x00007FB5E0000000 [64mb]
[    0.0394] Fastmem area: 0x7fb4bb200000 - 0x7fb5bb1fffff
[    0.0422] Generating SSE-optimized unpacking functions for VIF interpreters...
[    0.0425] Unpack function generation complete.  Generated function statistics:
[    0.0425]   Reserved buffer    : 1048576 bytes @ 0x00007FB5DBF00000
[    0.0425]   x86 code generated : 7422 bytes
[    0.0425] 
[    0.0429] SDLInputSource: Using Controller DB from resources.
[    0.0581] SDLInputSource: 765 gamepad mappings are loaded.
[    0.0582] Invalid binding: 'XInput-0/DPadUp'
[    0.0582] Invalid binding: 'XInput-0/DPadRight'
[    0.0582] Invalid binding: 'XInput-0/DPadDown'
[    0.0582] Invalid binding: 'XInput-0/DPadLeft'
[    0.0582] Invalid binding: 'XInput-0/Y'
[    0.0582] Invalid binding: 'XInput-0/B'
[    0.0582] Invalid binding: 'XInput-0/A'
[    0.0582] Invalid binding: 'XInput-0/X'
[    0.0582] Invalid binding: 'XInput-0/Back'
[    0.0582] Invalid binding: 'XInput-0/Start'
[    0.0583] Invalid binding: 'XInput-0/LeftShoulder'
[    0.0583] Invalid binding: 'XInput-0/+LeftTrigger'
[    0.0583] Invalid binding: 'XInput-0/RightShoulder'
[    0.0583] Invalid binding: 'XInput-0/+RightTrigger'
[    0.0583] Invalid binding: 'XInput-0/LeftStick'
[    0.0583] Invalid binding: 'XInput-0/RightStick'
[    0.0583] Invalid binding: 'XInput-0/Guide'
[    0.0583] Invalid binding: 'XInput-0/-LeftY'
[    0.0583] Invalid binding: 'XInput-0/+LeftX'
[    0.0583] Invalid binding: 'XInput-0/+LeftY'
[    0.0583] Invalid binding: 'XInput-0/-LeftX'
[    0.0583] Invalid binding: 'XInput-0/-RightY'
[    0.0583] Invalid binding: 'XInput-0/+RightX'
[    0.0583] Invalid binding: 'XInput-0/+RightY'
[    0.0583] Invalid binding: 'XInput-0/-RightX'
[    0.0589] Settings: Advanced Settings are enabled; only proceed if you know what you're doing! No support will be provided if you have the option enabled.
[    0.1075] Scanning F:\PS2\Games (recursively)
[    0.2070] Loading BIOS...
[    0.2182] BIOS Found: Europe  v02.00(14/06/2004)  Console 20040614-100914
[    0.2751] Mechacon version: 0x00020603
[    0.2767] Opening CDVD...
[    0.3190] Initializing Elf: 4464732 bytes
[    0.3197] Disc changed to .
[    0.3197]   Name: vehicle-playground [?]
[    0.3197]   Serial: vehicle-playground
[    0.3197]   Version: 
[    0.3197]   CRC: 1C2826FE
[    0.3198] No game settings found (tried '/home/spider/pool2-ee-probe-a96-arm1-repeat2-20261005-v1/profile/PCSX2/gamesettings/1C2826FE.ini')
[    0.3198] Applying settings...
[    0.3200] Invalid binding: 'XInput-0/DPadUp'
[    0.3200] Invalid binding: 'XInput-0/DPadRight'
[    0.3201] Invalid binding: 'XInput-0/DPadDown'
[    0.3201] Invalid binding: 'XInput-0/DPadLeft'
[    0.3201] Invalid binding: 'XInput-0/Y'
[    0.3201] Invalid binding: 'XInput-0/B'
[    0.3201] Invalid binding: 'XInput-0/A'
[    0.3201] Invalid binding: 'XInput-0/X'
[    0.3201] Invalid binding: 'XInput-0/Back'
[    0.3201] Invalid binding: 'XInput-0/Start'
[    0.3201] Invalid binding: 'XInput-0/LeftShoulder'
[    0.3201] Invalid binding: 'XInput-0/+LeftTrigger'
[    0.3201] Invalid binding: 'XInput-0/RightShoulder'
[    0.3201] Invalid binding: 'XInput-0/+RightTrigger'
[    0.3201] Invalid binding: 'XInput-0/LeftStick'
[    0.3201] Invalid binding: 'XInput-0/RightStick'
[    0.3201] Invalid binding: 'XInput-0/Guide'
[    0.3201] Invalid binding: 'XInput-0/-LeftY'
[    0.3201] Invalid binding: 'XInput-0/+LeftX'
[    0.3201] Invalid binding: 'XInput-0/+LeftY'
[    0.3201] Invalid binding: 'XInput-0/-LeftX'
[    0.3201] Invalid binding: 'XInput-0/-RightY'
[    0.3201] Invalid binding: 'XInput-0/+RightX'
[    0.3201] Invalid binding: 'XInput-0/+RightY'
[    0.3201] Invalid binding: 'XInput-0/-RightX'
[    0.3204] GameDB: Has not been initialized yet, initializing...
[    0.3650] GameDB: 12841 games on record (loaded in 44.57ms)
[    0.3676] Reopening memory cards...
[    0.3676] (FileMcd) Creating new 8MB memory card: /home/spider/pool2-ee-probe-a96-arm1-repeat2-20261005-v1/profile/PCSX2/memcards/Mcd001.ps2
[    0.3769] McdSlot 0 [File]: Mcd001.ps2 [8 MB, UNFORMATTED]
[    0.3769] McdSlot 1 [File]: [disabled/empty filename]
[    0.3812] HLE Host: Set 'host:' root path to: /mnt/f/Projects/tyrax2-lab-20261001/wild-pool2-ee-probe-physical-v1/game/bin
[    0.3813] EE/iR5900 Recompiler Reset
[    0.4220] iR3000A Recompiler reset.
[    0.4382] Resetting host memory for virtual systems...
[    0.6797] Time Zone Offset: GMT+01:00
[    0.6797] Time Zone Location: Berlin
[    0.6797] DST: Winter Time
[    0.6797] Time Format: 24-Hour
[    0.6797] Date Format: DD/MM/YYYY
[    0.6797] System Time Basis: Operating System Time
[    0.6797] Resulting System Time: 2026-10-05 12:53:24
[    0.6797] Close virtual disk tray
[    0.6797] Media already loaded (fast boot)
[    0.6798] Opening GS...
[    0.7231] VK: Enabling extension: VK_KHR_get_surface_capabilities2
[    0.7336] Using Vulkan GPU 'llvmpipe (LLVM 15.0.7, 256 bits)' for automatic renderer check.
[    0.7336] Not using Vulkan for software renderer.
[    0.7337] acquireRenderWindow() recreate=true fullscreen=false render_to_main=true surfaceless=false
[    0.7366] (GetRefreshRateFromXRandR) Modeline is invalid: 0/0/0
[    0.7367] Surface refresh rate: 60 Hz
[    0.7372] Loading EGL from libEGL.so...
[    0.7383] GLAD EGL Version: 1.0
[    0.7383] Using EGL platform EGL_EXT_platform_x11.
[    0.7468] eglInitialize() version: 1.5
[    0.7469] GLAD EGL Version: 1.5
[    0.7469] Trying GL version 4.6
[    0.7470] eglCreateContext() failed: 0x3009
[    0.7470] Trying GL version 4.5
[    0.7575] Got GL version 4.5
[    0.7576] EGL_MIN_SWAP_INTERVAL = 1
[    0.7576] EGL_MAX_SWAP_INTERVAL = 1
[    0.7576] Negative swap interval/tear-control is NOT supported
[    0.7600] GL_VENDOR: Mesa
[    0.7600] GL_VERSION: 4.5 (Core Profile) Mesa 23.2.1-1ubuntu3.1~22.04.4
[    0.7600] GL_RENDERER: llvmpipe (LLVM 15.0.7, 256 bits)
[    0.7600] GL_SHADING_LANGUAGE_VERSION: 4.50
[    0.7601] GL_MAX_VERTEX_SHADER_STORAGE_BLOCKS: 16
[    0.7601] GL: Viewport Array:            Supported       => Using: GL_ARB_viewport_array
[    0.7601] GL: Direct State Access:       Supported       => Using: OpenGL 4.5 Core
[    0.7601] GL: Copy Image:                Supported       => Using: OpenGL 4.3 Core
[    0.7601] GL: Clip Control:              Supported       => Using: OpenGL 4.5 Core
[    0.7601] GL: Conservative Depth:        Supported       => Using: OpenGL 4.2 Core
[    0.7601] GL: CAS Sharpening:            Supported       => Using: OpenGL 4.2 Core
[    0.7601] GL: Texture Barriers:          Auto            => Using: Framebuffer Fetch
[    0.7601] GL: RGBA16 HW Blending:        Supported       => Using: RGBA16 UNORM
[    0.7601] GL: Point Expansion:           Supported       => Using: Hardware
[    0.7601] GL: Line Expansion:            Fallback        => Using: Vertex Expansion
[    0.7601] GL: Sprite Expansion:          Supported       => Using: Vertex Expansion
[    0.7601] GL: DXTn Texture Compression:  Supported       => Using: GL_EXT_texture_compression_s3tc
[    0.7601] GL: BC6/7 Texture Compression: Supported       => Using: OpenGL 4.2 Core
[    0.7695] 1 program binary formats supported by driver
[    0.8088] Program binary retrieved, 4105 bytes, format 34655
[    0.8093] Program binary retrieved, 4121 bytes, format 34655
[    0.8097] Program binary retrieved, 4249 bytes, format 34655
[    0.8102] Program binary retrieved, 4013 bytes, format 34655
[    0.8106] Program binary retrieved, 4013 bytes, format 34655
[    0.8110] Program binary retrieved, 4017 bytes, format 34655
[    0.8114] Program binary retrieved, 4017 bytes, format 34655
[    0.8119] Program binary retrieved, 4185 bytes, format 34655
[    0.8124] Program binary retrieved, 4217 bytes, format 34655
[    0.8128] Program binary retrieved, 4137 bytes, format 34655
[    0.8133] Program binary retrieved, 4125 bytes, format 34655
[    0.8137] Program binary retrieved, 4121 bytes, format 34655
[    0.8142] Program binary retrieved, 4253 bytes, format 34655
[    0.8150] Program binary retrieved, 4237 bytes, format 34655
[    0.8154] Program binary retrieved, 4245 bytes, format 34655
[    0.8158] Program binary retrieved, 4261 bytes, format 34655
[    0.8166] Program binary retrieved, 4965 bytes, format 34655
[    0.8172] Program binary retrieved, 4981 bytes, format 34655
[    0.8177] Program binary retrieved, 4261 bytes, format 34655
[    0.8182] Program binary retrieved, 4277 bytes, format 34655
[    0.8187] Program binary retrieved, 5005 bytes, format 34655
[    0.8192] Program binary retrieved, 5021 bytes, format 34655
[    0.8195] Program binary retrieved, 4257 bytes, format 34655
[    0.8200] Program binary retrieved, 4273 bytes, format 34655
[    0.8206] Program binary retrieved, 5001 bytes, format 34655
[    0.8211] Program binary retrieved, 5017 bytes, format 34655
[    0.8215] Program binary retrieved, 4277 bytes, format 34655
[    0.8220] Program binary retrieved, 4293 bytes, format 34655
[    0.8225] Program binary retrieved, 5057 bytes, format 34655
[    0.8230] Program binary retrieved, 5073 bytes, format 34655
[    0.8234] Program binary retrieved, 4153 bytes, format 34655
[    0.8238] Program binary retrieved, 4169 bytes, format 34655
[    0.8242] Program binary retrieved, 4233 bytes, format 34655
[    0.8248] Program binary retrieved, 5781 bytes, format 34655
[    0.8254] Program binary retrieved, 5373 bytes, format 34655
[    0.8262] Program binary retrieved, 6389 bytes, format 34655
[    0.8269] Program binary retrieved, 4917 bytes, format 34655
[    0.8274] Program binary retrieved, 4845 bytes, format 34655
[    0.8280] Program binary retrieved, 4997 bytes, format 34655
[    0.8284] Program binary retrieved, 4101 bytes, format 34655
[    0.8317] Program binary retrieved, 4137 bytes, format 34655
[    0.8355] Program binary retrieved, 4109 bytes, format 34655
[    0.8360] Program binary retrieved, 5389 bytes, format 34655
[    0.8364] Program binary retrieved, 5829 bytes, format 34655
[    0.8370] Program binary retrieved, 5857 bytes, format 34655
[    0.8374] Program binary retrieved, 4289 bytes, format 34655
[    0.8399] Program binary retrieved, 21205 bytes, format 34655
[    0.8404] Program binary retrieved, 4765 bytes, format 34655
[    0.8409] Program binary retrieved, 5685 bytes, format 34655
[    0.8414] Program binary retrieved, 4141 bytes, format 34655
[    0.8419] Program binary retrieved, 4537 bytes, format 34655
[    0.8423] Program binary retrieved, 4889 bytes, format 34655
[    0.8426] Program binary retrieved, 4117 bytes, format 34655
[    0.8430] Program binary retrieved, 4741 bytes, format 34655
[    0.8434] Program binary retrieved, 4965 bytes, format 34655
[    0.8440] Program binary retrieved, 6613 bytes, format 34655
[    0.8445] Program binary retrieved, 4797 bytes, format 34655
[    0.8464] Program binary retrieved, 13085 bytes, format 34655
[    0.8531] Program binary retrieved, 7285 bytes, format 34655
[    0.8598] Program binary retrieved, 5497 bytes, format 34655
[    0.8602] Program binary retrieved, 4141 bytes, format 34655
[    0.8606] Program binary retrieved, 4141 bytes, format 34655
[    0.8610] Program binary retrieved, 4145 bytes, format 34655
[    0.8614] Program binary retrieved, 4145 bytes, format 34655
[    0.9194] Program binary retrieved, 5369 bytes, format 34655
[    0.9213] OpenGL Graphics Driver Info:
[    0.9214] OpenGL Context:
[    0.9214] 4.5 (Core Profile) Mesa 23.2.1-1ubuntu3.1~22.04.4
[    0.9214] Mesa llvmpipe (LLVM 15.0.7, 256 bits)
[    0.9214] GLSL: 4.50
[    0.9248] Processor count: 24 cores, 24 processors, 1 clusters
[    0.9248] Ordered processor list: 12, 23, 22, 21, 20, 19, 18, 17, 16, 15, 14, 13, 0, 11, 10, 9, 8, 7, 6, 5, 4, 3, 2, 1
[    0.9248] Not pinning SW threads, we need 4 processors, but only have 0
[    0.9259] Opening SPU2...
[    0.9272] Creating Null audio stream, sample rate = 48000, expansion = Disabled, buffer = 50, latency = 32, stretching enabled, driver = wasapi, device = 
[    0.9273] Allocated buffer of 2432 frames for buffer of 50 ms [expansion Disabled (block size 2048), stretch disabled, target size 2432].
[    0.9273] Initializing Pad...
[    0.9273] Initializing SIO2...
[    0.9273] Initializing SIO0...
[    0.9273] Opening DEV9...
[    0.9273] DEV9: DEV9init
[    0.9283] DEV9: DEV9init2
[    0.9283] DEV9: DEV9init3
[    0.9327] DEV9: DEV9init ok
[    0.9327] DEV9: DEV9open
[    0.9327] Opening USB...
[    0.9328] Opening FW...
[    0.9333] Frame rate: 59.94, target speed: 1, target frame rate: 59.94, ticks per frame: 16683350
[    0.9358] MultiPause time: 144ns
[    0.9359] MultiPause time: 237ns
[    0.9360] MultiPause time: 142ns
[    0.9361] MultiPause time: 142ns
[    0.9372] VM subsystems initialized in 734.51 ms
[    0.9475] Failed to inhibit screen saver.
[    0.9475] Processor order assignment: EE=12, VU=23, GS=23
[    0.9475]   EE thread is on processor 12 (0x1000)
[    0.9476]   GS thread is on processor 23 (0x800000)
[    0.9580] Failed to inhibit screen saver.
[    0.9872] # Initialize memory (rev:3.70, ctm:197Mhz, cpuclk:147Mhz detected)
[    0.9955] R3000 Debugger: Branch to 0x890 (SYSMEM). Clearing modules.
[    0.9971] RegisterLibraryEntries: excepman version 1.01
[    0.9980] RegisterLibraryEntries:  intrman version 1.02
[    0.9981] RegisterLibraryEntries:   ssbusc version 1.01
[    0.9984] RegisterLibraryEntries:  dmacman version 1.02
[    0.9989] RegisterLibraryEntries:  timrman version 1.01
[    0.9991] RegisterLibraryEntries:  sysclib version 1.01
[    0.9992] RegisterLibraryEntries:    stdio version 1.01
[    0.9993] RegisterLibraryEntries:  heaplib version 1.01
[    0.9997] FW: read mem 0x1f80847c: 0x10000001
[    0.9998] FW: write mem 0x1f808414: 0x417f0000
[    0.9998] FW: read mem 0x1f808400: 0xffc00001
[    0.9998] FW: write mem 0x1f80844c: 0xffffffff
[    0.9998] FW: write mem 0x1f808420: 0xffffffff
[    0.9998] FW: write mem 0x1f808428: 0xffffffff
[    0.9998] FW: write mem 0x1f808430: 0xffffffff
[    1.0007] RegisterLibraryEntries:   thbase version 1.01
[    1.0008] RegisterLibraryEntries:  thevent version 1.01
[    1.0008] RegisterLibraryEntries:  thsemap version 1.01
[    1.0009] RegisterLibraryEntries:  thmsgbx version 1.01
[    1.0009] RegisterLibraryEntries:  thfpool version 1.01
[    1.0009] RegisterLibraryEntries:  thvpool version 1.01
[    1.0017] RegisterLibraryEntries:   vblank version 1.01
[    1.0023] RegisterLibraryEntries:    ioman version 1.02
[    1.0029] RegisterLibraryEntries:  modload version 1.01
[    1.0033] RegisterLibraryEntries:   romdrv version 2.01
[    1.0035] RegisterLibraryEntries:    stdio version 1.02
[    1.0039] RegisterLibraryEntries:   sifman version 1.01
[    1.0041] 
[    1.0042] PlayStation 2 ======== Hard reset boot
[    1.0043]  ROMGEN=2004-0614, IOP info (CPUID=1f, CACH_CONFIG=0, 2MB, IOP mode)
[    1.0045]  <20040614-100914,ROMconf,PS20200EC20040614.bin:11696>
[    1.0142] # Total accessable memory size: 32 MB (B:2:8:0) (370:2:7c30)
[    1.0153] # TLB spad=0 kernel=1:12 default=13:30 extended=31:38
[    1.0783] # Initialize Start.
[    1.0788] # Initialize GS ...
[    1.0788] # Initialize INTC ...
[    1.0788] # Initialize TIMER ...
[    1.0789] # Initialize DMAC ...
[    1.0790] # Initialize VU1 ...
[    1.0792] # Initialize VIF1 ...
[    1.0793] # Initialize GIF ...
[    1.0793] # Initialize VU0 ...
[    1.0794] # Initialize VIF0 ...
[    1.0795] # Initialize IPU ...
[    1.0796] # Initialize FPU ...
[    1.0797] # Initialize User Memory ...
[    1.1411] # Initialize Scratch Pad ...
[    1.1411] # Initialize Done.
[    1.1420] 
[    1.1420] EE DECI2 Manager version 0.06 Feb  6 2003 08:38:48
[    1.1420]   CPUID=2e20, BoardID=0, ROMGEN=2004-0614, 32M
[    1.1420] 
[    1.1423] RegisterLibraryEntries:   sifcmd version 1.01
[    1.1754] Initializing Elf: 4464732 bytes
[    1.1781] ELF Loading: host:vehicle-playground.elf, Game CRC = 1C2826FE, EntryPoint = 0x00100E78
[    1.1809] RegisterLibraryEntries:  cdvdman version 1.01
[    1.1846] Imported 823 symbols.
[    1.1885] RegisterLibraryEntries:  cdvdfsv version 1.01
[    1.1902] RegisterLibraryEntries:  secrman version 1.03
[    1.1903] RegisterLibraryEntries:   eesync version 1.01
[    1.1904] 
[    1.1904] IOP Realtime Kernel Ver.0.9.1
[    1.1905]     Copyright 1999 (C) Sony Computer Entertainment Inc. 
[    1.1910] Reboot service module.(99/11/10)
[    1.1933] cdvd driver module version 0.1.1 (C)SCEI
[    1.1938] Load File service.(99/11/05)
[    1.1939] Multi Threaded Fileio module.(99/11/15) 
[    1.1940] iop heap service (99/11/03)
[    1.2194] loadelf: fname host:vehicle-playground.elf secname all
[    1.2195] loadelf version 3.30
[    1.2217] Input ELF format filename = host:vehicle-playground.elf
[    1.2409] PINE: New client with FD 14 connected.
[    1.2412] PINE: Client disconnected.
[    1.2695] 1 00100000 003f603c ................................................................
[    1.2695] Loaded, host:vehicle-playground.elf
[    1.2696] start address 0x100e78
[    1.2696] gp address 00000000
[    1.2704] (VMManager) Pausing...
[    1.2706] (VMManager) Resuming...
[    1.2838] Failed to inhibit screen saver.
[    1.2839] EE/iR5900 Recompiler Reset
[    1.3021] # Restart Without Memory Clear.
[    1.3135] # Initialize GS ...
[    1.3135] # Initialize INTC ...
[    1.3135] # Initialize TIMER ...
[    1.3136] # Initialize DMAC ...
[    1.3137] # Initialize VU1 ...
[    1.3139] # Initialize VIF1 ...
[    1.3140] # Initialize GIF ...
[    1.3140] # Initialize VU0 ...
[    1.3141] # Initialize VIF0 ...
[    1.3142] # Initialize IPU ...
[    1.3143] # Initialize FPU ...
[    1.3143] # Initialize Scratch Pad ...
[    1.3143] # Restart Without Memory Clear Done.
[    1.3146] ELF host:vehicle-playground.elf with entry point at 0x00100E78 is executing.
[    1.3146] ELF changed, active CRC 1C2826FE (host:vehicle-playground.elf)
[    1.3150] Applying core settings...
[    1.3150] Debugger Settings Manager: Failed to read Saved Addresses array from settings file: '/home/spider/pool2-ee-probe-a96-arm1-repeat2-20261005-v1/profile/PCSX2/inis/debuggersettings/vehicle-playground_1C2826FE.json'
[    1.3150] Debugger Settings Manager: Failed to read Saved Addresses array from settings file: '/home/spider/pool2-ee-probe-a96-arm1-repeat2-20261005-v1/profile/PCSX2/inis/debuggersettings/vehicle-playground_1C2826FE.json'
[    1.3154] Updating CPU configuration...
[    1.3154] iR3000A Recompiler reset.
[    1.3390] iR3000A Recompiler reset.
[    1.3422] PINE: New client with FD 14 connected.
[    1.3428] PINE: Client disconnected.
[    1.3473] EE/iR5900 Recompiler Reset
[    1.3658] (VMManager) Pausing...
[    1.3661] EE/iR5900 Recompiler Reset
[    1.3833] EE/iR5900 Recompiler Reset
[    1.4045] iR3000A Recompiler reset.
[    1.4116] EE/iR5900 Recompiler Reset
[    1.4397] iR3000A Recompiler reset.
[    1.4437] PINE: New client with FD 14 connected.
[    1.4441] PINE: Client disconnected.
[    1.4457] EE/iR5900 Recompiler Reset
[    1.4677] iR3000A Recompiler reset.
[    1.4719] EE/iR5900 Recompiler Reset
[    1.4909] iR3000A Recompiler reset.
[    1.4962] EE/iR5900 Recompiler Reset
[    1.5922] PINE: New client with FD 14 connected.
[    1.5926] OSD [SaveStateSlot140]: Saving state to slot 140...
[    1.6210]   Saving SPU2
[    1.6217]   Saving GS
[    1.7194] OSD [SaveStateSlot140]: Saved state to slot 140.
[    1.7194] Zipping save state to '/home/spider/pool2-ee-probe-a96-arm1-repeat2-20261005-v1/profile/PCSX2/sstates/vehicle-playground (1C2826FE).140.p2s' took 91.69 ms
[    2.8669] PINE: Client disconnected.
[    3.3529] PINE: New client with FD 14 connected.
[    3.3584] (VMManager) Resuming...
[    3.3707] Failed to inhibit screen saver.
[    3.3722] BIOS: Successfully found the instruction pattern. Assuming the thread list is here: 8001a640
[    3.3749] Warning: GetOsdConfigParam2 Reading extended language/version configs, may be incorrect!
[    3.3853] read/write allocate memory 4000
[    3.3854] open name host:/ps2link.run flag 1 data 41378
[    3.3860] open fd = -5
[    3.3887] Get Reboot Request From EE
[    3.3899] R3000 Debugger: Branch to 0x890 (SYSMEM). Clearing modules.
[    3.3925] RegisterLibraryEntries: excepman version 1.01
[    3.3938] RegisterLibraryEntries:  intrman version 1.02
[    3.3940] RegisterLibraryEntries:   ssbusc version 1.01
[    3.3946] RegisterLibraryEntries:  dmacman version 1.02
[    3.3952] RegisterLibraryEntries:  timrman version 1.01
[    3.3957] RegisterLibraryEntries:  sysclib version 1.01
[    3.3958] RegisterLibraryEntries:    stdio version 1.01
[    3.3960] RegisterLibraryEntries:  heaplib version 1.01
[    3.3985] RegisterLibraryEntries:   thbase version 1.01
[    3.3985] RegisterLibraryEntries:  thevent version 1.01
[    3.3986] RegisterLibraryEntries:  thsemap version 1.01
[    3.3986] RegisterLibraryEntries:  thmsgbx version 1.01
[    3.3986] RegisterLibraryEntries:  thfpool version 1.01
[    3.3987] RegisterLibraryEntries:  thvpool version 1.01
[    3.3997] RegisterLibraryEntries:   vblank version 1.01
[    3.4002] RegisterLibraryEntries:    ioman version 1.02
[    3.4013] RegisterLibraryEntries:  modload version 1.01
[    3.4094] RegisterLibraryEntries:   romdrv version 2.01
[    3.4097] RegisterLibraryEntries:    stdio version 1.02
[    3.4102] RegisterLibraryEntries:   sifman version 1.01
[    3.4106] 
[    3.4106] PlayStation 2 ======== Soft reboot
[    3.4113] RegisterLibraryEntries:   sifcmd version 1.01
[    3.4151] RegisterLibraryEntries:  cdvdman version 1.01
[    3.4168] RegisterLibraryEntries:  cdvdfsv version 1.01
[    3.4247] RegisterLibraryEntries:  secrman version 1.03
[    3.4249] RegisterLibraryEntries:   eesync version 1.01
[    3.4251] 
[    3.4251] IOP Realtime Kernel Ver.0.9.1
[    3.4251]     Copyright 1999 (C) Sony Computer Entertainment Inc. 
[    3.4256] Reboot service module.(99/11/10)
[    3.4275] [EE] Skipping timeout loop at 0x002D4180 -> 0x002D41A0
[    3.4275] cdvd driver module version 0.1.1 (C)SCEI
[    3.4279] Load File service.(99/11/05)
[    3.4279] Multi Threaded Fileio module.(99/11/15) 
[    3.4280] iop heap service (99/11/03)
[    3.4471] RegisterLibraryEntries:   iomanx version 1.01
[    3.4482] fileXio: fileXio: fileXio RPC Server v1.00
[    3.4482] Copyright (c) 2003 adresd
[    3.4484] RegisterLibraryEntries:  sio2man version 2.07
[    3.4485] RegisterLibraryEntries:  sio2man version 1.02
[    3.4491] RegisterLibraryEntries:   padman version 1.02
[    3.4493] Pad Driver for OSD
[    3.4497] FREESD v1.01
[    3.4497] RegisterLibraryEntries:    libsd version 1.04
[    3.4502] debug_level = 1 (ps2snd 0.1
[    3.4589] PINE: Client disconnected.
[    3.4628] greetings from version 0.93 !
[    3.4628] RegisterLibraryEntries:   audsrv version 1.04
[    3.4629] audsrv_adpcm_init()
[    3.4641] UpdateVSyncRate: Mode Changed to SDTV 480p.
[    3.4641] Frame rate: 59.94, target speed: 1, target frame rate: 59.94, ticks per frame: 16683350
[    3.4641] Set GS CRTC configuration. SDTV   720x480 @ 59.94 Progressive (FRAME)
[    5.5349] read/write allocate memory 4000
[    5.5351] 
[    5.5354] -----------------------------------------
[    5.5355]         _____        ____   ___
[    5.5355]           |     /   ____| |___|
[    5.5356]           |     |   |     |   |
[    5.5356] -----------------------------------------
[    5.5357] Copyright 2022
[    5.5357] Repository: https://github.com/h4570/tyra
[    5.5358] Licensed under Apache License 2.0
[    5.5363] Version: 2.2.0
[    5.5363] -----------------------------------------
[    5.5364] 
[    5.7012] audsrv_adpcm_init()
[    5.7024] [EE] Skipping timeout loop at 0x00102CB0 -> 0x00102CD0
[    5.7354] Curent pad(0,0) status: EXECCMD
[    5.9339] Pad: DS2 Config Finished - P1/S1 - AL: Off - AB: Usable - VS: Disabled - VL: Disabled - RB: D (0x00000000)
[    5.9680] Curent pad(0,0) status: EXECCMD
[    6.0328] Pad: DS2 Config Finished - P1/S1 - AL: On - AB: Locked - VS: Disabled - VL: Disabled - RB: D (0x00000000)
[    6.2345] Pad: DS2 Config Finished - P1/S1 - AL: On - AB: Locked - VS: Disabled - VL: Disabled - RB: D (0x00000000)
[    6.2678] Curent pad(0,0) status: EXECCMD
[    6.5337] Pad: DS2 Config Finished - P1/S1 - AL: On - AB: Locked - VS: Disabled - VL: Disabled - RB: D+A+P (0x0003FFFF)
[    6.7338] Pad: DS2 Config Finished - P1/S1 - AL: On - AB: Locked - VS: Disabled - VL: Disabled - RB: D+A+P (0x0003FFFF)
[    6.7699] open name host:/pool2-probe.cfg flag 1 data 41378
[    6.7713] open fd = 256
[    6.7768] open name host:/hud/flare-corona.png flag 1 data 41378
[    6.7783] open fd = 256
[    6.7990] LOG: POOL2PROBE_CONFIG arm=1 vertices=96 members=1 repeats=2 package=75 alpha=128
[    6.7992] LOG: POOL2EEPROBE_CONFIG kind=7 clip=0 lazy=1 oracle=0
[    6.8002] FRAMEARENA allocated=1 bytes=1048576
[    6.8114] microVU1: Cached Prog = [000] [PC=18e0] [List=01] (Cache=0.000%) [0.0mb]
[    6.8124] microVU1: 3 cycle stall on branch instruction [1f78]
[    6.8133] microVU1: Cached Prog = [001] [PC=2480] [List=01] (Cache=0.246%) [0.1mb]
[    6.8142] microVU1: 3 cycle stall on branch instruction [1f78]
[    6.8261] LOG: POOL2EEPROBE_SOURCE clip=0 ready=0 total=96 generation=1 coldOracle=0
[    6.8262] LOG: POOL2PROBE_FRAME frame=1 cold=1 arm=1 eligible=0 applied=0 compared=0 mismatches=0
[    6.8410] LOG: POOL2EEPROBE_SOURCE clip=0 ready=0 total=96 generation=2 coldOracle=0
[    6.8410] LOG: POOL2PROBE_FRAME frame=2 cold=0 arm=1 eligible=0 applied=0 compared=0 mismatches=0
[    6.8411] LOG: POOL2PROBE_READY arm=1 vertices=96 repeats=2 completed=2 warmBypass=0
[    6.8412] (VMManager) Pausing...
[    6.8831] PINE: New client with FD 14 connected.
[    6.8835] PINE: Client disconnected.
[    7.0041] PINE: New client with FD 14 connected.
[    7.0045] OSD [SaveStateSlot175]: Saving state to slot 175...
[    7.0341]   Saving SPU2
[    7.0347]   Saving GS
[    7.1385] OSD [SaveStateSlot175]: Saved state to slot 175.
[    7.1385] Zipping save state to '/home/spider/pool2-ee-probe-a96-arm1-repeat2-20261005-v1/profile/PCSX2/sstates/vehicle-playground (1C2826FE).175.p2s' took 98.60 ms
[    8.2890] PINE: Client disconnected.
