[    0.0164] Program Path: /home/spider/tyrax2-debugger-linux-v1/squashfs-root/usr/bin/pcsx2-qt
[    0.0164] AppRoot Directory: /home/spider/tyrax2-debugger-linux-v1/squashfs-root/usr/bin
[    0.0164] Resources Directory: /home/spider/tyrax2-debugger-linux-v1/squashfs-root/usr/bin/resources
[    0.0165] DataRoot Directory: /home/spider/pool-lattice-probe-b192-arm1-repeat3-20261005-v1/profile/PCSX2
[    0.0165] Loading config from /home/spider/pool-lattice-probe-b192-arm1-repeat3-20261005-v1/profile/PCSX2/inis/PCSX2.ini.
[    0.0167] Loading secrets from /home/spider/pool-lattice-probe-b192-arm1-repeat3-20261005-v1/profile/PCSX2/inis/secrets.ini.
[    0.0170] BIOS Directory: /mnt/c/Users/pawel/OneDrive/Documents/PCSX2/bios
[    0.0170] Snapshots Directory: /home/spider/pool-lattice-probe-b192-arm1-repeat3-20261005-v1/profile/PCSX2/snaps
[    0.0170] Savestates Directory: /home/spider/pool-lattice-probe-b192-arm1-repeat3-20261005-v1/profile/PCSX2/sstates
[    0.0171] MemoryCards Directory: /home/spider/pool-lattice-probe-b192-arm1-repeat3-20261005-v1/profile/PCSX2/memcards
[    0.0171] Logs Directory: /home/spider/pool-lattice-probe-b192-arm1-repeat3-20261005-v1/profile/PCSX2/logs
[    0.0171] Cheats Directory: /home/spider/pool-lattice-probe-b192-arm1-repeat3-20261005-v1/profile/PCSX2/cheats
[    0.0171] Patches Directory: /home/spider/pool-lattice-probe-b192-arm1-repeat3-20261005-v1/profile/PCSX2/patches
[    0.0171] Covers Directory: /home/spider/pool-lattice-probe-b192-arm1-repeat3-20261005-v1/profile/PCSX2/covers
[    0.0171] Game Settings Directory: /home/spider/pool-lattice-probe-b192-arm1-repeat3-20261005-v1/profile/PCSX2/gamesettings
[    0.0171] Resources Directory: /home/spider/tyrax2-debugger-linux-v1/squashfs-root/usr/bin/resources
[    0.0171] User Resources Directory: /home/spider/pool-lattice-probe-b192-arm1-repeat3-20261005-v1/profile/PCSX2/resources
[    0.0171] Cache Directory: /home/spider/pool-lattice-probe-b192-arm1-repeat3-20261005-v1/profile/PCSX2/cache
[    0.0171] Textures Directory: /home/spider/pool-lattice-probe-b192-arm1-repeat3-20261005-v1/profile/PCSX2/textures
[    0.0171] Input Profile Directory: /home/spider/pool-lattice-probe-b192-arm1-repeat3-20261005-v1/profile/PCSX2/inputprofiles
[    0.0171] Video Dumping Directory: /home/spider/pool-lattice-probe-b192-arm1-repeat3-20261005-v1/profile/PCSX2/videos
[    0.0171] Debugger Layouts Directory: /home/spider/pool-lattice-probe-b192-arm1-repeat3-20261005-v1/profile/PCSX2/inis/debuggerlayouts
[    0.0171] Debugger Settings Directory: /home/spider/pool-lattice-probe-b192-arm1-repeat3-20261005-v1/profile/PCSX2/inis/debuggersettings
[    0.0330] Loaded translation file for language en-US
[    0.0395] PCSX2 v2.9.93
[    0.0395] Savestate version: 0x9a590000
[    0.0396] 
[    0.0396] 
[    0.0396] Host Machine Init:
[    0.0396]   Operating System = Ubuntu 22.04
[    0.0396]   Available RAM    = 49073 MB (47.92 GB)
[    0.0396]   Physical RAM     = 50191 MB (49.02 GB)
[    0.0396] 
[    0.0397]   Processor        = AMD Ryzen Threadripper 1920X
[    0.0397]   Core Count       = 24 cores
[    0.0397]   Thread Count     = 24 threads
[    0.0397]   Cluster Count    = 1 clusters
[    0.0397] CPU Extensions Detected:
[    0.0397]   AVX AVX2
[    0.0397] 
[    0.0397] Allocating host memory for virtual systems...
[    0.0401]   EE Main Memory                   @ 0x00007F0253200000 -> 0x00007F025C100000 [143mb]
[    0.0401]   IOP Main Memory                  @ 0x00007F025C100000 -> 0x00007F0264200000 [129mb]
[    0.0401]   VU0/1 On-Chip Memory             @ 0x00007F0264200000 -> 0x00007F0264300000 [1mb]
[    0.0401]   VTLB Virtual Map                 @ 0x00007F0264300000 -> 0x00007F0264B00000 [8mb]
[    0.0401]   VTLB Address Map                 @ 0x00007F0264B00000 -> 0x00007F0264F00000 [4mb]
[    0.0401]   R5900 Recompiler Cache           @ 0x00007F0264F00000 -> 0x00007F0268F00000 [64mb]
[    0.0401]   R3000A Recompiler Cache          @ 0x00007F0268F00000 -> 0x00007F026AF00000 [32mb]
[    0.0401]   Micro VU0 Recompiler Cache       @ 0x00007F026BF00000 -> 0x00007F026FF00000 [64mb]
[    0.0402]   Micro VU1 Recompiler Cache       @ 0x00007F026FF00000 -> 0x00007F0273F00000 [64mb]
[    0.0402]   VIF0 Unpack Recompiler Cache     @ 0x00007F026AF00000 -> 0x00007F026B700000 [8mb]
[    0.0402]   VIF1 Unpack Recompiler Cache     @ 0x00007F026B700000 -> 0x00007F026BF00000 [8mb]
[    0.0402]   VIF Unpack Recompiler Cache      @ 0x00007F0273F00000 -> 0x00007F0274000000 [1mb]
[    0.0402]   GS Software Renderer             @ 0x00007F0274000000 -> 0x00007F0278000000 [64mb]
[    0.0421] Fastmem area: 0x7f0153200000 - 0x7f02531fffff
[    0.0452] Generating SSE-optimized unpacking functions for VIF interpreters...
[    0.0455] Unpack function generation complete.  Generated function statistics:
[    0.0455]   Reserved buffer    : 1048576 bytes @ 0x00007F0273F00000
[    0.0455]   x86 code generated : 7422 bytes
[    0.0455] 
[    0.0457] SDLInputSource: Using Controller DB from resources.
[    0.0639] SDLInputSource: 765 gamepad mappings are loaded.
[    0.0640] Invalid binding: 'XInput-0/DPadUp'
[    0.0640] Invalid binding: 'XInput-0/DPadRight'
[    0.0640] Invalid binding: 'XInput-0/DPadDown'
[    0.0640] Invalid binding: 'XInput-0/DPadLeft'
[    0.0640] Invalid binding: 'XInput-0/Y'
[    0.0640] Invalid binding: 'XInput-0/B'
[    0.0640] Invalid binding: 'XInput-0/A'
[    0.0640] Invalid binding: 'XInput-0/X'
[    0.0640] Invalid binding: 'XInput-0/Back'
[    0.0640] Invalid binding: 'XInput-0/Start'
[    0.0640] Invalid binding: 'XInput-0/LeftShoulder'
[    0.0640] Invalid binding: 'XInput-0/+LeftTrigger'
[    0.0640] Invalid binding: 'XInput-0/RightShoulder'
[    0.0640] Invalid binding: 'XInput-0/+RightTrigger'
[    0.0640] Invalid binding: 'XInput-0/LeftStick'
[    0.0640] Invalid binding: 'XInput-0/RightStick'
[    0.0640] Invalid binding: 'XInput-0/Guide'
[    0.0640] Invalid binding: 'XInput-0/-LeftY'
[    0.0640] Invalid binding: 'XInput-0/+LeftX'
[    0.0640] Invalid binding: 'XInput-0/+LeftY'
[    0.0640] Invalid binding: 'XInput-0/-LeftX'
[    0.0640] Invalid binding: 'XInput-0/-RightY'
[    0.0640] Invalid binding: 'XInput-0/+RightX'
[    0.0640] Invalid binding: 'XInput-0/+RightY'
[    0.0641] Invalid binding: 'XInput-0/-RightX'
[    0.0647] Settings: Advanced Settings are enabled; only proceed if you know what you're doing! No support will be provided if you have the option enabled.
[    0.1129] Scanning F:\PS2\Games (recursively)
[    0.2237] Loading BIOS...
[    0.2367] BIOS Found: Europe  v02.00(14/06/2004)  Console 20040614-100914
[    0.3018] Mechacon version: 0x00020603
[    0.3040] Opening CDVD...
[    0.3386] Initializing Elf: 4470780 bytes
[    0.3392] Disc changed to .
[    0.3392]   Name: vehicle-playground [?]
[    0.3392]   Serial: vehicle-playground
[    0.3393]   Version: 
[    0.3393]   CRC: 57773078
[    0.3393] No game settings found (tried '/home/spider/pool-lattice-probe-b192-arm1-repeat3-20261005-v1/profile/PCSX2/gamesettings/57773078.ini')
[    0.3393] Applying settings...
[    0.3396] Invalid binding: 'XInput-0/DPadUp'
[    0.3396] Invalid binding: 'XInput-0/DPadRight'
[    0.3396] Invalid binding: 'XInput-0/DPadDown'
[    0.3396] Invalid binding: 'XInput-0/DPadLeft'
[    0.3396] Invalid binding: 'XInput-0/Y'
[    0.3396] Invalid binding: 'XInput-0/B'
[    0.3396] Invalid binding: 'XInput-0/A'
[    0.3396] Invalid binding: 'XInput-0/X'
[    0.3396] Invalid binding: 'XInput-0/Back'
[    0.3396] Invalid binding: 'XInput-0/Start'
[    0.3396] Invalid binding: 'XInput-0/LeftShoulder'
[    0.3396] Invalid binding: 'XInput-0/+LeftTrigger'
[    0.3396] Invalid binding: 'XInput-0/RightShoulder'
[    0.3396] Invalid binding: 'XInput-0/+RightTrigger'
[    0.3396] Invalid binding: 'XInput-0/LeftStick'
[    0.3396] Invalid binding: 'XInput-0/RightStick'
[    0.3396] Invalid binding: 'XInput-0/Guide'
[    0.3396] Invalid binding: 'XInput-0/-LeftY'
[    0.3396] Invalid binding: 'XInput-0/+LeftX'
[    0.3396] Invalid binding: 'XInput-0/+LeftY'
[    0.3396] Invalid binding: 'XInput-0/-LeftX'
[    0.3396] Invalid binding: 'XInput-0/-RightY'
[    0.3396] Invalid binding: 'XInput-0/+RightX'
[    0.3397] Invalid binding: 'XInput-0/+RightY'
[    0.3397] Invalid binding: 'XInput-0/-RightX'
[    0.3399] GameDB: Has not been initialized yet, initializing...
[    0.3873] GameDB: 12841 games on record (loaded in 47.43ms)
[    0.3901] Reopening memory cards...
[    0.3901] (FileMcd) Creating new 8MB memory card: /home/spider/pool-lattice-probe-b192-arm1-repeat3-20261005-v1/profile/PCSX2/memcards/Mcd001.ps2
[    0.4000] McdSlot 0 [File]: Mcd001.ps2 [8 MB, UNFORMATTED]
[    0.4000] McdSlot 1 [File]: [disabled/empty filename]
[    0.4046] HLE Host: Set 'host:' root path to: /mnt/f/Projects/tyrax2-lab-20261001/wild-pool-lattice-probe-physical-v1/game/bin
[    0.4046] EE/iR5900 Recompiler Reset
[    0.4449] iR3000A Recompiler reset.
[    0.4706] Resetting host memory for virtual systems...
[    0.7176] Time Zone Offset: GMT+01:00
[    0.7177] Time Zone Location: Berlin
[    0.7177] DST: Winter Time
[    0.7177] Time Format: 24-Hour
[    0.7177] Date Format: DD/MM/YYYY
[    0.7177] System Time Basis: Operating System Time
[    0.7177] Resulting System Time: 2026-10-05 13:42:49
[    0.7177] Close virtual disk tray
[    0.7177] Media already loaded (fast boot)
[    0.7177] Opening GS...
[    0.7555] VK: Enabling extension: VK_KHR_get_surface_capabilities2
[    0.7660] Using Vulkan GPU 'llvmpipe (LLVM 15.0.7, 256 bits)' for automatic renderer check.
[    0.7660] Not using Vulkan for software renderer.
[    0.7662] acquireRenderWindow() recreate=true fullscreen=false render_to_main=true surfaceless=false
[    0.7687] (GetRefreshRateFromXRandR) Modeline is invalid: 0/0/0
[    0.7687] Surface refresh rate: 60 Hz
[    0.7691] Loading EGL from libEGL.so...
[    0.7704] GLAD EGL Version: 1.0
[    0.7704] Using EGL platform EGL_EXT_platform_x11.
[    0.7790] eglInitialize() version: 1.5
[    0.7792] GLAD EGL Version: 1.5
[    0.7792] Trying GL version 4.6
[    0.7792] eglCreateContext() failed: 0x3009
[    0.7792] Trying GL version 4.5
[    0.7907] Got GL version 4.5
[    0.7907] EGL_MIN_SWAP_INTERVAL = 1
[    0.7907] EGL_MAX_SWAP_INTERVAL = 1
[    0.7907] Negative swap interval/tear-control is NOT supported
[    0.7934] GL_VENDOR: Mesa
[    0.7934] GL_VERSION: 4.5 (Core Profile) Mesa 23.2.1-1ubuntu3.1~22.04.4
[    0.7934] GL_RENDERER: llvmpipe (LLVM 15.0.7, 256 bits)
[    0.7934] GL_SHADING_LANGUAGE_VERSION: 4.50
[    0.7935] GL_MAX_VERTEX_SHADER_STORAGE_BLOCKS: 16
[    0.7935] GL: Viewport Array:            Supported       => Using: GL_ARB_viewport_array
[    0.7935] GL: Direct State Access:       Supported       => Using: OpenGL 4.5 Core
[    0.7935] GL: Copy Image:                Supported       => Using: OpenGL 4.3 Core
[    0.7935] GL: Clip Control:              Supported       => Using: OpenGL 4.5 Core
[    0.7935] GL: Conservative Depth:        Supported       => Using: OpenGL 4.2 Core
[    0.7935] GL: CAS Sharpening:            Supported       => Using: OpenGL 4.2 Core
[    0.7935] GL: Texture Barriers:          Auto            => Using: Framebuffer Fetch
[    0.7935] GL: RGBA16 HW Blending:        Supported       => Using: RGBA16 UNORM
[    0.7935] GL: Point Expansion:           Supported       => Using: Hardware
[    0.7935] GL: Line Expansion:            Fallback        => Using: Vertex Expansion
[    0.7935] GL: Sprite Expansion:          Supported       => Using: Vertex Expansion
[    0.7935] GL: DXTn Texture Compression:  Supported       => Using: GL_EXT_texture_compression_s3tc
[    0.7935] GL: BC6/7 Texture Compression: Supported       => Using: OpenGL 4.2 Core
[    0.8015] 1 program binary formats supported by driver
[    0.8523] Program binary retrieved, 4105 bytes, format 34655
[    0.8529] Program binary retrieved, 4121 bytes, format 34655
[    0.8533] Program binary retrieved, 4249 bytes, format 34655
[    0.8537] Program binary retrieved, 4013 bytes, format 34655
[    0.8541] Program binary retrieved, 4013 bytes, format 34655
[    0.8546] Program binary retrieved, 4017 bytes, format 34655
[    0.8549] Program binary retrieved, 4017 bytes, format 34655
[    0.8553] Program binary retrieved, 4185 bytes, format 34655
[    0.8557] Program binary retrieved, 4217 bytes, format 34655
[    0.8561] Program binary retrieved, 4137 bytes, format 34655
[    0.8565] Program binary retrieved, 4125 bytes, format 34655
[    0.8570] Program binary retrieved, 4121 bytes, format 34655
[    0.8576] Program binary retrieved, 4253 bytes, format 34655
[    0.8582] Program binary retrieved, 4237 bytes, format 34655
[    0.8586] Program binary retrieved, 4245 bytes, format 34655
[    0.8590] Program binary retrieved, 4261 bytes, format 34655
[    0.8595] Program binary retrieved, 4965 bytes, format 34655
[    0.8600] Program binary retrieved, 4981 bytes, format 34655
[    0.8603] Program binary retrieved, 4261 bytes, format 34655
[    0.8607] Program binary retrieved, 4277 bytes, format 34655
[    0.8612] Program binary retrieved, 5005 bytes, format 34655
[    0.8617] Program binary retrieved, 5021 bytes, format 34655
[    0.8621] Program binary retrieved, 4257 bytes, format 34655
[    0.8625] Program binary retrieved, 4273 bytes, format 34655
[    0.8630] Program binary retrieved, 5001 bytes, format 34655
[    0.8636] Program binary retrieved, 5017 bytes, format 34655
[    0.8641] Program binary retrieved, 4277 bytes, format 34655
[    0.8646] Program binary retrieved, 4293 bytes, format 34655
[    0.8650] Program binary retrieved, 5057 bytes, format 34655
[    0.8656] Program binary retrieved, 5073 bytes, format 34655
[    0.8660] Program binary retrieved, 4153 bytes, format 34655
[    0.8664] Program binary retrieved, 4169 bytes, format 34655
[    0.8668] Program binary retrieved, 4233 bytes, format 34655
[    0.8673] Program binary retrieved, 5781 bytes, format 34655
[    0.8678] Program binary retrieved, 5373 bytes, format 34655
[    0.8684] Program binary retrieved, 6389 bytes, format 34655
[    0.8688] Program binary retrieved, 4917 bytes, format 34655
[    0.8692] Program binary retrieved, 4845 bytes, format 34655
[    0.8697] Program binary retrieved, 4997 bytes, format 34655
[    0.8702] Program binary retrieved, 4101 bytes, format 34655
[    0.8736] Program binary retrieved, 4137 bytes, format 34655
[    0.8770] Program binary retrieved, 4109 bytes, format 34655
[    0.8774] Program binary retrieved, 5389 bytes, format 34655
[    0.8778] Program binary retrieved, 5829 bytes, format 34655
[    0.8782] Program binary retrieved, 5857 bytes, format 34655
[    0.8786] Program binary retrieved, 4289 bytes, format 34655
[    0.8812] Program binary retrieved, 21205 bytes, format 34655
[    0.8819] Program binary retrieved, 4765 bytes, format 34655
[    0.8826] Program binary retrieved, 5685 bytes, format 34655
[    0.8830] Program binary retrieved, 4141 bytes, format 34655
[    0.8833] Program binary retrieved, 4537 bytes, format 34655
[    0.8838] Program binary retrieved, 4889 bytes, format 34655
[    0.8841] Program binary retrieved, 4117 bytes, format 34655
[    0.8845] Program binary retrieved, 4741 bytes, format 34655
[    0.8849] Program binary retrieved, 4965 bytes, format 34655
[    0.8855] Program binary retrieved, 6613 bytes, format 34655
[    0.8859] Program binary retrieved, 4797 bytes, format 34655
[    0.8875] Program binary retrieved, 13085 bytes, format 34655
[    0.8938] Program binary retrieved, 7285 bytes, format 34655
[    0.8997] Program binary retrieved, 5497 bytes, format 34655
[    0.9000] Program binary retrieved, 4141 bytes, format 34655
[    0.9003] Program binary retrieved, 4141 bytes, format 34655
[    0.9009] Program binary retrieved, 4145 bytes, format 34655
[    0.9013] Program binary retrieved, 4145 bytes, format 34655
[    0.9530] Program binary retrieved, 5369 bytes, format 34655
[    0.9549] OpenGL Graphics Driver Info:
[    0.9550] OpenGL Context:
[    0.9550] 4.5 (Core Profile) Mesa 23.2.1-1ubuntu3.1~22.04.4
[    0.9550] Mesa llvmpipe (LLVM 15.0.7, 256 bits)
[    0.9550] GLSL: 4.50
[    0.9581] Processor count: 24 cores, 24 processors, 1 clusters
[    0.9582] Ordered processor list: 12, 23, 22, 21, 20, 19, 18, 17, 16, 15, 14, 13, 0, 11, 10, 9, 8, 7, 6, 5, 4, 3, 2, 1
[    0.9582] Not pinning SW threads, we need 4 processors, but only have 0
[    0.9586] Opening SPU2...
[    0.9588] Creating Null audio stream, sample rate = 48000, expansion = Disabled, buffer = 50, latency = 32, stretching enabled, driver = wasapi, device = 
[    0.9589] Allocated buffer of 2432 frames for buffer of 50 ms [expansion Disabled (block size 2048), stretch disabled, target size 2432].
[    0.9589] Initializing Pad...
[    0.9589] Initializing SIO2...
[    0.9589] Initializing SIO0...
[    0.9589] Opening DEV9...
[    0.9589] DEV9: DEV9init
[    0.9591] DEV9: DEV9init2
[    0.9591] DEV9: DEV9init3
[    0.9638] DEV9: DEV9init ok
[    0.9638] DEV9: DEV9open
[    0.9638] Opening USB...
[    0.9639] Opening FW...
[    0.9643] Frame rate: 59.94, target speed: 1, target frame rate: 59.94, ticks per frame: 16683350
[    0.9679] VM subsystems initialized in 749.00 ms
[    0.9707] MultiPause time: 144ns
[    0.9708] MultiPause time: 201ns
[    0.9710] MultiPause time: 142ns
[    0.9710] MultiPause time: 142ns
[    0.9785] Failed to inhibit screen saver.
[    0.9786] Processor order assignment: EE=12, VU=23, GS=23
[    0.9786]   EE thread is on processor 12 (0x1000)
[    0.9787]   GS thread is on processor 23 (0x800000)
[    0.9890] Failed to inhibit screen saver.
[    1.0156] # Initialize memory (rev:3.70, ctm:197Mhz, cpuclk:147Mhz detected)
[    1.0243] R3000 Debugger: Branch to 0x890 (SYSMEM). Clearing modules.
[    1.0260] RegisterLibraryEntries: excepman version 1.01
[    1.0270] RegisterLibraryEntries:  intrman version 1.02
[    1.0271] RegisterLibraryEntries:   ssbusc version 1.01
[    1.0275] RegisterLibraryEntries:  dmacman version 1.02
[    1.0279] RegisterLibraryEntries:  timrman version 1.01
[    1.0281] RegisterLibraryEntries:  sysclib version 1.01
[    1.0282] RegisterLibraryEntries:    stdio version 1.01
[    1.0283] RegisterLibraryEntries:  heaplib version 1.01
[    1.0287] FW: read mem 0x1f80847c: 0x10000001
[    1.0287] FW: write mem 0x1f808414: 0x417f0000
[    1.0287] FW: read mem 0x1f808400: 0xffc00001
[    1.0287] FW: write mem 0x1f80844c: 0xffffffff
[    1.0287] FW: write mem 0x1f808420: 0xffffffff
[    1.0287] FW: write mem 0x1f808428: 0xffffffff
[    1.0287] FW: write mem 0x1f808430: 0xffffffff
[    1.0297] RegisterLibraryEntries:   thbase version 1.01
[    1.0298] RegisterLibraryEntries:  thevent version 1.01
[    1.0298] RegisterLibraryEntries:  thsemap version 1.01
[    1.0298] RegisterLibraryEntries:  thmsgbx version 1.01
[    1.0299] RegisterLibraryEntries:  thfpool version 1.01
[    1.0299] RegisterLibraryEntries:  thvpool version 1.01
[    1.0307] RegisterLibraryEntries:   vblank version 1.01
[    1.0311] RegisterLibraryEntries:    ioman version 1.02
[    1.0319] RegisterLibraryEntries:  modload version 1.01
[    1.0322] RegisterLibraryEntries:   romdrv version 2.01
[    1.0325] RegisterLibraryEntries:    stdio version 1.02
[    1.0329] RegisterLibraryEntries:   sifman version 1.01
[    1.0332] 
[    1.0332] PlayStation 2 ======== Hard reset boot
[    1.0334]  ROMGEN=2004-0614, IOP info (CPUID=1f, CACH_CONFIG=0, 2MB, IOP mode)
[    1.0336]  <20040614-100914,ROMconf,PS20200EC20040614.bin:11696>
[    1.0432] # Total accessable memory size: 32 MB (B:2:8:0) (370:2:7c30)
[    1.0442] # TLB spad=0 kernel=1:12 default=13:30 extended=31:38
[    1.1105] # Initialize Start.
[    1.1110] # Initialize GS ...
[    1.1110] # Initialize INTC ...
[    1.1110] # Initialize TIMER ...
[    1.1111] # Initialize DMAC ...
[    1.1112] # Initialize VU1 ...
[    1.1114] # Initialize VIF1 ...
[    1.1116] # Initialize GIF ...
[    1.1116] # Initialize VU0 ...
[    1.1118] # Initialize VIF0 ...
[    1.1118] # Initialize IPU ...
[    1.1120] # Initialize FPU ...
[    1.1120] # Initialize User Memory ...
[    1.1736] # Initialize Scratch Pad ...
[    1.1736] # Initialize Done.
[    1.1746] 
[    1.1746] EE DECI2 Manager version 0.06 Feb  6 2003 08:38:48
[    1.1746]   CPUID=2e20, BoardID=0, ROMGEN=2004-0614, 32M
[    1.1746] 
[    1.1748] RegisterLibraryEntries:   sifcmd version 1.01
[    1.2099] Initializing Elf: 4470780 bytes
[    1.2127] ELF Loading: host:vehicle-playground.elf, Game CRC = 57773078, EntryPoint = 0x00100E78
[    1.2160] RegisterLibraryEntries:  cdvdman version 1.01
[    1.2195] Imported 823 symbols.
[    1.2229] RegisterLibraryEntries:  cdvdfsv version 1.01
[    1.2248] RegisterLibraryEntries:  secrman version 1.03
[    1.2249] RegisterLibraryEntries:   eesync version 1.01
[    1.2250] 
[    1.2251] IOP Realtime Kernel Ver.0.9.1
[    1.2251]     Copyright 1999 (C) Sony Computer Entertainment Inc. 
[    1.2257] Reboot service module.(99/11/10)
[    1.2280] cdvd driver module version 0.1.1 (C)SCEI
[    1.2285] Load File service.(99/11/05)
[    1.2286] Multi Threaded Fileio module.(99/11/15) 
[    1.2286] iop heap service (99/11/03)
[    1.2502] loadelf: fname host:vehicle-playground.elf secname all
[    1.2503] loadelf version 3.30
[    1.2525] Input ELF format filename = host:vehicle-playground.elf
[    1.2584] PINE: New client with FD 14 connected.
[    1.2588] PINE: Client disconnected.
[    1.3065] 1 00100000 003f77bc ................................................................
[    1.3066] Loaded, host:vehicle-playground.elf
[    1.3066] start address 0x100e78
[    1.3066] gp address 00000000
[    1.3076] (VMManager) Pausing...
[    1.3077] (VMManager) Resuming...
[    1.3201] Failed to inhibit screen saver.
[    1.3201] EE/iR5900 Recompiler Reset
[    1.3392] # Restart Without Memory Clear.
[    1.3507] # Initialize GS ...
[    1.3507] # Initialize INTC ...
[    1.3507] # Initialize TIMER ...
[    1.3509] # Initialize DMAC ...
[    1.3510] # Initialize VU1 ...
[    1.3511] # Initialize VIF1 ...
[    1.3512] # Initialize GIF ...
[    1.3513] # Initialize VU0 ...
[    1.3514] # Initialize VIF0 ...
[    1.3515] # Initialize IPU ...
[    1.3516] # Initialize FPU ...
[    1.3516] # Initialize Scratch Pad ...
[    1.3517] # Restart Without Memory Clear Done.
[    1.3520] ELF host:vehicle-playground.elf with entry point at 0x00100E78 is executing.
[    1.3521] ELF changed, active CRC 57773078 (host:vehicle-playground.elf)
[    1.3526] Applying core settings...
[    1.3533] Updating CPU configuration...
[    1.3533] iR3000A Recompiler reset.
[    1.3534] Debugger Settings Manager: Failed to read Saved Addresses array from settings file: '/home/spider/pool-lattice-probe-b192-arm1-repeat3-20261005-v1/profile/PCSX2/inis/debuggersettings/vehicle-playground_57773078.json'
[    1.3535] Debugger Settings Manager: Failed to read Saved Addresses array from settings file: '/home/spider/pool-lattice-probe-b192-arm1-repeat3-20261005-v1/profile/PCSX2/inis/debuggersettings/vehicle-playground_57773078.json'
[    1.3593] PINE: New client with FD 14 connected.
[    1.3596] PINE: Client disconnected.
[    1.3763] iR3000A Recompiler reset.
[    1.3845] EE/iR5900 Recompiler Reset
[    1.4033] (VMManager) Pausing...
[    1.4038] EE/iR5900 Recompiler Reset
[    1.4237] EE/iR5900 Recompiler Reset
[    1.4400] iR3000A Recompiler reset.
[    1.4443] EE/iR5900 Recompiler Reset
[    1.4597] iR3000A Recompiler reset.
[    1.4603] PINE: New client with FD 14 connected.
[    1.4606] PINE: Client disconnected.
[    1.4639] EE/iR5900 Recompiler Reset
[    1.4809] iR3000A Recompiler reset.
[    1.4856] EE/iR5900 Recompiler Reset
[    1.5010] iR3000A Recompiler reset.
[    1.5059] EE/iR5900 Recompiler Reset
[    1.5814] PINE: New client with FD 14 connected.
[    1.5817] OSD [SaveStateSlot140]: Saving state to slot 140...
[    1.6141]   Saving SPU2
[    1.6148]   Saving GS
[    1.7156] OSD [SaveStateSlot140]: Saved state to slot 140.
[    1.7156] Zipping save state to '/home/spider/pool-lattice-probe-b192-arm1-repeat3-20261005-v1/profile/PCSX2/sstates/vehicle-playground (57773078).140.p2s' took 95.26 ms
[    2.8721] PINE: Client disconnected.
[    3.3634] PINE: New client with FD 14 connected.
[    3.3838] (VMManager) Resuming...
[    3.3970] Failed to inhibit screen saver.
[    3.3988] BIOS: Successfully found the instruction pattern. Assuming the thread list is here: 8001a640
[    3.4021] Warning: GetOsdConfigParam2 Reading extended language/version configs, may be incorrect!
[    3.4138] read/write allocate memory 4000
[    3.4140] open name host:/ps2link.run flag 1 data 41378
[    3.4145] open fd = -5
[    3.4175] Get Reboot Request From EE
[    3.4188] R3000 Debugger: Branch to 0x890 (SYSMEM). Clearing modules.
[    3.4209] RegisterLibraryEntries: excepman version 1.01
[    3.4221] RegisterLibraryEntries:  intrman version 1.02
[    3.4222] RegisterLibraryEntries:   ssbusc version 1.01
[    3.4228] RegisterLibraryEntries:  dmacman version 1.02
[    3.4234] RegisterLibraryEntries:  timrman version 1.01
[    3.4240] RegisterLibraryEntries:  sysclib version 1.01
[    3.4241] RegisterLibraryEntries:    stdio version 1.01
[    3.4243] RegisterLibraryEntries:  heaplib version 1.01
[    3.4266] RegisterLibraryEntries:   thbase version 1.01
[    3.4267] RegisterLibraryEntries:  thevent version 1.01
[    3.4267] RegisterLibraryEntries:  thsemap version 1.01
[    3.4268] RegisterLibraryEntries:  thmsgbx version 1.01
[    3.4269] RegisterLibraryEntries:  thfpool version 1.01
[    3.4269] RegisterLibraryEntries:  thvpool version 1.01
[    3.4278] RegisterLibraryEntries:   vblank version 1.01
[    3.4283] RegisterLibraryEntries:    ioman version 1.02
[    3.4293] RegisterLibraryEntries:  modload version 1.01
[    3.4379] RegisterLibraryEntries:   romdrv version 2.01
[    3.4383] RegisterLibraryEntries:    stdio version 1.02
[    3.4387] RegisterLibraryEntries:   sifman version 1.01
[    3.4393] 
[    3.4394] PlayStation 2 ======== Soft reboot
[    3.4401] RegisterLibraryEntries:   sifcmd version 1.01
[    3.4437] RegisterLibraryEntries:  cdvdman version 1.01
[    3.4453] RegisterLibraryEntries:  cdvdfsv version 1.01
[    3.4529] RegisterLibraryEntries:  secrman version 1.03
[    3.4531] RegisterLibraryEntries:   eesync version 1.01
[    3.4533] 
[    3.4533] IOP Realtime Kernel Ver.0.9.1
[    3.4533]     Copyright 1999 (C) Sony Computer Entertainment Inc. 
[    3.4538] Reboot service module.(99/11/10)
[    3.4558] [EE] Skipping timeout loop at 0x002D52D0 -> 0x002D52F0
[    3.4558] cdvd driver module version 0.1.1 (C)SCEI
[    3.4562] Load File service.(99/11/05)
[    3.4562] Multi Threaded Fileio module.(99/11/15) 
[    3.4563] iop heap service (99/11/03)
[    3.4698] PINE: Client disconnected.
[    3.4735] RegisterLibraryEntries:   iomanx version 1.01
[    3.4747] fileXio: fileXio: fileXio RPC Server v1.00
[    3.4747] Copyright (c) 2003 adresd
[    3.4749] RegisterLibraryEntries:  sio2man version 2.07
[    3.4750] RegisterLibraryEntries:  sio2man version 1.02
[    3.4756] RegisterLibraryEntries:   padman version 1.02
[    3.4758] Pad Driver for OSD
[    3.4762] FREESD v1.01
[    3.4762] RegisterLibraryEntries:    libsd version 1.04
[    3.4878] debug_level = 1 (ps2snd 0.1
[    3.4886] greetings from version 0.93 !
[    3.4886] RegisterLibraryEntries:   audsrv version 1.04
[    3.4887] audsrv_adpcm_init()
[    3.4898] UpdateVSyncRate: Mode Changed to SDTV 480p.
[    3.4899] Frame rate: 59.94, target speed: 1, target frame rate: 59.94, ticks per frame: 16683350
[    3.4899] Set GS CRTC configuration. SDTV   720x480 @ 59.94 Progressive (FRAME)
[    5.5773] read/write allocate memory 4000
[    5.5775] 
[    5.5778] -----------------------------------------
[    5.5778]         _____        ____   ___
[    5.5779]           |     /   ____| |___|
[    5.5779]           |     |   |     |   |
[    5.5780] -----------------------------------------
[    5.5780] Copyright 2022
[    5.5781] Repository: https://github.com/h4570/tyra
[    5.5781] Licensed under Apache License 2.0
[    5.5786] Version: 2.2.0
[    5.5786] -----------------------------------------
[    5.5787] 
[    5.7436] audsrv_adpcm_init()
[    5.7448] [EE] Skipping timeout loop at 0x00102CB0 -> 0x00102CD0
[    5.7777] Curent pad(0,0) status: EXECCMD
[    5.9755] Pad: DS2 Config Finished - P1/S1 - AL: Off - AB: Usable - VS: Disabled - VL: Disabled - RB: D (0x00000000)
[    6.0091] Curent pad(0,0) status: EXECCMD
[    6.0753] Pad: DS2 Config Finished - P1/S1 - AL: On - AB: Locked - VS: Disabled - VL: Disabled - RB: D (0x00000000)
[    6.2759] Pad: DS2 Config Finished - P1/S1 - AL: On - AB: Locked - VS: Disabled - VL: Disabled - RB: D (0x00000000)
[    6.3093] Curent pad(0,0) status: EXECCMD
[    6.5761] Pad: DS2 Config Finished - P1/S1 - AL: On - AB: Locked - VS: Disabled - VL: Disabled - RB: D+A+P (0x0003FFFF)
[    6.7757] Pad: DS2 Config Finished - P1/S1 - AL: On - AB: Locked - VS: Disabled - VL: Disabled - RB: D+A+P (0x0003FFFF)
[    6.8132] open name host:/pool2-probe.cfg flag 1 data 41378
[    6.8151] open fd = 256
[    6.8208] open name host:/hud/flare-corona.png flag 1 data 41378
[    6.8230] open fd = 256
[    6.8447] LOG: POOL2PROBE_CONFIG arm=1 vertices=192 members=2 repeats=3 package=75 alpha=128
[    6.8448] LOG: POOL2EEPROBE_CONFIG kind=8 clip=0 lazy=1 table=1 lattice=1 oracle=0
[    6.8462] FRAMEARENA allocated=1 bytes=1048576
[    6.8581] microVU1: Cached Prog = [000] [PC=18e0] [List=01] (Cache=0.000%) [0.0mb]
[    6.8590] microVU1: 3 cycle stall on branch instruction [2008]
[    6.8602] microVU1: Branch Optimization
[    6.8602] microVU1: Cached Prog = [001] [PC=2750] [List=01] (Cache=0.280%) [0.2mb]
[    6.8613] microVU1: 3 cycle stall on branch instruction [2008]
[    6.8637] microVU1: Branch Optimization
[    6.8756] LOG: POOL2EEPROBE_SOURCE clip=0 ready=0 total=192 generation=1 coldOracle=0
[    6.8757] LOG: POOL2PROBE_FRAME frame=1 cold=1 arm=1 eligible=0 applied=0 compared=0 mismatches=0
[    6.8901] LOG: POOL2EEPROBE_SOURCE clip=0 ready=0 total=192 generation=2 coldOracle=0
[    6.8902] LOG: POOL2PROBE_FRAME frame=2 cold=0 arm=1 eligible=0 applied=0 compared=0 mismatches=0
[    6.9027] LOG: POOL2EEPROBE_SOURCE clip=0 ready=0 total=192 generation=3 coldOracle=0
[    6.9028] LOG: POOL2PROBE_FRAME frame=3 cold=0 arm=1 eligible=0 applied=0 compared=0 mismatches=0
[    6.9028] LOG: POOL2PROBE_READY arm=1 vertices=192 repeats=3 completed=3 warmBypass=0
[    6.9029] (VMManager) Pausing...
[    6.9992] PINE: New client with FD 14 connected.
[    6.9995] PINE: Client disconnected.
[    7.1274] PINE: New client with FD 14 connected.
[    7.1277] OSD [SaveStateSlot195]: Saving state to slot 195...
[    7.1578]   Saving SPU2
[    7.1583]   Saving GS
[    7.2609] OSD [SaveStateSlot195]: Saved state to slot 195.
[    7.2610] Zipping save state to '/home/spider/pool-lattice-probe-b192-arm1-repeat3-20261005-v1/profile/PCSX2/sstates/vehicle-playground (57773078).195.p2s' took 97.62 ms
[    8.4134] PINE: Client disconnected.
