// Generated by TyraX. Do not edit - regenerated on every build.
//
// IOP kernel functions this module imports. A job that needs more (memory
// allocation, semaphores) adds the matching block here - but note the file is
// regenerated, so a project that needs its own set takes ownership of the
// generated Makefile rule instead. See docs/iop-compute.md.
//
// C++ comments, not '#': the Makefile pastes this file into a .c after an
// #include line, so the C preprocessor reads every line here - a '#' comment
// arrives as an unknown directive and the module fails to compile.
#include <loadcore.h>
loadcore_IMPORTS_start
I_FlushDcache
loadcore_IMPORTS_end

#include <thbase.h>
thbase_IMPORTS_start
I_CreateThread
I_StartThread
I_GetThreadId
I_GetSystemTime
I_DelayThread
thbase_IMPORTS_end

#include <sifcmd.h>
sifcmd_IMPORTS_start
I_sceSifInitRpc
I_sceSifSetRpcQueue
I_sceSifRegisterRpc
I_sceSifRpcLoop
sifcmd_IMPORTS_end

#include <sysmem.h>
sysmem_IMPORTS_start
I_QueryTotalFreeMemSize
I_Kprintf
sysmem_IMPORTS_end
