[    0.0152] Program Path: /home/spider/tyrax2-debugger-linux-v1/squashfs-root/usr/bin/pcsx2-qt
[    0.0152] AppRoot Directory: /home/spider/tyrax2-debugger-linux-v1/squashfs-root/usr/bin
[    0.0152] Resources Directory: /home/spider/tyrax2-debugger-linux-v1/squashfs-root/usr/bin/resources
[    0.0152] DataRoot Directory: /home/spider/pool2-ee-probe-b192-arm0-repeat3-20261005-v1/profile/PCSX2
[    0.0153] Loading config from /home/spider/pool2-ee-probe-b192-arm0-repeat3-20261005-v1/profile/PCSX2/inis/PCSX2.ini.
[    0.0155] Loading secrets from /home/spider/pool2-ee-probe-b192-arm0-repeat3-20261005-v1/profile/PCSX2/inis/secrets.ini.
[    0.0159] BIOS Directory: /mnt/c/Users/pawel/OneDrive/Documents/PCSX2/bios
[    0.0159] Snapshots Directory: /home/spider/pool2-ee-probe-b192-arm0-repeat3-20261005-v1/profile/PCSX2/snaps
[    0.0159] Savestates Directory: /home/spider/pool2-ee-probe-b192-arm0-repeat3-20261005-v1/profile/PCSX2/sstates
[    0.0159] MemoryCards Directory: /home/spider/pool2-ee-probe-b192-arm0-repeat3-20261005-v1/profile/PCSX2/memcards
[    0.0159] Logs Directory: /home/spider/pool2-ee-probe-b192-arm0-repeat3-20261005-v1/profile/PCSX2/logs
[    0.0159] Cheats Directory: /home/spider/pool2-ee-probe-b192-arm0-repeat3-20261005-v1/profile/PCSX2/cheats
[    0.0159] Patches Directory: /home/spider/pool2-ee-probe-b192-arm0-repeat3-20261005-v1/profile/PCSX2/patches
[    0.0159] Covers Directory: /home/spider/pool2-ee-probe-b192-arm0-repeat3-20261005-v1/profile/PCSX2/covers
[    0.0159] Game Settings Directory: /home/spider/pool2-ee-probe-b192-arm0-repeat3-20261005-v1/profile/PCSX2/gamesettings
[    0.0159] Resources Directory: /home/spider/tyrax2-debugger-linux-v1/squashfs-root/usr/bin/resources
[    0.0159] User Resources Directory: /home/spider/pool2-ee-probe-b192-arm0-repeat3-20261005-v1/profile/PCSX2/resources
[    0.0160] Cache Directory: /home/spider/pool2-ee-probe-b192-arm0-repeat3-20261005-v1/profile/PCSX2/cache
[    0.0160] Textures Directory: /home/spider/pool2-ee-probe-b192-arm0-repeat3-20261005-v1/profile/PCSX2/textures
[    0.0160] Input Profile Directory: /home/spider/pool2-ee-probe-b192-arm0-repeat3-20261005-v1/profile/PCSX2/inputprofiles
[    0.0160] Video Dumping Directory: /home/spider/pool2-ee-probe-b192-arm0-repeat3-20261005-v1/profile/PCSX2/videos
[    0.0160] Debugger Layouts Directory: /home/spider/pool2-ee-probe-b192-arm0-repeat3-20261005-v1/profile/PCSX2/inis/debuggerlayouts
[    0.0160] Debugger Settings Directory: /home/spider/pool2-ee-probe-b192-arm0-repeat3-20261005-v1/profile/PCSX2/inis/debuggersettings
[    0.0306] Loaded translation file for language en-US
[    0.0369] PCSX2 v2.9.93
[    0.0369] Savestate version: 0x9a590000
[    0.0369] 
[    0.0369] 
[    0.0369] Host Machine Init:
[    0.0370]   Operating System = Ubuntu 22.04
[    0.0370]   Available RAM    = 49088 MB (47.94 GB)
[    0.0371]   Physical RAM     = 50191 MB (49.02 GB)
[    0.0371] 
[    0.0371]   Processor        = AMD Ryzen Threadripper 1920X
[    0.0371]   Core Count       = 24 cores
[    0.0371]   Thread Count     = 24 threads
[    0.0371]   Cluster Count    = 1 clusters
[    0.0371] CPU Extensions Detected:
[    0.0371]   AVX AVX2
[    0.0371] 
[    0.0371] Allocating host memory for virtual systems...
[    0.0374]   EE Main Memory                   @ 0x00007F17C3200000 -> 0x00007F17CC100000 [143mb]
[    0.0374]   IOP Main Memory                  @ 0x00007F17CC100000 -> 0x00007F17D4200000 [129mb]
[    0.0374]   VU0/1 On-Chip Memory             @ 0x00007F17D4200000 -> 0x00007F17D4300000 [1mb]
[    0.0374]   VTLB Virtual Map                 @ 0x00007F17D4300000 -> 0x00007F17D4B00000 [8mb]
[    0.0374]   VTLB Address Map                 @ 0x00007F17D4B00000 -> 0x00007F17D4F00000 [4mb]
[    0.0374]   R5900 Recompiler Cache           @ 0x00007F17D4F00000 -> 0x00007F17D8F00000 [64mb]
[    0.0374]   R3000A Recompiler Cache          @ 0x00007F17D8F00000 -> 0x00007F17DAF00000 [32mb]
[    0.0374]   Micro VU0 Recompiler Cache       @ 0x00007F17DBF00000 -> 0x00007F17DFF00000 [64mb]
[    0.0374]   Micro VU1 Recompiler Cache       @ 0x00007F17DFF00000 -> 0x00007F17E3F00000 [64mb]
[    0.0374]   VIF0 Unpack Recompiler Cache     @ 0x00007F17DAF00000 -> 0x00007F17DB700000 [8mb]
[    0.0374]   VIF1 Unpack Recompiler Cache     @ 0x00007F17DB700000 -> 0x00007F17DBF00000 [8mb]
[    0.0374]   VIF Unpack Recompiler Cache      @ 0x00007F17E3F00000 -> 0x00007F17E4000000 [1mb]
[    0.0374]   GS Software Renderer             @ 0x00007F17E4000000 -> 0x00007F17E8000000 [64mb]
[    0.0402] Fastmem area: 0x7f16c3200000 - 0x7f17c31fffff
[    0.0418] Generating SSE-optimized unpacking functions for VIF interpreters...
[    0.0422] Unpack function generation complete.  Generated function statistics:
[    0.0422]   Reserved buffer    : 1048576 bytes @ 0x00007F17E3F00000
[    0.0422]   x86 code generated : 7422 bytes
[    0.0422] 
[    0.0425] SDLInputSource: Using Controller DB from resources.
[    0.0619] SDLInputSource: 765 gamepad mappings are loaded.
[    0.0620] Invalid binding: 'XInput-0/DPadUp'
[    0.0620] Invalid binding: 'XInput-0/DPadRight'
[    0.0620] Invalid binding: 'XInput-0/DPadDown'
[    0.0620] Invalid binding: 'XInput-0/DPadLeft'
[    0.0620] Invalid binding: 'XInput-0/Y'
[    0.0620] Invalid binding: 'XInput-0/B'
[    0.0620] Invalid binding: 'XInput-0/A'
[    0.0620] Invalid binding: 'XInput-0/X'
[    0.0620] Invalid binding: 'XInput-0/Back'
[    0.0620] Invalid binding: 'XInput-0/Start'
[    0.0620] Invalid binding: 'XInput-0/LeftShoulder'
[    0.0621] Invalid binding: 'XInput-0/+LeftTrigger'
[    0.0621] Invalid binding: 'XInput-0/RightShoulder'
[    0.0621] Invalid binding: 'XInput-0/+RightTrigger'
[    0.0621] Invalid binding: 'XInput-0/LeftStick'
[    0.0621] Invalid binding: 'XInput-0/RightStick'
[    0.0621] Invalid binding: 'XInput-0/Guide'
[    0.0621] Invalid binding: 'XInput-0/-LeftY'
[    0.0621] Invalid binding: 'XInput-0/+LeftX'
[    0.0621] Invalid binding: 'XInput-0/+LeftY'
[    0.0621] Invalid binding: 'XInput-0/-LeftX'
[    0.0621] Invalid binding: 'XInput-0/-RightY'
[    0.0621] Invalid binding: 'XInput-0/+RightX'
[    0.0621] Invalid binding: 'XInput-0/+RightY'
[    0.0621] Invalid binding: 'XInput-0/-RightX'
[    0.0627] Settings: Advanced Settings are enabled; only proceed if you know what you're doing! No support will be provided if you have the option enabled.
[    0.1096] Scanning F:\PS2\Games (recursively)
[    0.2249] Loading BIOS...
[    0.2379] BIOS Found: Europe  v02.00(14/06/2004)  Console 20040614-100914
[    0.3070] Mechacon version: 0x00020603
[    0.3093] Opening CDVD...
[    0.3401] Initializing Elf: 4464732 bytes
[    0.3411] Disc changed to .
[    0.3412]   Name: vehicle-playground [?]
[    0.3412]   Serial: vehicle-playground
[    0.3412]   Version: 
[    0.3412]   CRC: 1C2826FE
[    0.3413] No game settings found (tried '/home/spider/pool2-ee-probe-b192-arm0-repeat3-20261005-v1/profile/PCSX2/gamesettings/1C2826FE.ini')
[    0.3413] Applying settings...
[    0.3416] Invalid binding: 'XInput-0/DPadUp'
[    0.3416] Invalid binding: 'XInput-0/DPadRight'
[    0.3416] Invalid binding: 'XInput-0/DPadDown'
[    0.3416] Invalid binding: 'XInput-0/DPadLeft'
[    0.3416] Invalid binding: 'XInput-0/Y'
[    0.3416] Invalid binding: 'XInput-0/B'
[    0.3416] Invalid binding: 'XInput-0/A'
[    0.3416] Invalid binding: 'XInput-0/X'
[    0.3416] Invalid binding: 'XInput-0/Back'
[    0.3416] Invalid binding: 'XInput-0/Start'
[    0.3417] Invalid binding: 'XInput-0/LeftShoulder'
[    0.3417] Invalid binding: 'XInput-0/+LeftTrigger'
[    0.3417] Invalid binding: 'XInput-0/RightShoulder'
[    0.3417] Invalid binding: 'XInput-0/+RightTrigger'
[    0.3417] Invalid binding: 'XInput-0/LeftStick'
[    0.3417] Invalid binding: 'XInput-0/RightStick'
[    0.3417] Invalid binding: 'XInput-0/Guide'
[    0.3417] Invalid binding: 'XInput-0/-LeftY'
[    0.3417] Invalid binding: 'XInput-0/+LeftX'
[    0.3417] Invalid binding: 'XInput-0/+LeftY'
[    0.3417] Invalid binding: 'XInput-0/-LeftX'
[    0.3417] Invalid binding: 'XInput-0/-RightY'
[    0.3417] Invalid binding: 'XInput-0/+RightX'
[    0.3417] Invalid binding: 'XInput-0/+RightY'
[    0.3417] Invalid binding: 'XInput-0/-RightX'
[    0.3420] GameDB: Has not been initialized yet, initializing...
[    0.3855] GameDB: 12841 games on record (loaded in 43.50ms)
[    0.3879] Reopening memory cards...
[    0.3880] (FileMcd) Creating new 8MB memory card: /home/spider/pool2-ee-probe-b192-arm0-repeat3-20261005-v1/profile/PCSX2/memcards/Mcd001.ps2
[    0.3974] McdSlot 0 [File]: Mcd001.ps2 [8 MB, UNFORMATTED]
[    0.3974] McdSlot 1 [File]: [disabled/empty filename]
[    0.4020] HLE Host: Set 'host:' root path to: /mnt/f/Projects/tyrax2-lab-20261001/wild-pool2-ee-probe-physical-v1/game/bin
[    0.4023] EE/iR5900 Recompiler Reset
[    0.4523] iR3000A Recompiler reset.
[    0.4742] Resetting host memory for virtual systems...
[    0.7204] Time Zone Offset: GMT+01:00
[    0.7205] Time Zone Location: Berlin
[    0.7205] DST: Winter Time
[    0.7205] Time Format: 24-Hour
[    0.7205] Date Format: DD/MM/YYYY
[    0.7205] System Time Basis: Operating System Time
[    0.7205] Resulting System Time: 2026-10-05 12:55:28
[    0.7205] Close virtual disk tray
[    0.7206] Media already loaded (fast boot)
[    0.7206] Opening GS...
[    0.7696] VK: Enabling extension: VK_KHR_get_surface_capabilities2
[    0.7810] Using Vulkan GPU 'llvmpipe (LLVM 15.0.7, 256 bits)' for automatic renderer check.
[    0.7811] Not using Vulkan for software renderer.
[    0.7813] acquireRenderWindow() recreate=true fullscreen=false render_to_main=true surfaceless=false
[    0.7849] (GetRefreshRateFromXRandR) Modeline is invalid: 0/0/0
[    0.7849] Surface refresh rate: 60 Hz
[    0.7857] Loading EGL from libEGL.so...
[    0.7871] GLAD EGL Version: 1.0
[    0.7871] Using EGL platform EGL_EXT_platform_x11.
[    0.7962] eglInitialize() version: 1.5
[    0.7963] GLAD EGL Version: 1.5
[    0.7963] Trying GL version 4.6
[    0.7964] eglCreateContext() failed: 0x3009
[    0.7964] Trying GL version 4.5
[    0.8084] Got GL version 4.5
[    0.8085] EGL_MIN_SWAP_INTERVAL = 1
[    0.8085] EGL_MAX_SWAP_INTERVAL = 1
[    0.8085] Negative swap interval/tear-control is NOT supported
[    0.8115] GL_VENDOR: Mesa
[    0.8115] GL_VERSION: 4.5 (Core Profile) Mesa 23.2.1-1ubuntu3.1~22.04.4
[    0.8115] GL_RENDERER: llvmpipe (LLVM 15.0.7, 256 bits)
[    0.8115] GL_SHADING_LANGUAGE_VERSION: 4.50
[    0.8116] GL_MAX_VERTEX_SHADER_STORAGE_BLOCKS: 16
[    0.8116] GL: Viewport Array:            Supported       => Using: GL_ARB_viewport_array
[    0.8116] GL: Direct State Access:       Supported       => Using: OpenGL 4.5 Core
[    0.8116] GL: Copy Image:                Supported       => Using: OpenGL 4.3 Core
[    0.8116] GL: Clip Control:              Supported       => Using: OpenGL 4.5 Core
[    0.8116] GL: Conservative Depth:        Supported       => Using: OpenGL 4.2 Core
[    0.8116] GL: CAS Sharpening:            Supported       => Using: OpenGL 4.2 Core
[    0.8116] GL: Texture Barriers:          Auto            => Using: Framebuffer Fetch
[    0.8116] GL: RGBA16 HW Blending:        Supported       => Using: RGBA16 UNORM
[    0.8116] GL: Point Expansion:           Supported       => Using: Hardware
[    0.8116] GL: Line Expansion:            Fallback        => Using: Vertex Expansion
[    0.8116] GL: Sprite Expansion:          Supported       => Using: Vertex Expansion
[    0.8116] GL: DXTn Texture Compression:  Supported       => Using: GL_EXT_texture_compression_s3tc
[    0.8117] GL: BC6/7 Texture Compression: Supported       => Using: OpenGL 4.2 Core
[    0.8216] 1 program binary formats supported by driver
[    0.8623] Program binary retrieved, 4105 bytes, format 34655
[    0.8627] Program binary retrieved, 4121 bytes, format 34655
[    0.8631] Program binary retrieved, 4249 bytes, format 34655
[    0.8635] Program binary retrieved, 4013 bytes, format 34655
[    0.8638] Program binary retrieved, 4013 bytes, format 34655
[    0.8642] Program binary retrieved, 4017 bytes, format 34655
[    0.8645] Program binary retrieved, 4017 bytes, format 34655
[    0.8649] Program binary retrieved, 4185 bytes, format 34655
[    0.8654] Program binary retrieved, 4217 bytes, format 34655
[    0.8658] Program binary retrieved, 4137 bytes, format 34655
[    0.8661] Program binary retrieved, 4125 bytes, format 34655
[    0.8666] Program binary retrieved, 4121 bytes, format 34655
[    0.8671] Program binary retrieved, 4253 bytes, format 34655
[    0.8677] Program binary retrieved, 4237 bytes, format 34655
[    0.8681] Program binary retrieved, 4245 bytes, format 34655
[    0.8685] Program binary retrieved, 4261 bytes, format 34655
[    0.8690] Program binary retrieved, 4965 bytes, format 34655
[    0.8695] Program binary retrieved, 4981 bytes, format 34655
[    0.8699] Program binary retrieved, 4261 bytes, format 34655
[    0.8704] Program binary retrieved, 4277 bytes, format 34655
[    0.8710] Program binary retrieved, 5005 bytes, format 34655
[    0.8715] Program binary retrieved, 5021 bytes, format 34655
[    0.8719] Program binary retrieved, 4257 bytes, format 34655
[    0.8723] Program binary retrieved, 4273 bytes, format 34655
[    0.8728] Program binary retrieved, 5001 bytes, format 34655
[    0.8732] Program binary retrieved, 5017 bytes, format 34655
[    0.8736] Program binary retrieved, 4277 bytes, format 34655
[    0.8740] Program binary retrieved, 4293 bytes, format 34655
[    0.8745] Program binary retrieved, 5057 bytes, format 34655
[    0.8750] Program binary retrieved, 5073 bytes, format 34655
[    0.8754] Program binary retrieved, 4153 bytes, format 34655
[    0.8760] Program binary retrieved, 4169 bytes, format 34655
[    0.8766] Program binary retrieved, 4233 bytes, format 34655
[    0.8771] Program binary retrieved, 5781 bytes, format 34655
[    0.8776] Program binary retrieved, 5373 bytes, format 34655
[    0.8782] Program binary retrieved, 6389 bytes, format 34655
[    0.8787] Program binary retrieved, 4917 bytes, format 34655
[    0.8791] Program binary retrieved, 4845 bytes, format 34655
[    0.8796] Program binary retrieved, 4997 bytes, format 34655
[    0.8800] Program binary retrieved, 4101 bytes, format 34655
[    0.8833] Program binary retrieved, 4137 bytes, format 34655
[    0.8867] Program binary retrieved, 4109 bytes, format 34655
[    0.8871] Program binary retrieved, 5389 bytes, format 34655
[    0.8875] Program binary retrieved, 5829 bytes, format 34655
[    0.8879] Program binary retrieved, 5857 bytes, format 34655
[    0.8884] Program binary retrieved, 4289 bytes, format 34655
[    0.8913] Program binary retrieved, 21205 bytes, format 34655
[    0.8918] Program binary retrieved, 4765 bytes, format 34655
[    0.8923] Program binary retrieved, 5685 bytes, format 34655
[    0.8926] Program binary retrieved, 4141 bytes, format 34655
[    0.8929] Program binary retrieved, 4537 bytes, format 34655
[    0.8933] Program binary retrieved, 4889 bytes, format 34655
[    0.8936] Program binary retrieved, 4117 bytes, format 34655
[    0.8940] Program binary retrieved, 4741 bytes, format 34655
[    0.8944] Program binary retrieved, 4965 bytes, format 34655
[    0.8950] Program binary retrieved, 6613 bytes, format 34655
[    0.8954] Program binary retrieved, 4797 bytes, format 34655
[    0.8969] Program binary retrieved, 13085 bytes, format 34655
[    0.9033] Program binary retrieved, 7285 bytes, format 34655
[    0.9090] Program binary retrieved, 5497 bytes, format 34655
[    0.9094] Program binary retrieved, 4141 bytes, format 34655
[    0.9098] Program binary retrieved, 4141 bytes, format 34655
[    0.9102] Program binary retrieved, 4145 bytes, format 34655
[    0.9106] Program binary retrieved, 4145 bytes, format 34655
[    0.9813] Program binary retrieved, 5369 bytes, format 34655
[    0.9831] OpenGL Graphics Driver Info:
[    0.9831] OpenGL Context:
[    0.9831] 4.5 (Core Profile) Mesa 23.2.1-1ubuntu3.1~22.04.4
[    0.9831] Mesa llvmpipe (LLVM 15.0.7, 256 bits)
[    0.9831] GLSL: 4.50
[    0.9865] Processor count: 24 cores, 24 processors, 1 clusters
[    0.9866] Ordered processor list: 12, 23, 22, 21, 20, 19, 18, 17, 16, 15, 14, 13, 0, 11, 10, 9, 8, 7, 6, 5, 4, 3, 2, 1
[    0.9866] Not pinning SW threads, we need 4 processors, but only have 0
[    0.9870] Opening SPU2...
[    0.9924] Creating Null audio stream, sample rate = 48000, expansion = Disabled, buffer = 50, latency = 32, stretching enabled, driver = wasapi, device = 
[    0.9924] Allocated buffer of 2432 frames for buffer of 50 ms [expansion Disabled (block size 2048), stretch disabled, target size 2432].
[    0.9924] Initializing Pad...
[    0.9924] Initializing SIO2...
[    0.9924] Initializing SIO0...
[    0.9924] Opening DEV9...
[    0.9924] DEV9: DEV9init
[    0.9927] DEV9: DEV9init2
[    0.9927] DEV9: DEV9init3
[    0.9966] DEV9: DEV9init ok
[    0.9966] DEV9: DEV9open
[    0.9966] Opening USB...
[    0.9966] Opening FW...
[    0.9968] MultiPause time: 142ns
[    0.9970] Frame rate: 59.94, target speed: 1, target frame rate: 59.94, ticks per frame: 16683350
[    0.9970] MultiPause time: 144ns
[    0.9970] MultiPause time: 142ns
[    0.9971] MultiPause time: 165ns
[    1.0011] VM subsystems initialized in 782.45 ms
[    1.0137] Failed to inhibit screen saver.
[    1.0137] Processor order assignment: EE=12, VU=23, GS=23
[    1.0137]   EE thread is on processor 12 (0x1000)
[    1.0139]   GS thread is on processor 23 (0x800000)
[    1.0250] Failed to inhibit screen saver.
[    1.0516] # Initialize memory (rev:3.70, ctm:197Mhz, cpuclk:147Mhz detected)
[    1.0610] R3000 Debugger: Branch to 0x890 (SYSMEM). Clearing modules.
[    1.0630] RegisterLibraryEntries: excepman version 1.01
[    1.0640] RegisterLibraryEntries:  intrman version 1.02
[    1.0641] RegisterLibraryEntries:   ssbusc version 1.01
[    1.0645] RegisterLibraryEntries:  dmacman version 1.02
[    1.0649] RegisterLibraryEntries:  timrman version 1.01
[    1.0653] RegisterLibraryEntries:  sysclib version 1.01
[    1.0654] RegisterLibraryEntries:    stdio version 1.01
[    1.0655] RegisterLibraryEntries:  heaplib version 1.01
[    1.0659] FW: read mem 0x1f80847c: 0x10000001
[    1.0660] FW: write mem 0x1f808414: 0x417f0000
[    1.0660] FW: read mem 0x1f808400: 0xffc00001
[    1.0660] FW: write mem 0x1f80844c: 0xffffffff
[    1.0660] FW: write mem 0x1f808420: 0xffffffff
[    1.0660] FW: write mem 0x1f808428: 0xffffffff
[    1.0660] FW: write mem 0x1f808430: 0xffffffff
[    1.0671] RegisterLibraryEntries:   thbase version 1.01
[    1.0672] RegisterLibraryEntries:  thevent version 1.01
[    1.0673] RegisterLibraryEntries:  thsemap version 1.01
[    1.0673] RegisterLibraryEntries:  thmsgbx version 1.01
[    1.0674] RegisterLibraryEntries:  thfpool version 1.01
[    1.0674] RegisterLibraryEntries:  thvpool version 1.01
[    1.0682] RegisterLibraryEntries:   vblank version 1.01
[    1.0687] RegisterLibraryEntries:    ioman version 1.02
[    1.0694] RegisterLibraryEntries:  modload version 1.01
[    1.0697] RegisterLibraryEntries:   romdrv version 2.01
[    1.0699] RegisterLibraryEntries:    stdio version 1.02
[    1.0703] RegisterLibraryEntries:   sifman version 1.01
[    1.0707] 
[    1.0707] PlayStation 2 ======== Hard reset boot
[    1.0709]  ROMGEN=2004-0614, IOP info (CPUID=1f, CACH_CONFIG=0, 2MB, IOP mode)
[    1.0711]  <20040614-100914,ROMconf,PS20200EC20040614.bin:11696>
[    1.0806] # Total accessable memory size: 32 MB (B:2:8:0) (370:2:7c30)
[    1.0817] # TLB spad=0 kernel=1:12 default=13:30 extended=31:38
[    1.1462] # Initialize Start.
[    1.1467] # Initialize GS ...
[    1.1467] # Initialize INTC ...
[    1.1467] # Initialize TIMER ...
[    1.1467] # Initialize DMAC ...
[    1.1469] # Initialize VU1 ...
[    1.1471] # Initialize VIF1 ...
[    1.1472] # Initialize GIF ...
[    1.1472] # Initialize VU0 ...
[    1.1474] # Initialize VIF0 ...
[    1.1474] # Initialize IPU ...
[    1.1476] # Initialize FPU ...
[    1.1476] # Initialize User Memory ...
[    1.2087] # Initialize Scratch Pad ...
[    1.2087] # Initialize Done.
[    1.2096] 
[    1.2096] EE DECI2 Manager version 0.06 Feb  6 2003 08:38:48
[    1.2096]   CPUID=2e20, BoardID=0, ROMGEN=2004-0614, 32M
[    1.2096] 
[    1.2099] RegisterLibraryEntries:   sifcmd version 1.01
[    1.2471] Initializing Elf: 4464732 bytes
[    1.2512] ELF Loading: host:vehicle-playground.elf, Game CRC = 1C2826FE, EntryPoint = 0x00100E78
[    1.2549] RegisterLibraryEntries:  cdvdman version 1.01
[    1.2585] Imported 823 symbols.
[    1.2633] RegisterLibraryEntries:  cdvdfsv version 1.01
[    1.2649] RegisterLibraryEntries:  secrman version 1.03
[    1.2650] RegisterLibraryEntries:   eesync version 1.01
[    1.2652] 
[    1.2652] IOP Realtime Kernel Ver.0.9.1
[    1.2652]     Copyright 1999 (C) Sony Computer Entertainment Inc. 
[    1.2658] Reboot service module.(99/11/10)
[    1.2687] cdvd driver module version 0.1.1 (C)SCEI
[    1.2694] Load File service.(99/11/05)
[    1.2695] Multi Threaded Fileio module.(99/11/15) 
[    1.2695] iop heap service (99/11/03)
[    1.2860] loadelf: fname host:vehicle-playground.elf secname all
[    1.2861] loadelf version 3.30
[    1.2881] Input ELF format filename = host:vehicle-playground.elf
[    1.3339] 1 00100000 003f603c ................................................................
[    1.3340] Loaded, host:vehicle-playground.elf
[    1.3340] start address 0x100e78
[    1.3340] gp address 00000000
[    1.3347] (VMManager) Pausing...
[    1.3349] (VMManager) Resuming...
[    1.3454] PINE: New client with FD 14 connected.
[    1.3458] PINE: Client disconnected.
[    1.3477] Failed to inhibit screen saver.
[    1.3478] EE/iR5900 Recompiler Reset
[    1.3658] # Restart Without Memory Clear.
[    1.3758] # Initialize GS ...
[    1.3759] # Initialize INTC ...
[    1.3759] # Initialize TIMER ...
[    1.3760] # Initialize DMAC ...
[    1.3761] # Initialize VU1 ...
[    1.3762] # Initialize VIF1 ...
[    1.3763] # Initialize GIF ...
[    1.3763] # Initialize VU0 ...
[    1.3764] # Initialize VIF0 ...
[    1.3764] # Initialize IPU ...
[    1.3766] # Initialize FPU ...
[    1.3766] # Initialize Scratch Pad ...
[    1.3766] # Restart Without Memory Clear Done.
[    1.3768] ELF host:vehicle-playground.elf with entry point at 0x00100E78 is executing.
[    1.3769] ELF changed, active CRC 1C2826FE (host:vehicle-playground.elf)
[    1.3772] Applying core settings...
[    1.3773] Debugger Settings Manager: Failed to read Saved Addresses array from settings file: '/home/spider/pool2-ee-probe-b192-arm0-repeat3-20261005-v1/profile/PCSX2/inis/debuggersettings/vehicle-playground_1C2826FE.json'
[    1.3773] Debugger Settings Manager: Failed to read Saved Addresses array from settings file: '/home/spider/pool2-ee-probe-b192-arm0-repeat3-20261005-v1/profile/PCSX2/inis/debuggersettings/vehicle-playground_1C2826FE.json'
[    1.3777] Updating CPU configuration...
[    1.3777] iR3000A Recompiler reset.
[    1.4065] iR3000A Recompiler reset.
[    1.4134] EE/iR5900 Recompiler Reset
[    1.4299] (VMManager) Pausing...
[    1.4306] EE/iR5900 Recompiler Reset
[    1.4466] PINE: New client with FD 14 connected.
[    1.4471] PINE: Client disconnected.
[    1.4513] EE/iR5900 Recompiler Reset
[    1.4715] iR3000A Recompiler reset.
[    1.4760] EE/iR5900 Recompiler Reset
[    1.4944] iR3000A Recompiler reset.
[    1.4986] EE/iR5900 Recompiler Reset
[    1.5181] iR3000A Recompiler reset.
[    1.5232] EE/iR5900 Recompiler Reset
[    1.5427] iR3000A Recompiler reset.
[    1.5471] EE/iR5900 Recompiler Reset
[    1.5988] PINE: New client with FD 14 connected.
[    1.5992] OSD [SaveStateSlot140]: Saving state to slot 140...
[    1.6284]   Saving SPU2
[    1.6289]   Saving GS
[    1.7434] OSD [SaveStateSlot140]: Saved state to slot 140.
[    1.7434] Zipping save state to '/home/spider/pool2-ee-probe-b192-arm0-repeat3-20261005-v1/profile/PCSX2/sstates/vehicle-playground (1C2826FE).140.p2s' took 108.49 ms
[    2.9177] PINE: Client disconnected.
[    3.4185] PINE: New client with FD 14 connected.
[    3.4243] (VMManager) Resuming...
[    3.4381] Failed to inhibit screen saver.
[    3.4402] BIOS: Successfully found the instruction pattern. Assuming the thread list is here: 8001a640
[    3.4444] Warning: GetOsdConfigParam2 Reading extended language/version configs, may be incorrect!
[    3.4565] read/write allocate memory 4000
[    3.4566] open name host:/ps2link.run flag 1 data 41378
[    3.4571] open fd = -5
[    3.4607] Get Reboot Request From EE
[    3.4622] R3000 Debugger: Branch to 0x890 (SYSMEM). Clearing modules.
[    3.4645] RegisterLibraryEntries: excepman version 1.01
[    3.4667] RegisterLibraryEntries:  intrman version 1.02
[    3.4670] RegisterLibraryEntries:   ssbusc version 1.01
[    3.4680] RegisterLibraryEntries:  dmacman version 1.02
[    3.4690] RegisterLibraryEntries:  timrman version 1.01
[    3.4699] RegisterLibraryEntries:  sysclib version 1.01
[    3.4700] RegisterLibraryEntries:    stdio version 1.01
[    3.4703] RegisterLibraryEntries:  heaplib version 1.01
[    3.4731] RegisterLibraryEntries:   thbase version 1.01
[    3.4732] RegisterLibraryEntries:  thevent version 1.01
[    3.4733] RegisterLibraryEntries:  thsemap version 1.01
[    3.4733] RegisterLibraryEntries:  thmsgbx version 1.01
[    3.4733] RegisterLibraryEntries:  thfpool version 1.01
[    3.4733] RegisterLibraryEntries:  thvpool version 1.01
[    3.4744] RegisterLibraryEntries:   vblank version 1.01
[    3.4749] RegisterLibraryEntries:    ioman version 1.02
[    3.4760] RegisterLibraryEntries:  modload version 1.01
[    3.4859] RegisterLibraryEntries:   romdrv version 2.01
[    3.4863] RegisterLibraryEntries:    stdio version 1.02
[    3.4867] RegisterLibraryEntries:   sifman version 1.01
[    3.4872] 
[    3.4873] PlayStation 2 ======== Soft reboot
[    3.4881] RegisterLibraryEntries:   sifcmd version 1.01
[    3.4925] RegisterLibraryEntries:  cdvdman version 1.01
[    3.4941] RegisterLibraryEntries:  cdvdfsv version 1.01
[    3.5019] RegisterLibraryEntries:  secrman version 1.03
[    3.5021] RegisterLibraryEntries:   eesync version 1.01
[    3.5023] 
[    3.5023] IOP Realtime Kernel Ver.0.9.1
[    3.5023]     Copyright 1999 (C) Sony Computer Entertainment Inc. 
[    3.5030] Reboot service module.(99/11/10)
[    3.5057] [EE] Skipping timeout loop at 0x002D4180 -> 0x002D41A0
[    3.5058] cdvd driver module version 0.1.1 (C)SCEI
[    3.5061] Load File service.(99/11/05)
[    3.5062] Multi Threaded Fileio module.(99/11/15) 
[    3.5062] iop heap service (99/11/03)
[    3.5244] PINE: Client disconnected.
[    3.5304] RegisterLibraryEntries:   iomanx version 1.01
[    3.5320] fileXio: fileXio: fileXio RPC Server v1.00
[    3.5320] Copyright (c) 2003 adresd
[    3.5323] RegisterLibraryEntries:  sio2man version 2.07
[    3.5324] RegisterLibraryEntries:  sio2man version 1.02
[    3.5331] RegisterLibraryEntries:   padman version 1.02
[    3.5332] Pad Driver for OSD
[    3.5337] FREESD v1.01
[    3.5337] RegisterLibraryEntries:    libsd version 1.04
[    3.5341] debug_level = 1 (ps2snd 0.1
[    3.5459] greetings from version 0.93 !
[    3.5459] RegisterLibraryEntries:   audsrv version 1.04
[    3.5460] audsrv_adpcm_init()
[    3.5472] UpdateVSyncRate: Mode Changed to SDTV 480p.
[    3.5472] Frame rate: 59.94, target speed: 1, target frame rate: 59.94, ticks per frame: 16683350
[    3.5472] Set GS CRTC configuration. SDTV   720x480 @ 59.94 Progressive (FRAME)
[    5.6346] read/write allocate memory 4000
[    5.6349] 
[    5.6352] -----------------------------------------
[    5.6352]         _____        ____   ___
[    5.6353]           |     /   ____| |___|
[    5.6353]           |     |   |     |   |
[    5.6354] -----------------------------------------
[    5.6354] Copyright 2022
[    5.6355] Repository: https://github.com/h4570/tyra
[    5.6355] Licensed under Apache License 2.0
[    5.6359] Version: 2.2.0
[    5.6360] -----------------------------------------
[    5.6360] 
[    5.8010] audsrv_adpcm_init()
[    5.8022] [EE] Skipping timeout loop at 0x00102CB0 -> 0x00102CD0
[    5.8349] Curent pad(0,0) status: EXECCMD
[    6.0324] Pad: DS2 Config Finished - P1/S1 - AL: Off - AB: Usable - VS: Disabled - VL: Disabled - RB: D (0x00000000)
[    6.0685] Curent pad(0,0) status: EXECCMD
[    6.1320] Pad: DS2 Config Finished - P1/S1 - AL: On - AB: Locked - VS: Disabled - VL: Disabled - RB: D (0x00000000)
[    6.3322] Pad: DS2 Config Finished - P1/S1 - AL: On - AB: Locked - VS: Disabled - VL: Disabled - RB: D (0x00000000)
[    6.3669] Curent pad(0,0) status: EXECCMD
[    6.6334] Pad: DS2 Config Finished - P1/S1 - AL: On - AB: Locked - VS: Disabled - VL: Disabled - RB: D+A+P (0x0003FFFF)
[    6.8340] Pad: DS2 Config Finished - P1/S1 - AL: On - AB: Locked - VS: Disabled - VL: Disabled - RB: D+A+P (0x0003FFFF)
[    6.8694] open name host:/pool2-probe.cfg flag 1 data 41378
[    6.8708] open fd = 256
[    6.8767] open name host:/hud/flare-corona.png flag 1 data 41378
[    6.8784] open fd = 256
[    6.8992] LOG: POOL2PROBE_CONFIG arm=0 vertices=192 members=2 repeats=3 package=75 alpha=128
[    6.8994] LOG: POOL2EEPROBE_CONFIG kind=7 clip=0 lazy=0 oracle=0
[    6.9006] FRAMEARENA allocated=1 bytes=1048576
[    6.9131] microVU1: Cached Prog = [000] [PC=18e0] [List=01] (Cache=0.000%) [0.0mb]
[    6.9141] microVU1: 3 cycle stall on branch instruction [1f78]
[    6.9150] microVU1: Cached Prog = [001] [PC=2480] [List=01] (Cache=0.246%) [0.1mb]
[    6.9159] microVU1: 3 cycle stall on branch instruction [1f78]
[    6.9283] LOG: POOL2EEPROBE_SOURCE clip=0 ready=0 total=192 generation=1 coldOracle=0
[    6.9284] LOG: POOL2PROBE_FRAME frame=1 cold=1 arm=0 eligible=0 applied=0 compared=0 mismatches=0
[    6.9424] LOG: POOL2EEPROBE_SOURCE clip=0 ready=0 total=192 generation=2 coldOracle=0
[    6.9425] LOG: POOL2PROBE_FRAME frame=2 cold=0 arm=0 eligible=0 applied=0 compared=0 mismatches=0
[    6.9557] LOG: POOL2EEPROBE_SOURCE clip=0 ready=0 total=192 generation=3 coldOracle=0
[    6.9558] LOG: POOL2PROBE_FRAME frame=3 cold=0 arm=0 eligible=0 applied=0 compared=0 mismatches=0
[    6.9559] LOG: POOL2PROBE_READY arm=0 vertices=192 repeats=3 completed=3 warmBypass=0
[    6.9560] (VMManager) Pausing...
[    7.0509] PINE: New client with FD 14 connected.
[    7.0514] PINE: Client disconnected.
[    7.1527] PINE: New client with FD 14 connected.
[    7.1530] OSD [SaveStateSlot182]: Saving state to slot 182...
[    7.1826]   Saving SPU2
[    7.1832]   Saving GS
[    7.2884] OSD [SaveStateSlot182]: Saved state to slot 182.
[    7.2884] Zipping save state to '/home/spider/pool2-ee-probe-b192-arm0-repeat3-20261005-v1/profile/PCSX2/sstates/vehicle-playground (1C2826FE).182.p2s' took 99.74 ms
[    8.4316] PINE: Client disconnected.
