[    0.0154] Program Path: /home/spider/tyrax2-debugger-linux-v1/squashfs-root/usr/bin/pcsx2-qt
[    0.0154] AppRoot Directory: /home/spider/tyrax2-debugger-linux-v1/squashfs-root/usr/bin
[    0.0154] Resources Directory: /home/spider/tyrax2-debugger-linux-v1/squashfs-root/usr/bin/resources
[    0.0155] DataRoot Directory: /home/spider/pool-lattice-fog-probe-b192-arm0-repeat2-20261005-v1/profile/PCSX2
[    0.0155] Loading config from /home/spider/pool-lattice-fog-probe-b192-arm0-repeat2-20261005-v1/profile/PCSX2/inis/PCSX2.ini.
[    0.0157] Loading secrets from /home/spider/pool-lattice-fog-probe-b192-arm0-repeat2-20261005-v1/profile/PCSX2/inis/secrets.ini.
[    0.0162] BIOS Directory: /mnt/c/Users/pawel/OneDrive/Documents/PCSX2/bios
[    0.0162] Snapshots Directory: /home/spider/pool-lattice-fog-probe-b192-arm0-repeat2-20261005-v1/profile/PCSX2/snaps
[    0.0162] Savestates Directory: /home/spider/pool-lattice-fog-probe-b192-arm0-repeat2-20261005-v1/profile/PCSX2/sstates
[    0.0162] MemoryCards Directory: /home/spider/pool-lattice-fog-probe-b192-arm0-repeat2-20261005-v1/profile/PCSX2/memcards
[    0.0162] Logs Directory: /home/spider/pool-lattice-fog-probe-b192-arm0-repeat2-20261005-v1/profile/PCSX2/logs
[    0.0162] Cheats Directory: /home/spider/pool-lattice-fog-probe-b192-arm0-repeat2-20261005-v1/profile/PCSX2/cheats
[    0.0162] Patches Directory: /home/spider/pool-lattice-fog-probe-b192-arm0-repeat2-20261005-v1/profile/PCSX2/patches
[    0.0162] Covers Directory: /home/spider/pool-lattice-fog-probe-b192-arm0-repeat2-20261005-v1/profile/PCSX2/covers
[    0.0162] Game Settings Directory: /home/spider/pool-lattice-fog-probe-b192-arm0-repeat2-20261005-v1/profile/PCSX2/gamesettings
[    0.0162] Resources Directory: /home/spider/tyrax2-debugger-linux-v1/squashfs-root/usr/bin/resources
[    0.0162] User Resources Directory: /home/spider/pool-lattice-fog-probe-b192-arm0-repeat2-20261005-v1/profile/PCSX2/resources
[    0.0162] Cache Directory: /home/spider/pool-lattice-fog-probe-b192-arm0-repeat2-20261005-v1/profile/PCSX2/cache
[    0.0162] Textures Directory: /home/spider/pool-lattice-fog-probe-b192-arm0-repeat2-20261005-v1/profile/PCSX2/textures
[    0.0162] Input Profile Directory: /home/spider/pool-lattice-fog-probe-b192-arm0-repeat2-20261005-v1/profile/PCSX2/inputprofiles
[    0.0162] Video Dumping Directory: /home/spider/pool-lattice-fog-probe-b192-arm0-repeat2-20261005-v1/profile/PCSX2/videos
[    0.0162] Debugger Layouts Directory: /home/spider/pool-lattice-fog-probe-b192-arm0-repeat2-20261005-v1/profile/PCSX2/inis/debuggerlayouts
[    0.0162] Debugger Settings Directory: /home/spider/pool-lattice-fog-probe-b192-arm0-repeat2-20261005-v1/profile/PCSX2/inis/debuggersettings
[    0.0321] Loaded translation file for language en-US
[    0.0395] PCSX2 v2.9.93
[    0.0395] Savestate version: 0x9a590000
[    0.0395] 
[    0.0395] 
[    0.0395] Host Machine Init:
[    0.0396]   Operating System = Ubuntu 22.04
[    0.0396]   Available RAM    = 49080 MB (47.93 GB)
[    0.0396]   Physical RAM     = 50191 MB (49.02 GB)
[    0.0396] 
[    0.0396]   Processor        = AMD Ryzen Threadripper 1920X
[    0.0396]   Core Count       = 24 cores
[    0.0396]   Thread Count     = 24 threads
[    0.0396]   Cluster Count    = 1 clusters
[    0.0396] CPU Extensions Detected:
[    0.0397]   AVX AVX2
[    0.0397] 
[    0.0397] Allocating host memory for virtual systems...
[    0.0405]   EE Main Memory                   @ 0x00007F846F200000 -> 0x00007F8478100000 [143mb]
[    0.0405]   IOP Main Memory                  @ 0x00007F8478100000 -> 0x00007F8480200000 [129mb]
[    0.0405]   VU0/1 On-Chip Memory             @ 0x00007F8480200000 -> 0x00007F8480300000 [1mb]
[    0.0405]   VTLB Virtual Map                 @ 0x00007F8480300000 -> 0x00007F8480B00000 [8mb]
[    0.0405]   VTLB Address Map                 @ 0x00007F8480B00000 -> 0x00007F8480F00000 [4mb]
[    0.0405]   R5900 Recompiler Cache           @ 0x00007F8480F00000 -> 0x00007F8484F00000 [64mb]
[    0.0405]   R3000A Recompiler Cache          @ 0x00007F8484F00000 -> 0x00007F8486F00000 [32mb]
[    0.0405]   Micro VU0 Recompiler Cache       @ 0x00007F8487F00000 -> 0x00007F848BF00000 [64mb]
[    0.0405]   Micro VU1 Recompiler Cache       @ 0x00007F848BF00000 -> 0x00007F848FF00000 [64mb]
[    0.0405]   VIF0 Unpack Recompiler Cache     @ 0x00007F8486F00000 -> 0x00007F8487700000 [8mb]
[    0.0405]   VIF1 Unpack Recompiler Cache     @ 0x00007F8487700000 -> 0x00007F8487F00000 [8mb]
[    0.0405]   VIF Unpack Recompiler Cache      @ 0x00007F848FF00000 -> 0x00007F8490000000 [1mb]
[    0.0405]   GS Software Renderer             @ 0x00007F8490000000 -> 0x00007F8494000000 [64mb]
[    0.0431] Fastmem area: 0x7f836f200000 - 0x7f846f1fffff
[    0.0457] Generating SSE-optimized unpacking functions for VIF interpreters...
[    0.0462] Unpack function generation complete.  Generated function statistics:
[    0.0462]   Reserved buffer    : 1048576 bytes @ 0x00007F848FF00000
[    0.0462]   x86 code generated : 7422 bytes
[    0.0462] 
[    0.0467] SDLInputSource: Using Controller DB from resources.
[    0.0629] SDLInputSource: 765 gamepad mappings are loaded.
[    0.0630] Invalid binding: 'XInput-0/DPadUp'
[    0.0630] Invalid binding: 'XInput-0/DPadRight'
[    0.0630] Invalid binding: 'XInput-0/DPadDown'
[    0.0630] Invalid binding: 'XInput-0/DPadLeft'
[    0.0630] Invalid binding: 'XInput-0/Y'
[    0.0630] Invalid binding: 'XInput-0/B'
[    0.0630] Invalid binding: 'XInput-0/A'
[    0.0630] Invalid binding: 'XInput-0/X'
[    0.0630] Invalid binding: 'XInput-0/Back'
[    0.0630] Invalid binding: 'XInput-0/Start'
[    0.0630] Invalid binding: 'XInput-0/LeftShoulder'
[    0.0630] Invalid binding: 'XInput-0/+LeftTrigger'
[    0.0630] Invalid binding: 'XInput-0/RightShoulder'
[    0.0630] Invalid binding: 'XInput-0/+RightTrigger'
[    0.0630] Invalid binding: 'XInput-0/LeftStick'
[    0.0631] Invalid binding: 'XInput-0/RightStick'
[    0.0631] Invalid binding: 'XInput-0/Guide'
[    0.0631] Invalid binding: 'XInput-0/-LeftY'
[    0.0631] Invalid binding: 'XInput-0/+LeftX'
[    0.0631] Invalid binding: 'XInput-0/+LeftY'
[    0.0631] Invalid binding: 'XInput-0/-LeftX'
[    0.0631] Invalid binding: 'XInput-0/-RightY'
[    0.0631] Invalid binding: 'XInput-0/+RightX'
[    0.0631] Invalid binding: 'XInput-0/+RightY'
[    0.0631] Invalid binding: 'XInput-0/-RightX'
[    0.0636] Settings: Advanced Settings are enabled; only proceed if you know what you're doing! No support will be provided if you have the option enabled.
[    0.1123] Scanning F:\PS2\Games (recursively)
[    0.2211] Loading BIOS...
[    0.2330] BIOS Found: Europe  v02.00(14/06/2004)  Console 20040614-100914
[    0.2932] Mechacon version: 0x00020603
[    0.2946] Opening CDVD...
[    0.3266] Initializing Elf: 4470908 bytes
[    0.3274] Disc changed to .
[    0.3274]   Name: vehicle-playground [?]
[    0.3274]   Serial: vehicle-playground
[    0.3274]   Version: 
[    0.3274]   CRC: 8967CAC6
[    0.3274] No game settings found (tried '/home/spider/pool-lattice-fog-probe-b192-arm0-repeat2-20261005-v1/profile/PCSX2/gamesettings/8967CAC6.ini')
[    0.3274] Applying settings...
[    0.3278] Invalid binding: 'XInput-0/DPadUp'
[    0.3278] Invalid binding: 'XInput-0/DPadRight'
[    0.3278] Invalid binding: 'XInput-0/DPadDown'
[    0.3278] Invalid binding: 'XInput-0/DPadLeft'
[    0.3278] Invalid binding: 'XInput-0/Y'
[    0.3278] Invalid binding: 'XInput-0/B'
[    0.3278] Invalid binding: 'XInput-0/A'
[    0.3278] Invalid binding: 'XInput-0/X'
[    0.3278] Invalid binding: 'XInput-0/Back'
[    0.3278] Invalid binding: 'XInput-0/Start'
[    0.3278] Invalid binding: 'XInput-0/LeftShoulder'
[    0.3278] Invalid binding: 'XInput-0/+LeftTrigger'
[    0.3278] Invalid binding: 'XInput-0/RightShoulder'
[    0.3278] Invalid binding: 'XInput-0/+RightTrigger'
[    0.3278] Invalid binding: 'XInput-0/LeftStick'
[    0.3278] Invalid binding: 'XInput-0/RightStick'
[    0.3278] Invalid binding: 'XInput-0/Guide'
[    0.3278] Invalid binding: 'XInput-0/-LeftY'
[    0.3278] Invalid binding: 'XInput-0/+LeftX'
[    0.3278] Invalid binding: 'XInput-0/+LeftY'
[    0.3279] Invalid binding: 'XInput-0/-LeftX'
[    0.3279] Invalid binding: 'XInput-0/-RightY'
[    0.3279] Invalid binding: 'XInput-0/+RightX'
[    0.3279] Invalid binding: 'XInput-0/+RightY'
[    0.3279] Invalid binding: 'XInput-0/-RightX'
[    0.3280] GameDB: Has not been initialized yet, initializing...
[    0.3710] GameDB: 12841 games on record (loaded in 42.95ms)
[    0.3735] Reopening memory cards...
[    0.3736] (FileMcd) Creating new 8MB memory card: /home/spider/pool-lattice-fog-probe-b192-arm0-repeat2-20261005-v1/profile/PCSX2/memcards/Mcd001.ps2
[    0.3846] McdSlot 0 [File]: Mcd001.ps2 [8 MB, UNFORMATTED]
[    0.3846] McdSlot 1 [File]: [disabled/empty filename]
[    0.3891] HLE Host: Set 'host:' root path to: /mnt/f/Projects/tyrax2-lab-20261001/wild-pool-lattice-fog-probe-physical-v1/game/bin
[    0.3896] EE/iR5900 Recompiler Reset
[    0.4372] iR3000A Recompiler reset.
[    0.4567] Resetting host memory for virtual systems...
[    0.6979] Time Zone Offset: GMT+01:00
[    0.6979] Time Zone Location: Berlin
[    0.6979] DST: Winter Time
[    0.6979] Time Format: 24-Hour
[    0.6979] Date Format: DD/MM/YYYY
[    0.6979] System Time Basis: Operating System Time
[    0.6980] Resulting System Time: 2026-10-05 13:57:31
[    0.6980] Close virtual disk tray
[    0.6980] Media already loaded (fast boot)
[    0.6980] Opening GS...
[    0.7370] VK: Enabling extension: VK_KHR_get_surface_capabilities2
[    0.7477] Using Vulkan GPU 'llvmpipe (LLVM 15.0.7, 256 bits)' for automatic renderer check.
[    0.7477] Not using Vulkan for software renderer.
[    0.7479] acquireRenderWindow() recreate=true fullscreen=false render_to_main=true surfaceless=false
[    0.7505] (GetRefreshRateFromXRandR) Modeline is invalid: 0/0/0
[    0.7505] Surface refresh rate: 60 Hz
[    0.7510] Loading EGL from libEGL.so...
[    0.7522] GLAD EGL Version: 1.0
[    0.7522] Using EGL platform EGL_EXT_platform_x11.
[    0.7606] eglInitialize() version: 1.5
[    0.7607] GLAD EGL Version: 1.5
[    0.7607] Trying GL version 4.6
[    0.7607] eglCreateContext() failed: 0x3009
[    0.7607] Trying GL version 4.5
[    0.7725] Got GL version 4.5
[    0.7725] EGL_MIN_SWAP_INTERVAL = 1
[    0.7725] EGL_MAX_SWAP_INTERVAL = 1
[    0.7725] Negative swap interval/tear-control is NOT supported
[    0.7750] GL_VENDOR: Mesa
[    0.7750] GL_VERSION: 4.5 (Core Profile) Mesa 23.2.1-1ubuntu3.1~22.04.4
[    0.7750] GL_RENDERER: llvmpipe (LLVM 15.0.7, 256 bits)
[    0.7750] GL_SHADING_LANGUAGE_VERSION: 4.50
[    0.7751] GL_MAX_VERTEX_SHADER_STORAGE_BLOCKS: 16
[    0.7751] GL: Viewport Array:            Supported       => Using: GL_ARB_viewport_array
[    0.7751] GL: Direct State Access:       Supported       => Using: OpenGL 4.5 Core
[    0.7751] GL: Copy Image:                Supported       => Using: OpenGL 4.3 Core
[    0.7751] GL: Clip Control:              Supported       => Using: OpenGL 4.5 Core
[    0.7751] GL: Conservative Depth:        Supported       => Using: OpenGL 4.2 Core
[    0.7751] GL: CAS Sharpening:            Supported       => Using: OpenGL 4.2 Core
[    0.7751] GL: Texture Barriers:          Auto            => Using: Framebuffer Fetch
[    0.7751] GL: RGBA16 HW Blending:        Supported       => Using: RGBA16 UNORM
[    0.7751] GL: Point Expansion:           Supported       => Using: Hardware
[    0.7751] GL: Line Expansion:            Fallback        => Using: Vertex Expansion
[    0.7751] GL: Sprite Expansion:          Supported       => Using: Vertex Expansion
[    0.7751] GL: DXTn Texture Compression:  Supported       => Using: GL_EXT_texture_compression_s3tc
[    0.7751] GL: BC6/7 Texture Compression: Supported       => Using: OpenGL 4.2 Core
[    0.7805] 1 program binary formats supported by driver
[    0.8179] Program binary retrieved, 4105 bytes, format 34655
[    0.8184] Program binary retrieved, 4121 bytes, format 34655
[    0.8188] Program binary retrieved, 4249 bytes, format 34655
[    0.8191] Program binary retrieved, 4013 bytes, format 34655
[    0.8195] Program binary retrieved, 4013 bytes, format 34655
[    0.8200] Program binary retrieved, 4017 bytes, format 34655
[    0.8204] Program binary retrieved, 4017 bytes, format 34655
[    0.8208] Program binary retrieved, 4185 bytes, format 34655
[    0.8212] Program binary retrieved, 4217 bytes, format 34655
[    0.8216] Program binary retrieved, 4137 bytes, format 34655
[    0.8220] Program binary retrieved, 4125 bytes, format 34655
[    0.8224] Program binary retrieved, 4121 bytes, format 34655
[    0.8229] Program binary retrieved, 4253 bytes, format 34655
[    0.8236] Program binary retrieved, 4237 bytes, format 34655
[    0.8240] Program binary retrieved, 4245 bytes, format 34655
[    0.8244] Program binary retrieved, 4261 bytes, format 34655
[    0.8249] Program binary retrieved, 4965 bytes, format 34655
[    0.8254] Program binary retrieved, 4981 bytes, format 34655
[    0.8258] Program binary retrieved, 4261 bytes, format 34655
[    0.8261] Program binary retrieved, 4277 bytes, format 34655
[    0.8267] Program binary retrieved, 5005 bytes, format 34655
[    0.8272] Program binary retrieved, 5021 bytes, format 34655
[    0.8276] Program binary retrieved, 4257 bytes, format 34655
[    0.8280] Program binary retrieved, 4273 bytes, format 34655
[    0.8285] Program binary retrieved, 5001 bytes, format 34655
[    0.8290] Program binary retrieved, 5017 bytes, format 34655
[    0.8294] Program binary retrieved, 4277 bytes, format 34655
[    0.8300] Program binary retrieved, 4293 bytes, format 34655
[    0.8304] Program binary retrieved, 5057 bytes, format 34655
[    0.8310] Program binary retrieved, 5073 bytes, format 34655
[    0.8313] Program binary retrieved, 4153 bytes, format 34655
[    0.8317] Program binary retrieved, 4169 bytes, format 34655
[    0.8321] Program binary retrieved, 4233 bytes, format 34655
[    0.8327] Program binary retrieved, 5781 bytes, format 34655
[    0.8332] Program binary retrieved, 5373 bytes, format 34655
[    0.8338] Program binary retrieved, 6389 bytes, format 34655
[    0.8342] Program binary retrieved, 4917 bytes, format 34655
[    0.8347] Program binary retrieved, 4845 bytes, format 34655
[    0.8352] Program binary retrieved, 4997 bytes, format 34655
[    0.8356] Program binary retrieved, 4101 bytes, format 34655
[    0.8389] Program binary retrieved, 4137 bytes, format 34655
[    0.8424] Program binary retrieved, 4109 bytes, format 34655
[    0.8429] Program binary retrieved, 5389 bytes, format 34655
[    0.8433] Program binary retrieved, 5829 bytes, format 34655
[    0.8437] Program binary retrieved, 5857 bytes, format 34655
[    0.8440] Program binary retrieved, 4289 bytes, format 34655
[    0.8466] Program binary retrieved, 21205 bytes, format 34655
[    0.8470] Program binary retrieved, 4765 bytes, format 34655
[    0.8475] Program binary retrieved, 5685 bytes, format 34655
[    0.8478] Program binary retrieved, 4141 bytes, format 34655
[    0.8481] Program binary retrieved, 4537 bytes, format 34655
[    0.8485] Program binary retrieved, 4889 bytes, format 34655
[    0.8488] Program binary retrieved, 4117 bytes, format 34655
[    0.8491] Program binary retrieved, 4741 bytes, format 34655
[    0.8495] Program binary retrieved, 4965 bytes, format 34655
[    0.8502] Program binary retrieved, 6613 bytes, format 34655
[    0.8505] Program binary retrieved, 4797 bytes, format 34655
[    0.8520] Program binary retrieved, 13085 bytes, format 34655
[    0.8584] Program binary retrieved, 7285 bytes, format 34655
[    0.8646] Program binary retrieved, 5497 bytes, format 34655
[    0.8650] Program binary retrieved, 4141 bytes, format 34655
[    0.8653] Program binary retrieved, 4141 bytes, format 34655
[    0.8657] Program binary retrieved, 4145 bytes, format 34655
[    0.8661] Program binary retrieved, 4145 bytes, format 34655
[    0.9176] Program binary retrieved, 5369 bytes, format 34655
[    0.9190] OpenGL Graphics Driver Info:
[    0.9190] OpenGL Context:
[    0.9190] 4.5 (Core Profile) Mesa 23.2.1-1ubuntu3.1~22.04.4
[    0.9190] Mesa llvmpipe (LLVM 15.0.7, 256 bits)
[    0.9190] GLSL: 4.50
[    0.9221] Processor count: 24 cores, 24 processors, 1 clusters
[    0.9221] Ordered processor list: 12, 23, 22, 21, 20, 19, 18, 17, 16, 15, 14, 13, 0, 11, 10, 9, 8, 7, 6, 5, 4, 3, 2, 1
[    0.9221] Not pinning SW threads, we need 4 processors, but only have 0
[    0.9233] Opening SPU2...
[    0.9246] Creating Null audio stream, sample rate = 48000, expansion = Disabled, buffer = 50, latency = 32, stretching enabled, driver = wasapi, device = 
[    0.9246] Allocated buffer of 2432 frames for buffer of 50 ms [expansion Disabled (block size 2048), stretch disabled, target size 2432].
[    0.9246] Initializing Pad...
[    0.9246] Initializing SIO2...
[    0.9246] Initializing SIO0...
[    0.9246] Opening DEV9...
[    0.9246] DEV9: DEV9init
[    0.9253] DEV9: DEV9init2
[    0.9254] DEV9: DEV9init3
[    0.9293] DEV9: DEV9init ok
[    0.9294] DEV9: DEV9open
[    0.9294] Opening USB...
[    0.9294] Opening FW...
[    0.9298] Frame rate: 59.94, target speed: 1, target frame rate: 59.94, ticks per frame: 16683350
[    0.9331] MultiPause time: 202ns
[    0.9332] MultiPause time: 142ns
[    0.9332] MultiPause time: 156ns
[    0.9333] VM subsystems initialized in 716.52 ms
[    0.9333] MultiPause time: 144ns
[    0.9438] Failed to inhibit screen saver.
[    0.9438] Processor order assignment: EE=12, VU=23, GS=23
[    0.9438]   EE thread is on processor 12 (0x1000)
[    0.9439]   GS thread is on processor 23 (0x800000)
[    0.9543] Failed to inhibit screen saver.
[    0.9801] # Initialize memory (rev:3.70, ctm:197Mhz, cpuclk:147Mhz detected)
[    0.9883] R3000 Debugger: Branch to 0x890 (SYSMEM). Clearing modules.
[    0.9900] RegisterLibraryEntries: excepman version 1.01
[    0.9909] RegisterLibraryEntries:  intrman version 1.02
[    0.9910] RegisterLibraryEntries:   ssbusc version 1.01
[    0.9915] RegisterLibraryEntries:  dmacman version 1.02
[    0.9918] RegisterLibraryEntries:  timrman version 1.01
[    0.9921] RegisterLibraryEntries:  sysclib version 1.01
[    0.9922] RegisterLibraryEntries:    stdio version 1.01
[    0.9923] RegisterLibraryEntries:  heaplib version 1.01
[    0.9927] FW: read mem 0x1f80847c: 0x10000001
[    0.9927] FW: write mem 0x1f808414: 0x417f0000
[    0.9927] FW: read mem 0x1f808400: 0xffc00001
[    0.9927] FW: write mem 0x1f80844c: 0xffffffff
[    0.9927] FW: write mem 0x1f808420: 0xffffffff
[    0.9927] FW: write mem 0x1f808428: 0xffffffff
[    0.9927] FW: write mem 0x1f808430: 0xffffffff
[    0.9937] RegisterLibraryEntries:   thbase version 1.01
[    0.9938] RegisterLibraryEntries:  thevent version 1.01
[    0.9939] RegisterLibraryEntries:  thsemap version 1.01
[    0.9939] RegisterLibraryEntries:  thmsgbx version 1.01
[    0.9940] RegisterLibraryEntries:  thfpool version 1.01
[    0.9940] RegisterLibraryEntries:  thvpool version 1.01
[    0.9947] RegisterLibraryEntries:   vblank version 1.01
[    0.9952] RegisterLibraryEntries:    ioman version 1.02
[    0.9959] RegisterLibraryEntries:  modload version 1.01
[    0.9962] RegisterLibraryEntries:   romdrv version 2.01
[    0.9965] RegisterLibraryEntries:    stdio version 1.02
[    0.9969] RegisterLibraryEntries:   sifman version 1.01
[    0.9972] 
[    0.9973] PlayStation 2 ======== Hard reset boot
[    0.9975]  ROMGEN=2004-0614, IOP info (CPUID=1f, CACH_CONFIG=0, 2MB, IOP mode)
[    0.9977]  <20040614-100914,ROMconf,PS20200EC20040614.bin:11696>
[    1.0066] # Total accessable memory size: 32 MB (B:2:8:0) (370:2:7c30)
[    1.0076] # TLB spad=0 kernel=1:12 default=13:30 extended=31:38
[    1.0687] # Initialize Start.
[    1.0693] # Initialize GS ...
[    1.0693] # Initialize INTC ...
[    1.0693] # Initialize TIMER ...
[    1.0694] # Initialize DMAC ...
[    1.0695] # Initialize VU1 ...
[    1.0697] # Initialize VIF1 ...
[    1.0698] # Initialize GIF ...
[    1.0698] # Initialize VU0 ...
[    1.0700] # Initialize VIF0 ...
[    1.0701] # Initialize IPU ...
[    1.0702] # Initialize FPU ...
[    1.0702] # Initialize User Memory ...
[    1.1277] # Initialize Scratch Pad ...
[    1.1278] # Initialize Done.
[    1.1286] 
[    1.1286] EE DECI2 Manager version 0.06 Feb  6 2003 08:38:48
[    1.1286]   CPUID=2e20, BoardID=0, ROMGEN=2004-0614, 32M
[    1.1286] 
[    1.1289] RegisterLibraryEntries:   sifcmd version 1.01
[    1.1596] Initializing Elf: 4470908 bytes
[    1.1626] ELF Loading: host:vehicle-playground.elf, Game CRC = 8967CAC6, EntryPoint = 0x00100E78
[    1.1654] RegisterLibraryEntries:  cdvdman version 1.01
[    1.1693] Imported 823 symbols.
[    1.1723] RegisterLibraryEntries:  cdvdfsv version 1.01
[    1.1739] RegisterLibraryEntries:  secrman version 1.03
[    1.1740] RegisterLibraryEntries:   eesync version 1.01
[    1.1742] 
[    1.1742] IOP Realtime Kernel Ver.0.9.1
[    1.1742]     Copyright 1999 (C) Sony Computer Entertainment Inc. 
[    1.1748] Reboot service module.(99/11/10)
[    1.1773] cdvd driver module version 0.1.1 (C)SCEI
[    1.1779] Load File service.(99/11/05)
[    1.1779] Multi Threaded Fileio module.(99/11/15) 
[    1.1780] iop heap service (99/11/03)
[    1.1988] loadelf: fname host:vehicle-playground.elf secname all
[    1.1989] loadelf version 3.30
[    1.2012] Input ELF format filename = host:vehicle-playground.elf
[    1.2471] PINE: New client with FD 14 connected.
[    1.2477] PINE: Client disconnected.
[    1.2490] 1 00100000 003f783c ................................................................
[    1.2490] Loaded, host:vehicle-playground.elf
[    1.2491] start address 0x100e78
[    1.2491] gp address 00000000
[    1.2499] (VMManager) Pausing...
[    1.2500] (VMManager) Resuming...
[    1.2616] Failed to inhibit screen saver.
[    1.2616] EE/iR5900 Recompiler Reset
[    1.2807] # Restart Without Memory Clear.
[    1.2906] # Initialize GS ...
[    1.2906] # Initialize INTC ...
[    1.2906] # Initialize TIMER ...
[    1.2907] # Initialize DMAC ...
[    1.2908] # Initialize VU1 ...
[    1.2909] # Initialize VIF1 ...
[    1.2910] # Initialize GIF ...
[    1.2910] # Initialize VU0 ...
[    1.2912] # Initialize VIF0 ...
[    1.2912] # Initialize IPU ...
[    1.2913] # Initialize FPU ...
[    1.2913] # Initialize Scratch Pad ...
[    1.2914] # Restart Without Memory Clear Done.
[    1.2916] ELF host:vehicle-playground.elf with entry point at 0x00100E78 is executing.
[    1.2916] ELF changed, active CRC 8967CAC6 (host:vehicle-playground.elf)
[    1.2920] Applying core settings...
[    1.2924] Updating CPU configuration...
[    1.2925] iR3000A Recompiler reset.
[    1.2937] Debugger Settings Manager: Failed to read Saved Addresses array from settings file: '/home/spider/pool-lattice-fog-probe-b192-arm0-repeat2-20261005-v1/profile/PCSX2/inis/debuggersettings/vehicle-playground_8967CAC6.json'
[    1.2939] Debugger Settings Manager: Failed to read Saved Addresses array from settings file: '/home/spider/pool-lattice-fog-probe-b192-arm0-repeat2-20261005-v1/profile/PCSX2/inis/debuggersettings/vehicle-playground_8967CAC6.json'
[    1.3162] iR3000A Recompiler reset.
[    1.3229] EE/iR5900 Recompiler Reset
[    1.3388] (VMManager) Pausing...
[    1.3390] EE/iR5900 Recompiler Reset
[    1.3484] PINE: New client with FD 14 connected.
[    1.3490] PINE: Client disconnected.
[    1.3557] EE/iR5900 Recompiler Reset
[    1.3719] iR3000A Recompiler reset.
[    1.3754] EE/iR5900 Recompiler Reset
[    1.3914] iR3000A Recompiler reset.
[    1.3950] EE/iR5900 Recompiler Reset
[    1.4119] iR3000A Recompiler reset.
[    1.4156] EE/iR5900 Recompiler Reset
[    1.4320] iR3000A Recompiler reset.
[    1.4361] EE/iR5900 Recompiler Reset
[    1.4942] PINE: New client with FD 14 connected.
[    1.4946] OSD [SaveStateSlot140]: Saving state to slot 140...
[    1.5267]   Saving SPU2
[    1.5273]   Saving GS
[    1.6280] OSD [SaveStateSlot140]: Saved state to slot 140.
[    1.6281] Zipping save state to '/home/spider/pool-lattice-fog-probe-b192-arm0-repeat2-20261005-v1/profile/PCSX2/sstates/vehicle-playground (8967CAC6).140.p2s' took 94.11 ms
[    2.7706] PINE: Client disconnected.
[    3.2891] PINE: New client with FD 14 connected.
[    3.2942] (VMManager) Resuming...
[    3.3075] Failed to inhibit screen saver.
[    3.3090] BIOS: Successfully found the instruction pattern. Assuming the thread list is here: 8001a640
[    3.3114] Warning: GetOsdConfigParam2 Reading extended language/version configs, may be incorrect!
[    3.3231] read/write allocate memory 4000
[    3.3232] open name host:/ps2link.run flag 1 data 41378
[    3.3238] open fd = -5
[    3.3267] Get Reboot Request From EE
[    3.3282] R3000 Debugger: Branch to 0x890 (SYSMEM). Clearing modules.
[    3.3302] RegisterLibraryEntries: excepman version 1.01
[    3.3312] RegisterLibraryEntries:  intrman version 1.02
[    3.3314] RegisterLibraryEntries:   ssbusc version 1.01
[    3.3320] RegisterLibraryEntries:  dmacman version 1.02
[    3.3325] RegisterLibraryEntries:  timrman version 1.01
[    3.3329] RegisterLibraryEntries:  sysclib version 1.01
[    3.3330] RegisterLibraryEntries:    stdio version 1.01
[    3.3333] RegisterLibraryEntries:  heaplib version 1.01
[    3.3355] RegisterLibraryEntries:   thbase version 1.01
[    3.3356] RegisterLibraryEntries:  thevent version 1.01
[    3.3356] RegisterLibraryEntries:  thsemap version 1.01
[    3.3356] RegisterLibraryEntries:  thmsgbx version 1.01
[    3.3357] RegisterLibraryEntries:  thfpool version 1.01
[    3.3357] RegisterLibraryEntries:  thvpool version 1.01
[    3.3367] RegisterLibraryEntries:   vblank version 1.01
[    3.3371] RegisterLibraryEntries:    ioman version 1.02
[    3.3382] RegisterLibraryEntries:  modload version 1.01
[    3.3462] RegisterLibraryEntries:   romdrv version 2.01
[    3.3466] RegisterLibraryEntries:    stdio version 1.02
[    3.3471] RegisterLibraryEntries:   sifman version 1.01
[    3.3476] 
[    3.3476] PlayStation 2 ======== Soft reboot
[    3.3483] RegisterLibraryEntries:   sifcmd version 1.01
[    3.3520] RegisterLibraryEntries:  cdvdman version 1.01
[    3.3536] RegisterLibraryEntries:  cdvdfsv version 1.01
[    3.3612] RegisterLibraryEntries:  secrman version 1.03
[    3.3613] RegisterLibraryEntries:   eesync version 1.01
[    3.3615] 
[    3.3615] IOP Realtime Kernel Ver.0.9.1
[    3.3615]     Copyright 1999 (C) Sony Computer Entertainment Inc. 
[    3.3621] Reboot service module.(99/11/10)
[    3.3640] [EE] Skipping timeout loop at 0x002D5340 -> 0x002D5360
[    3.3640] cdvd driver module version 0.1.1 (C)SCEI
[    3.3643] Load File service.(99/11/05)
[    3.3644] Multi Threaded Fileio module.(99/11/15) 
[    3.3644] iop heap service (99/11/03)
[    3.3827] RegisterLibraryEntries:   iomanx version 1.01
[    3.3838] fileXio: fileXio: fileXio RPC Server v1.00
[    3.3838] Copyright (c) 2003 adresd
[    3.3841] RegisterLibraryEntries:  sio2man version 2.07
[    3.3841] RegisterLibraryEntries:  sio2man version 1.02
[    3.3848] RegisterLibraryEntries:   padman version 1.02
[    3.3849] Pad Driver for OSD
[    3.3854] FREESD v1.01
[    3.3854] RegisterLibraryEntries:    libsd version 1.04
[    3.3945] PINE: Client disconnected.
[    3.3984] debug_level = 1 (ps2snd 0.1
[    3.3992] greetings from version 0.93 !
[    3.3992] RegisterLibraryEntries:   audsrv version 1.04
[    3.3993] audsrv_adpcm_init()
[    3.4005] UpdateVSyncRate: Mode Changed to SDTV 480p.
[    3.4005] Frame rate: 59.94, target speed: 1, target frame rate: 59.94, ticks per frame: 16683350
[    3.4005] Set GS CRTC configuration. SDTV   720x480 @ 59.94 Progressive (FRAME)
[    5.4705] read/write allocate memory 4000
[    5.4707] 
[    5.4710] -----------------------------------------
[    5.4711]         _____        ____   ___
[    5.4712]           |     /   ____| |___|
[    5.4712]           |     |   |     |   |
[    5.4713] -----------------------------------------
[    5.4713] Copyright 2022
[    5.4714] Repository: https://github.com/h4570/tyra
[    5.4714] Licensed under Apache License 2.0
[    5.4718] Version: 2.2.0
[    5.4719] -----------------------------------------
[    5.4719] 
[    5.6367] audsrv_adpcm_init()
[    5.6376] [EE] Skipping timeout loop at 0x00102CB0 -> 0x00102CD0
[    5.6711] Curent pad(0,0) status: EXECCMD
[    5.8685] Pad: DS2 Config Finished - P1/S1 - AL: Off - AB: Usable - VS: Disabled - VL: Disabled - RB: D (0x00000000)
[    5.9046] Curent pad(0,0) status: EXECCMD
[    5.9690] Pad: DS2 Config Finished - P1/S1 - AL: On - AB: Locked - VS: Disabled - VL: Disabled - RB: D (0x00000000)
[    6.1691] Pad: DS2 Config Finished - P1/S1 - AL: On - AB: Locked - VS: Disabled - VL: Disabled - RB: D (0x00000000)
[    6.2034] Curent pad(0,0) status: EXECCMD
[    6.4693] Pad: DS2 Config Finished - P1/S1 - AL: On - AB: Locked - VS: Disabled - VL: Disabled - RB: D+A+P (0x0003FFFF)
[    6.6694] Pad: DS2 Config Finished - P1/S1 - AL: On - AB: Locked - VS: Disabled - VL: Disabled - RB: D+A+P (0x0003FFFF)
[    6.7058] open name host:/pool2-probe.cfg flag 1 data 41378
[    6.7071] open fd = 256
[    6.7127] open name host:/hud/flare-corona.png flag 1 data 41378
[    6.7143] open fd = 256
[    6.7355] LOG: POOL2PROBE_CONFIG arm=0 vertices=192 members=2 repeats=2 package=75 alpha=128
[    6.7357] LOG: POOL2EEPROBE_CONFIG kind=8 clip=0 lazy=1 table=1 lattice=0 fog=1 fogStart=19 fogEnd=23 oracle=0
[    6.7368] FRAMEARENA allocated=1 bytes=1048576
[    6.7483] microVU1: Cached Prog = [000] [PC=18e0] [List=01] (Cache=0.000%) [0.0mb]
[    6.7492] microVU1: 3 cycle stall on branch instruction [2008]
[    6.7507] microVU1: Branch Optimization
[    6.7507] microVU1: Cached Prog = [001] [PC=2788] [List=01] (Cache=0.339%) [0.2mb]
[    6.7515] microVU1: 3 cycle stall on branch instruction [2008]
[    6.7530] microVU1: Branch Optimization
[    6.7630] LOG: POOL2EEPROBE_SOURCE clip=0 ready=0 total=192 generation=1 coldOracle=0
[    6.7631] LOG: POOL2PROBE_FRAME frame=1 cold=1 arm=0 eligible=0 applied=0 compared=0 mismatches=0
[    6.7770] LOG: POOL2EEPROBE_SOURCE clip=0 ready=0 total=192 generation=2 coldOracle=0
[    6.7771] LOG: POOL2PROBE_FRAME frame=2 cold=0 arm=0 eligible=0 applied=0 compared=0 mismatches=0
[    6.7772] LOG: POOL2PROBE_READY arm=0 vertices=192 repeats=2 completed=2 warmBypass=0
[    6.7772] (VMManager) Pausing...
[    6.8192] PINE: New client with FD 14 connected.
[    6.8196] PINE: Client disconnected.
[    6.9380] PINE: New client with FD 14 connected.
[    6.9383] OSD [SaveStateSlot204]: Saving state to slot 204...
[    6.9685]   Saving SPU2
[    6.9690]   Saving GS
[    7.0712] OSD [SaveStateSlot204]: Saved state to slot 204.
[    7.0712] Zipping save state to '/home/spider/pool-lattice-fog-probe-b192-arm0-repeat2-20261005-v1/profile/PCSX2/sstates/vehicle-playground (8967CAC6).204.p2s' took 97.14 ms
[    8.2201] PINE: Client disconnected.
