[    0.0161] Program Path: /home/spider/tyrax2-debugger-linux-v1/squashfs-root/usr/bin/pcsx2-qt
[    0.0161] AppRoot Directory: /home/spider/tyrax2-debugger-linux-v1/squashfs-root/usr/bin
[    0.0161] Resources Directory: /home/spider/tyrax2-debugger-linux-v1/squashfs-root/usr/bin/resources
[    0.0161] DataRoot Directory: /home/spider/pool2-ee-probe-b192-arm1-repeat1-20261005-v1/profile/PCSX2
[    0.0161] Loading config from /home/spider/pool2-ee-probe-b192-arm1-repeat1-20261005-v1/profile/PCSX2/inis/PCSX2.ini.
[    0.0163] Loading secrets from /home/spider/pool2-ee-probe-b192-arm1-repeat1-20261005-v1/profile/PCSX2/inis/secrets.ini.
[    0.0167] BIOS Directory: /mnt/c/Users/pawel/OneDrive/Documents/PCSX2/bios
[    0.0167] Snapshots Directory: /home/spider/pool2-ee-probe-b192-arm1-repeat1-20261005-v1/profile/PCSX2/snaps
[    0.0168] Savestates Directory: /home/spider/pool2-ee-probe-b192-arm1-repeat1-20261005-v1/profile/PCSX2/sstates
[    0.0168] MemoryCards Directory: /home/spider/pool2-ee-probe-b192-arm1-repeat1-20261005-v1/profile/PCSX2/memcards
[    0.0168] Logs Directory: /home/spider/pool2-ee-probe-b192-arm1-repeat1-20261005-v1/profile/PCSX2/logs
[    0.0168] Cheats Directory: /home/spider/pool2-ee-probe-b192-arm1-repeat1-20261005-v1/profile/PCSX2/cheats
[    0.0168] Patches Directory: /home/spider/pool2-ee-probe-b192-arm1-repeat1-20261005-v1/profile/PCSX2/patches
[    0.0168] Covers Directory: /home/spider/pool2-ee-probe-b192-arm1-repeat1-20261005-v1/profile/PCSX2/covers
[    0.0168] Game Settings Directory: /home/spider/pool2-ee-probe-b192-arm1-repeat1-20261005-v1/profile/PCSX2/gamesettings
[    0.0168] Resources Directory: /home/spider/tyrax2-debugger-linux-v1/squashfs-root/usr/bin/resources
[    0.0168] User Resources Directory: /home/spider/pool2-ee-probe-b192-arm1-repeat1-20261005-v1/profile/PCSX2/resources
[    0.0168] Cache Directory: /home/spider/pool2-ee-probe-b192-arm1-repeat1-20261005-v1/profile/PCSX2/cache
[    0.0168] Textures Directory: /home/spider/pool2-ee-probe-b192-arm1-repeat1-20261005-v1/profile/PCSX2/textures
[    0.0168] Input Profile Directory: /home/spider/pool2-ee-probe-b192-arm1-repeat1-20261005-v1/profile/PCSX2/inputprofiles
[    0.0168] Video Dumping Directory: /home/spider/pool2-ee-probe-b192-arm1-repeat1-20261005-v1/profile/PCSX2/videos
[    0.0168] Debugger Layouts Directory: /home/spider/pool2-ee-probe-b192-arm1-repeat1-20261005-v1/profile/PCSX2/inis/debuggerlayouts
[    0.0168] Debugger Settings Directory: /home/spider/pool2-ee-probe-b192-arm1-repeat1-20261005-v1/profile/PCSX2/inis/debuggersettings
[    0.0324] Loaded translation file for language en-US
[    0.0400] PCSX2 v2.9.93
[    0.0400] Savestate version: 0x9a590000
[    0.0400] 
[    0.0400] 
[    0.0400] Host Machine Init:
[    0.0401]   Operating System = Ubuntu 22.04
[    0.0401]   Available RAM    = 49092 MB (47.94 GB)
[    0.0401]   Physical RAM     = 50191 MB (49.02 GB)
[    0.0401] 
[    0.0401]   Processor        = AMD Ryzen Threadripper 1920X
[    0.0401]   Core Count       = 24 cores
[    0.0401]   Thread Count     = 24 threads
[    0.0401]   Cluster Count    = 1 clusters
[    0.0401] CPU Extensions Detected:
[    0.0401]   AVX AVX2
[    0.0401] 
[    0.0402] Allocating host memory for virtual systems...
[    0.0404]   EE Main Memory                   @ 0x00007F5627200000 -> 0x00007F5630100000 [143mb]
[    0.0404]   IOP Main Memory                  @ 0x00007F5630100000 -> 0x00007F5638200000 [129mb]
[    0.0404]   VU0/1 On-Chip Memory             @ 0x00007F5638200000 -> 0x00007F5638300000 [1mb]
[    0.0404]   VTLB Virtual Map                 @ 0x00007F5638300000 -> 0x00007F5638B00000 [8mb]
[    0.0404]   VTLB Address Map                 @ 0x00007F5638B00000 -> 0x00007F5638F00000 [4mb]
[    0.0404]   R5900 Recompiler Cache           @ 0x00007F5638F00000 -> 0x00007F563CF00000 [64mb]
[    0.0404]   R3000A Recompiler Cache          @ 0x00007F563CF00000 -> 0x00007F563EF00000 [32mb]
[    0.0405]   Micro VU0 Recompiler Cache       @ 0x00007F563FF00000 -> 0x00007F5643F00000 [64mb]
[    0.0405]   Micro VU1 Recompiler Cache       @ 0x00007F5643F00000 -> 0x00007F5647F00000 [64mb]
[    0.0405]   VIF0 Unpack Recompiler Cache     @ 0x00007F563EF00000 -> 0x00007F563F700000 [8mb]
[    0.0405]   VIF1 Unpack Recompiler Cache     @ 0x00007F563F700000 -> 0x00007F563FF00000 [8mb]
[    0.0405]   VIF Unpack Recompiler Cache      @ 0x00007F5647F00000 -> 0x00007F5648000000 [1mb]
[    0.0405]   GS Software Renderer             @ 0x00007F5648000000 -> 0x00007F564C000000 [64mb]
[    0.0418] Fastmem area: 0x7f5527200000 - 0x7f56271fffff
[    0.0438] Generating SSE-optimized unpacking functions for VIF interpreters...
[    0.0442] Unpack function generation complete.  Generated function statistics:
[    0.0442]   Reserved buffer    : 1048576 bytes @ 0x00007F5647F00000
[    0.0442]   x86 code generated : 7422 bytes
[    0.0442] 
[    0.0445] SDLInputSource: Using Controller DB from resources.
[    0.0629] SDLInputSource: 765 gamepad mappings are loaded.
[    0.0629] Invalid binding: 'XInput-0/DPadUp'
[    0.0629] Invalid binding: 'XInput-0/DPadRight'
[    0.0629] Invalid binding: 'XInput-0/DPadDown'
[    0.0629] Invalid binding: 'XInput-0/DPadLeft'
[    0.0630] Invalid binding: 'XInput-0/Y'
[    0.0630] Invalid binding: 'XInput-0/B'
[    0.0630] Invalid binding: 'XInput-0/A'
[    0.0630] Invalid binding: 'XInput-0/X'
[    0.0630] Invalid binding: 'XInput-0/Back'
[    0.0630] Invalid binding: 'XInput-0/Start'
[    0.0630] Invalid binding: 'XInput-0/LeftShoulder'
[    0.0630] Invalid binding: 'XInput-0/+LeftTrigger'
[    0.0630] Invalid binding: 'XInput-0/RightShoulder'
[    0.0630] Invalid binding: 'XInput-0/+RightTrigger'
[    0.0630] Invalid binding: 'XInput-0/LeftStick'
[    0.0630] Invalid binding: 'XInput-0/RightStick'
[    0.0630] Invalid binding: 'XInput-0/Guide'
[    0.0630] Invalid binding: 'XInput-0/-LeftY'
[    0.0630] Invalid binding: 'XInput-0/+LeftX'
[    0.0630] Invalid binding: 'XInput-0/+LeftY'
[    0.0630] Invalid binding: 'XInput-0/-LeftX'
[    0.0630] Invalid binding: 'XInput-0/-RightY'
[    0.0630] Invalid binding: 'XInput-0/+RightX'
[    0.0630] Invalid binding: 'XInput-0/+RightY'
[    0.0630] Invalid binding: 'XInput-0/-RightX'
[    0.0637] Settings: Advanced Settings are enabled; only proceed if you know what you're doing! No support will be provided if you have the option enabled.
[    0.1094] Scanning F:\PS2\Games (recursively)
[    0.2094] Loading BIOS...
[    0.2206] BIOS Found: Europe  v02.00(14/06/2004)  Console 20040614-100914
[    0.2778] Mechacon version: 0x00020603
[    0.2791] Opening CDVD...
[    0.3102] Initializing Elf: 4464732 bytes
[    0.3109] Disc changed to .
[    0.3109]   Name: vehicle-playground [?]
[    0.3109]   Serial: vehicle-playground
[    0.3109]   Version: 
[    0.3109]   CRC: 1C2826FE
[    0.3109] No game settings found (tried '/home/spider/pool2-ee-probe-b192-arm1-repeat1-20261005-v1/profile/PCSX2/gamesettings/1C2826FE.ini')
[    0.3109] Applying settings...
[    0.3112] Invalid binding: 'XInput-0/DPadUp'
[    0.3112] Invalid binding: 'XInput-0/DPadRight'
[    0.3112] Invalid binding: 'XInput-0/DPadDown'
[    0.3112] Invalid binding: 'XInput-0/DPadLeft'
[    0.3112] Invalid binding: 'XInput-0/Y'
[    0.3112] Invalid binding: 'XInput-0/B'
[    0.3112] Invalid binding: 'XInput-0/A'
[    0.3112] Invalid binding: 'XInput-0/X'
[    0.3112] Invalid binding: 'XInput-0/Back'
[    0.3112] Invalid binding: 'XInput-0/Start'
[    0.3112] Invalid binding: 'XInput-0/LeftShoulder'
[    0.3112] Invalid binding: 'XInput-0/+LeftTrigger'
[    0.3112] Invalid binding: 'XInput-0/RightShoulder'
[    0.3112] Invalid binding: 'XInput-0/+RightTrigger'
[    0.3112] Invalid binding: 'XInput-0/LeftStick'
[    0.3112] Invalid binding: 'XInput-0/RightStick'
[    0.3112] Invalid binding: 'XInput-0/Guide'
[    0.3112] Invalid binding: 'XInput-0/-LeftY'
[    0.3113] Invalid binding: 'XInput-0/+LeftX'
[    0.3113] Invalid binding: 'XInput-0/+LeftY'
[    0.3113] Invalid binding: 'XInput-0/-LeftX'
[    0.3113] Invalid binding: 'XInput-0/-RightY'
[    0.3113] Invalid binding: 'XInput-0/+RightX'
[    0.3113] Invalid binding: 'XInput-0/+RightY'
[    0.3113] Invalid binding: 'XInput-0/-RightX'
[    0.3114] GameDB: Has not been initialized yet, initializing...
[    0.3596] GameDB: 12841 games on record (loaded in 48.15ms)
[    0.3622] Reopening memory cards...
[    0.3623] (FileMcd) Creating new 8MB memory card: /home/spider/pool2-ee-probe-b192-arm1-repeat1-20261005-v1/profile/PCSX2/memcards/Mcd001.ps2
[    0.3726] McdSlot 0 [File]: Mcd001.ps2 [8 MB, UNFORMATTED]
[    0.3726] McdSlot 1 [File]: [disabled/empty filename]
[    0.3775] HLE Host: Set 'host:' root path to: /mnt/f/Projects/tyrax2-lab-20261001/wild-pool2-ee-probe-physical-v1/game/bin
[    0.3775] EE/iR5900 Recompiler Reset
[    0.4210] iR3000A Recompiler reset.
[    0.4387] Resetting host memory for virtual systems...
[    0.6691] Time Zone Offset: GMT+01:00
[    0.6691] Time Zone Location: Berlin
[    0.6691] DST: Winter Time
[    0.6691] Time Format: 24-Hour
[    0.6691] Date Format: DD/MM/YYYY
[    0.6691] System Time Basis: Operating System Time
[    0.6692] Resulting System Time: 2026-10-05 12:54:35
[    0.6692] Close virtual disk tray
[    0.6692] Media already loaded (fast boot)
[    0.6692] Opening GS...
[    0.7106] VK: Enabling extension: VK_KHR_get_surface_capabilities2
[    0.7212] Using Vulkan GPU 'llvmpipe (LLVM 15.0.7, 256 bits)' for automatic renderer check.
[    0.7212] Not using Vulkan for software renderer.
[    0.7214] acquireRenderWindow() recreate=true fullscreen=false render_to_main=true surfaceless=false
[    0.7242] (GetRefreshRateFromXRandR) Modeline is invalid: 0/0/0
[    0.7242] Surface refresh rate: 60 Hz
[    0.7246] Loading EGL from libEGL.so...
[    0.7257] GLAD EGL Version: 1.0
[    0.7257] Using EGL platform EGL_EXT_platform_x11.
[    0.7340] eglInitialize() version: 1.5
[    0.7341] GLAD EGL Version: 1.5
[    0.7341] Trying GL version 4.6
[    0.7341] eglCreateContext() failed: 0x3009
[    0.7342] Trying GL version 4.5
[    0.7460] Got GL version 4.5
[    0.7460] EGL_MIN_SWAP_INTERVAL = 1
[    0.7460] EGL_MAX_SWAP_INTERVAL = 1
[    0.7460] Negative swap interval/tear-control is NOT supported
[    0.7486] GL_VENDOR: Mesa
[    0.7486] GL_VERSION: 4.5 (Core Profile) Mesa 23.2.1-1ubuntu3.1~22.04.4
[    0.7486] GL_RENDERER: llvmpipe (LLVM 15.0.7, 256 bits)
[    0.7486] GL_SHADING_LANGUAGE_VERSION: 4.50
[    0.7487] GL_MAX_VERTEX_SHADER_STORAGE_BLOCKS: 16
[    0.7487] GL: Viewport Array:            Supported       => Using: GL_ARB_viewport_array
[    0.7487] GL: Direct State Access:       Supported       => Using: OpenGL 4.5 Core
[    0.7487] GL: Copy Image:                Supported       => Using: OpenGL 4.3 Core
[    0.7487] GL: Clip Control:              Supported       => Using: OpenGL 4.5 Core
[    0.7487] GL: Conservative Depth:        Supported       => Using: OpenGL 4.2 Core
[    0.7487] GL: CAS Sharpening:            Supported       => Using: OpenGL 4.2 Core
[    0.7487] GL: Texture Barriers:          Auto            => Using: Framebuffer Fetch
[    0.7487] GL: RGBA16 HW Blending:        Supported       => Using: RGBA16 UNORM
[    0.7487] GL: Point Expansion:           Supported       => Using: Hardware
[    0.7487] GL: Line Expansion:            Fallback        => Using: Vertex Expansion
[    0.7487] GL: Sprite Expansion:          Supported       => Using: Vertex Expansion
[    0.7487] GL: DXTn Texture Compression:  Supported       => Using: GL_EXT_texture_compression_s3tc
[    0.7487] GL: BC6/7 Texture Compression: Supported       => Using: OpenGL 4.2 Core
[    0.7597] 1 program binary formats supported by driver
[    0.7980] Program binary retrieved, 4105 bytes, format 34655
[    0.7984] Program binary retrieved, 4121 bytes, format 34655
[    0.7989] Program binary retrieved, 4249 bytes, format 34655
[    0.7993] Program binary retrieved, 4013 bytes, format 34655
[    0.7997] Program binary retrieved, 4013 bytes, format 34655
[    0.8000] Program binary retrieved, 4017 bytes, format 34655
[    0.8004] Program binary retrieved, 4017 bytes, format 34655
[    0.8007] Program binary retrieved, 4185 bytes, format 34655
[    0.8012] Program binary retrieved, 4217 bytes, format 34655
[    0.8016] Program binary retrieved, 4137 bytes, format 34655
[    0.8020] Program binary retrieved, 4125 bytes, format 34655
[    0.8024] Program binary retrieved, 4121 bytes, format 34655
[    0.8030] Program binary retrieved, 4253 bytes, format 34655
[    0.8037] Program binary retrieved, 4237 bytes, format 34655
[    0.8041] Program binary retrieved, 4245 bytes, format 34655
[    0.8045] Program binary retrieved, 4261 bytes, format 34655
[    0.8051] Program binary retrieved, 4965 bytes, format 34655
[    0.8056] Program binary retrieved, 4981 bytes, format 34655
[    0.8060] Program binary retrieved, 4261 bytes, format 34655
[    0.8064] Program binary retrieved, 4277 bytes, format 34655
[    0.8069] Program binary retrieved, 5005 bytes, format 34655
[    0.8075] Program binary retrieved, 5021 bytes, format 34655
[    0.8079] Program binary retrieved, 4257 bytes, format 34655
[    0.8083] Program binary retrieved, 4273 bytes, format 34655
[    0.8088] Program binary retrieved, 5001 bytes, format 34655
[    0.8094] Program binary retrieved, 5017 bytes, format 34655
[    0.8097] Program binary retrieved, 4277 bytes, format 34655
[    0.8101] Program binary retrieved, 4293 bytes, format 34655
[    0.8106] Program binary retrieved, 5057 bytes, format 34655
[    0.8112] Program binary retrieved, 5073 bytes, format 34655
[    0.8116] Program binary retrieved, 4153 bytes, format 34655
[    0.8119] Program binary retrieved, 4169 bytes, format 34655
[    0.8123] Program binary retrieved, 4233 bytes, format 34655
[    0.8128] Program binary retrieved, 5781 bytes, format 34655
[    0.8133] Program binary retrieved, 5373 bytes, format 34655
[    0.8140] Program binary retrieved, 6389 bytes, format 34655
[    0.8144] Program binary retrieved, 4917 bytes, format 34655
[    0.8148] Program binary retrieved, 4845 bytes, format 34655
[    0.8153] Program binary retrieved, 4997 bytes, format 34655
[    0.8157] Program binary retrieved, 4101 bytes, format 34655
[    0.8189] Program binary retrieved, 4137 bytes, format 34655
[    0.8221] Program binary retrieved, 4109 bytes, format 34655
[    0.8225] Program binary retrieved, 5389 bytes, format 34655
[    0.8230] Program binary retrieved, 5829 bytes, format 34655
[    0.8234] Program binary retrieved, 5857 bytes, format 34655
[    0.8241] Program binary retrieved, 4289 bytes, format 34655
[    0.8267] Program binary retrieved, 21205 bytes, format 34655
[    0.8272] Program binary retrieved, 4765 bytes, format 34655
[    0.8277] Program binary retrieved, 5685 bytes, format 34655
[    0.8280] Program binary retrieved, 4141 bytes, format 34655
[    0.8282] Program binary retrieved, 4537 bytes, format 34655
[    0.8287] Program binary retrieved, 4889 bytes, format 34655
[    0.8290] Program binary retrieved, 4117 bytes, format 34655
[    0.8294] Program binary retrieved, 4741 bytes, format 34655
[    0.8298] Program binary retrieved, 4965 bytes, format 34655
[    0.8304] Program binary retrieved, 6613 bytes, format 34655
[    0.8307] Program binary retrieved, 4797 bytes, format 34655
[    0.8322] Program binary retrieved, 13085 bytes, format 34655
[    0.8385] Program binary retrieved, 7285 bytes, format 34655
[    0.8448] Program binary retrieved, 5497 bytes, format 34655
[    0.8452] Program binary retrieved, 4141 bytes, format 34655
[    0.8456] Program binary retrieved, 4141 bytes, format 34655
[    0.8460] Program binary retrieved, 4145 bytes, format 34655
[    0.8464] Program binary retrieved, 4145 bytes, format 34655
[    0.8993] Program binary retrieved, 5369 bytes, format 34655
[    0.9008] OpenGL Graphics Driver Info:
[    0.9009] OpenGL Context:
[    0.9009] 4.5 (Core Profile) Mesa 23.2.1-1ubuntu3.1~22.04.4
[    0.9009] Mesa llvmpipe (LLVM 15.0.7, 256 bits)
[    0.9009] GLSL: 4.50
[    0.9042] Processor count: 24 cores, 24 processors, 1 clusters
[    0.9043] Ordered processor list: 12, 23, 22, 21, 20, 19, 18, 17, 16, 15, 14, 13, 0, 11, 10, 9, 8, 7, 6, 5, 4, 3, 2, 1
[    0.9043] Not pinning SW threads, we need 4 processors, but only have 0
[    0.9048] Opening SPU2...
[    0.9051] Creating Null audio stream, sample rate = 48000, expansion = Disabled, buffer = 50, latency = 32, stretching enabled, driver = wasapi, device = 
[    0.9052] Allocated buffer of 2432 frames for buffer of 50 ms [expansion Disabled (block size 2048), stretch disabled, target size 2432].
[    0.9052] Initializing Pad...
[    0.9052] Initializing SIO2...
[    0.9052] Initializing SIO0...
[    0.9052] Opening DEV9...
[    0.9052] DEV9: DEV9init
[    0.9054] DEV9: DEV9init2
[    0.9054] DEV9: DEV9init3
[    0.9095] DEV9: DEV9init ok
[    0.9095] DEV9: DEV9open
[    0.9095] Opening USB...
[    0.9095] Opening FW...
[    0.9098] Frame rate: 59.94, target speed: 1, target frame rate: 59.94, ticks per frame: 16683350
[    0.9134] VM subsystems initialized in 708.15 ms
[    0.9148] MultiPause time: 142ns
[    0.9174] MultiPause time: 142ns
[    0.9175] MultiPause time: 142ns
[    0.9176] MultiPause time: 169ns
[    0.9250] Failed to inhibit screen saver.
[    0.9250] Processor order assignment: EE=12, VU=23, GS=23
[    0.9250]   EE thread is on processor 12 (0x1000)
[    0.9251]   GS thread is on processor 23 (0x800000)
[    0.9350] Failed to inhibit screen saver.
[    0.9597] # Initialize memory (rev:3.70, ctm:197Mhz, cpuclk:147Mhz detected)
[    0.9678] R3000 Debugger: Branch to 0x890 (SYSMEM). Clearing modules.
[    0.9695] RegisterLibraryEntries: excepman version 1.01
[    0.9704] RegisterLibraryEntries:  intrman version 1.02
[    0.9705] RegisterLibraryEntries:   ssbusc version 1.01
[    0.9709] RegisterLibraryEntries:  dmacman version 1.02
[    0.9712] RegisterLibraryEntries:  timrman version 1.01
[    0.9715] RegisterLibraryEntries:  sysclib version 1.01
[    0.9716] RegisterLibraryEntries:    stdio version 1.01
[    0.9717] RegisterLibraryEntries:  heaplib version 1.01
[    0.9721] FW: read mem 0x1f80847c: 0x10000001
[    0.9721] FW: write mem 0x1f808414: 0x417f0000
[    0.9721] FW: read mem 0x1f808400: 0xffc00001
[    0.9721] FW: write mem 0x1f80844c: 0xffffffff
[    0.9721] FW: write mem 0x1f808420: 0xffffffff
[    0.9721] FW: write mem 0x1f808428: 0xffffffff
[    0.9721] FW: write mem 0x1f808430: 0xffffffff
[    0.9731] RegisterLibraryEntries:   thbase version 1.01
[    0.9732] RegisterLibraryEntries:  thevent version 1.01
[    0.9732] RegisterLibraryEntries:  thsemap version 1.01
[    0.9733] RegisterLibraryEntries:  thmsgbx version 1.01
[    0.9733] RegisterLibraryEntries:  thfpool version 1.01
[    0.9733] RegisterLibraryEntries:  thvpool version 1.01
[    0.9742] RegisterLibraryEntries:   vblank version 1.01
[    0.9747] RegisterLibraryEntries:    ioman version 1.02
[    0.9753] RegisterLibraryEntries:  modload version 1.01
[    0.9757] RegisterLibraryEntries:   romdrv version 2.01
[    0.9759] RegisterLibraryEntries:    stdio version 1.02
[    0.9762] RegisterLibraryEntries:   sifman version 1.01
[    0.9765] 
[    0.9765] PlayStation 2 ======== Hard reset boot
[    0.9767]  ROMGEN=2004-0614, IOP info (CPUID=1f, CACH_CONFIG=0, 2MB, IOP mode)
[    0.9769]  <20040614-100914,ROMconf,PS20200EC20040614.bin:11696>
[    0.9860] # Total accessable memory size: 32 MB (B:2:8:0) (370:2:7c30)
[    0.9870] # TLB spad=0 kernel=1:12 default=13:30 extended=31:38
[    1.0461] # Initialize Start.
[    1.0466] # Initialize GS ...
[    1.0466] # Initialize INTC ...
[    1.0466] # Initialize TIMER ...
[    1.0467] # Initialize DMAC ...
[    1.0468] # Initialize VU1 ...
[    1.0470] # Initialize VIF1 ...
[    1.0471] # Initialize GIF ...
[    1.0471] # Initialize VU0 ...
[    1.0472] # Initialize VIF0 ...
[    1.0473] # Initialize IPU ...
[    1.0474] # Initialize FPU ...
[    1.0474] # Initialize User Memory ...
[    1.1058] # Initialize Scratch Pad ...
[    1.1059] # Initialize Done.
[    1.1067] 
[    1.1067] EE DECI2 Manager version 0.06 Feb  6 2003 08:38:48
[    1.1068]   CPUID=2e20, BoardID=0, ROMGEN=2004-0614, 32M
[    1.1068] 
[    1.1070] RegisterLibraryEntries:   sifcmd version 1.01
[    1.1374] Initializing Elf: 4464732 bytes
[    1.1403] ELF Loading: host:vehicle-playground.elf, Game CRC = 1C2826FE, EntryPoint = 0x00100E78
[    1.1431] RegisterLibraryEntries:  cdvdman version 1.01
[    1.1468] Imported 823 symbols.
[    1.1501] RegisterLibraryEntries:  cdvdfsv version 1.01
[    1.1517] RegisterLibraryEntries:  secrman version 1.03
[    1.1518] RegisterLibraryEntries:   eesync version 1.01
[    1.1520] 
[    1.1520] IOP Realtime Kernel Ver.0.9.1
[    1.1520]     Copyright 1999 (C) Sony Computer Entertainment Inc. 
[    1.1526] Reboot service module.(99/11/10)
[    1.1550] cdvd driver module version 0.1.1 (C)SCEI
[    1.1556] Load File service.(99/11/05)
[    1.1557] Multi Threaded Fileio module.(99/11/15) 
[    1.1557] iop heap service (99/11/03)
[    1.1800] loadelf: fname host:vehicle-playground.elf secname all
[    1.1800] loadelf version 3.30
[    1.1828] Input ELF format filename = host:vehicle-playground.elf
[    1.2285] 1 00100000 003f603c ................................................................
[    1.2286] Loaded, host:vehicle-playground.elf
[    1.2286] start address 0x100e78
[    1.2287] gp address 00000000
[    1.2295] (VMManager) Pausing...
[    1.2296] (VMManager) Resuming...
[    1.2323] PINE: New client with FD 14 connected.
[    1.2336] PINE: Client disconnected.
[    1.2407] Failed to inhibit screen saver.
[    1.2408] EE/iR5900 Recompiler Reset
[    1.2578] # Restart Without Memory Clear.
[    1.2719] # Initialize GS ...
[    1.2719] # Initialize INTC ...
[    1.2719] # Initialize TIMER ...
[    1.2720] # Initialize DMAC ...
[    1.2720] # Initialize VU1 ...
[    1.2721] # Initialize VIF1 ...
[    1.2722] # Initialize GIF ...
[    1.2722] # Initialize VU0 ...
[    1.2725] # Initialize VIF0 ...
[    1.2725] # Initialize IPU ...
[    1.2726] # Initialize FPU ...
[    1.2726] # Initialize Scratch Pad ...
[    1.2727] # Restart Without Memory Clear Done.
[    1.2729] ELF host:vehicle-playground.elf with entry point at 0x00100E78 is executing.
[    1.2731] ELF changed, active CRC 1C2826FE (host:vehicle-playground.elf)
[    1.2734] Applying core settings...
[    1.2735] Debugger Settings Manager: Failed to read Saved Addresses array from settings file: '/home/spider/pool2-ee-probe-b192-arm1-repeat1-20261005-v1/profile/PCSX2/inis/debuggersettings/vehicle-playground_1C2826FE.json'
[    1.2735] Debugger Settings Manager: Failed to read Saved Addresses array from settings file: '/home/spider/pool2-ee-probe-b192-arm1-repeat1-20261005-v1/profile/PCSX2/inis/debuggersettings/vehicle-playground_1C2826FE.json'
[    1.2741] Updating CPU configuration...
[    1.2741] iR3000A Recompiler reset.
[    1.2952] iR3000A Recompiler reset.
[    1.3015] EE/iR5900 Recompiler Reset
[    1.3174] (VMManager) Pausing...
[    1.3176] EE/iR5900 Recompiler Reset
[    1.3343] PINE: New client with FD 14 connected.
[    1.3348] PINE: Client disconnected.
[    1.3379] EE/iR5900 Recompiler Reset
[    1.3569] iR3000A Recompiler reset.
[    1.3611] EE/iR5900 Recompiler Reset
[    1.3778] iR3000A Recompiler reset.
[    1.3809] EE/iR5900 Recompiler Reset
[    1.3968] iR3000A Recompiler reset.
[    1.4011] EE/iR5900 Recompiler Reset
[    1.4200] iR3000A Recompiler reset.
[    1.4242] EE/iR5900 Recompiler Reset
[    1.4748] PINE: New client with FD 14 connected.
[    1.4756] OSD [SaveStateSlot140]: Saving state to slot 140...
[    1.5023]   Saving SPU2
[    1.5027]   Saving GS
[    1.6016] OSD [SaveStateSlot140]: Saved state to slot 140.
[    1.6017] Zipping save state to '/home/spider/pool2-ee-probe-b192-arm1-repeat1-20261005-v1/profile/PCSX2/sstates/vehicle-playground (1C2826FE).140.p2s' took 92.56 ms
[    2.7485] PINE: Client disconnected.
[    3.2523] PINE: New client with FD 14 connected.
[    3.2570] (VMManager) Resuming...
[    3.2692] Failed to inhibit screen saver.
[    3.2704] BIOS: Successfully found the instruction pattern. Assuming the thread list is here: 8001a640
[    3.2734] Warning: GetOsdConfigParam2 Reading extended language/version configs, may be incorrect!
[    3.2843] read/write allocate memory 4000
[    3.2844] open name host:/ps2link.run flag 1 data 41378
[    3.2852] open fd = -5
[    3.2880] Get Reboot Request From EE
[    3.2893] R3000 Debugger: Branch to 0x890 (SYSMEM). Clearing modules.
[    3.2912] RegisterLibraryEntries: excepman version 1.01
[    3.2923] RegisterLibraryEntries:  intrman version 1.02
[    3.2924] RegisterLibraryEntries:   ssbusc version 1.01
[    3.2930] RegisterLibraryEntries:  dmacman version 1.02
[    3.2935] RegisterLibraryEntries:  timrman version 1.01
[    3.2940] RegisterLibraryEntries:  sysclib version 1.01
[    3.2941] RegisterLibraryEntries:    stdio version 1.01
[    3.2942] RegisterLibraryEntries:  heaplib version 1.01
[    3.2963] RegisterLibraryEntries:   thbase version 1.01
[    3.2964] RegisterLibraryEntries:  thevent version 1.01
[    3.2964] RegisterLibraryEntries:  thsemap version 1.01
[    3.2964] RegisterLibraryEntries:  thmsgbx version 1.01
[    3.2964] RegisterLibraryEntries:  thfpool version 1.01
[    3.2965] RegisterLibraryEntries:  thvpool version 1.01
[    3.2974] RegisterLibraryEntries:   vblank version 1.01
[    3.2979] RegisterLibraryEntries:    ioman version 1.02
[    3.2988] RegisterLibraryEntries:  modload version 1.01
[    3.3068] RegisterLibraryEntries:   romdrv version 2.01
[    3.3071] RegisterLibraryEntries:    stdio version 1.02
[    3.3076] RegisterLibraryEntries:   sifman version 1.01
[    3.3080] 
[    3.3081] PlayStation 2 ======== Soft reboot
[    3.3088] RegisterLibraryEntries:   sifcmd version 1.01
[    3.3124] RegisterLibraryEntries:  cdvdman version 1.01
[    3.3139] RegisterLibraryEntries:  cdvdfsv version 1.01
[    3.3214] RegisterLibraryEntries:  secrman version 1.03
[    3.3215] RegisterLibraryEntries:   eesync version 1.01
[    3.3217] 
[    3.3217] IOP Realtime Kernel Ver.0.9.1
[    3.3217]     Copyright 1999 (C) Sony Computer Entertainment Inc. 
[    3.3221] Reboot service module.(99/11/10)
[    3.3240] [EE] Skipping timeout loop at 0x002D4180 -> 0x002D41A0
[    3.3241] cdvd driver module version 0.1.1 (C)SCEI
[    3.3244] Load File service.(99/11/05)
[    3.3244] Multi Threaded Fileio module.(99/11/15) 
[    3.3245] iop heap service (99/11/03)
[    3.3457] RegisterLibraryEntries:   iomanx version 1.01
[    3.3470] fileXio: fileXio: fileXio RPC Server v1.00
[    3.3470] Copyright (c) 2003 adresd
[    3.3472] RegisterLibraryEntries:  sio2man version 2.07
[    3.3473] RegisterLibraryEntries:  sio2man version 1.02
[    3.3479] RegisterLibraryEntries:   padman version 1.02
[    3.3480] Pad Driver for OSD
[    3.3484] FREESD v1.01
[    3.3484] RegisterLibraryEntries:    libsd version 1.04
[    3.3489] debug_level = 1 (ps2snd 0.1
[    3.3575] PINE: Client disconnected.
[    3.3626] greetings from version 0.93 !
[    3.3626] RegisterLibraryEntries:   audsrv version 1.04
[    3.3627] audsrv_adpcm_init()
[    3.3646] UpdateVSyncRate: Mode Changed to SDTV 480p.
[    3.3646] Frame rate: 59.94, target speed: 1, target frame rate: 59.94, ticks per frame: 16683350
[    3.3646] Set GS CRTC configuration. SDTV   720x480 @ 59.94 Progressive (FRAME)
[    5.4335] read/write allocate memory 4000
[    5.4337] 
[    5.4340] -----------------------------------------
[    5.4341]         _____        ____   ___
[    5.4341]           |     /   ____| |___|
[    5.4342]           |     |   |     |   |
[    5.4342] -----------------------------------------
[    5.4343] Copyright 2022
[    5.4343] Repository: https://github.com/h4570/tyra
[    5.4344] Licensed under Apache License 2.0
[    5.4348] Version: 2.2.0
[    5.4349] -----------------------------------------
[    5.4349] 
[    5.6009] audsrv_adpcm_init()
[    5.6018] [EE] Skipping timeout loop at 0x00102CB0 -> 0x00102CD0
[    5.6344] Curent pad(0,0) status: EXECCMD
[    5.8322] Pad: DS2 Config Finished - P1/S1 - AL: Off - AB: Usable - VS: Disabled - VL: Disabled - RB: D (0x00000000)
[    5.8677] Curent pad(0,0) status: EXECCMD
[    5.9316] Pad: DS2 Config Finished - P1/S1 - AL: On - AB: Locked - VS: Disabled - VL: Disabled - RB: D (0x00000000)
[    6.1315] Pad: DS2 Config Finished - P1/S1 - AL: On - AB: Locked - VS: Disabled - VL: Disabled - RB: D (0x00000000)
[    6.1660] Curent pad(0,0) status: EXECCMD
[    6.4323] Pad: DS2 Config Finished - P1/S1 - AL: On - AB: Locked - VS: Disabled - VL: Disabled - RB: D+A+P (0x0003FFFF)
[    6.6320] Pad: DS2 Config Finished - P1/S1 - AL: On - AB: Locked - VS: Disabled - VL: Disabled - RB: D+A+P (0x0003FFFF)
[    6.6686] open name host:/pool2-probe.cfg flag 1 data 41378
[    6.6699] open fd = 256
[    6.6750] open name host:/hud/flare-corona.png flag 1 data 41378
[    6.6768] open fd = 256
[    6.6974] LOG: POOL2PROBE_CONFIG arm=1 vertices=192 members=2 repeats=1 package=75 alpha=128
[    6.6975] LOG: POOL2EEPROBE_CONFIG kind=7 clip=0 lazy=1 oracle=0
[    6.6986] FRAMEARENA allocated=1 bytes=1048576
[    6.7098] microVU1: Cached Prog = [000] [PC=18e0] [List=01] (Cache=0.000%) [0.0mb]
[    6.7107] microVU1: 3 cycle stall on branch instruction [1f78]
[    6.7117] microVU1: Cached Prog = [001] [PC=2480] [List=01] (Cache=0.246%) [0.1mb]
[    6.7125] microVU1: 3 cycle stall on branch instruction [1f78]
[    6.7235] LOG: POOL2EEPROBE_SOURCE clip=0 ready=0 total=192 generation=1 coldOracle=0
[    6.7236] LOG: POOL2PROBE_FRAME frame=1 cold=1 arm=1 eligible=0 applied=0 compared=0 mismatches=0
[    6.7237] LOG: POOL2PROBE_READY arm=1 vertices=192 repeats=1 completed=1 warmBypass=0
[    6.7237] (VMManager) Pausing...
[    6.7833] PINE: New client with FD 14 connected.
[    6.7837] PINE: Client disconnected.
[    6.9058] PINE: New client with FD 14 connected.
[    6.9064] OSD [SaveStateSlot179]: Saving state to slot 179...
[    6.9324]   Saving SPU2
[    6.9329]   Saving GS
[    7.0329] OSD [SaveStateSlot179]: Saved state to slot 179.
[    7.0330] Zipping save state to '/home/spider/pool2-ee-probe-b192-arm1-repeat1-20261005-v1/profile/PCSX2/sstates/vehicle-playground (1C2826FE).179.p2s' took 94.19 ms
[    8.1965] PINE: Client disconnected.
