[    0.0911] Program Path: /home/spider/tyrax2-debugger-linux-v1/squashfs-root/usr/bin/pcsx2-qt
[    0.0912] AppRoot Directory: /home/spider/tyrax2-debugger-linux-v1/squashfs-root/usr/bin
[    0.0912] Resources Directory: /home/spider/tyrax2-debugger-linux-v1/squashfs-root/usr/bin/resources
[    0.0912] DataRoot Directory: /home/spider/night-ablation-emulator-pool2-ee-order0-20261005/profile/PCSX2
[    0.0912] Loading config from /home/spider/night-ablation-emulator-pool2-ee-order0-20261005/profile/PCSX2/inis/PCSX2.ini.
[    0.0914] Loading secrets from /home/spider/night-ablation-emulator-pool2-ee-order0-20261005/profile/PCSX2/inis/secrets.ini.
[    0.0918] BIOS Directory: /mnt/c/Users/pawel/OneDrive/Documents/PCSX2/bios
[    0.0918] Snapshots Directory: /home/spider/night-ablation-emulator-pool2-ee-order0-20261005/profile/PCSX2/snaps
[    0.0919] Savestates Directory: /home/spider/night-ablation-emulator-pool2-ee-order0-20261005/profile/PCSX2/sstates
[    0.0919] MemoryCards Directory: /home/spider/night-ablation-emulator-pool2-ee-order0-20261005/profile/PCSX2/memcards
[    0.0919] Logs Directory: /home/spider/night-ablation-emulator-pool2-ee-order0-20261005/profile/PCSX2/logs
[    0.0919] Cheats Directory: /home/spider/night-ablation-emulator-pool2-ee-order0-20261005/profile/PCSX2/cheats
[    0.0919] Patches Directory: /home/spider/night-ablation-emulator-pool2-ee-order0-20261005/profile/PCSX2/patches
[    0.0919] Covers Directory: /home/spider/night-ablation-emulator-pool2-ee-order0-20261005/profile/PCSX2/covers
[    0.0919] Game Settings Directory: /home/spider/night-ablation-emulator-pool2-ee-order0-20261005/profile/PCSX2/gamesettings
[    0.0919] Resources Directory: /home/spider/tyrax2-debugger-linux-v1/squashfs-root/usr/bin/resources
[    0.0919] User Resources Directory: /home/spider/night-ablation-emulator-pool2-ee-order0-20261005/profile/PCSX2/resources
[    0.0919] Cache Directory: /home/spider/night-ablation-emulator-pool2-ee-order0-20261005/profile/PCSX2/cache
[    0.0919] Textures Directory: /home/spider/night-ablation-emulator-pool2-ee-order0-20261005/profile/PCSX2/textures
[    0.0919] Input Profile Directory: /home/spider/night-ablation-emulator-pool2-ee-order0-20261005/profile/PCSX2/inputprofiles
[    0.0919] Video Dumping Directory: /home/spider/night-ablation-emulator-pool2-ee-order0-20261005/profile/PCSX2/videos
[    0.0919] Debugger Layouts Directory: /home/spider/night-ablation-emulator-pool2-ee-order0-20261005/profile/PCSX2/inis/debuggerlayouts
[    0.0919] Debugger Settings Directory: /home/spider/night-ablation-emulator-pool2-ee-order0-20261005/profile/PCSX2/inis/debuggersettings
[    0.1076] Loaded translation file for language en-US
[    0.1528] PCSX2 v2.9.93
[    0.1529] Savestate version: 0x9a590000
[    0.1529] 
[    0.1529] 
[    0.1529] Host Machine Init:
[    0.1534]   Operating System = Ubuntu 22.04
[    0.1534]   Available RAM    = 49068 MB (47.92 GB)
[    0.1534]   Physical RAM     = 50191 MB (49.02 GB)
[    0.1534] 
[    0.1534]   Processor        = AMD Ryzen Threadripper 1920X
[    0.1534]   Core Count       = 24 cores
[    0.1534]   Thread Count     = 24 threads
[    0.1534]   Cluster Count    = 1 clusters
[    0.1534] CPU Extensions Detected:
[    0.1534]   AVX AVX2
[    0.1534] 
[    0.1534] Allocating host memory for virtual systems...
[    0.1537]   EE Main Memory                   @ 0x00007FA477200000 -> 0x00007FA480100000 [143mb]
[    0.1537]   IOP Main Memory                  @ 0x00007FA480100000 -> 0x00007FA488200000 [129mb]
[    0.1537]   VU0/1 On-Chip Memory             @ 0x00007FA488200000 -> 0x00007FA488300000 [1mb]
[    0.1537]   VTLB Virtual Map                 @ 0x00007FA488300000 -> 0x00007FA488B00000 [8mb]
[    0.1537]   VTLB Address Map                 @ 0x00007FA488B00000 -> 0x00007FA488F00000 [4mb]
[    0.1537]   R5900 Recompiler Cache           @ 0x00007FA488F00000 -> 0x00007FA48CF00000 [64mb]
[    0.1537]   R3000A Recompiler Cache          @ 0x00007FA48CF00000 -> 0x00007FA48EF00000 [32mb]
[    0.1537]   Micro VU0 Recompiler Cache       @ 0x00007FA48FF00000 -> 0x00007FA493F00000 [64mb]
[    0.1537]   Micro VU1 Recompiler Cache       @ 0x00007FA493F00000 -> 0x00007FA497F00000 [64mb]
[    0.1537]   VIF0 Unpack Recompiler Cache     @ 0x00007FA48EF00000 -> 0x00007FA48F700000 [8mb]
[    0.1537]   VIF1 Unpack Recompiler Cache     @ 0x00007FA48F700000 -> 0x00007FA48FF00000 [8mb]
[    0.1537]   VIF Unpack Recompiler Cache      @ 0x00007FA497F00000 -> 0x00007FA498000000 [1mb]
[    0.1537]   GS Software Renderer             @ 0x00007FA498000000 -> 0x00007FA49C000000 [64mb]
[    0.1550] Fastmem area: 0x7fa377200000 - 0x7fa4771fffff
[    0.1554] Generating SSE-optimized unpacking functions for VIF interpreters...
[    0.1558] Unpack function generation complete.  Generated function statistics:
[    0.1559]   Reserved buffer    : 1048576 bytes @ 0x00007FA497F00000
[    0.1559]   x86 code generated : 7422 bytes
[    0.1559] 
[    0.1561] SDLInputSource: Using Controller DB from resources.
[    0.1924] SDLInputSource: 765 gamepad mappings are loaded.
[    0.1925] Invalid binding: 'XInput-0/DPadUp'
[    0.1925] Invalid binding: 'XInput-0/DPadRight'
[    0.1925] Invalid binding: 'XInput-0/DPadDown'
[    0.1925] Invalid binding: 'XInput-0/DPadLeft'
[    0.1925] Invalid binding: 'XInput-0/Y'
[    0.1925] Invalid binding: 'XInput-0/B'
[    0.1925] Invalid binding: 'XInput-0/A'
[    0.1925] Invalid binding: 'XInput-0/X'
[    0.1925] Invalid binding: 'XInput-0/Back'
[    0.1925] Invalid binding: 'XInput-0/Start'
[    0.1925] Invalid binding: 'XInput-0/LeftShoulder'
[    0.1925] Invalid binding: 'XInput-0/+LeftTrigger'
[    0.1925] Invalid binding: 'XInput-0/RightShoulder'
[    0.1925] Invalid binding: 'XInput-0/+RightTrigger'
[    0.1926] Invalid binding: 'XInput-0/LeftStick'
[    0.1926] Invalid binding: 'XInput-0/RightStick'
[    0.1926] Invalid binding: 'XInput-0/Guide'
[    0.1926] Invalid binding: 'XInput-0/-LeftY'
[    0.1926] Invalid binding: 'XInput-0/+LeftX'
[    0.1926] Invalid binding: 'XInput-0/+LeftY'
[    0.1926] Invalid binding: 'XInput-0/-LeftX'
[    0.1926] Invalid binding: 'XInput-0/-RightY'
[    0.1926] Invalid binding: 'XInput-0/+RightX'
[    0.1926] Invalid binding: 'XInput-0/+RightY'
[    0.1926] Invalid binding: 'XInput-0/-RightX'
[    0.1931] Settings: Advanced Settings are enabled; only proceed if you know what you're doing! No support will be provided if you have the option enabled.
[    0.3204] Scanning F:\PS2\Games (recursively)
[    0.3235] Loading BIOS...
[    0.3366] BIOS Found: Europe  v02.00(14/06/2004)  Console 20040614-100914
[    0.3996] Mechacon version: 0x00020603
[    0.4013] Opening CDVD...
[    0.4380] Initializing Elf: 4484700 bytes
[    0.4389] Disc changed to .
[    0.4389]   Name: vehicle-playground [?]
[    0.4389]   Serial: vehicle-playground
[    0.4389]   Version: 
[    0.4389]   CRC: F38B4CC1
[    0.4389] No game settings found (tried '/home/spider/night-ablation-emulator-pool2-ee-order0-20261005/profile/PCSX2/gamesettings/F38B4CC1.ini')
[    0.4389] Applying settings...
[    0.4392] Invalid binding: 'XInput-0/DPadUp'
[    0.4392] Invalid binding: 'XInput-0/DPadRight'
[    0.4392] Invalid binding: 'XInput-0/DPadDown'
[    0.4392] Invalid binding: 'XInput-0/DPadLeft'
[    0.4392] Invalid binding: 'XInput-0/Y'
[    0.4392] Invalid binding: 'XInput-0/B'
[    0.4392] Invalid binding: 'XInput-0/A'
[    0.4392] Invalid binding: 'XInput-0/X'
[    0.4392] Invalid binding: 'XInput-0/Back'
[    0.4392] Invalid binding: 'XInput-0/Start'
[    0.4392] Invalid binding: 'XInput-0/LeftShoulder'
[    0.4392] Invalid binding: 'XInput-0/+LeftTrigger'
[    0.4392] Invalid binding: 'XInput-0/RightShoulder'
[    0.4392] Invalid binding: 'XInput-0/+RightTrigger'
[    0.4392] Invalid binding: 'XInput-0/LeftStick'
[    0.4392] Invalid binding: 'XInput-0/RightStick'
[    0.4392] Invalid binding: 'XInput-0/Guide'
[    0.4392] Invalid binding: 'XInput-0/-LeftY'
[    0.4392] Invalid binding: 'XInput-0/+LeftX'
[    0.4392] Invalid binding: 'XInput-0/+LeftY'
[    0.4393] Invalid binding: 'XInput-0/-LeftX'
[    0.4393] Invalid binding: 'XInput-0/-RightY'
[    0.4393] Invalid binding: 'XInput-0/+RightX'
[    0.4393] Invalid binding: 'XInput-0/+RightY'
[    0.4393] Invalid binding: 'XInput-0/-RightX'
[    0.4394] GameDB: Has not been initialized yet, initializing...
[    0.4965] GameDB: 12841 games on record (loaded in 57.08ms)
[    0.5017] Reopening memory cards...
[    0.5017] (FileMcd) Creating new 8MB memory card: /home/spider/night-ablation-emulator-pool2-ee-order0-20261005/profile/PCSX2/memcards/Mcd001.ps2
[    0.5120] McdSlot 0 [File]: Mcd001.ps2 [8 MB, UNFORMATTED]
[    0.5120] McdSlot 1 [File]: [disabled/empty filename]
[    0.5167] HLE Host: Set 'host:' root path to: /mnt/f/Projects/tyrax2-lab-20261001/wild-pool2-ee-physical-v2/game/bin
[    0.5169] EE/iR5900 Recompiler Reset
[    0.5671] iR3000A Recompiler reset.
[    0.5848] mVU Reset
[    0.5862] mVU Reset
[    0.5910] Resetting host memory for virtual systems...
[    0.8581] Time Zone Offset: GMT+01:00
[    0.8581] Time Zone Location: Berlin
[    0.8581] DST: Winter Time
[    0.8581] Time Format: 24-Hour
[    0.8581] Date Format: DD/MM/YYYY
[    0.8582] System Time Basis: Operating System Time
[    0.8582] Resulting System Time: 2026-10-05 12:22:12
[    0.8582] Close virtual disk tray
[    0.8582] Media already loaded (fast boot)
[    0.8582] Opening GS...
[    1.0156] VK: Enabling extension: VK_KHR_get_surface_capabilities2
[    1.0496] Using Vulkan GPU 'llvmpipe (LLVM 15.0.7, 256 bits)' for automatic renderer check.
[    1.0496] Not using Vulkan for software renderer.
[    1.0498] acquireRenderWindow() recreate=true fullscreen=false render_to_main=false surfaceless=false
[    1.0560] (GetRefreshRateFromXRandR) Modeline is invalid: 0/0/0
[    1.0560] Surface refresh rate: 60 Hz
[    1.0562] Loading EGL from libEGL.so...
[    1.0661] GLAD EGL Version: 1.0
[    1.0662] Using EGL platform EGL_EXT_platform_x11.
[    1.0834] eglInitialize() version: 1.5
[    1.0836] GLAD EGL Version: 1.5
[    1.0836] Trying GL version 4.6
[    1.0836] eglCreateContext() failed: 0x3009
[    1.0836] Trying GL version 4.5
[    1.1389] Got GL version 4.5
[    1.1389] EGL_MIN_SWAP_INTERVAL = 1
[    1.1389] EGL_MAX_SWAP_INTERVAL = 1
[    1.1389] Negative swap interval/tear-control is NOT supported
[    1.1415] GL_VENDOR: Mesa
[    1.1416] GL_VERSION: 4.5 (Core Profile) Mesa 23.2.1-1ubuntu3.1~22.04.4
[    1.1416] GL_RENDERER: llvmpipe (LLVM 15.0.7, 256 bits)
[    1.1416] GL_SHADING_LANGUAGE_VERSION: 4.50
[    1.1416] GL_MAX_VERTEX_SHADER_STORAGE_BLOCKS: 16
[    1.1416] GL: Viewport Array:            Supported       => Using: GL_ARB_viewport_array
[    1.1416] GL: Direct State Access:       Supported       => Using: OpenGL 4.5 Core
[    1.1416] GL: Copy Image:                Supported       => Using: OpenGL 4.3 Core
[    1.1417] GL: Clip Control:              Supported       => Using: OpenGL 4.5 Core
[    1.1417] GL: Conservative Depth:        Supported       => Using: OpenGL 4.2 Core
[    1.1417] GL: CAS Sharpening:            Supported       => Using: OpenGL 4.2 Core
[    1.1417] GL: Texture Barriers:          Auto            => Using: Framebuffer Fetch
[    1.1417] GL: RGBA16 HW Blending:        Supported       => Using: RGBA16 UNORM
[    1.1417] GL: Point Expansion:           Supported       => Using: Hardware
[    1.1417] GL: Line Expansion:            Fallback        => Using: Vertex Expansion
[    1.1417] GL: Sprite Expansion:          Supported       => Using: Vertex Expansion
[    1.1417] GL: DXTn Texture Compression:  Supported       => Using: GL_EXT_texture_compression_s3tc
[    1.1417] GL: BC6/7 Texture Compression: Supported       => Using: OpenGL 4.2 Core
[    1.1468] 1 program binary formats supported by driver
[    1.2083] Program binary retrieved, 4105 bytes, format 34655
[    1.2094] Program binary retrieved, 4121 bytes, format 34655
[    1.2104] Program binary retrieved, 4249 bytes, format 34655
[    1.2114] Program binary retrieved, 4013 bytes, format 34655
[    1.2124] Program binary retrieved, 4013 bytes, format 34655
[    1.2135] Program binary retrieved, 4017 bytes, format 34655
[    1.2141] Program binary retrieved, 4017 bytes, format 34655
[    1.2151] Program binary retrieved, 4185 bytes, format 34655
[    1.2164] Program binary retrieved, 4217 bytes, format 34655
[    1.2175] Program binary retrieved, 4137 bytes, format 34655
[    1.2181] Program binary retrieved, 4125 bytes, format 34655
[    1.2191] Program binary retrieved, 4121 bytes, format 34655
[    1.2199] Program binary retrieved, 4253 bytes, format 34655
[    1.2207] Program binary retrieved, 4237 bytes, format 34655
[    1.2212] Program binary retrieved, 4245 bytes, format 34655
[    1.2218] Program binary retrieved, 4261 bytes, format 34655
[    1.2225] Program binary retrieved, 4965 bytes, format 34655
[    1.2231] Program binary retrieved, 4981 bytes, format 34655
[    1.2237] Program binary retrieved, 4261 bytes, format 34655
[    1.2243] Program binary retrieved, 4277 bytes, format 34655
[    1.2254] Program binary retrieved, 5005 bytes, format 34655
[    1.2261] Program binary retrieved, 5021 bytes, format 34655
[    1.2269] Program binary retrieved, 4257 bytes, format 34655
[    1.2275] Program binary retrieved, 4273 bytes, format 34655
[    1.2283] Program binary retrieved, 5001 bytes, format 34655
[    1.2290] Program binary retrieved, 5017 bytes, format 34655
[    1.2296] Program binary retrieved, 4277 bytes, format 34655
[    1.2303] Program binary retrieved, 4293 bytes, format 34655
[    1.2311] Program binary retrieved, 5057 bytes, format 34655
[    1.2319] Program binary retrieved, 5073 bytes, format 34655
[    1.2329] Program binary retrieved, 4153 bytes, format 34655
[    1.2336] Program binary retrieved, 4169 bytes, format 34655
[    1.2343] Program binary retrieved, 4233 bytes, format 34655
[    1.2350] Program binary retrieved, 5781 bytes, format 34655
[    1.2360] Program binary retrieved, 5373 bytes, format 34655
[    1.2370] Program binary retrieved, 6389 bytes, format 34655
[    1.2376] Program binary retrieved, 4917 bytes, format 34655
[    1.2383] Program binary retrieved, 4845 bytes, format 34655
[    1.2392] Program binary retrieved, 4997 bytes, format 34655
[    1.2399] Program binary retrieved, 4101 bytes, format 34655
[    1.2433] Program binary retrieved, 4137 bytes, format 34655
[    1.2481] Program binary retrieved, 4109 bytes, format 34655
[    1.2487] Program binary retrieved, 5389 bytes, format 34655
[    1.2493] Program binary retrieved, 5829 bytes, format 34655
[    1.2499] Program binary retrieved, 5857 bytes, format 34655
[    1.2504] Program binary retrieved, 4289 bytes, format 34655
[    1.2530] Program binary retrieved, 21205 bytes, format 34655
[    1.2536] Program binary retrieved, 4765 bytes, format 34655
[    1.2544] Program binary retrieved, 5685 bytes, format 34655
[    1.2551] Program binary retrieved, 4141 bytes, format 34655
[    1.2556] Program binary retrieved, 4537 bytes, format 34655
[    1.2572] Program binary retrieved, 4889 bytes, format 34655
[    1.2578] Program binary retrieved, 4117 bytes, format 34655
[    1.2583] Program binary retrieved, 4741 bytes, format 34655
[    1.2589] Program binary retrieved, 4965 bytes, format 34655
[    1.2600] Program binary retrieved, 6613 bytes, format 34655
[    1.2610] Program binary retrieved, 4797 bytes, format 34655
[    1.2633] Program binary retrieved, 13085 bytes, format 34655
[    1.2727] Program binary retrieved, 7285 bytes, format 34655
[    1.2791] Program binary retrieved, 5497 bytes, format 34655
[    1.2796] Program binary retrieved, 4141 bytes, format 34655
[    1.2804] Program binary retrieved, 4141 bytes, format 34655
[    1.2809] Program binary retrieved, 4145 bytes, format 34655
[    1.2815] Program binary retrieved, 4145 bytes, format 34655
[    1.3411] Program binary retrieved, 5369 bytes, format 34655
[    1.3522] OpenGL Graphics Driver Info:
[    1.3522] OpenGL Context:
[    1.3522] 4.5 (Core Profile) Mesa 23.2.1-1ubuntu3.1~22.04.4
[    1.3522] Mesa llvmpipe (LLVM 15.0.7, 256 bits)
[    1.3522] GLSL: 4.50
[    1.3555] Processor count: 24 cores, 24 processors, 1 clusters
[    1.3555] Ordered processor list: 12, 23, 22, 21, 20, 19, 18, 17, 16, 15, 14, 13, 0, 11, 10, 9, 8, 7, 6, 5, 4, 3, 2, 1
[    1.3555] Not pinning SW threads, we need 4 processors, but only have 0
[    1.3560] Opening SPU2...
[    1.3563] Creating SDL audio stream, sample rate = 48000, expansion = Disabled, buffer = 50, latency = 32, stretching enabled, driver = wasapi, device = 
[    1.3658] MultiPause time: 142ns
[    1.3659] MultiPause time: 142ns
[    1.3659] MultiPause time: 142ns
[    1.3660] MultiPause time: 142ns
[   31.4109] ReportErrorAsync: Error: Failed to create or configure audio stream, falling back to null output. The error was:
[   31.4109] SDL_InitSubSystem(SDL_INIT_AUDIO) failed: Failed loading libasound.so.2: libasound.so.2: cannot open shared object file: No such file or directory
[   31.4110] Allocated buffer of 2432 frames for buffer of 50 ms [expansion Disabled (block size 2048), stretch disabled, target size 2432].
[   31.4110] Initializing Pad...
[   31.4110] Initializing SIO2...
[   31.4110] Initializing SIO0...
[   31.4110] Opening DEV9...
[   31.4110] DEV9: DEV9init
[   31.4118] DEV9: DEV9init2
[   31.4118] DEV9: DEV9init3
[   31.4147] DEV9: DEV9init ok
[   31.4147] DEV9: DEV9open
[   31.4147] Opening USB...
[   31.4147] Opening FW...
[   31.4150] Frame rate: 59.94, target speed: 1, target frame rate: 59.94, ticks per frame: 16683350
[   31.4187] VM subsystems initialized in 31095.49 ms
[   31.4292] Failed to inhibit screen saver.
[   31.4292] Processor order assignment: EE=12, VU=23, GS=22
[   31.4292]   EE thread is on processor 12 (0x1000)
[   31.4293]   VU thread is on processor 23 (0x800000)
[   31.4293]   GS thread is on processor 22 (0x400000)
[   31.4395] Failed to inhibit screen saver.
[   31.5951] # Initialize memory (rev:3.70, ctm:197Mhz, cpuclk:147Mhz detected)
[   31.6035] R3000 Debugger: Branch to 0x890 (SYSMEM). Clearing modules.
[   31.6051] RegisterLibraryEntries: excepman version 1.01
[   31.6063] RegisterLibraryEntries:  intrman version 1.02
[   31.6064] RegisterLibraryEntries:   ssbusc version 1.01
[   31.6067] RegisterLibraryEntries:  dmacman version 1.02
[   31.6071] RegisterLibraryEntries:  timrman version 1.01
[   31.6074] RegisterLibraryEntries:  sysclib version 1.01
[   31.6075] RegisterLibraryEntries:    stdio version 1.01
[   31.6076] RegisterLibraryEntries:  heaplib version 1.01
[   31.6080] FW: read mem 0x1f80847c: 0x10000001
[   31.6080] FW: write mem 0x1f808414: 0x417f0000
[   31.6080] FW: read mem 0x1f808400: 0xffc00001
[   31.6081] FW: write mem 0x1f80844c: 0xffffffff
[   31.6081] FW: write mem 0x1f808420: 0xffffffff
[   31.6081] FW: write mem 0x1f808428: 0xffffffff
[   31.6081] FW: write mem 0x1f808430: 0xffffffff
[   31.6090] RegisterLibraryEntries:   thbase version 1.01
[   31.6091] RegisterLibraryEntries:  thevent version 1.01
[   31.6091] RegisterLibraryEntries:  thsemap version 1.01
[   31.6091] RegisterLibraryEntries:  thmsgbx version 1.01
[   31.6092] RegisterLibraryEntries:  thfpool version 1.01
[   31.6092] RegisterLibraryEntries:  thvpool version 1.01
[   31.6100] RegisterLibraryEntries:   vblank version 1.01
[   31.6104] RegisterLibraryEntries:    ioman version 1.02
[   31.6110] RegisterLibraryEntries:  modload version 1.01
[   31.6114] RegisterLibraryEntries:   romdrv version 2.01
[   31.6116] RegisterLibraryEntries:    stdio version 1.02
[   31.6119] RegisterLibraryEntries:   sifman version 1.01
[   31.6122] 
[   31.6123] PlayStation 2 ======== Hard reset boot
[   31.6124]  ROMGEN=2004-0614, IOP info (CPUID=1f, CACH_CONFIG=0, 2MB, IOP mode)
[   31.6126]  <20040614-100914,ROMconf,PS20200EC20040614.bin:11696>
[   31.6215] # Total accessable memory size: 32 MB (B:2:8:0) (370:2:7c30)
[   31.6225] # TLB spad=0 kernel=1:12 default=13:30 extended=31:38
[   31.6858] # Initialize Start.
[   31.6864] # Initialize GS ...
[   31.6864] # Initialize INTC ...
[   31.6865] # Initialize TIMER ...
[   31.6865] # Initialize DMAC ...
[   31.6867] # Initialize VU1 ...
[   31.6869] # Initialize VIF1 ...
[   31.6869] # Initialize GIF ...
[   31.6870] # Initialize VU0 ...
[   31.6872] # Initialize VIF0 ...
[   31.6872] # Initialize IPU ...
[   31.6874] # Initialize FPU ...
[   31.6874] # Initialize User Memory ...
[   31.7456] # Initialize Scratch Pad ...
[   31.7457] # Initialize Done.
[   31.7466] 
[   31.7466] EE DECI2 Manager version 0.06 Feb  6 2003 08:38:48
[   31.7466]   CPUID=2e20, BoardID=0, ROMGEN=2004-0614, 32M
[   31.7466] 
[   31.7469] RegisterLibraryEntries:   sifcmd version 1.01
[   31.7797] Initializing Elf: 4484700 bytes
[   31.7822] ELF Loading: host:vehicle-playground.elf, Game CRC = F38B4CC1, EntryPoint = 0x00100E78
[   31.7852] RegisterLibraryEntries:  cdvdman version 1.01
[   31.7914] RegisterLibraryEntries:  cdvdfsv version 1.01
[   31.7929] RegisterLibraryEntries:  secrman version 1.03
[   31.7930] RegisterLibraryEntries:   eesync version 1.01
[   31.7931] 
[   31.7931] IOP Realtime Kernel Ver.0.9.1
[   31.7931]     Copyright 1999 (C) Sony Computer Entertainment Inc. 
[   31.7937] Reboot service module.(99/11/10)
[   31.7958] cdvd driver module version 0.1.1 (C)SCEI
[   31.7964] Load File service.(99/11/05)
[   31.7964] Multi Threaded Fileio module.(99/11/15) 
[   31.7965] iop heap service (99/11/03)
[   31.8169] loadelf: fname host:vehicle-playground.elf secname all
[   31.8170] loadelf version 3.30
[   31.8192] Input ELF format filename = host:vehicle-playground.elf
[   31.8672] 1 00100000 003fadbc ................................................................
[   31.8673] Loaded, host:vehicle-playground.elf
[   31.8674] start address 0x100e78
[   31.8674] gp address 00000000
[   31.8684] # Restart Without Memory Clear.
[   31.8741] # Initialize GS ...
[   31.8741] # Initialize INTC ...
[   31.8741] # Initialize TIMER ...
[   31.8742] # Initialize DMAC ...
[   31.8742] # Initialize VU1 ...
[   31.8743] # Initialize VIF1 ...
[   31.8743] # Initialize GIF ...
[   31.8743] # Initialize VU0 ...
[   31.8743] # Initialize VIF0 ...
[   31.8743] # Initialize IPU ...
[   31.8743] # Initialize FPU ...
[   31.8743] # Initialize Scratch Pad ...
[   31.8743] # Restart Without Memory Clear Done.
[   31.8744] ELF host:vehicle-playground.elf with entry point at 0x00100E78 is executing.
[   31.8745] ELF changed, active CRC F38B4CC1 (host:vehicle-playground.elf)
[   31.8748] Applying core settings...
[   31.8790] Updating CPU configuration...
[   31.8790] iR3000A Recompiler reset.
[   31.8828] mVU Reset
[   31.8832] mVU Reset
[   31.9032] iR3000A Recompiler reset.
[   31.9065] mVU Reset
[   31.9066] mVU Reset
[   31.9100] EE/iR5900 Recompiler Reset
[   31.9264] BIOS: Successfully found the instruction pattern. Assuming the thread list is here: 8001a640
[   31.9290] Warning: GetOsdConfigParam2 Reading extended language/version configs, may be incorrect!
[   31.9398] read/write allocate memory 4000
[   31.9399] open name host:/ps2link.run flag 1 data 41378
[   31.9402] open fd = -5
[   31.9433] Get Reboot Request From EE
[   31.9447] R3000 Debugger: Branch to 0x890 (SYSMEM). Clearing modules.
[   31.9466] RegisterLibraryEntries: excepman version 1.01
[   31.9477] RegisterLibraryEntries:  intrman version 1.02
[   31.9478] RegisterLibraryEntries:   ssbusc version 1.01
[   31.9484] RegisterLibraryEntries:  dmacman version 1.02
[   31.9489] RegisterLibraryEntries:  timrman version 1.01
[   31.9493] RegisterLibraryEntries:  sysclib version 1.01
[   31.9494] RegisterLibraryEntries:    stdio version 1.01
[   31.9496] RegisterLibraryEntries:  heaplib version 1.01
[   31.9518] RegisterLibraryEntries:   thbase version 1.01
[   31.9519] RegisterLibraryEntries:  thevent version 1.01
[   31.9519] RegisterLibraryEntries:  thsemap version 1.01
[   31.9520] RegisterLibraryEntries:  thmsgbx version 1.01
[   31.9520] RegisterLibraryEntries:  thfpool version 1.01
[   31.9520] RegisterLibraryEntries:  thvpool version 1.01
[   31.9530] RegisterLibraryEntries:   vblank version 1.01
[   31.9535] RegisterLibraryEntries:    ioman version 1.02
[   31.9545] RegisterLibraryEntries:  modload version 1.01
[   31.9602] RegisterLibraryEntries:   romdrv version 2.01
[   31.9606] RegisterLibraryEntries:    stdio version 1.02
[   31.9610] RegisterLibraryEntries:   sifman version 1.01
[   31.9615] 
[   31.9616] PlayStation 2 ======== Soft reboot
[   31.9622] RegisterLibraryEntries:   sifcmd version 1.01
[   31.9659] RegisterLibraryEntries:  cdvdman version 1.01
[   31.9675] RegisterLibraryEntries:  cdvdfsv version 1.01
[   31.9739] RegisterLibraryEntries:  secrman version 1.03
[   31.9741] RegisterLibraryEntries:   eesync version 1.01
[   31.9743] 
[   31.9743] IOP Realtime Kernel Ver.0.9.1
[   31.9743]     Copyright 1999 (C) Sony Computer Entertainment Inc. 
[   31.9747] Reboot service module.(99/11/10)
[   31.9766] [EE] Skipping timeout loop at 0x002D8CF0 -> 0x002D8D10
[   31.9767] cdvd driver module version 0.1.1 (C)SCEI
[   31.9771] Load File service.(99/11/05)
[   31.9771] Multi Threaded Fileio module.(99/11/15) 
[   31.9771] iop heap service (99/11/03)
[   32.0011] RegisterLibraryEntries:   iomanx version 1.01
[   32.0025] fileXio: fileXio: fileXio RPC Server v1.00
[   32.0025] Copyright (c) 2003 adresd
[   32.0027] RegisterLibraryEntries:  sio2man version 2.07
[   32.0028] RegisterLibraryEntries:  sio2man version 1.02
[   32.0035] RegisterLibraryEntries:   padman version 1.02
[   32.0036] Pad Driver for OSD
[   32.0041] FREESD v1.01
[   32.0041] RegisterLibraryEntries:    libsd version 1.04
[   32.0045] debug_level = 1 (ps2snd 0.1
[   32.0166] greetings from version 0.93 !
[   32.0167] RegisterLibraryEntries:   audsrv version 1.04
[   32.0167] audsrv_adpcm_init()
[   32.0179] UpdateVSyncRate: Mode Changed to SDTV 480p.
[   32.0179] Frame rate: 59.94, target speed: 1, target frame rate: 59.94, ticks per frame: 16683350
[   32.0179] Set GS CRTC configuration. SDTV   720x480 @ 59.94 Progressive (FRAME)
[   34.1054] read/write allocate memory 4000
[   34.1056] 
[   34.1060] -----------------------------------------
[   34.1060]         _____        ____   ___
[   34.1061]           |     /   ____| |___|
[   34.1061]           |     |   |     |   |
[   34.1062] -----------------------------------------
[   34.1063] Copyright 2022
[   34.1063] Repository: https://github.com/h4570/tyra
[   34.1063] Licensed under Apache License 2.0
[   34.1069] Version: 2.2.0
[   34.1070] -----------------------------------------
[   34.1071] 
[   34.2722] audsrv_adpcm_init()
[   34.2732] [EE] Skipping timeout loop at 0x00102CB0 -> 0x00102CD0
[   34.3061] Curent pad(0,0) status: EXECCMD
[   34.5037] Pad: DS2 Config Finished - P1/S1 - AL: Off - AB: Usable - VS: Disabled - VL: Disabled - RB: D (0x00000000)
[   34.5388] Curent pad(0,0) status: EXECCMD
[   34.6037] Pad: DS2 Config Finished - P1/S1 - AL: On - AB: Locked - VS: Disabled - VL: Disabled - RB: D (0x00000000)
[   34.8037] Pad: DS2 Config Finished - P1/S1 - AL: On - AB: Locked - VS: Disabled - VL: Disabled - RB: D (0x00000000)
[   34.8382] Curent pad(0,0) status: EXECCMD
[   35.1041] Pad: DS2 Config Finished - P1/S1 - AL: On - AB: Locked - VS: Disabled - VL: Disabled - RB: D+A+P (0x0003FFFF)
[   35.3050] Pad: DS2 Config Finished - P1/S1 - AL: On - AB: Locked - VS: Disabled - VL: Disabled - RB: D+A+P (0x0003FFFF)
[   35.3406] open name host:/night-ablation.cfg flag 1 data 41378
[   35.3419] open fd = 256
[   35.3458] open name host:/night-ablation.log flag 602 data 41378
[   35.3483] open fd = 256
[   35.3540] loadmodule: fname rom0:XMCMAN args 0 arg 
[   35.3635] RegisterLibraryEntries:    mcman version 2.03
[   35.3645] loadmodule: id 32, ret 0
[   35.3646] loadmodule: fname rom0:XMCSERV args 0 arg 
[   35.3649] RegisterLibraryEntries:   mcserv version 1.01
[   35.3650] loadmodule: id 33, ret 0
[   35.3652] [EE] Skipping timeout loop at 0x00104820 -> 0x00104840
[   35.7396] (FileMcd) Warning: checksum sector overwritten. (0)
[   35.7396] OSD [MemoryCardSave0]: Memory Card 'Mcd001.ps2' was saved to storage.
[   36.2077] (FileMcd) Warning: checksum sector overwritten. (0)
[   36.3132] open name host:/save/icon.sys flag 1 data 41378
[   36.3151] open fd = 257
[   36.3947] open name host:/save/list.icn flag 1 data 41378
[   36.3967] open fd = 257
[   36.5626] open name host:/menus/save.png flag 1 data 41378
[   36.5644] open fd = 257
[   36.6083] open name host:/hud/save-cursor.png flag 1 data 41378
[   36.6104] open fd = 257
[   36.6124] open name host:/hud/save-used.png flag 1 data 41378
[   36.6142] open fd = 257
[   36.6171] open name host:/hud/save-saved.png flag 1 data 41378
[   36.6190] open fd = 257
[   36.6290] open name host:/hud/save-loaded.png flag 1 data 41378
[   36.6309] open fd = 257
[   36.6341] open name host:/hud/save-error.png flag 1 data 41378
[   36.6360] open fd = 257
[   36.6387] open name host:/hud/save-busy.png flag 1 data 41378
[   36.6404] open fd = 257
[   36.6740] open name host:/hud/save-spinner.png flag 1 data 41378
[   36.6759] open fd = 257
[   36.6807] open name host:/menus/save.png flag 1 data 41378
[   36.6823] open fd = 257
[   36.7248] open name host:/menus/district-pause.png flag 1 data 41378
[   36.7268] open fd = 257
[   36.7575] open name host:/menus/district-pause-values.png flag 1 data 41378
[   36.7592] open fd = 257
[   36.7631] open name host:/hud/save-cursor.png flag 1 data 41378
[   36.7650] open fd = 257
[   36.7733] open name host:/hud/save-cursor.png flag 1 data 41378
[   36.7752] open fd = 257
[   36.7776] open name host:/hud/save-cursor.png flag 1 data 41378
[   36.7791] open fd = 257
[   36.7811] open name host:/hud/menu-dim.png flag 1 data 41378
[   36.7825] open fd = 257
[   36.7852] open name host:/hud/flare-corona.png flag 1 data 41378
[   36.7870] open fd = 257
[   36.8000] open name host:/hud/flashlight-gobo.png flag 1 data 41378
[   36.8017] open fd = 257
[   36.8139] open name host:/hud/flare-glow.png flag 1 data 41378
[   36.8158] open fd = 257
[   36.8195] open name host:/hud/sun-disc.png flag 1 data 41378
[   36.8211] open fd = 257
[   36.8314] open name host:/hud/moon-disc.png flag 1 data 41378
[   36.8330] open fd = 257
[   36.8606] open name host:/quiet-night.cfg flag 1 data 41378
[   36.8618] open fd = 257
[   36.8638] LOG: NIGHTPLAN schema=1 kind=7 order=0 joint=0 restored=0 phases=3
[   36.8640] LOG: NIGHTCONFIG order=0 valid=1 profile=0 hardwareTrace=0 ringBytes=0 ordinaryClocks=1 fixedDt=0 sampleBytes=6144 chunkBytes=420 phases=3 phaseFrames=1800 taxFirst=800 taxLoops=320 chunkFrames=64 sampleFirst=900 sampleCount=128 video=1 display=1 depth=2 width=448 height=448 refreshMilliHz=60000 requested=1 night=1
[   36.8641] LOG: NIGHTQUALITY rasterWidth=448 rasterHeight=448 scaleX=1 scaleY=1
[   36.8644] open name host:/hud/use-text.png flag 1 data 41378
[   36.8660] open fd = 257
[   36.8695] open name host:/hud/pick-text.png flag 1 data 41378
[   36.8711] open fd = 257
[   36.8739] open name host:/sfx/engine_idle.adpcm flag 1 data 41378
[   36.8756] open fd = 257
[   36.8917] open name host:/sfx/engine_high.adpcm flag 1 data 41378
[   36.8936] open fd = 257
[   36.9104] open name host:/sfx/tires_screech.adpcm flag 1 data 41378
[   36.9120] open fd = 257
[   36.9158] open name host:/sfx/gear-shift.adpcm flag 1 data 41378
[   36.9175] open fd = 257
[   36.9201] LOG: NIGHTPHASE phase=0 first=0 mask=0 appliedMask=0 sampler=1 countReads=262 samplePtr=0052c588
[   36.9202] LOG: NIGHTEXTRAPHASE phase=0 first=0 extraMask=0 appliedExtraMask=0
[   36.9202] LOG: NIGHTWILDPHASE phase=0 first=0 variant=0 enabled=0 appliedVariant=0 appliedEnabled=0
[   36.9203] LOG: NIGHTTABLEPHASE phase=0 first=0 selected=1 enabled=0 appliedSelected=1 appliedEnabled=0
[   36.9212] open name host:/launch.scene flag 1 data 41378
[   36.9216] open fd = -5
[   36.9219] open name host:/hud/loading.png flag 1 data 41378
[   36.9234] open fd = 257
[   36.9360] FRAMEARENA allocated=1 bytes=1048576
[   36.9956] open name host:/vehicles/veh-ravager000001-shadow.png flag 1 data 41378
[   36.9975] open fd = 257
[   36.9986] open name host:/vehicles/veh-ravager000001-shadow.png flag 1 data 41378
[   37.0002] open fd = 257
[   37.0257] open name host:/vehicles/veh-pica00000001-shadow.png flag 1 data 41378
[   37.0278] open fd = 257
[   37.0286] open name host:/vehicles/veh-pica00000001-shadow.png flag 1 data 41378
[   37.0304] open fd = 257
[   37.0375] open name host:/vehicles/veh-strix0000001-shadow.png flag 1 data 41378
[   37.0395] open fd = 257
[   37.0403] open name host:/vehicles/veh-strix0000001-shadow.png flag 1 data 41378
[   37.0417] open fd = 257
[   37.0543] open name host:/shadowatlas/scene0-0.png flag 1 data 41378
[   37.0561] open fd = 257
[   37.0569] open name host:/shadowatlas/scene0-0.png flag 1 data 41378
[   37.0587] open fd = 257
[   37.0732] open name host:/shadowatlas/scene0-1.png flag 1 data 41378
[   37.0749] open fd = 257
[   37.0757] open name host:/shadowatlas/scene0-1.png flag 1 data 41378
[   37.0773] open fd = 257
[   37.0912] open name host:/textures/district-ground.png flag 1 data 41378
[   37.0931] open fd = 257
[   37.0938] open name host:/textures/district-ground.png flag 1 data 41378
[   37.0956] open fd = 257
[   37.1171] open name host:/materials/district-asphalt.mtl flag 1 data 41378
[   37.1190] open fd = 257
[   37.1266] open name host:/textures/district-asphalt.png flag 1 data 41378
[   37.1286] open fd = 257
[   37.1293] open name host:/textures/district-asphalt.png flag 1 data 41378
[   37.1310] open fd = 257
[   37.1466] open name host:/materials/district-sign.mtl flag 1 data 41378
[   37.1487] open fd = 257
[   37.1511] open name host:/textures/district-sign.png flag 1 data 41378
[   37.1526] open fd = 257
[   37.1533] open name host:/textures/district-sign.png flag 1 data 41378
[   37.1547] open fd = 257
[   37.1586] open name host:/materials/night-warm.mtl flag 1 data 41378
[   37.1609] open fd = 257
[   37.1639] open name host:/materials/night-cyan.mtl flag 1 data 41378
[   37.1657] open fd = 257
[   37.1677] open name host:/materials/night-pink.mtl flag 1 data 41378
[   37.1694] open fd = 257
[   37.1717] open name host:/models/urban/district-workshop.tmdl flag 1 data 41378
[   37.1740] open fd = 257
[   37.1790] open name host:/models/urban/Textures/district-facades.png flag 1 data 41378
[   37.1817] open fd = 257
[   37.1826] open name host:/models/urban/Textures/district-facades.png flag 1 data 41378
[   37.1850] open fd = 257
[   37.2100] open name host:/models/urban/district-tower.tmdl flag 1 data 41378
[   37.2122] open fd = 257
[   37.2153] open name host:/models/urban/district-loft.tmdl flag 1 data 41378
[   37.2174] open fd = 257
[   37.2201] open name host:/models/urban/detail-light-double.tmdl flag 1 data 41378
[   37.2223] open fd = 257
[   37.2325] open name host:/models/urban/Textures/metal.png flag 1 data 41378
[   37.2350] open fd = 257
[   37.2359] open name host:/models/urban/Textures/metal.png flag 1 data 41378
[   37.2386] open fd = 257
[   37.2499] open name host:/models/urban/detail-light-traffic.tmdl flag 1 data 41378
[   37.2526] open fd = 257
[   37.2630] open name host:/models/urban/Textures/roof.png flag 1 data 41378
[   37.2658] open fd = 257
[   37.2668] open name host:/models/urban/Textures/roof.png flag 1 data 41378
[   37.2694] open fd = 257
[   37.2724] open name host:/models/urban/tree-park-large.tmdl flag 1 data 41378
[   37.2748] open fd = 257
[   37.2825] open name host:/models/urban/Textures/treeA.png flag 1 data 41378
[   37.2854] open fd = 257
[   37.2865] open name host:/models/urban/Textures/treeA.png flag 1 data 41378
[   37.2891] open fd = 257
[   37.2999] open name host:/models/urban/Textures/tiles.png flag 1 data 41378
[   37.3029] open fd = 257
[   37.3040] open name host:/models/urban/Textures/tiles.png flag 1 data 41378
[   37.3066] open fd = 257
[   37.3098] open name host:/models/urban/Textures/dirt.png flag 1 data 41378
[   37.3124] open fd = 257
[   37.3142] open name host:/models/urban/Textures/dirt.png flag 1 data 41378
[   37.3172] open fd = 257
[   37.3211] open name host:/models/urban/tree-park-pine-large.tmdl flag 1 data 41378
[   37.3238] open fd = 257
[   37.3328] open name host:/models/urban/Textures/treeB.png flag 1 data 41378
[   37.3352] open fd = 257
[   37.3362] open name host:/models/urban/Textures/treeB.png flag 1 data 41378
[   37.3385] open fd = 257
[   37.3411] open name host:/models/urban/detail-barrier-type-a.tmdl flag 1 data 41378
[   37.3434] open fd = 257
[   37.3557] open name host:/models/urban/Textures/signs.png flag 1 data 41378
[   37.3585] open fd = 257
[   37.3599] open name host:/models/urban/Textures/signs.png flag 1 data 41378
[   37.3631] open fd = 257
[   37.3660] open name host:/models/urban/detail-dumpster-closed.tmdl flag 1 data 41378
[   37.3686] open fd = 257
[   37.3722] open name host:/models/urban/Textures/metal_wall.png flag 1 data 41378
[   37.3748] open fd = 257
[   37.3757] open name host:/models/urban/Textures/metal_wall.png flag 1 data 41378
[   37.3783] open fd = 257
[   37.3814] open name host:/models/urban/Textures/wall.png flag 1 data 41378
[   37.3837] open fd = 257
[   37.3847] open name host:/models/urban/Textures/wall.png flag 1 data 41378
[   37.3871] open fd = 257
[   37.3901] open name host:/models/urban/detail-bench.tmdl flag 1 data 41378
[   37.3922] open fd = 257
[   37.4084] open name host:/models/urban/Textures/planks.png flag 1 data 41378
[   37.4111] open fd = 257
[   37.4120] open name host:/models/urban/Textures/planks.png flag 1 data 41378
[   37.4143] open fd = 257
[   37.4179] open name host:/models/urban/pallet.tmdl flag 1 data 41378
[   37.4204] open fd = 257
[   37.4288] open name host:/vehicles/veh-ravager000001-body.tmdl flag 1 data 41378
[   37.4304] open fd = 257
[   37.5555] open name host:/vehicles/veh-ravager000001-palette.png flag 1 data 41378
[   37.5572] open fd = 257
[   37.5647] open name host:/vehicles/veh-ravager000001-palette.png flag 1 data 41378
[   37.5669] open fd = 257
[   37.5799] open name host:/vehicles/veh-ravager000001-palette-image-0.png flag 1 data 41378
[   37.5817] open fd = 257
[   37.5824] open name host:/vehicles/veh-ravager000001-palette-image-0.png flag 1 data 41378
[   37.5839] open fd = 257
[   37.6045] open name host:/vehicles/veh-pica00000001-body.tmdl flag 1 data 41378
[   37.6066] open fd = 257
[   37.7201] open name host:/vehicles/veh-pica00000001-palette.png flag 1 data 41378
[   37.7221] open fd = 257
[   37.7227] open name host:/vehicles/veh-pica00000001-palette.png flag 1 data 41378
[   37.7244] open fd = 257
[   37.7269] open name host:/vehicles/veh-pica00000001-palette-image-0.png flag 1 data 41378
[   37.7284] open fd = 257
[   37.7293] open name host:/vehicles/veh-pica00000001-palette-image-0.png flag 1 data 41378
[   37.7309] open fd = 257
[   37.7585] open name host:/vehicles/veh-strix0000001-body.tmdl flag 1 data 41378
[   37.7602] open fd = 257
[   37.8833] open name host:/vehicles/veh-strix0000001-palette.png flag 1 data 41378
[   37.8850] open fd = 257
[   37.8859] open name host:/vehicles/veh-strix0000001-palette.png flag 1 data 41378
[   37.8873] open fd = 257
[   37.8895] open name host:/vehicles/veh-strix0000001-palette-image-0.png flag 1 data 41378
[   37.8912] open fd = 257
[   37.8919] open name host:/vehicles/veh-strix0000001-palette-image-0.png flag 1 data 41378
[   37.8934] open fd = 257
[   37.9207] open name host:/sky/scene0.png flag 1 data 41378
[   37.9224] open fd = 257
[   37.9230] open name host:/sky/scene0.png flag 1 data 41378
[   37.9246] open fd = 257
[   38.1938] open name host:/vehicles/fx-skid.png flag 1 data 41378
[   38.1961] open fd = 257
[   38.1969] open name host:/vehicles/fx-skid.png flag 1 data 41378
[   38.1984] open fd = 257
[   38.2129] open name host:/vehicles/fx-smoke.png flag 1 data 41378
[   38.2147] open fd = 257
[   38.2156] open name host:/vehicles/fx-smoke.png flag 1 data 41378
[   38.2171] open fd = 257
[   38.2215] open name host:/vehicles/veh-ravager000001-wheel.tmdl flag 1 data 41378
[   38.2232] open fd = 257
[   38.2313] open name host:/vehicles/veh-ravager000001-wheelfast.tmdl flag 1 data 41378
[   38.2331] open fd = 257
[   38.2401] open name host:/fonts/atlas-default.png flag 1 data 41378
[   38.2419] open fd = 257
[   38.2558] open name host:/hud/icons.png flag 1 data 41378
[   38.2578] open fd = 257
[   38.2721] open name host:/hud/loading-white.png flag 1 data 41378
[   38.2740] open fd = 257
[   38.2764] open name host:/vehicles/veh-pica00000001-wheel.tmdl flag 1 data 41378
[   38.2782] open fd = 257
[   38.2855] open name host:/vehicles/veh-pica00000001-wheelfast.tmdl flag 1 data 41378
[   38.2871] open fd = 257
[   38.2941] open name host:/vehicles/veh-strix0000001-wheel.tmdl flag 1 data 41378
[   38.2961] open fd = 257
[   38.3112] open name host:/vehicles/veh-strix0000001-wheelfast.tmdl flag 1 data 41378
[   38.3128] open fd = 257
[   38.3243] open name host:/textures/district-road.png flag 1 data 41378
[   38.3262] open fd = 257
[   38.3272] open name host:/textures/district-road.png flag 1 data 41378
[   38.3290] open fd = 257
[   38.4279] open name host:/textures/district-asphalt.png flag 1 data 41378
[   38.4298] open fd = 257
[   38.4307] open name host:/textures/district-asphalt.png flag 1 data 41378
[   38.4322] open fd = 257
[   38.4444] open name host:/textures/district-plaza.png flag 1 data 41378
[   38.4463] open fd = 257
[   38.4470] open name host:/textures/district-plaza.png flag 1 data 41378
[   38.4486] open fd = 257
[   38.4821] open name host:/gshadow/s0_2_1.png flag 1 data 41378
[   38.4841] open fd = 257
[   38.4847] open name host:/gshadow/s0_2_1.png flag 1 data 41378
[   38.4863] open fd = 257
[   38.4997] open name host:/gshadow/s0_1_1.png flag 1 data 41378
[   38.5014] open fd = 257
[   38.5021] open name host:/gshadow/s0_1_1.png flag 1 data 41378
[   38.5037] open fd = 257
[   38.5071] open name host:/gshadow/s0_3_1.png flag 1 data 41378
[   38.5088] open fd = 257
[   38.5094] open name host:/gshadow/s0_3_1.png flag 1 data 41378
[   38.5112] open fd = 257
[   38.5148] open name host:/gshadow/s0_2_2.png flag 1 data 41378
[   38.5233] open fd = 257
[   38.5241] open name host:/gshadow/s0_2_2.png flag 1 data 41378
[   38.5259] open fd = 257
[   38.5302] open name host:/gshadow/s0_1_2.png flag 1 data 41378
[   38.5320] open fd = 257
[   38.5327] open name host:/gshadow/s0_1_2.png flag 1 data 41378
[   38.5345] open fd = 257
[   38.5378] open name host:/gshadow/s0_3_2.png flag 1 data 41378
[   38.5393] open fd = 257
[   38.5400] open name host:/gshadow/s0_3_2.png flag 1 data 41378
[   38.5415] open fd = 257
[   38.5618] open name host:/gshadow/s0_0_1.png flag 1 data 41378
[   38.5636] open fd = 257
[   38.5643] open name host:/gshadow/s0_0_1.png flag 1 data 41378
[   38.5659] open fd = 257
[   38.5691] open name host:/gshadow/s0_4_1.png flag 1 data 41378
[   38.5707] open fd = 257
[   38.5713] open name host:/gshadow/s0_4_1.png flag 1 data 41378
[   38.5727] open fd = 257
[   38.5759] open name host:/gshadow/s0_4_0.png flag 1 data 41378
[   38.5779] open fd = 257
[   38.5786] open name host:/gshadow/s0_4_0.png flag 1 data 41378
[   38.5805] open fd = 257
[   38.5917] open name host:/gshadow/s0_2_3.png flag 1 data 41378
[   38.5934] open fd = 257
[   38.5942] open name host:/gshadow/s0_2_3.png flag 1 data 41378
[   38.5964] open fd = 257
[   38.5996] open name host:/gshadow/s0_0_2.png flag 1 data 41378
[   38.6014] open fd = 257
[   38.6020] open name host:/gshadow/s0_0_2.png flag 1 data 41378
[   38.6034] open fd = 257
[   38.6126] open name host:/gshadow/s0_4_2.png flag 1 data 41378
[   38.6143] open fd = 257
[   38.6150] open name host:/gshadow/s0_4_2.png flag 1 data 41378
[   38.6166] open fd = 257
[   38.6198] open name host:/gshadow/s0_1_3.png flag 1 data 41378
[   38.6215] open fd = 257
[   38.6221] open name host:/gshadow/s0_1_3.png flag 1 data 41378
[   38.6236] open fd = 257
[   38.6350] open name host:/gshadow/s0_3_3.png flag 1 data 41378
[   38.6370] open fd = 257
[   38.6377] open name host:/gshadow/s0_3_3.png flag 1 data 41378
[   38.6392] open fd = 257
[   38.6423] open name host:/gshadow/s0_0_3.png flag 1 data 41378
[   38.6440] open fd = 257
[   38.6449] open name host:/gshadow/s0_0_3.png flag 1 data 41378
[   38.6468] open fd = 257
[   38.6501] open name host:/gshadow/s0_4_3.png flag 1 data 41378
[   38.6516] open fd = 257
[   38.6522] open name host:/gshadow/s0_4_3.png flag 1 data 41378
[   38.6536] open fd = 257
[   39.4094] microVU1: Cached Prog = [000] [PC=2590] [List=01] (Cache=0.000%) [0.0mb]
[   39.4104] microVU1: 3 cycle stall on branch instruction [2c28]
[   39.4115] microVU1: Cached Prog = [001] [PC=1a30] [List=01] (Cache=0.243%) [0.1mb]
[   39.4115] microVU1: 1 cycle stall on branch instruction [1ae8]
[   39.4115] microVU1: 3 cycle stall on branch instruction [1ba0]
[   39.4118] microVU1: 3 cycle stall on branch instruction [2520]
[   39.4118] microVU1: 3 cycle stall on branch instruction [1ba0]
[   39.4121] microVU1: 3 cycle stall on branch instruction [2520]
[   39.4122] microVU1: 3 cycle stall on branch instruction [1ba0]
[   39.4123] microVU1: 3 cycle stall on branch instruction [2520]
[   39.4123] microVU1: 3 cycle stall on branch instruction [1ba0]
[   39.4128] microVU1: 3 cycle stall on branch instruction [2520]
[   39.4128] microVU1: 3 cycle stall on branch instruction [1ba0]
[   39.4132] microVU1: 3 cycle stall on branch instruction [2520]
[   39.4132] microVU1: 3 cycle stall on branch instruction [1ba0]
[   39.4134] microVU1: 3 cycle stall on branch instruction [2520]
[   39.4134] microVU1: 3 cycle stall on branch instruction [1ba0]
[   39.4137] microVU1: 3 cycle stall on branch instruction [2520]
[   39.4137] microVU1: 3 cycle stall on branch instruction [1ba0]
[   39.4137] microVU1: 3 cycle stall on branch instruction [1fc0]
[   39.4139] microVU1: 3 cycle stall on branch instruction [2520]
[   39.4139] microVU1: 3 cycle stall on branch instruction [1ba0]
[   39.4141] microVU1: 3 cycle stall on branch instruction [2520]
[   39.4141] microVU1: 3 cycle stall on branch instruction [1ba0]
[   39.4146] microVU1: 3 cycle stall on branch instruction [2520]
[   39.4146] microVU1: 3 cycle stall on branch instruction [1ba0]
[   39.4148] microVU1: 3 cycle stall on branch instruction [2520]
[   39.4148] microVU1: 3 cycle stall on branch instruction [1ba0]
[   39.4153] microVU1: 3 cycle stall on branch instruction [2520]
[   39.4153] microVU1: 3 cycle stall on branch instruction [1ba0]
[   39.4155] microVU1: 3 cycle stall on branch instruction [2520]
[   39.4155] microVU1: 3 cycle stall on branch instruction [1ba0]
[   39.4159] microVU1: 3 cycle stall on branch instruction [2520]
[   39.4159] microVU1: 3 cycle stall on branch instruction [1ba0]
[   39.4164] microVU1: 3 cycle stall on branch instruction [1fc0]
[   39.4165] microVU1: 3 cycle stall on branch instruction [2520]
[   39.4165] microVU1: 3 cycle stall on branch instruction [1ba0]
[   39.4166] microVU1: 3 cycle stall on branch instruction [1fc0]
[   39.4168] microVU1: 3 cycle stall on branch instruction [1fc0]
[   39.4168] microVU1: 3 cycle stall on branch instruction [2520]
[   39.4169] microVU1: 3 cycle stall on branch instruction [1ba0]
[   39.4170] microVU1: 3 cycle stall on branch instruction [1fc0]
[   39.4171] microVU1: 3 cycle stall on branch instruction [1fc0]
[   39.4172] microVU1: 3 cycle stall on branch instruction [1fc0]
[   39.4173] microVU1: 3 cycle stall on branch instruction [1fc0]
[   39.4175] microVU1: 3 cycle stall on branch instruction [1fc0]
[   39.4176] microVU1: 3 cycle stall on branch instruction [1fc0]
[   39.4178] microVU1: 3 cycle stall on branch instruction [1fc0]
[   39.4179] microVU1: 3 cycle stall on branch instruction [1fc0]
[   39.4180] microVU1: 3 cycle stall on branch instruction [1fc0]
[   39.4181] microVU1: 3 cycle stall on branch instruction [1fc0]
[   39.4182] microVU1: 3 cycle stall on branch instruction [1fc0]
[   39.4183] microVU1: 3 cycle stall on branch instruction [1fc0]
[   39.4184] microVU1: 3 cycle stall on branch instruction [1ba0]
[   39.4184] microVU1: Cached Prog = [002] [PC=2578] [List=01] (Cache=0.963%) [0.6mb]
[   39.4184] microVU1: 1 cycle stall on branch instruction [1ae8]
[   39.4185] microVU1: 3 cycle stall on branch instruction [1ba0]
[   39.4188] microVU1: 3 cycle stall on branch instruction [2520]
[   39.4188] microVU1: 3 cycle stall on branch instruction [1ba0]
[   39.4191] microVU1: 3 cycle stall on branch instruction [2520]
[   39.4191] microVU1: 3 cycle stall on branch instruction [1ba0]
[   39.4192] microVU1: 3 cycle stall on branch instruction [2520]
[   39.4192] microVU1: 3 cycle stall on branch instruction [1ba0]
[   39.4195] microVU1: 3 cycle stall on branch instruction [2520]
[   39.4196] microVU1: 3 cycle stall on branch instruction [1ba0]
[   39.4199] microVU1: 3 cycle stall on branch instruction [2520]
[   39.4199] microVU1: 3 cycle stall on branch instruction [1ba0]
[   39.4201] microVU1: 3 cycle stall on branch instruction [2520]
[   39.4201] microVU1: 3 cycle stall on branch instruction [1ba0]
[   39.4202] microVU1: 3 cycle stall on branch instruction [2520]
[   39.4203] microVU1: 3 cycle stall on branch instruction [1ba0]
[   39.4203] microVU1: 3 cycle stall on branch instruction [1fc0]
[   39.4204] microVU1: 3 cycle stall on branch instruction [2520]
[   39.4204] microVU1: 3 cycle stall on branch instruction [1ba0]
[   39.4205] microVU1: 3 cycle stall on branch instruction [2520]
[   39.4206] microVU1: 3 cycle stall on branch instruction [1ba0]
[   39.4210] microVU1: 3 cycle stall on branch instruction [2520]
[   39.4210] microVU1: 3 cycle stall on branch instruction [1ba0]
[   39.4211] microVU1: 3 cycle stall on branch instruction [2520]
[   39.4211] microVU1: 3 cycle stall on branch instruction [1ba0]
[   39.4216] microVU1: 3 cycle stall on branch instruction [2520]
[   39.4216] microVU1: 3 cycle stall on branch instruction [1ba0]
[   39.4218] microVU1: 3 cycle stall on branch instruction [2520]
[   39.4218] microVU1: 3 cycle stall on branch instruction [1ba0]
[   39.4221] microVU1: 3 cycle stall on branch instruction [2520]
[   39.4221] microVU1: 3 cycle stall on branch instruction [1ba0]
[   39.4227] microVU1: 3 cycle stall on branch instruction [1fc0]
[   39.4228] microVU1: 3 cycle stall on branch instruction [2520]
[   39.4228] microVU1: 3 cycle stall on branch instruction [1ba0]
[   39.4229] microVU1: 3 cycle stall on branch instruction [1fc0]
[   39.4230] microVU1: 3 cycle stall on branch instruction [1fc0]
[   39.4231] microVU1: 3 cycle stall on branch instruction [2520]
[   39.4231] microVU1: 3 cycle stall on branch instruction [1ba0]
[   39.4232] microVU1: 3 cycle stall on branch instruction [1fc0]
[   39.4233] microVU1: 3 cycle stall on branch instruction [1fc0]
[   39.4235] microVU1: 3 cycle stall on branch instruction [1fc0]
[   39.4236] microVU1: 3 cycle stall on branch instruction [1fc0]
[   39.4238] microVU1: 3 cycle stall on branch instruction [1fc0]
[   39.4239] microVU1: 3 cycle stall on branch instruction [1fc0]
[   39.4241] microVU1: 3 cycle stall on branch instruction [1fc0]
[   39.4241] microVU1: 3 cycle stall on branch instruction [1fc0]
[   39.4242] microVU1: 3 cycle stall on branch instruction [1fc0]
[   39.4250] microVU1: 3 cycle stall on branch instruction [1fc0]
[   39.4251] microVU1: 3 cycle stall on branch instruction [1fc0]
[   39.4252] microVU1: 3 cycle stall on branch instruction [1fc0]
[   39.4253] microVU1: 3 cycle stall on branch instruction [1ba0]
[   39.4255] microVU1: Cached Prog = [003] [PC=3130] [List=01] (Cache=1.682%) [1.0mb]
[   39.4264] microVU1: 3 cycle stall on branch instruction [2c28]
[   39.4285] microVU1: Cached Prog = [004] [PC=0000] [List=01] (Cache=1.926%) [1.2mb]
[   39.4296] microVU1: Cached Prog = [005] [PC=0710] [List=01] (Cache=2.019%) [1.2mb]
[   39.4296] microVU1: 2 cycle stall on branch instruction [07c8]
[   39.4299] microVU1: 3 cycle stall on branch instruction [1108]
[   39.4300] microVU1: 3 cycle stall on branch instruction [1130]
[   39.4302] microVU1: 3 cycle stall on branch instruction [1108]
[   39.4302] microVU1: 3 cycle stall on branch instruction [1130]
[   39.4303] microVU1: 3 cycle stall on branch instruction [1108]
[   39.4304] microVU1: 3 cycle stall on branch instruction [1130]
[   39.4307] microVU1: 3 cycle stall on branch instruction [1108]
[   39.4307] microVU1: 3 cycle stall on branch instruction [1130]
[   39.4310] microVU1: 3 cycle stall on branch instruction [1108]
[   39.4310] microVU1: 3 cycle stall on branch instruction [1130]
[   39.4311] microVU1: 3 cycle stall on branch instruction [1108]
[   39.4311] microVU1: 3 cycle stall on branch instruction [1130]
[   39.4313] microVU1: 3 cycle stall on branch instruction [1108]
[   39.4313] microVU1: 3 cycle stall on branch instruction [1130]
[   39.4313] microVU1: 3 cycle stall on branch instruction [09e8]
[   39.4313] microVU1: 3 cycle stall on branch instruction [0a70]
[   39.4314] microVU1: 3 cycle stall on branch instruction [1108]
[   39.4314] microVU1: 3 cycle stall on branch instruction [1130]
[   39.4318] microVU1: 3 cycle stall on branch instruction [1108]
[   39.4318] microVU1: 3 cycle stall on branch instruction [1130]
[   39.4319] microVU1: 3 cycle stall on branch instruction [1108]
[   39.4319] microVU1: 3 cycle stall on branch instruction [1130]
[   39.4324] microVU1: 3 cycle stall on branch instruction [1108]
[   39.4324] microVU1: 3 cycle stall on branch instruction [1130]
[   39.4326] microVU1: 3 cycle stall on branch instruction [1108]
[   39.4327] microVU1: 3 cycle stall on branch instruction [1130]
[   39.4328] microVU1: 3 cycle stall on branch instruction [1108]
[   39.4328] microVU1: 3 cycle stall on branch instruction [1130]
[   39.4334] microVU1: 3 cycle stall on branch instruction [1108]
[   39.4334] microVU1: 3 cycle stall on branch instruction [1130]
[   39.4335] microVU1: 3 cycle stall on branch instruction [09e8]
[   39.4335] microVU1: 3 cycle stall on branch instruction [0a70]
[   39.4339] microVU1: 3 cycle stall on branch instruction [09e8]
[   39.4339] microVU1: 3 cycle stall on branch instruction [0a70]
[   39.4340] microVU1: 3 cycle stall on branch instruction [09e8]
[   39.4340] microVU1: 3 cycle stall on branch instruction [0a70]
[   39.4342] microVU1: 3 cycle stall on branch instruction [1108]
[   39.4342] microVU1: 3 cycle stall on branch instruction [1130]
[   39.4343] microVU1: 3 cycle stall on branch instruction [09e8]
[   39.4344] microVU1: 3 cycle stall on branch instruction [0a70]
[   39.4345] microVU1: 3 cycle stall on branch instruction [09e8]
[   39.4345] microVU1: 3 cycle stall on branch instruction [0a70]
[   39.4347] microVU1: 3 cycle stall on branch instruction [1108]
[   39.4348] microVU1: 3 cycle stall on branch instruction [1130]
[   39.4348] microVU1: 3 cycle stall on branch instruction [09e8]
[   39.4349] microVU1: 3 cycle stall on branch instruction [0a70]
[   39.4350] microVU1: 3 cycle stall on branch instruction [09e8]
[   39.4352] microVU1: 3 cycle stall on branch instruction [0a70]
[   39.4353] microVU1: 3 cycle stall on branch instruction [09e8]
[   39.4353] microVU1: 3 cycle stall on branch instruction [0a70]
[   39.4355] microVU1: 3 cycle stall on branch instruction [09e8]
[   39.4355] microVU1: 3 cycle stall on branch instruction [0a70]
[   39.4357] microVU1: 3 cycle stall on branch instruction [09e8]
[   39.4357] microVU1: 3 cycle stall on branch instruction [0a70]
[   39.4359] microVU1: 3 cycle stall on branch instruction [09e8]
[   39.4359] microVU1: 3 cycle stall on branch instruction [0a70]
[   39.4361] microVU1: 3 cycle stall on branch instruction [09e8]
[   39.4361] microVU1: 3 cycle stall on branch instruction [0a70]
[   39.4363] microVU1: 3 cycle stall on branch instruction [09e8]
[   39.4363] microVU1: 3 cycle stall on branch instruction [0a70]
[   39.4364] microVU1: 3 cycle stall on branch instruction [09e8]
[   39.4365] microVU1: 3 cycle stall on branch instruction [0a70]
[   39.4366] microVU1: 3 cycle stall on branch instruction [09e8]
[   39.4366] microVU1: 3 cycle stall on branch instruction [0a70]
[   39.4368] microVU1: 3 cycle stall on branch instruction [07f0]
[   39.4369] microVU1: Cached Prog = [006] [PC=1188] [List=01] (Cache=2.820%) [1.7mb]
[   39.4369] microVU1: 2 cycle stall on branch instruction [07c8]
[   39.4372] microVU1: 3 cycle stall on branch instruction [1108]
[   39.4372] microVU1: 3 cycle stall on branch instruction [1130]
[   39.4375] microVU1: 3 cycle stall on branch instruction [1108]
[   39.4375] microVU1: 3 cycle stall on branch instruction [1130]
[   39.4376] microVU1: 3 cycle stall on branch instruction [1108]
[   39.4376] microVU1: 3 cycle stall on branch instruction [1130]
[   39.4379] microVU1: 3 cycle stall on branch instruction [1108]
[   39.4379] microVU1: 3 cycle stall on branch instruction [1130]
[   39.4382] microVU1: 3 cycle stall on branch instruction [1108]
[   39.4382] microVU1: 3 cycle stall on branch instruction [1130]
[   39.4383] microVU1: 3 cycle stall on branch instruction [1108]
[   39.4384] microVU1: 3 cycle stall on branch instruction [1130]
[   39.4385] microVU1: 3 cycle stall on branch instruction [1108]
[   39.4385] microVU1: 3 cycle stall on branch instruction [1130]
[   39.4386] microVU1: 3 cycle stall on branch instruction [09e8]
[   39.4386] microVU1: 3 cycle stall on branch instruction [0a70]
[   39.4387] microVU1: 3 cycle stall on branch instruction [1108]
[   39.4387] microVU1: 3 cycle stall on branch instruction [1130]
[   39.4390] microVU1: 3 cycle stall on branch instruction [1108]
[   39.4390] microVU1: 3 cycle stall on branch instruction [1130]
[   39.4391] microVU1: 3 cycle stall on branch instruction [1108]
[   39.4392] microVU1: 3 cycle stall on branch instruction [1130]
[   39.4397] microVU1: 3 cycle stall on branch instruction [1108]
[   39.4398] microVU1: 3 cycle stall on branch instruction [1130]
[   39.4400] microVU1: 3 cycle stall on branch instruction [1108]
[   39.4400] microVU1: 3 cycle stall on branch instruction [1130]
[   39.4401] microVU1: 3 cycle stall on branch instruction [1108]
[   39.4401] microVU1: 3 cycle stall on branch instruction [1130]
[   39.4407] microVU1: 3 cycle stall on branch instruction [1108]
[   39.4407] microVU1: 3 cycle stall on branch instruction [1130]
[   39.4408] microVU1: 3 cycle stall on branch instruction [09e8]
[   39.4408] microVU1: 3 cycle stall on branch instruction [0a70]
[   39.4411] microVU1: 3 cycle stall on branch instruction [09e8]
[   39.4411] microVU1: 3 cycle stall on branch instruction [0a70]
[   39.4413] microVU1: 3 cycle stall on branch instruction [09e8]
[   39.4413] microVU1: 3 cycle stall on branch instruction [0a70]
[   39.4415] microVU1: 3 cycle stall on branch instruction [1108]
[   39.4415] microVU1: 3 cycle stall on branch instruction [1130]
[   39.4416] microVU1: 3 cycle stall on branch instruction [09e8]
[   39.4416] microVU1: 3 cycle stall on branch instruction [0a70]
[   39.4417] microVU1: 3 cycle stall on branch instruction [09e8]
[   39.4418] microVU1: 3 cycle stall on branch instruction [0a70]
[   39.4419] microVU1: 3 cycle stall on branch instruction [1108]
[   39.4420] microVU1: 3 cycle stall on branch instruction [1130]
[   39.4421] microVU1: 3 cycle stall on branch instruction [09e8]
[   39.4421] microVU1: 3 cycle stall on branch instruction [0a70]
[   39.4423] microVU1: 3 cycle stall on branch instruction [09e8]
[   39.4423] microVU1: 3 cycle stall on branch instruction [0a70]
[   39.4425] microVU1: 3 cycle stall on branch instruction [09e8]
[   39.4425] microVU1: 3 cycle stall on branch instruction [0a70]
[   39.4427] microVU1: 3 cycle stall on branch instruction [09e8]
[   39.4427] microVU1: 3 cycle stall on branch instruction [0a70]
[   39.4429] microVU1: 3 cycle stall on branch instruction [09e8]
[   39.4429] microVU1: 3 cycle stall on branch instruction [0a70]
[   39.4430] microVU1: 3 cycle stall on branch instruction [09e8]
[   39.4431] microVU1: 3 cycle stall on branch instruction [0a70]
[   39.4433] microVU1: 3 cycle stall on branch instruction [09e8]
[   39.4433] microVU1: 3 cycle stall on branch instruction [0a70]
[   39.4434] microVU1: 3 cycle stall on branch instruction [09e8]
[   39.4435] microVU1: 3 cycle stall on branch instruction [0a70]
[   39.4436] microVU1: 3 cycle stall on branch instruction [09e8]
[   39.4436] microVU1: 3 cycle stall on branch instruction [0a70]
[   39.4438] microVU1: 3 cycle stall on branch instruction [09e8]
[   39.4438] microVU1: 3 cycle stall on branch instruction [0a70]
[   39.4439] microVU1: 3 cycle stall on branch instruction [07f0]
[   39.5472] microVU1: Cached Prog = [007] [PC=0700] [List=01] (Cache=3.621%) [2.2mb]
[   39.5482] microVU1: Cached Prog = [008] [PC=3140] [List=01] (Cache=3.715%) [2.3mb]
[   39.5486] microVU1: Cached Prog = [009] [PC=3520] [List=01] (Cache=3.767%) [2.3mb]
[   39.8288] microVU1: Cached Prog = [010] [PC=3830] [List=01] (Cache=3.819%) [2.3mb]
[   39.8290] microVU1: Cached Prog = [011] [PC=3b90] [List=01] (Cache=3.834%) [2.3mb]
[   52.6785] LOG: NIGHTCAMERA phase=0 offset=750 positionX=00000000 positionY=4028b437 positionZ=c2a19b64 lookX=00000000 lookY=3f9a5e32 lookZ=c2949b64 sceneGeneration=1 mask=0
[   52.6790] LOG: NIGHTCONTEXT phase=0 offset=750 scene=0 night=1 video=1 display=1 depth=2 width=448 height=448 refreshMilliHz=60000 requested=1 dtBits=3c888889 clockBits=00000000 rasterWidth=448 rasterHeight=448 scaleX=1 scaleY=1 ilChoice=0 ilProbing=0 ilBlock=0 ilFrame=58 ilAccepted=0 ilPipelined=1 frameYield=0
[   52.6983] LOG: NIGHTGATES phase=0 offset=750 first=750 frames=1 mask=0 attempted1=8 executed1=8 skipped1=0 submitted1=8 attempted2=4 executed2=4 skipped2=0 submitted2=5 attempted4=3 executed4=3 skipped4=0 submitted4=5 attempted8=4 executed8=4 skipped8=0 submitted8=1 attempted16=2 executed16=2 skipped16=0 submitted16=1 attempted32=0 executed32=0 skipped32=0 submitted32=0 attempted64=0 executed64=0 skipped64=0 submitted64=0
[   52.6987] LOG: NIGHTEXTRAGATES phase=0 offset=750 first=750 frames=1 extraMask=0 attempted1=1 executed1=1 skipped1=0 submitted1=1 attempted2=1 executed2=1 skipped2=0 submitted2=2 attempted4=2 executed4=2 skipped4=0 submitted4=2
[   52.6989] LOG: NIGHTWILDGATES phase=0 offset=750 first=750 frames=1 variant=0 enabled=0 planeInvocations=0 planeEligible=0 planeApplied=0 planeFallback=0 planeBoundary=0 planeNonfinite=0 planeColdCompared=0 planeColdMismatches=0 planeInputUnits=0 planeOutputUnits=0 planeInvalid=0 coneInvocations=0 coneEligible=0 coneApplied=0 coneFallback=0 coneBoundary=0 coneNonfinite=0 coneColdCompared=0 coneColdMismatches=0 coneInputUnits=0 coneOutputUnits=0 coneInvalid=0
[   52.6991] LOG: NIGHTTABLEGATES phase=0 offset=750 first=750 frames=1 selected=1 enabled=0 invocations=19 eligible=9 applied=0 fallback=10 sourceVertices=753 admittedVertices=0 baselineColorQwords=753 tableColorQwords=0 coldCompared=9 coldMismatches=0 invalid=0
[   59.9456] LOG: NIGHTCAMERA phase=0 offset=1155 positionX=00000000 positionY=4028b437 positionZ=c2a19b64 lookX=00000000 lookY=3f9a5e32 lookZ=c2949b64 sceneGeneration=1 mask=0
[   59.9460] LOG: NIGHTCONTEXT phase=0 offset=1155 scene=0 night=1 video=1 display=1 depth=2 width=448 height=448 refreshMilliHz=60000 requested=1 dtBits=3c888889 clockBits=00000000 rasterWidth=448 rasterHeight=448 scaleX=1 scaleY=1 ilChoice=0 ilProbing=0 ilBlock=0 ilFrame=13 ilAccepted=0 ilPipelined=1 frameYield=0
[   59.9636] LOG: NIGHTGATES phase=0 offset=1155 first=1155 frames=1 mask=0 attempted1=8 executed1=8 skipped1=0 submitted1=8 attempted2=4 executed2=4 skipped2=0 submitted2=5 attempted4=3 executed4=3 skipped4=0 submitted4=5 attempted8=4 executed8=4 skipped8=0 submitted8=1 attempted16=2 executed16=2 skipped16=0 submitted16=1 attempted32=0 executed32=0 skipped32=0 submitted32=0 attempted64=0 executed64=0 skipped64=0 submitted64=0
[   59.9638] LOG: NIGHTEXTRAGATES phase=0 offset=1155 first=1155 frames=1 extraMask=0 attempted1=1 executed1=1 skipped1=0 submitted1=1 attempted2=1 executed2=1 skipped2=0 submitted2=2 attempted4=2 executed4=2 skipped4=0 submitted4=2
[   59.9641] LOG: NIGHTWILDGATES phase=0 offset=1155 first=1155 frames=1 variant=0 enabled=0 planeInvocations=0 planeEligible=0 planeApplied=0 planeFallback=0 planeBoundary=0 planeNonfinite=0 planeColdCompared=0 planeColdMismatches=0 planeInputUnits=0 planeOutputUnits=0 planeInvalid=0 coneInvocations=0 coneEligible=0 coneApplied=0 coneFallback=0 coneBoundary=0 coneNonfinite=0 coneColdCompared=0 coneColdMismatches=0 coneInputUnits=0 coneOutputUnits=0 coneInvalid=0
[   59.9643] LOG: NIGHTTABLEGATES phase=0 offset=1155 first=1155 frames=1 selected=1 enabled=0 invocations=19 eligible=9 applied=0 fallback=10 sourceVertices=753 admittedVertices=0 baselineColorQwords=753 tableColorQwords=0 coldCompared=9 coldMismatches=0 invalid=0
[   71.4743] LOG: NIGHTPHASE phase=1 first=1800 mask=0 appliedMask=0 sampler=1 countReads=262 samplePtr=0052c588
[   71.4745] LOG: NIGHTEXTRAPHASE phase=1 first=1800 extraMask=0 appliedExtraMask=0
[   71.4748] LOG: NIGHTWILDPHASE phase=1 first=1800 variant=0 enabled=0 appliedVariant=0 appliedEnabled=0
[   71.4750] LOG: NIGHTTABLEPHASE phase=1 first=1800 selected=1 enabled=1 appliedSelected=1 appliedEnabled=1
[   85.1539] LOG: NIGHTCAMERA phase=1 offset=750 positionX=00000000 positionY=4028b437 positionZ=c2a19b64 lookX=00000000 lookY=3f9a5e32 lookZ=c2949b64 sceneGeneration=1 mask=0
[   85.1543] LOG: NIGHTCONTEXT phase=1 offset=750 scene=0 night=1 video=1 display=1 depth=2 width=448 height=448 refreshMilliHz=60000 requested=1 dtBits=3c888889 clockBits=00000000 rasterWidth=448 rasterHeight=448 scaleX=1 scaleY=1 ilChoice=0 ilProbing=0 ilBlock=0 ilFrame=58 ilAccepted=0 ilPipelined=1 frameYield=0
[   85.1714] LOG: NIGHTGATES phase=1 offset=750 first=750 frames=1 mask=0 attempted1=8 executed1=8 skipped1=0 submitted1=8 attempted2=4 executed2=4 skipped2=0 submitted2=5 attempted4=3 executed4=3 skipped4=0 submitted4=5 attempted8=4 executed8=4 skipped8=0 submitted8=1 attempted16=2 executed16=2 skipped16=0 submitted16=1 attempted32=0 executed32=0 skipped32=0 submitted32=0 attempted64=0 executed64=0 skipped64=0 submitted64=0
[   85.1718] LOG: NIGHTEXTRAGATES phase=1 offset=750 first=750 frames=1 extraMask=0 attempted1=1 executed1=1 skipped1=0 submitted1=1 attempted2=1 executed2=1 skipped2=0 submitted2=2 attempted4=2 executed4=2 skipped4=0 submitted4=2
[   85.1721] LOG: NIGHTWILDGATES phase=1 offset=750 first=750 frames=1 variant=0 enabled=0 planeInvocations=0 planeEligible=0 planeApplied=0 planeFallback=0 planeBoundary=0 planeNonfinite=0 planeColdCompared=0 planeColdMismatches=0 planeInputUnits=0 planeOutputUnits=0 planeInvalid=0 coneInvocations=0 coneEligible=0 coneApplied=0 coneFallback=0 coneBoundary=0 coneNonfinite=0 coneColdCompared=0 coneColdMismatches=0 coneInputUnits=0 coneOutputUnits=0 coneInvalid=0
[   85.1723] LOG: NIGHTTABLEGATES phase=1 offset=750 first=750 frames=1 selected=1 enabled=1 invocations=19 eligible=9 applied=9 fallback=10 sourceVertices=753 admittedVertices=618 baselineColorQwords=753 tableColorQwords=18 coldCompared=9 coldMismatches=0 invalid=0
[   92.7305] LOG: NIGHTCAMERA phase=1 offset=1155 positionX=00000000 positionY=4028b437 positionZ=c2a19b64 lookX=00000000 lookY=3f9a5e32 lookZ=c2949b64 sceneGeneration=1 mask=0
[   92.7308] LOG: NIGHTCONTEXT phase=1 offset=1155 scene=0 night=1 video=1 display=1 depth=2 width=448 height=448 refreshMilliHz=60000 requested=1 dtBits=3c888889 clockBits=00000000 rasterWidth=448 rasterHeight=448 scaleX=1 scaleY=1 ilChoice=0 ilProbing=0 ilBlock=0 ilFrame=13 ilAccepted=0 ilPipelined=1 frameYield=0
[   92.7491] LOG: NIGHTGATES phase=1 offset=1155 first=1155 frames=1 mask=0 attempted1=8 executed1=8 skipped1=0 submitted1=8 attempted2=4 executed2=4 skipped2=0 submitted2=5 attempted4=3 executed4=3 skipped4=0 submitted4=5 attempted8=4 executed8=4 skipped8=0 submitted8=1 attempted16=2 executed16=2 skipped16=0 submitted16=1 attempted32=0 executed32=0 skipped32=0 submitted32=0 attempted64=0 executed64=0 skipped64=0 submitted64=0
[   92.7494] LOG: NIGHTEXTRAGATES phase=1 offset=1155 first=1155 frames=1 extraMask=0 attempted1=1 executed1=1 skipped1=0 submitted1=1 attempted2=1 executed2=1 skipped2=0 submitted2=2 attempted4=2 executed4=2 skipped4=0 submitted4=2
[   92.7500] LOG: NIGHTWILDGATES phase=1 offset=1155 first=1155 frames=1 variant=0 enabled=0 planeInvocations=0 planeEligible=0 planeApplied=0 planeFallback=0 planeBoundary=0 planeNonfinite=0 planeColdCompared=0 planeColdMismatches=0 planeInputUnits=0 planeOutputUnits=0 planeInvalid=0 coneInvocations=0 coneEligible=0 coneApplied=0 coneFallback=0 coneBoundary=0 coneNonfinite=0 coneColdCompared=0 coneColdMismatches=0 coneInputUnits=0 coneOutputUnits=0 coneInvalid=0
[   92.7502] LOG: NIGHTTABLEGATES phase=1 offset=1155 first=1155 frames=1 selected=1 enabled=1 invocations=19 eligible=9 applied=9 fallback=10 sourceVertices=753 admittedVertices=618 baselineColorQwords=753 tableColorQwords=18 coldCompared=9 coldMismatches=0 invalid=0
[  104.3152] LOG: NIGHTPHASE phase=2 first=3600 mask=0 appliedMask=0 sampler=1 countReads=262 samplePtr=0052c588
[  104.3156] LOG: NIGHTEXTRAPHASE phase=2 first=3600 extraMask=0 appliedExtraMask=0
[  104.3160] LOG: NIGHTWILDPHASE phase=2 first=3600 variant=0 enabled=0 appliedVariant=0 appliedEnabled=0
[  104.3163] LOG: NIGHTTABLEPHASE phase=2 first=3600 selected=1 enabled=0 appliedSelected=1 appliedEnabled=0
[  117.9993] LOG: NIGHTCAMERA phase=2 offset=750 positionX=00000000 positionY=4028b437 positionZ=c2a19b64 lookX=00000000 lookY=3f9a5e32 lookZ=c2949b64 sceneGeneration=1 mask=0
[  117.9996] LOG: NIGHTCONTEXT phase=2 offset=750 scene=0 night=1 video=1 display=1 depth=2 width=448 height=448 refreshMilliHz=60000 requested=1 dtBits=3c888889 clockBits=00000000 rasterWidth=448 rasterHeight=448 scaleX=1 scaleY=1 ilChoice=0 ilProbing=0 ilBlock=0 ilFrame=58 ilAccepted=0 ilPipelined=1 frameYield=0
[  118.0160] LOG: NIGHTGATES phase=2 offset=750 first=750 frames=1 mask=0 attempted1=8 executed1=8 skipped1=0 submitted1=8 attempted2=4 executed2=4 skipped2=0 submitted2=5 attempted4=3 executed4=3 skipped4=0 submitted4=5 attempted8=4 executed8=4 skipped8=0 submitted8=1 attempted16=2 executed16=2 skipped16=0 submitted16=1 attempted32=0 executed32=0 skipped32=0 submitted32=0 attempted64=0 executed64=0 skipped64=0 submitted64=0
[  118.0162] LOG: NIGHTEXTRAGATES phase=2 offset=750 first=750 frames=1 extraMask=0 attempted1=1 executed1=1 skipped1=0 submitted1=1 attempted2=1 executed2=1 skipped2=0 submitted2=2 attempted4=2 executed4=2 skipped4=0 submitted4=2
[  118.0166] LOG: NIGHTWILDGATES phase=2 offset=750 first=750 frames=1 variant=0 enabled=0 planeInvocations=0 planeEligible=0 planeApplied=0 planeFallback=0 planeBoundary=0 planeNonfinite=0 planeColdCompared=0 planeColdMismatches=0 planeInputUnits=0 planeOutputUnits=0 planeInvalid=0 coneInvocations=0 coneEligible=0 coneApplied=0 coneFallback=0 coneBoundary=0 coneNonfinite=0 coneColdCompared=0 coneColdMismatches=0 coneInputUnits=0 coneOutputUnits=0 coneInvalid=0
[  118.0168] LOG: NIGHTTABLEGATES phase=2 offset=750 first=750 frames=1 selected=1 enabled=0 invocations=19 eligible=9 applied=0 fallback=10 sourceVertices=753 admittedVertices=0 baselineColorQwords=753 tableColorQwords=0 coldCompared=9 coldMismatches=0 invalid=0
[  125.2455] LOG: NIGHTCAMERA phase=2 offset=1155 positionX=00000000 positionY=4028b437 positionZ=c2a19b64 lookX=00000000 lookY=3f9a5e32 lookZ=c2949b64 sceneGeneration=1 mask=0
[  125.2460] LOG: NIGHTCONTEXT phase=2 offset=1155 scene=0 night=1 video=1 display=1 depth=2 width=448 height=448 refreshMilliHz=60000 requested=1 dtBits=3c888889 clockBits=00000000 rasterWidth=448 rasterHeight=448 scaleX=1 scaleY=1 ilChoice=0 ilProbing=0 ilBlock=0 ilFrame=13 ilAccepted=0 ilPipelined=1 frameYield=0
[  125.2637] LOG: NIGHTGATES phase=2 offset=1155 first=1155 frames=1 mask=0 attempted1=8 executed1=8 skipped1=0 submitted1=8 attempted2=4 executed2=4 skipped2=0 submitted2=5 attempted4=3 executed4=3 skipped4=0 submitted4=5 attempted8=4 executed8=4 skipped8=0 submitted8=1 attempted16=2 executed16=2 skipped16=0 submitted16=1 attempted32=0 executed32=0 skipped32=0 submitted32=0 attempted64=0 executed64=0 skipped64=0 submitted64=0
[  125.2640] LOG: NIGHTEXTRAGATES phase=2 offset=1155 first=1155 frames=1 extraMask=0 attempted1=1 executed1=1 skipped1=0 submitted1=1 attempted2=1 executed2=1 skipped2=0 submitted2=2 attempted4=2 executed4=2 skipped4=0 submitted4=2
[  125.2643] LOG: NIGHTWILDGATES phase=2 offset=1155 first=1155 frames=1 variant=0 enabled=0 planeInvocations=0 planeEligible=0 planeApplied=0 planeFallback=0 planeBoundary=0 planeNonfinite=0 planeColdCompared=0 planeColdMismatches=0 planeInputUnits=0 planeOutputUnits=0 planeInvalid=0 coneInvocations=0 coneEligible=0 coneApplied=0 coneFallback=0 coneBoundary=0 coneNonfinite=0 coneColdCompared=0 coneColdMismatches=0 coneInputUnits=0 coneOutputUnits=0 coneInvalid=0
[  125.2644] LOG: NIGHTTABLEGATES phase=2 offset=1155 first=1155 frames=1 selected=1 enabled=0 invocations=19 eligible=9 applied=0 fallback=10 sourceVertices=753 admittedVertices=0 baselineColorQwords=753 tableColorQwords=0 coldCompared=9 coldMismatches=0 invalid=0
[  136.6426] LOG: NIGHTDONE order=0 valid=1 loops=5400
