[    0.0152] Program Path: /home/spider/tyrax2-debugger-linux-v1/squashfs-root/usr/bin/pcsx2-qt
[    0.0153] AppRoot Directory: /home/spider/tyrax2-debugger-linux-v1/squashfs-root/usr/bin
[    0.0153] Resources Directory: /home/spider/tyrax2-debugger-linux-v1/squashfs-root/usr/bin/resources
[    0.0153] DataRoot Directory: /home/spider/pool-lattice-fog-probe-a96-arm1-repeat3-20261005-v1/profile/PCSX2
[    0.0153] Loading config from /home/spider/pool-lattice-fog-probe-a96-arm1-repeat3-20261005-v1/profile/PCSX2/inis/PCSX2.ini.
[    0.0155] Loading secrets from /home/spider/pool-lattice-fog-probe-a96-arm1-repeat3-20261005-v1/profile/PCSX2/inis/secrets.ini.
[    0.0160] BIOS Directory: /mnt/c/Users/pawel/OneDrive/Documents/PCSX2/bios
[    0.0160] Snapshots Directory: /home/spider/pool-lattice-fog-probe-a96-arm1-repeat3-20261005-v1/profile/PCSX2/snaps
[    0.0160] Savestates Directory: /home/spider/pool-lattice-fog-probe-a96-arm1-repeat3-20261005-v1/profile/PCSX2/sstates
[    0.0160] MemoryCards Directory: /home/spider/pool-lattice-fog-probe-a96-arm1-repeat3-20261005-v1/profile/PCSX2/memcards
[    0.0160] Logs Directory: /home/spider/pool-lattice-fog-probe-a96-arm1-repeat3-20261005-v1/profile/PCSX2/logs
[    0.0160] Cheats Directory: /home/spider/pool-lattice-fog-probe-a96-arm1-repeat3-20261005-v1/profile/PCSX2/cheats
[    0.0161] Patches Directory: /home/spider/pool-lattice-fog-probe-a96-arm1-repeat3-20261005-v1/profile/PCSX2/patches
[    0.0161] Covers Directory: /home/spider/pool-lattice-fog-probe-a96-arm1-repeat3-20261005-v1/profile/PCSX2/covers
[    0.0161] Game Settings Directory: /home/spider/pool-lattice-fog-probe-a96-arm1-repeat3-20261005-v1/profile/PCSX2/gamesettings
[    0.0161] Resources Directory: /home/spider/tyrax2-debugger-linux-v1/squashfs-root/usr/bin/resources
[    0.0161] User Resources Directory: /home/spider/pool-lattice-fog-probe-a96-arm1-repeat3-20261005-v1/profile/PCSX2/resources
[    0.0161] Cache Directory: /home/spider/pool-lattice-fog-probe-a96-arm1-repeat3-20261005-v1/profile/PCSX2/cache
[    0.0161] Textures Directory: /home/spider/pool-lattice-fog-probe-a96-arm1-repeat3-20261005-v1/profile/PCSX2/textures
[    0.0161] Input Profile Directory: /home/spider/pool-lattice-fog-probe-a96-arm1-repeat3-20261005-v1/profile/PCSX2/inputprofiles
[    0.0161] Video Dumping Directory: /home/spider/pool-lattice-fog-probe-a96-arm1-repeat3-20261005-v1/profile/PCSX2/videos
[    0.0161] Debugger Layouts Directory: /home/spider/pool-lattice-fog-probe-a96-arm1-repeat3-20261005-v1/profile/PCSX2/inis/debuggerlayouts
[    0.0161] Debugger Settings Directory: /home/spider/pool-lattice-fog-probe-a96-arm1-repeat3-20261005-v1/profile/PCSX2/inis/debuggersettings
[    0.0315] Loaded translation file for language en-US
[    0.0379] PCSX2 v2.9.93
[    0.0379] Savestate version: 0x9a590000
[    0.0379] 
[    0.0379] 
[    0.0379] Host Machine Init:
[    0.0380]   Operating System = Ubuntu 22.04
[    0.0380]   Available RAM    = 49084 MB (47.93 GB)
[    0.0380]   Physical RAM     = 50191 MB (49.02 GB)
[    0.0381] 
[    0.0381]   Processor        = AMD Ryzen Threadripper 1920X
[    0.0381]   Core Count       = 24 cores
[    0.0381]   Thread Count     = 24 threads
[    0.0381]   Cluster Count    = 1 clusters
[    0.0381] CPU Extensions Detected:
[    0.0381]   AVX AVX2
[    0.0381] 
[    0.0381] Allocating host memory for virtual systems...
[    0.0385]   EE Main Memory                   @ 0x00007F68A3200000 -> 0x00007F68AC100000 [143mb]
[    0.0385]   IOP Main Memory                  @ 0x00007F68AC100000 -> 0x00007F68B4200000 [129mb]
[    0.0385]   VU0/1 On-Chip Memory             @ 0x00007F68B4200000 -> 0x00007F68B4300000 [1mb]
[    0.0386]   VTLB Virtual Map                 @ 0x00007F68B4300000 -> 0x00007F68B4B00000 [8mb]
[    0.0386]   VTLB Address Map                 @ 0x00007F68B4B00000 -> 0x00007F68B4F00000 [4mb]
[    0.0386]   R5900 Recompiler Cache           @ 0x00007F68B4F00000 -> 0x00007F68B8F00000 [64mb]
[    0.0386]   R3000A Recompiler Cache          @ 0x00007F68B8F00000 -> 0x00007F68BAF00000 [32mb]
[    0.0386]   Micro VU0 Recompiler Cache       @ 0x00007F68BBF00000 -> 0x00007F68BFF00000 [64mb]
[    0.0386]   Micro VU1 Recompiler Cache       @ 0x00007F68BFF00000 -> 0x00007F68C3F00000 [64mb]
[    0.0386]   VIF0 Unpack Recompiler Cache     @ 0x00007F68BAF00000 -> 0x00007F68BB700000 [8mb]
[    0.0386]   VIF1 Unpack Recompiler Cache     @ 0x00007F68BB700000 -> 0x00007F68BBF00000 [8mb]
[    0.0386]   VIF Unpack Recompiler Cache      @ 0x00007F68C3F00000 -> 0x00007F68C4000000 [1mb]
[    0.0386]   GS Software Renderer             @ 0x00007F68C4000000 -> 0x00007F68C8000000 [64mb]
[    0.0416] Fastmem area: 0x7f67a3200000 - 0x7f68a31fffff
[    0.0440] Generating SSE-optimized unpacking functions for VIF interpreters...
[    0.0443] Unpack function generation complete.  Generated function statistics:
[    0.0443]   Reserved buffer    : 1048576 bytes @ 0x00007F68C3F00000
[    0.0443]   x86 code generated : 7422 bytes
[    0.0443] 
[    0.0446] SDLInputSource: Using Controller DB from resources.
[    0.0612] SDLInputSource: 765 gamepad mappings are loaded.
[    0.0613] Invalid binding: 'XInput-0/DPadUp'
[    0.0613] Invalid binding: 'XInput-0/DPadRight'
[    0.0613] Invalid binding: 'XInput-0/DPadDown'
[    0.0613] Invalid binding: 'XInput-0/DPadLeft'
[    0.0613] Invalid binding: 'XInput-0/Y'
[    0.0613] Invalid binding: 'XInput-0/B'
[    0.0613] Invalid binding: 'XInput-0/A'
[    0.0613] Invalid binding: 'XInput-0/X'
[    0.0613] Invalid binding: 'XInput-0/Back'
[    0.0613] Invalid binding: 'XInput-0/Start'
[    0.0613] Invalid binding: 'XInput-0/LeftShoulder'
[    0.0613] Invalid binding: 'XInput-0/+LeftTrigger'
[    0.0613] Invalid binding: 'XInput-0/RightShoulder'
[    0.0613] Invalid binding: 'XInput-0/+RightTrigger'
[    0.0613] Invalid binding: 'XInput-0/LeftStick'
[    0.0613] Invalid binding: 'XInput-0/RightStick'
[    0.0613] Invalid binding: 'XInput-0/Guide'
[    0.0613] Invalid binding: 'XInput-0/-LeftY'
[    0.0613] Invalid binding: 'XInput-0/+LeftX'
[    0.0614] Invalid binding: 'XInput-0/+LeftY'
[    0.0614] Invalid binding: 'XInput-0/-LeftX'
[    0.0614] Invalid binding: 'XInput-0/-RightY'
[    0.0614] Invalid binding: 'XInput-0/+RightX'
[    0.0614] Invalid binding: 'XInput-0/+RightY'
[    0.0614] Invalid binding: 'XInput-0/-RightX'
[    0.0619] Settings: Advanced Settings are enabled; only proceed if you know what you're doing! No support will be provided if you have the option enabled.
[    0.1087] Scanning F:\PS2\Games (recursively)
[    0.2192] Loading BIOS...
[    0.2316] BIOS Found: Europe  v02.00(14/06/2004)  Console 20040614-100914
[    0.2909] Mechacon version: 0x00020603
[    0.2925] Opening CDVD...
[    0.3254] Initializing Elf: 4470908 bytes
[    0.3260] Disc changed to .
[    0.3260]   Name: vehicle-playground [?]
[    0.3260]   Serial: vehicle-playground
[    0.3260]   Version: 
[    0.3260]   CRC: 8967CAC6
[    0.3260] No game settings found (tried '/home/spider/pool-lattice-fog-probe-a96-arm1-repeat3-20261005-v1/profile/PCSX2/gamesettings/8967CAC6.ini')
[    0.3261] Applying settings...
[    0.3263] Invalid binding: 'XInput-0/DPadUp'
[    0.3263] Invalid binding: 'XInput-0/DPadRight'
[    0.3263] Invalid binding: 'XInput-0/DPadDown'
[    0.3263] Invalid binding: 'XInput-0/DPadLeft'
[    0.3264] Invalid binding: 'XInput-0/Y'
[    0.3264] Invalid binding: 'XInput-0/B'
[    0.3264] Invalid binding: 'XInput-0/A'
[    0.3264] Invalid binding: 'XInput-0/X'
[    0.3264] Invalid binding: 'XInput-0/Back'
[    0.3264] Invalid binding: 'XInput-0/Start'
[    0.3264] Invalid binding: 'XInput-0/LeftShoulder'
[    0.3264] Invalid binding: 'XInput-0/+LeftTrigger'
[    0.3264] Invalid binding: 'XInput-0/RightShoulder'
[    0.3264] Invalid binding: 'XInput-0/+RightTrigger'
[    0.3264] Invalid binding: 'XInput-0/LeftStick'
[    0.3264] Invalid binding: 'XInput-0/RightStick'
[    0.3264] Invalid binding: 'XInput-0/Guide'
[    0.3264] Invalid binding: 'XInput-0/-LeftY'
[    0.3264] Invalid binding: 'XInput-0/+LeftX'
[    0.3264] Invalid binding: 'XInput-0/+LeftY'
[    0.3264] Invalid binding: 'XInput-0/-LeftX'
[    0.3264] Invalid binding: 'XInput-0/-RightY'
[    0.3264] Invalid binding: 'XInput-0/+RightX'
[    0.3264] Invalid binding: 'XInput-0/+RightY'
[    0.3264] Invalid binding: 'XInput-0/-RightX'
[    0.3266] GameDB: Has not been initialized yet, initializing...
[    0.3703] GameDB: 12841 games on record (loaded in 43.70ms)
[    0.3728] Reopening memory cards...
[    0.3729] (FileMcd) Creating new 8MB memory card: /home/spider/pool-lattice-fog-probe-a96-arm1-repeat3-20261005-v1/profile/PCSX2/memcards/Mcd001.ps2
[    0.3822] McdSlot 0 [File]: Mcd001.ps2 [8 MB, UNFORMATTED]
[    0.3822] McdSlot 1 [File]: [disabled/empty filename]
[    0.3867] HLE Host: Set 'host:' root path to: /mnt/f/Projects/tyrax2-lab-20261001/wild-pool-lattice-fog-probe-physical-v1/game/bin
[    0.3871] EE/iR5900 Recompiler Reset
[    0.4371] iR3000A Recompiler reset.
[    0.4573] Resetting host memory for virtual systems...
[    0.7172] Time Zone Offset: GMT+01:00
[    0.7173] Time Zone Location: Berlin
[    0.7173] DST: Winter Time
[    0.7173] Time Format: 24-Hour
[    0.7173] Date Format: DD/MM/YYYY
[    0.7173] System Time Basis: Operating System Time
[    0.7173] Resulting System Time: 2026-10-05 13:56:37
[    0.7173] Close virtual disk tray
[    0.7173] Media already loaded (fast boot)
[    0.7173] Opening GS...
[    0.7575] VK: Enabling extension: VK_KHR_get_surface_capabilities2
[    0.7679] Using Vulkan GPU 'llvmpipe (LLVM 15.0.7, 256 bits)' for automatic renderer check.
[    0.7679] Not using Vulkan for software renderer.
[    0.7680] acquireRenderWindow() recreate=true fullscreen=false render_to_main=true surfaceless=false
[    0.7706] (GetRefreshRateFromXRandR) Modeline is invalid: 0/0/0
[    0.7706] Surface refresh rate: 60 Hz
[    0.7710] Loading EGL from libEGL.so...
[    0.7721] GLAD EGL Version: 1.0
[    0.7721] Using EGL platform EGL_EXT_platform_x11.
[    0.7803] eglInitialize() version: 1.5
[    0.7805] GLAD EGL Version: 1.5
[    0.7805] Trying GL version 4.6
[    0.7805] eglCreateContext() failed: 0x3009
[    0.7805] Trying GL version 4.5
[    0.7910] Got GL version 4.5
[    0.7911] EGL_MIN_SWAP_INTERVAL = 1
[    0.7911] EGL_MAX_SWAP_INTERVAL = 1
[    0.7911] Negative swap interval/tear-control is NOT supported
[    0.7935] GL_VENDOR: Mesa
[    0.7936] GL_VERSION: 4.5 (Core Profile) Mesa 23.2.1-1ubuntu3.1~22.04.4
[    0.7936] GL_RENDERER: llvmpipe (LLVM 15.0.7, 256 bits)
[    0.7936] GL_SHADING_LANGUAGE_VERSION: 4.50
[    0.7937] GL_MAX_VERTEX_SHADER_STORAGE_BLOCKS: 16
[    0.7937] GL: Viewport Array:            Supported       => Using: GL_ARB_viewport_array
[    0.7937] GL: Direct State Access:       Supported       => Using: OpenGL 4.5 Core
[    0.7937] GL: Copy Image:                Supported       => Using: OpenGL 4.3 Core
[    0.7937] GL: Clip Control:              Supported       => Using: OpenGL 4.5 Core
[    0.7937] GL: Conservative Depth:        Supported       => Using: OpenGL 4.2 Core
[    0.7937] GL: CAS Sharpening:            Supported       => Using: OpenGL 4.2 Core
[    0.7937] GL: Texture Barriers:          Auto            => Using: Framebuffer Fetch
[    0.7937] GL: RGBA16 HW Blending:        Supported       => Using: RGBA16 UNORM
[    0.7937] GL: Point Expansion:           Supported       => Using: Hardware
[    0.7937] GL: Line Expansion:            Fallback        => Using: Vertex Expansion
[    0.7937] GL: Sprite Expansion:          Supported       => Using: Vertex Expansion
[    0.7937] GL: DXTn Texture Compression:  Supported       => Using: GL_EXT_texture_compression_s3tc
[    0.7937] GL: BC6/7 Texture Compression: Supported       => Using: OpenGL 4.2 Core
[    0.8055] 1 program binary formats supported by driver
[    0.8440] Program binary retrieved, 4105 bytes, format 34655
[    0.8445] Program binary retrieved, 4121 bytes, format 34655
[    0.8450] Program binary retrieved, 4249 bytes, format 34655
[    0.8454] Program binary retrieved, 4013 bytes, format 34655
[    0.8458] Program binary retrieved, 4013 bytes, format 34655
[    0.8462] Program binary retrieved, 4017 bytes, format 34655
[    0.8466] Program binary retrieved, 4017 bytes, format 34655
[    0.8470] Program binary retrieved, 4185 bytes, format 34655
[    0.8474] Program binary retrieved, 4217 bytes, format 34655
[    0.8477] Program binary retrieved, 4137 bytes, format 34655
[    0.8481] Program binary retrieved, 4125 bytes, format 34655
[    0.8485] Program binary retrieved, 4121 bytes, format 34655
[    0.8491] Program binary retrieved, 4253 bytes, format 34655
[    0.8498] Program binary retrieved, 4237 bytes, format 34655
[    0.8502] Program binary retrieved, 4245 bytes, format 34655
[    0.8506] Program binary retrieved, 4261 bytes, format 34655
[    0.8511] Program binary retrieved, 4965 bytes, format 34655
[    0.8516] Program binary retrieved, 4981 bytes, format 34655
[    0.8520] Program binary retrieved, 4261 bytes, format 34655
[    0.8523] Program binary retrieved, 4277 bytes, format 34655
[    0.8528] Program binary retrieved, 5005 bytes, format 34655
[    0.8534] Program binary retrieved, 5021 bytes, format 34655
[    0.8542] Program binary retrieved, 4257 bytes, format 34655
[    0.8546] Program binary retrieved, 4273 bytes, format 34655
[    0.8551] Program binary retrieved, 5001 bytes, format 34655
[    0.8556] Program binary retrieved, 5017 bytes, format 34655
[    0.8560] Program binary retrieved, 4277 bytes, format 34655
[    0.8564] Program binary retrieved, 4293 bytes, format 34655
[    0.8569] Program binary retrieved, 5057 bytes, format 34655
[    0.8575] Program binary retrieved, 5073 bytes, format 34655
[    0.8579] Program binary retrieved, 4153 bytes, format 34655
[    0.8582] Program binary retrieved, 4169 bytes, format 34655
[    0.8587] Program binary retrieved, 4233 bytes, format 34655
[    0.8593] Program binary retrieved, 5781 bytes, format 34655
[    0.8598] Program binary retrieved, 5373 bytes, format 34655
[    0.8604] Program binary retrieved, 6389 bytes, format 34655
[    0.8609] Program binary retrieved, 4917 bytes, format 34655
[    0.8613] Program binary retrieved, 4845 bytes, format 34655
[    0.8618] Program binary retrieved, 4997 bytes, format 34655
[    0.8622] Program binary retrieved, 4101 bytes, format 34655
[    0.8652] Program binary retrieved, 4137 bytes, format 34655
[    0.8685] Program binary retrieved, 4109 bytes, format 34655
[    0.8689] Program binary retrieved, 5389 bytes, format 34655
[    0.8693] Program binary retrieved, 5829 bytes, format 34655
[    0.8698] Program binary retrieved, 5857 bytes, format 34655
[    0.8701] Program binary retrieved, 4289 bytes, format 34655
[    0.8727] Program binary retrieved, 21205 bytes, format 34655
[    0.8731] Program binary retrieved, 4765 bytes, format 34655
[    0.8736] Program binary retrieved, 5685 bytes, format 34655
[    0.8739] Program binary retrieved, 4141 bytes, format 34655
[    0.8742] Program binary retrieved, 4537 bytes, format 34655
[    0.8746] Program binary retrieved, 4889 bytes, format 34655
[    0.8749] Program binary retrieved, 4117 bytes, format 34655
[    0.8753] Program binary retrieved, 4741 bytes, format 34655
[    0.8757] Program binary retrieved, 4965 bytes, format 34655
[    0.8762] Program binary retrieved, 6613 bytes, format 34655
[    0.8766] Program binary retrieved, 4797 bytes, format 34655
[    0.8781] Program binary retrieved, 13085 bytes, format 34655
[    0.8844] Program binary retrieved, 7285 bytes, format 34655
[    0.8902] Program binary retrieved, 5497 bytes, format 34655
[    0.8905] Program binary retrieved, 4141 bytes, format 34655
[    0.8909] Program binary retrieved, 4141 bytes, format 34655
[    0.8913] Program binary retrieved, 4145 bytes, format 34655
[    0.8917] Program binary retrieved, 4145 bytes, format 34655
[    0.9447] Program binary retrieved, 5369 bytes, format 34655
[    0.9463] OpenGL Graphics Driver Info:
[    0.9463] OpenGL Context:
[    0.9463] 4.5 (Core Profile) Mesa 23.2.1-1ubuntu3.1~22.04.4
[    0.9463] Mesa llvmpipe (LLVM 15.0.7, 256 bits)
[    0.9463] GLSL: 4.50
[    0.9497] Processor count: 24 cores, 24 processors, 1 clusters
[    0.9499] Ordered processor list: 12, 23, 22, 21, 20, 19, 18, 17, 16, 15, 14, 13, 0, 11, 10, 9, 8, 7, 6, 5, 4, 3, 2, 1
[    0.9499] Not pinning SW threads, we need 4 processors, but only have 0
[    0.9510] Opening SPU2...
[    0.9520] Creating Null audio stream, sample rate = 48000, expansion = Disabled, buffer = 50, latency = 32, stretching enabled, driver = wasapi, device = 
[    0.9520] Allocated buffer of 2432 frames for buffer of 50 ms [expansion Disabled (block size 2048), stretch disabled, target size 2432].
[    0.9520] Initializing Pad...
[    0.9521] Initializing SIO2...
[    0.9521] Initializing SIO0...
[    0.9521] Opening DEV9...
[    0.9521] DEV9: DEV9init
[    0.9522] DEV9: DEV9init2
[    0.9522] DEV9: DEV9init3
[    0.9559] DEV9: DEV9init ok
[    0.9559] DEV9: DEV9open
[    0.9559] Opening USB...
[    0.9560] Opening FW...
[    0.9562] Frame rate: 59.94, target speed: 1, target frame rate: 59.94, ticks per frame: 16683350
[    0.9603] MultiPause time: 251ns
[    0.9604] MultiPause time: 142ns
[    0.9604] VM subsystems initialized in 745.32 ms
[    0.9604] MultiPause time: 142ns
[    0.9633] MultiPause time: 142ns
[    0.9705] Failed to inhibit screen saver.
[    0.9706] Processor order assignment: EE=12, VU=23, GS=23
[    0.9706]   EE thread is on processor 12 (0x1000)
[    0.9707]   GS thread is on processor 23 (0x800000)
[    0.9801] Failed to inhibit screen saver.
[    1.0056] # Initialize memory (rev:3.70, ctm:197Mhz, cpuclk:147Mhz detected)
[    1.0141] R3000 Debugger: Branch to 0x890 (SYSMEM). Clearing modules.
[    1.0156] RegisterLibraryEntries: excepman version 1.01
[    1.0165] RegisterLibraryEntries:  intrman version 1.02
[    1.0166] RegisterLibraryEntries:   ssbusc version 1.01
[    1.0170] RegisterLibraryEntries:  dmacman version 1.02
[    1.0173] RegisterLibraryEntries:  timrman version 1.01
[    1.0176] RegisterLibraryEntries:  sysclib version 1.01
[    1.0176] RegisterLibraryEntries:    stdio version 1.01
[    1.0178] RegisterLibraryEntries:  heaplib version 1.01
[    1.0182] FW: read mem 0x1f80847c: 0x10000001
[    1.0182] FW: write mem 0x1f808414: 0x417f0000
[    1.0182] FW: read mem 0x1f808400: 0xffc00001
[    1.0182] FW: write mem 0x1f80844c: 0xffffffff
[    1.0182] FW: write mem 0x1f808420: 0xffffffff
[    1.0182] FW: write mem 0x1f808428: 0xffffffff
[    1.0182] FW: write mem 0x1f808430: 0xffffffff
[    1.0193] RegisterLibraryEntries:   thbase version 1.01
[    1.0194] RegisterLibraryEntries:  thevent version 1.01
[    1.0194] RegisterLibraryEntries:  thsemap version 1.01
[    1.0194] RegisterLibraryEntries:  thmsgbx version 1.01
[    1.0195] RegisterLibraryEntries:  thfpool version 1.01
[    1.0195] RegisterLibraryEntries:  thvpool version 1.01
[    1.0203] RegisterLibraryEntries:   vblank version 1.01
[    1.0208] RegisterLibraryEntries:    ioman version 1.02
[    1.0215] RegisterLibraryEntries:  modload version 1.01
[    1.0218] RegisterLibraryEntries:   romdrv version 2.01
[    1.0221] RegisterLibraryEntries:    stdio version 1.02
[    1.0224] RegisterLibraryEntries:   sifman version 1.01
[    1.0227] 
[    1.0227] PlayStation 2 ======== Hard reset boot
[    1.0229]  ROMGEN=2004-0614, IOP info (CPUID=1f, CACH_CONFIG=0, 2MB, IOP mode)
[    1.0230]  <20040614-100914,ROMconf,PS20200EC20040614.bin:11696>
[    1.0321] # Total accessable memory size: 32 MB (B:2:8:0) (370:2:7c30)
[    1.0330] # TLB spad=0 kernel=1:12 default=13:30 extended=31:38
[    1.0972] # Initialize Start.
[    1.0977] # Initialize GS ...
[    1.0977] # Initialize INTC ...
[    1.0977] # Initialize TIMER ...
[    1.0978] # Initialize DMAC ...
[    1.0980] # Initialize VU1 ...
[    1.0982] # Initialize VIF1 ...
[    1.0983] # Initialize GIF ...
[    1.0983] # Initialize VU0 ...
[    1.0985] # Initialize VIF0 ...
[    1.0986] # Initialize IPU ...
[    1.0987] # Initialize FPU ...
[    1.0987] # Initialize User Memory ...
[    1.1578] # Initialize Scratch Pad ...
[    1.1579] # Initialize Done.
[    1.1588] 
[    1.1589] EE DECI2 Manager version 0.06 Feb  6 2003 08:38:48
[    1.1589]   CPUID=2e20, BoardID=0, ROMGEN=2004-0614, 32M
[    1.1589] 
[    1.1592] RegisterLibraryEntries:   sifcmd version 1.01
[    1.1914] Initializing Elf: 4470908 bytes
[    1.1940] ELF Loading: host:vehicle-playground.elf, Game CRC = 8967CAC6, EntryPoint = 0x00100E78
[    1.1968] RegisterLibraryEntries:  cdvdman version 1.01
[    1.2001] Imported 823 symbols.
[    1.2033] RegisterLibraryEntries:  cdvdfsv version 1.01
[    1.2048] RegisterLibraryEntries:  secrman version 1.03
[    1.2049] RegisterLibraryEntries:   eesync version 1.01
[    1.2051] 
[    1.2051] IOP Realtime Kernel Ver.0.9.1
[    1.2051]     Copyright 1999 (C) Sony Computer Entertainment Inc. 
[    1.2057] Reboot service module.(99/11/10)
[    1.2081] cdvd driver module version 0.1.1 (C)SCEI
[    1.2087] Load File service.(99/11/05)
[    1.2088] Multi Threaded Fileio module.(99/11/15) 
[    1.2089] iop heap service (99/11/03)
[    1.2256] loadelf: fname host:vehicle-playground.elf secname all
[    1.2257] loadelf version 3.30
[    1.2277] Input ELF format filename = host:vehicle-playground.elf
[    1.2584] PINE: New client with FD 14 connected.
[    1.2586] PINE: Client disconnected.
[    1.2740] 1 00100000 003f783c ................................................................
[    1.2741] Loaded, host:vehicle-playground.elf
[    1.2741] start address 0x100e78
[    1.2741] gp address 00000000
[    1.2749] (VMManager) Pausing...
[    1.2750] (VMManager) Resuming...
[    1.2866] Failed to inhibit screen saver.
[    1.2867] EE/iR5900 Recompiler Reset
[    1.3026] # Restart Without Memory Clear.
[    1.3157] # Initialize GS ...
[    1.3157] # Initialize INTC ...
[    1.3158] # Initialize TIMER ...
[    1.3158] # Initialize DMAC ...
[    1.3159] # Initialize VU1 ...
[    1.3160] # Initialize VIF1 ...
[    1.3161] # Initialize GIF ...
[    1.3161] # Initialize VU0 ...
[    1.3163] # Initialize VIF0 ...
[    1.3163] # Initialize IPU ...
[    1.3166] # Initialize FPU ...
[    1.3166] # Initialize Scratch Pad ...
[    1.3167] # Restart Without Memory Clear Done.
[    1.3169] ELF host:vehicle-playground.elf with entry point at 0x00100E78 is executing.
[    1.3170] ELF changed, active CRC 8967CAC6 (host:vehicle-playground.elf)
[    1.3174] Applying core settings...
[    1.3177] Debugger Settings Manager: Failed to read Saved Addresses array from settings file: '/home/spider/pool-lattice-fog-probe-a96-arm1-repeat3-20261005-v1/profile/PCSX2/inis/debuggersettings/vehicle-playground_8967CAC6.json'
[    1.3178] Updating CPU configuration...
[    1.3178] iR3000A Recompiler reset.
[    1.3179] Debugger Settings Manager: Failed to read Saved Addresses array from settings file: '/home/spider/pool-lattice-fog-probe-a96-arm1-repeat3-20261005-v1/profile/PCSX2/inis/debuggersettings/vehicle-playground_8967CAC6.json'
[    1.3401] iR3000A Recompiler reset.
[    1.3474] EE/iR5900 Recompiler Reset
[    1.3595] PINE: New client with FD 14 connected.
[    1.3600] PINE: Client disconnected.
[    1.3631] (VMManager) Pausing...
[    1.3633] EE/iR5900 Recompiler Reset
[    1.3785] EE/iR5900 Recompiler Reset
[    1.3939] iR3000A Recompiler reset.
[    1.3972] EE/iR5900 Recompiler Reset
[    1.4127] iR3000A Recompiler reset.
[    1.4161] EE/iR5900 Recompiler Reset
[    1.4336] iR3000A Recompiler reset.
[    1.4378] EE/iR5900 Recompiler Reset
[    1.4540] iR3000A Recompiler reset.
[    1.4576] EE/iR5900 Recompiler Reset
[    1.4608] PINE: New client with FD 14 connected.
[    1.4612] PINE: Client disconnected.
[    1.5867] PINE: New client with FD 14 connected.
[    1.5870] OSD [SaveStateSlot140]: Saving state to slot 140...
[    1.6160]   Saving SPU2
[    1.6166]   Saving GS
[    1.7161] OSD [SaveStateSlot140]: Saved state to slot 140.
[    1.7161] Zipping save state to '/home/spider/pool-lattice-fog-probe-a96-arm1-repeat3-20261005-v1/profile/PCSX2/sstates/vehicle-playground (8967CAC6).140.p2s' took 93.48 ms
[    2.8644] PINE: Client disconnected.
[    3.3872] PINE: New client with FD 14 connected.
[    3.3928] (VMManager) Resuming...
[    3.4063] Failed to inhibit screen saver.
[    3.4079] BIOS: Successfully found the instruction pattern. Assuming the thread list is here: 8001a640
[    3.4109] Warning: GetOsdConfigParam2 Reading extended language/version configs, may be incorrect!
[    3.4224] read/write allocate memory 4000
[    3.4225] open name host:/ps2link.run flag 1 data 41378
[    3.4230] open fd = -5
[    3.4261] Get Reboot Request From EE
[    3.4274] R3000 Debugger: Branch to 0x890 (SYSMEM). Clearing modules.
[    3.4293] RegisterLibraryEntries: excepman version 1.01
[    3.4304] RegisterLibraryEntries:  intrman version 1.02
[    3.4307] RegisterLibraryEntries:   ssbusc version 1.01
[    3.4314] RegisterLibraryEntries:  dmacman version 1.02
[    3.4318] RegisterLibraryEntries:  timrman version 1.01
[    3.4323] RegisterLibraryEntries:  sysclib version 1.01
[    3.4324] RegisterLibraryEntries:    stdio version 1.01
[    3.4325] RegisterLibraryEntries:  heaplib version 1.01
[    3.4347] RegisterLibraryEntries:   thbase version 1.01
[    3.4348] RegisterLibraryEntries:  thevent version 1.01
[    3.4349] RegisterLibraryEntries:  thsemap version 1.01
[    3.4349] RegisterLibraryEntries:  thmsgbx version 1.01
[    3.4349] RegisterLibraryEntries:  thfpool version 1.01
[    3.4349] RegisterLibraryEntries:  thvpool version 1.01
[    3.4359] RegisterLibraryEntries:   vblank version 1.01
[    3.4363] RegisterLibraryEntries:    ioman version 1.02
[    3.4373] RegisterLibraryEntries:  modload version 1.01
[    3.4464] RegisterLibraryEntries:   romdrv version 2.01
[    3.4467] RegisterLibraryEntries:    stdio version 1.02
[    3.4472] RegisterLibraryEntries:   sifman version 1.01
[    3.4476] 
[    3.4477] PlayStation 2 ======== Soft reboot
[    3.4484] RegisterLibraryEntries:   sifcmd version 1.01
[    3.4522] RegisterLibraryEntries:  cdvdman version 1.01
[    3.4537] RegisterLibraryEntries:  cdvdfsv version 1.01
[    3.4620] RegisterLibraryEntries:  secrman version 1.03
[    3.4622] RegisterLibraryEntries:   eesync version 1.01
[    3.4624] 
[    3.4624] IOP Realtime Kernel Ver.0.9.1
[    3.4624]     Copyright 1999 (C) Sony Computer Entertainment Inc. 
[    3.4628] Reboot service module.(99/11/10)
[    3.4647] [EE] Skipping timeout loop at 0x002D5340 -> 0x002D5360
[    3.4647] cdvd driver module version 0.1.1 (C)SCEI
[    3.4651] Load File service.(99/11/05)
[    3.4651] Multi Threaded Fileio module.(99/11/15) 
[    3.4651] iop heap service (99/11/03)
[    3.4825] RegisterLibraryEntries:   iomanx version 1.01
[    3.4839] fileXio: fileXio: fileXio RPC Server v1.00
[    3.4839] Copyright (c) 2003 adresd
[    3.4842] RegisterLibraryEntries:  sio2man version 2.07
[    3.4842] RegisterLibraryEntries:  sio2man version 1.02
[    3.4849] RegisterLibraryEntries:   padman version 1.02
[    3.4851] Pad Driver for OSD
[    3.4856] FREESD v1.01
[    3.4856] RegisterLibraryEntries:    libsd version 1.04
[    3.4932] PINE: Client disconnected.
[    3.4973] debug_level = 1 (ps2snd 0.1
[    3.4982] greetings from version 0.93 !
[    3.4982] RegisterLibraryEntries:   audsrv version 1.04
[    3.4983] audsrv_adpcm_init()
[    3.4996] UpdateVSyncRate: Mode Changed to SDTV 480p.
[    3.4997] Frame rate: 59.94, target speed: 1, target frame rate: 59.94, ticks per frame: 16683350
[    3.4997] Set GS CRTC configuration. SDTV   720x480 @ 59.94 Progressive (FRAME)
[    5.5864] read/write allocate memory 4000
[    5.5867] 
[    5.5870] -----------------------------------------
[    5.5870]         _____        ____   ___
[    5.5871]           |     /   ____| |___|
[    5.5871]           |     |   |     |   |
[    5.5872] -----------------------------------------
[    5.5872] Copyright 2022
[    5.5873] Repository: https://github.com/h4570/tyra
[    5.5873] Licensed under Apache License 2.0
[    5.5877] Version: 2.2.0
[    5.5878] -----------------------------------------
[    5.5878] 
[    5.7524] audsrv_adpcm_init()
[    5.7534] [EE] Skipping timeout loop at 0x00102CB0 -> 0x00102CD0
[    5.7861] Curent pad(0,0) status: EXECCMD
[    5.9843] Pad: DS2 Config Finished - P1/S1 - AL: Off - AB: Usable - VS: Disabled - VL: Disabled - RB: D (0x00000000)
[    6.0188] Curent pad(0,0) status: EXECCMD
[    6.0844] Pad: DS2 Config Finished - P1/S1 - AL: On - AB: Locked - VS: Disabled - VL: Disabled - RB: D (0x00000000)
[    6.2853] Pad: DS2 Config Finished - P1/S1 - AL: On - AB: Locked - VS: Disabled - VL: Disabled - RB: D (0x00000000)
[    6.3182] Curent pad(0,0) status: EXECCMD
[    6.5850] Pad: DS2 Config Finished - P1/S1 - AL: On - AB: Locked - VS: Disabled - VL: Disabled - RB: D+A+P (0x0003FFFF)
[    6.7852] Pad: DS2 Config Finished - P1/S1 - AL: On - AB: Locked - VS: Disabled - VL: Disabled - RB: D+A+P (0x0003FFFF)
[    6.8205] open name host:/pool2-probe.cfg flag 1 data 41378
[    6.8222] open fd = 256
[    6.8277] open name host:/hud/flare-corona.png flag 1 data 41378
[    6.8294] open fd = 256
[    6.8499] LOG: POOL2PROBE_CONFIG arm=1 vertices=96 members=1 repeats=3 package=75 alpha=128
[    6.8501] LOG: POOL2EEPROBE_CONFIG kind=8 clip=0 lazy=1 table=1 lattice=1 fog=1 fogStart=19 fogEnd=23 oracle=0
[    6.8511] FRAMEARENA allocated=1 bytes=1048576
[    6.8623] microVU1: Cached Prog = [000] [PC=18e0] [List=01] (Cache=0.000%) [0.0mb]
[    6.8632] microVU1: 3 cycle stall on branch instruction [2008]
[    6.8647] microVU1: Branch Optimization
[    6.8648] microVU1: Cached Prog = [001] [PC=2788] [List=01] (Cache=0.339%) [0.2mb]
[    6.8656] microVU1: 3 cycle stall on branch instruction [2008]
[    6.8671] microVU1: Branch Optimization
[    6.8784] LOG: POOL2EEPROBE_SOURCE clip=0 ready=0 total=96 generation=1 coldOracle=0
[    6.8785] LOG: POOL2PROBE_FRAME frame=1 cold=1 arm=1 eligible=0 applied=0 compared=0 mismatches=0
[    6.8922] LOG: POOL2EEPROBE_SOURCE clip=0 ready=0 total=96 generation=2 coldOracle=0
[    6.8923] LOG: POOL2PROBE_FRAME frame=2 cold=0 arm=1 eligible=0 applied=0 compared=0 mismatches=0
[    6.9042] LOG: POOL2EEPROBE_SOURCE clip=0 ready=0 total=96 generation=3 coldOracle=0
[    6.9043] LOG: POOL2PROBE_FRAME frame=3 cold=0 arm=1 eligible=0 applied=0 compared=0 mismatches=0
[    6.9044] LOG: POOL2PROBE_READY arm=1 vertices=96 repeats=3 completed=3 warmBypass=0
[    6.9044] (VMManager) Pausing...
[    6.9207] PINE: New client with FD 14 connected.
[    6.9211] PINE: Client disconnected.
[    7.0425] PINE: New client with FD 14 connected.
[    7.0429] OSD [SaveStateSlot201]: Saving state to slot 201...
[    7.0684]   Saving SPU2
[    7.0690]   Saving GS
[    7.1776] OSD [SaveStateSlot201]: Saved state to slot 201.
[    7.1776] Zipping save state to '/home/spider/pool-lattice-fog-probe-a96-arm1-repeat3-20261005-v1/profile/PCSX2/sstates/vehicle-playground (8967CAC6).201.p2s' took 102.52 ms
[    8.3513] PINE: Client disconnected.
