[    0.0147] Program Path: /home/spider/tyrax2-debugger-linux-v1/squashfs-root/usr/bin/pcsx2-qt
[    0.0148] AppRoot Directory: /home/spider/tyrax2-debugger-linux-v1/squashfs-root/usr/bin
[    0.0148] Resources Directory: /home/spider/tyrax2-debugger-linux-v1/squashfs-root/usr/bin/resources
[    0.0148] DataRoot Directory: /home/spider/night-ablation-emulator-pool2-ee-order1-20261005/profile/PCSX2
[    0.0148] Loading config from /home/spider/night-ablation-emulator-pool2-ee-order1-20261005/profile/PCSX2/inis/PCSX2.ini.
[    0.0151] Loading secrets from /home/spider/night-ablation-emulator-pool2-ee-order1-20261005/profile/PCSX2/inis/secrets.ini.
[    0.0154] BIOS Directory: /mnt/c/Users/pawel/OneDrive/Documents/PCSX2/bios
[    0.0154] Snapshots Directory: /home/spider/night-ablation-emulator-pool2-ee-order1-20261005/profile/PCSX2/snaps
[    0.0154] Savestates Directory: /home/spider/night-ablation-emulator-pool2-ee-order1-20261005/profile/PCSX2/sstates
[    0.0154] MemoryCards Directory: /home/spider/night-ablation-emulator-pool2-ee-order1-20261005/profile/PCSX2/memcards
[    0.0154] Logs Directory: /home/spider/night-ablation-emulator-pool2-ee-order1-20261005/profile/PCSX2/logs
[    0.0155] Cheats Directory: /home/spider/night-ablation-emulator-pool2-ee-order1-20261005/profile/PCSX2/cheats
[    0.0155] Patches Directory: /home/spider/night-ablation-emulator-pool2-ee-order1-20261005/profile/PCSX2/patches
[    0.0155] Covers Directory: /home/spider/night-ablation-emulator-pool2-ee-order1-20261005/profile/PCSX2/covers
[    0.0155] Game Settings Directory: /home/spider/night-ablation-emulator-pool2-ee-order1-20261005/profile/PCSX2/gamesettings
[    0.0155] Resources Directory: /home/spider/tyrax2-debugger-linux-v1/squashfs-root/usr/bin/resources
[    0.0155] User Resources Directory: /home/spider/night-ablation-emulator-pool2-ee-order1-20261005/profile/PCSX2/resources
[    0.0155] Cache Directory: /home/spider/night-ablation-emulator-pool2-ee-order1-20261005/profile/PCSX2/cache
[    0.0155] Textures Directory: /home/spider/night-ablation-emulator-pool2-ee-order1-20261005/profile/PCSX2/textures
[    0.0155] Input Profile Directory: /home/spider/night-ablation-emulator-pool2-ee-order1-20261005/profile/PCSX2/inputprofiles
[    0.0155] Video Dumping Directory: /home/spider/night-ablation-emulator-pool2-ee-order1-20261005/profile/PCSX2/videos
[    0.0155] Debugger Layouts Directory: /home/spider/night-ablation-emulator-pool2-ee-order1-20261005/profile/PCSX2/inis/debuggerlayouts
[    0.0156] Debugger Settings Directory: /home/spider/night-ablation-emulator-pool2-ee-order1-20261005/profile/PCSX2/inis/debuggersettings
[    0.0312] Loaded translation file for language en-US
[    0.0374] PCSX2 v2.9.93
[    0.0375] Savestate version: 0x9a590000
[    0.0375] 
[    0.0375] 
[    0.0375] Host Machine Init:
[    0.0376]   Operating System = Ubuntu 22.04
[    0.0376]   Available RAM    = 49107 MB (47.96 GB)
[    0.0376]   Physical RAM     = 50191 MB (49.02 GB)
[    0.0376] 
[    0.0376]   Processor        = AMD Ryzen Threadripper 1920X
[    0.0376]   Core Count       = 24 cores
[    0.0376]   Thread Count     = 24 threads
[    0.0376]   Cluster Count    = 1 clusters
[    0.0376] CPU Extensions Detected:
[    0.0376]   AVX AVX2
[    0.0376] 
[    0.0376] Allocating host memory for virtual systems...
[    0.0381]   EE Main Memory                   @ 0x00007F6047200000 -> 0x00007F6050100000 [143mb]
[    0.0381]   IOP Main Memory                  @ 0x00007F6050100000 -> 0x00007F6058200000 [129mb]
[    0.0381]   VU0/1 On-Chip Memory             @ 0x00007F6058200000 -> 0x00007F6058300000 [1mb]
[    0.0381]   VTLB Virtual Map                 @ 0x00007F6058300000 -> 0x00007F6058B00000 [8mb]
[    0.0381]   VTLB Address Map                 @ 0x00007F6058B00000 -> 0x00007F6058F00000 [4mb]
[    0.0381]   R5900 Recompiler Cache           @ 0x00007F6058F00000 -> 0x00007F605CF00000 [64mb]
[    0.0381]   R3000A Recompiler Cache          @ 0x00007F605CF00000 -> 0x00007F605EF00000 [32mb]
[    0.0382]   Micro VU0 Recompiler Cache       @ 0x00007F605FF00000 -> 0x00007F6063F00000 [64mb]
[    0.0382]   Micro VU1 Recompiler Cache       @ 0x00007F6063F00000 -> 0x00007F6067F00000 [64mb]
[    0.0382]   VIF0 Unpack Recompiler Cache     @ 0x00007F605EF00000 -> 0x00007F605F700000 [8mb]
[    0.0382]   VIF1 Unpack Recompiler Cache     @ 0x00007F605F700000 -> 0x00007F605FF00000 [8mb]
[    0.0382]   VIF Unpack Recompiler Cache      @ 0x00007F6067F00000 -> 0x00007F6068000000 [1mb]
[    0.0382]   GS Software Renderer             @ 0x00007F6068000000 -> 0x00007F606C000000 [64mb]
[    0.0398] Fastmem area: 0x7f5f47200000 - 0x7f60471fffff
[    0.0416] Generating SSE-optimized unpacking functions for VIF interpreters...
[    0.0419] Unpack function generation complete.  Generated function statistics:
[    0.0419]   Reserved buffer    : 1048576 bytes @ 0x00007F6067F00000
[    0.0419]   x86 code generated : 7422 bytes
[    0.0419] 
[    0.0423] SDLInputSource: Using Controller DB from resources.
[    0.0629] SDLInputSource: 765 gamepad mappings are loaded.
[    0.0630] Invalid binding: 'XInput-0/DPadUp'
[    0.0630] Invalid binding: 'XInput-0/DPadRight'
[    0.0630] Invalid binding: 'XInput-0/DPadDown'
[    0.0630] Invalid binding: 'XInput-0/DPadLeft'
[    0.0630] Invalid binding: 'XInput-0/Y'
[    0.0630] Invalid binding: 'XInput-0/B'
[    0.0630] Invalid binding: 'XInput-0/A'
[    0.0630] Invalid binding: 'XInput-0/X'
[    0.0630] Invalid binding: 'XInput-0/Back'
[    0.0631] Invalid binding: 'XInput-0/Start'
[    0.0631] Invalid binding: 'XInput-0/LeftShoulder'
[    0.0631] Invalid binding: 'XInput-0/+LeftTrigger'
[    0.0631] Invalid binding: 'XInput-0/RightShoulder'
[    0.0631] Invalid binding: 'XInput-0/+RightTrigger'
[    0.0631] Invalid binding: 'XInput-0/LeftStick'
[    0.0631] Invalid binding: 'XInput-0/RightStick'
[    0.0631] Invalid binding: 'XInput-0/Guide'
[    0.0631] Invalid binding: 'XInput-0/-LeftY'
[    0.0631] Invalid binding: 'XInput-0/+LeftX'
[    0.0631] Invalid binding: 'XInput-0/+LeftY'
[    0.0631] Invalid binding: 'XInput-0/-LeftX'
[    0.0631] Invalid binding: 'XInput-0/-RightY'
[    0.0632] Invalid binding: 'XInput-0/+RightX'
[    0.0632] Invalid binding: 'XInput-0/+RightY'
[    0.0632] Invalid binding: 'XInput-0/-RightX'
[    0.0636] Settings: Advanced Settings are enabled; only proceed if you know what you're doing! No support will be provided if you have the option enabled.
[    0.1073] Scanning F:\PS2\Games (recursively)
[    0.1106] Loading BIOS...
[    0.1230] BIOS Found: Europe  v02.00(14/06/2004)  Console 20040614-100914
[    0.1759] Mechacon version: 0x00020603
[    0.1772] Opening CDVD...
[    0.2070] Initializing Elf: 4484700 bytes
[    0.2080] Disc changed to .
[    0.2081]   Name: vehicle-playground [?]
[    0.2081]   Serial: vehicle-playground
[    0.2081]   Version: 
[    0.2081]   CRC: F38B4CC1
[    0.2081] No game settings found (tried '/home/spider/night-ablation-emulator-pool2-ee-order1-20261005/profile/PCSX2/gamesettings/F38B4CC1.ini')
[    0.2081] Applying settings...
[    0.2085] Invalid binding: 'XInput-0/DPadUp'
[    0.2085] Invalid binding: 'XInput-0/DPadRight'
[    0.2085] Invalid binding: 'XInput-0/DPadDown'
[    0.2085] Invalid binding: 'XInput-0/DPadLeft'
[    0.2085] Invalid binding: 'XInput-0/Y'
[    0.2085] Invalid binding: 'XInput-0/B'
[    0.2085] Invalid binding: 'XInput-0/A'
[    0.2085] Invalid binding: 'XInput-0/X'
[    0.2085] Invalid binding: 'XInput-0/Back'
[    0.2085] Invalid binding: 'XInput-0/Start'
[    0.2085] Invalid binding: 'XInput-0/LeftShoulder'
[    0.2085] Invalid binding: 'XInput-0/+LeftTrigger'
[    0.2085] Invalid binding: 'XInput-0/RightShoulder'
[    0.2085] Invalid binding: 'XInput-0/+RightTrigger'
[    0.2085] Invalid binding: 'XInput-0/LeftStick'
[    0.2085] Invalid binding: 'XInput-0/RightStick'
[    0.2085] Invalid binding: 'XInput-0/Guide'
[    0.2085] Invalid binding: 'XInput-0/-LeftY'
[    0.2085] Invalid binding: 'XInput-0/+LeftX'
[    0.2085] Invalid binding: 'XInput-0/+LeftY'
[    0.2086] Invalid binding: 'XInput-0/-LeftX'
[    0.2086] Invalid binding: 'XInput-0/-RightY'
[    0.2086] Invalid binding: 'XInput-0/+RightX'
[    0.2086] Invalid binding: 'XInput-0/+RightY'
[    0.2086] Invalid binding: 'XInput-0/-RightX'
[    0.2088] GameDB: Has not been initialized yet, initializing...
[    0.2583] GameDB: 12841 games on record (loaded in 49.50ms)
[    0.2609] Reopening memory cards...
[    0.2610] (FileMcd) Creating new 8MB memory card: /home/spider/night-ablation-emulator-pool2-ee-order1-20261005/profile/PCSX2/memcards/Mcd001.ps2
[    0.2708] McdSlot 0 [File]: Mcd001.ps2 [8 MB, UNFORMATTED]
[    0.2708] McdSlot 1 [File]: [disabled/empty filename]
[    0.2778] HLE Host: Set 'host:' root path to: /mnt/f/Projects/tyrax2-lab-20261001/wild-pool2-ee-physical-v2/game/bin
[    0.2782] EE/iR5900 Recompiler Reset
[    0.3212] iR3000A Recompiler reset.
[    0.3339] mVU Reset
[    0.3347] mVU Reset
[    0.3395] Resetting host memory for virtual systems...
[    0.5803] Time Zone Offset: GMT+01:00
[    0.5804] Time Zone Location: Berlin
[    0.5804] DST: Winter Time
[    0.5804] Time Format: 24-Hour
[    0.5804] Date Format: DD/MM/YYYY
[    0.5804] System Time Basis: Operating System Time
[    0.5804] Resulting System Time: 2026-10-05 12:30:13
[    0.5804] Close virtual disk tray
[    0.5804] Media already loaded (fast boot)
[    0.5804] Opening GS...
[    0.6178] VK: Enabling extension: VK_KHR_get_surface_capabilities2
[    0.6286] Using Vulkan GPU 'llvmpipe (LLVM 15.0.7, 256 bits)' for automatic renderer check.
[    0.6286] Not using Vulkan for software renderer.
[    0.6287] acquireRenderWindow() recreate=true fullscreen=false render_to_main=false surfaceless=false
[    0.6330] (GetRefreshRateFromXRandR) Modeline is invalid: 0/0/0
[    0.6330] Surface refresh rate: 60 Hz
[    0.6332] Loading EGL from libEGL.so...
[    0.6350] GLAD EGL Version: 1.0
[    0.6350] Using EGL platform EGL_EXT_platform_x11.
[    0.6464] eglInitialize() version: 1.5
[    0.6465] GLAD EGL Version: 1.5
[    0.6465] Trying GL version 4.6
[    0.6465] eglCreateContext() failed: 0x3009
[    0.6465] Trying GL version 4.5
[    0.6574] Got GL version 4.5
[    0.6574] EGL_MIN_SWAP_INTERVAL = 1
[    0.6574] EGL_MAX_SWAP_INTERVAL = 1
[    0.6574] Negative swap interval/tear-control is NOT supported
[    0.6600] GL_VENDOR: Mesa
[    0.6600] GL_VERSION: 4.5 (Core Profile) Mesa 23.2.1-1ubuntu3.1~22.04.4
[    0.6600] GL_RENDERER: llvmpipe (LLVM 15.0.7, 256 bits)
[    0.6600] GL_SHADING_LANGUAGE_VERSION: 4.50
[    0.6600] GL_MAX_VERTEX_SHADER_STORAGE_BLOCKS: 16
[    0.6600] GL: Viewport Array:            Supported       => Using: GL_ARB_viewport_array
[    0.6600] GL: Direct State Access:       Supported       => Using: OpenGL 4.5 Core
[    0.6600] GL: Copy Image:                Supported       => Using: OpenGL 4.3 Core
[    0.6600] GL: Clip Control:              Supported       => Using: OpenGL 4.5 Core
[    0.6600] GL: Conservative Depth:        Supported       => Using: OpenGL 4.2 Core
[    0.6600] GL: CAS Sharpening:            Supported       => Using: OpenGL 4.2 Core
[    0.6601] GL: Texture Barriers:          Auto            => Using: Framebuffer Fetch
[    0.6601] GL: RGBA16 HW Blending:        Supported       => Using: RGBA16 UNORM
[    0.6601] GL: Point Expansion:           Supported       => Using: Hardware
[    0.6601] GL: Line Expansion:            Fallback        => Using: Vertex Expansion
[    0.6601] GL: Sprite Expansion:          Supported       => Using: Vertex Expansion
[    0.6601] GL: DXTn Texture Compression:  Supported       => Using: GL_EXT_texture_compression_s3tc
[    0.6601] GL: BC6/7 Texture Compression: Supported       => Using: OpenGL 4.2 Core
[    0.6623] 1 program binary formats supported by driver
[    0.6996] Program binary retrieved, 4105 bytes, format 34655
[    0.7001] Program binary retrieved, 4121 bytes, format 34655
[    0.7006] Program binary retrieved, 4249 bytes, format 34655
[    0.7010] Program binary retrieved, 4013 bytes, format 34655
[    0.7014] Program binary retrieved, 4013 bytes, format 34655
[    0.7017] Program binary retrieved, 4017 bytes, format 34655
[    0.7022] Program binary retrieved, 4017 bytes, format 34655
[    0.7027] Program binary retrieved, 4185 bytes, format 34655
[    0.7031] Program binary retrieved, 4217 bytes, format 34655
[    0.7036] Program binary retrieved, 4137 bytes, format 34655
[    0.7040] Program binary retrieved, 4125 bytes, format 34655
[    0.7043] Program binary retrieved, 4121 bytes, format 34655
[    0.7049] Program binary retrieved, 4253 bytes, format 34655
[    0.7055] Program binary retrieved, 4237 bytes, format 34655
[    0.7060] Program binary retrieved, 4245 bytes, format 34655
[    0.7064] Program binary retrieved, 4261 bytes, format 34655
[    0.7069] Program binary retrieved, 4965 bytes, format 34655
[    0.7074] Program binary retrieved, 4981 bytes, format 34655
[    0.7078] Program binary retrieved, 4261 bytes, format 34655
[    0.7081] Program binary retrieved, 4277 bytes, format 34655
[    0.7087] Program binary retrieved, 5005 bytes, format 34655
[    0.7093] Program binary retrieved, 5021 bytes, format 34655
[    0.7097] Program binary retrieved, 4257 bytes, format 34655
[    0.7101] Program binary retrieved, 4273 bytes, format 34655
[    0.7107] Program binary retrieved, 5001 bytes, format 34655
[    0.7112] Program binary retrieved, 5017 bytes, format 34655
[    0.7116] Program binary retrieved, 4277 bytes, format 34655
[    0.7120] Program binary retrieved, 4293 bytes, format 34655
[    0.7125] Program binary retrieved, 5057 bytes, format 34655
[    0.7131] Program binary retrieved, 5073 bytes, format 34655
[    0.7135] Program binary retrieved, 4153 bytes, format 34655
[    0.7138] Program binary retrieved, 4169 bytes, format 34655
[    0.7142] Program binary retrieved, 4233 bytes, format 34655
[    0.7148] Program binary retrieved, 5781 bytes, format 34655
[    0.7153] Program binary retrieved, 5373 bytes, format 34655
[    0.7159] Program binary retrieved, 6389 bytes, format 34655
[    0.7163] Program binary retrieved, 4917 bytes, format 34655
[    0.7167] Program binary retrieved, 4845 bytes, format 34655
[    0.7172] Program binary retrieved, 4997 bytes, format 34655
[    0.7175] Program binary retrieved, 4101 bytes, format 34655
[    0.7208] Program binary retrieved, 4137 bytes, format 34655
[    0.7243] Program binary retrieved, 4109 bytes, format 34655
[    0.7247] Program binary retrieved, 5389 bytes, format 34655
[    0.7251] Program binary retrieved, 5829 bytes, format 34655
[    0.7256] Program binary retrieved, 5857 bytes, format 34655
[    0.7259] Program binary retrieved, 4289 bytes, format 34655
[    0.7283] Program binary retrieved, 21205 bytes, format 34655
[    0.7287] Program binary retrieved, 4765 bytes, format 34655
[    0.7293] Program binary retrieved, 5685 bytes, format 34655
[    0.7295] Program binary retrieved, 4141 bytes, format 34655
[    0.7299] Program binary retrieved, 4537 bytes, format 34655
[    0.7303] Program binary retrieved, 4889 bytes, format 34655
[    0.7306] Program binary retrieved, 4117 bytes, format 34655
[    0.7310] Program binary retrieved, 4741 bytes, format 34655
[    0.7314] Program binary retrieved, 4965 bytes, format 34655
[    0.7320] Program binary retrieved, 6613 bytes, format 34655
[    0.7324] Program binary retrieved, 4797 bytes, format 34655
[    0.7341] Program binary retrieved, 13085 bytes, format 34655
[    0.7406] Program binary retrieved, 7285 bytes, format 34655
[    0.7464] Program binary retrieved, 5497 bytes, format 34655
[    0.7467] Program binary retrieved, 4141 bytes, format 34655
[    0.7471] Program binary retrieved, 4141 bytes, format 34655
[    0.7475] Program binary retrieved, 4145 bytes, format 34655
[    0.7478] Program binary retrieved, 4145 bytes, format 34655
[    0.7954] Program binary retrieved, 5369 bytes, format 34655
[    0.7972] OpenGL Graphics Driver Info:
[    0.7972] OpenGL Context:
[    0.7972] 4.5 (Core Profile) Mesa 23.2.1-1ubuntu3.1~22.04.4
[    0.7973] Mesa llvmpipe (LLVM 15.0.7, 256 bits)
[    0.7973] GLSL: 4.50
[    0.8005] Processor count: 24 cores, 24 processors, 1 clusters
[    0.8005] Ordered processor list: 12, 23, 22, 21, 20, 19, 18, 17, 16, 15, 14, 13, 0, 11, 10, 9, 8, 7, 6, 5, 4, 3, 2, 1
[    0.8005] Not pinning SW threads, we need 4 processors, but only have 0
[    0.8009] Opening SPU2...
[    0.8023] Creating Null audio stream, sample rate = 48000, expansion = Disabled, buffer = 50, latency = 32, stretching enabled, driver = wasapi, device = 
[    0.8024] Allocated buffer of 2432 frames for buffer of 50 ms [expansion Disabled (block size 2048), stretch disabled, target size 2432].
[    0.8024] Initializing Pad...
[    0.8024] Initializing SIO2...
[    0.8024] Initializing SIO0...
[    0.8024] Opening DEV9...
[    0.8024] DEV9: DEV9init
[    0.8032] DEV9: DEV9init2
[    0.8032] DEV9: DEV9init3
[    0.8065] DEV9: DEV9init ok
[    0.8065] DEV9: DEV9open
[    0.8065] Opening USB...
[    0.8066] Opening FW...
[    0.8068] Frame rate: 59.94, target speed: 1, target frame rate: 59.94, ticks per frame: 16683350
[    0.8102] VM subsystems initialized in 699.73 ms
[    0.8139] MultiPause time: 144ns
[    0.8139] MultiPause time: 144ns
[    0.8140] MultiPause time: 142ns
[    0.8141] MultiPause time: 142ns
[    0.8212] Failed to inhibit screen saver.
[    0.8212] Processor order assignment: EE=12, VU=23, GS=22
[    0.8212]   EE thread is on processor 12 (0x1000)
[    0.8213]   VU thread is on processor 23 (0x800000)
[    0.8214]   GS thread is on processor 22 (0x400000)
[    0.8328] Failed to inhibit screen saver.
[    0.8552] # Initialize memory (rev:3.70, ctm:197Mhz, cpuclk:147Mhz detected)
[    0.8639] R3000 Debugger: Branch to 0x890 (SYSMEM). Clearing modules.
[    0.8655] RegisterLibraryEntries: excepman version 1.01
[    0.8664] RegisterLibraryEntries:  intrman version 1.02
[    0.8665] RegisterLibraryEntries:   ssbusc version 1.01
[    0.8668] RegisterLibraryEntries:  dmacman version 1.02
[    0.8673] RegisterLibraryEntries:  timrman version 1.01
[    0.8675] RegisterLibraryEntries:  sysclib version 1.01
[    0.8676] RegisterLibraryEntries:    stdio version 1.01
[    0.8677] RegisterLibraryEntries:  heaplib version 1.01
[    0.8681] FW: read mem 0x1f80847c: 0x10000001
[    0.8682] FW: write mem 0x1f808414: 0x417f0000
[    0.8682] FW: read mem 0x1f808400: 0xffc00001
[    0.8682] FW: write mem 0x1f80844c: 0xffffffff
[    0.8682] FW: write mem 0x1f808420: 0xffffffff
[    0.8682] FW: write mem 0x1f808428: 0xffffffff
[    0.8682] FW: write mem 0x1f808430: 0xffffffff
[    0.8692] RegisterLibraryEntries:   thbase version 1.01
[    0.8692] RegisterLibraryEntries:  thevent version 1.01
[    0.8692] RegisterLibraryEntries:  thsemap version 1.01
[    0.8693] RegisterLibraryEntries:  thmsgbx version 1.01
[    0.8693] RegisterLibraryEntries:  thfpool version 1.01
[    0.8694] RegisterLibraryEntries:  thvpool version 1.01
[    0.8701] RegisterLibraryEntries:   vblank version 1.01
[    0.8706] RegisterLibraryEntries:    ioman version 1.02
[    0.8712] RegisterLibraryEntries:  modload version 1.01
[    0.8717] RegisterLibraryEntries:   romdrv version 2.01
[    0.8719] RegisterLibraryEntries:    stdio version 1.02
[    0.8723] RegisterLibraryEntries:   sifman version 1.01
[    0.8726] 
[    0.8726] PlayStation 2 ======== Hard reset boot
[    0.8728]  ROMGEN=2004-0614, IOP info (CPUID=1f, CACH_CONFIG=0, 2MB, IOP mode)
[    0.8729]  <20040614-100914,ROMconf,PS20200EC20040614.bin:11696>
[    0.8817] # Total accessable memory size: 32 MB (B:2:8:0) (370:2:7c30)
[    0.8827] # TLB spad=0 kernel=1:12 default=13:30 extended=31:38
[    0.9493] # Initialize Start.
[    0.9498] # Initialize GS ...
[    0.9498] # Initialize INTC ...
[    0.9498] # Initialize TIMER ...
[    0.9499] # Initialize DMAC ...
[    0.9500] # Initialize VU1 ...
[    0.9503] # Initialize VIF1 ...
[    0.9504] # Initialize GIF ...
[    0.9505] # Initialize VU0 ...
[    0.9506] # Initialize VIF0 ...
[    0.9506] # Initialize IPU ...
[    0.9508] # Initialize FPU ...
[    0.9508] # Initialize User Memory ...
[    1.0070] # Initialize Scratch Pad ...
[    1.0070] # Initialize Done.
[    1.0078] 
[    1.0078] EE DECI2 Manager version 0.06 Feb  6 2003 08:38:48
[    1.0078]   CPUID=2e20, BoardID=0, ROMGEN=2004-0614, 32M
[    1.0078] 
[    1.0081] RegisterLibraryEntries:   sifcmd version 1.01
[    1.0389] Initializing Elf: 4484700 bytes
[    1.0419] ELF Loading: host:vehicle-playground.elf, Game CRC = F38B4CC1, EntryPoint = 0x00100E78
[    1.0449] RegisterLibraryEntries:  cdvdman version 1.01
[    1.0510] RegisterLibraryEntries:  cdvdfsv version 1.01
[    1.0525] RegisterLibraryEntries:  secrman version 1.03
[    1.0526] RegisterLibraryEntries:   eesync version 1.01
[    1.0528] 
[    1.0528] IOP Realtime Kernel Ver.0.9.1
[    1.0528]     Copyright 1999 (C) Sony Computer Entertainment Inc. 
[    1.0534] Reboot service module.(99/11/10)
[    1.0556] cdvd driver module version 0.1.1 (C)SCEI
[    1.0561] Load File service.(99/11/05)
[    1.0561] Multi Threaded Fileio module.(99/11/15) 
[    1.0562] iop heap service (99/11/03)
[    1.0759] loadelf: fname host:vehicle-playground.elf secname all
[    1.0760] loadelf version 3.30
[    1.0780] Input ELF format filename = host:vehicle-playground.elf
[    1.1232] 1 00100000 003fadbc ................................................................
[    1.1232] Loaded, host:vehicle-playground.elf
[    1.1233] start address 0x100e78
[    1.1233] gp address 00000000
[    1.1243] # Restart Without Memory Clear.
[    1.1301] # Initialize GS ...
[    1.1301] # Initialize INTC ...
[    1.1302] # Initialize TIMER ...
[    1.1302] # Initialize DMAC ...
[    1.1303] # Initialize VU1 ...
[    1.1306] # Initialize VIF1 ...
[    1.1307] # Initialize GIF ...
[    1.1307] # Initialize VU0 ...
[    1.1307] # Initialize VIF0 ...
[    1.1307] # Initialize IPU ...
[    1.1307] # Initialize FPU ...
[    1.1307] # Initialize Scratch Pad ...
[    1.1308] # Restart Without Memory Clear Done.
[    1.1309] ELF host:vehicle-playground.elf with entry point at 0x00100E78 is executing.
[    1.1310] ELF changed, active CRC F38B4CC1 (host:vehicle-playground.elf)
[    1.1314] Applying core settings...
[    1.1318] Updating CPU configuration...
[    1.1319] iR3000A Recompiler reset.
[    1.1362] mVU Reset
[    1.1366] mVU Reset
[    1.1540] iR3000A Recompiler reset.
[    1.1573] mVU Reset
[    1.1574] mVU Reset
[    1.1607] EE/iR5900 Recompiler Reset
[    1.1791] BIOS: Successfully found the instruction pattern. Assuming the thread list is here: 8001a640
[    1.1815] Warning: GetOsdConfigParam2 Reading extended language/version configs, may be incorrect!
[    1.1917] read/write allocate memory 4000
[    1.1918] open name host:/ps2link.run flag 1 data 41378
[    1.1921] open fd = -5
[    1.1950] Get Reboot Request From EE
[    1.1970] R3000 Debugger: Branch to 0x890 (SYSMEM). Clearing modules.
[    1.1996] RegisterLibraryEntries: excepman version 1.01
[    1.2010] RegisterLibraryEntries:  intrman version 1.02
[    1.2012] RegisterLibraryEntries:   ssbusc version 1.01
[    1.2019] RegisterLibraryEntries:  dmacman version 1.02
[    1.2026] RegisterLibraryEntries:  timrman version 1.01
[    1.2031] RegisterLibraryEntries:  sysclib version 1.01
[    1.2032] RegisterLibraryEntries:    stdio version 1.01
[    1.2034] RegisterLibraryEntries:  heaplib version 1.01
[    1.2059] RegisterLibraryEntries:   thbase version 1.01
[    1.2060] RegisterLibraryEntries:  thevent version 1.01
[    1.2060] RegisterLibraryEntries:  thsemap version 1.01
[    1.2061] RegisterLibraryEntries:  thmsgbx version 1.01
[    1.2061] RegisterLibraryEntries:  thfpool version 1.01
[    1.2062] RegisterLibraryEntries:  thvpool version 1.01
[    1.2072] RegisterLibraryEntries:   vblank version 1.01
[    1.2077] RegisterLibraryEntries:    ioman version 1.02
[    1.2088] RegisterLibraryEntries:  modload version 1.01
[    1.2145] RegisterLibraryEntries:   romdrv version 2.01
[    1.2148] RegisterLibraryEntries:    stdio version 1.02
[    1.2153] RegisterLibraryEntries:   sifman version 1.01
[    1.2158] 
[    1.2159] PlayStation 2 ======== Soft reboot
[    1.2165] RegisterLibraryEntries:   sifcmd version 1.01
[    1.2202] RegisterLibraryEntries:  cdvdman version 1.01
[    1.2218] RegisterLibraryEntries:  cdvdfsv version 1.01
[    1.2278] RegisterLibraryEntries:  secrman version 1.03
[    1.2280] RegisterLibraryEntries:   eesync version 1.01
[    1.2282] 
[    1.2282] IOP Realtime Kernel Ver.0.9.1
[    1.2282]     Copyright 1999 (C) Sony Computer Entertainment Inc. 
[    1.2286] Reboot service module.(99/11/10)
[    1.2305] [EE] Skipping timeout loop at 0x002D8CF0 -> 0x002D8D10
[    1.2305] cdvd driver module version 0.1.1 (C)SCEI
[    1.2308] Load File service.(99/11/05)
[    1.2309] Multi Threaded Fileio module.(99/11/15) 
[    1.2309] iop heap service (99/11/03)
[    1.2593] RegisterLibraryEntries:   iomanx version 1.01
[    1.2607] fileXio: fileXio: fileXio RPC Server v1.00
[    1.2607] Copyright (c) 2003 adresd
[    1.2610] RegisterLibraryEntries:  sio2man version 2.07
[    1.2611] RegisterLibraryEntries:  sio2man version 1.02
[    1.2618] RegisterLibraryEntries:   padman version 1.02
[    1.2619] Pad Driver for OSD
[    1.2623] FREESD v1.01
[    1.2624] RegisterLibraryEntries:    libsd version 1.04
[    1.2628] debug_level = 1 (ps2snd 0.1
[    1.2757] greetings from version 0.93 !
[    1.2758] RegisterLibraryEntries:   audsrv version 1.04
[    1.2758] audsrv_adpcm_init()
[    1.2769] UpdateVSyncRate: Mode Changed to SDTV 480p.
[    1.2770] Frame rate: 59.94, target speed: 1, target frame rate: 59.94, ticks per frame: 16683350
[    1.2770] Set GS CRTC configuration. SDTV   720x480 @ 59.94 Progressive (FRAME)
[    3.3661] read/write allocate memory 4000
[    3.3663] 
[    3.3667] -----------------------------------------
[    3.3667]         _____        ____   ___
[    3.3668]           |     /   ____| |___|
[    3.3668]           |     |   |     |   |
[    3.3669] -----------------------------------------
[    3.3669] Copyright 2022
[    3.3670] Repository: https://github.com/h4570/tyra
[    3.3670] Licensed under Apache License 2.0
[    3.3674] Version: 2.2.0
[    3.3676] -----------------------------------------
[    3.3676] 
[    3.5333] audsrv_adpcm_init()
[    3.5344] [EE] Skipping timeout loop at 0x00102CB0 -> 0x00102CD0
[    3.5664] Curent pad(0,0) status: EXECCMD
[    3.7629] Pad: DS2 Config Finished - P1/S1 - AL: Off - AB: Usable - VS: Disabled - VL: Disabled - RB: D (0x00000000)
[    3.8006] Curent pad(0,0) status: EXECCMD
[    3.8645] Pad: DS2 Config Finished - P1/S1 - AL: On - AB: Locked - VS: Disabled - VL: Disabled - RB: D (0x00000000)
[    4.0631] Pad: DS2 Config Finished - P1/S1 - AL: On - AB: Locked - VS: Disabled - VL: Disabled - RB: D (0x00000000)
[    4.0966] Curent pad(0,0) status: EXECCMD
[    4.3634] Pad: DS2 Config Finished - P1/S1 - AL: On - AB: Locked - VS: Disabled - VL: Disabled - RB: D+A+P (0x0003FFFF)
[    4.5642] Pad: DS2 Config Finished - P1/S1 - AL: On - AB: Locked - VS: Disabled - VL: Disabled - RB: D+A+P (0x0003FFFF)
[    4.6002] open name host:/night-ablation.cfg flag 1 data 41378
[    4.6017] open fd = 256
[    4.6054] open name host:/night-ablation.log flag 602 data 41378
[    4.6069] open fd = 256
[    4.6136] loadmodule: fname rom0:XMCMAN args 0 arg 
[    4.6237] RegisterLibraryEntries:    mcman version 2.03
[    4.6245] loadmodule: id 32, ret 0
[    4.6247] loadmodule: fname rom0:XMCSERV args 0 arg 
[    4.6250] RegisterLibraryEntries:   mcserv version 1.01
[    4.6251] loadmodule: id 33, ret 0
[    4.6252] [EE] Skipping timeout loop at 0x00104820 -> 0x00104840
[    4.9993] (FileMcd) Warning: checksum sector overwritten. (0)
[    4.9993] OSD [MemoryCardSave0]: Memory Card 'Mcd001.ps2' was saved to storage.
[    5.4682] (FileMcd) Warning: checksum sector overwritten. (0)
[    5.5731] open name host:/save/icon.sys flag 1 data 41378
[    5.5750] open fd = 257
[    5.6530] open name host:/save/list.icn flag 1 data 41378
[    5.6549] open fd = 257
[    5.8212] open name host:/menus/save.png flag 1 data 41378
[    5.8233] open fd = 257
[    5.8691] open name host:/hud/save-cursor.png flag 1 data 41378
[    5.8713] open fd = 257
[    5.8747] open name host:/hud/save-used.png flag 1 data 41378
[    5.8764] open fd = 257
[    5.8799] open name host:/hud/save-saved.png flag 1 data 41378
[    5.8819] open fd = 257
[    5.8942] open name host:/hud/save-loaded.png flag 1 data 41378
[    5.8965] open fd = 257
[    5.9005] open name host:/hud/save-error.png flag 1 data 41378
[    5.9023] open fd = 257
[    5.9057] open name host:/hud/save-busy.png flag 1 data 41378
[    5.9076] open fd = 257
[    5.9507] open name host:/hud/save-spinner.png flag 1 data 41378
[    5.9530] open fd = 257
[    5.9593] open name host:/menus/save.png flag 1 data 41378
[    5.9612] open fd = 257
[    6.0007] open name host:/menus/district-pause.png flag 1 data 41378
[    6.0029] open fd = 257
[    6.0328] open name host:/menus/district-pause-values.png flag 1 data 41378
[    6.0349] open fd = 257
[    6.0393] open name host:/hud/save-cursor.png flag 1 data 41378
[    6.0409] open fd = 257
[    6.0432] open name host:/hud/save-cursor.png flag 1 data 41378
[    6.0448] open fd = 257
[    6.0538] open name host:/hud/save-cursor.png flag 1 data 41378
[    6.0555] open fd = 257
[    6.0576] open name host:/hud/menu-dim.png flag 1 data 41378
[    6.0591] open fd = 257
[    6.0620] open name host:/hud/flare-corona.png flag 1 data 41378
[    6.0638] open fd = 257
[    6.0770] open name host:/hud/flashlight-gobo.png flag 1 data 41378
[    6.0787] open fd = 257
[    6.0915] open name host:/hud/flare-glow.png flag 1 data 41378
[    6.0938] open fd = 257
[    6.0974] open name host:/hud/sun-disc.png flag 1 data 41378
[    6.0989] open fd = 257
[    6.1097] open name host:/hud/moon-disc.png flag 1 data 41378
[    6.1115] open fd = 257
[    6.1398] open name host:/quiet-night.cfg flag 1 data 41378
[    6.1411] open fd = 257
[    6.1438] LOG: NIGHTPLAN schema=1 kind=7 order=1 joint=0 restored=0 phases=3
[    6.1441] LOG: NIGHTCONFIG order=1 valid=1 profile=0 hardwareTrace=0 ringBytes=0 ordinaryClocks=1 fixedDt=0 sampleBytes=6144 chunkBytes=420 phases=3 phaseFrames=1800 taxFirst=800 taxLoops=320 chunkFrames=64 sampleFirst=900 sampleCount=128 video=1 display=1 depth=2 width=448 height=448 refreshMilliHz=60000 requested=1 night=1
[    6.1441] LOG: NIGHTQUALITY rasterWidth=448 rasterHeight=448 scaleX=1 scaleY=1
[    6.1444] open name host:/hud/use-text.png flag 1 data 41378
[    6.1460] open fd = 257
[    6.1489] open name host:/hud/pick-text.png flag 1 data 41378
[    6.1505] open fd = 257
[    6.1533] open name host:/sfx/engine_idle.adpcm flag 1 data 41378
[    6.1549] open fd = 257
[    6.1723] open name host:/sfx/engine_high.adpcm flag 1 data 41378
[    6.1743] open fd = 257
[    6.1919] open name host:/sfx/tires_screech.adpcm flag 1 data 41378
[    6.1938] open fd = 257
[    6.1979] open name host:/sfx/gear-shift.adpcm flag 1 data 41378
[    6.2000] open fd = 257
[    6.2029] LOG: NIGHTPHASE phase=0 first=0 mask=0 appliedMask=0 sampler=1 countReads=262 samplePtr=0052c588
[    6.2030] LOG: NIGHTEXTRAPHASE phase=0 first=0 extraMask=0 appliedExtraMask=0
[    6.2030] LOG: NIGHTWILDPHASE phase=0 first=0 variant=0 enabled=0 appliedVariant=0 appliedEnabled=0
[    6.2031] LOG: NIGHTTABLEPHASE phase=0 first=0 selected=1 enabled=1 appliedSelected=1 appliedEnabled=1
[    6.2039] open name host:/launch.scene flag 1 data 41378
[    6.2043] open fd = -5
[    6.2046] open name host:/hud/loading.png flag 1 data 41378
[    6.2063] open fd = 257
[    6.2188] FRAMEARENA allocated=1 bytes=1048576
[    6.2891] open name host:/vehicles/veh-ravager000001-shadow.png flag 1 data 41378
[    6.2912] open fd = 257
[    6.2925] open name host:/vehicles/veh-ravager000001-shadow.png flag 1 data 41378
[    6.2947] open fd = 257
[    6.3243] open name host:/vehicles/veh-pica00000001-shadow.png flag 1 data 41378
[    6.3265] open fd = 257
[    6.3273] open name host:/vehicles/veh-pica00000001-shadow.png flag 1 data 41378
[    6.3290] open fd = 257
[    6.3347] open name host:/vehicles/veh-strix0000001-shadow.png flag 1 data 41378
[    6.3368] open fd = 257
[    6.3376] open name host:/vehicles/veh-strix0000001-shadow.png flag 1 data 41378
[    6.3396] open fd = 257
[    6.3537] open name host:/shadowatlas/scene0-0.png flag 1 data 41378
[    6.3558] open fd = 257
[    6.3567] open name host:/shadowatlas/scene0-0.png flag 1 data 41378
[    6.3584] open fd = 257
[    6.3735] open name host:/shadowatlas/scene0-1.png flag 1 data 41378
[    6.3756] open fd = 257
[    6.3764] open name host:/shadowatlas/scene0-1.png flag 1 data 41378
[    6.3781] open fd = 257
[    6.3931] open name host:/textures/district-ground.png flag 1 data 41378
[    6.3949] open fd = 257
[    6.3957] open name host:/textures/district-ground.png flag 1 data 41378
[    6.3974] open fd = 257
[    6.4208] open name host:/materials/district-asphalt.mtl flag 1 data 41378
[    6.4229] open fd = 257
[    6.4297] open name host:/textures/district-asphalt.png flag 1 data 41378
[    6.4313] open fd = 257
[    6.4321] open name host:/textures/district-asphalt.png flag 1 data 41378
[    6.4338] open fd = 257
[    6.4497] open name host:/materials/district-sign.mtl flag 1 data 41378
[    6.4515] open fd = 257
[    6.4538] open name host:/textures/district-sign.png flag 1 data 41378
[    6.4553] open fd = 257
[    6.4560] open name host:/textures/district-sign.png flag 1 data 41378
[    6.4574] open fd = 257
[    6.4608] open name host:/materials/night-warm.mtl flag 1 data 41378
[    6.4625] open fd = 257
[    6.4657] open name host:/materials/night-cyan.mtl flag 1 data 41378
[    6.4674] open fd = 257
[    6.4693] open name host:/materials/night-pink.mtl flag 1 data 41378
[    6.4709] open fd = 257
[    6.4732] open name host:/models/urban/district-workshop.tmdl flag 1 data 41378
[    6.4753] open fd = 257
[    6.4795] open name host:/models/urban/Textures/district-facades.png flag 1 data 41378
[    6.4822] open fd = 257
[    6.4832] open name host:/models/urban/Textures/district-facades.png flag 1 data 41378
[    6.4860] open fd = 257
[    6.5122] open name host:/models/urban/district-tower.tmdl flag 1 data 41378
[    6.5148] open fd = 257
[    6.5177] open name host:/models/urban/district-loft.tmdl flag 1 data 41378
[    6.5198] open fd = 257
[    6.5226] open name host:/models/urban/detail-light-double.tmdl flag 1 data 41378
[    6.5246] open fd = 257
[    6.5349] open name host:/models/urban/Textures/metal.png flag 1 data 41378
[    6.5380] open fd = 257
[    6.5390] open name host:/models/urban/Textures/metal.png flag 1 data 41378
[    6.5417] open fd = 257
[    6.5535] open name host:/models/urban/detail-light-traffic.tmdl flag 1 data 41378
[    6.5558] open fd = 257
[    6.5677] open name host:/models/urban/Textures/roof.png flag 1 data 41378
[    6.5707] open fd = 257
[    6.5718] open name host:/models/urban/Textures/roof.png flag 1 data 41378
[    6.5747] open fd = 257
[    6.5783] open name host:/models/urban/tree-park-large.tmdl flag 1 data 41378
[    6.5805] open fd = 257
[    6.5896] open name host:/models/urban/Textures/treeA.png flag 1 data 41378
[    6.5927] open fd = 257
[    6.5940] open name host:/models/urban/Textures/treeA.png flag 1 data 41378
[    6.5965] open fd = 257
[    6.6076] open name host:/models/urban/Textures/tiles.png flag 1 data 41378
[    6.6102] open fd = 257
[    6.6114] open name host:/models/urban/Textures/tiles.png flag 1 data 41378
[    6.6141] open fd = 257
[    6.6174] open name host:/models/urban/Textures/dirt.png flag 1 data 41378
[    6.6204] open fd = 257
[    6.6222] open name host:/models/urban/Textures/dirt.png flag 1 data 41378
[    6.6249] open fd = 257
[    6.6283] open name host:/models/urban/tree-park-pine-large.tmdl flag 1 data 41378
[    6.6303] open fd = 257
[    6.6387] open name host:/models/urban/Textures/treeB.png flag 1 data 41378
[    6.6415] open fd = 257
[    6.6425] open name host:/models/urban/Textures/treeB.png flag 1 data 41378
[    6.6450] open fd = 257
[    6.6477] open name host:/models/urban/detail-barrier-type-a.tmdl flag 1 data 41378
[    6.6501] open fd = 257
[    6.6626] open name host:/models/urban/Textures/signs.png flag 1 data 41378
[    6.6653] open fd = 257
[    6.6662] open name host:/models/urban/Textures/signs.png flag 1 data 41378
[    6.6685] open fd = 257
[    6.6713] open name host:/models/urban/detail-dumpster-closed.tmdl flag 1 data 41378
[    6.6735] open fd = 257
[    6.6771] open name host:/models/urban/Textures/metal_wall.png flag 1 data 41378
[    6.6795] open fd = 257
[    6.6804] open name host:/models/urban/Textures/metal_wall.png flag 1 data 41378
[    6.6833] open fd = 257
[    6.6868] open name host:/models/urban/Textures/wall.png flag 1 data 41378
[    6.6894] open fd = 257
[    6.6904] open name host:/models/urban/Textures/wall.png flag 1 data 41378
[    6.6928] open fd = 257
[    6.6958] open name host:/models/urban/detail-bench.tmdl flag 1 data 41378
[    6.6982] open fd = 257
[    6.7195] open name host:/models/urban/Textures/planks.png flag 1 data 41378
[    6.7227] open fd = 257
[    6.7239] open name host:/models/urban/Textures/planks.png flag 1 data 41378
[    6.7279] open fd = 257
[    6.7327] open name host:/models/urban/pallet.tmdl flag 1 data 41378
[    6.7354] open fd = 257
[    6.7470] open name host:/vehicles/veh-ravager000001-body.tmdl flag 1 data 41378
[    6.7490] open fd = 257
[    6.8900] open name host:/vehicles/veh-ravager000001-palette.png flag 1 data 41378
[    6.8917] open fd = 257
[    6.8992] open name host:/vehicles/veh-ravager000001-palette.png flag 1 data 41378
[    6.9014] open fd = 257
[    6.9162] open name host:/vehicles/veh-ravager000001-palette-image-0.png flag 1 data 41378
[    6.9182] open fd = 257
[    6.9190] open name host:/vehicles/veh-ravager000001-palette-image-0.png flag 1 data 41378
[    6.9207] open fd = 257
[    6.9412] open name host:/vehicles/veh-pica00000001-body.tmdl flag 1 data 41378
[    6.9433] open fd = 257
[    7.0599] open name host:/vehicles/veh-pica00000001-palette.png flag 1 data 41378
[    7.0617] open fd = 257
[    7.0624] open name host:/vehicles/veh-pica00000001-palette.png flag 1 data 41378
[    7.0638] open fd = 257
[    7.0659] open name host:/vehicles/veh-pica00000001-palette-image-0.png flag 1 data 41378
[    7.0674] open fd = 257
[    7.0682] open name host:/vehicles/veh-pica00000001-palette-image-0.png flag 1 data 41378
[    7.0698] open fd = 257
[    7.0936] open name host:/vehicles/veh-strix0000001-body.tmdl flag 1 data 41378
[    7.0955] open fd = 257
[    7.2526] open name host:/vehicles/veh-strix0000001-palette.png flag 1 data 41378
[    7.2547] open fd = 257
[    7.2560] open name host:/vehicles/veh-strix0000001-palette.png flag 1 data 41378
[    7.2578] open fd = 257
[    7.2603] open name host:/vehicles/veh-strix0000001-palette-image-0.png flag 1 data 41378
[    7.2624] open fd = 257
[    7.2633] open name host:/vehicles/veh-strix0000001-palette-image-0.png flag 1 data 41378
[    7.2653] open fd = 257
[    7.2911] open name host:/sky/scene0.png flag 1 data 41378
[    7.2931] open fd = 257
[    7.2939] open name host:/sky/scene0.png flag 1 data 41378
[    7.2953] open fd = 257
[    7.5700] open name host:/vehicles/fx-skid.png flag 1 data 41378
[    7.5720] open fd = 257
[    7.5728] open name host:/vehicles/fx-skid.png flag 1 data 41378
[    7.5743] open fd = 257
[    7.5897] open name host:/vehicles/fx-smoke.png flag 1 data 41378
[    7.5917] open fd = 257
[    7.5926] open name host:/vehicles/fx-smoke.png flag 1 data 41378
[    7.5946] open fd = 257
[    7.5989] open name host:/vehicles/veh-ravager000001-wheel.tmdl flag 1 data 41378
[    7.6004] open fd = 257
[    7.6077] open name host:/vehicles/veh-ravager000001-wheelfast.tmdl flag 1 data 41378
[    7.6094] open fd = 257
[    7.6166] open name host:/fonts/atlas-default.png flag 1 data 41378
[    7.6182] open fd = 257
[    7.6321] open name host:/hud/icons.png flag 1 data 41378
[    7.6340] open fd = 257
[    7.6481] open name host:/hud/loading-white.png flag 1 data 41378
[    7.6503] open fd = 257
[    7.6528] open name host:/vehicles/veh-pica00000001-wheel.tmdl flag 1 data 41378
[    7.6544] open fd = 257
[    7.6624] open name host:/vehicles/veh-pica00000001-wheelfast.tmdl flag 1 data 41378
[    7.6644] open fd = 257
[    7.6711] open name host:/vehicles/veh-strix0000001-wheel.tmdl flag 1 data 41378
[    7.6728] open fd = 257
[    7.6869] open name host:/vehicles/veh-strix0000001-wheelfast.tmdl flag 1 data 41378
[    7.6886] open fd = 257
[    7.7004] open name host:/textures/district-road.png flag 1 data 41378
[    7.7024] open fd = 257
[    7.7033] open name host:/textures/district-road.png flag 1 data 41378
[    7.7050] open fd = 257
[    7.8039] open name host:/textures/district-asphalt.png flag 1 data 41378
[    7.8058] open fd = 257
[    7.8065] open name host:/textures/district-asphalt.png flag 1 data 41378
[    7.8080] open fd = 257
[    7.8205] open name host:/textures/district-plaza.png flag 1 data 41378
[    7.8223] open fd = 257
[    7.8231] open name host:/textures/district-plaza.png flag 1 data 41378
[    7.8249] open fd = 257
[    7.8579] open name host:/gshadow/s0_2_1.png flag 1 data 41378
[    7.8597] open fd = 257
[    7.8604] open name host:/gshadow/s0_2_1.png flag 1 data 41378
[    7.8623] open fd = 257
[    7.8754] open name host:/gshadow/s0_1_1.png flag 1 data 41378
[    7.8772] open fd = 257
[    7.8780] open name host:/gshadow/s0_1_1.png flag 1 data 41378
[    7.8796] open fd = 257
[    7.8830] open name host:/gshadow/s0_3_1.png flag 1 data 41378
[    7.8845] open fd = 257
[    7.8850] open name host:/gshadow/s0_3_1.png flag 1 data 41378
[    7.8871] open fd = 257
[    7.8910] open name host:/gshadow/s0_2_2.png flag 1 data 41378
[    7.8932] open fd = 257
[    7.9005] open name host:/gshadow/s0_2_2.png flag 1 data 41378
[    7.9023] open fd = 257
[    7.9058] open name host:/gshadow/s0_1_2.png flag 1 data 41378
[    7.9076] open fd = 257
[    7.9082] open name host:/gshadow/s0_1_2.png flag 1 data 41378
[    7.9099] open fd = 257
[    7.9134] open name host:/gshadow/s0_3_2.png flag 1 data 41378
[    7.9150] open fd = 257
[    7.9157] open name host:/gshadow/s0_3_2.png flag 1 data 41378
[    7.9174] open fd = 257
[    7.9378] open name host:/gshadow/s0_0_1.png flag 1 data 41378
[    7.9398] open fd = 257
[    7.9405] open name host:/gshadow/s0_0_1.png flag 1 data 41378
[    7.9422] open fd = 257
[    7.9455] open name host:/gshadow/s0_4_1.png flag 1 data 41378
[    7.9473] open fd = 257
[    7.9484] open name host:/gshadow/s0_4_1.png flag 1 data 41378
[    7.9500] open fd = 257
[    7.9530] open name host:/gshadow/s0_4_0.png flag 1 data 41378
[    7.9548] open fd = 257
[    7.9554] open name host:/gshadow/s0_4_0.png flag 1 data 41378
[    7.9569] open fd = 257
[    7.9679] open name host:/gshadow/s0_2_3.png flag 1 data 41378
[    7.9696] open fd = 257
[    7.9703] open name host:/gshadow/s0_2_3.png flag 1 data 41378
[    7.9718] open fd = 257
[    7.9750] open name host:/gshadow/s0_0_2.png flag 1 data 41378
[    7.9765] open fd = 257
[    7.9771] open name host:/gshadow/s0_0_2.png flag 1 data 41378
[    7.9787] open fd = 257
[    7.9888] open name host:/gshadow/s0_4_2.png flag 1 data 41378
[    7.9905] open fd = 257
[    7.9913] open name host:/gshadow/s0_4_2.png flag 1 data 41378
[    7.9928] open fd = 257
[    7.9966] open name host:/gshadow/s0_1_3.png flag 1 data 41378
[    7.9981] open fd = 257
[    7.9987] open name host:/gshadow/s0_1_3.png flag 1 data 41378
[    8.0002] open fd = 257
[    8.0109] open name host:/gshadow/s0_3_3.png flag 1 data 41378
[    8.0128] open fd = 257
[    8.0137] open name host:/gshadow/s0_3_3.png flag 1 data 41378
[    8.0151] open fd = 257
[    8.0181] open name host:/gshadow/s0_0_3.png flag 1 data 41378
[    8.0197] open fd = 257
[    8.0203] open name host:/gshadow/s0_0_3.png flag 1 data 41378
[    8.0219] open fd = 257
[    8.0255] open name host:/gshadow/s0_4_3.png flag 1 data 41378
[    8.0273] open fd = 257
[    8.0280] open name host:/gshadow/s0_4_3.png flag 1 data 41378
[    8.0295] open fd = 257
[    8.7856] microVU1: Cached Prog = [000] [PC=2590] [List=01] (Cache=0.000%) [0.0mb]
[    8.7865] microVU1: 3 cycle stall on branch instruction [2c28]
[    8.7875] microVU1: Cached Prog = [001] [PC=1a30] [List=01] (Cache=0.243%) [0.1mb]
[    8.7875] microVU1: 1 cycle stall on branch instruction [1ae8]
[    8.7875] microVU1: 3 cycle stall on branch instruction [1ba0]
[    8.7878] microVU1: 3 cycle stall on branch instruction [2520]
[    8.7878] microVU1: 3 cycle stall on branch instruction [1ba0]
[    8.7881] microVU1: 3 cycle stall on branch instruction [2520]
[    8.7881] microVU1: 3 cycle stall on branch instruction [1ba0]
[    8.7882] microVU1: 3 cycle stall on branch instruction [2520]
[    8.7883] microVU1: 3 cycle stall on branch instruction [1ba0]
[    8.7886] microVU1: 3 cycle stall on branch instruction [2520]
[    8.7887] microVU1: 3 cycle stall on branch instruction [1ba0]
[    8.7890] microVU1: 3 cycle stall on branch instruction [2520]
[    8.7890] microVU1: 3 cycle stall on branch instruction [1ba0]
[    8.7892] microVU1: 3 cycle stall on branch instruction [2520]
[    8.7892] microVU1: 3 cycle stall on branch instruction [1ba0]
[    8.7894] microVU1: 3 cycle stall on branch instruction [2520]
[    8.7895] microVU1: 3 cycle stall on branch instruction [1ba0]
[    8.7895] microVU1: 3 cycle stall on branch instruction [1fc0]
[    8.7897] microVU1: 3 cycle stall on branch instruction [2520]
[    8.7897] microVU1: 3 cycle stall on branch instruction [1ba0]
[    8.7898] microVU1: 3 cycle stall on branch instruction [2520]
[    8.7898] microVU1: 3 cycle stall on branch instruction [1ba0]
[    8.7903] microVU1: 3 cycle stall on branch instruction [2520]
[    8.7903] microVU1: 3 cycle stall on branch instruction [1ba0]
[    8.7904] microVU1: 3 cycle stall on branch instruction [2520]
[    8.7904] microVU1: 3 cycle stall on branch instruction [1ba0]
[    8.7909] microVU1: 3 cycle stall on branch instruction [2520]
[    8.7909] microVU1: 3 cycle stall on branch instruction [1ba0]
[    8.7912] microVU1: 3 cycle stall on branch instruction [2520]
[    8.7912] microVU1: 3 cycle stall on branch instruction [1ba0]
[    8.7915] microVU1: 3 cycle stall on branch instruction [2520]
[    8.7916] microVU1: 3 cycle stall on branch instruction [1ba0]
[    8.7921] microVU1: 3 cycle stall on branch instruction [1fc0]
[    8.7922] microVU1: 3 cycle stall on branch instruction [2520]
[    8.7922] microVU1: 3 cycle stall on branch instruction [1ba0]
[    8.7923] microVU1: 3 cycle stall on branch instruction [1fc0]
[    8.7925] microVU1: 3 cycle stall on branch instruction [1fc0]
[    8.7925] microVU1: 3 cycle stall on branch instruction [2520]
[    8.7926] microVU1: 3 cycle stall on branch instruction [1ba0]
[    8.7927] microVU1: 3 cycle stall on branch instruction [1fc0]
[    8.7928] microVU1: 3 cycle stall on branch instruction [1fc0]
[    8.7930] microVU1: 3 cycle stall on branch instruction [1fc0]
[    8.7931] microVU1: 3 cycle stall on branch instruction [1fc0]
[    8.7932] microVU1: 3 cycle stall on branch instruction [1fc0]
[    8.7933] microVU1: 3 cycle stall on branch instruction [1fc0]
[    8.7936] microVU1: 3 cycle stall on branch instruction [1fc0]
[    8.7936] microVU1: 3 cycle stall on branch instruction [1fc0]
[    8.7937] microVU1: 3 cycle stall on branch instruction [1fc0]
[    8.7938] microVU1: 3 cycle stall on branch instruction [1fc0]
[    8.7939] microVU1: 3 cycle stall on branch instruction [1fc0]
[    8.7941] microVU1: 3 cycle stall on branch instruction [1fc0]
[    8.7943] microVU1: 3 cycle stall on branch instruction [1ba0]
[    8.7944] microVU1: Cached Prog = [002] [PC=2578] [List=01] (Cache=0.963%) [0.6mb]
[    8.7944] microVU1: 1 cycle stall on branch instruction [1ae8]
[    8.7944] microVU1: 3 cycle stall on branch instruction [1ba0]
[    8.7948] microVU1: 3 cycle stall on branch instruction [2520]
[    8.7948] microVU1: 3 cycle stall on branch instruction [1ba0]
[    8.7951] microVU1: 3 cycle stall on branch instruction [2520]
[    8.7951] microVU1: 3 cycle stall on branch instruction [1ba0]
[    8.7952] microVU1: 3 cycle stall on branch instruction [2520]
[    8.7952] microVU1: 3 cycle stall on branch instruction [1ba0]
[    8.7956] microVU1: 3 cycle stall on branch instruction [2520]
[    8.7956] microVU1: 3 cycle stall on branch instruction [1ba0]
[    8.7959] microVU1: 3 cycle stall on branch instruction [2520]
[    8.7959] microVU1: 3 cycle stall on branch instruction [1ba0]
[    8.7960] microVU1: 3 cycle stall on branch instruction [2520]
[    8.7961] microVU1: 3 cycle stall on branch instruction [1ba0]
[    8.7962] microVU1: 3 cycle stall on branch instruction [2520]
[    8.7962] microVU1: 3 cycle stall on branch instruction [1ba0]
[    8.7963] microVU1: 3 cycle stall on branch instruction [1fc0]
[    8.7964] microVU1: 3 cycle stall on branch instruction [2520]
[    8.7964] microVU1: 3 cycle stall on branch instruction [1ba0]
[    8.7965] microVU1: 3 cycle stall on branch instruction [2520]
[    8.7966] microVU1: 3 cycle stall on branch instruction [1ba0]
[    8.7970] microVU1: 3 cycle stall on branch instruction [2520]
[    8.7970] microVU1: 3 cycle stall on branch instruction [1ba0]
[    8.7971] microVU1: 3 cycle stall on branch instruction [2520]
[    8.7971] microVU1: 3 cycle stall on branch instruction [1ba0]
[    8.7976] microVU1: 3 cycle stall on branch instruction [2520]
[    8.7976] microVU1: 3 cycle stall on branch instruction [1ba0]
[    8.7978] microVU1: 3 cycle stall on branch instruction [2520]
[    8.7978] microVU1: 3 cycle stall on branch instruction [1ba0]
[    8.7981] microVU1: 3 cycle stall on branch instruction [2520]
[    8.7981] microVU1: 3 cycle stall on branch instruction [1ba0]
[    8.7987] microVU1: 3 cycle stall on branch instruction [1fc0]
[    8.7987] microVU1: 3 cycle stall on branch instruction [2520]
[    8.7988] microVU1: 3 cycle stall on branch instruction [1ba0]
[    8.7989] microVU1: 3 cycle stall on branch instruction [1fc0]
[    8.7990] microVU1: 3 cycle stall on branch instruction [1fc0]
[    8.7991] microVU1: 3 cycle stall on branch instruction [2520]
[    8.7991] microVU1: 3 cycle stall on branch instruction [1ba0]
[    8.7992] microVU1: 3 cycle stall on branch instruction [1fc0]
[    8.7993] microVU1: 3 cycle stall on branch instruction [1fc0]
[    8.7995] microVU1: 3 cycle stall on branch instruction [1fc0]
[    8.7995] microVU1: 3 cycle stall on branch instruction [1fc0]
[    8.7997] microVU1: 3 cycle stall on branch instruction [1fc0]
[    8.7998] microVU1: 3 cycle stall on branch instruction [1fc0]
[    8.7999] microVU1: 3 cycle stall on branch instruction [1fc0]
[    8.8001] microVU1: 3 cycle stall on branch instruction [1fc0]
[    8.8002] microVU1: 3 cycle stall on branch instruction [1fc0]
[    8.8012] microVU1: 3 cycle stall on branch instruction [1fc0]
[    8.8013] microVU1: 3 cycle stall on branch instruction [1fc0]
[    8.8014] microVU1: 3 cycle stall on branch instruction [1fc0]
[    8.8015] microVU1: 3 cycle stall on branch instruction [1ba0]
[    8.8017] microVU1: Cached Prog = [003] [PC=3130] [List=01] (Cache=1.682%) [1.0mb]
[    8.8026] microVU1: 3 cycle stall on branch instruction [2c28]
[    8.8042] microVU1: Cached Prog = [004] [PC=0000] [List=01] (Cache=1.926%) [1.2mb]
[    8.8054] microVU1: Cached Prog = [005] [PC=0710] [List=01] (Cache=2.019%) [1.2mb]
[    8.8054] microVU1: 2 cycle stall on branch instruction [07c8]
[    8.8057] microVU1: 3 cycle stall on branch instruction [1108]
[    8.8057] microVU1: 3 cycle stall on branch instruction [1130]
[    8.8060] microVU1: 3 cycle stall on branch instruction [1108]
[    8.8060] microVU1: 3 cycle stall on branch instruction [1130]
[    8.8061] microVU1: 3 cycle stall on branch instruction [1108]
[    8.8061] microVU1: 3 cycle stall on branch instruction [1130]
[    8.8064] microVU1: 3 cycle stall on branch instruction [1108]
[    8.8065] microVU1: 3 cycle stall on branch instruction [1130]
[    8.8067] microVU1: 3 cycle stall on branch instruction [1108]
[    8.8068] microVU1: 3 cycle stall on branch instruction [1130]
[    8.8069] microVU1: 3 cycle stall on branch instruction [1108]
[    8.8069] microVU1: 3 cycle stall on branch instruction [1130]
[    8.8071] microVU1: 3 cycle stall on branch instruction [1108]
[    8.8071] microVU1: 3 cycle stall on branch instruction [1130]
[    8.8072] microVU1: 3 cycle stall on branch instruction [09e8]
[    8.8072] microVU1: 3 cycle stall on branch instruction [0a70]
[    8.8073] microVU1: 3 cycle stall on branch instruction [1108]
[    8.8073] microVU1: 3 cycle stall on branch instruction [1130]
[    8.8076] microVU1: 3 cycle stall on branch instruction [1108]
[    8.8076] microVU1: 3 cycle stall on branch instruction [1130]
[    8.8077] microVU1: 3 cycle stall on branch instruction [1108]
[    8.8077] microVU1: 3 cycle stall on branch instruction [1130]
[    8.8082] microVU1: 3 cycle stall on branch instruction [1108]
[    8.8082] microVU1: 3 cycle stall on branch instruction [1130]
[    8.8085] microVU1: 3 cycle stall on branch instruction [1108]
[    8.8085] microVU1: 3 cycle stall on branch instruction [1130]
[    8.8086] microVU1: 3 cycle stall on branch instruction [1108]
[    8.8086] microVU1: 3 cycle stall on branch instruction [1130]
[    8.8092] microVU1: 3 cycle stall on branch instruction [1108]
[    8.8092] microVU1: 3 cycle stall on branch instruction [1130]
[    8.8093] microVU1: 3 cycle stall on branch instruction [09e8]
[    8.8093] microVU1: 3 cycle stall on branch instruction [0a70]
[    8.8097] microVU1: 3 cycle stall on branch instruction [09e8]
[    8.8097] microVU1: 3 cycle stall on branch instruction [0a70]
[    8.8099] microVU1: 3 cycle stall on branch instruction [09e8]
[    8.8099] microVU1: 3 cycle stall on branch instruction [0a70]
[    8.8101] microVU1: 3 cycle stall on branch instruction [1108]
[    8.8101] microVU1: 3 cycle stall on branch instruction [1130]
[    8.8102] microVU1: 3 cycle stall on branch instruction [09e8]
[    8.8102] microVU1: 3 cycle stall on branch instruction [0a70]
[    8.8103] microVU1: 3 cycle stall on branch instruction [09e8]
[    8.8104] microVU1: 3 cycle stall on branch instruction [0a70]
[    8.8105] microVU1: 3 cycle stall on branch instruction [1108]
[    8.8105] microVU1: 3 cycle stall on branch instruction [1130]
[    8.8107] microVU1: 3 cycle stall on branch instruction [09e8]
[    8.8107] microVU1: 3 cycle stall on branch instruction [0a70]
[    8.8109] microVU1: 3 cycle stall on branch instruction [09e8]
[    8.8109] microVU1: 3 cycle stall on branch instruction [0a70]
[    8.8110] microVU1: 3 cycle stall on branch instruction [09e8]
[    8.8110] microVU1: 3 cycle stall on branch instruction [0a70]
[    8.8112] microVU1: 3 cycle stall on branch instruction [09e8]
[    8.8112] microVU1: 3 cycle stall on branch instruction [0a70]
[    8.8114] microVU1: 3 cycle stall on branch instruction [09e8]
[    8.8115] microVU1: 3 cycle stall on branch instruction [0a70]
[    8.8116] microVU1: 3 cycle stall on branch instruction [09e8]
[    8.8117] microVU1: 3 cycle stall on branch instruction [0a70]
[    8.8118] microVU1: 3 cycle stall on branch instruction [09e8]
[    8.8119] microVU1: 3 cycle stall on branch instruction [0a70]
[    8.8121] microVU1: 3 cycle stall on branch instruction [09e8]
[    8.8121] microVU1: 3 cycle stall on branch instruction [0a70]
[    8.8123] microVU1: 3 cycle stall on branch instruction [09e8]
[    8.8123] microVU1: 3 cycle stall on branch instruction [0a70]
[    8.8125] microVU1: 3 cycle stall on branch instruction [09e8]
[    8.8125] microVU1: 3 cycle stall on branch instruction [0a70]
[    8.8126] microVU1: 3 cycle stall on branch instruction [07f0]
[    8.8127] microVU1: Cached Prog = [006] [PC=1188] [List=01] (Cache=2.820%) [1.7mb]
[    8.8128] microVU1: 2 cycle stall on branch instruction [07c8]
[    8.8130] microVU1: 3 cycle stall on branch instruction [1108]
[    8.8131] microVU1: 3 cycle stall on branch instruction [1130]
[    8.8133] microVU1: 3 cycle stall on branch instruction [1108]
[    8.8134] microVU1: 3 cycle stall on branch instruction [1130]
[    8.8135] microVU1: 3 cycle stall on branch instruction [1108]
[    8.8135] microVU1: 3 cycle stall on branch instruction [1130]
[    8.8138] microVU1: 3 cycle stall on branch instruction [1108]
[    8.8138] microVU1: 3 cycle stall on branch instruction [1130]
[    8.8140] microVU1: 3 cycle stall on branch instruction [1108]
[    8.8141] microVU1: 3 cycle stall on branch instruction [1130]
[    8.8142] microVU1: 3 cycle stall on branch instruction [1108]
[    8.8142] microVU1: 3 cycle stall on branch instruction [1130]
[    8.8144] microVU1: 3 cycle stall on branch instruction [1108]
[    8.8144] microVU1: 3 cycle stall on branch instruction [1130]
[    8.8144] microVU1: 3 cycle stall on branch instruction [09e8]
[    8.8144] microVU1: 3 cycle stall on branch instruction [0a70]
[    8.8145] microVU1: 3 cycle stall on branch instruction [1108]
[    8.8145] microVU1: 3 cycle stall on branch instruction [1130]
[    8.8148] microVU1: 3 cycle stall on branch instruction [1108]
[    8.8149] microVU1: 3 cycle stall on branch instruction [1130]
[    8.8150] microVU1: 3 cycle stall on branch instruction [1108]
[    8.8150] microVU1: 3 cycle stall on branch instruction [1130]
[    8.8154] microVU1: 3 cycle stall on branch instruction [1108]
[    8.8154] microVU1: 3 cycle stall on branch instruction [1130]
[    8.8157] microVU1: 3 cycle stall on branch instruction [1108]
[    8.8158] microVU1: 3 cycle stall on branch instruction [1130]
[    8.8159] microVU1: 3 cycle stall on branch instruction [1108]
[    8.8159] microVU1: 3 cycle stall on branch instruction [1130]
[    8.8164] microVU1: 3 cycle stall on branch instruction [1108]
[    8.8165] microVU1: 3 cycle stall on branch instruction [1130]
[    8.8165] microVU1: 3 cycle stall on branch instruction [09e8]
[    8.8166] microVU1: 3 cycle stall on branch instruction [0a70]
[    8.8169] microVU1: 3 cycle stall on branch instruction [09e8]
[    8.8169] microVU1: 3 cycle stall on branch instruction [0a70]
[    8.8171] microVU1: 3 cycle stall on branch instruction [09e8]
[    8.8171] microVU1: 3 cycle stall on branch instruction [0a70]
[    8.8173] microVU1: 3 cycle stall on branch instruction [1108]
[    8.8173] microVU1: 3 cycle stall on branch instruction [1130]
[    8.8174] microVU1: 3 cycle stall on branch instruction [09e8]
[    8.8174] microVU1: 3 cycle stall on branch instruction [0a70]
[    8.8175] microVU1: 3 cycle stall on branch instruction [09e8]
[    8.8176] microVU1: 3 cycle stall on branch instruction [0a70]
[    8.8178] microVU1: 3 cycle stall on branch instruction [1108]
[    8.8178] microVU1: 3 cycle stall on branch instruction [1130]
[    8.8179] microVU1: 3 cycle stall on branch instruction [09e8]
[    8.8179] microVU1: 3 cycle stall on branch instruction [0a70]
[    8.8181] microVU1: 3 cycle stall on branch instruction [09e8]
[    8.8181] microVU1: 3 cycle stall on branch instruction [0a70]
[    8.8183] microVU1: 3 cycle stall on branch instruction [09e8]
[    8.8183] microVU1: 3 cycle stall on branch instruction [0a70]
[    8.8185] microVU1: 3 cycle stall on branch instruction [09e8]
[    8.8185] microVU1: 3 cycle stall on branch instruction [0a70]
[    8.8187] microVU1: 3 cycle stall on branch instruction [09e8]
[    8.8188] microVU1: 3 cycle stall on branch instruction [0a70]
[    8.8189] microVU1: 3 cycle stall on branch instruction [09e8]
[    8.8189] microVU1: 3 cycle stall on branch instruction [0a70]
[    8.8191] microVU1: 3 cycle stall on branch instruction [09e8]
[    8.8191] microVU1: 3 cycle stall on branch instruction [0a70]
[    8.8193] microVU1: 3 cycle stall on branch instruction [09e8]
[    8.8193] microVU1: 3 cycle stall on branch instruction [0a70]
[    8.8194] microVU1: 3 cycle stall on branch instruction [09e8]
[    8.8195] microVU1: 3 cycle stall on branch instruction [0a70]
[    8.8196] microVU1: 3 cycle stall on branch instruction [09e8]
[    8.8196] microVU1: 3 cycle stall on branch instruction [0a70]
[    8.8198] microVU1: 3 cycle stall on branch instruction [07f0]
[    8.9220] microVU1: Cached Prog = [007] [PC=0700] [List=01] (Cache=3.621%) [2.2mb]
[    8.9230] microVU1: Cached Prog = [008] [PC=3140] [List=01] (Cache=3.715%) [2.3mb]
[    8.9234] microVU1: Cached Prog = [009] [PC=3520] [List=01] (Cache=3.767%) [2.3mb]
[    9.2033] microVU1: Cached Prog = [010] [PC=3830] [List=01] (Cache=3.819%) [2.3mb]
[    9.2035] microVU1: Cached Prog = [011] [PC=3b90] [List=01] (Cache=3.834%) [2.3mb]
[   22.0710] LOG: NIGHTCAMERA phase=0 offset=750 positionX=00000000 positionY=4028b437 positionZ=c2a19b64 lookX=00000000 lookY=3f9a5e32 lookZ=c2949b64 sceneGeneration=1 mask=0
[   22.0717] LOG: NIGHTCONTEXT phase=0 offset=750 scene=0 night=1 video=1 display=1 depth=2 width=448 height=448 refreshMilliHz=60000 requested=1 dtBits=3c888889 clockBits=00000000 rasterWidth=448 rasterHeight=448 scaleX=1 scaleY=1 ilChoice=0 ilProbing=0 ilBlock=0 ilFrame=58 ilAccepted=0 ilPipelined=1 frameYield=0
[   22.0920] LOG: NIGHTGATES phase=0 offset=750 first=750 frames=1 mask=0 attempted1=8 executed1=8 skipped1=0 submitted1=8 attempted2=4 executed2=4 skipped2=0 submitted2=5 attempted4=3 executed4=3 skipped4=0 submitted4=5 attempted8=4 executed8=4 skipped8=0 submitted8=1 attempted16=2 executed16=2 skipped16=0 submitted16=1 attempted32=0 executed32=0 skipped32=0 submitted32=0 attempted64=0 executed64=0 skipped64=0 submitted64=0
[   22.0926] LOG: NIGHTEXTRAGATES phase=0 offset=750 first=750 frames=1 extraMask=0 attempted1=1 executed1=1 skipped1=0 submitted1=1 attempted2=1 executed2=1 skipped2=0 submitted2=2 attempted4=2 executed4=2 skipped4=0 submitted4=2
[   22.0929] LOG: NIGHTWILDGATES phase=0 offset=750 first=750 frames=1 variant=0 enabled=0 planeInvocations=0 planeEligible=0 planeApplied=0 planeFallback=0 planeBoundary=0 planeNonfinite=0 planeColdCompared=0 planeColdMismatches=0 planeInputUnits=0 planeOutputUnits=0 planeInvalid=0 coneInvocations=0 coneEligible=0 coneApplied=0 coneFallback=0 coneBoundary=0 coneNonfinite=0 coneColdCompared=0 coneColdMismatches=0 coneInputUnits=0 coneOutputUnits=0 coneInvalid=0
[   22.0931] LOG: NIGHTTABLEGATES phase=0 offset=750 first=750 frames=1 selected=1 enabled=1 invocations=19 eligible=9 applied=9 fallback=10 sourceVertices=753 admittedVertices=618 baselineColorQwords=753 tableColorQwords=18 coldCompared=9 coldMismatches=0 invalid=0
[   29.4140] LOG: NIGHTCAMERA phase=0 offset=1155 positionX=00000000 positionY=4028b437 positionZ=c2a19b64 lookX=00000000 lookY=3f9a5e32 lookZ=c2949b64 sceneGeneration=1 mask=0
[   29.4143] LOG: NIGHTCONTEXT phase=0 offset=1155 scene=0 night=1 video=1 display=1 depth=2 width=448 height=448 refreshMilliHz=60000 requested=1 dtBits=3c888889 clockBits=00000000 rasterWidth=448 rasterHeight=448 scaleX=1 scaleY=1 ilChoice=0 ilProbing=0 ilBlock=0 ilFrame=13 ilAccepted=0 ilPipelined=1 frameYield=0
[   29.4326] LOG: NIGHTGATES phase=0 offset=1155 first=1155 frames=1 mask=0 attempted1=8 executed1=8 skipped1=0 submitted1=8 attempted2=4 executed2=4 skipped2=0 submitted2=5 attempted4=3 executed4=3 skipped4=0 submitted4=5 attempted8=4 executed8=4 skipped8=0 submitted8=1 attempted16=2 executed16=2 skipped16=0 submitted16=1 attempted32=0 executed32=0 skipped32=0 submitted32=0 attempted64=0 executed64=0 skipped64=0 submitted64=0
[   29.4330] LOG: NIGHTEXTRAGATES phase=0 offset=1155 first=1155 frames=1 extraMask=0 attempted1=1 executed1=1 skipped1=0 submitted1=1 attempted2=1 executed2=1 skipped2=0 submitted2=2 attempted4=2 executed4=2 skipped4=0 submitted4=2
[   29.4333] LOG: NIGHTWILDGATES phase=0 offset=1155 first=1155 frames=1 variant=0 enabled=0 planeInvocations=0 planeEligible=0 planeApplied=0 planeFallback=0 planeBoundary=0 planeNonfinite=0 planeColdCompared=0 planeColdMismatches=0 planeInputUnits=0 planeOutputUnits=0 planeInvalid=0 coneInvocations=0 coneEligible=0 coneApplied=0 coneFallback=0 coneBoundary=0 coneNonfinite=0 coneColdCompared=0 coneColdMismatches=0 coneInputUnits=0 coneOutputUnits=0 coneInvalid=0
[   29.4335] LOG: NIGHTTABLEGATES phase=0 offset=1155 first=1155 frames=1 selected=1 enabled=1 invocations=19 eligible=9 applied=9 fallback=10 sourceVertices=753 admittedVertices=618 baselineColorQwords=753 tableColorQwords=18 coldCompared=9 coldMismatches=0 invalid=0
[   41.0407] LOG: NIGHTPHASE phase=1 first=1800 mask=0 appliedMask=0 sampler=1 countReads=262 samplePtr=0052c588
[   41.0409] LOG: NIGHTEXTRAPHASE phase=1 first=1800 extraMask=0 appliedExtraMask=0
[   41.0412] LOG: NIGHTWILDPHASE phase=1 first=1800 variant=0 enabled=0 appliedVariant=0 appliedEnabled=0
[   41.0415] LOG: NIGHTTABLEPHASE phase=1 first=1800 selected=1 enabled=0 appliedSelected=1 appliedEnabled=0
[   54.8123] LOG: NIGHTCAMERA phase=1 offset=750 positionX=00000000 positionY=4028b437 positionZ=c2a19b64 lookX=00000000 lookY=3f9a5e32 lookZ=c2949b64 sceneGeneration=1 mask=0
[   54.8127] LOG: NIGHTCONTEXT phase=1 offset=750 scene=0 night=1 video=1 display=1 depth=2 width=448 height=448 refreshMilliHz=60000 requested=1 dtBits=3c888889 clockBits=00000000 rasterWidth=448 rasterHeight=448 scaleX=1 scaleY=1 ilChoice=0 ilProbing=0 ilBlock=0 ilFrame=58 ilAccepted=0 ilPipelined=1 frameYield=0
[   54.8327] LOG: NIGHTGATES phase=1 offset=750 first=750 frames=1 mask=0 attempted1=8 executed1=8 skipped1=0 submitted1=8 attempted2=4 executed2=4 skipped2=0 submitted2=5 attempted4=3 executed4=3 skipped4=0 submitted4=5 attempted8=4 executed8=4 skipped8=0 submitted8=1 attempted16=2 executed16=2 skipped16=0 submitted16=1 attempted32=0 executed32=0 skipped32=0 submitted32=0 attempted64=0 executed64=0 skipped64=0 submitted64=0
[   54.8332] LOG: NIGHTEXTRAGATES phase=1 offset=750 first=750 frames=1 extraMask=0 attempted1=1 executed1=1 skipped1=0 submitted1=1 attempted2=1 executed2=1 skipped2=0 submitted2=2 attempted4=2 executed4=2 skipped4=0 submitted4=2
[   54.8336] LOG: NIGHTWILDGATES phase=1 offset=750 first=750 frames=1 variant=0 enabled=0 planeInvocations=0 planeEligible=0 planeApplied=0 planeFallback=0 planeBoundary=0 planeNonfinite=0 planeColdCompared=0 planeColdMismatches=0 planeInputUnits=0 planeOutputUnits=0 planeInvalid=0 coneInvocations=0 coneEligible=0 coneApplied=0 coneFallback=0 coneBoundary=0 coneNonfinite=0 coneColdCompared=0 coneColdMismatches=0 coneInputUnits=0 coneOutputUnits=0 coneInvalid=0
[   54.8340] LOG: NIGHTTABLEGATES phase=1 offset=750 first=750 frames=1 selected=1 enabled=0 invocations=19 eligible=9 applied=0 fallback=10 sourceVertices=753 admittedVertices=0 baselineColorQwords=753 tableColorQwords=0 coldCompared=9 coldMismatches=0 invalid=0
[   62.2334] LOG: NIGHTCAMERA phase=1 offset=1155 positionX=00000000 positionY=4028b437 positionZ=c2a19b64 lookX=00000000 lookY=3f9a5e32 lookZ=c2949b64 sceneGeneration=1 mask=0
[   62.2337] LOG: NIGHTCONTEXT phase=1 offset=1155 scene=0 night=1 video=1 display=1 depth=2 width=448 height=448 refreshMilliHz=60000 requested=1 dtBits=3c888889 clockBits=00000000 rasterWidth=448 rasterHeight=448 scaleX=1 scaleY=1 ilChoice=0 ilProbing=0 ilBlock=0 ilFrame=13 ilAccepted=0 ilPipelined=1 frameYield=0
[   62.2522] LOG: NIGHTGATES phase=1 offset=1155 first=1155 frames=1 mask=0 attempted1=8 executed1=8 skipped1=0 submitted1=8 attempted2=4 executed2=4 skipped2=0 submitted2=5 attempted4=3 executed4=3 skipped4=0 submitted4=5 attempted8=4 executed8=4 skipped8=0 submitted8=1 attempted16=2 executed16=2 skipped16=0 submitted16=1 attempted32=0 executed32=0 skipped32=0 submitted32=0 attempted64=0 executed64=0 skipped64=0 submitted64=0
[   62.2526] LOG: NIGHTEXTRAGATES phase=1 offset=1155 first=1155 frames=1 extraMask=0 attempted1=1 executed1=1 skipped1=0 submitted1=1 attempted2=1 executed2=1 skipped2=0 submitted2=2 attempted4=2 executed4=2 skipped4=0 submitted4=2
[   62.2532] LOG: NIGHTWILDGATES phase=1 offset=1155 first=1155 frames=1 variant=0 enabled=0 planeInvocations=0 planeEligible=0 planeApplied=0 planeFallback=0 planeBoundary=0 planeNonfinite=0 planeColdCompared=0 planeColdMismatches=0 planeInputUnits=0 planeOutputUnits=0 planeInvalid=0 coneInvocations=0 coneEligible=0 coneApplied=0 coneFallback=0 coneBoundary=0 coneNonfinite=0 coneColdCompared=0 coneColdMismatches=0 coneInputUnits=0 coneOutputUnits=0 coneInvalid=0
[   62.2533] LOG: NIGHTTABLEGATES phase=1 offset=1155 first=1155 frames=1 selected=1 enabled=0 invocations=19 eligible=9 applied=0 fallback=10 sourceVertices=753 admittedVertices=0 baselineColorQwords=753 tableColorQwords=0 coldCompared=9 coldMismatches=0 invalid=0
[   74.1618] LOG: NIGHTPHASE phase=2 first=3600 mask=0 appliedMask=0 sampler=1 countReads=262 samplePtr=0052c588
[   74.1621] LOG: NIGHTEXTRAPHASE phase=2 first=3600 extraMask=0 appliedExtraMask=0
[   74.1623] LOG: NIGHTWILDPHASE phase=2 first=3600 variant=0 enabled=0 appliedVariant=0 appliedEnabled=0
[   74.1625] LOG: NIGHTTABLEPHASE phase=2 first=3600 selected=1 enabled=1 appliedSelected=1 appliedEnabled=1
[   88.2609] LOG: NIGHTCAMERA phase=2 offset=750 positionX=00000000 positionY=4028b437 positionZ=c2a19b64 lookX=00000000 lookY=3f9a5e32 lookZ=c2949b64 sceneGeneration=1 mask=0
[   88.2615] LOG: NIGHTCONTEXT phase=2 offset=750 scene=0 night=1 video=1 display=1 depth=2 width=448 height=448 refreshMilliHz=60000 requested=1 dtBits=3c888889 clockBits=00000000 rasterWidth=448 rasterHeight=448 scaleX=1 scaleY=1 ilChoice=0 ilProbing=0 ilBlock=0 ilFrame=58 ilAccepted=0 ilPipelined=1 frameYield=0
[   88.2794] LOG: NIGHTGATES phase=2 offset=750 first=750 frames=1 mask=0 attempted1=8 executed1=8 skipped1=0 submitted1=8 attempted2=4 executed2=4 skipped2=0 submitted2=5 attempted4=3 executed4=3 skipped4=0 submitted4=5 attempted8=4 executed8=4 skipped8=0 submitted8=1 attempted16=2 executed16=2 skipped16=0 submitted16=1 attempted32=0 executed32=0 skipped32=0 submitted32=0 attempted64=0 executed64=0 skipped64=0 submitted64=0
[   88.2798] LOG: NIGHTEXTRAGATES phase=2 offset=750 first=750 frames=1 extraMask=0 attempted1=1 executed1=1 skipped1=0 submitted1=1 attempted2=1 executed2=1 skipped2=0 submitted2=2 attempted4=2 executed4=2 skipped4=0 submitted4=2
[   88.2801] LOG: NIGHTWILDGATES phase=2 offset=750 first=750 frames=1 variant=0 enabled=0 planeInvocations=0 planeEligible=0 planeApplied=0 planeFallback=0 planeBoundary=0 planeNonfinite=0 planeColdCompared=0 planeColdMismatches=0 planeInputUnits=0 planeOutputUnits=0 planeInvalid=0 coneInvocations=0 coneEligible=0 coneApplied=0 coneFallback=0 coneBoundary=0 coneNonfinite=0 coneColdCompared=0 coneColdMismatches=0 coneInputUnits=0 coneOutputUnits=0 coneInvalid=0
[   88.2803] LOG: NIGHTTABLEGATES phase=2 offset=750 first=750 frames=1 selected=1 enabled=1 invocations=19 eligible=9 applied=9 fallback=10 sourceVertices=753 admittedVertices=618 baselineColorQwords=753 tableColorQwords=18 coldCompared=9 coldMismatches=0 invalid=0
[   95.5477] LOG: NIGHTCAMERA phase=2 offset=1155 positionX=00000000 positionY=4028b437 positionZ=c2a19b64 lookX=00000000 lookY=3f9a5e32 lookZ=c2949b64 sceneGeneration=1 mask=0
[   95.5480] LOG: NIGHTCONTEXT phase=2 offset=1155 scene=0 night=1 video=1 display=1 depth=2 width=448 height=448 refreshMilliHz=60000 requested=1 dtBits=3c888889 clockBits=00000000 rasterWidth=448 rasterHeight=448 scaleX=1 scaleY=1 ilChoice=0 ilProbing=0 ilBlock=0 ilFrame=13 ilAccepted=0 ilPipelined=1 frameYield=0
[   95.5649] LOG: NIGHTGATES phase=2 offset=1155 first=1155 frames=1 mask=0 attempted1=8 executed1=8 skipped1=0 submitted1=8 attempted2=4 executed2=4 skipped2=0 submitted2=5 attempted4=3 executed4=3 skipped4=0 submitted4=5 attempted8=4 executed8=4 skipped8=0 submitted8=1 attempted16=2 executed16=2 skipped16=0 submitted16=1 attempted32=0 executed32=0 skipped32=0 submitted32=0 attempted64=0 executed64=0 skipped64=0 submitted64=0
[   95.5653] LOG: NIGHTEXTRAGATES phase=2 offset=1155 first=1155 frames=1 extraMask=0 attempted1=1 executed1=1 skipped1=0 submitted1=1 attempted2=1 executed2=1 skipped2=0 submitted2=2 attempted4=2 executed4=2 skipped4=0 submitted4=2
[   95.5655] LOG: NIGHTWILDGATES phase=2 offset=1155 first=1155 frames=1 variant=0 enabled=0 planeInvocations=0 planeEligible=0 planeApplied=0 planeFallback=0 planeBoundary=0 planeNonfinite=0 planeColdCompared=0 planeColdMismatches=0 planeInputUnits=0 planeOutputUnits=0 planeInvalid=0 coneInvocations=0 coneEligible=0 coneApplied=0 coneFallback=0 coneBoundary=0 coneNonfinite=0 coneColdCompared=0 coneColdMismatches=0 coneInputUnits=0 coneOutputUnits=0 coneInvalid=0
[   95.5657] LOG: NIGHTTABLEGATES phase=2 offset=1155 first=1155 frames=1 selected=1 enabled=1 invocations=19 eligible=9 applied=9 fallback=10 sourceVertices=753 admittedVertices=618 baselineColorQwords=753 tableColorQwords=18 coldCompared=9 coldMismatches=0 invalid=0
[  107.0461] LOG: NIGHTDONE order=1 valid=1 loops=5400
