[    0.0143] Program Path: /home/spider/tyrax2-debugger-linux-v1/squashfs-root/usr/bin/pcsx2-qt
[    0.0144] AppRoot Directory: /home/spider/tyrax2-debugger-linux-v1/squashfs-root/usr/bin
[    0.0144] Resources Directory: /home/spider/tyrax2-debugger-linux-v1/squashfs-root/usr/bin/resources
[    0.0144] DataRoot Directory: /home/spider/pool2-static-b192-arm1-repeat3-20261005/profile/PCSX2
[    0.0144] Loading config from /home/spider/pool2-static-b192-arm1-repeat3-20261005/profile/PCSX2/inis/PCSX2.ini.
[    0.0146] Loading secrets from /home/spider/pool2-static-b192-arm1-repeat3-20261005/profile/PCSX2/inis/secrets.ini.
[    0.0150] BIOS Directory: /mnt/c/Users/pawel/OneDrive/Documents/PCSX2/bios
[    0.0150] Snapshots Directory: /home/spider/pool2-static-b192-arm1-repeat3-20261005/profile/PCSX2/snaps
[    0.0150] Savestates Directory: /home/spider/pool2-static-b192-arm1-repeat3-20261005/profile/PCSX2/sstates
[    0.0150] MemoryCards Directory: /home/spider/pool2-static-b192-arm1-repeat3-20261005/profile/PCSX2/memcards
[    0.0150] Logs Directory: /home/spider/pool2-static-b192-arm1-repeat3-20261005/profile/PCSX2/logs
[    0.0150] Cheats Directory: /home/spider/pool2-static-b192-arm1-repeat3-20261005/profile/PCSX2/cheats
[    0.0150] Patches Directory: /home/spider/pool2-static-b192-arm1-repeat3-20261005/profile/PCSX2/patches
[    0.0150] Covers Directory: /home/spider/pool2-static-b192-arm1-repeat3-20261005/profile/PCSX2/covers
[    0.0150] Game Settings Directory: /home/spider/pool2-static-b192-arm1-repeat3-20261005/profile/PCSX2/gamesettings
[    0.0150] Resources Directory: /home/spider/tyrax2-debugger-linux-v1/squashfs-root/usr/bin/resources
[    0.0150] User Resources Directory: /home/spider/pool2-static-b192-arm1-repeat3-20261005/profile/PCSX2/resources
[    0.0150] Cache Directory: /home/spider/pool2-static-b192-arm1-repeat3-20261005/profile/PCSX2/cache
[    0.0150] Textures Directory: /home/spider/pool2-static-b192-arm1-repeat3-20261005/profile/PCSX2/textures
[    0.0150] Input Profile Directory: /home/spider/pool2-static-b192-arm1-repeat3-20261005/profile/PCSX2/inputprofiles
[    0.0150] Video Dumping Directory: /home/spider/pool2-static-b192-arm1-repeat3-20261005/profile/PCSX2/videos
[    0.0150] Debugger Layouts Directory: /home/spider/pool2-static-b192-arm1-repeat3-20261005/profile/PCSX2/inis/debuggerlayouts
[    0.0150] Debugger Settings Directory: /home/spider/pool2-static-b192-arm1-repeat3-20261005/profile/PCSX2/inis/debuggersettings
[    0.0296] Loaded translation file for language en-US
[    0.0365] PCSX2 v2.9.93
[    0.0365] Savestate version: 0x9a590000
[    0.0365] 
[    0.0366] 
[    0.0366] Host Machine Init:
[    0.0367]   Operating System = Ubuntu 22.04
[    0.0367]   Available RAM    = 49089 MB (47.94 GB)
[    0.0367]   Physical RAM     = 50191 MB (49.02 GB)
[    0.0367] 
[    0.0367]   Processor        = AMD Ryzen Threadripper 1920X
[    0.0367]   Core Count       = 24 cores
[    0.0367]   Thread Count     = 24 threads
[    0.0367]   Cluster Count    = 1 clusters
[    0.0367] CPU Extensions Detected:
[    0.0367]   AVX AVX2
[    0.0367] 
[    0.0367] Allocating host memory for virtual systems...
[    0.0372]   EE Main Memory                   @ 0x00007F4A57200000 -> 0x00007F4A60100000 [143mb]
[    0.0373]   IOP Main Memory                  @ 0x00007F4A60100000 -> 0x00007F4A68200000 [129mb]
[    0.0373]   VU0/1 On-Chip Memory             @ 0x00007F4A68200000 -> 0x00007F4A68300000 [1mb]
[    0.0373]   VTLB Virtual Map                 @ 0x00007F4A68300000 -> 0x00007F4A68B00000 [8mb]
[    0.0373]   VTLB Address Map                 @ 0x00007F4A68B00000 -> 0x00007F4A68F00000 [4mb]
[    0.0373]   R5900 Recompiler Cache           @ 0x00007F4A68F00000 -> 0x00007F4A6CF00000 [64mb]
[    0.0373]   R3000A Recompiler Cache          @ 0x00007F4A6CF00000 -> 0x00007F4A6EF00000 [32mb]
[    0.0373]   Micro VU0 Recompiler Cache       @ 0x00007F4A6FF00000 -> 0x00007F4A73F00000 [64mb]
[    0.0373]   Micro VU1 Recompiler Cache       @ 0x00007F4A73F00000 -> 0x00007F4A77F00000 [64mb]
[    0.0373]   VIF0 Unpack Recompiler Cache     @ 0x00007F4A6EF00000 -> 0x00007F4A6F700000 [8mb]
[    0.0373]   VIF1 Unpack Recompiler Cache     @ 0x00007F4A6F700000 -> 0x00007F4A6FF00000 [8mb]
[    0.0373]   VIF Unpack Recompiler Cache      @ 0x00007F4A77F00000 -> 0x00007F4A78000000 [1mb]
[    0.0373]   GS Software Renderer             @ 0x00007F4A78000000 -> 0x00007F4A7C000000 [64mb]
[    0.0391] Fastmem area: 0x7f4957200000 - 0x7f4a571fffff
[    0.0417] Generating SSE-optimized unpacking functions for VIF interpreters...
[    0.0422] Unpack function generation complete.  Generated function statistics:
[    0.0422]   Reserved buffer    : 1048576 bytes @ 0x00007F4A77F00000
[    0.0422]   x86 code generated : 7422 bytes
[    0.0422] 
[    0.0425] SDLInputSource: Using Controller DB from resources.
[    0.0595] SDLInputSource: 765 gamepad mappings are loaded.
[    0.0596] Invalid binding: 'XInput-0/DPadUp'
[    0.0596] Invalid binding: 'XInput-0/DPadRight'
[    0.0596] Invalid binding: 'XInput-0/DPadDown'
[    0.0596] Invalid binding: 'XInput-0/DPadLeft'
[    0.0596] Invalid binding: 'XInput-0/Y'
[    0.0596] Invalid binding: 'XInput-0/B'
[    0.0596] Invalid binding: 'XInput-0/A'
[    0.0596] Invalid binding: 'XInput-0/X'
[    0.0596] Invalid binding: 'XInput-0/Back'
[    0.0596] Invalid binding: 'XInput-0/Start'
[    0.0596] Invalid binding: 'XInput-0/LeftShoulder'
[    0.0596] Invalid binding: 'XInput-0/+LeftTrigger'
[    0.0596] Invalid binding: 'XInput-0/RightShoulder'
[    0.0596] Invalid binding: 'XInput-0/+RightTrigger'
[    0.0596] Invalid binding: 'XInput-0/LeftStick'
[    0.0596] Invalid binding: 'XInput-0/RightStick'
[    0.0596] Invalid binding: 'XInput-0/Guide'
[    0.0596] Invalid binding: 'XInput-0/-LeftY'
[    0.0596] Invalid binding: 'XInput-0/+LeftX'
[    0.0596] Invalid binding: 'XInput-0/+LeftY'
[    0.0596] Invalid binding: 'XInput-0/-LeftX'
[    0.0596] Invalid binding: 'XInput-0/-RightY'
[    0.0596] Invalid binding: 'XInput-0/+RightX'
[    0.0596] Invalid binding: 'XInput-0/+RightY'
[    0.0597] Invalid binding: 'XInput-0/-RightX'
[    0.0602] Settings: Advanced Settings are enabled; only proceed if you know what you're doing! No support will be provided if you have the option enabled.
[    0.1093] Scanning F:\PS2\Games (recursively)
[    0.2114] Loading BIOS...
[    0.2234] BIOS Found: Europe  v02.00(14/06/2004)  Console 20040614-100914
[    0.2798] Mechacon version: 0x00020603
[    0.2811] Opening CDVD...
[    0.3114] Initializing Elf: 4455708 bytes
[    0.3122] Disc changed to .
[    0.3122]   Name: vehicle-playground [?]
[    0.3122]   Serial: vehicle-playground
[    0.3122]   Version: 
[    0.3122]   CRC: 255D8279
[    0.3122] No game settings found (tried '/home/spider/pool2-static-b192-arm1-repeat3-20261005/profile/PCSX2/gamesettings/255D8279.ini')
[    0.3123] Applying settings...
[    0.3126] Invalid binding: 'XInput-0/DPadUp'
[    0.3126] Invalid binding: 'XInput-0/DPadRight'
[    0.3126] Invalid binding: 'XInput-0/DPadDown'
[    0.3126] Invalid binding: 'XInput-0/DPadLeft'
[    0.3126] Invalid binding: 'XInput-0/Y'
[    0.3126] Invalid binding: 'XInput-0/B'
[    0.3126] Invalid binding: 'XInput-0/A'
[    0.3126] Invalid binding: 'XInput-0/X'
[    0.3126] Invalid binding: 'XInput-0/Back'
[    0.3126] Invalid binding: 'XInput-0/Start'
[    0.3127] Invalid binding: 'XInput-0/LeftShoulder'
[    0.3127] Invalid binding: 'XInput-0/+LeftTrigger'
[    0.3127] Invalid binding: 'XInput-0/RightShoulder'
[    0.3127] Invalid binding: 'XInput-0/+RightTrigger'
[    0.3127] Invalid binding: 'XInput-0/LeftStick'
[    0.3127] Invalid binding: 'XInput-0/RightStick'
[    0.3127] Invalid binding: 'XInput-0/Guide'
[    0.3127] Invalid binding: 'XInput-0/-LeftY'
[    0.3127] Invalid binding: 'XInput-0/+LeftX'
[    0.3127] Invalid binding: 'XInput-0/+LeftY'
[    0.3127] Invalid binding: 'XInput-0/-LeftX'
[    0.3128] Invalid binding: 'XInput-0/-RightY'
[    0.3128] Invalid binding: 'XInput-0/+RightX'
[    0.3128] Invalid binding: 'XInput-0/+RightY'
[    0.3128] Invalid binding: 'XInput-0/-RightX'
[    0.3130] GameDB: Has not been initialized yet, initializing...
[    0.3567] GameDB: 12841 games on record (loaded in 43.76ms)
[    0.3594] Reopening memory cards...
[    0.3594] (FileMcd) Creating new 8MB memory card: /home/spider/pool2-static-b192-arm1-repeat3-20261005/profile/PCSX2/memcards/Mcd001.ps2
[    0.3690] McdSlot 0 [File]: Mcd001.ps2 [8 MB, UNFORMATTED]
[    0.3690] McdSlot 1 [File]: [disabled/empty filename]
[    0.3742] HLE Host: Set 'host:' root path to: /mnt/f/Projects/tyrax2-lab-20261001/wild-pool2-static-probe-physical-v1/game/bin
[    0.3742] EE/iR5900 Recompiler Reset
[    0.4196] iR3000A Recompiler reset.
[    0.4385] Resetting host memory for virtual systems...
[    0.6793] Time Zone Offset: GMT+01:00
[    0.6793] Time Zone Location: Berlin
[    0.6793] DST: Winter Time
[    0.6793] Time Format: 24-Hour
[    0.6793] Date Format: DD/MM/YYYY
[    0.6793] System Time Basis: Operating System Time
[    0.6793] Resulting System Time: 2026-10-05 11:06:28
[    0.6793] Close virtual disk tray
[    0.6793] Media already loaded (fast boot)
[    0.6793] Opening GS...
[    0.7199] VK: Enabling extension: VK_KHR_get_surface_capabilities2
[    0.7305] Using Vulkan GPU 'llvmpipe (LLVM 15.0.7, 256 bits)' for automatic renderer check.
[    0.7305] Not using Vulkan for software renderer.
[    0.7306] acquireRenderWindow() recreate=true fullscreen=false render_to_main=true surfaceless=false
[    0.7337] (GetRefreshRateFromXRandR) Modeline is invalid: 0/0/0
[    0.7338] Surface refresh rate: 60 Hz
[    0.7343] Loading EGL from libEGL.so...
[    0.7355] GLAD EGL Version: 1.0
[    0.7355] Using EGL platform EGL_EXT_platform_x11.
[    0.7435] eglInitialize() version: 1.5
[    0.7436] GLAD EGL Version: 1.5
[    0.7436] Trying GL version 4.6
[    0.7437] eglCreateContext() failed: 0x3009
[    0.7437] Trying GL version 4.5
[    0.7553] Got GL version 4.5
[    0.7553] EGL_MIN_SWAP_INTERVAL = 1
[    0.7553] EGL_MAX_SWAP_INTERVAL = 1
[    0.7553] Negative swap interval/tear-control is NOT supported
[    0.7579] GL_VENDOR: Mesa
[    0.7579] GL_VERSION: 4.5 (Core Profile) Mesa 23.2.1-1ubuntu3.1~22.04.4
[    0.7579] GL_RENDERER: llvmpipe (LLVM 15.0.7, 256 bits)
[    0.7579] GL_SHADING_LANGUAGE_VERSION: 4.50
[    0.7580] GL_MAX_VERTEX_SHADER_STORAGE_BLOCKS: 16
[    0.7580] GL: Viewport Array:            Supported       => Using: GL_ARB_viewport_array
[    0.7580] GL: Direct State Access:       Supported       => Using: OpenGL 4.5 Core
[    0.7580] GL: Copy Image:                Supported       => Using: OpenGL 4.3 Core
[    0.7580] GL: Clip Control:              Supported       => Using: OpenGL 4.5 Core
[    0.7580] GL: Conservative Depth:        Supported       => Using: OpenGL 4.2 Core
[    0.7580] GL: CAS Sharpening:            Supported       => Using: OpenGL 4.2 Core
[    0.7580] GL: Texture Barriers:          Auto            => Using: Framebuffer Fetch
[    0.7580] GL: RGBA16 HW Blending:        Supported       => Using: RGBA16 UNORM
[    0.7580] GL: Point Expansion:           Supported       => Using: Hardware
[    0.7580] GL: Line Expansion:            Fallback        => Using: Vertex Expansion
[    0.7580] GL: Sprite Expansion:          Supported       => Using: Vertex Expansion
[    0.7580] GL: DXTn Texture Compression:  Supported       => Using: GL_EXT_texture_compression_s3tc
[    0.7580] GL: BC6/7 Texture Compression: Supported       => Using: OpenGL 4.2 Core
[    0.7672] 1 program binary formats supported by driver
[    0.8024] Program binary retrieved, 4105 bytes, format 34655
[    0.8029] Program binary retrieved, 4121 bytes, format 34655
[    0.8033] Program binary retrieved, 4249 bytes, format 34655
[    0.8037] Program binary retrieved, 4013 bytes, format 34655
[    0.8040] Program binary retrieved, 4013 bytes, format 34655
[    0.8044] Program binary retrieved, 4017 bytes, format 34655
[    0.8048] Program binary retrieved, 4017 bytes, format 34655
[    0.8051] Program binary retrieved, 4185 bytes, format 34655
[    0.8055] Program binary retrieved, 4217 bytes, format 34655
[    0.8059] Program binary retrieved, 4137 bytes, format 34655
[    0.8063] Program binary retrieved, 4125 bytes, format 34655
[    0.8067] Program binary retrieved, 4121 bytes, format 34655
[    0.8073] Program binary retrieved, 4253 bytes, format 34655
[    0.8079] Program binary retrieved, 4237 bytes, format 34655
[    0.8083] Program binary retrieved, 4245 bytes, format 34655
[    0.8087] Program binary retrieved, 4261 bytes, format 34655
[    0.8092] Program binary retrieved, 4965 bytes, format 34655
[    0.8097] Program binary retrieved, 4981 bytes, format 34655
[    0.8101] Program binary retrieved, 4261 bytes, format 34655
[    0.8105] Program binary retrieved, 4277 bytes, format 34655
[    0.8109] Program binary retrieved, 5005 bytes, format 34655
[    0.8114] Program binary retrieved, 5021 bytes, format 34655
[    0.8118] Program binary retrieved, 4257 bytes, format 34655
[    0.8122] Program binary retrieved, 4273 bytes, format 34655
[    0.8127] Program binary retrieved, 5001 bytes, format 34655
[    0.8132] Program binary retrieved, 5017 bytes, format 34655
[    0.8136] Program binary retrieved, 4277 bytes, format 34655
[    0.8140] Program binary retrieved, 4293 bytes, format 34655
[    0.8144] Program binary retrieved, 5057 bytes, format 34655
[    0.8150] Program binary retrieved, 5073 bytes, format 34655
[    0.8153] Program binary retrieved, 4153 bytes, format 34655
[    0.8157] Program binary retrieved, 4169 bytes, format 34655
[    0.8161] Program binary retrieved, 4233 bytes, format 34655
[    0.8166] Program binary retrieved, 5781 bytes, format 34655
[    0.8171] Program binary retrieved, 5373 bytes, format 34655
[    0.8177] Program binary retrieved, 6389 bytes, format 34655
[    0.8182] Program binary retrieved, 4917 bytes, format 34655
[    0.8186] Program binary retrieved, 4845 bytes, format 34655
[    0.8190] Program binary retrieved, 4997 bytes, format 34655
[    0.8194] Program binary retrieved, 4101 bytes, format 34655
[    0.8222] Program binary retrieved, 4137 bytes, format 34655
[    0.8258] Program binary retrieved, 4109 bytes, format 34655
[    0.8263] Program binary retrieved, 5389 bytes, format 34655
[    0.8268] Program binary retrieved, 5829 bytes, format 34655
[    0.8273] Program binary retrieved, 5857 bytes, format 34655
[    0.8277] Program binary retrieved, 4289 bytes, format 34655
[    0.8308] Program binary retrieved, 21205 bytes, format 34655
[    0.8315] Program binary retrieved, 4765 bytes, format 34655
[    0.8322] Program binary retrieved, 5685 bytes, format 34655
[    0.8326] Program binary retrieved, 4141 bytes, format 34655
[    0.8330] Program binary retrieved, 4537 bytes, format 34655
[    0.8336] Program binary retrieved, 4889 bytes, format 34655
[    0.8340] Program binary retrieved, 4117 bytes, format 34655
[    0.8344] Program binary retrieved, 4741 bytes, format 34655
[    0.8350] Program binary retrieved, 4965 bytes, format 34655
[    0.8357] Program binary retrieved, 6613 bytes, format 34655
[    0.8362] Program binary retrieved, 4797 bytes, format 34655
[    0.8385] Program binary retrieved, 13085 bytes, format 34655
[    0.8451] Program binary retrieved, 7285 bytes, format 34655
[    0.8512] Program binary retrieved, 5497 bytes, format 34655
[    0.8516] Program binary retrieved, 4141 bytes, format 34655
[    0.8519] Program binary retrieved, 4141 bytes, format 34655
[    0.8524] Program binary retrieved, 4145 bytes, format 34655
[    0.8527] Program binary retrieved, 4145 bytes, format 34655
[    0.9085] Program binary retrieved, 5369 bytes, format 34655
[    0.9102] OpenGL Graphics Driver Info:
[    0.9102] OpenGL Context:
[    0.9102] 4.5 (Core Profile) Mesa 23.2.1-1ubuntu3.1~22.04.4
[    0.9102] Mesa llvmpipe (LLVM 15.0.7, 256 bits)
[    0.9102] GLSL: 4.50
[    0.9136] Processor count: 24 cores, 24 processors, 1 clusters
[    0.9136] Ordered processor list: 12, 23, 22, 21, 20, 19, 18, 17, 16, 15, 14, 13, 0, 11, 10, 9, 8, 7, 6, 5, 4, 3, 2, 1
[    0.9136] Not pinning SW threads, we need 4 processors, but only have 0
[    0.9148] Opening SPU2...
[    0.9150] Creating Null audio stream, sample rate = 48000, expansion = Disabled, buffer = 50, latency = 32, stretching enabled, driver = wasapi, device = 
[    0.9151] Allocated buffer of 2432 frames for buffer of 50 ms [expansion Disabled (block size 2048), stretch disabled, target size 2432].
[    0.9151] Initializing Pad...
[    0.9151] Initializing SIO2...
[    0.9151] Initializing SIO0...
[    0.9151] Opening DEV9...
[    0.9151] DEV9: DEV9init
[    0.9153] DEV9: DEV9init2
[    0.9153] DEV9: DEV9init3
[    0.9187] DEV9: DEV9init ok
[    0.9188] DEV9: DEV9open
[    0.9188] Opening USB...
[    0.9188] Opening FW...
[    0.9190] Frame rate: 59.94, target speed: 1, target frame rate: 59.94, ticks per frame: 16683350
[    0.9222] VM subsystems initialized in 715.11 ms
[    0.9240] MultiPause time: 142ns
[    0.9254] MultiPause time: 142ns
[    0.9255] MultiPause time: 142ns
[    0.9255] MultiPause time: 142ns
[    0.9335] Failed to inhibit screen saver.
[    0.9336] Processor order assignment: EE=12, VU=23, GS=23
[    0.9336]   EE thread is on processor 12 (0x1000)
[    0.9337]   GS thread is on processor 23 (0x800000)
[    0.9436] Failed to inhibit screen saver.
[    0.9696] # Initialize memory (rev:3.70, ctm:197Mhz, cpuclk:147Mhz detected)
[    0.9779] R3000 Debugger: Branch to 0x890 (SYSMEM). Clearing modules.
[    0.9795] RegisterLibraryEntries: excepman version 1.01
[    0.9805] RegisterLibraryEntries:  intrman version 1.02
[    0.9806] RegisterLibraryEntries:   ssbusc version 1.01
[    0.9809] RegisterLibraryEntries:  dmacman version 1.02
[    0.9813] RegisterLibraryEntries:  timrman version 1.01
[    0.9816] RegisterLibraryEntries:  sysclib version 1.01
[    0.9816] RegisterLibraryEntries:    stdio version 1.01
[    0.9818] RegisterLibraryEntries:  heaplib version 1.01
[    0.9821] FW: read mem 0x1f80847c: 0x10000001
[    0.9822] FW: write mem 0x1f808414: 0x417f0000
[    0.9822] FW: read mem 0x1f808400: 0xffc00001
[    0.9822] FW: write mem 0x1f80844c: 0xffffffff
[    0.9822] FW: write mem 0x1f808420: 0xffffffff
[    0.9822] FW: write mem 0x1f808428: 0xffffffff
[    0.9822] FW: write mem 0x1f808430: 0xffffffff
[    0.9831] RegisterLibraryEntries:   thbase version 1.01
[    0.9832] RegisterLibraryEntries:  thevent version 1.01
[    0.9832] RegisterLibraryEntries:  thsemap version 1.01
[    0.9833] RegisterLibraryEntries:  thmsgbx version 1.01
[    0.9833] RegisterLibraryEntries:  thfpool version 1.01
[    0.9833] RegisterLibraryEntries:  thvpool version 1.01
[    0.9841] RegisterLibraryEntries:   vblank version 1.01
[    0.9846] RegisterLibraryEntries:    ioman version 1.02
[    0.9852] RegisterLibraryEntries:  modload version 1.01
[    0.9855] RegisterLibraryEntries:   romdrv version 2.01
[    0.9858] RegisterLibraryEntries:    stdio version 1.02
[    0.9861] RegisterLibraryEntries:   sifman version 1.01
[    0.9864] 
[    0.9865] PlayStation 2 ======== Hard reset boot
[    0.9867]  ROMGEN=2004-0614, IOP info (CPUID=1f, CACH_CONFIG=0, 2MB, IOP mode)
[    0.9869]  <20040614-100914,ROMconf,PS20200EC20040614.bin:11696>
[    0.9967] # Total accessable memory size: 32 MB (B:2:8:0) (370:2:7c30)
[    0.9978] # TLB spad=0 kernel=1:12 default=13:30 extended=31:38
[    1.0574] # Initialize Start.
[    1.0579] # Initialize GS ...
[    1.0579] # Initialize INTC ...
[    1.0579] # Initialize TIMER ...
[    1.0579] # Initialize DMAC ...
[    1.0580] # Initialize VU1 ...
[    1.0582] # Initialize VIF1 ...
[    1.0583] # Initialize GIF ...
[    1.0583] # Initialize VU0 ...
[    1.0585] # Initialize VIF0 ...
[    1.0585] # Initialize IPU ...
[    1.0587] # Initialize FPU ...
[    1.0587] # Initialize User Memory ...
[    1.1157] # Initialize Scratch Pad ...
[    1.1158] # Initialize Done.
[    1.1167] 
[    1.1167] EE DECI2 Manager version 0.06 Feb  6 2003 08:38:48
[    1.1167]   CPUID=2e20, BoardID=0, ROMGEN=2004-0614, 32M
[    1.1167] 
[    1.1169] RegisterLibraryEntries:   sifcmd version 1.01
[    1.1461] Initializing Elf: 4455708 bytes
[    1.1488] ELF Loading: host:vehicle-playground.elf, Game CRC = 255D8279, EntryPoint = 0x00100E78
[    1.1515] RegisterLibraryEntries:  cdvdman version 1.01
[    1.1550] Imported 823 symbols.
[    1.1582] RegisterLibraryEntries:  cdvdfsv version 1.01
[    1.1598] RegisterLibraryEntries:  secrman version 1.03
[    1.1599] RegisterLibraryEntries:   eesync version 1.01
[    1.1600] 
[    1.1600] IOP Realtime Kernel Ver.0.9.1
[    1.1601]     Copyright 1999 (C) Sony Computer Entertainment Inc. 
[    1.1607] Reboot service module.(99/11/10)
[    1.1630] cdvd driver module version 0.1.1 (C)SCEI
[    1.1635] Load File service.(99/11/05)
[    1.1636] Multi Threaded Fileio module.(99/11/15) 
[    1.1636] iop heap service (99/11/03)
[    1.1878] loadelf: fname host:vehicle-playground.elf secname all
[    1.1879] loadelf version 3.30
[    1.1899] Input ELF format filename = host:vehicle-playground.elf
[    1.2348] 1 00100000 003f3d3c ................................................................
[    1.2348] Loaded, host:vehicle-playground.elf
[    1.2349] start address 0x100e78
[    1.2349] gp address 00000000
[    1.2356] (VMManager) Pausing...
[    1.2357] (VMManager) Resuming...
[    1.2393] PINE: New client with FD 14 connected.
[    1.2408] PINE: Client disconnected.
[    1.2472] Failed to inhibit screen saver.
[    1.2473] EE/iR5900 Recompiler Reset
[    1.2653] # Restart Without Memory Clear.
[    1.2769] # Initialize GS ...
[    1.2770] # Initialize INTC ...
[    1.2770] # Initialize TIMER ...
[    1.2770] # Initialize DMAC ...
[    1.2771] # Initialize VU1 ...
[    1.2772] # Initialize VIF1 ...
[    1.2773] # Initialize GIF ...
[    1.2773] # Initialize VU0 ...
[    1.2775] # Initialize VIF0 ...
[    1.2775] # Initialize IPU ...
[    1.2776] # Initialize FPU ...
[    1.2777] # Initialize Scratch Pad ...
[    1.2777] # Restart Without Memory Clear Done.
[    1.2779] ELF host:vehicle-playground.elf with entry point at 0x00100E78 is executing.
[    1.2779] ELF changed, active CRC 255D8279 (host:vehicle-playground.elf)
[    1.2782] Applying core settings...
[    1.2786] Debugger Settings Manager: Failed to read Saved Addresses array from settings file: '/home/spider/pool2-static-b192-arm1-repeat3-20261005/profile/PCSX2/inis/debuggersettings/vehicle-playground_255D8279.json'
[    1.2787] Debugger Settings Manager: Failed to read Saved Addresses array from settings file: '/home/spider/pool2-static-b192-arm1-repeat3-20261005/profile/PCSX2/inis/debuggersettings/vehicle-playground_255D8279.json'
[    1.2791] Updating CPU configuration...
[    1.2791] iR3000A Recompiler reset.
[    1.3000] iR3000A Recompiler reset.
[    1.3074] EE/iR5900 Recompiler Reset
[    1.3217] (VMManager) Pausing...
[    1.3220] EE/iR5900 Recompiler Reset
[    1.3383] EE/iR5900 Recompiler Reset
[    1.3414] PINE: New client with FD 14 connected.
[    1.3419] PINE: Client disconnected.
[    1.3537] iR3000A Recompiler reset.
[    1.3577] EE/iR5900 Recompiler Reset
[    1.3735] iR3000A Recompiler reset.
[    1.3768] EE/iR5900 Recompiler Reset
[    1.3917] iR3000A Recompiler reset.
[    1.3959] EE/iR5900 Recompiler Reset
[    1.4112] iR3000A Recompiler reset.
[    1.4156] EE/iR5900 Recompiler Reset
[    1.4801] PINE: New client with FD 14 connected.
[    1.4805] OSD [SaveStateSlot140]: Saving state to slot 140...
[    1.5121]   Saving SPU2
[    1.5129]   Saving GS
[    1.6188] OSD [SaveStateSlot140]: Saved state to slot 140.
[    1.6188] Zipping save state to '/home/spider/pool2-static-b192-arm1-repeat3-20261005/profile/PCSX2/sstates/vehicle-playground (255D8279).140.p2s' took 99.50 ms
[    2.7628] PINE: Client disconnected.
[    3.2410] PINE: New client with FD 14 connected.
[    3.2458] (VMManager) Resuming...
[    3.2591] Failed to inhibit screen saver.
[    3.2607] BIOS: Successfully found the instruction pattern. Assuming the thread list is here: 8001a640
[    3.2637] Warning: GetOsdConfigParam2 Reading extended language/version configs, may be incorrect!
[    3.2750] read/write allocate memory 4000
[    3.2751] open name host:/ps2link.run flag 1 data 41378
[    3.2756] open fd = -5
[    3.2783] Get Reboot Request From EE
[    3.2796] R3000 Debugger: Branch to 0x890 (SYSMEM). Clearing modules.
[    3.2814] RegisterLibraryEntries: excepman version 1.01
[    3.2826] RegisterLibraryEntries:  intrman version 1.02
[    3.2828] RegisterLibraryEntries:   ssbusc version 1.01
[    3.2834] RegisterLibraryEntries:  dmacman version 1.02
[    3.2838] RegisterLibraryEntries:  timrman version 1.01
[    3.2843] RegisterLibraryEntries:  sysclib version 1.01
[    3.2844] RegisterLibraryEntries:    stdio version 1.01
[    3.2845] RegisterLibraryEntries:  heaplib version 1.01
[    3.2867] RegisterLibraryEntries:   thbase version 1.01
[    3.2867] RegisterLibraryEntries:  thevent version 1.01
[    3.2868] RegisterLibraryEntries:  thsemap version 1.01
[    3.2868] RegisterLibraryEntries:  thmsgbx version 1.01
[    3.2868] RegisterLibraryEntries:  thfpool version 1.01
[    3.2868] RegisterLibraryEntries:  thvpool version 1.01
[    3.2878] RegisterLibraryEntries:   vblank version 1.01
[    3.2883] RegisterLibraryEntries:    ioman version 1.02
[    3.2893] RegisterLibraryEntries:  modload version 1.01
[    3.2973] RegisterLibraryEntries:   romdrv version 2.01
[    3.2977] RegisterLibraryEntries:    stdio version 1.02
[    3.2982] RegisterLibraryEntries:   sifman version 1.01
[    3.2987] 
[    3.2987] PlayStation 2 ======== Soft reboot
[    3.2995] RegisterLibraryEntries:   sifcmd version 1.01
[    3.3030] RegisterLibraryEntries:  cdvdman version 1.01
[    3.3047] RegisterLibraryEntries:  cdvdfsv version 1.01
[    3.3135] RegisterLibraryEntries:  secrman version 1.03
[    3.3139] RegisterLibraryEntries:   eesync version 1.01
[    3.3141] 
[    3.3141] IOP Realtime Kernel Ver.0.9.1
[    3.3142]     Copyright 1999 (C) Sony Computer Entertainment Inc. 
[    3.3148] Reboot service module.(99/11/10)
[    3.3169] [EE] Skipping timeout loop at 0x002D2FB0 -> 0x002D2FD0
[    3.3169] cdvd driver module version 0.1.1 (C)SCEI
[    3.3173] Load File service.(99/11/05)
[    3.3173] Multi Threaded Fileio module.(99/11/15) 
[    3.3174] iop heap service (99/11/03)
[    3.3352] RegisterLibraryEntries:   iomanx version 1.01
[    3.3363] fileXio: fileXio: fileXio RPC Server v1.00
[    3.3363] Copyright (c) 2003 adresd
[    3.3366] RegisterLibraryEntries:  sio2man version 2.07
[    3.3367] RegisterLibraryEntries:  sio2man version 1.02
[    3.3373] RegisterLibraryEntries:   padman version 1.02
[    3.3375] Pad Driver for OSD
[    3.3379] FREESD v1.01
[    3.3379] RegisterLibraryEntries:    libsd version 1.04
[    3.3383] debug_level = 1 (ps2snd 0.1
[    3.3469] PINE: Client disconnected.
[    3.3507] greetings from version 0.93 !
[    3.3507] RegisterLibraryEntries:   audsrv version 1.04
[    3.3509] audsrv_adpcm_init()
[    3.3531] UpdateVSyncRate: Mode Changed to SDTV 480p.
[    3.3531] Frame rate: 59.94, target speed: 1, target frame rate: 59.94, ticks per frame: 16683350
[    3.3532] Set GS CRTC configuration. SDTV   720x480 @ 59.94 Progressive (FRAME)
[    5.4400] read/write allocate memory 4000
[    5.4402] 
[    5.4405] -----------------------------------------
[    5.4406]         _____        ____   ___
[    5.4407]           |     /   ____| |___|
[    5.4407]           |     |   |     |   |
[    5.4408] -----------------------------------------
[    5.4408] Copyright 2022
[    5.4409] Repository: https://github.com/h4570/tyra
[    5.4409] Licensed under Apache License 2.0
[    5.4414] Version: 2.2.0
[    5.4415] -----------------------------------------
[    5.4416] 
[    5.6061] audsrv_adpcm_init()
[    5.6073] [EE] Skipping timeout loop at 0x00102CB0 -> 0x00102CD0
[    5.6401] Curent pad(0,0) status: EXECCMD
[    5.8375] Pad: DS2 Config Finished - P1/S1 - AL: Off - AB: Usable - VS: Disabled - VL: Disabled - RB: D (0x00000000)
[    5.8716] Curent pad(0,0) status: EXECCMD
[    5.9381] Pad: DS2 Config Finished - P1/S1 - AL: On - AB: Locked - VS: Disabled - VL: Disabled - RB: D (0x00000000)
[    6.1379] Pad: DS2 Config Finished - P1/S1 - AL: On - AB: Locked - VS: Disabled - VL: Disabled - RB: D (0x00000000)
[    6.1722] Curent pad(0,0) status: EXECCMD
[    6.4379] Pad: DS2 Config Finished - P1/S1 - AL: On - AB: Locked - VS: Disabled - VL: Disabled - RB: D+A+P (0x0003FFFF)
[    6.6377] Pad: DS2 Config Finished - P1/S1 - AL: On - AB: Locked - VS: Disabled - VL: Disabled - RB: D+A+P (0x0003FFFF)
[    6.6746] open name host:/pool2-probe.cfg flag 1 data 41378
[    6.6758] open fd = 256
[    6.6807] open name host:/hud/flare-corona.png flag 1 data 41378
[    6.6825] open fd = 256
[    6.7030] LOG: POOL2PROBE_CONFIG arm=1 vertices=192 members=2 repeats=3 package=75 alpha=128
[    6.7041] FRAMEARENA allocated=1 bytes=1048576
[    6.7150] microVU1: Cached Prog = [000] [PC=18e0] [List=01] (Cache=0.000%) [0.0mb]
[    6.7158] microVU1: 3 cycle stall on branch instruction [1f78]
[    6.7168] microVU1: Cached Prog = [001] [PC=2480] [List=01] (Cache=0.246%) [0.1mb]
[    6.7177] microVU1: 3 cycle stall on branch instruction [1f78]
[    6.7296] LOG: POOL2PROBE_FRAME frame=1 cold=1 arm=1 eligible=3 applied=3 compared=3 mismatches=0
[    6.7440] LOG: POOL2PROBE_FRAME frame=2 cold=0 arm=1 eligible=3 applied=3 compared=3 mismatches=0
[    6.7567] LOG: POOL2PROBE_FRAME frame=3 cold=0 arm=1 eligible=3 applied=3 compared=3 mismatches=0
[    6.7569] LOG: POOL2PROBE_READY arm=1 vertices=192 repeats=3 completed=3 warmBypass=0
[    6.7569] (VMManager) Pausing...
[    6.7750] PINE: New client with FD 14 connected.
[    6.7753] PINE: Client disconnected.
[    6.8949] PINE: New client with FD 14 connected.
[    6.8952] OSD [SaveStateSlot171]: Saving state to slot 171...
[    6.9246]   Saving SPU2
[    6.9252]   Saving GS
[    7.0272] OSD [SaveStateSlot171]: Saved state to slot 171.
[    7.0272] Zipping save state to '/home/spider/pool2-static-b192-arm1-repeat3-20261005/profile/PCSX2/sstates/vehicle-playground (255D8279).171.p2s' took 96.15 ms
[    8.1705] PINE: Client disconnected.
