[    0.0176] Program Path: /home/spider/tyrax2-debugger-linux-v1/squashfs-root/usr/bin/pcsx2-qt
[    0.0176] AppRoot Directory: /home/spider/tyrax2-debugger-linux-v1/squashfs-root/usr/bin
[    0.0176] Resources Directory: /home/spider/tyrax2-debugger-linux-v1/squashfs-root/usr/bin/resources
[    0.0177] DataRoot Directory: /home/spider/pool-lattice-probe-b192-arm0-repeat3-20261005-v1/profile/PCSX2
[    0.0177] Loading config from /home/spider/pool-lattice-probe-b192-arm0-repeat3-20261005-v1/profile/PCSX2/inis/PCSX2.ini.
[    0.0179] Loading secrets from /home/spider/pool-lattice-probe-b192-arm0-repeat3-20261005-v1/profile/PCSX2/inis/secrets.ini.
[    0.0183] BIOS Directory: /mnt/c/Users/pawel/OneDrive/Documents/PCSX2/bios
[    0.0183] Snapshots Directory: /home/spider/pool-lattice-probe-b192-arm0-repeat3-20261005-v1/profile/PCSX2/snaps
[    0.0183] Savestates Directory: /home/spider/pool-lattice-probe-b192-arm0-repeat3-20261005-v1/profile/PCSX2/sstates
[    0.0183] MemoryCards Directory: /home/spider/pool-lattice-probe-b192-arm0-repeat3-20261005-v1/profile/PCSX2/memcards
[    0.0183] Logs Directory: /home/spider/pool-lattice-probe-b192-arm0-repeat3-20261005-v1/profile/PCSX2/logs
[    0.0183] Cheats Directory: /home/spider/pool-lattice-probe-b192-arm0-repeat3-20261005-v1/profile/PCSX2/cheats
[    0.0183] Patches Directory: /home/spider/pool-lattice-probe-b192-arm0-repeat3-20261005-v1/profile/PCSX2/patches
[    0.0183] Covers Directory: /home/spider/pool-lattice-probe-b192-arm0-repeat3-20261005-v1/profile/PCSX2/covers
[    0.0183] Game Settings Directory: /home/spider/pool-lattice-probe-b192-arm0-repeat3-20261005-v1/profile/PCSX2/gamesettings
[    0.0183] Resources Directory: /home/spider/tyrax2-debugger-linux-v1/squashfs-root/usr/bin/resources
[    0.0183] User Resources Directory: /home/spider/pool-lattice-probe-b192-arm0-repeat3-20261005-v1/profile/PCSX2/resources
[    0.0183] Cache Directory: /home/spider/pool-lattice-probe-b192-arm0-repeat3-20261005-v1/profile/PCSX2/cache
[    0.0183] Textures Directory: /home/spider/pool-lattice-probe-b192-arm0-repeat3-20261005-v1/profile/PCSX2/textures
[    0.0183] Input Profile Directory: /home/spider/pool-lattice-probe-b192-arm0-repeat3-20261005-v1/profile/PCSX2/inputprofiles
[    0.0184] Video Dumping Directory: /home/spider/pool-lattice-probe-b192-arm0-repeat3-20261005-v1/profile/PCSX2/videos
[    0.0184] Debugger Layouts Directory: /home/spider/pool-lattice-probe-b192-arm0-repeat3-20261005-v1/profile/PCSX2/inis/debuggerlayouts
[    0.0184] Debugger Settings Directory: /home/spider/pool-lattice-probe-b192-arm0-repeat3-20261005-v1/profile/PCSX2/inis/debuggersettings
[    0.0331] Loaded translation file for language en-US
[    0.0404] PCSX2 v2.9.93
[    0.0404] Savestate version: 0x9a590000
[    0.0404] 
[    0.0404] 
[    0.0404] Host Machine Init:
[    0.0405]   Operating System = Ubuntu 22.04
[    0.0405]   Available RAM    = 49079 MB (47.93 GB)
[    0.0405]   Physical RAM     = 50191 MB (49.02 GB)
[    0.0405] 
[    0.0405]   Processor        = AMD Ryzen Threadripper 1920X
[    0.0405]   Core Count       = 24 cores
[    0.0405]   Thread Count     = 24 threads
[    0.0405]   Cluster Count    = 1 clusters
[    0.0405] CPU Extensions Detected:
[    0.0405]   AVX AVX2
[    0.0405] 
[    0.0405] Allocating host memory for virtual systems...
[    0.0413]   EE Main Memory                   @ 0x00007FCAB3200000 -> 0x00007FCABC100000 [143mb]
[    0.0413]   IOP Main Memory                  @ 0x00007FCABC100000 -> 0x00007FCAC4200000 [129mb]
[    0.0413]   VU0/1 On-Chip Memory             @ 0x00007FCAC4200000 -> 0x00007FCAC4300000 [1mb]
[    0.0413]   VTLB Virtual Map                 @ 0x00007FCAC4300000 -> 0x00007FCAC4B00000 [8mb]
[    0.0413]   VTLB Address Map                 @ 0x00007FCAC4B00000 -> 0x00007FCAC4F00000 [4mb]
[    0.0413]   R5900 Recompiler Cache           @ 0x00007FCAC4F00000 -> 0x00007FCAC8F00000 [64mb]
[    0.0413]   R3000A Recompiler Cache          @ 0x00007FCAC8F00000 -> 0x00007FCACAF00000 [32mb]
[    0.0413]   Micro VU0 Recompiler Cache       @ 0x00007FCACBF00000 -> 0x00007FCACFF00000 [64mb]
[    0.0414]   Micro VU1 Recompiler Cache       @ 0x00007FCACFF00000 -> 0x00007FCAD3F00000 [64mb]
[    0.0414]   VIF0 Unpack Recompiler Cache     @ 0x00007FCACAF00000 -> 0x00007FCACB700000 [8mb]
[    0.0414]   VIF1 Unpack Recompiler Cache     @ 0x00007FCACB700000 -> 0x00007FCACBF00000 [8mb]
[    0.0414]   VIF Unpack Recompiler Cache      @ 0x00007FCAD3F00000 -> 0x00007FCAD4000000 [1mb]
[    0.0414]   GS Software Renderer             @ 0x00007FCAD4000000 -> 0x00007FCAD8000000 [64mb]
[    0.0434] Fastmem area: 0x7fc9b3200000 - 0x7fcab31fffff
[    0.0455] Generating SSE-optimized unpacking functions for VIF interpreters...
[    0.0457] Unpack function generation complete.  Generated function statistics:
[    0.0457]   Reserved buffer    : 1048576 bytes @ 0x00007FCAD3F00000
[    0.0457]   x86 code generated : 7422 bytes
[    0.0457] 
[    0.0460] SDLInputSource: Using Controller DB from resources.
[    0.0655] SDLInputSource: 765 gamepad mappings are loaded.
[    0.0656] Invalid binding: 'XInput-0/DPadUp'
[    0.0656] Invalid binding: 'XInput-0/DPadRight'
[    0.0656] Invalid binding: 'XInput-0/DPadDown'
[    0.0656] Invalid binding: 'XInput-0/DPadLeft'
[    0.0656] Invalid binding: 'XInput-0/Y'
[    0.0656] Invalid binding: 'XInput-0/B'
[    0.0656] Invalid binding: 'XInput-0/A'
[    0.0656] Invalid binding: 'XInput-0/X'
[    0.0656] Invalid binding: 'XInput-0/Back'
[    0.0656] Invalid binding: 'XInput-0/Start'
[    0.0656] Invalid binding: 'XInput-0/LeftShoulder'
[    0.0656] Invalid binding: 'XInput-0/+LeftTrigger'
[    0.0657] Invalid binding: 'XInput-0/RightShoulder'
[    0.0657] Invalid binding: 'XInput-0/+RightTrigger'
[    0.0657] Invalid binding: 'XInput-0/LeftStick'
[    0.0657] Invalid binding: 'XInput-0/RightStick'
[    0.0657] Invalid binding: 'XInput-0/Guide'
[    0.0657] Invalid binding: 'XInput-0/-LeftY'
[    0.0657] Invalid binding: 'XInput-0/+LeftX'
[    0.0657] Invalid binding: 'XInput-0/+LeftY'
[    0.0657] Invalid binding: 'XInput-0/-LeftX'
[    0.0657] Invalid binding: 'XInput-0/-RightY'
[    0.0657] Invalid binding: 'XInput-0/+RightX'
[    0.0657] Invalid binding: 'XInput-0/+RightY'
[    0.0657] Invalid binding: 'XInput-0/-RightX'
[    0.0663] Settings: Advanced Settings are enabled; only proceed if you know what you're doing! No support will be provided if you have the option enabled.
[    0.1133] Scanning F:\PS2\Games (recursively)
[    0.2229] Loading BIOS...
[    0.2353] BIOS Found: Europe  v02.00(14/06/2004)  Console 20040614-100914
[    0.2922] Mechacon version: 0x00020603
[    0.2941] Opening CDVD...
[    0.3270] Initializing Elf: 4470780 bytes
[    0.3277] Disc changed to .
[    0.3277]   Name: vehicle-playground [?]
[    0.3277]   Serial: vehicle-playground
[    0.3277]   Version: 
[    0.3277]   CRC: 57773078
[    0.3277] No game settings found (tried '/home/spider/pool-lattice-probe-b192-arm0-repeat3-20261005-v1/profile/PCSX2/gamesettings/57773078.ini')
[    0.3277] Applying settings...
[    0.3280] Invalid binding: 'XInput-0/DPadUp'
[    0.3280] Invalid binding: 'XInput-0/DPadRight'
[    0.3280] Invalid binding: 'XInput-0/DPadDown'
[    0.3280] Invalid binding: 'XInput-0/DPadLeft'
[    0.3280] Invalid binding: 'XInput-0/Y'
[    0.3280] Invalid binding: 'XInput-0/B'
[    0.3280] Invalid binding: 'XInput-0/A'
[    0.3280] Invalid binding: 'XInput-0/X'
[    0.3281] Invalid binding: 'XInput-0/Back'
[    0.3281] Invalid binding: 'XInput-0/Start'
[    0.3281] Invalid binding: 'XInput-0/LeftShoulder'
[    0.3281] Invalid binding: 'XInput-0/+LeftTrigger'
[    0.3281] Invalid binding: 'XInput-0/RightShoulder'
[    0.3281] Invalid binding: 'XInput-0/+RightTrigger'
[    0.3281] Invalid binding: 'XInput-0/LeftStick'
[    0.3281] Invalid binding: 'XInput-0/RightStick'
[    0.3281] Invalid binding: 'XInput-0/Guide'
[    0.3281] Invalid binding: 'XInput-0/-LeftY'
[    0.3281] Invalid binding: 'XInput-0/+LeftX'
[    0.3281] Invalid binding: 'XInput-0/+LeftY'
[    0.3281] Invalid binding: 'XInput-0/-LeftX'
[    0.3281] Invalid binding: 'XInput-0/-RightY'
[    0.3281] Invalid binding: 'XInput-0/+RightX'
[    0.3281] Invalid binding: 'XInput-0/+RightY'
[    0.3281] Invalid binding: 'XInput-0/-RightX'
[    0.3283] GameDB: Has not been initialized yet, initializing...
[    0.3753] GameDB: 12841 games on record (loaded in 46.98ms)
[    0.3777] Reopening memory cards...
[    0.3778] (FileMcd) Creating new 8MB memory card: /home/spider/pool-lattice-probe-b192-arm0-repeat3-20261005-v1/profile/PCSX2/memcards/Mcd001.ps2
[    0.3871] McdSlot 0 [File]: Mcd001.ps2 [8 MB, UNFORMATTED]
[    0.3872] McdSlot 1 [File]: [disabled/empty filename]
[    0.3914] HLE Host: Set 'host:' root path to: /mnt/f/Projects/tyrax2-lab-20261001/wild-pool-lattice-probe-physical-v1/game/bin
[    0.3915] EE/iR5900 Recompiler Reset
[    0.4382] iR3000A Recompiler reset.
[    0.4580] Resetting host memory for virtual systems...
[    0.7059] Time Zone Offset: GMT+01:00
[    0.7059] Time Zone Location: Berlin
[    0.7059] DST: Winter Time
[    0.7059] Time Format: 24-Hour
[    0.7059] Date Format: DD/MM/YYYY
[    0.7059] System Time Basis: Operating System Time
[    0.7060] Resulting System Time: 2026-10-05 13:42:31
[    0.7060] Close virtual disk tray
[    0.7060] Media already loaded (fast boot)
[    0.7060] Opening GS...
[    0.7563] VK: Enabling extension: VK_KHR_get_surface_capabilities2
[    0.7669] Using Vulkan GPU 'llvmpipe (LLVM 15.0.7, 256 bits)' for automatic renderer check.
[    0.7669] Not using Vulkan for software renderer.
[    0.7670] acquireRenderWindow() recreate=true fullscreen=false render_to_main=true surfaceless=false
[    0.7697] (GetRefreshRateFromXRandR) Modeline is invalid: 0/0/0
[    0.7697] Surface refresh rate: 60 Hz
[    0.7701] Loading EGL from libEGL.so...
[    0.7714] GLAD EGL Version: 1.0
[    0.7714] Using EGL platform EGL_EXT_platform_x11.
[    0.7800] eglInitialize() version: 1.5
[    0.7801] GLAD EGL Version: 1.5
[    0.7801] Trying GL version 4.6
[    0.7802] eglCreateContext() failed: 0x3009
[    0.7802] Trying GL version 4.5
[    0.7905] Got GL version 4.5
[    0.7906] EGL_MIN_SWAP_INTERVAL = 1
[    0.7906] EGL_MAX_SWAP_INTERVAL = 1
[    0.7906] Negative swap interval/tear-control is NOT supported
[    0.7930] GL_VENDOR: Mesa
[    0.7930] GL_VERSION: 4.5 (Core Profile) Mesa 23.2.1-1ubuntu3.1~22.04.4
[    0.7930] GL_RENDERER: llvmpipe (LLVM 15.0.7, 256 bits)
[    0.7930] GL_SHADING_LANGUAGE_VERSION: 4.50
[    0.7931] GL_MAX_VERTEX_SHADER_STORAGE_BLOCKS: 16
[    0.7931] GL: Viewport Array:            Supported       => Using: GL_ARB_viewport_array
[    0.7931] GL: Direct State Access:       Supported       => Using: OpenGL 4.5 Core
[    0.7931] GL: Copy Image:                Supported       => Using: OpenGL 4.3 Core
[    0.7931] GL: Clip Control:              Supported       => Using: OpenGL 4.5 Core
[    0.7931] GL: Conservative Depth:        Supported       => Using: OpenGL 4.2 Core
[    0.7931] GL: CAS Sharpening:            Supported       => Using: OpenGL 4.2 Core
[    0.7931] GL: Texture Barriers:          Auto            => Using: Framebuffer Fetch
[    0.7931] GL: RGBA16 HW Blending:        Supported       => Using: RGBA16 UNORM
[    0.7931] GL: Point Expansion:           Supported       => Using: Hardware
[    0.7931] GL: Line Expansion:            Fallback        => Using: Vertex Expansion
[    0.7932] GL: Sprite Expansion:          Supported       => Using: Vertex Expansion
[    0.7932] GL: DXTn Texture Compression:  Supported       => Using: GL_EXT_texture_compression_s3tc
[    0.7932] GL: BC6/7 Texture Compression: Supported       => Using: OpenGL 4.2 Core
[    0.8014] 1 program binary formats supported by driver
[    0.8367] Program binary retrieved, 4105 bytes, format 34655
[    0.8371] Program binary retrieved, 4121 bytes, format 34655
[    0.8375] Program binary retrieved, 4249 bytes, format 34655
[    0.8379] Program binary retrieved, 4013 bytes, format 34655
[    0.8383] Program binary retrieved, 4013 bytes, format 34655
[    0.8386] Program binary retrieved, 4017 bytes, format 34655
[    0.8390] Program binary retrieved, 4017 bytes, format 34655
[    0.8393] Program binary retrieved, 4185 bytes, format 34655
[    0.8397] Program binary retrieved, 4217 bytes, format 34655
[    0.8401] Program binary retrieved, 4137 bytes, format 34655
[    0.8405] Program binary retrieved, 4125 bytes, format 34655
[    0.8408] Program binary retrieved, 4121 bytes, format 34655
[    0.8414] Program binary retrieved, 4253 bytes, format 34655
[    0.8421] Program binary retrieved, 4237 bytes, format 34655
[    0.8425] Program binary retrieved, 4245 bytes, format 34655
[    0.8429] Program binary retrieved, 4261 bytes, format 34655
[    0.8434] Program binary retrieved, 4965 bytes, format 34655
[    0.8439] Program binary retrieved, 4981 bytes, format 34655
[    0.8443] Program binary retrieved, 4261 bytes, format 34655
[    0.8447] Program binary retrieved, 4277 bytes, format 34655
[    0.8452] Program binary retrieved, 5005 bytes, format 34655
[    0.8457] Program binary retrieved, 5021 bytes, format 34655
[    0.8460] Program binary retrieved, 4257 bytes, format 34655
[    0.8464] Program binary retrieved, 4273 bytes, format 34655
[    0.8469] Program binary retrieved, 5001 bytes, format 34655
[    0.8474] Program binary retrieved, 5017 bytes, format 34655
[    0.8478] Program binary retrieved, 4277 bytes, format 34655
[    0.8482] Program binary retrieved, 4293 bytes, format 34655
[    0.8487] Program binary retrieved, 5057 bytes, format 34655
[    0.8492] Program binary retrieved, 5073 bytes, format 34655
[    0.8497] Program binary retrieved, 4153 bytes, format 34655
[    0.8501] Program binary retrieved, 4169 bytes, format 34655
[    0.8505] Program binary retrieved, 4233 bytes, format 34655
[    0.8511] Program binary retrieved, 5781 bytes, format 34655
[    0.8518] Program binary retrieved, 5373 bytes, format 34655
[    0.8525] Program binary retrieved, 6389 bytes, format 34655
[    0.8530] Program binary retrieved, 4917 bytes, format 34655
[    0.8534] Program binary retrieved, 4845 bytes, format 34655
[    0.8539] Program binary retrieved, 4997 bytes, format 34655
[    0.8543] Program binary retrieved, 4101 bytes, format 34655
[    0.8574] Program binary retrieved, 4137 bytes, format 34655
[    0.8607] Program binary retrieved, 4109 bytes, format 34655
[    0.8612] Program binary retrieved, 5389 bytes, format 34655
[    0.8616] Program binary retrieved, 5829 bytes, format 34655
[    0.8620] Program binary retrieved, 5857 bytes, format 34655
[    0.8624] Program binary retrieved, 4289 bytes, format 34655
[    0.8650] Program binary retrieved, 21205 bytes, format 34655
[    0.8655] Program binary retrieved, 4765 bytes, format 34655
[    0.8660] Program binary retrieved, 5685 bytes, format 34655
[    0.8663] Program binary retrieved, 4141 bytes, format 34655
[    0.8666] Program binary retrieved, 4537 bytes, format 34655
[    0.8670] Program binary retrieved, 4889 bytes, format 34655
[    0.8673] Program binary retrieved, 4117 bytes, format 34655
[    0.8676] Program binary retrieved, 4741 bytes, format 34655
[    0.8681] Program binary retrieved, 4965 bytes, format 34655
[    0.8687] Program binary retrieved, 6613 bytes, format 34655
[    0.8691] Program binary retrieved, 4797 bytes, format 34655
[    0.8707] Program binary retrieved, 13085 bytes, format 34655
[    0.8773] Program binary retrieved, 7285 bytes, format 34655
[    0.8834] Program binary retrieved, 5497 bytes, format 34655
[    0.8838] Program binary retrieved, 4141 bytes, format 34655
[    0.8842] Program binary retrieved, 4141 bytes, format 34655
[    0.8846] Program binary retrieved, 4145 bytes, format 34655
[    0.8849] Program binary retrieved, 4145 bytes, format 34655
[    0.9375] Program binary retrieved, 5369 bytes, format 34655
[    0.9391] OpenGL Graphics Driver Info:
[    0.9391] OpenGL Context:
[    0.9391] 4.5 (Core Profile) Mesa 23.2.1-1ubuntu3.1~22.04.4
[    0.9391] Mesa llvmpipe (LLVM 15.0.7, 256 bits)
[    0.9391] GLSL: 4.50
[    0.9426] Processor count: 24 cores, 24 processors, 1 clusters
[    0.9427] Ordered processor list: 12, 23, 22, 21, 20, 19, 18, 17, 16, 15, 14, 13, 0, 11, 10, 9, 8, 7, 6, 5, 4, 3, 2, 1
[    0.9427] Not pinning SW threads, we need 4 processors, but only have 0
[    0.9432] Opening SPU2...
[    0.9435] Creating Null audio stream, sample rate = 48000, expansion = Disabled, buffer = 50, latency = 32, stretching enabled, driver = wasapi, device = 
[    0.9436] Allocated buffer of 2432 frames for buffer of 50 ms [expansion Disabled (block size 2048), stretch disabled, target size 2432].
[    0.9436] Initializing Pad...
[    0.9436] Initializing SIO2...
[    0.9436] Initializing SIO0...
[    0.9436] Opening DEV9...
[    0.9436] DEV9: DEV9init
[    0.9445] DEV9: DEV9init2
[    0.9445] DEV9: DEV9init3
[    0.9485] DEV9: DEV9init ok
[    0.9485] DEV9: DEV9open
[    0.9485] Opening USB...
[    0.9485] Opening FW...
[    0.9488] Frame rate: 59.94, target speed: 1, target frame rate: 59.94, ticks per frame: 16683350
[    0.9530] MultiPause time: 253ns
[    0.9530] VM subsystems initialized in 734.85 ms
[    0.9531] MultiPause time: 142ns
[    0.9532] MultiPause time: 161ns
[    0.9532] MultiPause time: 161ns
[    0.9644] Failed to inhibit screen saver.
[    0.9644] Processor order assignment: EE=12, VU=23, GS=23
[    0.9645]   EE thread is on processor 12 (0x1000)
[    0.9646]   GS thread is on processor 23 (0x800000)
[    0.9748] Failed to inhibit screen saver.
[    1.0009] # Initialize memory (rev:3.70, ctm:197Mhz, cpuclk:147Mhz detected)
[    1.0098] R3000 Debugger: Branch to 0x890 (SYSMEM). Clearing modules.
[    1.0117] RegisterLibraryEntries: excepman version 1.01
[    1.0127] RegisterLibraryEntries:  intrman version 1.02
[    1.0129] RegisterLibraryEntries:   ssbusc version 1.01
[    1.0132] RegisterLibraryEntries:  dmacman version 1.02
[    1.0136] RegisterLibraryEntries:  timrman version 1.01
[    1.0139] RegisterLibraryEntries:  sysclib version 1.01
[    1.0141] RegisterLibraryEntries:    stdio version 1.01
[    1.0142] RegisterLibraryEntries:  heaplib version 1.01
[    1.0147] FW: read mem 0x1f80847c: 0x10000001
[    1.0147] FW: write mem 0x1f808414: 0x417f0000
[    1.0147] FW: read mem 0x1f808400: 0xffc00001
[    1.0147] FW: write mem 0x1f80844c: 0xffffffff
[    1.0147] FW: write mem 0x1f808420: 0xffffffff
[    1.0147] FW: write mem 0x1f808428: 0xffffffff
[    1.0147] FW: write mem 0x1f808430: 0xffffffff
[    1.0157] RegisterLibraryEntries:   thbase version 1.01
[    1.0158] RegisterLibraryEntries:  thevent version 1.01
[    1.0158] RegisterLibraryEntries:  thsemap version 1.01
[    1.0159] RegisterLibraryEntries:  thmsgbx version 1.01
[    1.0159] RegisterLibraryEntries:  thfpool version 1.01
[    1.0159] RegisterLibraryEntries:  thvpool version 1.01
[    1.0173] RegisterLibraryEntries:   vblank version 1.01
[    1.0181] RegisterLibraryEntries:    ioman version 1.02
[    1.0189] RegisterLibraryEntries:  modload version 1.01
[    1.0193] RegisterLibraryEntries:   romdrv version 2.01
[    1.0195] RegisterLibraryEntries:    stdio version 1.02
[    1.0200] RegisterLibraryEntries:   sifman version 1.01
[    1.0203] 
[    1.0204] PlayStation 2 ======== Hard reset boot
[    1.0205]  ROMGEN=2004-0614, IOP info (CPUID=1f, CACH_CONFIG=0, 2MB, IOP mode)
[    1.0207]  <20040614-100914,ROMconf,PS20200EC20040614.bin:11696>
[    1.0312] # Total accessable memory size: 32 MB (B:2:8:0) (370:2:7c30)
[    1.0325] # TLB spad=0 kernel=1:12 default=13:30 extended=31:38
[    1.0953] # Initialize Start.
[    1.0958] # Initialize GS ...
[    1.0958] # Initialize INTC ...
[    1.0958] # Initialize TIMER ...
[    1.0959] # Initialize DMAC ...
[    1.0960] # Initialize VU1 ...
[    1.0961] # Initialize VIF1 ...
[    1.0962] # Initialize GIF ...
[    1.0963] # Initialize VU0 ...
[    1.0965] # Initialize VIF0 ...
[    1.0965] # Initialize IPU ...
[    1.0967] # Initialize FPU ...
[    1.0967] # Initialize User Memory ...
[    1.1585] # Initialize Scratch Pad ...
[    1.1585] # Initialize Done.
[    1.1593] 
[    1.1594] EE DECI2 Manager version 0.06 Feb  6 2003 08:38:48
[    1.1594]   CPUID=2e20, BoardID=0, ROMGEN=2004-0614, 32M
[    1.1594] 
[    1.1596] RegisterLibraryEntries:   sifcmd version 1.01
[    1.1914] Initializing Elf: 4470780 bytes
[    1.1942] ELF Loading: host:vehicle-playground.elf, Game CRC = 57773078, EntryPoint = 0x00100E78
[    1.1971] RegisterLibraryEntries:  cdvdman version 1.01
[    1.2006] Imported 823 symbols.
[    1.2054] RegisterLibraryEntries:  cdvdfsv version 1.01
[    1.2078] RegisterLibraryEntries:  secrman version 1.03
[    1.2079] RegisterLibraryEntries:   eesync version 1.01
[    1.2081] 
[    1.2081] IOP Realtime Kernel Ver.0.9.1
[    1.2081]     Copyright 1999 (C) Sony Computer Entertainment Inc. 
[    1.2087] Reboot service module.(99/11/10)
[    1.2109] cdvd driver module version 0.1.1 (C)SCEI
[    1.2114] Load File service.(99/11/05)
[    1.2114] Multi Threaded Fileio module.(99/11/15) 
[    1.2116] iop heap service (99/11/03)
[    1.2359] loadelf: fname host:vehicle-playground.elf secname all
[    1.2360] loadelf version 3.30
[    1.2387] Input ELF format filename = host:vehicle-playground.elf
[    1.2495] PINE: New client with FD 14 connected.
[    1.2497] PINE: Client disconnected.
[    1.2878] 1 00100000 003f77bc ................................................................
[    1.2878] Loaded, host:vehicle-playground.elf
[    1.2879] start address 0x100e78
[    1.2879] gp address 00000000
[    1.2886] (VMManager) Pausing...
[    1.2888] (VMManager) Resuming...
[    1.3005] Failed to inhibit screen saver.
[    1.3006] EE/iR5900 Recompiler Reset
[    1.3202] # Restart Without Memory Clear.
[    1.3309] # Initialize GS ...
[    1.3310] # Initialize INTC ...
[    1.3310] # Initialize TIMER ...
[    1.3311] # Initialize DMAC ...
[    1.3311] # Initialize VU1 ...
[    1.3313] # Initialize VIF1 ...
[    1.3313] # Initialize GIF ...
[    1.3314] # Initialize VU0 ...
[    1.3315] # Initialize VIF0 ...
[    1.3316] # Initialize IPU ...
[    1.3317] # Initialize FPU ...
[    1.3317] # Initialize Scratch Pad ...
[    1.3317] # Restart Without Memory Clear Done.
[    1.3320] ELF host:vehicle-playground.elf with entry point at 0x00100E78 is executing.
[    1.3321] ELF changed, active CRC 57773078 (host:vehicle-playground.elf)
[    1.3326] Applying core settings...
[    1.3326] Debugger Settings Manager: Failed to read Saved Addresses array from settings file: '/home/spider/pool-lattice-probe-b192-arm0-repeat3-20261005-v1/profile/PCSX2/inis/debuggersettings/vehicle-playground_57773078.json'
[    1.3326] Debugger Settings Manager: Failed to read Saved Addresses array from settings file: '/home/spider/pool-lattice-probe-b192-arm0-repeat3-20261005-v1/profile/PCSX2/inis/debuggersettings/vehicle-playground_57773078.json'
[    1.3332] Updating CPU configuration...
[    1.3332] iR3000A Recompiler reset.
[    1.3502] PINE: New client with FD 14 connected.
[    1.3507] PINE: Client disconnected.
[    1.3566] iR3000A Recompiler reset.
[    1.3637] EE/iR5900 Recompiler Reset
[    1.3798] (VMManager) Pausing...
[    1.3801] EE/iR5900 Recompiler Reset
[    1.3976] EE/iR5900 Recompiler Reset
[    1.4127] iR3000A Recompiler reset.
[    1.4171] EE/iR5900 Recompiler Reset
[    1.4356] iR3000A Recompiler reset.
[    1.4394] EE/iR5900 Recompiler Reset
[    1.4513] PINE: New client with FD 14 connected.
[    1.4515] PINE: Client disconnected.
[    1.4583] iR3000A Recompiler reset.
[    1.4625] EE/iR5900 Recompiler Reset
[    1.4807] iR3000A Recompiler reset.
[    1.4861] EE/iR5900 Recompiler Reset
[    1.5824] PINE: New client with FD 14 connected.
[    1.5830] OSD [SaveStateSlot140]: Saving state to slot 140...
[    1.6158]   Saving SPU2
[    1.6164]   Saving GS
[    1.7231] OSD [SaveStateSlot140]: Saved state to slot 140.
[    1.7231] Zipping save state to '/home/spider/pool-lattice-probe-b192-arm0-repeat3-20261005-v1/profile/PCSX2/sstates/vehicle-playground (57773078).140.p2s' took 100.41 ms
[    2.8692] PINE: Client disconnected.
[    3.3605] PINE: New client with FD 14 connected.
[    3.3818] (VMManager) Resuming...
[    3.3946] Failed to inhibit screen saver.
[    3.3963] BIOS: Successfully found the instruction pattern. Assuming the thread list is here: 8001a640
[    3.3995] Warning: GetOsdConfigParam2 Reading extended language/version configs, may be incorrect!
[    3.4106] read/write allocate memory 4000
[    3.4106] open name host:/ps2link.run flag 1 data 41378
[    3.4113] open fd = -5
[    3.4141] Get Reboot Request From EE
[    3.4154] R3000 Debugger: Branch to 0x890 (SYSMEM). Clearing modules.
[    3.4173] RegisterLibraryEntries: excepman version 1.01
[    3.4185] RegisterLibraryEntries:  intrman version 1.02
[    3.4186] RegisterLibraryEntries:   ssbusc version 1.01
[    3.4191] RegisterLibraryEntries:  dmacman version 1.02
[    3.4196] RegisterLibraryEntries:  timrman version 1.01
[    3.4201] RegisterLibraryEntries:  sysclib version 1.01
[    3.4201] RegisterLibraryEntries:    stdio version 1.01
[    3.4203] RegisterLibraryEntries:  heaplib version 1.01
[    3.4225] RegisterLibraryEntries:   thbase version 1.01
[    3.4226] RegisterLibraryEntries:  thevent version 1.01
[    3.4226] RegisterLibraryEntries:  thsemap version 1.01
[    3.4226] RegisterLibraryEntries:  thmsgbx version 1.01
[    3.4227] RegisterLibraryEntries:  thfpool version 1.01
[    3.4227] RegisterLibraryEntries:  thvpool version 1.01
[    3.4237] RegisterLibraryEntries:   vblank version 1.01
[    3.4241] RegisterLibraryEntries:    ioman version 1.02
[    3.4251] RegisterLibraryEntries:  modload version 1.01
[    3.4344] RegisterLibraryEntries:   romdrv version 2.01
[    3.4348] RegisterLibraryEntries:    stdio version 1.02
[    3.4353] RegisterLibraryEntries:   sifman version 1.01
[    3.4357] 
[    3.4357] PlayStation 2 ======== Soft reboot
[    3.4364] RegisterLibraryEntries:   sifcmd version 1.01
[    3.4402] RegisterLibraryEntries:  cdvdman version 1.01
[    3.4417] RegisterLibraryEntries:  cdvdfsv version 1.01
[    3.4501] RegisterLibraryEntries:  secrman version 1.03
[    3.4503] RegisterLibraryEntries:   eesync version 1.01
[    3.4504] 
[    3.4504] IOP Realtime Kernel Ver.0.9.1
[    3.4505]     Copyright 1999 (C) Sony Computer Entertainment Inc. 
[    3.4510] Reboot service module.(99/11/10)
[    3.4531] [EE] Skipping timeout loop at 0x002D52D0 -> 0x002D52F0
[    3.4531] cdvd driver module version 0.1.1 (C)SCEI
[    3.4534] Load File service.(99/11/05)
[    3.4535] Multi Threaded Fileio module.(99/11/15) 
[    3.4535] iop heap service (99/11/03)
[    3.4674] PINE: Client disconnected.
[    3.4710] RegisterLibraryEntries:   iomanx version 1.01
[    3.4723] fileXio: fileXio: fileXio RPC Server v1.00
[    3.4724] Copyright (c) 2003 adresd
[    3.4727] RegisterLibraryEntries:  sio2man version 2.07
[    3.4728] RegisterLibraryEntries:  sio2man version 1.02
[    3.4737] RegisterLibraryEntries:   padman version 1.02
[    3.4739] Pad Driver for OSD
[    3.4743] FREESD v1.01
[    3.4743] RegisterLibraryEntries:    libsd version 1.04
[    3.4865] debug_level = 1 (ps2snd 0.1
[    3.4873] greetings from version 0.93 !
[    3.4873] RegisterLibraryEntries:   audsrv version 1.04
[    3.4875] audsrv_adpcm_init()
[    3.4887] UpdateVSyncRate: Mode Changed to SDTV 480p.
[    3.4887] Frame rate: 59.94, target speed: 1, target frame rate: 59.94, ticks per frame: 16683350
[    3.4887] Set GS CRTC configuration. SDTV   720x480 @ 59.94 Progressive (FRAME)
[    5.5773] read/write allocate memory 4000
[    5.5775] 
[    5.5779] -----------------------------------------
[    5.5780]         _____        ____   ___
[    5.5780]           |     /   ____| |___|
[    5.5781]           |     |   |     |   |
[    5.5781] -----------------------------------------
[    5.5782] Copyright 2022
[    5.5782] Repository: https://github.com/h4570/tyra
[    5.5783] Licensed under Apache License 2.0
[    5.5787] Version: 2.2.0
[    5.5788] -----------------------------------------
[    5.5788] 
[    5.7413] audsrv_adpcm_init()
[    5.7424] [EE] Skipping timeout loop at 0x00102CB0 -> 0x00102CD0
[    5.7760] Curent pad(0,0) status: EXECCMD
[    5.9731] Pad: DS2 Config Finished - P1/S1 - AL: Off - AB: Usable - VS: Disabled - VL: Disabled - RB: D (0x00000000)
[    6.0083] Curent pad(0,0) status: EXECCMD
[    6.0753] Pad: DS2 Config Finished - P1/S1 - AL: On - AB: Locked - VS: Disabled - VL: Disabled - RB: D (0x00000000)
[    6.2746] Pad: DS2 Config Finished - P1/S1 - AL: On - AB: Locked - VS: Disabled - VL: Disabled - RB: D (0x00000000)
[    6.3084] Curent pad(0,0) status: EXECCMD
[    6.5738] Pad: DS2 Config Finished - P1/S1 - AL: On - AB: Locked - VS: Disabled - VL: Disabled - RB: D+A+P (0x0003FFFF)
[    6.7754] Pad: DS2 Config Finished - P1/S1 - AL: On - AB: Locked - VS: Disabled - VL: Disabled - RB: D+A+P (0x0003FFFF)
[    6.8104] open name host:/pool2-probe.cfg flag 1 data 41378
[    6.8119] open fd = 256
[    6.8175] open name host:/hud/flare-corona.png flag 1 data 41378
[    6.8190] open fd = 256
[    6.8407] LOG: POOL2PROBE_CONFIG arm=0 vertices=192 members=2 repeats=3 package=75 alpha=128
[    6.8408] LOG: POOL2EEPROBE_CONFIG kind=8 clip=0 lazy=1 table=1 lattice=0 oracle=0
[    6.8419] FRAMEARENA allocated=1 bytes=1048576
[    6.8538] microVU1: Cached Prog = [000] [PC=18e0] [List=01] (Cache=0.000%) [0.0mb]
[    6.8548] microVU1: 3 cycle stall on branch instruction [2008]
[    6.8559] microVU1: Branch Optimization
[    6.8560] microVU1: Cached Prog = [001] [PC=2750] [List=01] (Cache=0.280%) [0.2mb]
[    6.8568] microVU1: 3 cycle stall on branch instruction [2008]
[    6.8580] microVU1: Branch Optimization
[    6.8695] LOG: POOL2EEPROBE_SOURCE clip=0 ready=0 total=192 generation=1 coldOracle=0
[    6.8696] LOG: POOL2PROBE_FRAME frame=1 cold=1 arm=0 eligible=0 applied=0 compared=0 mismatches=0
[    6.8848] LOG: POOL2EEPROBE_SOURCE clip=0 ready=0 total=192 generation=2 coldOracle=0
[    6.8849] LOG: POOL2PROBE_FRAME frame=2 cold=0 arm=0 eligible=0 applied=0 compared=0 mismatches=0
[    6.8978] LOG: POOL2EEPROBE_SOURCE clip=0 ready=0 total=192 generation=3 coldOracle=0
[    6.8979] LOG: POOL2PROBE_FRAME frame=3 cold=0 arm=0 eligible=0 applied=0 compared=0 mismatches=0
[    6.8980] LOG: POOL2PROBE_READY arm=0 vertices=192 repeats=3 completed=3 warmBypass=0
[    6.8980] (VMManager) Pausing...
[    6.9951] PINE: New client with FD 14 connected.
[    6.9957] PINE: Client disconnected.
[    7.1358] PINE: New client with FD 14 connected.
[    7.1362] OSD [SaveStateSlot194]: Saving state to slot 194...
[    7.1689]   Saving SPU2
[    7.1694]   Saving GS
[    7.2736] OSD [SaveStateSlot194]: Saved state to slot 194.
[    7.2737] Zipping save state to '/home/spider/pool-lattice-probe-b192-arm0-repeat3-20261005-v1/profile/PCSX2/sstates/vehicle-playground (57773078).194.p2s' took 98.28 ms
[    8.4562] PINE: Client disconnected.
