[    0.0139] Program Path: /home/spider/tyrax2-debugger-linux-v1/squashfs-root/usr/bin/pcsx2-qt
[    0.0140] AppRoot Directory: /home/spider/tyrax2-debugger-linux-v1/squashfs-root/usr/bin
[    0.0140] Resources Directory: /home/spider/tyrax2-debugger-linux-v1/squashfs-root/usr/bin/resources
[    0.0140] DataRoot Directory: /home/spider/pool2-static-a96-arm1-repeat1-20261005/profile/PCSX2
[    0.0140] Loading config from /home/spider/pool2-static-a96-arm1-repeat1-20261005/profile/PCSX2/inis/PCSX2.ini.
[    0.0143] Loading secrets from /home/spider/pool2-static-a96-arm1-repeat1-20261005/profile/PCSX2/inis/secrets.ini.
[    0.0146] BIOS Directory: /mnt/c/Users/pawel/OneDrive/Documents/PCSX2/bios
[    0.0147] Snapshots Directory: /home/spider/pool2-static-a96-arm1-repeat1-20261005/profile/PCSX2/snaps
[    0.0147] Savestates Directory: /home/spider/pool2-static-a96-arm1-repeat1-20261005/profile/PCSX2/sstates
[    0.0147] MemoryCards Directory: /home/spider/pool2-static-a96-arm1-repeat1-20261005/profile/PCSX2/memcards
[    0.0147] Logs Directory: /home/spider/pool2-static-a96-arm1-repeat1-20261005/profile/PCSX2/logs
[    0.0147] Cheats Directory: /home/spider/pool2-static-a96-arm1-repeat1-20261005/profile/PCSX2/cheats
[    0.0147] Patches Directory: /home/spider/pool2-static-a96-arm1-repeat1-20261005/profile/PCSX2/patches
[    0.0147] Covers Directory: /home/spider/pool2-static-a96-arm1-repeat1-20261005/profile/PCSX2/covers
[    0.0147] Game Settings Directory: /home/spider/pool2-static-a96-arm1-repeat1-20261005/profile/PCSX2/gamesettings
[    0.0147] Resources Directory: /home/spider/tyrax2-debugger-linux-v1/squashfs-root/usr/bin/resources
[    0.0147] User Resources Directory: /home/spider/pool2-static-a96-arm1-repeat1-20261005/profile/PCSX2/resources
[    0.0147] Cache Directory: /home/spider/pool2-static-a96-arm1-repeat1-20261005/profile/PCSX2/cache
[    0.0147] Textures Directory: /home/spider/pool2-static-a96-arm1-repeat1-20261005/profile/PCSX2/textures
[    0.0147] Input Profile Directory: /home/spider/pool2-static-a96-arm1-repeat1-20261005/profile/PCSX2/inputprofiles
[    0.0147] Video Dumping Directory: /home/spider/pool2-static-a96-arm1-repeat1-20261005/profile/PCSX2/videos
[    0.0147] Debugger Layouts Directory: /home/spider/pool2-static-a96-arm1-repeat1-20261005/profile/PCSX2/inis/debuggerlayouts
[    0.0147] Debugger Settings Directory: /home/spider/pool2-static-a96-arm1-repeat1-20261005/profile/PCSX2/inis/debuggersettings
[    0.0298] Loaded translation file for language en-US
[    0.0369] PCSX2 v2.9.93
[    0.0369] Savestate version: 0x9a590000
[    0.0369] 
[    0.0369] 
[    0.0369] Host Machine Init:
[    0.0370]   Operating System = Ubuntu 22.04
[    0.0370]   Available RAM    = 49066 MB (47.92 GB)
[    0.0370]   Physical RAM     = 50191 MB (49.02 GB)
[    0.0370] 
[    0.0370]   Processor        = AMD Ryzen Threadripper 1920X
[    0.0370]   Core Count       = 24 cores
[    0.0370]   Thread Count     = 24 threads
[    0.0370]   Cluster Count    = 1 clusters
[    0.0371] CPU Extensions Detected:
[    0.0371]   AVX AVX2
[    0.0371] 
[    0.0371] Allocating host memory for virtual systems...
[    0.0374]   EE Main Memory                   @ 0x00007F8B77200000 -> 0x00007F8B80100000 [143mb]
[    0.0374]   IOP Main Memory                  @ 0x00007F8B80100000 -> 0x00007F8B88200000 [129mb]
[    0.0374]   VU0/1 On-Chip Memory             @ 0x00007F8B88200000 -> 0x00007F8B88300000 [1mb]
[    0.0374]   VTLB Virtual Map                 @ 0x00007F8B88300000 -> 0x00007F8B88B00000 [8mb]
[    0.0374]   VTLB Address Map                 @ 0x00007F8B88B00000 -> 0x00007F8B88F00000 [4mb]
[    0.0374]   R5900 Recompiler Cache           @ 0x00007F8B88F00000 -> 0x00007F8B8CF00000 [64mb]
[    0.0374]   R3000A Recompiler Cache          @ 0x00007F8B8CF00000 -> 0x00007F8B8EF00000 [32mb]
[    0.0374]   Micro VU0 Recompiler Cache       @ 0x00007F8B8FF00000 -> 0x00007F8B93F00000 [64mb]
[    0.0374]   Micro VU1 Recompiler Cache       @ 0x00007F8B93F00000 -> 0x00007F8B97F00000 [64mb]
[    0.0374]   VIF0 Unpack Recompiler Cache     @ 0x00007F8B8EF00000 -> 0x00007F8B8F700000 [8mb]
[    0.0375]   VIF1 Unpack Recompiler Cache     @ 0x00007F8B8F700000 -> 0x00007F8B8FF00000 [8mb]
[    0.0375]   VIF Unpack Recompiler Cache      @ 0x00007F8B97F00000 -> 0x00007F8B98000000 [1mb]
[    0.0375]   GS Software Renderer             @ 0x00007F8B98000000 -> 0x00007F8B9C000000 [64mb]
[    0.0390] Fastmem area: 0x7f8a77200000 - 0x7f8b771fffff
[    0.0408] Generating SSE-optimized unpacking functions for VIF interpreters...
[    0.0410] Unpack function generation complete.  Generated function statistics:
[    0.0410]   Reserved buffer    : 1048576 bytes @ 0x00007F8B97F00000
[    0.0411]   x86 code generated : 7422 bytes
[    0.0411] 
[    0.0413] SDLInputSource: Using Controller DB from resources.
[    0.0584] SDLInputSource: 765 gamepad mappings are loaded.
[    0.0585] Invalid binding: 'XInput-0/DPadUp'
[    0.0585] Invalid binding: 'XInput-0/DPadRight'
[    0.0585] Invalid binding: 'XInput-0/DPadDown'
[    0.0585] Invalid binding: 'XInput-0/DPadLeft'
[    0.0585] Invalid binding: 'XInput-0/Y'
[    0.0585] Invalid binding: 'XInput-0/B'
[    0.0585] Invalid binding: 'XInput-0/A'
[    0.0586] Invalid binding: 'XInput-0/X'
[    0.0586] Invalid binding: 'XInput-0/Back'
[    0.0586] Invalid binding: 'XInput-0/Start'
[    0.0586] Invalid binding: 'XInput-0/LeftShoulder'
[    0.0586] Invalid binding: 'XInput-0/+LeftTrigger'
[    0.0586] Invalid binding: 'XInput-0/RightShoulder'
[    0.0586] Invalid binding: 'XInput-0/+RightTrigger'
[    0.0586] Invalid binding: 'XInput-0/LeftStick'
[    0.0586] Invalid binding: 'XInput-0/RightStick'
[    0.0586] Invalid binding: 'XInput-0/Guide'
[    0.0586] Invalid binding: 'XInput-0/-LeftY'
[    0.0586] Invalid binding: 'XInput-0/+LeftX'
[    0.0586] Invalid binding: 'XInput-0/+LeftY'
[    0.0586] Invalid binding: 'XInput-0/-LeftX'
[    0.0586] Invalid binding: 'XInput-0/-RightY'
[    0.0586] Invalid binding: 'XInput-0/+RightX'
[    0.0586] Invalid binding: 'XInput-0/+RightY'
[    0.0586] Invalid binding: 'XInput-0/-RightX'
[    0.0592] Settings: Advanced Settings are enabled; only proceed if you know what you're doing! No support will be provided if you have the option enabled.
[    0.1096] Scanning F:\PS2\Games (recursively)
[    0.2128] Loading BIOS...
[    0.2241] BIOS Found: Europe  v02.00(14/06/2004)  Console 20040614-100914
[    0.2825] Mechacon version: 0x00020603
[    0.2841] Opening CDVD...
[    0.3144] Initializing Elf: 4455708 bytes
[    0.3151] Disc changed to .
[    0.3152]   Name: vehicle-playground [?]
[    0.3152]   Serial: vehicle-playground
[    0.3152]   Version: 
[    0.3152]   CRC: 255D8279
[    0.3152] No game settings found (tried '/home/spider/pool2-static-a96-arm1-repeat1-20261005/profile/PCSX2/gamesettings/255D8279.ini')
[    0.3152] Applying settings...
[    0.3155] Invalid binding: 'XInput-0/DPadUp'
[    0.3155] Invalid binding: 'XInput-0/DPadRight'
[    0.3155] Invalid binding: 'XInput-0/DPadDown'
[    0.3155] Invalid binding: 'XInput-0/DPadLeft'
[    0.3155] Invalid binding: 'XInput-0/Y'
[    0.3156] Invalid binding: 'XInput-0/B'
[    0.3156] Invalid binding: 'XInput-0/A'
[    0.3156] Invalid binding: 'XInput-0/X'
[    0.3156] Invalid binding: 'XInput-0/Back'
[    0.3156] Invalid binding: 'XInput-0/Start'
[    0.3156] Invalid binding: 'XInput-0/LeftShoulder'
[    0.3156] Invalid binding: 'XInput-0/+LeftTrigger'
[    0.3156] Invalid binding: 'XInput-0/RightShoulder'
[    0.3156] Invalid binding: 'XInput-0/+RightTrigger'
[    0.3156] Invalid binding: 'XInput-0/LeftStick'
[    0.3156] Invalid binding: 'XInput-0/RightStick'
[    0.3156] Invalid binding: 'XInput-0/Guide'
[    0.3156] Invalid binding: 'XInput-0/-LeftY'
[    0.3156] Invalid binding: 'XInput-0/+LeftX'
[    0.3156] Invalid binding: 'XInput-0/+LeftY'
[    0.3156] Invalid binding: 'XInput-0/-LeftX'
[    0.3156] Invalid binding: 'XInput-0/-RightY'
[    0.3156] Invalid binding: 'XInput-0/+RightX'
[    0.3156] Invalid binding: 'XInput-0/+RightY'
[    0.3156] Invalid binding: 'XInput-0/-RightX'
[    0.3158] GameDB: Has not been initialized yet, initializing...
[    0.3590] GameDB: 12841 games on record (loaded in 43.24ms)
[    0.3618] Reopening memory cards...
[    0.3619] (FileMcd) Creating new 8MB memory card: /home/spider/pool2-static-a96-arm1-repeat1-20261005/profile/PCSX2/memcards/Mcd001.ps2
[    0.3715] McdSlot 0 [File]: Mcd001.ps2 [8 MB, UNFORMATTED]
[    0.3715] McdSlot 1 [File]: [disabled/empty filename]
[    0.3755] HLE Host: Set 'host:' root path to: /mnt/f/Projects/tyrax2-lab-20261001/wild-pool2-static-probe-physical-v1/game/bin
[    0.3756] EE/iR5900 Recompiler Reset
[    0.4145] iR3000A Recompiler reset.
[    0.4309] Resetting host memory for virtual systems...
[    0.6664] Time Zone Offset: GMT+01:00
[    0.6665] Time Zone Location: Berlin
[    0.6665] DST: Winter Time
[    0.6665] Time Format: 24-Hour
[    0.6665] Date Format: DD/MM/YYYY
[    0.6665] System Time Basis: Operating System Time
[    0.6665] Resulting System Time: 2026-10-05 03:04:51
[    0.6665] Close virtual disk tray
[    0.6665] Media already loaded (fast boot)
[    0.6665] Opening GS...
[    0.7091] VK: Enabling extension: VK_KHR_get_surface_capabilities2
[    0.7231] Using Vulkan GPU 'llvmpipe (LLVM 15.0.7, 256 bits)' for automatic renderer check.
[    0.7232] Not using Vulkan for software renderer.
[    0.7233] acquireRenderWindow() recreate=true fullscreen=false render_to_main=true surfaceless=false
[    0.7270] (GetRefreshRateFromXRandR) Modeline is invalid: 0/0/0
[    0.7271] Surface refresh rate: 60 Hz
[    0.7275] Loading EGL from libEGL.so...
[    0.7292] GLAD EGL Version: 1.0
[    0.7292] Using EGL platform EGL_EXT_platform_x11.
[    0.7380] eglInitialize() version: 1.5
[    0.7382] GLAD EGL Version: 1.5
[    0.7382] Trying GL version 4.6
[    0.7382] eglCreateContext() failed: 0x3009
[    0.7382] Trying GL version 4.5
[    0.7491] Got GL version 4.5
[    0.7491] EGL_MIN_SWAP_INTERVAL = 1
[    0.7491] EGL_MAX_SWAP_INTERVAL = 1
[    0.7491] Negative swap interval/tear-control is NOT supported
[    0.7516] GL_VENDOR: Mesa
[    0.7516] GL_VERSION: 4.5 (Core Profile) Mesa 23.2.1-1ubuntu3.1~22.04.4
[    0.7516] GL_RENDERER: llvmpipe (LLVM 15.0.7, 256 bits)
[    0.7516] GL_SHADING_LANGUAGE_VERSION: 4.50
[    0.7517] GL_MAX_VERTEX_SHADER_STORAGE_BLOCKS: 16
[    0.7517] GL: Viewport Array:            Supported       => Using: GL_ARB_viewport_array
[    0.7517] GL: Direct State Access:       Supported       => Using: OpenGL 4.5 Core
[    0.7517] GL: Copy Image:                Supported       => Using: OpenGL 4.3 Core
[    0.7517] GL: Clip Control:              Supported       => Using: OpenGL 4.5 Core
[    0.7517] GL: Conservative Depth:        Supported       => Using: OpenGL 4.2 Core
[    0.7517] GL: CAS Sharpening:            Supported       => Using: OpenGL 4.2 Core
[    0.7517] GL: Texture Barriers:          Auto            => Using: Framebuffer Fetch
[    0.7517] GL: RGBA16 HW Blending:        Supported       => Using: RGBA16 UNORM
[    0.7517] GL: Point Expansion:           Supported       => Using: Hardware
[    0.7517] GL: Line Expansion:            Fallback        => Using: Vertex Expansion
[    0.7517] GL: Sprite Expansion:          Supported       => Using: Vertex Expansion
[    0.7517] GL: DXTn Texture Compression:  Supported       => Using: GL_EXT_texture_compression_s3tc
[    0.7517] GL: BC6/7 Texture Compression: Supported       => Using: OpenGL 4.2 Core
[    0.7603] 1 program binary formats supported by driver
[    0.7975] Program binary retrieved, 4105 bytes, format 34655
[    0.7981] Program binary retrieved, 4121 bytes, format 34655
[    0.7986] Program binary retrieved, 4249 bytes, format 34655
[    0.7991] Program binary retrieved, 4013 bytes, format 34655
[    0.7996] Program binary retrieved, 4013 bytes, format 34655
[    0.8001] Program binary retrieved, 4017 bytes, format 34655
[    0.8006] Program binary retrieved, 4017 bytes, format 34655
[    0.8013] Program binary retrieved, 4185 bytes, format 34655
[    0.8018] Program binary retrieved, 4217 bytes, format 34655
[    0.8023] Program binary retrieved, 4137 bytes, format 34655
[    0.8028] Program binary retrieved, 4125 bytes, format 34655
[    0.8032] Program binary retrieved, 4121 bytes, format 34655
[    0.8040] Program binary retrieved, 4253 bytes, format 34655
[    0.8048] Program binary retrieved, 4237 bytes, format 34655
[    0.8054] Program binary retrieved, 4245 bytes, format 34655
[    0.8058] Program binary retrieved, 4261 bytes, format 34655
[    0.8065] Program binary retrieved, 4965 bytes, format 34655
[    0.8073] Program binary retrieved, 4981 bytes, format 34655
[    0.8079] Program binary retrieved, 4261 bytes, format 34655
[    0.8084] Program binary retrieved, 4277 bytes, format 34655
[    0.8090] Program binary retrieved, 5005 bytes, format 34655
[    0.8096] Program binary retrieved, 5021 bytes, format 34655
[    0.8101] Program binary retrieved, 4257 bytes, format 34655
[    0.8107] Program binary retrieved, 4273 bytes, format 34655
[    0.8114] Program binary retrieved, 5001 bytes, format 34655
[    0.8122] Program binary retrieved, 5017 bytes, format 34655
[    0.8127] Program binary retrieved, 4277 bytes, format 34655
[    0.8133] Program binary retrieved, 4293 bytes, format 34655
[    0.8139] Program binary retrieved, 5057 bytes, format 34655
[    0.8146] Program binary retrieved, 5073 bytes, format 34655
[    0.8151] Program binary retrieved, 4153 bytes, format 34655
[    0.8156] Program binary retrieved, 4169 bytes, format 34655
[    0.8161] Program binary retrieved, 4233 bytes, format 34655
[    0.8168] Program binary retrieved, 5781 bytes, format 34655
[    0.8174] Program binary retrieved, 5373 bytes, format 34655
[    0.8182] Program binary retrieved, 6389 bytes, format 34655
[    0.8189] Program binary retrieved, 4917 bytes, format 34655
[    0.8194] Program binary retrieved, 4845 bytes, format 34655
[    0.8200] Program binary retrieved, 4997 bytes, format 34655
[    0.8206] Program binary retrieved, 4101 bytes, format 34655
[    0.8248] Program binary retrieved, 4137 bytes, format 34655
[    0.8292] Program binary retrieved, 4109 bytes, format 34655
[    0.8298] Program binary retrieved, 5389 bytes, format 34655
[    0.8307] Program binary retrieved, 5829 bytes, format 34655
[    0.8314] Program binary retrieved, 5857 bytes, format 34655
[    0.8318] Program binary retrieved, 4289 bytes, format 34655
[    0.8348] Program binary retrieved, 21205 bytes, format 34655
[    0.8354] Program binary retrieved, 4765 bytes, format 34655
[    0.8361] Program binary retrieved, 5685 bytes, format 34655
[    0.8366] Program binary retrieved, 4141 bytes, format 34655
[    0.8372] Program binary retrieved, 4537 bytes, format 34655
[    0.8378] Program binary retrieved, 4889 bytes, format 34655
[    0.8381] Program binary retrieved, 4117 bytes, format 34655
[    0.8386] Program binary retrieved, 4741 bytes, format 34655
[    0.8391] Program binary retrieved, 4965 bytes, format 34655
[    0.8398] Program binary retrieved, 6613 bytes, format 34655
[    0.8403] Program binary retrieved, 4797 bytes, format 34655
[    0.8423] Program binary retrieved, 13085 bytes, format 34655
[    0.8506] Program binary retrieved, 7285 bytes, format 34655
[    0.8580] Program binary retrieved, 5497 bytes, format 34655
[    0.8584] Program binary retrieved, 4141 bytes, format 34655
[    0.8589] Program binary retrieved, 4141 bytes, format 34655
[    0.8594] Program binary retrieved, 4145 bytes, format 34655
[    0.8599] Program binary retrieved, 4145 bytes, format 34655
[    0.9082] Program binary retrieved, 5369 bytes, format 34655
[    0.9096] OpenGL Graphics Driver Info:
[    0.9096] OpenGL Context:
[    0.9096] 4.5 (Core Profile) Mesa 23.2.1-1ubuntu3.1~22.04.4
[    0.9096] Mesa llvmpipe (LLVM 15.0.7, 256 bits)
[    0.9096] GLSL: 4.50
[    0.9124] Processor count: 24 cores, 24 processors, 1 clusters
[    0.9124] Ordered processor list: 12, 23, 22, 21, 20, 19, 18, 17, 16, 15, 14, 13, 0, 11, 10, 9, 8, 7, 6, 5, 4, 3, 2, 1
[    0.9124] Not pinning SW threads, we need 4 processors, but only have 0
[    0.9134] Opening SPU2...
[    0.9138] Creating SDL audio stream, sample rate = 48000, expansion = Disabled, buffer = 50, latency = 32, stretching enabled, driver = wasapi, device = 
[    0.9226] MultiPause time: 142ns
[    0.9226] MultiPause time: 142ns
[    0.9228] MultiPause time: 150ns
[    0.9228] Requested 2432 frame buffer, got 1824 frame buffer
[    0.9230] Allocated buffer of 38400 frames for buffer of 50 ms [expansion Disabled (block size 128), stretch enabled, target size 2432].
[    0.9230] Initializing Pad...
[    0.9230] Initializing SIO2...
[    0.9230] Initializing SIO0...
[    0.9230] Opening DEV9...
[    0.9230] DEV9: DEV9init
[    0.9232] DEV9: DEV9init2
[    0.9232] DEV9: DEV9init3
[    0.9234] MultiPause time: 142ns
[    0.9262] DEV9: DEV9init ok
[    0.9263] DEV9: DEV9open
[    0.9263] Opening USB...
[    0.9263] Opening FW...
[    0.9266] Frame rate: 59.94, target speed: 1, target frame rate: 59.94, ticks per frame: 16683350
[    0.9303] VM subsystems initialized in 721.51 ms
[    0.9402] Failed to inhibit screen saver.
[    0.9402] Processor order assignment: EE=12, VU=23, GS=23
[    0.9402]   EE thread is on processor 12 (0x1000)
[    0.9403]   GS thread is on processor 23 (0x800000)
[    0.9503] Failed to inhibit screen saver.
[    0.9757] # Initialize memory (rev:3.70, ctm:197Mhz, cpuclk:147Mhz detected)
[    0.9841] R3000 Debugger: Branch to 0x890 (SYSMEM). Clearing modules.
[    0.9859] RegisterLibraryEntries: excepman version 1.01
[    0.9869] RegisterLibraryEntries:  intrman version 1.02
[    0.9870] RegisterLibraryEntries:   ssbusc version 1.01
[    0.9874] RegisterLibraryEntries:  dmacman version 1.02
[    0.9877] RegisterLibraryEntries:  timrman version 1.01
[    0.9880] RegisterLibraryEntries:  sysclib version 1.01
[    0.9881] RegisterLibraryEntries:    stdio version 1.01
[    0.9882] RegisterLibraryEntries:  heaplib version 1.01
[    0.9886] FW: read mem 0x1f80847c: 0x10000001
[    0.9886] FW: write mem 0x1f808414: 0x417f0000
[    0.9886] FW: read mem 0x1f808400: 0xffc00001
[    0.9887] FW: write mem 0x1f80844c: 0xffffffff
[    0.9887] FW: write mem 0x1f808420: 0xffffffff
[    0.9887] FW: write mem 0x1f808428: 0xffffffff
[    0.9887] FW: write mem 0x1f808430: 0xffffffff
[    0.9896] RegisterLibraryEntries:   thbase version 1.01
[    0.9897] RegisterLibraryEntries:  thevent version 1.01
[    0.9897] RegisterLibraryEntries:  thsemap version 1.01
[    0.9897] RegisterLibraryEntries:  thmsgbx version 1.01
[    0.9898] RegisterLibraryEntries:  thfpool version 1.01
[    0.9898] RegisterLibraryEntries:  thvpool version 1.01
[    0.9908] RegisterLibraryEntries:   vblank version 1.01
[    0.9913] RegisterLibraryEntries:    ioman version 1.02
[    0.9920] RegisterLibraryEntries:  modload version 1.01
[    0.9923] RegisterLibraryEntries:   romdrv version 2.01
[    0.9925] RegisterLibraryEntries:    stdio version 1.02
[    0.9929] RegisterLibraryEntries:   sifman version 1.01
[    0.9931] 
[    0.9932] PlayStation 2 ======== Hard reset boot
[    0.9933]  ROMGEN=2004-0614, IOP info (CPUID=1f, CACH_CONFIG=0, 2MB, IOP mode)
[    0.9935]  <20040614-100914,ROMconf,PS20200EC20040614.bin:11696>
[    1.0031] # Total accessable memory size: 32 MB (B:2:8:0) (370:2:7c30)
[    1.0040] # TLB spad=0 kernel=1:12 default=13:30 extended=31:38
[    1.0671] # Initialize Start.
[    1.0677] # Initialize GS ...
[    1.0677] # Initialize INTC ...
[    1.0677] # Initialize TIMER ...
[    1.0678] # Initialize DMAC ...
[    1.0679] # Initialize VU1 ...
[    1.0681] # Initialize VIF1 ...
[    1.0682] # Initialize GIF ...
[    1.0682] # Initialize VU0 ...
[    1.0684] # Initialize VIF0 ...
[    1.0684] # Initialize IPU ...
[    1.0686] # Initialize FPU ...
[    1.0686] # Initialize User Memory ...
[    1.1270] # Initialize Scratch Pad ...
[    1.1270] # Initialize Done.
[    1.1279] 
[    1.1279] EE DECI2 Manager version 0.06 Feb  6 2003 08:38:48
[    1.1279]   CPUID=2e20, BoardID=0, ROMGEN=2004-0614, 32M
[    1.1279] 
[    1.1282] RegisterLibraryEntries:   sifcmd version 1.01
[    1.1604] Initializing Elf: 4455708 bytes
[    1.1631] ELF Loading: host:vehicle-playground.elf, Game CRC = 255D8279, EntryPoint = 0x00100E78
[    1.1678] RegisterLibraryEntries:  cdvdman version 1.01
[    1.1716] Imported 823 symbols.
[    1.1754] RegisterLibraryEntries:  cdvdfsv version 1.01
[    1.1772] RegisterLibraryEntries:  secrman version 1.03
[    1.1773] RegisterLibraryEntries:   eesync version 1.01
[    1.1775] 
[    1.1775] IOP Realtime Kernel Ver.0.9.1
[    1.1775]     Copyright 1999 (C) Sony Computer Entertainment Inc. 
[    1.1781] Reboot service module.(99/11/10)
[    1.1805] cdvd driver module version 0.1.1 (C)SCEI
[    1.1811] Load File service.(99/11/05)
[    1.1811] Multi Threaded Fileio module.(99/11/15) 
[    1.1812] iop heap service (99/11/03)
[    1.1977] loadelf: fname host:vehicle-playground.elf secname all
[    1.1978] loadelf version 3.30
[    1.2003] Input ELF format filename = host:vehicle-playground.elf
[    1.2587] 1 00100000 003f3d3c ................................................................
[    1.2588] Loaded, host:vehicle-playground.elf
[    1.2589] start address 0x100e78
[    1.2589] gp address 00000000
[    1.2596] (VMManager) Pausing...
[    1.2598] (VMManager) Resuming...
[    1.2717] Failed to inhibit screen saver.
[    1.2718] EE/iR5900 Recompiler Reset
[    1.2904] # Restart Without Memory Clear.
[    1.3022] # Initialize GS ...
[    1.3023] # Initialize INTC ...
[    1.3023] # Initialize TIMER ...
[    1.3023] # Initialize DMAC ...
[    1.3024] # Initialize VU1 ...
[    1.3026] # Initialize VIF1 ...
[    1.3027] # Initialize GIF ...
[    1.3027] # Initialize VU0 ...
[    1.3028] # Initialize VIF0 ...
[    1.3029] # Initialize IPU ...
[    1.3030] # Initialize FPU ...
[    1.3030] # Initialize Scratch Pad ...
[    1.3031] # Restart Without Memory Clear Done.
[    1.3033] ELF host:vehicle-playground.elf with entry point at 0x00100E78 is executing.
[    1.3034] ELF changed, active CRC 255D8279 (host:vehicle-playground.elf)
[    1.3038] Applying core settings...
[    1.3039] Debugger Settings Manager: Failed to read Saved Addresses array from settings file: '/home/spider/pool2-static-a96-arm1-repeat1-20261005/profile/PCSX2/inis/debuggersettings/vehicle-playground_255D8279.json'
[    1.3039] Debugger Settings Manager: Failed to read Saved Addresses array from settings file: '/home/spider/pool2-static-a96-arm1-repeat1-20261005/profile/PCSX2/inis/debuggersettings/vehicle-playground_255D8279.json'
[    1.3043] Updating CPU configuration...
[    1.3044] iR3000A Recompiler reset.
[    1.3297] iR3000A Recompiler reset.
[    1.3364] EE/iR5900 Recompiler Reset
[    1.3519] (VMManager) Pausing...
[    1.3522] EE/iR5900 Recompiler Reset
[    1.3690] EE/iR5900 Recompiler Reset
[    1.3834] iR3000A Recompiler reset.
[    1.3871] EE/iR5900 Recompiler Reset
[    1.4015] iR3000A Recompiler reset.
[    1.4047] EE/iR5900 Recompiler Reset
[    1.4197] iR3000A Recompiler reset.
[    1.4228] EE/iR5900 Recompiler Reset
[    1.4369] iR3000A Recompiler reset.
[    1.4405] EE/iR5900 Recompiler Reset
[   43.9555] PINE: New client with FD 12 connected.
[   43.9606] (VMManager) Resuming...
[   43.9733] Failed to inhibit screen saver.
[   43.9749] BIOS: Successfully found the instruction pattern. Assuming the thread list is here: 8001a640
[   43.9786] Warning: GetOsdConfigParam2 Reading extended language/version configs, may be incorrect!
[   43.9894] read/write allocate memory 4000
[   43.9895] open name host:/ps2link.run flag 1 data 41378
[   43.9901] open fd = -5
[   43.9930] Get Reboot Request From EE
[   43.9942] R3000 Debugger: Branch to 0x890 (SYSMEM). Clearing modules.
[   43.9965] RegisterLibraryEntries: excepman version 1.01
[   43.9976] RegisterLibraryEntries:  intrman version 1.02
[   43.9977] RegisterLibraryEntries:   ssbusc version 1.01
[   43.9984] RegisterLibraryEntries:  dmacman version 1.02
[   43.9989] RegisterLibraryEntries:  timrman version 1.01
[   43.9995] RegisterLibraryEntries:  sysclib version 1.01
[   43.9996] RegisterLibraryEntries:    stdio version 1.01
[   43.9997] RegisterLibraryEntries:  heaplib version 1.01
[   44.0019] RegisterLibraryEntries:   thbase version 1.01
[   44.0019] RegisterLibraryEntries:  thevent version 1.01
[   44.0019] RegisterLibraryEntries:  thsemap version 1.01
[   44.0020] RegisterLibraryEntries:  thmsgbx version 1.01
[   44.0020] RegisterLibraryEntries:  thfpool version 1.01
[   44.0021] RegisterLibraryEntries:  thvpool version 1.01
[   44.0031] RegisterLibraryEntries:   vblank version 1.01
[   44.0035] RegisterLibraryEntries:    ioman version 1.02
[   44.0044] RegisterLibraryEntries:  modload version 1.01
[   44.0118] RegisterLibraryEntries:   romdrv version 2.01
[   44.0121] RegisterLibraryEntries:    stdio version 1.02
[   44.0126] RegisterLibraryEntries:   sifman version 1.01
[   44.0131] 
[   44.0132] PlayStation 2 ======== Soft reboot
[   44.0140] RegisterLibraryEntries:   sifcmd version 1.01
[   44.0176] RegisterLibraryEntries:  cdvdman version 1.01
[   44.0193] RegisterLibraryEntries:  cdvdfsv version 1.01
[   44.0270] RegisterLibraryEntries:  secrman version 1.03
[   44.0272] RegisterLibraryEntries:   eesync version 1.01
[   44.0274] 
[   44.0274] IOP Realtime Kernel Ver.0.9.1
[   44.0274]     Copyright 1999 (C) Sony Computer Entertainment Inc. 
[   44.0279] Reboot service module.(99/11/10)
[   44.0298] [EE] Skipping timeout loop at 0x002D2FB0 -> 0x002D2FD0
[   44.0298] cdvd driver module version 0.1.1 (C)SCEI
[   44.0303] Load File service.(99/11/05)
[   44.0303] Multi Threaded Fileio module.(99/11/15) 
[   44.0304] iop heap service (99/11/03)
[   44.0499] RegisterLibraryEntries:   iomanx version 1.01
[   44.0516] fileXio: fileXio: fileXio RPC Server v1.00
[   44.0517] Copyright (c) 2003 adresd
[   44.0520] RegisterLibraryEntries:  sio2man version 2.07
[   44.0522] RegisterLibraryEntries:  sio2man version 1.02
[   44.0532] RegisterLibraryEntries:   padman version 1.02
[   44.0535] Pad Driver for OSD
[   44.0539] FREESD v1.01
[   44.0540] RegisterLibraryEntries:    libsd version 1.04
[   44.0545] debug_level = 1 (ps2snd 0.1
[   44.0611] PINE: Client disconnected.
[   44.0655] greetings from version 0.93 !
[   44.0655] RegisterLibraryEntries:   audsrv version 1.04
[   44.0657] audsrv_adpcm_init()
[   44.0671] UpdateVSyncRate: Mode Changed to SDTV 480p.
[   44.0671] Frame rate: 59.94, target speed: 1, target frame rate: 59.94, ticks per frame: 16683350
[   44.0671] Set GS CRTC configuration. SDTV   720x480 @ 59.94 Progressive (FRAME)
[   46.1551] read/write allocate memory 4000
[   46.1553] 
[   46.1557] -----------------------------------------
[   46.1557]         _____        ____   ___
[   46.1558]           |     /   ____| |___|
[   46.1560]           |     |   |     |   |
[   46.1560] -----------------------------------------
[   46.1561] Copyright 2022
[   46.1562] Repository: https://github.com/h4570/tyra
[   46.1562] Licensed under Apache License 2.0
[   46.1566] Version: 2.2.0
[   46.1567] -----------------------------------------
[   46.1567] 
[   46.3206] audsrv_adpcm_init()
[   46.3216] [EE] Skipping timeout loop at 0x00102CB0 -> 0x00102CD0
[   46.3538] Curent pad(0,0) status: EXECCMD
[   46.5519] Pad: DS2 Config Finished - P1/S1 - AL: Off - AB: Usable - VS: Disabled - VL: Disabled - RB: D (0x00000000)
[   46.5855] Curent pad(0,0) status: EXECCMD
[   46.6525] Pad: DS2 Config Finished - P1/S1 - AL: On - AB: Locked - VS: Disabled - VL: Disabled - RB: D (0x00000000)
[   46.8532] Pad: DS2 Config Finished - P1/S1 - AL: On - AB: Locked - VS: Disabled - VL: Disabled - RB: D (0x00000000)
[   46.8863] Curent pad(0,0) status: EXECCMD
[   47.1524] Pad: DS2 Config Finished - P1/S1 - AL: On - AB: Locked - VS: Disabled - VL: Disabled - RB: D+A+P (0x0003FFFF)
[   47.3532] Pad: DS2 Config Finished - P1/S1 - AL: On - AB: Locked - VS: Disabled - VL: Disabled - RB: D+A+P (0x0003FFFF)
[   47.3898] open name host:/pool2-probe.cfg flag 1 data 41378
[   47.3912] open fd = 256
[   47.3962] open name host:/hud/flare-corona.png flag 1 data 41378
[   47.3982] open fd = 256
[   47.4208] LOG: POOL2PROBE_CONFIG arm=1 vertices=96 members=1 repeats=1 package=75 alpha=128
[   47.4219] FRAMEARENA allocated=1 bytes=1048576
[   47.4338] microVU1: Cached Prog = [000] [PC=18e0] [List=01] (Cache=0.000%) [0.0mb]
[   47.4349] microVU1: 3 cycle stall on branch instruction [1f78]
[   47.4361] microVU1: Cached Prog = [001] [PC=2480] [List=01] (Cache=0.246%) [0.1mb]
[   47.4369] microVU1: 3 cycle stall on branch instruction [1f78]
[   47.4489] LOG: POOL2PROBE_FRAME frame=1 cold=1 arm=1 eligible=2 applied=2 compared=2 mismatches=0
[   47.4490] LOG: POOL2PROBE_READY arm=1 vertices=96 repeats=1 completed=1 warmBypass=0
[   47.4491] (VMManager) Pausing...
[27817.5625] PINE: New client with FD 12 connected.
[27817.5625] OSD [SaveStateSlot161]: Saving state to slot 161...
[27817.5898]   Saving SPU2
[27817.5898]   Saving GS
[27817.6973] OSD [SaveStateSlot161]: Saved state to slot 161.
[27817.6973] Zipping save state to '/home/spider/pool2-static-a96-arm1-repeat1-20261005/profile/PCSX2/sstates/vehicle-playground (255D8279).161.p2s' took 101.15 ms
[27818.8809] PINE: Client disconnected.
