[    0.0943] Program Path: /home/spider/tyrax2-debugger-linux-v1/squashfs-root/usr/bin/pcsx2-qt
[    0.0944] AppRoot Directory: /home/spider/tyrax2-debugger-linux-v1/squashfs-root/usr/bin
[    0.0944] Resources Directory: /home/spider/tyrax2-debugger-linux-v1/squashfs-root/usr/bin/resources
[    0.0944] DataRoot Directory: /home/spider/night-ablation-emulator-corona24-order0-20261005/profile/PCSX2
[    0.0944] Loading config from /home/spider/night-ablation-emulator-corona24-order0-20261005/profile/PCSX2/inis/PCSX2.ini.
[    0.0946] Loading secrets from /home/spider/night-ablation-emulator-corona24-order0-20261005/profile/PCSX2/inis/secrets.ini.
[    0.0950] BIOS Directory: /mnt/c/Users/pawel/OneDrive/Documents/PCSX2/bios
[    0.0950] Snapshots Directory: /home/spider/night-ablation-emulator-corona24-order0-20261005/profile/PCSX2/snaps
[    0.0950] Savestates Directory: /home/spider/night-ablation-emulator-corona24-order0-20261005/profile/PCSX2/sstates
[    0.0950] MemoryCards Directory: /home/spider/night-ablation-emulator-corona24-order0-20261005/profile/PCSX2/memcards
[    0.0951] Logs Directory: /home/spider/night-ablation-emulator-corona24-order0-20261005/profile/PCSX2/logs
[    0.0951] Cheats Directory: /home/spider/night-ablation-emulator-corona24-order0-20261005/profile/PCSX2/cheats
[    0.0951] Patches Directory: /home/spider/night-ablation-emulator-corona24-order0-20261005/profile/PCSX2/patches
[    0.0951] Covers Directory: /home/spider/night-ablation-emulator-corona24-order0-20261005/profile/PCSX2/covers
[    0.0951] Game Settings Directory: /home/spider/night-ablation-emulator-corona24-order0-20261005/profile/PCSX2/gamesettings
[    0.0951] Resources Directory: /home/spider/tyrax2-debugger-linux-v1/squashfs-root/usr/bin/resources
[    0.0951] User Resources Directory: /home/spider/night-ablation-emulator-corona24-order0-20261005/profile/PCSX2/resources
[    0.0951] Cache Directory: /home/spider/night-ablation-emulator-corona24-order0-20261005/profile/PCSX2/cache
[    0.0951] Textures Directory: /home/spider/night-ablation-emulator-corona24-order0-20261005/profile/PCSX2/textures
[    0.0951] Input Profile Directory: /home/spider/night-ablation-emulator-corona24-order0-20261005/profile/PCSX2/inputprofiles
[    0.0951] Video Dumping Directory: /home/spider/night-ablation-emulator-corona24-order0-20261005/profile/PCSX2/videos
[    0.0951] Debugger Layouts Directory: /home/spider/night-ablation-emulator-corona24-order0-20261005/profile/PCSX2/inis/debuggerlayouts
[    0.0951] Debugger Settings Directory: /home/spider/night-ablation-emulator-corona24-order0-20261005/profile/PCSX2/inis/debuggersettings
[    0.1125] Loaded translation file for language en-US
[    0.1691] PCSX2 v2.9.93
[    0.1692] Savestate version: 0x9a590000
[    0.1692] 
[    0.1692] 
[    0.1692] Host Machine Init:
[    0.1698]   Operating System = Ubuntu 22.04
[    0.1698]   Available RAM    = 49095 MB (47.94 GB)
[    0.1698]   Physical RAM     = 50191 MB (49.02 GB)
[    0.1698] 
[    0.1698]   Processor        = AMD Ryzen Threadripper 1920X
[    0.1698]   Core Count       = 24 cores
[    0.1698]   Thread Count     = 24 threads
[    0.1698]   Cluster Count    = 1 clusters
[    0.1698] CPU Extensions Detected:
[    0.1699]   AVX AVX2
[    0.1699] 
[    0.1699] Allocating host memory for virtual systems...
[    0.1701]   EE Main Memory                   @ 0x00007FB9DF200000 -> 0x00007FB9E8100000 [143mb]
[    0.1701]   IOP Main Memory                  @ 0x00007FB9E8100000 -> 0x00007FB9F0200000 [129mb]
[    0.1701]   VU0/1 On-Chip Memory             @ 0x00007FB9F0200000 -> 0x00007FB9F0300000 [1mb]
[    0.1701]   VTLB Virtual Map                 @ 0x00007FB9F0300000 -> 0x00007FB9F0B00000 [8mb]
[    0.1701]   VTLB Address Map                 @ 0x00007FB9F0B00000 -> 0x00007FB9F0F00000 [4mb]
[    0.1701]   R5900 Recompiler Cache           @ 0x00007FB9F0F00000 -> 0x00007FB9F4F00000 [64mb]
[    0.1701]   R3000A Recompiler Cache          @ 0x00007FB9F4F00000 -> 0x00007FB9F6F00000 [32mb]
[    0.1701]   Micro VU0 Recompiler Cache       @ 0x00007FB9F7F00000 -> 0x00007FB9FBF00000 [64mb]
[    0.1702]   Micro VU1 Recompiler Cache       @ 0x00007FB9FBF00000 -> 0x00007FB9FFF00000 [64mb]
[    0.1702]   VIF0 Unpack Recompiler Cache     @ 0x00007FB9F6F00000 -> 0x00007FB9F7700000 [8mb]
[    0.1702]   VIF1 Unpack Recompiler Cache     @ 0x00007FB9F7700000 -> 0x00007FB9F7F00000 [8mb]
[    0.1702]   VIF Unpack Recompiler Cache      @ 0x00007FB9FFF00000 -> 0x00007FBA00000000 [1mb]
[    0.1702]   GS Software Renderer             @ 0x00007FBA00000000 -> 0x00007FBA04000000 [64mb]
[    0.1719] Fastmem area: 0x7fb8df200000 - 0x7fb9df1fffff
[    0.1724] Generating SSE-optimized unpacking functions for VIF interpreters...
[    0.1728] Unpack function generation complete.  Generated function statistics:
[    0.1728]   Reserved buffer    : 1048576 bytes @ 0x00007FB9FFF00000
[    0.1728]   x86 code generated : 7422 bytes
[    0.1728] 
[    0.1731] SDLInputSource: Using Controller DB from resources.
[    0.2121] SDLInputSource: 765 gamepad mappings are loaded.
[    0.2122] Invalid binding: 'XInput-0/DPadUp'
[    0.2122] Invalid binding: 'XInput-0/DPadRight'
[    0.2122] Invalid binding: 'XInput-0/DPadDown'
[    0.2122] Invalid binding: 'XInput-0/DPadLeft'
[    0.2122] Invalid binding: 'XInput-0/Y'
[    0.2122] Invalid binding: 'XInput-0/B'
[    0.2122] Invalid binding: 'XInput-0/A'
[    0.2122] Invalid binding: 'XInput-0/X'
[    0.2122] Invalid binding: 'XInput-0/Back'
[    0.2122] Invalid binding: 'XInput-0/Start'
[    0.2122] Invalid binding: 'XInput-0/LeftShoulder'
[    0.2122] Invalid binding: 'XInput-0/+LeftTrigger'
[    0.2122] Invalid binding: 'XInput-0/RightShoulder'
[    0.2122] Invalid binding: 'XInput-0/+RightTrigger'
[    0.2122] Invalid binding: 'XInput-0/LeftStick'
[    0.2122] Invalid binding: 'XInput-0/RightStick'
[    0.2122] Invalid binding: 'XInput-0/Guide'
[    0.2122] Invalid binding: 'XInput-0/-LeftY'
[    0.2122] Invalid binding: 'XInput-0/+LeftX'
[    0.2122] Invalid binding: 'XInput-0/+LeftY'
[    0.2123] Invalid binding: 'XInput-0/-LeftX'
[    0.2123] Invalid binding: 'XInput-0/-RightY'
[    0.2123] Invalid binding: 'XInput-0/+RightX'
[    0.2123] Invalid binding: 'XInput-0/+RightY'
[    0.2123] Invalid binding: 'XInput-0/-RightX'
[    0.2128] Settings: Advanced Settings are enabled; only proceed if you know what you're doing! No support will be provided if you have the option enabled.
[    0.3560] Scanning F:\PS2\Games (recursively)
[    0.3599] Loading BIOS...
[    0.3735] BIOS Found: Europe  v02.00(14/06/2004)  Console 20040614-100914
[    0.4348] Mechacon version: 0x00020603
[    0.4363] Opening CDVD...
[    0.4688] Initializing Elf: 4488540 bytes
[    0.4695] Disc changed to .
[    0.4695]   Name: vehicle-playground [?]
[    0.4695]   Serial: vehicle-playground
[    0.4695]   Version: 
[    0.4695]   CRC: 26F50E8E
[    0.4695] No game settings found (tried '/home/spider/night-ablation-emulator-corona24-order0-20261005/profile/PCSX2/gamesettings/26F50E8E.ini')
[    0.4695] Applying settings...
[    0.4698] Invalid binding: 'XInput-0/DPadUp'
[    0.4699] Invalid binding: 'XInput-0/DPadRight'
[    0.4699] Invalid binding: 'XInput-0/DPadDown'
[    0.4699] Invalid binding: 'XInput-0/DPadLeft'
[    0.4699] Invalid binding: 'XInput-0/Y'
[    0.4699] Invalid binding: 'XInput-0/B'
[    0.4699] Invalid binding: 'XInput-0/A'
[    0.4699] Invalid binding: 'XInput-0/X'
[    0.4699] Invalid binding: 'XInput-0/Back'
[    0.4699] Invalid binding: 'XInput-0/Start'
[    0.4699] Invalid binding: 'XInput-0/LeftShoulder'
[    0.4699] Invalid binding: 'XInput-0/+LeftTrigger'
[    0.4699] Invalid binding: 'XInput-0/RightShoulder'
[    0.4699] Invalid binding: 'XInput-0/+RightTrigger'
[    0.4699] Invalid binding: 'XInput-0/LeftStick'
[    0.4699] Invalid binding: 'XInput-0/RightStick'
[    0.4699] Invalid binding: 'XInput-0/Guide'
[    0.4699] Invalid binding: 'XInput-0/-LeftY'
[    0.4699] Invalid binding: 'XInput-0/+LeftX'
[    0.4699] Invalid binding: 'XInput-0/+LeftY'
[    0.4699] Invalid binding: 'XInput-0/-LeftX'
[    0.4699] Invalid binding: 'XInput-0/-RightY'
[    0.4699] Invalid binding: 'XInput-0/+RightX'
[    0.4700] Invalid binding: 'XInput-0/+RightY'
[    0.4700] Invalid binding: 'XInput-0/-RightX'
[    0.4702] GameDB: Has not been initialized yet, initializing...
[    0.5281] GameDB: 12841 games on record (loaded in 57.95ms)
[    0.5333] Reopening memory cards...
[    0.5334] (FileMcd) Creating new 8MB memory card: /home/spider/night-ablation-emulator-corona24-order0-20261005/profile/PCSX2/memcards/Mcd001.ps2
[    0.5432] McdSlot 0 [File]: Mcd001.ps2 [8 MB, UNFORMATTED]
[    0.5433] McdSlot 1 [File]: [disabled/empty filename]
[    0.5484] HLE Host: Set 'host:' root path to: /mnt/f/Projects/tyrax2-lab-20261001/corona24-pricing-physical-v1/game/bin
[    0.5485] EE/iR5900 Recompiler Reset
[    0.5979] iR3000A Recompiler reset.
[    0.6094] mVU Reset
[    0.6101] mVU Reset
[    0.6144] Resetting host memory for virtual systems...
[    0.8666] Time Zone Offset: GMT+01:00
[    0.8667] Time Zone Location: Berlin
[    0.8667] DST: Winter Time
[    0.8667] Time Format: 24-Hour
[    0.8667] Date Format: DD/MM/YYYY
[    0.8667] System Time Basis: Operating System Time
[    0.8667] Resulting System Time: 2026-10-05 16:52:02
[    0.8667] Close virtual disk tray
[    0.8667] Media already loaded (fast boot)
[    0.8667] Opening GS...
[    1.0155] VK: Enabling extension: VK_KHR_get_surface_capabilities2
[    1.0498] Using Vulkan GPU 'llvmpipe (LLVM 15.0.7, 256 bits)' for automatic renderer check.
[    1.0498] Not using Vulkan for software renderer.
[    1.0499] acquireRenderWindow() recreate=true fullscreen=false render_to_main=false surfaceless=false
[    1.0572] (GetRefreshRateFromXRandR) Modeline is invalid: 0/0/0
[    1.0573] Surface refresh rate: 60 Hz
[    1.0574] Loading EGL from libEGL.so...
[    1.0798] GLAD EGL Version: 1.0
[    1.0799] Using EGL platform EGL_EXT_platform_x11.
[    1.1016] eglInitialize() version: 1.5
[    1.1018] GLAD EGL Version: 1.5
[    1.1018] Trying GL version 4.6
[    1.1019] eglCreateContext() failed: 0x3009
[    1.1019] Trying GL version 4.5
[    1.1693] Got GL version 4.5
[    1.1694] EGL_MIN_SWAP_INTERVAL = 1
[    1.1694] EGL_MAX_SWAP_INTERVAL = 1
[    1.1694] Negative swap interval/tear-control is NOT supported
[    1.1722] GL_VENDOR: Mesa
[    1.1723] GL_VERSION: 4.5 (Core Profile) Mesa 23.2.1-1ubuntu3.1~22.04.4
[    1.1723] GL_RENDERER: llvmpipe (LLVM 15.0.7, 256 bits)
[    1.1723] GL_SHADING_LANGUAGE_VERSION: 4.50
[    1.1725] GL_MAX_VERTEX_SHADER_STORAGE_BLOCKS: 16
[    1.1725] GL: Viewport Array:            Supported       => Using: GL_ARB_viewport_array
[    1.1725] GL: Direct State Access:       Supported       => Using: OpenGL 4.5 Core
[    1.1725] GL: Copy Image:                Supported       => Using: OpenGL 4.3 Core
[    1.1725] GL: Clip Control:              Supported       => Using: OpenGL 4.5 Core
[    1.1725] GL: Conservative Depth:        Supported       => Using: OpenGL 4.2 Core
[    1.1725] GL: CAS Sharpening:            Supported       => Using: OpenGL 4.2 Core
[    1.1725] GL: Texture Barriers:          Auto            => Using: Framebuffer Fetch
[    1.1725] GL: RGBA16 HW Blending:        Supported       => Using: RGBA16 UNORM
[    1.1726] GL: Point Expansion:           Supported       => Using: Hardware
[    1.1726] GL: Line Expansion:            Fallback        => Using: Vertex Expansion
[    1.1726] GL: Sprite Expansion:          Supported       => Using: Vertex Expansion
[    1.1726] GL: DXTn Texture Compression:  Supported       => Using: GL_EXT_texture_compression_s3tc
[    1.1726] GL: BC6/7 Texture Compression: Supported       => Using: OpenGL 4.2 Core
[    1.1780] 1 program binary formats supported by driver
[    1.2490] Program binary retrieved, 4105 bytes, format 34655
[    1.2503] Program binary retrieved, 4121 bytes, format 34655
[    1.2515] Program binary retrieved, 4249 bytes, format 34655
[    1.2526] Program binary retrieved, 4013 bytes, format 34655
[    1.2536] Program binary retrieved, 4013 bytes, format 34655
[    1.2547] Program binary retrieved, 4017 bytes, format 34655
[    1.2557] Program binary retrieved, 4017 bytes, format 34655
[    1.2571] Program binary retrieved, 4185 bytes, format 34655
[    1.2581] Program binary retrieved, 4217 bytes, format 34655
[    1.2590] Program binary retrieved, 4137 bytes, format 34655
[    1.2596] Program binary retrieved, 4125 bytes, format 34655
[    1.2608] Program binary retrieved, 4121 bytes, format 34655
[    1.2616] Program binary retrieved, 4253 bytes, format 34655
[    1.2623] Program binary retrieved, 4237 bytes, format 34655
[    1.2629] Program binary retrieved, 4245 bytes, format 34655
[    1.2635] Program binary retrieved, 4261 bytes, format 34655
[    1.2641] Program binary retrieved, 4965 bytes, format 34655
[    1.2650] Program binary retrieved, 4981 bytes, format 34655
[    1.2657] Program binary retrieved, 4261 bytes, format 34655
[    1.2664] Program binary retrieved, 4277 bytes, format 34655
[    1.2674] Program binary retrieved, 5005 bytes, format 34655
[    1.2681] Program binary retrieved, 5021 bytes, format 34655
[    1.2688] Program binary retrieved, 4257 bytes, format 34655
[    1.2698] Program binary retrieved, 4273 bytes, format 34655
[    1.2706] Program binary retrieved, 5001 bytes, format 34655
[    1.2713] Program binary retrieved, 5017 bytes, format 34655
[    1.2719] Program binary retrieved, 4277 bytes, format 34655
[    1.2726] Program binary retrieved, 4293 bytes, format 34655
[    1.2734] Program binary retrieved, 5057 bytes, format 34655
[    1.2741] Program binary retrieved, 5073 bytes, format 34655
[    1.2748] Program binary retrieved, 4153 bytes, format 34655
[    1.2755] Program binary retrieved, 4169 bytes, format 34655
[    1.2761] Program binary retrieved, 4233 bytes, format 34655
[    1.2769] Program binary retrieved, 5781 bytes, format 34655
[    1.2777] Program binary retrieved, 5373 bytes, format 34655
[    1.2786] Program binary retrieved, 6389 bytes, format 34655
[    1.2793] Program binary retrieved, 4917 bytes, format 34655
[    1.2798] Program binary retrieved, 4845 bytes, format 34655
[    1.2807] Program binary retrieved, 4997 bytes, format 34655
[    1.2814] Program binary retrieved, 4101 bytes, format 34655
[    1.2849] Program binary retrieved, 4137 bytes, format 34655
[    1.2893] Program binary retrieved, 4109 bytes, format 34655
[    1.2901] Program binary retrieved, 5389 bytes, format 34655
[    1.2908] Program binary retrieved, 5829 bytes, format 34655
[    1.2915] Program binary retrieved, 5857 bytes, format 34655
[    1.2921] Program binary retrieved, 4289 bytes, format 34655
[    1.2950] Program binary retrieved, 21205 bytes, format 34655
[    1.2960] Program binary retrieved, 4765 bytes, format 34655
[    1.2968] Program binary retrieved, 5685 bytes, format 34655
[    1.2974] Program binary retrieved, 4141 bytes, format 34655
[    1.2981] Program binary retrieved, 4537 bytes, format 34655
[    1.2993] Program binary retrieved, 4889 bytes, format 34655
[    1.2998] Program binary retrieved, 4117 bytes, format 34655
[    1.3004] Program binary retrieved, 4741 bytes, format 34655
[    1.3009] Program binary retrieved, 4965 bytes, format 34655
[    1.3017] Program binary retrieved, 6613 bytes, format 34655
[    1.3026] Program binary retrieved, 4797 bytes, format 34655
[    1.3051] Program binary retrieved, 13085 bytes, format 34655
[    1.3149] Program binary retrieved, 7285 bytes, format 34655
[    1.3216] Program binary retrieved, 5497 bytes, format 34655
[    1.3221] Program binary retrieved, 4141 bytes, format 34655
[    1.3228] Program binary retrieved, 4141 bytes, format 34655
[    1.3236] Program binary retrieved, 4145 bytes, format 34655
[    1.3244] Program binary retrieved, 4145 bytes, format 34655
[    1.3746] Program binary retrieved, 5369 bytes, format 34655
[    1.3864] OpenGL Graphics Driver Info:
[    1.3865] OpenGL Context:
[    1.3865] 4.5 (Core Profile) Mesa 23.2.1-1ubuntu3.1~22.04.4
[    1.3865] Mesa llvmpipe (LLVM 15.0.7, 256 bits)
[    1.3865] GLSL: 4.50
[    1.3894] Processor count: 24 cores, 24 processors, 1 clusters
[    1.3895] Ordered processor list: 12, 23, 22, 21, 20, 19, 18, 17, 16, 15, 14, 13, 0, 11, 10, 9, 8, 7, 6, 5, 4, 3, 2, 1
[    1.3895] Not pinning SW threads, we need 4 processors, but only have 0
[    1.3906] Opening SPU2...
[    1.3908] Creating Null audio stream, sample rate = 48000, expansion = Disabled, buffer = 50, latency = 32, stretching enabled, driver = wasapi, device = 
[    1.3909] Allocated buffer of 2432 frames for buffer of 50 ms [expansion Disabled (block size 2048), stretch disabled, target size 2432].
[    1.3909] Initializing Pad...
[    1.3909] Initializing SIO2...
[    1.3909] Initializing SIO0...
[    1.3909] Opening DEV9...
[    1.3909] DEV9: DEV9init
[    1.3916] DEV9: DEV9init2
[    1.3916] DEV9: DEV9init3
[    1.3962] DEV9: DEV9init ok
[    1.3962] DEV9: DEV9open
[    1.3963] Opening USB...
[    1.3963] Opening FW...
[    1.3967] Frame rate: 59.94, target speed: 1, target frame rate: 59.94, ticks per frame: 16683350
[    1.4005] MultiPause time: 142ns
[    1.4005] MultiPause time: 142ns
[    1.4006] MultiPause time: 142ns
[    1.4006] MultiPause time: 142ns
[    1.4012] VM subsystems initialized in 1041.98 ms
[    1.4130] Failed to inhibit screen saver.
[    1.4130] Processor order assignment: EE=12, VU=23, GS=22
[    1.4131]   EE thread is on processor 12 (0x1000)
[    1.4131]   VU thread is on processor 23 (0x800000)
[    1.4131]   GS thread is on processor 22 (0x400000)
[    1.4232] Failed to inhibit screen saver.
[    1.5833] # Initialize memory (rev:3.70, ctm:197Mhz, cpuclk:147Mhz detected)
[    1.5919] R3000 Debugger: Branch to 0x890 (SYSMEM). Clearing modules.
[    1.5935] RegisterLibraryEntries: excepman version 1.01
[    1.5944] RegisterLibraryEntries:  intrman version 1.02
[    1.5945] RegisterLibraryEntries:   ssbusc version 1.01
[    1.5949] RegisterLibraryEntries:  dmacman version 1.02
[    1.5952] RegisterLibraryEntries:  timrman version 1.01
[    1.5955] RegisterLibraryEntries:  sysclib version 1.01
[    1.5956] RegisterLibraryEntries:    stdio version 1.01
[    1.5958] RegisterLibraryEntries:  heaplib version 1.01
[    1.5963] FW: read mem 0x1f80847c: 0x10000001
[    1.5963] FW: write mem 0x1f808414: 0x417f0000
[    1.5963] FW: read mem 0x1f808400: 0xffc00001
[    1.5963] FW: write mem 0x1f80844c: 0xffffffff
[    1.5963] FW: write mem 0x1f808420: 0xffffffff
[    1.5963] FW: write mem 0x1f808428: 0xffffffff
[    1.5963] FW: write mem 0x1f808430: 0xffffffff
[    1.5974] RegisterLibraryEntries:   thbase version 1.01
[    1.5975] RegisterLibraryEntries:  thevent version 1.01
[    1.5975] RegisterLibraryEntries:  thsemap version 1.01
[    1.5976] RegisterLibraryEntries:  thmsgbx version 1.01
[    1.5976] RegisterLibraryEntries:  thfpool version 1.01
[    1.5976] RegisterLibraryEntries:  thvpool version 1.01
[    1.5984] RegisterLibraryEntries:   vblank version 1.01
[    1.5989] RegisterLibraryEntries:    ioman version 1.02
[    1.5995] RegisterLibraryEntries:  modload version 1.01
[    1.5999] RegisterLibraryEntries:   romdrv version 2.01
[    1.6001] RegisterLibraryEntries:    stdio version 1.02
[    1.6005] RegisterLibraryEntries:   sifman version 1.01
[    1.6009] 
[    1.6009] PlayStation 2 ======== Hard reset boot
[    1.6011]  ROMGEN=2004-0614, IOP info (CPUID=1f, CACH_CONFIG=0, 2MB, IOP mode)
[    1.6013]  <20040614-100914,ROMconf,PS20200EC20040614.bin:11696>
[    1.6115] # Total accessable memory size: 32 MB (B:2:8:0) (370:2:7c30)
[    1.6127] # TLB spad=0 kernel=1:12 default=13:30 extended=31:38
[    1.6774] # Initialize Start.
[    1.6779] # Initialize GS ...
[    1.6779] # Initialize INTC ...
[    1.6779] # Initialize TIMER ...
[    1.6780] # Initialize DMAC ...
[    1.6781] # Initialize VU1 ...
[    1.6784] # Initialize VIF1 ...
[    1.6785] # Initialize GIF ...
[    1.6785] # Initialize VU0 ...
[    1.6787] # Initialize VIF0 ...
[    1.6788] # Initialize IPU ...
[    1.6789] # Initialize FPU ...
[    1.6789] # Initialize User Memory ...
[    1.7392] # Initialize Scratch Pad ...
[    1.7393] # Initialize Done.
[    1.7403] 
[    1.7403] EE DECI2 Manager version 0.06 Feb  6 2003 08:38:48
[    1.7403]   CPUID=2e20, BoardID=0, ROMGEN=2004-0614, 32M
[    1.7403] 
[    1.7406] RegisterLibraryEntries:   sifcmd version 1.01
[    1.7747] Initializing Elf: 4488540 bytes
[    1.7779] ELF Loading: host:vehicle-playground.elf, Game CRC = 26F50E8E, EntryPoint = 0x00100E78
[    1.7809] RegisterLibraryEntries:  cdvdman version 1.01
[    1.7874] RegisterLibraryEntries:  cdvdfsv version 1.01
[    1.7890] RegisterLibraryEntries:  secrman version 1.03
[    1.7891] RegisterLibraryEntries:   eesync version 1.01
[    1.7892] 
[    1.7892] IOP Realtime Kernel Ver.0.9.1
[    1.7893]     Copyright 1999 (C) Sony Computer Entertainment Inc. 
[    1.7899] Reboot service module.(99/11/10)
[    1.7921] cdvd driver module version 0.1.1 (C)SCEI
[    1.7926] Load File service.(99/11/05)
[    1.7927] Multi Threaded Fileio module.(99/11/15) 
[    1.7927] iop heap service (99/11/03)
[    1.8179] loadelf: fname host:vehicle-playground.elf secname all
[    1.8180] loadelf version 3.30
[    1.8204] Input ELF format filename = host:vehicle-playground.elf
[    1.8697] 1 00100000 003fbcbc ................................................................
[    1.8697] Loaded, host:vehicle-playground.elf
[    1.8698] start address 0x100e78
[    1.8698] gp address 00000000
[    1.8708] # Restart Without Memory Clear.
[    1.8833] # Initialize GS ...
[    1.8834] # Initialize INTC ...
[    1.8834] # Initialize TIMER ...
[    1.8834] # Initialize DMAC ...
[    1.8834] # Initialize VU1 ...
[    1.8844] # Initialize VIF1 ...
[    1.8844] # Initialize GIF ...
[    1.8844] # Initialize VU0 ...
[    1.8845] # Initialize VIF0 ...
[    1.8845] # Initialize IPU ...
[    1.8845] # Initialize FPU ...
[    1.8845] # Initialize Scratch Pad ...
[    1.8845] # Restart Without Memory Clear Done.
[    1.8847] ELF host:vehicle-playground.elf with entry point at 0x00100E78 is executing.
[    1.8848] ELF changed, active CRC 26F50E8E (host:vehicle-playground.elf)
[    1.8851] Applying core settings...
[    1.8857] Updating CPU configuration...
[    1.8858] iR3000A Recompiler reset.
[    1.8901] mVU Reset
[    1.8905] mVU Reset
[    1.9078] iR3000A Recompiler reset.
[    1.9108] mVU Reset
[    1.9109] mVU Reset
[    1.9146] EE/iR5900 Recompiler Reset
[    1.9332] BIOS: Successfully found the instruction pattern. Assuming the thread list is here: 8001a640
[    1.9357] Warning: GetOsdConfigParam2 Reading extended language/version configs, may be incorrect!
[    1.9471] read/write allocate memory 4000
[    1.9472] open name host:/ps2link.run flag 1 data 41378
[    1.9479] open fd = -5
[    1.9512] Get Reboot Request From EE
[    1.9527] R3000 Debugger: Branch to 0x890 (SYSMEM). Clearing modules.
[    1.9547] RegisterLibraryEntries: excepman version 1.01
[    1.9559] RegisterLibraryEntries:  intrman version 1.02
[    1.9561] RegisterLibraryEntries:   ssbusc version 1.01
[    1.9567] RegisterLibraryEntries:  dmacman version 1.02
[    1.9573] RegisterLibraryEntries:  timrman version 1.01
[    1.9578] RegisterLibraryEntries:  sysclib version 1.01
[    1.9579] RegisterLibraryEntries:    stdio version 1.01
[    1.9581] RegisterLibraryEntries:  heaplib version 1.01
[    1.9605] RegisterLibraryEntries:   thbase version 1.01
[    1.9606] RegisterLibraryEntries:  thevent version 1.01
[    1.9606] RegisterLibraryEntries:  thsemap version 1.01
[    1.9607] RegisterLibraryEntries:  thmsgbx version 1.01
[    1.9607] RegisterLibraryEntries:  thfpool version 1.01
[    1.9607] RegisterLibraryEntries:  thvpool version 1.01
[    1.9618] RegisterLibraryEntries:   vblank version 1.01
[    1.9623] RegisterLibraryEntries:    ioman version 1.02
[    1.9634] RegisterLibraryEntries:  modload version 1.01
[    1.9690] RegisterLibraryEntries:   romdrv version 2.01
[    1.9694] RegisterLibraryEntries:    stdio version 1.02
[    1.9698] RegisterLibraryEntries:   sifman version 1.01
[    1.9703] 
[    1.9704] PlayStation 2 ======== Soft reboot
[    1.9711] RegisterLibraryEntries:   sifcmd version 1.01
[    1.9749] RegisterLibraryEntries:  cdvdman version 1.01
[    1.9767] RegisterLibraryEntries:  cdvdfsv version 1.01
[    1.9841] RegisterLibraryEntries:  secrman version 1.03
[    1.9843] RegisterLibraryEntries:   eesync version 1.01
[    1.9845] 
[    1.9845] IOP Realtime Kernel Ver.0.9.1
[    1.9845]     Copyright 1999 (C) Sony Computer Entertainment Inc. 
[    1.9850] Reboot service module.(99/11/10)
[    1.9869] [EE] Skipping timeout loop at 0x002D9600 -> 0x002D9620
[    1.9870] cdvd driver module version 0.1.1 (C)SCEI
[    1.9873] Load File service.(99/11/05)
[    1.9874] Multi Threaded Fileio module.(99/11/15) 
[    1.9874] iop heap service (99/11/03)
[    2.0187] RegisterLibraryEntries:   iomanx version 1.01
[    2.0202] fileXio: fileXio: fileXio RPC Server v1.00
[    2.0202] Copyright (c) 2003 adresd
[    2.0205] RegisterLibraryEntries:  sio2man version 2.07
[    2.0206] RegisterLibraryEntries:  sio2man version 1.02
[    2.0213] RegisterLibraryEntries:   padman version 1.02
[    2.0215] Pad Driver for OSD
[    2.0219] FREESD v1.01
[    2.0219] RegisterLibraryEntries:    libsd version 1.04
[    2.0332] debug_level = 1 (ps2snd 0.1
[    2.0339] greetings from version 0.93 !
[    2.0339] RegisterLibraryEntries:   audsrv version 1.04
[    2.0341] audsrv_adpcm_init()
[    2.0352] UpdateVSyncRate: Mode Changed to SDTV 480p.
[    2.0352] Frame rate: 59.94, target speed: 1, target frame rate: 59.94, ticks per frame: 16683350
[    2.0353] Set GS CRTC configuration. SDTV   720x480 @ 59.94 Progressive (FRAME)
[    4.1238] read/write allocate memory 4000
[    4.1240] 
[    4.1243] -----------------------------------------
[    4.1244]         _____        ____   ___
[    4.1245]           |     /   ____| |___|
[    4.1245]           |     |   |     |   |
[    4.1246] -----------------------------------------
[    4.1246] Copyright 2022
[    4.1247] Repository: https://github.com/h4570/tyra
[    4.1247] Licensed under Apache License 2.0
[    4.1251] Version: 2.2.0
[    4.1252] -----------------------------------------
[    4.1253] 
[    4.2897] audsrv_adpcm_init()
[    4.2907] [EE] Skipping timeout loop at 0x00102CB0 -> 0x00102CD0
[    4.3247] Curent pad(0,0) status: EXECCMD
[    4.5224] Pad: DS2 Config Finished - P1/S1 - AL: Off - AB: Usable - VS: Disabled - VL: Disabled - RB: D (0x00000000)
[    4.5572] Curent pad(0,0) status: EXECCMD
[    4.6220] Pad: DS2 Config Finished - P1/S1 - AL: On - AB: Locked - VS: Disabled - VL: Disabled - RB: D (0x00000000)
[    4.8211] Pad: DS2 Config Finished - P1/S1 - AL: On - AB: Locked - VS: Disabled - VL: Disabled - RB: D (0x00000000)
[    4.8550] Curent pad(0,0) status: EXECCMD
[    5.1234] Pad: DS2 Config Finished - P1/S1 - AL: On - AB: Locked - VS: Disabled - VL: Disabled - RB: D+A+P (0x0003FFFF)
[    5.3216] Pad: DS2 Config Finished - P1/S1 - AL: On - AB: Locked - VS: Disabled - VL: Disabled - RB: D+A+P (0x0003FFFF)
[    5.3578] open name host:/night-ablation.cfg flag 1 data 41378
[    5.3591] open fd = 256
[    5.3630] open name host:/night-ablation.log flag 602 data 41378
[    5.3648] open fd = 256
[    5.3709] loadmodule: fname rom0:XMCMAN args 0 arg 
[    5.3808] RegisterLibraryEntries:    mcman version 2.03
[    5.3817] loadmodule: id 32, ret 0
[    5.3818] loadmodule: fname rom0:XMCSERV args 0 arg 
[    5.3821] RegisterLibraryEntries:   mcserv version 1.01
[    5.3823] loadmodule: id 33, ret 0
[    5.3824] [EE] Skipping timeout loop at 0x00104820 -> 0x00104840
[    5.7569] (FileMcd) Warning: checksum sector overwritten. (0)
[    5.7570] OSD [MemoryCardSave0]: Memory Card 'Mcd001.ps2' was saved to storage.
[    6.2252] (FileMcd) Warning: checksum sector overwritten. (0)
[    6.3403] open name host:/save/icon.sys flag 1 data 41378
[    6.3423] open fd = 257
[    6.4145] open name host:/save/list.icn flag 1 data 41378
[    6.4165] open fd = 257
[    6.5808] open name host:/menus/save.png flag 1 data 41378
[    6.5826] open fd = 257
[    6.6264] open name host:/hud/save-cursor.png flag 1 data 41378
[    6.6284] open fd = 257
[    6.6308] open name host:/hud/save-used.png flag 1 data 41378
[    6.6325] open fd = 257
[    6.6358] open name host:/hud/save-saved.png flag 1 data 41378
[    6.6375] open fd = 257
[    6.6473] open name host:/hud/save-loaded.png flag 1 data 41378
[    6.6489] open fd = 257
[    6.6520] open name host:/hud/save-error.png flag 1 data 41378
[    6.6537] open fd = 257
[    6.6570] open name host:/hud/save-busy.png flag 1 data 41378
[    6.6588] open fd = 257
[    6.6923] open name host:/hud/save-spinner.png flag 1 data 41378
[    6.6940] open fd = 257
[    6.7075] open name host:/menus/save.png flag 1 data 41378
[    6.7094] open fd = 257
[    6.7420] open name host:/menus/district-pause.png flag 1 data 41378
[    6.7438] open fd = 257
[    6.7747] open name host:/menus/district-pause-values.png flag 1 data 41378
[    6.7769] open fd = 257
[    6.7809] open name host:/hud/save-cursor.png flag 1 data 41378
[    6.7825] open fd = 257
[    6.7920] open name host:/hud/save-cursor.png flag 1 data 41378
[    6.7939] open fd = 257
[    6.7965] open name host:/hud/save-cursor.png flag 1 data 41378
[    6.7982] open fd = 257
[    6.8005] open name host:/hud/menu-dim.png flag 1 data 41378
[    6.8020] open fd = 257
[    6.8047] open name host:/hud/flare-corona.png flag 1 data 41378
[    6.8069] open fd = 257
[    6.8202] open name host:/hud/flashlight-gobo.png flag 1 data 41378
[    6.8221] open fd = 257
[    6.8358] open name host:/hud/flare-glow.png flag 1 data 41378
[    6.8377] open fd = 257
[    6.8480] open name host:/hud/sun-disc.png flag 1 data 41378
[    6.8498] open fd = 257
[    6.8534] open name host:/hud/moon-disc.png flag 1 data 41378
[    6.8552] open fd = 257
[    6.8850] open name host:/quiet-night.cfg flag 1 data 41378
[    6.8862] open fd = 257
[    6.8887] LOG: NIGHTPLAN schema=1 kind=9 order=0 joint=0 restored=0 phases=3
[    6.8890] LOG: NIGHTCONFIG order=0 valid=1 profile=0 hardwareTrace=0 ringBytes=0 ordinaryClocks=1 fixedDt=0 sampleBytes=6144 chunkBytes=420 phases=3 phaseFrames=1800 taxFirst=800 taxLoops=320 chunkFrames=64 sampleFirst=900 sampleCount=128 video=1 display=1 depth=2 width=448 height=448 refreshMilliHz=60000 requested=1 night=1
[    6.8890] LOG: NIGHTQUALITY rasterWidth=448 rasterHeight=448 scaleX=1 scaleY=1
[    6.8893] open name host:/hud/use-text.png flag 1 data 41378
[    6.8910] open fd = 257
[    6.8945] open name host:/hud/pick-text.png flag 1 data 41378
[    6.8964] open fd = 257
[    6.9003] open name host:/sfx/engine_idle.adpcm flag 1 data 41378
[    6.9022] open fd = 257
[    6.9191] open name host:/sfx/engine_high.adpcm flag 1 data 41378
[    6.9212] open fd = 257
[    6.9388] open name host:/sfx/tires_screech.adpcm flag 1 data 41378
[    6.9410] open fd = 257
[    6.9461] open name host:/sfx/gear-shift.adpcm flag 1 data 41378
[    6.9478] open fd = 257
[    6.9504] LOG: NIGHTCORONAPHASE phase=0 first=0 selected=1 enabled=0
[    6.9506] LOG: NIGHTPHASE phase=0 first=0 mask=0 appliedMask=0 sampler=1 countReads=262 samplePtr=0052d488
[    6.9507] LOG: NIGHTEXTRAPHASE phase=0 first=0 extraMask=0 appliedExtraMask=0
[    6.9508] LOG: NIGHTWILDPHASE phase=0 first=0 variant=0 enabled=0 appliedVariant=0 appliedEnabled=0
[    6.9508] LOG: NIGHTTABLEPHASE phase=0 first=0 selected=1 enabled=1 appliedSelected=1 appliedEnabled=1
[    6.9516] open name host:/launch.scene flag 1 data 41378
[    6.9520] open fd = -5
[    6.9522] open name host:/hud/loading.png flag 1 data 41378
[    6.9539] open fd = 257
[    6.9664] FRAMEARENA allocated=1 bytes=1048576
[    7.0297] open name host:/vehicles/veh-ravager000001-shadow.png flag 1 data 41378
[    7.0316] open fd = 257
[    7.0325] open name host:/vehicles/veh-ravager000001-shadow.png flag 1 data 41378
[    7.0343] open fd = 257
[    7.0602] open name host:/vehicles/veh-pica00000001-shadow.png flag 1 data 41378
[    7.0619] open fd = 257
[    7.0628] open name host:/vehicles/veh-pica00000001-shadow.png flag 1 data 41378
[    7.0644] open fd = 257
[    7.0706] open name host:/vehicles/veh-strix0000001-shadow.png flag 1 data 41378
[    7.0725] open fd = 257
[    7.0732] open name host:/vehicles/veh-strix0000001-shadow.png flag 1 data 41378
[    7.0824] open fd = 257
[    7.0892] open name host:/shadowatlas/scene0-0.png flag 1 data 41378
[    7.0910] open fd = 257
[    7.0917] open name host:/shadowatlas/scene0-0.png flag 1 data 41378
[    7.0934] open fd = 257
[    7.1085] open name host:/shadowatlas/scene0-1.png flag 1 data 41378
[    7.1103] open fd = 257
[    7.1109] open name host:/shadowatlas/scene0-1.png flag 1 data 41378
[    7.1126] open fd = 257
[    7.1274] open name host:/textures/district-ground.png flag 1 data 41378
[    7.1295] open fd = 257
[    7.1303] open name host:/textures/district-ground.png flag 1 data 41378
[    7.1320] open fd = 257
[    7.1538] open name host:/materials/district-asphalt.mtl flag 1 data 41378
[    7.1557] open fd = 257
[    7.1631] open name host:/textures/district-asphalt.png flag 1 data 41378
[    7.1649] open fd = 257
[    7.1659] open name host:/textures/district-asphalt.png flag 1 data 41378
[    7.1675] open fd = 257
[    7.1844] open name host:/materials/district-sign.mtl flag 1 data 41378
[    7.1863] open fd = 257
[    7.1888] open name host:/textures/district-sign.png flag 1 data 41378
[    7.1904] open fd = 257
[    7.1913] open name host:/textures/district-sign.png flag 1 data 41378
[    7.1932] open fd = 257
[    7.1975] open name host:/materials/night-warm.mtl flag 1 data 41378
[    7.1994] open fd = 257
[    7.2023] open name host:/materials/night-cyan.mtl flag 1 data 41378
[    7.2043] open fd = 257
[    7.2064] open name host:/materials/night-pink.mtl flag 1 data 41378
[    7.2081] open fd = 257
[    7.2108] open name host:/models/urban/district-workshop.tmdl flag 1 data 41378
[    7.2132] open fd = 257
[    7.2179] open name host:/models/urban/Textures/district-facades.png flag 1 data 41378
[    7.2208] open fd = 257
[    7.2219] open name host:/models/urban/Textures/district-facades.png flag 1 data 41378
[    7.2249] open fd = 257
[    7.2513] open name host:/models/urban/district-tower.tmdl flag 1 data 41378
[    7.2537] open fd = 257
[    7.2572] open name host:/models/urban/district-loft.tmdl flag 1 data 41378
[    7.2597] open fd = 257
[    7.2623] open name host:/models/urban/detail-light-double.tmdl flag 1 data 41378
[    7.2644] open fd = 257
[    7.2755] open name host:/models/urban/Textures/metal.png flag 1 data 41378
[    7.2783] open fd = 257
[    7.2793] open name host:/models/urban/Textures/metal.png flag 1 data 41378
[    7.2818] open fd = 257
[    7.2932] open name host:/models/urban/detail-light-traffic.tmdl flag 1 data 41378
[    7.2959] open fd = 257
[    7.3074] open name host:/models/urban/Textures/roof.png flag 1 data 41378
[    7.3100] open fd = 257
[    7.3110] open name host:/models/urban/Textures/roof.png flag 1 data 41378
[    7.3137] open fd = 257
[    7.3176] open name host:/models/urban/tree-park-large.tmdl flag 1 data 41378
[    7.3201] open fd = 257
[    7.3291] open name host:/models/urban/Textures/treeA.png flag 1 data 41378
[    7.3321] open fd = 257
[    7.3334] open name host:/models/urban/Textures/treeA.png flag 1 data 41378
[    7.3365] open fd = 257
[    7.3482] open name host:/models/urban/Textures/tiles.png flag 1 data 41378
[    7.3511] open fd = 257
[    7.3522] open name host:/models/urban/Textures/tiles.png flag 1 data 41378
[    7.3549] open fd = 257
[    7.3584] open name host:/models/urban/Textures/dirt.png flag 1 data 41378
[    7.3613] open fd = 257
[    7.3625] open name host:/models/urban/Textures/dirt.png flag 1 data 41378
[    7.3654] open fd = 257
[    7.3693] open name host:/models/urban/tree-park-pine-large.tmdl flag 1 data 41378
[    7.3714] open fd = 257
[    7.3800] open name host:/models/urban/Textures/treeB.png flag 1 data 41378
[    7.3826] open fd = 257
[    7.3837] open name host:/models/urban/Textures/treeB.png flag 1 data 41378
[    7.3866] open fd = 257
[    7.3898] open name host:/models/urban/detail-barrier-type-a.tmdl flag 1 data 41378
[    7.3925] open fd = 257
[    7.4059] open name host:/models/urban/Textures/signs.png flag 1 data 41378
[    7.4095] open fd = 257
[    7.4107] open name host:/models/urban/Textures/signs.png flag 1 data 41378
[    7.4135] open fd = 257
[    7.4168] open name host:/models/urban/detail-dumpster-closed.tmdl flag 1 data 41378
[    7.4191] open fd = 257
[    7.4240] open name host:/models/urban/Textures/metal_wall.png flag 1 data 41378
[    7.4269] open fd = 257
[    7.4281] open name host:/models/urban/Textures/metal_wall.png flag 1 data 41378
[    7.4308] open fd = 257
[    7.4342] open name host:/models/urban/Textures/wall.png flag 1 data 41378
[    7.4374] open fd = 257
[    7.4386] open name host:/models/urban/Textures/wall.png flag 1 data 41378
[    7.4413] open fd = 257
[    7.4444] open name host:/models/urban/detail-bench.tmdl flag 1 data 41378
[    7.4471] open fd = 257
[    7.4637] open name host:/models/urban/Textures/planks.png flag 1 data 41378
[    7.4666] open fd = 257
[    7.4678] open name host:/models/urban/Textures/planks.png flag 1 data 41378
[    7.4707] open fd = 257
[    7.4743] open name host:/models/urban/pallet.tmdl flag 1 data 41378
[    7.4767] open fd = 257
[    7.4859] open name host:/vehicles/veh-ravager000001-body.tmdl flag 1 data 41378
[    7.4877] open fd = 257
[    7.6230] open name host:/vehicles/veh-ravager000001-palette.png flag 1 data 41378
[    7.6248] open fd = 257
[    7.6257] open name host:/vehicles/veh-ravager000001-palette.png flag 1 data 41378
[    7.6275] open fd = 257
[    7.6417] open name host:/vehicles/veh-ravager000001-palette-image-0.png flag 1 data 41378
[    7.6436] open fd = 257
[    7.6444] open name host:/vehicles/veh-ravager000001-palette-image-0.png flag 1 data 41378
[    7.6462] open fd = 257
[    7.6670] open name host:/vehicles/veh-pica00000001-body.tmdl flag 1 data 41378
[    7.6691] open fd = 257
[    7.7904] open name host:/vehicles/veh-pica00000001-palette.png flag 1 data 41378
[    7.7923] open fd = 257
[    7.7931] open name host:/vehicles/veh-pica00000001-palette.png flag 1 data 41378
[    7.7946] open fd = 257
[    7.7973] open name host:/vehicles/veh-pica00000001-palette-image-0.png flag 1 data 41378
[    7.7989] open fd = 257
[    7.7997] open name host:/vehicles/veh-pica00000001-palette-image-0.png flag 1 data 41378
[    7.8015] open fd = 257
[    7.8289] open name host:/vehicles/veh-strix0000001-body.tmdl flag 1 data 41378
[    7.8308] open fd = 257
[    7.9572] open name host:/vehicles/veh-strix0000001-palette.png flag 1 data 41378
[    7.9592] open fd = 257
[    7.9599] open name host:/vehicles/veh-strix0000001-palette.png flag 1 data 41378
[    7.9615] open fd = 257
[    7.9640] open name host:/vehicles/veh-strix0000001-palette-image-0.png flag 1 data 41378
[    7.9656] open fd = 257
[    7.9663] open name host:/vehicles/veh-strix0000001-palette-image-0.png flag 1 data 41378
[    7.9679] open fd = 257
[    7.9947] open name host:/sky/scene0.png flag 1 data 41378
[    7.9967] open fd = 257
[    7.9976] open name host:/sky/scene0.png flag 1 data 41378
[    7.9990] open fd = 257
[    8.2790] open name host:/vehicles/fx-skid.png flag 1 data 41378
[    8.2811] open fd = 257
[    8.2819] open name host:/vehicles/fx-skid.png flag 1 data 41378
[    8.2837] open fd = 257
[    8.2989] open name host:/vehicles/fx-smoke.png flag 1 data 41378
[    8.3011] open fd = 257
[    8.3020] open name host:/vehicles/fx-smoke.png flag 1 data 41378
[    8.3039] open fd = 257
[    8.3086] open name host:/vehicles/veh-ravager000001-wheel.tmdl flag 1 data 41378
[    8.3104] open fd = 257
[    8.3191] open name host:/vehicles/veh-ravager000001-wheelfast.tmdl flag 1 data 41378
[    8.3207] open fd = 257
[    8.3287] open name host:/fonts/atlas-default.png flag 1 data 41378
[    8.3306] open fd = 257
[    8.3476] open name host:/hud/icons.png flag 1 data 41378
[    8.3494] open fd = 257
[    8.3637] open name host:/hud/loading-white.png flag 1 data 41378
[    8.3657] open fd = 257
[    8.3681] open name host:/vehicles/veh-pica00000001-wheel.tmdl flag 1 data 41378
[    8.3701] open fd = 257
[    8.3785] open name host:/vehicles/veh-pica00000001-wheelfast.tmdl flag 1 data 41378
[    8.3803] open fd = 257
[    8.3868] open name host:/vehicles/veh-strix0000001-wheel.tmdl flag 1 data 41378
[    8.3885] open fd = 257
[    8.4037] open name host:/vehicles/veh-strix0000001-wheelfast.tmdl flag 1 data 41378
[    8.4055] open fd = 257
[    8.4180] open name host:/textures/district-road.png flag 1 data 41378
[    8.4197] open fd = 257
[    8.4205] open name host:/textures/district-road.png flag 1 data 41378
[    8.4221] open fd = 257
[    8.5294] open name host:/textures/district-asphalt.png flag 1 data 41378
[    8.5317] open fd = 257
[    8.5327] open name host:/textures/district-asphalt.png flag 1 data 41378
[    8.5345] open fd = 257
[    8.5477] open name host:/textures/district-plaza.png flag 1 data 41378
[    8.5495] open fd = 257
[    8.5503] open name host:/textures/district-plaza.png flag 1 data 41378
[    8.5519] open fd = 257
[    8.5866] open name host:/gshadow/s0_2_1.png flag 1 data 41378
[    8.5887] open fd = 257
[    8.5895] open name host:/gshadow/s0_2_1.png flag 1 data 41378
[    8.5910] open fd = 257
[    8.6041] open name host:/gshadow/s0_1_1.png flag 1 data 41378
[    8.6060] open fd = 257
[    8.6069] open name host:/gshadow/s0_1_1.png flag 1 data 41378
[    8.6092] open fd = 257
[    8.6132] open name host:/gshadow/s0_3_1.png flag 1 data 41378
[    8.6150] open fd = 257
[    8.6159] open name host:/gshadow/s0_3_1.png flag 1 data 41378
[    8.6177] open fd = 257
[    8.6284] open name host:/gshadow/s0_2_2.png flag 1 data 41378
[    8.6303] open fd = 257
[    8.6312] open name host:/gshadow/s0_2_2.png flag 1 data 41378
[    8.6331] open fd = 257
[    8.6366] open name host:/gshadow/s0_1_2.png flag 1 data 41378
[    8.6385] open fd = 257
[    8.6393] open name host:/gshadow/s0_1_2.png flag 1 data 41378
[    8.6408] open fd = 257
[    8.6445] open name host:/gshadow/s0_3_2.png flag 1 data 41378
[    8.6462] open fd = 257
[    8.6469] open name host:/gshadow/s0_3_2.png flag 1 data 41378
[    8.6484] open fd = 257
[    8.6698] open name host:/gshadow/s0_0_1.png flag 1 data 41378
[    8.6717] open fd = 257
[    8.6727] open name host:/gshadow/s0_0_1.png flag 1 data 41378
[    8.6742] open fd = 257
[    8.6778] open name host:/gshadow/s0_4_1.png flag 1 data 41378
[    8.6795] open fd = 257
[    8.6804] open name host:/gshadow/s0_4_1.png flag 1 data 41378
[    8.6820] open fd = 257
[    8.6855] open name host:/gshadow/s0_4_0.png flag 1 data 41378
[    8.6875] open fd = 257
[    8.6883] open name host:/gshadow/s0_4_0.png flag 1 data 41378
[    8.6903] open fd = 257
[    8.7013] open name host:/gshadow/s0_2_3.png flag 1 data 41378
[    8.7031] open fd = 257
[    8.7040] open name host:/gshadow/s0_2_3.png flag 1 data 41378
[    8.7055] open fd = 257
[    8.7095] open name host:/gshadow/s0_0_2.png flag 1 data 41378
[    8.7112] open fd = 257
[    8.7119] open name host:/gshadow/s0_0_2.png flag 1 data 41378
[    8.7136] open fd = 257
[    8.7240] open name host:/gshadow/s0_4_2.png flag 1 data 41378
[    8.7259] open fd = 257
[    8.7267] open name host:/gshadow/s0_4_2.png flag 1 data 41378
[    8.7282] open fd = 257
[    8.7319] open name host:/gshadow/s0_1_3.png flag 1 data 41378
[    8.7339] open fd = 257
[    8.7348] open name host:/gshadow/s0_1_3.png flag 1 data 41378
[    8.7366] open fd = 257
[    8.7480] open name host:/gshadow/s0_3_3.png flag 1 data 41378
[    8.7498] open fd = 257
[    8.7506] open name host:/gshadow/s0_3_3.png flag 1 data 41378
[    8.7522] open fd = 257
[    8.7555] open name host:/gshadow/s0_0_3.png flag 1 data 41378
[    8.7573] open fd = 257
[    8.7581] open name host:/gshadow/s0_0_3.png flag 1 data 41378
[    8.7598] open fd = 257
[    8.7634] open name host:/gshadow/s0_4_3.png flag 1 data 41378
[    8.7651] open fd = 257
[    8.7658] open name host:/gshadow/s0_4_3.png flag 1 data 41378
[    8.7673] open fd = 257
[    9.5276] microVU1: Cached Prog = [000] [PC=2590] [List=01] (Cache=0.000%) [0.0mb]
[    9.5280] microVU1: 3 cycle stall on branch instruction [3368]
[    9.5280] microVU1: 3 cycle stall on branch instruction [3368]
[    9.5280] microVU1: 3 cycle stall on branch instruction [3380]
[    9.5280] microVU1: 3 cycle stall on branch instruction [3380]
[    9.5280] microVU1: 3 cycle stall on branch instruction [33b8]
[    9.5280] microVU1: 3 cycle stall on branch instruction [33b8]
[    9.5280] microVU1: 3 cycle stall on branch instruction [33d8]
[    9.5280] microVU1: 3 cycle stall on branch instruction [33d8]
[    9.5281] microVU1: 3 cycle stall on branch instruction [3368]
[    9.5281] microVU1: 3 cycle stall on branch instruction [3368]
[    9.5281] microVU1: 3 cycle stall on branch instruction [3380]
[    9.5281] microVU1: 3 cycle stall on branch instruction [3380]
[    9.5282] microVU1: 3 cycle stall on branch instruction [33b8]
[    9.5282] microVU1: 3 cycle stall on branch instruction [33b8]
[    9.5282] microVU1: 3 cycle stall on branch instruction [33d8]
[    9.5282] microVU1: 3 cycle stall on branch instruction [33d8]
[    9.5283] microVU1: 3 cycle stall on branch instruction [3368]
[    9.5283] microVU1: 3 cycle stall on branch instruction [3368]
[    9.5283] microVU1: 3 cycle stall on branch instruction [3380]
[    9.5283] microVU1: 3 cycle stall on branch instruction [3380]
[    9.5283] microVU1: 3 cycle stall on branch instruction [33b8]
[    9.5283] microVU1: 3 cycle stall on branch instruction [33b8]
[    9.5283] microVU1: 3 cycle stall on branch instruction [33d8]
[    9.5283] microVU1: 3 cycle stall on branch instruction [33d8]
[    9.5284] microVU1: 3 cycle stall on branch instruction [3368]
[    9.5284] microVU1: 3 cycle stall on branch instruction [3368]
[    9.5284] microVU1: 3 cycle stall on branch instruction [3380]
[    9.5284] microVU1: 3 cycle stall on branch instruction [3380]
[    9.5284] microVU1: 3 cycle stall on branch instruction [33b8]
[    9.5284] microVU1: 3 cycle stall on branch instruction [33b8]
[    9.5284] microVU1: 3 cycle stall on branch instruction [33d8]
[    9.5284] microVU1: 3 cycle stall on branch instruction [33d8]
[    9.5288] microVU1: 3 cycle stall on branch instruction [3368]
[    9.5288] microVU1: 3 cycle stall on branch instruction [3368]
[    9.5288] microVU1: 3 cycle stall on branch instruction [3380]
[    9.5288] microVU1: 3 cycle stall on branch instruction [3380]
[    9.5288] microVU1: 3 cycle stall on branch instruction [33b8]
[    9.5288] microVU1: 3 cycle stall on branch instruction [33b8]
[    9.5289] microVU1: 3 cycle stall on branch instruction [33d8]
[    9.5289] microVU1: 3 cycle stall on branch instruction [33d8]
[    9.5290] microVU1: 3 cycle stall on branch instruction [3368]
[    9.5290] microVU1: 3 cycle stall on branch instruction [3368]
[    9.5290] microVU1: 3 cycle stall on branch instruction [3380]
[    9.5290] microVU1: 3 cycle stall on branch instruction [3380]
[    9.5290] microVU1: 3 cycle stall on branch instruction [33b8]
[    9.5290] microVU1: 3 cycle stall on branch instruction [33b8]
[    9.5290] microVU1: 3 cycle stall on branch instruction [33d8]
[    9.5290] microVU1: 3 cycle stall on branch instruction [33d8]
[    9.5291] microVU1: 3 cycle stall on branch instruction [3368]
[    9.5291] microVU1: 3 cycle stall on branch instruction [3368]
[    9.5291] microVU1: 3 cycle stall on branch instruction [3380]
[    9.5291] microVU1: 3 cycle stall on branch instruction [3380]
[    9.5291] microVU1: 3 cycle stall on branch instruction [33b8]
[    9.5291] microVU1: 3 cycle stall on branch instruction [33b8]
[    9.5291] microVU1: 3 cycle stall on branch instruction [33d8]
[    9.5291] microVU1: 3 cycle stall on branch instruction [33d8]
[    9.5292] microVU1: 3 cycle stall on branch instruction [3368]
[    9.5292] microVU1: 3 cycle stall on branch instruction [3368]
[    9.5292] microVU1: 3 cycle stall on branch instruction [3380]
[    9.5292] microVU1: 3 cycle stall on branch instruction [3380]
[    9.5293] microVU1: 3 cycle stall on branch instruction [33b8]
[    9.5293] microVU1: 3 cycle stall on branch instruction [33b8]
[    9.5293] microVU1: 3 cycle stall on branch instruction [33d8]
[    9.5293] microVU1: 3 cycle stall on branch instruction [33d8]
[    9.5297] microVU1: 3 cycle stall on branch instruction [3368]
[    9.5297] microVU1: 3 cycle stall on branch instruction [3368]
[    9.5297] microVU1: 3 cycle stall on branch instruction [3380]
[    9.5297] microVU1: 3 cycle stall on branch instruction [3380]
[    9.5297] microVU1: 3 cycle stall on branch instruction [33b8]
[    9.5297] microVU1: 3 cycle stall on branch instruction [33b8]
[    9.5297] microVU1: 3 cycle stall on branch instruction [33d8]
[    9.5297] microVU1: 3 cycle stall on branch instruction [33d8]
[    9.5298] microVU1: 3 cycle stall on branch instruction [3368]
[    9.5299] microVU1: 3 cycle stall on branch instruction [3368]
[    9.5299] microVU1: 3 cycle stall on branch instruction [3380]
[    9.5299] microVU1: 3 cycle stall on branch instruction [3380]
[    9.5299] microVU1: 3 cycle stall on branch instruction [33b8]
[    9.5299] microVU1: 3 cycle stall on branch instruction [33b8]
[    9.5299] microVU1: 3 cycle stall on branch instruction [33d8]
[    9.5299] microVU1: 3 cycle stall on branch instruction [33d8]
[    9.5300] microVU1: 3 cycle stall on branch instruction [3368]
[    9.5300] microVU1: 3 cycle stall on branch instruction [3368]
[    9.5300] microVU1: 3 cycle stall on branch instruction [3380]
[    9.5300] microVU1: 3 cycle stall on branch instruction [3380]
[    9.5300] microVU1: 3 cycle stall on branch instruction [33b8]
[    9.5300] microVU1: 3 cycle stall on branch instruction [33b8]
[    9.5300] microVU1: 3 cycle stall on branch instruction [33d8]
[    9.5301] microVU1: 3 cycle stall on branch instruction [33d8]
[    9.5301] microVU1: 3 cycle stall on branch instruction [3368]
[    9.5301] microVU1: 3 cycle stall on branch instruction [3368]
[    9.5302] microVU1: 3 cycle stall on branch instruction [3380]
[    9.5302] microVU1: 3 cycle stall on branch instruction [3380]
[    9.5302] microVU1: 3 cycle stall on branch instruction [33b8]
[    9.5302] microVU1: 3 cycle stall on branch instruction [33b8]
[    9.5302] microVU1: 3 cycle stall on branch instruction [33d8]
[    9.5302] microVU1: 3 cycle stall on branch instruction [33d8]
[    9.5305] microVU1: 3 cycle stall on branch instruction [3368]
[    9.5305] microVU1: 3 cycle stall on branch instruction [3368]
[    9.5305] microVU1: 3 cycle stall on branch instruction [3380]
[    9.5305] microVU1: 3 cycle stall on branch instruction [3380]
[    9.5306] microVU1: 3 cycle stall on branch instruction [33b8]
[    9.5306] microVU1: 3 cycle stall on branch instruction [33b8]
[    9.5306] microVU1: 3 cycle stall on branch instruction [33d8]
[    9.5306] microVU1: 3 cycle stall on branch instruction [33d8]
[    9.5307] microVU1: 3 cycle stall on branch instruction [3368]
[    9.5307] microVU1: 3 cycle stall on branch instruction [3368]
[    9.5307] microVU1: 3 cycle stall on branch instruction [3380]
[    9.5307] microVU1: 3 cycle stall on branch instruction [3380]
[    9.5307] microVU1: 3 cycle stall on branch instruction [33b8]
[    9.5307] microVU1: 3 cycle stall on branch instruction [33b8]
[    9.5307] microVU1: 3 cycle stall on branch instruction [33d8]
[    9.5307] microVU1: 3 cycle stall on branch instruction [33d8]
[    9.5308] microVU1: 3 cycle stall on branch instruction [3368]
[    9.5308] microVU1: 3 cycle stall on branch instruction [3368]
[    9.5308] microVU1: 3 cycle stall on branch instruction [3380]
[    9.5308] microVU1: 3 cycle stall on branch instruction [3380]
[    9.5308] microVU1: 3 cycle stall on branch instruction [33b8]
[    9.5308] microVU1: 3 cycle stall on branch instruction [33b8]
[    9.5309] microVU1: 3 cycle stall on branch instruction [33d8]
[    9.5309] microVU1: 3 cycle stall on branch instruction [33d8]
[    9.5311] microVU1: 3 cycle stall on branch instruction [3368]
[    9.5311] microVU1: 3 cycle stall on branch instruction [3368]
[    9.5311] microVU1: 3 cycle stall on branch instruction [3380]
[    9.5311] microVU1: 3 cycle stall on branch instruction [3380]
[    9.5311] microVU1: 3 cycle stall on branch instruction [33b8]
[    9.5311] microVU1: 3 cycle stall on branch instruction [33b8]
[    9.5311] microVU1: 3 cycle stall on branch instruction [33d8]
[    9.5311] microVU1: 3 cycle stall on branch instruction [33d8]
[    9.5318] microVU1: 3 cycle stall on branch instruction [2c58]
[    9.5330] microVU1: Cached Prog = [001] [PC=1a30] [List=01] (Cache=0.677%) [0.4mb]
[    9.5330] microVU1: 1 cycle stall on branch instruction [1ae8]
[    9.5331] microVU1: 3 cycle stall on branch instruction [1ba0]
[    9.5334] microVU1: 3 cycle stall on branch instruction [2520]
[    9.5334] microVU1: 3 cycle stall on branch instruction [1ba0]
[    9.5337] microVU1: 3 cycle stall on branch instruction [2520]
[    9.5337] microVU1: 3 cycle stall on branch instruction [1ba0]
[    9.5338] microVU1: 3 cycle stall on branch instruction [2520]
[    9.5338] microVU1: 3 cycle stall on branch instruction [1ba0]
[    9.5342] microVU1: 3 cycle stall on branch instruction [2520]
[    9.5342] microVU1: 3 cycle stall on branch instruction [1ba0]
[    9.5346] microVU1: 3 cycle stall on branch instruction [2520]
[    9.5346] microVU1: 3 cycle stall on branch instruction [1ba0]
[    9.5347] microVU1: 3 cycle stall on branch instruction [2520]
[    9.5347] microVU1: 3 cycle stall on branch instruction [1ba0]
[    9.5349] microVU1: 3 cycle stall on branch instruction [2520]
[    9.5349] microVU1: 3 cycle stall on branch instruction [1ba0]
[    9.5349] microVU1: 3 cycle stall on branch instruction [1fc0]
[    9.5351] microVU1: 3 cycle stall on branch instruction [2520]
[    9.5351] microVU1: 3 cycle stall on branch instruction [1ba0]
[    9.5352] microVU1: 3 cycle stall on branch instruction [2520]
[    9.5352] microVU1: 3 cycle stall on branch instruction [1ba0]
[    9.5357] microVU1: 3 cycle stall on branch instruction [2520]
[    9.5357] microVU1: 3 cycle stall on branch instruction [1ba0]
[    9.5358] microVU1: 3 cycle stall on branch instruction [2520]
[    9.5358] microVU1: 3 cycle stall on branch instruction [1ba0]
[    9.5363] microVU1: 3 cycle stall on branch instruction [2520]
[    9.5363] microVU1: 3 cycle stall on branch instruction [1ba0]
[    9.5365] microVU1: 3 cycle stall on branch instruction [2520]
[    9.5365] microVU1: 3 cycle stall on branch instruction [1ba0]
[    9.5369] microVU1: 3 cycle stall on branch instruction [2520]
[    9.5369] microVU1: 3 cycle stall on branch instruction [1ba0]
[    9.5374] microVU1: 3 cycle stall on branch instruction [1fc0]
[    9.5375] microVU1: 3 cycle stall on branch instruction [2520]
[    9.5375] microVU1: 3 cycle stall on branch instruction [1ba0]
[    9.5376] microVU1: 3 cycle stall on branch instruction [1fc0]
[    9.5377] microVU1: 3 cycle stall on branch instruction [1fc0]
[    9.5378] microVU1: 3 cycle stall on branch instruction [2520]
[    9.5378] microVU1: 3 cycle stall on branch instruction [1ba0]
[    9.5379] microVU1: 3 cycle stall on branch instruction [1fc0]
[    9.5380] microVU1: 3 cycle stall on branch instruction [1fc0]
[    9.5382] microVU1: 3 cycle stall on branch instruction [1fc0]
[    9.5383] microVU1: 3 cycle stall on branch instruction [1fc0]
[    9.5385] microVU1: 3 cycle stall on branch instruction [1fc0]
[    9.5386] microVU1: 3 cycle stall on branch instruction [1fc0]
[    9.5387] microVU1: 3 cycle stall on branch instruction [1fc0]
[    9.5388] microVU1: 3 cycle stall on branch instruction [1fc0]
[    9.5389] microVU1: 3 cycle stall on branch instruction [1fc0]
[    9.5390] microVU1: 3 cycle stall on branch instruction [1fc0]
[    9.5391] microVU1: 3 cycle stall on branch instruction [1fc0]
[    9.5393] microVU1: 3 cycle stall on branch instruction [1fc0]
[    9.5394] microVU1: 3 cycle stall on branch instruction [1ba0]
[    9.5395] microVU1: Cached Prog = [002] [PC=2578] [List=01] (Cache=1.397%) [0.9mb]
[    9.5395] microVU1: 1 cycle stall on branch instruction [1ae8]
[    9.5395] microVU1: 3 cycle stall on branch instruction [1ba0]
[    9.5399] microVU1: 3 cycle stall on branch instruction [2520]
[    9.5399] microVU1: 3 cycle stall on branch instruction [1ba0]
[    9.5402] microVU1: 3 cycle stall on branch instruction [2520]
[    9.5402] microVU1: 3 cycle stall on branch instruction [1ba0]
[    9.5403] microVU1: 3 cycle stall on branch instruction [2520]
[    9.5403] microVU1: 3 cycle stall on branch instruction [1ba0]
[    9.5406] microVU1: 3 cycle stall on branch instruction [2520]
[    9.5407] microVU1: 3 cycle stall on branch instruction [1ba0]
[    9.5410] microVU1: 3 cycle stall on branch instruction [2520]
[    9.5410] microVU1: 3 cycle stall on branch instruction [1ba0]
[    9.5411] microVU1: 3 cycle stall on branch instruction [2520]
[    9.5411] microVU1: 3 cycle stall on branch instruction [1ba0]
[    9.5413] microVU1: 3 cycle stall on branch instruction [2520]
[    9.5413] microVU1: 3 cycle stall on branch instruction [1ba0]
[    9.5413] microVU1: 3 cycle stall on branch instruction [1fc0]
[    9.5415] microVU1: 3 cycle stall on branch instruction [2520]
[    9.5415] microVU1: 3 cycle stall on branch instruction [1ba0]
[    9.5416] microVU1: 3 cycle stall on branch instruction [2520]
[    9.5422] microVU1: 3 cycle stall on branch instruction [1ba0]
[    9.5426] microVU1: 3 cycle stall on branch instruction [2520]
[    9.5426] microVU1: 3 cycle stall on branch instruction [1ba0]
[    9.5427] microVU1: 3 cycle stall on branch instruction [2520]
[    9.5427] microVU1: 3 cycle stall on branch instruction [1ba0]
[    9.5432] microVU1: 3 cycle stall on branch instruction [2520]
[    9.5432] microVU1: 3 cycle stall on branch instruction [1ba0]
[    9.5433] microVU1: 3 cycle stall on branch instruction [2520]
[    9.5434] microVU1: 3 cycle stall on branch instruction [1ba0]
[    9.5437] microVU1: 3 cycle stall on branch instruction [2520]
[    9.5437] microVU1: 3 cycle stall on branch instruction [1ba0]
[    9.5442] microVU1: 3 cycle stall on branch instruction [1fc0]
[    9.5443] microVU1: 3 cycle stall on branch instruction [2520]
[    9.5443] microVU1: 3 cycle stall on branch instruction [1ba0]
[    9.5444] microVU1: 3 cycle stall on branch instruction [1fc0]
[    9.5446] microVU1: 3 cycle stall on branch instruction [1fc0]
[    9.5446] microVU1: 3 cycle stall on branch instruction [2520]
[    9.5446] microVU1: 3 cycle stall on branch instruction [1ba0]
[    9.5447] microVU1: 3 cycle stall on branch instruction [1fc0]
[    9.5449] microVU1: 3 cycle stall on branch instruction [1fc0]
[    9.5451] microVU1: 3 cycle stall on branch instruction [1fc0]
[    9.5452] microVU1: 3 cycle stall on branch instruction [1fc0]
[    9.5453] microVU1: 3 cycle stall on branch instruction [1fc0]
[    9.5454] microVU1: 3 cycle stall on branch instruction [1fc0]
[    9.5456] microVU1: 3 cycle stall on branch instruction [1fc0]
[    9.5456] microVU1: 3 cycle stall on branch instruction [1fc0]
[    9.5458] microVU1: 3 cycle stall on branch instruction [1fc0]
[    9.5459] microVU1: 3 cycle stall on branch instruction [1fc0]
[    9.5460] microVU1: 3 cycle stall on branch instruction [1fc0]
[    9.5461] microVU1: 3 cycle stall on branch instruction [1fc0]
[    9.5462] microVU1: 3 cycle stall on branch instruction [1ba0]
[    9.5463] microVU1: Cached Prog = [003] [PC=3550] [List=01] (Cache=2.117%) [1.3mb]
[    9.5466] microVU1: 3 cycle stall on branch instruction [3368]
[    9.5466] microVU1: 3 cycle stall on branch instruction [3368]
[    9.5466] microVU1: 3 cycle stall on branch instruction [3380]
[    9.5466] microVU1: 3 cycle stall on branch instruction [3380]
[    9.5466] microVU1: 3 cycle stall on branch instruction [33b8]
[    9.5466] microVU1: 3 cycle stall on branch instruction [33b8]
[    9.5466] microVU1: 3 cycle stall on branch instruction [33d8]
[    9.5466] microVU1: 3 cycle stall on branch instruction [33d8]
[    9.5467] microVU1: 3 cycle stall on branch instruction [3368]
[    9.5467] microVU1: 3 cycle stall on branch instruction [3368]
[    9.5467] microVU1: 3 cycle stall on branch instruction [3380]
[    9.5467] microVU1: 3 cycle stall on branch instruction [3380]
[    9.5468] microVU1: 3 cycle stall on branch instruction [33b8]
[    9.5468] microVU1: 3 cycle stall on branch instruction [33b8]
[    9.5468] microVU1: 3 cycle stall on branch instruction [33d8]
[    9.5468] microVU1: 3 cycle stall on branch instruction [33d8]
[    9.5469] microVU1: 3 cycle stall on branch instruction [3368]
[    9.5469] microVU1: 3 cycle stall on branch instruction [3368]
[    9.5469] microVU1: 3 cycle stall on branch instruction [3380]
[    9.5469] microVU1: 3 cycle stall on branch instruction [3380]
[    9.5469] microVU1: 3 cycle stall on branch instruction [33b8]
[    9.5469] microVU1: 3 cycle stall on branch instruction [33b8]
[    9.5470] microVU1: 3 cycle stall on branch instruction [33d8]
[    9.5470] microVU1: 3 cycle stall on branch instruction [33d8]
[    9.5471] microVU1: 3 cycle stall on branch instruction [3368]
[    9.5471] microVU1: 3 cycle stall on branch instruction [3368]
[    9.5471] microVU1: 3 cycle stall on branch instruction [3380]
[    9.5471] microVU1: 3 cycle stall on branch instruction [3380]
[    9.5471] microVU1: 3 cycle stall on branch instruction [33b8]
[    9.5471] microVU1: 3 cycle stall on branch instruction [33b8]
[    9.5472] microVU1: 3 cycle stall on branch instruction [33d8]
[    9.5472] microVU1: 3 cycle stall on branch instruction [33d8]
[    9.5476] microVU1: 3 cycle stall on branch instruction [3368]
[    9.5476] microVU1: 3 cycle stall on branch instruction [3368]
[    9.5476] microVU1: 3 cycle stall on branch instruction [3380]
[    9.5476] microVU1: 3 cycle stall on branch instruction [3380]
[    9.5476] microVU1: 3 cycle stall on branch instruction [33b8]
[    9.5476] microVU1: 3 cycle stall on branch instruction [33b8]
[    9.5476] microVU1: 3 cycle stall on branch instruction [33d8]
[    9.5476] microVU1: 3 cycle stall on branch instruction [33d8]
[    9.5477] microVU1: 3 cycle stall on branch instruction [3368]
[    9.5477] microVU1: 3 cycle stall on branch instruction [3368]
[    9.5477] microVU1: 3 cycle stall on branch instruction [3380]
[    9.5477] microVU1: 3 cycle stall on branch instruction [3380]
[    9.5477] microVU1: 3 cycle stall on branch instruction [33b8]
[    9.5477] microVU1: 3 cycle stall on branch instruction [33b8]
[    9.5477] microVU1: 3 cycle stall on branch instruction [33d8]
[    9.5477] microVU1: 3 cycle stall on branch instruction [33d8]
[    9.5478] microVU1: 3 cycle stall on branch instruction [3368]
[    9.5478] microVU1: 3 cycle stall on branch instruction [3368]
[    9.5478] microVU1: 3 cycle stall on branch instruction [3380]
[    9.5478] microVU1: 3 cycle stall on branch instruction [3380]
[    9.5479] microVU1: 3 cycle stall on branch instruction [33b8]
[    9.5479] microVU1: 3 cycle stall on branch instruction [33b8]
[    9.5479] microVU1: 3 cycle stall on branch instruction [33d8]
[    9.5479] microVU1: 3 cycle stall on branch instruction [33d8]
[    9.5480] microVU1: 3 cycle stall on branch instruction [3368]
[    9.5480] microVU1: 3 cycle stall on branch instruction [3368]
[    9.5480] microVU1: 3 cycle stall on branch instruction [3380]
[    9.5480] microVU1: 3 cycle stall on branch instruction [3380]
[    9.5480] microVU1: 3 cycle stall on branch instruction [33b8]
[    9.5480] microVU1: 3 cycle stall on branch instruction [33b8]
[    9.5480] microVU1: 3 cycle stall on branch instruction [33d8]
[    9.5480] microVU1: 3 cycle stall on branch instruction [33d8]
[    9.5484] microVU1: 3 cycle stall on branch instruction [3368]
[    9.5484] microVU1: 3 cycle stall on branch instruction [3368]
[    9.5485] microVU1: 3 cycle stall on branch instruction [3380]
[    9.5485] microVU1: 3 cycle stall on branch instruction [3380]
[    9.5485] microVU1: 3 cycle stall on branch instruction [33b8]
[    9.5485] microVU1: 3 cycle stall on branch instruction [33b8]
[    9.5485] microVU1: 3 cycle stall on branch instruction [33d8]
[    9.5485] microVU1: 3 cycle stall on branch instruction [33d8]
[    9.5486] microVU1: 3 cycle stall on branch instruction [3368]
[    9.5486] microVU1: 3 cycle stall on branch instruction [3368]
[    9.5486] microVU1: 3 cycle stall on branch instruction [3380]
[    9.5486] microVU1: 3 cycle stall on branch instruction [3380]
[    9.5486] microVU1: 3 cycle stall on branch instruction [33b8]
[    9.5486] microVU1: 3 cycle stall on branch instruction [33b8]
[    9.5486] microVU1: 3 cycle stall on branch instruction [33d8]
[    9.5486] microVU1: 3 cycle stall on branch instruction [33d8]
[    9.5487] microVU1: 3 cycle stall on branch instruction [3368]
[    9.5487] microVU1: 3 cycle stall on branch instruction [3368]
[    9.5487] microVU1: 3 cycle stall on branch instruction [3380]
[    9.5487] microVU1: 3 cycle stall on branch instruction [3380]
[    9.5487] microVU1: 3 cycle stall on branch instruction [33b8]
[    9.5487] microVU1: 3 cycle stall on branch instruction [33b8]
[    9.5488] microVU1: 3 cycle stall on branch instruction [33d8]
[    9.5488] microVU1: 3 cycle stall on branch instruction [33d8]
[    9.5488] microVU1: 3 cycle stall on branch instruction [3368]
[    9.5489] microVU1: 3 cycle stall on branch instruction [3368]
[    9.5489] microVU1: 3 cycle stall on branch instruction [3380]
[    9.5489] microVU1: 3 cycle stall on branch instruction [3380]
[    9.5489] microVU1: 3 cycle stall on branch instruction [33b8]
[    9.5489] microVU1: 3 cycle stall on branch instruction [33b8]
[    9.5489] microVU1: 3 cycle stall on branch instruction [33d8]
[    9.5489] microVU1: 3 cycle stall on branch instruction [33d8]
[    9.5492] microVU1: 3 cycle stall on branch instruction [3368]
[    9.5492] microVU1: 3 cycle stall on branch instruction [3368]
[    9.5492] microVU1: 3 cycle stall on branch instruction [3380]
[    9.5492] microVU1: 3 cycle stall on branch instruction [3380]
[    9.5493] microVU1: 3 cycle stall on branch instruction [33b8]
[    9.5493] microVU1: 3 cycle stall on branch instruction [33b8]
[    9.5493] microVU1: 3 cycle stall on branch instruction [33d8]
[    9.5493] microVU1: 3 cycle stall on branch instruction [33d8]
[    9.5494] microVU1: 3 cycle stall on branch instruction [3368]
[    9.5494] microVU1: 3 cycle stall on branch instruction [3368]
[    9.5495] microVU1: 3 cycle stall on branch instruction [3380]
[    9.5495] microVU1: 3 cycle stall on branch instruction [3380]
[    9.5495] microVU1: 3 cycle stall on branch instruction [33b8]
[    9.5495] microVU1: 3 cycle stall on branch instruction [33b8]
[    9.5495] microVU1: 3 cycle stall on branch instruction [33d8]
[    9.5495] microVU1: 3 cycle stall on branch instruction [33d8]
[    9.5496] microVU1: 3 cycle stall on branch instruction [3368]
[    9.5496] microVU1: 3 cycle stall on branch instruction [3368]
[    9.5496] microVU1: 3 cycle stall on branch instruction [3380]
[    9.5496] microVU1: 3 cycle stall on branch instruction [3380]
[    9.5496] microVU1: 3 cycle stall on branch instruction [33b8]
[    9.5496] microVU1: 3 cycle stall on branch instruction [33b8]
[    9.5496] microVU1: 3 cycle stall on branch instruction [33d8]
[    9.5496] microVU1: 3 cycle stall on branch instruction [33d8]
[    9.5497] microVU1: 3 cycle stall on branch instruction [3368]
[    9.5497] microVU1: 3 cycle stall on branch instruction [3368]
[    9.5497] microVU1: 3 cycle stall on branch instruction [3380]
[    9.5497] microVU1: 3 cycle stall on branch instruction [3380]
[    9.5498] microVU1: 3 cycle stall on branch instruction [33b8]
[    9.5498] microVU1: 3 cycle stall on branch instruction [33b8]
[    9.5498] microVU1: 3 cycle stall on branch instruction [33d8]
[    9.5498] microVU1: 3 cycle stall on branch instruction [33d8]
[    9.5504] microVU1: 3 cycle stall on branch instruction [2c58]
[    9.5519] microVU1: Cached Prog = [004] [PC=0000] [List=01] (Cache=2.794%) [1.7mb]
[    9.5531] microVU1: Cached Prog = [005] [PC=0710] [List=01] (Cache=2.887%) [1.8mb]
[    9.5531] microVU1: 2 cycle stall on branch instruction [07c8]
[    9.5534] microVU1: 3 cycle stall on branch instruction [1108]
[    9.5534] microVU1: 3 cycle stall on branch instruction [1130]
[    9.5536] microVU1: 3 cycle stall on branch instruction [1108]
[    9.5536] microVU1: 3 cycle stall on branch instruction [1130]
[    9.5538] microVU1: 3 cycle stall on branch instruction [1108]
[    9.5538] microVU1: 3 cycle stall on branch instruction [1130]
[    9.5541] microVU1: 3 cycle stall on branch instruction [1108]
[    9.5541] microVU1: 3 cycle stall on branch instruction [1130]
[    9.5544] microVU1: 3 cycle stall on branch instruction [1108]
[    9.5544] microVU1: 3 cycle stall on branch instruction [1130]
[    9.5545] microVU1: 3 cycle stall on branch instruction [1108]
[    9.5545] microVU1: 3 cycle stall on branch instruction [1130]
[    9.5547] microVU1: 3 cycle stall on branch instruction [1108]
[    9.5547] microVU1: 3 cycle stall on branch instruction [1130]
[    9.5548] microVU1: 3 cycle stall on branch instruction [09e8]
[    9.5548] microVU1: 3 cycle stall on branch instruction [0a70]
[    9.5549] microVU1: 3 cycle stall on branch instruction [1108]
[    9.5549] microVU1: 3 cycle stall on branch instruction [1130]
[    9.5552] microVU1: 3 cycle stall on branch instruction [1108]
[    9.5553] microVU1: 3 cycle stall on branch instruction [1130]
[    9.5554] microVU1: 3 cycle stall on branch instruction [1108]
[    9.5554] microVU1: 3 cycle stall on branch instruction [1130]
[    9.5559] microVU1: 3 cycle stall on branch instruction [1108]
[    9.5559] microVU1: 3 cycle stall on branch instruction [1130]
[    9.5561] microVU1: 3 cycle stall on branch instruction [1108]
[    9.5561] microVU1: 3 cycle stall on branch instruction [1130]
[    9.5563] microVU1: 3 cycle stall on branch instruction [1108]
[    9.5563] microVU1: 3 cycle stall on branch instruction [1130]
[    9.5569] microVU1: 3 cycle stall on branch instruction [1108]
[    9.5570] microVU1: 3 cycle stall on branch instruction [1130]
[    9.5570] microVU1: 3 cycle stall on branch instruction [09e8]
[    9.5571] microVU1: 3 cycle stall on branch instruction [0a70]
[    9.5574] microVU1: 3 cycle stall on branch instruction [09e8]
[    9.5574] microVU1: 3 cycle stall on branch instruction [0a70]
[    9.5576] microVU1: 3 cycle stall on branch instruction [09e8]
[    9.5576] microVU1: 3 cycle stall on branch instruction [0a70]
[    9.5578] microVU1: 3 cycle stall on branch instruction [1108]
[    9.5578] microVU1: 3 cycle stall on branch instruction [1130]
[    9.5579] microVU1: 3 cycle stall on branch instruction [09e8]
[    9.5579] microVU1: 3 cycle stall on branch instruction [0a70]
[    9.5581] microVU1: 3 cycle stall on branch instruction [09e8]
[    9.5581] microVU1: 3 cycle stall on branch instruction [0a70]
[    9.5583] microVU1: 3 cycle stall on branch instruction [1108]
[    9.5583] microVU1: 3 cycle stall on branch instruction [1130]
[    9.5584] microVU1: 3 cycle stall on branch instruction [09e8]
[    9.5584] microVU1: 3 cycle stall on branch instruction [0a70]
[    9.5586] microVU1: 3 cycle stall on branch instruction [09e8]
[    9.5586] microVU1: 3 cycle stall on branch instruction [0a70]
[    9.5587] microVU1: 3 cycle stall on branch instruction [09e8]
[    9.5588] microVU1: 3 cycle stall on branch instruction [0a70]
[    9.5589] microVU1: 3 cycle stall on branch instruction [09e8]
[    9.5590] microVU1: 3 cycle stall on branch instruction [0a70]
[    9.5592] microVU1: 3 cycle stall on branch instruction [09e8]
[    9.5592] microVU1: 3 cycle stall on branch instruction [0a70]
[    9.5593] microVU1: 3 cycle stall on branch instruction [09e8]
[    9.5594] microVU1: 3 cycle stall on branch instruction [0a70]
[    9.5595] microVU1: 3 cycle stall on branch instruction [09e8]
[    9.5595] microVU1: 3 cycle stall on branch instruction [0a70]
[    9.5597] microVU1: 3 cycle stall on branch instruction [09e8]
[    9.5597] microVU1: 3 cycle stall on branch instruction [0a70]
[    9.5599] microVU1: 3 cycle stall on branch instruction [09e8]
[    9.5599] microVU1: 3 cycle stall on branch instruction [0a70]
[    9.5600] microVU1: 3 cycle stall on branch instruction [09e8]
[    9.5601] microVU1: 3 cycle stall on branch instruction [0a70]
[    9.5602] microVU1: 3 cycle stall on branch instruction [07f0]
[    9.5603] microVU1: Cached Prog = [006] [PC=1188] [List=01] (Cache=3.688%) [2.2mb]
[    9.5604] microVU1: 2 cycle stall on branch instruction [07c8]
[    9.5606] microVU1: 3 cycle stall on branch instruction [1108]
[    9.5606] microVU1: 3 cycle stall on branch instruction [1130]
[    9.5609] microVU1: 3 cycle stall on branch instruction [1108]
[    9.5609] microVU1: 3 cycle stall on branch instruction [1130]
[    9.5610] microVU1: 3 cycle stall on branch instruction [1108]
[    9.5610] microVU1: 3 cycle stall on branch instruction [1130]
[    9.5614] microVU1: 3 cycle stall on branch instruction [1108]
[    9.5614] microVU1: 3 cycle stall on branch instruction [1130]
[    9.5616] microVU1: 3 cycle stall on branch instruction [1108]
[    9.5616] microVU1: 3 cycle stall on branch instruction [1130]
[    9.5617] microVU1: 3 cycle stall on branch instruction [1108]
[    9.5618] microVU1: 3 cycle stall on branch instruction [1130]
[    9.5619] microVU1: 3 cycle stall on branch instruction [1108]
[    9.5619] microVU1: 3 cycle stall on branch instruction [1130]
[    9.5620] microVU1: 3 cycle stall on branch instruction [09e8]
[    9.5620] microVU1: 3 cycle stall on branch instruction [0a70]
[    9.5621] microVU1: 3 cycle stall on branch instruction [1108]
[    9.5621] microVU1: 3 cycle stall on branch instruction [1130]
[    9.5624] microVU1: 3 cycle stall on branch instruction [1108]
[    9.5624] microVU1: 3 cycle stall on branch instruction [1130]
[    9.5625] microVU1: 3 cycle stall on branch instruction [1108]
[    9.5625] microVU1: 3 cycle stall on branch instruction [1130]
[    9.5631] microVU1: 3 cycle stall on branch instruction [1108]
[    9.5631] microVU1: 3 cycle stall on branch instruction [1130]
[    9.5633] microVU1: 3 cycle stall on branch instruction [1108]
[    9.5634] microVU1: 3 cycle stall on branch instruction [1130]
[    9.5635] microVU1: 3 cycle stall on branch instruction [1108]
[    9.5635] microVU1: 3 cycle stall on branch instruction [1130]
[    9.5641] microVU1: 3 cycle stall on branch instruction [1108]
[    9.5641] microVU1: 3 cycle stall on branch instruction [1130]
[    9.5643] microVU1: 3 cycle stall on branch instruction [09e8]
[    9.5643] microVU1: 3 cycle stall on branch instruction [0a70]
[    9.5646] microVU1: 3 cycle stall on branch instruction [09e8]
[    9.5646] microVU1: 3 cycle stall on branch instruction [0a70]
[    9.5648] microVU1: 3 cycle stall on branch instruction [09e8]
[    9.5648] microVU1: 3 cycle stall on branch instruction [0a70]
[    9.5650] microVU1: 3 cycle stall on branch instruction [1108]
[    9.5650] microVU1: 3 cycle stall on branch instruction [1130]
[    9.5651] microVU1: 3 cycle stall on branch instruction [09e8]
[    9.5651] microVU1: 3 cycle stall on branch instruction [0a70]
[    9.5654] microVU1: 3 cycle stall on branch instruction [09e8]
[    9.5654] microVU1: 3 cycle stall on branch instruction [0a70]
[    9.5656] microVU1: 3 cycle stall on branch instruction [1108]
[    9.5656] microVU1: 3 cycle stall on branch instruction [1130]
[    9.5657] microVU1: 3 cycle stall on branch instruction [09e8]
[    9.5657] microVU1: 3 cycle stall on branch instruction [0a70]
[    9.5659] microVU1: 3 cycle stall on branch instruction [09e8]
[    9.5659] microVU1: 3 cycle stall on branch instruction [0a70]
[    9.5661] microVU1: 3 cycle stall on branch instruction [09e8]
[    9.5661] microVU1: 3 cycle stall on branch instruction [0a70]
[    9.5663] microVU1: 3 cycle stall on branch instruction [09e8]
[    9.5663] microVU1: 3 cycle stall on branch instruction [0a70]
[    9.5665] microVU1: 3 cycle stall on branch instruction [09e8]
[    9.5666] microVU1: 3 cycle stall on branch instruction [0a70]
[    9.5667] microVU1: 3 cycle stall on branch instruction [09e8]
[    9.5667] microVU1: 3 cycle stall on branch instruction [0a70]
[    9.5669] microVU1: 3 cycle stall on branch instruction [09e8]
[    9.5669] microVU1: 3 cycle stall on branch instruction [0a70]
[    9.5670] microVU1: 3 cycle stall on branch instruction [09e8]
[    9.5671] microVU1: 3 cycle stall on branch instruction [0a70]
[    9.5672] microVU1: 3 cycle stall on branch instruction [09e8]
[    9.5672] microVU1: 3 cycle stall on branch instruction [0a70]
[    9.5674] microVU1: 3 cycle stall on branch instruction [09e8]
[    9.5674] microVU1: 3 cycle stall on branch instruction [0a70]
[    9.5676] microVU1: 3 cycle stall on branch instruction [07f0]
[    9.6647] microVU1: Cached Prog = [007] [PC=0700] [List=01] (Cache=4.490%) [2.7mb]
[    9.6657] microVU1: Cached Prog = [008] [PC=3560] [List=01] (Cache=4.583%) [2.8mb]
[    9.6661] microVU1: Cached Prog = [009] [PC=3940] [List=01] (Cache=4.635%) [2.8mb]
[    9.9598] microVU1: Cached Prog = [010] [PC=3c50] [List=01] (Cache=4.687%) [2.9mb]
[    9.9600] microVU1: Cached Prog = [011] [PC=3fb0] [List=01] (Cache=4.703%) [2.9mb]
[   23.7194] LOG: NIGHTCAMERA phase=0 offset=750 positionX=00000000 positionY=4028b437 positionZ=c2a19b64 lookX=00000000 lookY=3f9a5e32 lookZ=c2949b64 sceneGeneration=1 mask=0
[   23.7200] LOG: NIGHTCONTEXT phase=0 offset=750 scene=0 night=1 video=1 display=1 depth=2 width=448 height=448 refreshMilliHz=60000 requested=1 dtBits=3c888889 clockBits=00000000 rasterWidth=448 rasterHeight=448 scaleX=1 scaleY=1 ilChoice=0 ilProbing=0 ilBlock=0 ilFrame=58 ilAccepted=0 ilPipelined=1 frameYield=0
[   23.7404] LOG: NIGHTCORONAGATES phase=0 offset=750 selected=1 enabled=0 coldPackets=1 eligible=1 requested=0 fallback=0 sourceVertices=12 requestedVertices=0 fogOn=1 shaderLit=1 invalid=0 acceptedOutputKnown=0
[   23.7413] LOG: NIGHTGATES phase=0 offset=750 first=750 frames=1 mask=0 attempted1=8 executed1=8 skipped1=0 submitted1=8 attempted2=4 executed2=4 skipped2=0 submitted2=5 attempted4=3 executed4=3 skipped4=0 submitted4=5 attempted8=4 executed8=4 skipped8=0 submitted8=1 attempted16=2 executed16=2 skipped16=0 submitted16=1 attempted32=0 executed32=0 skipped32=0 submitted32=0 attempted64=0 executed64=0 skipped64=0 submitted64=0
[   23.7417] LOG: NIGHTEXTRAGATES phase=0 offset=750 first=750 frames=1 extraMask=0 attempted1=1 executed1=1 skipped1=0 submitted1=1 attempted2=1 executed2=1 skipped2=0 submitted2=2 attempted4=2 executed4=2 skipped4=0 submitted4=2
[   23.7421] LOG: NIGHTWILDGATES phase=0 offset=750 first=750 frames=1 variant=0 enabled=0 planeInvocations=0 planeEligible=0 planeApplied=0 planeFallback=0 planeBoundary=0 planeNonfinite=0 planeColdCompared=0 planeColdMismatches=0 planeInputUnits=0 planeOutputUnits=0 planeInvalid=0 coneInvocations=0 coneEligible=0 coneApplied=0 coneFallback=0 coneBoundary=0 coneNonfinite=0 coneColdCompared=0 coneColdMismatches=0 coneInputUnits=0 coneOutputUnits=0 coneInvalid=0
[   23.7424] LOG: NIGHTTABLEGATES phase=0 offset=750 first=750 frames=1 selected=1 enabled=1 invocations=19 eligible=9 applied=9 fallback=10 sourceVertices=753 admittedVertices=618 baselineColorQwords=753 tableColorQwords=18 coldCompared=9 coldMismatches=0 invalid=0
[   31.4267] LOG: NIGHTCAMERA phase=0 offset=1155 positionX=00000000 positionY=4028b437 positionZ=c2a19b64 lookX=00000000 lookY=3f9a5e32 lookZ=c2949b64 sceneGeneration=1 mask=0
[   31.4271] LOG: NIGHTCONTEXT phase=0 offset=1155 scene=0 night=1 video=1 display=1 depth=2 width=448 height=448 refreshMilliHz=60000 requested=1 dtBits=3c888889 clockBits=00000000 rasterWidth=448 rasterHeight=448 scaleX=1 scaleY=1 ilChoice=0 ilProbing=0 ilBlock=0 ilFrame=13 ilAccepted=0 ilPipelined=1 frameYield=0
[   31.4465] LOG: NIGHTCORONAGATES phase=0 offset=1155 selected=1 enabled=0 coldPackets=1 eligible=1 requested=0 fallback=0 sourceVertices=12 requestedVertices=0 fogOn=1 shaderLit=1 invalid=0 acceptedOutputKnown=0
[   31.4473] LOG: NIGHTGATES phase=0 offset=1155 first=1155 frames=1 mask=0 attempted1=8 executed1=8 skipped1=0 submitted1=8 attempted2=4 executed2=4 skipped2=0 submitted2=5 attempted4=3 executed4=3 skipped4=0 submitted4=5 attempted8=4 executed8=4 skipped8=0 submitted8=1 attempted16=2 executed16=2 skipped16=0 submitted16=1 attempted32=0 executed32=0 skipped32=0 submitted32=0 attempted64=0 executed64=0 skipped64=0 submitted64=0
[   31.4477] LOG: NIGHTEXTRAGATES phase=0 offset=1155 first=1155 frames=1 extraMask=0 attempted1=1 executed1=1 skipped1=0 submitted1=1 attempted2=1 executed2=1 skipped2=0 submitted2=2 attempted4=2 executed4=2 skipped4=0 submitted4=2
[   31.4479] LOG: NIGHTWILDGATES phase=0 offset=1155 first=1155 frames=1 variant=0 enabled=0 planeInvocations=0 planeEligible=0 planeApplied=0 planeFallback=0 planeBoundary=0 planeNonfinite=0 planeColdCompared=0 planeColdMismatches=0 planeInputUnits=0 planeOutputUnits=0 planeInvalid=0 coneInvocations=0 coneEligible=0 coneApplied=0 coneFallback=0 coneBoundary=0 coneNonfinite=0 coneColdCompared=0 coneColdMismatches=0 coneInputUnits=0 coneOutputUnits=0 coneInvalid=0
[   31.4482] LOG: NIGHTTABLEGATES phase=0 offset=1155 first=1155 frames=1 selected=1 enabled=1 invocations=19 eligible=9 applied=9 fallback=10 sourceVertices=753 admittedVertices=618 baselineColorQwords=753 tableColorQwords=18 coldCompared=9 coldMismatches=0 invalid=0
[   43.5054] LOG: NIGHTCORONAPHASE phase=1 first=1800 selected=1 enabled=1
[   43.5057] LOG: NIGHTPHASE phase=1 first=1800 mask=0 appliedMask=0 sampler=1 countReads=262 samplePtr=0052d488
[   43.5059] LOG: NIGHTEXTRAPHASE phase=1 first=1800 extraMask=0 appliedExtraMask=0
[   43.5062] LOG: NIGHTWILDPHASE phase=1 first=1800 variant=0 enabled=0 appliedVariant=0 appliedEnabled=0
[   43.5064] LOG: NIGHTTABLEPHASE phase=1 first=1800 selected=1 enabled=1 appliedSelected=1 appliedEnabled=1
[   57.8363] LOG: NIGHTCAMERA phase=1 offset=750 positionX=00000000 positionY=4028b437 positionZ=c2a19b64 lookX=00000000 lookY=3f9a5e32 lookZ=c2949b64 sceneGeneration=1 mask=0
[   57.8368] LOG: NIGHTCONTEXT phase=1 offset=750 scene=0 night=1 video=1 display=1 depth=2 width=448 height=448 refreshMilliHz=60000 requested=1 dtBits=3c888889 clockBits=00000000 rasterWidth=448 rasterHeight=448 scaleX=1 scaleY=1 ilChoice=0 ilProbing=0 ilBlock=0 ilFrame=58 ilAccepted=0 ilPipelined=1 frameYield=0
[   57.8550] LOG: NIGHTCORONAGATES phase=1 offset=750 selected=1 enabled=1 coldPackets=1 eligible=1 requested=1 fallback=0 sourceVertices=12 requestedVertices=12 fogOn=1 shaderLit=1 invalid=0 acceptedOutputKnown=0
[   57.8557] LOG: NIGHTGATES phase=1 offset=750 first=750 frames=1 mask=0 attempted1=8 executed1=8 skipped1=0 submitted1=8 attempted2=4 executed2=4 skipped2=0 submitted2=5 attempted4=3 executed4=3 skipped4=0 submitted4=5 attempted8=4 executed8=4 skipped8=0 submitted8=1 attempted16=2 executed16=2 skipped16=0 submitted16=1 attempted32=0 executed32=0 skipped32=0 submitted32=0 attempted64=0 executed64=0 skipped64=0 submitted64=0
[   57.8560] LOG: NIGHTEXTRAGATES phase=1 offset=750 first=750 frames=1 extraMask=0 attempted1=1 executed1=1 skipped1=0 submitted1=1 attempted2=1 executed2=1 skipped2=0 submitted2=2 attempted4=2 executed4=2 skipped4=0 submitted4=2
[   57.8564] LOG: NIGHTWILDGATES phase=1 offset=750 first=750 frames=1 variant=0 enabled=0 planeInvocations=0 planeEligible=0 planeApplied=0 planeFallback=0 planeBoundary=0 planeNonfinite=0 planeColdCompared=0 planeColdMismatches=0 planeInputUnits=0 planeOutputUnits=0 planeInvalid=0 coneInvocations=0 coneEligible=0 coneApplied=0 coneFallback=0 coneBoundary=0 coneNonfinite=0 coneColdCompared=0 coneColdMismatches=0 coneInputUnits=0 coneOutputUnits=0 coneInvalid=0
[   57.8566] LOG: NIGHTTABLEGATES phase=1 offset=750 first=750 frames=1 selected=1 enabled=1 invocations=19 eligible=9 applied=9 fallback=10 sourceVertices=753 admittedVertices=618 baselineColorQwords=753 tableColorQwords=18 coldCompared=9 coldMismatches=0 invalid=0
[   65.6636] LOG: NIGHTCAMERA phase=1 offset=1155 positionX=00000000 positionY=4028b437 positionZ=c2a19b64 lookX=00000000 lookY=3f9a5e32 lookZ=c2949b64 sceneGeneration=1 mask=0
[   65.6640] LOG: NIGHTCONTEXT phase=1 offset=1155 scene=0 night=1 video=1 display=1 depth=2 width=448 height=448 refreshMilliHz=60000 requested=1 dtBits=3c888889 clockBits=00000000 rasterWidth=448 rasterHeight=448 scaleX=1 scaleY=1 ilChoice=0 ilProbing=0 ilBlock=0 ilFrame=13 ilAccepted=0 ilPipelined=1 frameYield=0
[   65.6813] LOG: NIGHTCORONAGATES phase=1 offset=1155 selected=1 enabled=1 coldPackets=1 eligible=1 requested=1 fallback=0 sourceVertices=12 requestedVertices=12 fogOn=1 shaderLit=1 invalid=0 acceptedOutputKnown=0
[   65.6817] LOG: NIGHTGATES phase=1 offset=1155 first=1155 frames=1 mask=0 attempted1=8 executed1=8 skipped1=0 submitted1=8 attempted2=4 executed2=4 skipped2=0 submitted2=5 attempted4=3 executed4=3 skipped4=0 submitted4=5 attempted8=4 executed8=4 skipped8=0 submitted8=1 attempted16=2 executed16=2 skipped16=0 submitted16=1 attempted32=0 executed32=0 skipped32=0 submitted32=0 attempted64=0 executed64=0 skipped64=0 submitted64=0
[   65.6823] LOG: NIGHTEXTRAGATES phase=1 offset=1155 first=1155 frames=1 extraMask=0 attempted1=1 executed1=1 skipped1=0 submitted1=1 attempted2=1 executed2=1 skipped2=0 submitted2=2 attempted4=2 executed4=2 skipped4=0 submitted4=2
[   65.6825] LOG: NIGHTWILDGATES phase=1 offset=1155 first=1155 frames=1 variant=0 enabled=0 planeInvocations=0 planeEligible=0 planeApplied=0 planeFallback=0 planeBoundary=0 planeNonfinite=0 planeColdCompared=0 planeColdMismatches=0 planeInputUnits=0 planeOutputUnits=0 planeInvalid=0 coneInvocations=0 coneEligible=0 coneApplied=0 coneFallback=0 coneBoundary=0 coneNonfinite=0 coneColdCompared=0 coneColdMismatches=0 coneInputUnits=0 coneOutputUnits=0 coneInvalid=0
[   65.6826] LOG: NIGHTTABLEGATES phase=1 offset=1155 first=1155 frames=1 selected=1 enabled=1 invocations=19 eligible=9 applied=9 fallback=10 sourceVertices=753 admittedVertices=618 baselineColorQwords=753 tableColorQwords=18 coldCompared=9 coldMismatches=0 invalid=0
[   78.6378] LOG: NIGHTCORONAPHASE phase=2 first=3600 selected=1 enabled=0
[   78.6381] LOG: NIGHTPHASE phase=2 first=3600 mask=0 appliedMask=0 sampler=1 countReads=262 samplePtr=0052d488
[   78.6383] LOG: NIGHTEXTRAPHASE phase=2 first=3600 extraMask=0 appliedExtraMask=0
[   78.6386] LOG: NIGHTWILDPHASE phase=2 first=3600 variant=0 enabled=0 appliedVariant=0 appliedEnabled=0
[   78.6387] LOG: NIGHTTABLEPHASE phase=2 first=3600 selected=1 enabled=1 appliedSelected=1 appliedEnabled=1
[   93.5421] LOG: NIGHTCAMERA phase=2 offset=750 positionX=00000000 positionY=4028b437 positionZ=c2a19b64 lookX=00000000 lookY=3f9a5e32 lookZ=c2949b64 sceneGeneration=1 mask=0
[   93.5425] LOG: NIGHTCONTEXT phase=2 offset=750 scene=0 night=1 video=1 display=1 depth=2 width=448 height=448 refreshMilliHz=60000 requested=1 dtBits=3c888889 clockBits=00000000 rasterWidth=448 rasterHeight=448 scaleX=1 scaleY=1 ilChoice=0 ilProbing=0 ilBlock=0 ilFrame=58 ilAccepted=0 ilPipelined=1 frameYield=0
[   93.5611] LOG: NIGHTCORONAGATES phase=2 offset=750 selected=1 enabled=0 coldPackets=1 eligible=1 requested=0 fallback=0 sourceVertices=12 requestedVertices=0 fogOn=1 shaderLit=1 invalid=0 acceptedOutputKnown=0
[   93.5616] LOG: NIGHTGATES phase=2 offset=750 first=750 frames=1 mask=0 attempted1=8 executed1=8 skipped1=0 submitted1=8 attempted2=4 executed2=4 skipped2=0 submitted2=5 attempted4=3 executed4=3 skipped4=0 submitted4=5 attempted8=4 executed8=4 skipped8=0 submitted8=1 attempted16=2 executed16=2 skipped16=0 submitted16=1 attempted32=0 executed32=0 skipped32=0 submitted32=0 attempted64=0 executed64=0 skipped64=0 submitted64=0
[   93.5619] LOG: NIGHTEXTRAGATES phase=2 offset=750 first=750 frames=1 extraMask=0 attempted1=1 executed1=1 skipped1=0 submitted1=1 attempted2=1 executed2=1 skipped2=0 submitted2=2 attempted4=2 executed4=2 skipped4=0 submitted4=2
[   93.5622] LOG: NIGHTWILDGATES phase=2 offset=750 first=750 frames=1 variant=0 enabled=0 planeInvocations=0 planeEligible=0 planeApplied=0 planeFallback=0 planeBoundary=0 planeNonfinite=0 planeColdCompared=0 planeColdMismatches=0 planeInputUnits=0 planeOutputUnits=0 planeInvalid=0 coneInvocations=0 coneEligible=0 coneApplied=0 coneFallback=0 coneBoundary=0 coneNonfinite=0 coneColdCompared=0 coneColdMismatches=0 coneInputUnits=0 coneOutputUnits=0 coneInvalid=0
[   93.5624] LOG: NIGHTTABLEGATES phase=2 offset=750 first=750 frames=1 selected=1 enabled=1 invocations=19 eligible=9 applied=9 fallback=10 sourceVertices=753 admittedVertices=618 baselineColorQwords=753 tableColorQwords=18 coldCompared=9 coldMismatches=0 invalid=0
[  101.1784] LOG: NIGHTCAMERA phase=2 offset=1155 positionX=00000000 positionY=4028b437 positionZ=c2a19b64 lookX=00000000 lookY=3f9a5e32 lookZ=c2949b64 sceneGeneration=1 mask=0
[  101.1788] LOG: NIGHTCONTEXT phase=2 offset=1155 scene=0 night=1 video=1 display=1 depth=2 width=448 height=448 refreshMilliHz=60000 requested=1 dtBits=3c888889 clockBits=00000000 rasterWidth=448 rasterHeight=448 scaleX=1 scaleY=1 ilChoice=0 ilProbing=0 ilBlock=0 ilFrame=13 ilAccepted=0 ilPipelined=1 frameYield=0
[  101.1981] LOG: NIGHTCORONAGATES phase=2 offset=1155 selected=1 enabled=0 coldPackets=1 eligible=1 requested=0 fallback=0 sourceVertices=12 requestedVertices=0 fogOn=1 shaderLit=1 invalid=0 acceptedOutputKnown=0
[  101.1987] LOG: NIGHTGATES phase=2 offset=1155 first=1155 frames=1 mask=0 attempted1=8 executed1=8 skipped1=0 submitted1=8 attempted2=4 executed2=4 skipped2=0 submitted2=5 attempted4=3 executed4=3 skipped4=0 submitted4=5 attempted8=4 executed8=4 skipped8=0 submitted8=1 attempted16=2 executed16=2 skipped16=0 submitted16=1 attempted32=0 executed32=0 skipped32=0 submitted32=0 attempted64=0 executed64=0 skipped64=0 submitted64=0
[  101.1989] LOG: NIGHTEXTRAGATES phase=2 offset=1155 first=1155 frames=1 extraMask=0 attempted1=1 executed1=1 skipped1=0 submitted1=1 attempted2=1 executed2=1 skipped2=0 submitted2=2 attempted4=2 executed4=2 skipped4=0 submitted4=2
[  101.1992] LOG: NIGHTWILDGATES phase=2 offset=1155 first=1155 frames=1 variant=0 enabled=0 planeInvocations=0 planeEligible=0 planeApplied=0 planeFallback=0 planeBoundary=0 planeNonfinite=0 planeColdCompared=0 planeColdMismatches=0 planeInputUnits=0 planeOutputUnits=0 planeInvalid=0 coneInvocations=0 coneEligible=0 coneApplied=0 coneFallback=0 coneBoundary=0 coneNonfinite=0 coneColdCompared=0 coneColdMismatches=0 coneInputUnits=0 coneOutputUnits=0 coneInvalid=0
[  101.1994] LOG: NIGHTTABLEGATES phase=2 offset=1155 first=1155 frames=1 selected=1 enabled=1 invocations=19 eligible=9 applied=9 fallback=10 sourceVertices=753 admittedVertices=618 baselineColorQwords=753 tableColorQwords=18 coldCompared=9 coldMismatches=0 invalid=0
[  113.2539] LOG: NIGHTDONE order=0 valid=1 loops=5400
